[2026-02-05T19:17:46.098+0000][0.060s][info][gc] Using G1
[2026-02-05T19:17:46.101+0000][0.063s][info][gc,init] Version: 17.0.12+7-Debian-2deb12u1 (release)
[2026-02-05T19:17:46.102+0000][0.063s][info][gc,init] CPUs: 12 total, 12 available
[2026-02-05T19:17:46.102+0000][0.064s][info][gc,init] Memory: 15925M
[2026-02-05T19:17:46.102+0000][0.064s][info][gc,init] Large Page Support: Disabled
[2026-02-05T19:17:46.102+0000][0.064s][info][gc,init] NUMA Support: Disabled
[2026-02-05T19:17:46.102+0000][0.064s][info][gc,init] Compressed Oops: Enabled (Zero based)
[2026-02-05T19:17:46.102+0000][0.064s][info][gc,init] Heap Region Size: 2M
[2026-02-05T19:17:46.103+0000][0.065s][info][gc,init] Heap Min Capacity: 8M
[2026-02-05T19:17:46.103+0000][0.065s][info][gc,init] Heap Initial Capacity: 250M
[2026-02-05T19:17:46.105+0000][0.067s][info][gc,init] Heap Max Capacity: 3982M
[2026-02-05T19:17:46.105+0000][0.067s][info][gc,init] Pre-touch: Disabled
[2026-02-05T19:17:46.105+0000][0.067s][info][gc,init] Parallel Workers: 10
[2026-02-05T19:17:46.106+0000][0.067s][info][gc,init] Concurrent Workers: 3
[2026-02-05T19:17:46.106+0000][0.068s][info][gc,init] Concurrent Refinement Workers: 10
[2026-02-05T19:17:46.106+0000][0.068s][info][gc,init] Periodic GC: Disabled
[2026-02-05T19:17:46.113+0000][0.075s][info][gc,metaspace] CDS archive(s) mapped at: [0x00007fcba3000000-0x00007fcba3bc4000-0x00007fcba3bc4000), size 12337152, SharedBaseAddress: 0x00007fcba3000000, ArchiveRelocationMode: 1.
[2026-02-05T19:17:46.113+0000][0.075s][info][gc,metaspace] Compressed class space mapped at: 0x00007fcba4000000-0x00007fcbe4000000, reserved size: 1073741824
[2026-02-05T19:17:46.113+0000][0.075s][info][gc,metaspace] Narrow klass base: 0x00007fcba3000000, Narrow klass shift: 0, Narrow klass range: 0x100000000
[2026-02-05T19:17:46.120+0000][0.082s][info][cds,heap    ] initialize_from_archived_subgraph java.lang.Module$ArchivedData 0x00007fcba3184780 (early)
[2026-02-05T19:17:46.120+0000][0.082s][info][cds,heap    ] initialize_from_archived_subgraph java.util.ImmutableCollections 0x00007fcba30722d8 (early)
[2026-02-05T19:17:46.123+0000][0.085s][info][cds,heap    ] initialize_from_archived_subgraph java.lang.Integer$IntegerCache 0x00007fcba3037660 (early)
[2026-02-05T19:17:46.128+0000][0.090s][info][cds,heap    ] initialize_from_archived_subgraph java.lang.module.Configuration 0x00007fcba3172700 (early)
[2026-02-05T19:17:46.129+0000][0.091s][info][cds,heap    ] initialize_from_archived_subgraph java.lang.ModuleLayer 0x00007fcba3146b38 (early)
[2026-02-05T19:17:46.130+0000][0.092s][info][cds,heap    ] initialize_from_archived_subgraph jdk.internal.loader.ArchivedClassLoaders 0x00007fcba31adb70 (early)
[2026-02-05T19:17:46.130+0000][0.092s][info][cds,heap    ] initialize_from_archived_subgraph jdk.internal.module.ArchivedBootLayer 0x00007fcba3179340 (early)
[2026-02-05T19:17:46.132+0000][0.094s][info][cds,heap    ] initialize_from_archived_subgraph sun.util.locale.BaseLocale 0x00007fcba326d048
[2026-02-05T19:17:46.141+0000][0.103s][info][cds,heap    ] initialize_from_archived_subgraph java.util.jar.Attributes$Name 0x00007fcba319f5e8
[2026-02-05T19:17:46.169+0000][0.131s][info][cds,heap    ] initialize_from_archived_subgraph java.lang.Long$LongCache 0x00007fcba3020f98
[2026-02-05T19:17:46.245+0000][0.207s][info][cds,heap    ] initialize_from_archived_subgraph java.lang.Character$CharacterCache 0x00007fcba303a9e8
[2026-02-05T19:17:46.679+0000][0.640s][debug][safepoint   ] Safepoint synchronization initiated using futex wait barrier. (14 threads)
[2026-02-05T19:17:46.679+0000][0.641s][info ][safepoint   ] Safepoint "ICBufferFull", Time since last: 559481487 ns, Reaching safepoint: 303113 ns, Cleanup: 94104 ns, At safepoint: 29701 ns, Total: 426918 ns
[2026-02-05T19:17:46.751+0000][0.713s][debug][safepoint   ] Safepoint synchronization initiated using futex wait barrier. (14 threads)
[2026-02-05T19:17:46.751+0000][0.713s][info ][gc,start    ] GC(0) Pause Young (Normal) (G1 Evacuation Pause)
[2026-02-05T19:17:46.753+0000][0.715s][info ][gc,task     ] GC(0) Using 6 workers of 10 for evacuation
[2026-02-05T19:17:46.759+0000][0.721s][info ][gc,phases   ] GC(0)   Pre Evacuate Collection Set: 0.1ms
[2026-02-05T19:17:46.760+0000][0.722s][info ][gc,phases   ] GC(0)   Merge Heap Roots: 0.2ms
[2026-02-05T19:17:46.760+0000][0.722s][info ][gc,phases   ] GC(0)   Evacuate Collection Set: 4.0ms
[2026-02-05T19:17:46.760+0000][0.722s][info ][gc,phases   ] GC(0)   Post Evacuate Collection Set: 1.6ms
[2026-02-05T19:17:46.760+0000][0.722s][info ][gc,phases   ] GC(0)   Other: 2.0ms
[2026-02-05T19:17:46.761+0000][0.723s][info ][gc,heap     ] GC(0) Eden regions: 31->0(52)
[2026-02-05T19:17:46.761+0000][0.723s][info ][gc,heap     ] GC(0) Survivor regions: 0->4(4)
[2026-02-05T19:17:46.761+0000][0.723s][info ][gc,heap     ] GC(0) Old regions: 0->1
[2026-02-05T19:17:46.761+0000][0.723s][info ][gc,heap     ] GC(0) Archive regions: 2->2
[2026-02-05T19:17:46.762+0000][0.724s][info ][gc,heap     ] GC(0) Humongous regions: 0->0
[2026-02-05T19:17:46.762+0000][0.724s][info ][gc,metaspace] GC(0) Metaspace: 2538K(2752K)->2538K(2752K) NonClass: 2298K(2432K)->2298K(2432K) Class: 239K(320K)->239K(320K)
[2026-02-05T19:17:46.762+0000][0.724s][info ][gc          ] GC(0) Pause Young (Normal) (G1 Evacuation Pause) 63M->10M(254M) 10.890ms
[2026-02-05T19:17:46.762+0000][0.724s][info ][gc,cpu      ] GC(0) User=0.03s Sys=0.01s Real=0.00s
[2026-02-05T19:17:46.763+0000][0.725s][info ][safepoint   ] Safepoint "G1CollectForAllocation", Time since last: 71651208 ns, Reaching safepoint: 381216 ns, Cleanup: 28101 ns, At safepoint: 11605187 ns, Total: 12014504 ns
[2026-02-05T19:17:47.694+0000][1.658s][debug][safepoint   ] Safepoint synchronization initiated using futex wait barrier. (15 threads)
[2026-02-05T19:17:47.695+0000][1.659s][info ][safepoint   ] Safepoint "ICBufferFull", Time since last: 933785700 ns, Reaching safepoint: 245810 ns, Cleanup: 172207 ns, At safepoint: 56002 ns, Total: 474019 ns
[2026-02-05T19:17:47.786+0000][1.750s][debug][safepoint   ] Safepoint synchronization initiated using futex wait barrier. (15 threads)
[2026-02-05T19:17:47.786+0000][1.750s][info ][gc,start    ] GC(1) Pause Young (Normal) (G1 Evacuation Pause)
[2026-02-05T19:17:47.786+0000][1.750s][info ][gc,task     ] GC(1) Using 6 workers of 10 for evacuation
[2026-02-05T19:17:47.794+0000][1.758s][info ][gc,phases   ] GC(1)   Pre Evacuate Collection Set: 0.2ms
[2026-02-05T19:17:47.795+0000][1.758s][info ][gc,phases   ] GC(1)   Merge Heap Roots: 0.1ms
[2026-02-05T19:17:47.795+0000][1.759s][info ][gc,phases   ] GC(1)   Evacuate Collection Set: 5.3ms
[2026-02-05T19:17:47.795+0000][1.759s][info ][gc,phases   ] GC(1)   Post Evacuate Collection Set: 1.8ms
[2026-02-05T19:17:47.795+0000][1.759s][info ][gc,phases   ] GC(1)   Other: 0.5ms
[2026-02-05T19:17:47.795+0000][1.759s][info ][gc,heap     ] GC(1) Eden regions: 52->0(73)
[2026-02-05T19:17:47.796+0000][1.760s][info ][gc,heap     ] GC(1) Survivor regions: 4->2(7)
[2026-02-05T19:17:47.796+0000][1.760s][info ][gc,heap     ] GC(1) Old regions: 1->5
[2026-02-05T19:17:47.796+0000][1.760s][info ][gc,heap     ] GC(1) Archive regions: 2->2
[2026-02-05T19:17:47.796+0000][1.760s][info ][gc,heap     ] GC(1) Humongous regions: 0->0
[2026-02-05T19:17:47.796+0000][1.760s][info ][gc,metaspace] GC(1) Metaspace: 6811K(7104K)->6811K(7104K) NonClass: 5968K(6080K)->5968K(6080K) Class: 843K(1024K)->843K(1024K)
[2026-02-05T19:17:47.797+0000][1.761s][info ][gc          ] GC(1) Pause Young (Normal) (G1 Evacuation Pause) 114M->14M(254M) 10.349ms
[2026-02-05T19:17:47.797+0000][1.761s][info ][gc,cpu      ] GC(1) User=0.04s Sys=0.01s Real=0.01s
[2026-02-05T19:17:47.797+0000][1.761s][info ][safepoint   ] Safepoint "G1CollectForAllocation", Time since last: 91017621 ns, Reaching safepoint: 311713 ns, Cleanup: 23501 ns, At safepoint: 10826555 ns, Total: 11161769 ns
