[2026-02-05T19:20:16.293+0000][0.077s][info][gc] Using G1
[2026-02-05T19:20:16.297+0000][0.080s][info][gc,init] Version: 17.0.12+7-Debian-2deb12u1 (release)
[2026-02-05T19:20:16.297+0000][0.081s][info][gc,init] CPUs: 12 total, 12 available
[2026-02-05T19:20:16.297+0000][0.081s][info][gc,init] Memory: 15925M
[2026-02-05T19:20:16.297+0000][0.081s][info][gc,init] Large Page Support: Disabled
[2026-02-05T19:20:16.298+0000][0.081s][info][gc,init] NUMA Support: Disabled
[2026-02-05T19:20:16.298+0000][0.082s][info][gc,init] Compressed Oops: Enabled (Zero based)
[2026-02-05T19:20:16.298+0000][0.082s][info][gc,init] Heap Region Size: 2M
[2026-02-05T19:20:16.299+0000][0.083s][info][gc,init] Heap Min Capacity: 8M
[2026-02-05T19:20:16.299+0000][0.083s][info][gc,init] Heap Initial Capacity: 250M
[2026-02-05T19:20:16.299+0000][0.083s][info][gc,init] Heap Max Capacity: 3982M
[2026-02-05T19:20:16.299+0000][0.083s][info][gc,init] Pre-touch: Disabled
[2026-02-05T19:20:16.300+0000][0.083s][info][gc,init] Parallel Workers: 10
[2026-02-05T19:20:16.300+0000][0.084s][info][gc,init] Concurrent Workers: 3
[2026-02-05T19:20:16.300+0000][0.084s][info][gc,init] Concurrent Refinement Workers: 10
[2026-02-05T19:20:16.300+0000][0.084s][info][gc,init] Periodic GC: Disabled
[2026-02-05T19:20:16.312+0000][0.096s][info][gc,metaspace] CDS archive(s) mapped at: [0x0000747c27000000-0x0000747c27bc4000-0x0000747c27bc4000), size 12337152, SharedBaseAddress: 0x0000747c27000000, ArchiveRelocationMode: 1.
[2026-02-05T19:20:16.312+0000][0.096s][info][gc,metaspace] Compressed class space mapped at: 0x0000747c28000000-0x0000747c68000000, reserved size: 1073741824
[2026-02-05T19:20:16.312+0000][0.096s][info][gc,metaspace] Narrow klass base: 0x0000747c27000000, Narrow klass shift: 0, Narrow klass range: 0x100000000
[2026-02-05T19:20:16.321+0000][0.105s][info][cds,heap    ] initialize_from_archived_subgraph java.lang.Module$ArchivedData 0x0000747c27184780 (early)
[2026-02-05T19:20:16.322+0000][0.106s][info][cds,heap    ] initialize_from_archived_subgraph java.util.ImmutableCollections 0x0000747c270722d8 (early)
[2026-02-05T19:20:16.324+0000][0.108s][info][cds,heap    ] initialize_from_archived_subgraph java.lang.Integer$IntegerCache 0x0000747c27037660 (early)
[2026-02-05T19:20:16.330+0000][0.114s][info][cds,heap    ] initialize_from_archived_subgraph java.lang.module.Configuration 0x0000747c27172700 (early)
[2026-02-05T19:20:16.330+0000][0.114s][info][cds,heap    ] initialize_from_archived_subgraph java.lang.ModuleLayer 0x0000747c27146b38 (early)
[2026-02-05T19:20:16.331+0000][0.115s][info][cds,heap    ] initialize_from_archived_subgraph jdk.internal.loader.ArchivedClassLoaders 0x0000747c271adb70 (early)
[2026-02-05T19:20:16.331+0000][0.115s][info][cds,heap    ] initialize_from_archived_subgraph jdk.internal.module.ArchivedBootLayer 0x0000747c27179340 (early)
[2026-02-05T19:20:16.333+0000][0.117s][info][cds,heap    ] initialize_from_archived_subgraph sun.util.locale.BaseLocale 0x0000747c2726d048
[2026-02-05T19:20:16.343+0000][0.127s][info][cds,heap    ] initialize_from_archived_subgraph java.util.jar.Attributes$Name 0x0000747c2719f5e8
[2026-02-05T19:20:16.377+0000][0.161s][info][cds,heap    ] initialize_from_archived_subgraph java.lang.Long$LongCache 0x0000747c27020f98
[2026-02-05T19:20:16.476+0000][0.260s][info][cds,heap    ] initialize_from_archived_subgraph java.lang.Character$CharacterCache 0x0000747c2703a9e8
[2026-02-05T19:20:16.911+0000][0.697s][debug][safepoint   ] Safepoint synchronization initiated using futex wait barrier. (14 threads)
[2026-02-05T19:20:16.912+0000][0.697s][info ][safepoint   ] Safepoint "ICBufferFull", Time since last: 593213750 ns, Reaching safepoint: 352017 ns, Cleanup: 99105 ns, At safepoint: 4400 ns, Total: 455522 ns
[2026-02-05T19:20:16.969+0000][0.754s][debug][safepoint   ] Safepoint synchronization initiated using futex wait barrier. (14 threads)
[2026-02-05T19:20:16.969+0000][0.755s][info ][gc,start    ] GC(0) Pause Young (Normal) (G1 Evacuation Pause)
[2026-02-05T19:20:16.970+0000][0.756s][info ][gc,task     ] GC(0) Using 6 workers of 10 for evacuation
[2026-02-05T19:20:16.976+0000][0.762s][info ][gc,phases   ] GC(0)   Pre Evacuate Collection Set: 0.2ms
[2026-02-05T19:20:16.977+0000][0.762s][info ][gc,phases   ] GC(0)   Merge Heap Roots: 0.2ms
[2026-02-05T19:20:16.977+0000][0.762s][info ][gc,phases   ] GC(0)   Evacuate Collection Set: 3.8ms
[2026-02-05T19:20:16.977+0000][0.763s][info ][gc,phases   ] GC(0)   Post Evacuate Collection Set: 1.4ms
[2026-02-05T19:20:16.977+0000][0.763s][info ][gc,phases   ] GC(0)   Other: 1.6ms
[2026-02-05T19:20:16.977+0000][0.763s][info ][gc,heap     ] GC(0) Eden regions: 31->0(53)
[2026-02-05T19:20:16.978+0000][0.763s][info ][gc,heap     ] GC(0) Survivor regions: 0->4(4)
[2026-02-05T19:20:16.978+0000][0.764s][info ][gc,heap     ] GC(0) Old regions: 0->1
[2026-02-05T19:20:16.978+0000][0.764s][info ][gc,heap     ] GC(0) Archive regions: 2->2
[2026-02-05T19:20:16.978+0000][0.764s][info ][gc,heap     ] GC(0) Humongous regions: 0->0
[2026-02-05T19:20:16.978+0000][0.764s][info ][gc,metaspace] GC(0) Metaspace: 2507K(2752K)->2507K(2752K) NonClass: 2270K(2432K)->2270K(2432K) Class: 237K(320K)->237K(320K)
[2026-02-05T19:20:16.979+0000][0.764s][info ][gc          ] GC(0) Pause Young (Normal) (G1 Evacuation Pause) 63M->10M(254M) 9.517ms
[2026-02-05T19:20:16.979+0000][0.764s][info ][gc,cpu      ] GC(0) User=0.03s Sys=0.02s Real=0.01s
[2026-02-05T19:20:16.979+0000][0.765s][info ][safepoint   ] Safepoint "G1CollectForAllocation", Time since last: 56858913 ns, Reaching safepoint: 281114 ns, Cleanup: 14001 ns, At safepoint: 9904390 ns, Total: 10199505 ns
[2026-02-05T19:20:17.809+0000][1.595s][debug][safepoint   ] Safepoint synchronization initiated using futex wait barrier. (15 threads)
[2026-02-05T19:20:17.810+0000][1.595s][info ][safepoint   ] Safepoint "ICBufferFull", Time since last: 830414686 ns, Reaching safepoint: 247012 ns, Cleanup: 166108 ns, At safepoint: 20901 ns, Total: 434021 ns
[2026-02-05T19:20:17.824+0000][1.610s][debug][safepoint   ] Safepoint synchronization initiated using futex wait barrier. (15 threads)
[2026-02-05T19:20:17.824+0000][1.610s][info ][gc,start    ] GC(1) Pause Young (Normal) (G1 Evacuation Pause)
[2026-02-05T19:20:17.825+0000][1.610s][info ][gc,task     ] GC(1) Using 6 workers of 10 for evacuation
[2026-02-05T19:20:17.831+0000][1.617s][info ][gc,phases   ] GC(1)   Pre Evacuate Collection Set: 0.3ms
[2026-02-05T19:20:17.831+0000][1.617s][info ][gc,phases   ] GC(1)   Merge Heap Roots: 0.1ms
[2026-02-05T19:20:17.831+0000][1.617s][info ][gc,phases   ] GC(1)   Evacuate Collection Set: 4.3ms
[2026-02-05T19:20:17.832+0000][1.617s][info ][gc,phases   ] GC(1)   Post Evacuate Collection Set: 1.3ms
[2026-02-05T19:20:17.832+0000][1.618s][info ][gc,phases   ] GC(1)   Other: 0.6ms
[2026-02-05T19:20:17.832+0000][1.618s][info ][gc,heap     ] GC(1) Eden regions: 53->0(69)
[2026-02-05T19:20:17.832+0000][1.618s][info ][gc,heap     ] GC(1) Survivor regions: 4->6(8)
[2026-02-05T19:20:17.832+0000][1.618s][info ][gc,heap     ] GC(1) Old regions: 1->1
[2026-02-05T19:20:17.832+0000][1.618s][info ][gc,heap     ] GC(1) Archive regions: 2->2
[2026-02-05T19:20:17.833+0000][1.618s][info ][gc,heap     ] GC(1) Humongous regions: 0->0
[2026-02-05T19:20:17.833+0000][1.618s][info ][gc,metaspace] GC(1) Metaspace: 6963K(7232K)->6963K(7232K) NonClass: 6100K(6208K)->6100K(6208K) Class: 862K(1024K)->862K(1024K)
[2026-02-05T19:20:17.833+0000][1.619s][info ][gc          ] GC(1) Pause Young (Normal) (G1 Evacuation Pause) 116M->13M(254M) 8.373ms
[2026-02-05T19:20:17.833+0000][1.619s][info ][gc,cpu      ] GC(1) User=0.01s Sys=0.02s Real=0.00s
[2026-02-05T19:20:17.833+0000][1.619s][info ][safepoint   ] Safepoint "G1CollectForAllocation", Time since last: 14397613 ns, Reaching safepoint: 398319 ns, Cleanup: 11301 ns, At safepoint: 8742532 ns, Total: 9152152 ns
[2026-02-05T19:20:18.288+0000][2.074s][debug][safepoint   ] Safepoint synchronization initiated using futex wait barrier. (15 threads)
[2026-02-05T19:20:18.289+0000][2.074s][info ][safepoint   ] Safepoint "ICBufferFull", Time since last: 455039714 ns, Reaching safepoint: 343217 ns, Cleanup: 87304 ns, At safepoint: 2801 ns, Total: 433322 ns
[2026-02-05T19:20:18.388+0000][2.174s][debug][safepoint   ] Safepoint synchronization initiated using futex wait barrier. (15 threads)
[2026-02-05T19:20:18.388+0000][2.174s][info ][safepoint   ] Safepoint "ICBufferFull", Time since last: 99234109 ns, Reaching safepoint: 394720 ns, Cleanup: 118606 ns, At safepoint: 2800 ns, Total: 516126 ns
[2026-02-05T19:20:18.525+0000][2.311s][debug][safepoint   ] Safepoint synchronization initiated using futex wait barrier. (16 threads)
[2026-02-05T19:20:18.526+0000][2.311s][info ][gc,start    ] GC(2) Pause Young (Normal) (G1 Evacuation Pause)
[2026-02-05T19:20:18.526+0000][2.311s][info ][gc,task     ] GC(2) Using 6 workers of 10 for evacuation
[2026-02-05T19:20:18.535+0000][2.320s][info ][gc,phases   ] GC(2)   Pre Evacuate Collection Set: 0.1ms
[2026-02-05T19:20:18.535+0000][2.321s][info ][gc,phases   ] GC(2)   Merge Heap Roots: 0.2ms
[2026-02-05T19:20:18.535+0000][2.321s][info ][gc,phases   ] GC(2)   Evacuate Collection Set: 7.0ms
[2026-02-05T19:20:18.535+0000][2.321s][info ][gc,phases   ] GC(2)   Post Evacuate Collection Set: 1.3ms
[2026-02-05T19:20:18.535+0000][2.321s][info ][gc,phases   ] GC(2)   Other: 0.5ms
[2026-02-05T19:20:18.536+0000][2.321s][info ][gc,heap     ] GC(2) Eden regions: 69->0(71)
[2026-02-05T19:20:18.536+0000][2.321s][info ][gc,heap     ] GC(2) Survivor regions: 6->4(10)
[2026-02-05T19:20:18.536+0000][2.322s][info ][gc,heap     ] GC(2) Old regions: 1->5
[2026-02-05T19:20:18.536+0000][2.322s][info ][gc,heap     ] GC(2) Archive regions: 2->2
[2026-02-05T19:20:18.536+0000][2.322s][info ][gc,heap     ] GC(2) Humongous regions: 0->0
[2026-02-05T19:20:18.536+0000][2.322s][info ][gc,metaspace] GC(2) Metaspace: 12421K(12736K)->12421K(12736K) NonClass: 10818K(11008K)->10818K(11008K) Class: 1603K(1728K)->1603K(1728K)
[2026-02-05T19:20:18.536+0000][2.322s][info ][gc          ] GC(2) Pause Young (Normal) (G1 Evacuation Pause) 151M->17M(254M) 10.869ms
[2026-02-05T19:20:18.537+0000][2.322s][info ][gc,cpu      ] GC(2) User=0.05s Sys=0.01s Real=0.01s
[2026-02-05T19:20:18.537+0000][2.322s][info ][safepoint   ] Safepoint "G1CollectForAllocation", Time since last: 136605058 ns, Reaching safepoint: 472824 ns, Cleanup: 45102 ns, At safepoint: 11194554 ns, Total: 11712480 ns
[2026-02-05T19:20:19.023+0000][2.808s][info ][cds,heap    ] initialize_from_archived_subgraph java.lang.Byte$ByteCache 0x0000747c2703abf8
[2026-02-05T19:20:19.023+0000][2.809s][info ][cds,heap    ] initialize_from_archived_subgraph java.lang.Short$ShortCache 0x0000747c270412e8
[2026-02-05T19:20:19.078+0000][2.863s][debug][safepoint   ] Safepoint synchronization initiated using futex wait barrier. (15 threads)
[2026-02-05T19:20:19.078+0000][2.864s][info ][gc,start    ] GC(3) Pause Young (Normal) (G1 Evacuation Pause)
[2026-02-05T19:20:19.079+0000][2.864s][info ][gc,task     ] GC(3) Using 6 workers of 10 for evacuation
[2026-02-05T19:20:19.083+0000][2.869s][info ][gc,phases   ] GC(3)   Pre Evacuate Collection Set: 0.1ms
[2026-02-05T19:20:19.084+0000][2.869s][info ][gc,phases   ] GC(3)   Merge Heap Roots: 0.1ms
[2026-02-05T19:20:19.084+0000][2.869s][info ][gc,phases   ] GC(3)   Evacuate Collection Set: 3.2ms
[2026-02-05T19:20:19.084+0000][2.870s][info ][gc,phases   ] GC(3)   Post Evacuate Collection Set: 0.9ms
[2026-02-05T19:20:19.084+0000][2.870s][info ][gc,phases   ] GC(3)   Other: 0.6ms
[2026-02-05T19:20:19.085+0000][2.870s][info ][gc,heap     ] GC(3) Eden regions: 71->0(71)
[2026-02-05T19:20:19.085+0000][2.871s][info ][gc,heap     ] GC(3) Survivor regions: 4->4(10)
[2026-02-05T19:20:19.085+0000][2.871s][info ][gc,heap     ] GC(3) Old regions: 5->5
[2026-02-05T19:20:19.085+0000][2.871s][info ][gc,heap     ] GC(3) Archive regions: 2->2
[2026-02-05T19:20:19.085+0000][2.871s][info ][gc,heap     ] GC(3) Humongous regions: 0->0
[2026-02-05T19:20:19.086+0000][2.871s][info ][gc,metaspace] GC(3) Metaspace: 17158K(17472K)->17158K(17472K) NonClass: 14844K(15040K)->14844K(15040K) Class: 2314K(2432K)->2314K(2432K)
[2026-02-05T19:20:19.086+0000][2.872s][info ][gc          ] GC(3) Pause Young (Normal) (G1 Evacuation Pause) 159M->17M(254M) 7.720ms
[2026-02-05T19:20:19.086+0000][2.872s][info ][gc,cpu      ] GC(3) User=0.03s Sys=0.00s Real=0.01s
[2026-02-05T19:20:19.086+0000][2.872s][info ][safepoint   ] Safepoint "G1CollectForAllocation", Time since last: 541011267 ns, Reaching safepoint: 395520 ns, Cleanup: 51302 ns, At safepoint: 8152204 ns, Total: 8599026 ns
[2026-02-05T19:20:19.351+0000][3.137s][debug][safepoint   ] Safepoint synchronization initiated using futex wait barrier. (16 threads)
[2026-02-05T19:20:19.352+0000][3.137s][info ][gc,start    ] GC(4) Pause Young (Concurrent Start) (Metadata GC Threshold)
[2026-02-05T19:20:19.352+0000][3.138s][info ][gc,task     ] GC(4) Using 6 workers of 10 for evacuation
[2026-02-05T19:20:19.358+0000][3.144s][info ][gc,phases   ] GC(4)   Pre Evacuate Collection Set: 0.1ms
[2026-02-05T19:20:19.359+0000][3.144s][info ][gc,phases   ] GC(4)   Merge Heap Roots: 0.1ms
[2026-02-05T19:20:19.359+0000][3.145s][info ][gc,phases   ] GC(4)   Evacuate Collection Set: 4.3ms
[2026-02-05T19:20:19.359+0000][3.145s][info ][gc,phases   ] GC(4)   Post Evacuate Collection Set: 1.6ms
[2026-02-05T19:20:19.359+0000][3.145s][info ][gc,phases   ] GC(4)   Other: 0.5ms
[2026-02-05T19:20:19.359+0000][3.145s][info ][gc,heap     ] GC(4) Eden regions: 42->0(70)
[2026-02-05T19:20:19.360+0000][3.145s][info ][gc,heap     ] GC(4) Survivor regions: 4->5(10)
[2026-02-05T19:20:19.360+0000][3.145s][info ][gc,heap     ] GC(4) Old regions: 5->5
[2026-02-05T19:20:19.360+0000][3.146s][info ][gc,heap     ] GC(4) Archive regions: 2->2
[2026-02-05T19:20:19.360+0000][3.146s][info ][gc,heap     ] GC(4) Humongous regions: 0->0
[2026-02-05T19:20:19.360+0000][3.146s][info ][gc,metaspace] GC(4) Metaspace: 21276K(21504K)->21276K(21504K) NonClass: 18499K(18624K)->18499K(18624K) Class: 2776K(2880K)->2776K(2880K)
[2026-02-05T19:20:19.360+0000][3.146s][info ][gc          ] GC(4) Pause Young (Concurrent Start) (Metadata GC Threshold) 101M->20M(254M) 8.670ms
[2026-02-05T19:20:19.361+0000][3.146s][info ][gc,cpu      ] GC(4) User=0.03s Sys=0.00s Real=0.01s
[2026-02-05T19:20:19.361+0000][3.146s][info ][gc          ] GC(5) Concurrent Mark Cycle
[2026-02-05T19:20:19.361+0000][3.147s][info ][gc,marking  ] GC(5) Concurrent Clear Claimed Marks
[2026-02-05T19:20:19.361+0000][3.146s][info ][safepoint   ] Safepoint "CollectForMetadataAllocation", Time since last: 265041513 ns, Reaching safepoint: 242612 ns, Cleanup: 32101 ns, At safepoint: 9017147 ns, Total: 9291860 ns
[2026-02-05T19:20:19.361+0000][3.147s][info ][gc,marking  ] GC(5) Concurrent Clear Claimed Marks 0.184ms
[2026-02-05T19:20:19.362+0000][3.147s][info ][gc,marking  ] GC(5) Concurrent Scan Root Regions
[2026-02-05T19:20:19.365+0000][3.150s][info ][gc,marking  ] GC(5) Concurrent Scan Root Regions 2.916ms
[2026-02-05T19:20:19.365+0000][3.151s][info ][gc,marking  ] GC(5) Concurrent Mark
[2026-02-05T19:20:19.365+0000][3.151s][info ][gc,marking  ] GC(5) Concurrent Mark From Roots
[2026-02-05T19:20:19.365+0000][3.151s][info ][gc,task     ] GC(5) Using 3 workers of 3 for marking
[2026-02-05T19:20:19.371+0000][3.156s][info ][gc,marking  ] GC(5) Concurrent Mark From Roots 5.567ms
[2026-02-05T19:20:19.371+0000][3.157s][info ][gc,marking  ] GC(5) Concurrent Preclean
[2026-02-05T19:20:19.371+0000][3.157s][info ][gc,marking  ] GC(5) Concurrent Preclean 0.488ms
[2026-02-05T19:20:19.372+0000][3.157s][debug][safepoint   ] Safepoint synchronization initiated using futex wait barrier. (16 threads)
[2026-02-05T19:20:19.372+0000][3.158s][info ][gc,start    ] GC(5) Pause Remark
[2026-02-05T19:20:19.374+0000][3.160s][info ][gc          ] GC(5) Pause Remark 23M->23M(94M) 2.097ms
[2026-02-05T19:20:19.374+0000][3.160s][info ][gc,cpu      ] GC(5) User=0.01s Sys=0.00s Real=0.01s
[2026-02-05T19:20:19.375+0000][3.160s][info ][safepoint   ] Safepoint "G1PauseRemark", Time since last: 10961742 ns, Reaching safepoint: 159108 ns, Cleanup: 3400 ns, At safepoint: 2705434 ns, Total: 2867942 ns
[2026-02-05T19:20:19.382+0000][3.167s][info ][gc,marking  ] GC(5) Concurrent Mark 16.738ms
[2026-02-05T19:20:19.382+0000][3.168s][info ][gc,marking  ] GC(5) Concurrent Rebuild Remembered Sets
[2026-02-05T19:20:19.384+0000][3.170s][info ][gc,marking  ] GC(5) Concurrent Rebuild Remembered Sets 1.864ms
[2026-02-05T19:20:19.384+0000][3.170s][debug][safepoint   ] Safepoint synchronization initiated using futex wait barrier. (16 threads)
[2026-02-05T19:20:19.384+0000][3.170s][info ][gc,start    ] GC(5) Pause Cleanup
[2026-02-05T19:20:19.385+0000][3.170s][info ][gc          ] GC(5) Pause Cleanup 24M->24M(94M) 0.356ms
[2026-02-05T19:20:19.385+0000][3.171s][info ][gc,cpu      ] GC(5) User=0.00s Sys=0.00s Real=0.00s
[2026-02-05T19:20:19.385+0000][3.171s][info ][safepoint   ] Safepoint "G1PauseCleanup", Time since last: 9673078 ns, Reaching safepoint: 206211 ns, Cleanup: 3000 ns, At safepoint: 1007050 ns, Total: 1216261 ns
[2026-02-05T19:20:19.386+0000][3.172s][info ][gc,marking  ] GC(5) Concurrent Cleanup for Next Mark
[2026-02-05T19:20:19.387+0000][3.172s][info ][gc,marking  ] GC(5) Concurrent Cleanup for Next Mark 0.740ms
[2026-02-05T19:20:19.387+0000][3.173s][info ][gc          ] GC(5) Concurrent Mark Cycle 26.361ms
[2026-02-05T19:20:19.651+0000][3.437s][debug][safepoint   ] Safepoint synchronization initiated using futex wait barrier. (16 threads)
[2026-02-05T19:20:19.652+0000][3.438s][info ][gc,start    ] GC(6) Pause Young (Prepare Mixed) (G1 Preventive Collection)
[2026-02-05T19:20:19.652+0000][3.438s][info ][gc,task     ] GC(6) Using 5 workers of 10 for evacuation
[2026-02-05T19:20:19.661+0000][3.447s][info ][gc,phases   ] GC(6)   Pre Evacuate Collection Set: 0.2ms
[2026-02-05T19:20:19.662+0000][3.448s][info ][gc,phases   ] GC(6)   Merge Heap Roots: 0.2ms
[2026-02-05T19:20:19.662+0000][3.448s][info ][gc,phases   ] GC(6)   Evacuate Collection Set: 6.6ms
[2026-02-05T19:20:19.662+0000][3.448s][info ][gc,phases   ] GC(6)   Post Evacuate Collection Set: 1.5ms
[2026-02-05T19:20:19.663+0000][3.448s][info ][gc,phases   ] GC(6)   Other: 0.9ms
[2026-02-05T19:20:19.663+0000][3.449s][info ][gc,heap     ] GC(6) Eden regions: 27->0(1)
[2026-02-05T19:20:19.663+0000][3.449s][info ][gc,heap     ] GC(6) Survivor regions: 5->6(10)
[2026-02-05T19:20:19.663+0000][3.449s][info ][gc,heap     ] GC(6) Old regions: 5->5
[2026-02-05T19:20:19.664+0000][3.449s][info ][gc,heap     ] GC(6) Archive regions: 2->2
[2026-02-05T19:20:19.664+0000][3.449s][info ][gc,heap     ] GC(6) Humongous regions: 0->0
[2026-02-05T19:20:19.664+0000][3.450s][info ][gc,metaspace] GC(6) Metaspace: 23887K(24192K)->23887K(24192K) NonClass: 20770K(20928K)->20770K(20928K) Class: 3116K(3264K)->3116K(3264K)
[2026-02-05T19:20:19.664+0000][3.450s][info ][gc          ] GC(6) Pause Young (Prepare Mixed) (G1 Preventive Collection) 74M->22M(94M) 12.041ms
[2026-02-05T19:20:19.664+0000][3.450s][info ][gc,cpu      ] GC(6) User=0.07s Sys=0.00s Real=0.02s
[2026-02-05T19:20:19.665+0000][3.450s][info ][safepoint   ] Safepoint "G1CollectForAllocation", Time since last: 266028962 ns, Reaching safepoint: 568228 ns, Cleanup: 65203 ns, At safepoint: 12608624 ns, Total: 13242055 ns
[2026-02-05T19:20:19.666+0000][3.452s][debug][safepoint   ] ... found polling page loop exception at pc = 0x0000747c8d7c9cdb, stub =0x0000747c94b10400
[2026-02-05T19:20:19.676+0000][3.462s][debug][safepoint   ] Safepoint synchronization initiated using futex wait barrier. (16 threads)
[2026-02-05T19:20:19.677+0000][3.463s][info ][gc,start    ] GC(7) Pause Young (Mixed) (G1 Evacuation Pause)
[2026-02-05T19:20:19.677+0000][3.463s][info ][gc,task     ] GC(7) Using 4 workers of 10 for evacuation
[2026-02-05T19:20:19.686+0000][3.472s][info ][gc,phases   ] GC(7)   Pre Evacuate Collection Set: 0.1ms
[2026-02-05T19:20:19.687+0000][3.473s][info ][gc,phases   ] GC(7)   Merge Heap Roots: 0.2ms
[2026-02-05T19:20:19.687+0000][3.473s][info ][gc,phases   ] GC(7)   Evacuate Collection Set: 7.5ms
[2026-02-05T19:20:19.687+0000][3.473s][info ][gc,phases   ] GC(7)   Post Evacuate Collection Set: 1.2ms
[2026-02-05T19:20:19.688+0000][3.473s][info ][gc,phases   ] GC(7)   Other: 0.6ms
[2026-02-05T19:20:19.688+0000][3.474s][info ][gc,heap     ] GC(7) Eden regions: 1->0(24)
[2026-02-05T19:20:19.688+0000][3.474s][info ][gc,heap     ] GC(7) Survivor regions: 6->1(1)
[2026-02-05T19:20:19.688+0000][3.474s][info ][gc,heap     ] GC(7) Old regions: 5->10
[2026-02-05T19:20:19.689+0000][3.474s][info ][gc,heap     ] GC(7) Archive regions: 2->2
[2026-02-05T19:20:19.689+0000][3.475s][info ][gc,heap     ] GC(7) Humongous regions: 0->0
[2026-02-05T19:20:19.689+0000][3.475s][info ][gc,metaspace] GC(7) Metaspace: 24067K(24384K)->24067K(24384K) NonClass: 20924K(21056K)->20924K(21056K) Class: 3142K(3328K)->3142K(3328K)
[2026-02-05T19:20:19.689+0000][3.475s][info ][gc          ] GC(7) Pause Young (Mixed) (G1 Evacuation Pause) 24M->23M(94M) 12.465ms
[2026-02-05T19:20:19.690+0000][3.475s][info ][gc,cpu      ] GC(7) User=0.07s Sys=0.01s Real=0.01s
[2026-02-05T19:20:19.690+0000][3.475s][info ][safepoint   ] Safepoint "G1CollectForAllocation", Time since last: 11618375 ns, Reaching safepoint: 520925 ns, Cleanup: 13201 ns, At safepoint: 12873737 ns, Total: 13407863 ns
[2026-02-05T19:20:19.882+0000][3.668s][debug][safepoint   ] Safepoint synchronization initiated using futex wait barrier. (15 threads)
[2026-02-05T19:20:19.883+0000][3.668s][info ][gc,start    ] GC(8) Pause Young (Normal) (G1 Evacuation Pause)
[2026-02-05T19:20:19.883+0000][3.669s][info ][gc,task     ] GC(8) Using 3 workers of 10 for evacuation
[2026-02-05T19:20:19.887+0000][3.673s][info ][gc,phases   ] GC(8)   Pre Evacuate Collection Set: 0.2ms
[2026-02-05T19:20:19.888+0000][3.674s][info ][gc,phases   ] GC(8)   Merge Heap Roots: 0.2ms
[2026-02-05T19:20:19.888+0000][3.674s][info ][gc,phases   ] GC(8)   Evacuate Collection Set: 2.5ms
[2026-02-05T19:20:19.889+0000][3.674s][info ][gc,phases   ] GC(8)   Post Evacuate Collection Set: 1.1ms
[2026-02-05T19:20:19.889+0000][3.674s][info ][gc,phases   ] GC(8)   Other: 0.7ms
[2026-02-05T19:20:19.889+0000][3.675s][info ][gc,heap     ] GC(8) Eden regions: 24->0(53)
[2026-02-05T19:20:19.889+0000][3.675s][info ][gc,heap     ] GC(8) Survivor regions: 1->3(4)
[2026-02-05T19:20:19.889+0000][3.675s][info ][gc,heap     ] GC(8) Old regions: 10->10
[2026-02-05T19:20:19.889+0000][3.675s][info ][gc,heap     ] GC(8) Archive regions: 2->2
[2026-02-05T19:20:19.890+0000][3.675s][info ][gc,heap     ] GC(8) Humongous regions: 0->0
[2026-02-05T19:20:19.890+0000][3.675s][info ][gc,metaspace] GC(8) Metaspace: 24420K(24768K)->24420K(24768K) NonClass: 21250K(21440K)->21250K(21440K) Class: 3170K(3328K)->3170K(3328K)
[2026-02-05T19:20:19.890+0000][3.676s][info ][gc          ] GC(8) Pause Young (Normal) (G1 Evacuation Pause) 71M->25M(188M) 7.353ms
[2026-02-05T19:20:19.890+0000][3.676s][info ][gc,cpu      ] GC(8) User=0.02s Sys=0.00s Real=0.00s
[2026-02-05T19:20:19.890+0000][3.676s][info ][safepoint   ] Safepoint "G1CollectForAllocation", Time since last: 192293914 ns, Reaching safepoint: 452722 ns, Cleanup: 63204 ns, At safepoint: 7728582 ns, Total: 8244508 ns
[2026-02-05T19:20:20.187+0000][3.973s][debug][safepoint   ] Safepoint synchronization initiated using futex wait barrier. (15 threads)
[2026-02-05T19:20:20.188+0000][3.973s][info ][gc,start    ] GC(9) Pause Young (Normal) (G1 Evacuation Pause)
[2026-02-05T19:20:20.188+0000][3.974s][info ][gc,task     ] GC(9) Using 4 workers of 10 for evacuation
[2026-02-05T19:20:20.202+0000][3.987s][info ][gc,phases   ] GC(9)   Pre Evacuate Collection Set: 0.2ms
[2026-02-05T19:20:20.202+0000][3.988s][info ][gc,phases   ] GC(9)   Merge Heap Roots: 0.1ms
[2026-02-05T19:20:20.202+0000][3.988s][info ][gc,phases   ] GC(9)   Evacuate Collection Set: 11.2ms
[2026-02-05T19:20:20.203+0000][3.988s][info ][gc,phases   ] GC(9)   Post Evacuate Collection Set: 1.6ms
[2026-02-05T19:20:20.203+0000][3.989s][info ][gc,phases   ] GC(9)   Other: 0.7ms
[2026-02-05T19:20:20.203+0000][3.989s][info ][gc,heap     ] GC(9) Eden regions: 53->0(49)
[2026-02-05T19:20:20.204+0000][3.989s][info ][gc,heap     ] GC(9) Survivor regions: 3->7(7)
[2026-02-05T19:20:20.204+0000][3.990s][info ][gc,heap     ] GC(9) Old regions: 10->12
[2026-02-05T19:20:20.204+0000][3.990s][info ][gc,heap     ] GC(9) Archive regions: 2->2
[2026-02-05T19:20:20.204+0000][3.990s][info ][gc,heap     ] GC(9) Humongous regions: 0->0
[2026-02-05T19:20:20.205+0000][3.991s][info ][gc,metaspace] GC(9) Metaspace: 24542K(24896K)->24542K(24896K) NonClass: 21351K(21504K)->21351K(21504K) Class: 3190K(3392K)->3190K(3392K)
[2026-02-05T19:20:20.205+0000][3.991s][info ][gc          ] GC(9) Pause Young (Normal) (G1 Evacuation Pause) 131M->38M(188M) 17.380ms
[2026-02-05T19:20:20.206+0000][3.991s][info ][gc,cpu      ] GC(9) User=0.08s Sys=0.00s Real=0.02s
[2026-02-05T19:20:20.206+0000][3.992s][info ][safepoint   ] Safepoint "G1CollectForAllocation", Time since last: 297031696 ns, Reaching safepoint: 435121 ns, Cleanup: 53203 ns, At safepoint: 18241403 ns, Total: 18729727 ns
[2026-02-05T19:20:20.435+0000][4.220s][debug][safepoint   ] ... found polling page loop exception at pc = 0x0000747c95329118, stub =0x0000747c94b10400
[2026-02-05T19:20:20.598+0000][4.383s][debug][safepoint   ] Safepoint synchronization initiated using futex wait barrier. (15 threads)
[2026-02-05T19:20:20.598+0000][4.384s][info ][gc,start    ] GC(10) Pause Young (Normal) (G1 Evacuation Pause)
[2026-02-05T19:20:20.598+0000][4.384s][info ][gc,task     ] GC(10) Using 4 workers of 10 for evacuation
[2026-02-05T19:20:20.614+0000][4.400s][info ][gc,phases   ] GC(10)   Pre Evacuate Collection Set: 0.1ms
[2026-02-05T19:20:20.614+0000][4.400s][info ][gc,phases   ] GC(10)   Merge Heap Roots: 0.1ms
[2026-02-05T19:20:20.615+0000][4.400s][info ][gc,phases   ] GC(10)   Evacuate Collection Set: 12.9ms
[2026-02-05T19:20:20.615+0000][4.401s][info ][gc,phases   ] GC(10)   Post Evacuate Collection Set: 1.9ms
[2026-02-05T19:20:20.615+0000][4.401s][info ][gc,phases   ] GC(10)   Other: 0.7ms
[2026-02-05T19:20:20.615+0000][4.401s][info ][gc,heap     ] GC(10) Eden regions: 49->0(47)
[2026-02-05T19:20:20.616+0000][4.401s][info ][gc,heap     ] GC(10) Survivor regions: 7->5(7)
[2026-02-05T19:20:20.616+0000][4.401s][info ][gc,heap     ] GC(10) Old regions: 12->19
[2026-02-05T19:20:20.616+0000][4.402s][info ][gc,heap     ] GC(10) Archive regions: 2->2
[2026-02-05T19:20:20.616+0000][4.402s][info ][gc,heap     ] GC(10) Humongous regions: 0->0
[2026-02-05T19:20:20.617+0000][4.402s][info ][gc,metaspace] GC(10) Metaspace: 24969K(25344K)->24969K(25344K) NonClass: 21723K(21888K)->21723K(21888K) Class: 3245K(3456K)->3245K(3456K)
[2026-02-05T19:20:20.617+0000][4.402s][info ][gc          ] GC(10) Pause Young (Normal) (G1 Evacuation Pause) 136M->48M(188M) 18.521ms
[2026-02-05T19:20:20.617+0000][4.403s][info ][gc,cpu      ] GC(10) User=0.09s Sys=0.01s Real=0.02s
[2026-02-05T19:20:20.617+0000][4.403s][info ][safepoint   ] Safepoint "G1CollectForAllocation", Time since last: 391620775 ns, Reaching safepoint: 464623 ns, Cleanup: 99305 ns, At safepoint: 18978739 ns, Total: 19542667 ns
[2026-02-05T19:20:21.076+0000][4.862s][debug][safepoint   ] Safepoint synchronization initiated using futex wait barrier. (15 threads)
[2026-02-05T19:20:21.077+0000][4.862s][info ][gc,start    ] GC(11) Pause Young (Normal) (G1 Evacuation Pause)
[2026-02-05T19:20:21.077+0000][4.862s][info ][gc,task     ] GC(11) Using 4 workers of 10 for evacuation
[2026-02-05T19:20:21.085+0000][4.870s][info ][gc,phases   ] GC(11)   Pre Evacuate Collection Set: 0.2ms
[2026-02-05T19:20:21.085+0000][4.871s][info ][gc,phases   ] GC(11)   Merge Heap Roots: 0.1ms
[2026-02-05T19:20:21.085+0000][4.871s][info ][gc,phases   ] GC(11)   Evacuate Collection Set: 6.3ms
[2026-02-05T19:20:21.085+0000][4.871s][info ][gc,phases   ] GC(11)   Post Evacuate Collection Set: 1.1ms
[2026-02-05T19:20:21.085+0000][4.871s][info ][gc,phases   ] GC(11)   Other: 0.5ms
[2026-02-05T19:20:21.086+0000][4.871s][info ][gc,heap     ] GC(11) Eden regions: 47->0(46)
[2026-02-05T19:20:21.086+0000][4.872s][info ][gc,heap     ] GC(11) Survivor regions: 5->3(7)
[2026-02-05T19:20:21.086+0000][4.872s][info ][gc,heap     ] GC(11) Old regions: 19->24
[2026-02-05T19:20:21.086+0000][4.872s][info ][gc,heap     ] GC(11) Archive regions: 2->2
[2026-02-05T19:20:21.086+0000][4.872s][info ][gc,heap     ] GC(11) Humongous regions: 0->0
[2026-02-05T19:20:21.087+0000][4.872s][info ][gc,metaspace] GC(11) Metaspace: 25170K(25536K)->25170K(25536K) NonClass: 21911K(22080K)->21911K(22080K) Class: 3258K(3456K)->3258K(3456K)
[2026-02-05T19:20:21.087+0000][4.872s][info ][gc          ] GC(11) Pause Young (Normal) (G1 Evacuation Pause) 142M->52M(188M) 10.220ms
[2026-02-05T19:20:21.087+0000][4.873s][info ][gc,cpu      ] GC(11) User=0.04s Sys=0.00s Real=0.01s
[2026-02-05T19:20:21.087+0000][4.873s][info ][safepoint   ] Safepoint "G1CollectForAllocation", Time since last: 458929606 ns, Reaching safepoint: 335017 ns, Cleanup: 95005 ns, At safepoint: 10602924 ns, Total: 11032946 ns
[2026-02-05T19:20:21.413+0000][5.199s][debug][safepoint   ] Safepoint synchronization initiated using futex wait barrier. (16 threads)
[2026-02-05T19:20:21.414+0000][5.199s][info ][gc,start    ] GC(12) Pause Young (Normal) (G1 Evacuation Pause)
[2026-02-05T19:20:21.414+0000][5.200s][info ][gc,task     ] GC(12) Using 4 workers of 10 for evacuation
[2026-02-05T19:20:21.420+0000][5.206s][info ][gc,phases   ] GC(12)   Pre Evacuate Collection Set: 0.1ms
[2026-02-05T19:20:21.420+0000][5.206s][info ][gc,phases   ] GC(12)   Merge Heap Roots: 0.1ms
[2026-02-05T19:20:21.420+0000][5.206s][info ][gc,phases   ] GC(12)   Evacuate Collection Set: 4.1ms
[2026-02-05T19:20:21.421+0000][5.206s][info ][gc,phases   ] GC(12)   Post Evacuate Collection Set: 1.2ms
[2026-02-05T19:20:21.421+0000][5.206s][info ][gc,phases   ] GC(12)   Other: 0.7ms
[2026-02-05T19:20:21.421+0000][5.207s][info ][gc,heap     ] GC(12) Eden regions: 46->0(64)
[2026-02-05T19:20:21.421+0000][5.207s][info ][gc,heap     ] GC(12) Survivor regions: 3->4(7)
[2026-02-05T19:20:21.421+0000][5.207s][info ][gc,heap     ] GC(12) Old regions: 24->24
[2026-02-05T19:20:21.422+0000][5.207s][info ][gc,heap     ] GC(12) Archive regions: 2->2
[2026-02-05T19:20:21.422+0000][5.207s][info ][gc,heap     ] GC(12) Humongous regions: 0->0
[2026-02-05T19:20:21.422+0000][5.208s][info ][gc,metaspace] GC(12) Metaspace: 25421K(25792K)->25421K(25792K) NonClass: 22127K(22336K)->22127K(22336K) Class: 3293K(3456K)->3293K(3456K)
[2026-02-05T19:20:21.422+0000][5.208s][info ][gc          ] GC(12) Pause Young (Normal) (G1 Evacuation Pause) 144M->56M(234M) 8.616ms
[2026-02-05T19:20:21.423+0000][5.208s][info ][gc,cpu      ] GC(12) User=0.02s Sys=0.00s Real=0.01s
[2026-02-05T19:20:21.423+0000][5.209s][info ][safepoint   ] Safepoint "G1CollectForAllocation", Time since last: 326105635 ns, Reaching safepoint: 355617 ns, Cleanup: 65204 ns, At safepoint: 9154853 ns, Total: 9575674 ns
[2026-02-05T19:20:21.808+0000][5.594s][debug][safepoint   ] Safepoint synchronization initiated using futex wait barrier. (16 threads)
[2026-02-05T19:20:21.808+0000][5.594s][info ][gc,start    ] GC(13) Pause Young (Normal) (G1 Evacuation Pause)
[2026-02-05T19:20:21.808+0000][5.594s][info ][gc,task     ] GC(13) Using 5 workers of 10 for evacuation
[2026-02-05T19:20:21.812+0000][5.598s][info ][gc,phases   ] GC(13)   Pre Evacuate Collection Set: 0.1ms
[2026-02-05T19:20:21.813+0000][5.598s][info ][gc,phases   ] GC(13)   Merge Heap Roots: 0.1ms
[2026-02-05T19:20:21.813+0000][5.598s][info ][gc,phases   ] GC(13)   Evacuate Collection Set: 2.8ms
[2026-02-05T19:20:21.813+0000][5.599s][info ][gc,phases   ] GC(13)   Post Evacuate Collection Set: 0.9ms
[2026-02-05T19:20:21.813+0000][5.599s][info ][gc,phases   ] GC(13)   Other: 0.3ms
[2026-02-05T19:20:21.813+0000][5.599s][info ][gc,heap     ] GC(13) Eden regions: 64->0(66)
[2026-02-05T19:20:21.813+0000][5.599s][info ][gc,heap     ] GC(13) Survivor regions: 4->4(9)
[2026-02-05T19:20:21.814+0000][5.599s][info ][gc,heap     ] GC(13) Old regions: 24->24
[2026-02-05T19:20:21.814+0000][5.599s][info ][gc,heap     ] GC(13) Archive regions: 2->2
[2026-02-05T19:20:21.814+0000][5.600s][info ][gc,heap     ] GC(13) Humongous regions: 0->0
[2026-02-05T19:20:21.814+0000][5.600s][info ][gc,metaspace] GC(13) Metaspace: 26866K(27264K)->26866K(27264K) NonClass: 23470K(23680K)->23470K(23680K) Class: 3396K(3584K)->3396K(3584K)
[2026-02-05T19:20:21.814+0000][5.600s][info ][gc          ] GC(13) Pause Young (Normal) (G1 Evacuation Pause) 184M->56M(234M) 6.147ms
[2026-02-05T19:20:21.815+0000][5.600s][info ][gc,cpu      ] GC(13) User=0.01s Sys=0.01s Real=0.01s
[2026-02-05T19:20:21.815+0000][5.600s][info ][safepoint   ] Safepoint "G1CollectForAllocation", Time since last: 385097753 ns, Reaching safepoint: 217511 ns, Cleanup: 13300 ns, At safepoint: 6625628 ns, Total: 6856439 ns
[2026-02-05T19:20:22.486+0000][6.271s][debug][safepoint   ] Safepoint synchronization initiated using futex wait barrier. (15 threads)
[2026-02-05T19:20:22.486+0000][6.272s][info ][gc,start    ] GC(14) Pause Young (Normal) (G1 Evacuation Pause)
[2026-02-05T19:20:22.486+0000][6.272s][info ][gc,task     ] GC(14) Using 5 workers of 10 for evacuation
[2026-02-05T19:20:22.492+0000][6.278s][info ][gc,phases   ] GC(14)   Pre Evacuate Collection Set: 0.1ms
[2026-02-05T19:20:22.493+0000][6.278s][info ][gc,phases   ] GC(14)   Merge Heap Roots: 0.2ms
[2026-02-05T19:20:22.493+0000][6.279s][info ][gc,phases   ] GC(14)   Evacuate Collection Set: 4.4ms
[2026-02-05T19:20:22.493+0000][6.279s][info ][gc,phases   ] GC(14)   Post Evacuate Collection Set: 1.4ms
[2026-02-05T19:20:22.493+0000][6.279s][info ][gc,phases   ] GC(14)   Other: 0.5ms
[2026-02-05T19:20:22.494+0000][6.279s][info ][gc,heap     ] GC(14) Eden regions: 66->0(64)
[2026-02-05T19:20:22.494+0000][6.279s][info ][gc,heap     ] GC(14) Survivor regions: 4->6(9)
[2026-02-05T19:20:22.494+0000][6.280s][info ][gc,heap     ] GC(14) Old regions: 24->24
[2026-02-05T19:20:22.494+0000][6.280s][info ][gc,heap     ] GC(14) Archive regions: 2->2
[2026-02-05T19:20:22.494+0000][6.280s][info ][gc,heap     ] GC(14) Humongous regions: 0->0
[2026-02-05T19:20:22.494+0000][6.280s][info ][gc,metaspace] GC(14) Metaspace: 33396K(33792K)->33396K(33792K) NonClass: 29270K(29504K)->29270K(29504K) Class: 4126K(4288K)->4126K(4288K)
[2026-02-05T19:20:22.494+0000][6.280s][info ][gc          ] GC(14) Pause Young (Normal) (G1 Evacuation Pause) 188M->58M(234M) 8.535ms
[2026-02-05T19:20:22.495+0000][6.280s][info ][gc,cpu      ] GC(14) User=0.05s Sys=0.00s Real=0.01s
[2026-02-05T19:20:22.495+0000][6.281s][info ][safepoint   ] Safepoint "G1CollectForAllocation", Time since last: 670807360 ns, Reaching safepoint: 241612 ns, Cleanup: 93904 ns, At safepoint: 8899044 ns, Total: 9234560 ns
[2026-02-05T19:20:23.120+0000][6.905s][debug][safepoint   ] Safepoint synchronization initiated using futex wait barrier. (15 threads)
[2026-02-05T19:20:23.120+0000][6.906s][info ][gc,start    ] GC(15) Pause Young (Normal) (G1 Evacuation Pause)
[2026-02-05T19:20:23.121+0000][6.906s][info ][gc,task     ] GC(15) Using 5 workers of 10 for evacuation
[2026-02-05T19:20:23.128+0000][6.914s][info ][gc,phases   ] GC(15)   Pre Evacuate Collection Set: 0.2ms
[2026-02-05T19:20:23.129+0000][6.914s][info ][gc,phases   ] GC(15)   Merge Heap Roots: 0.1ms
[2026-02-05T19:20:23.129+0000][6.915s][info ][gc,phases   ] GC(15)   Evacuate Collection Set: 5.4ms
[2026-02-05T19:20:23.129+0000][6.915s][info ][gc,phases   ] GC(15)   Post Evacuate Collection Set: 1.4ms
[2026-02-05T19:20:23.130+0000][6.915s][info ][gc,phases   ] GC(15)   Other: 0.7ms
[2026-02-05T19:20:23.130+0000][6.916s][info ][gc,heap     ] GC(15) Eden regions: 64->0(66)
[2026-02-05T19:20:23.131+0000][6.916s][info ][gc,heap     ] GC(15) Survivor regions: 6->4(9)
[2026-02-05T19:20:23.131+0000][6.917s][info ][gc,heap     ] GC(15) Old regions: 24->25
[2026-02-05T19:20:23.131+0000][6.917s][info ][gc,heap     ] GC(15) Archive regions: 2->2
[2026-02-05T19:20:23.131+0000][6.917s][info ][gc,heap     ] GC(15) Humongous regions: 0->0
[2026-02-05T19:20:23.132+0000][6.917s][info ][gc,metaspace] GC(15) Metaspace: 34641K(35008K)->34641K(35008K) NonClass: 30335K(30528K)->30335K(30528K) Class: 4306K(4480K)->4306K(4480K)
[2026-02-05T19:20:23.132+0000][6.918s][info ][gc          ] GC(15) Pause Young (Normal) (G1 Evacuation Pause) 186M->58M(234M) 11.593ms
[2026-02-05T19:20:23.132+0000][6.918s][info ][gc,cpu      ] GC(15) User=0.04s Sys=0.00s Real=0.01s
[2026-02-05T19:20:23.132+0000][6.918s][info ][safepoint   ] Safepoint "G1CollectForAllocation", Time since last: 624817278 ns, Reaching safepoint: 397920 ns, Cleanup: 189909 ns, At safepoint: 12020100 ns, Total: 12607929 ns
[2026-02-05T19:20:23.511+0000][7.296s][debug][safepoint   ] Safepoint synchronization initiated using futex wait barrier. (15 threads)
[2026-02-05T19:20:23.511+0000][7.297s][info ][gc,start    ] GC(16) Pause Young (Concurrent Start) (Metadata GC Threshold)
[2026-02-05T19:20:23.511+0000][7.297s][info ][gc,task     ] GC(16) Using 5 workers of 10 for evacuation
[2026-02-05T19:20:23.516+0000][7.301s][info ][gc,phases   ] GC(16)   Pre Evacuate Collection Set: 0.1ms
[2026-02-05T19:20:23.516+0000][7.302s][info ][gc,phases   ] GC(16)   Merge Heap Roots: 0.1ms
[2026-02-05T19:20:23.516+0000][7.302s][info ][gc,phases   ] GC(16)   Evacuate Collection Set: 3.0ms
[2026-02-05T19:20:23.516+0000][7.302s][info ][gc,phases   ] GC(16)   Post Evacuate Collection Set: 0.8ms
[2026-02-05T19:20:23.516+0000][7.302s][info ][gc,phases   ] GC(16)   Other: 0.5ms
[2026-02-05T19:20:23.517+0000][7.302s][info ][gc,heap     ] GC(16) Eden regions: 30->0(66)
[2026-02-05T19:20:23.517+0000][7.302s][info ][gc,heap     ] GC(16) Survivor regions: 4->4(9)
[2026-02-05T19:20:23.517+0000][7.303s][info ][gc,heap     ] GC(16) Old regions: 25->25
[2026-02-05T19:20:23.517+0000][7.303s][info ][gc,heap     ] GC(16) Archive regions: 2->2
[2026-02-05T19:20:23.517+0000][7.303s][info ][gc,heap     ] GC(16) Humongous regions: 0->0
[2026-02-05T19:20:23.517+0000][7.303s][info ][gc,metaspace] GC(16) Metaspace: 35820K(36160K)->35820K(36160K) NonClass: 31376K(31552K)->31376K(31552K) Class: 4444K(4608K)->4444K(4608K)
[2026-02-05T19:20:23.517+0000][7.303s][info ][gc          ] GC(16) Pause Young (Concurrent Start) (Metadata GC Threshold) 118M->57M(234M) 6.399ms
[2026-02-05T19:20:23.518+0000][7.303s][info ][gc,cpu      ] GC(16) User=0.02s Sys=0.00s Real=0.01s
[2026-02-05T19:20:23.518+0000][7.304s][info ][gc          ] GC(17) Concurrent Mark Cycle
[2026-02-05T19:20:23.522+0000][7.307s][info ][gc,marking  ] GC(17) Concurrent Clear Claimed Marks
[2026-02-05T19:20:23.518+0000][7.304s][info ][safepoint   ] Safepoint "CollectForMetadataAllocation", Time since last: 378308877 ns, Reaching safepoint: 412521 ns, Cleanup: 80404 ns, At safepoint: 6843241 ns, Total: 7336166 ns
[2026-02-05T19:20:23.522+0000][7.308s][info ][gc,marking  ] GC(17) Concurrent Clear Claimed Marks 0.298ms
[2026-02-05T19:20:23.522+0000][7.308s][info ][gc,marking  ] GC(17) Concurrent Scan Root Regions
[2026-02-05T19:20:23.525+0000][7.311s][info ][gc,marking  ] GC(17) Concurrent Scan Root Regions 2.723ms
[2026-02-05T19:20:23.525+0000][7.311s][info ][gc,marking  ] GC(17) Concurrent Mark
[2026-02-05T19:20:23.525+0000][7.311s][info ][gc,marking  ] GC(17) Concurrent Mark From Roots
[2026-02-05T19:20:23.526+0000][7.311s][info ][gc,task     ] GC(17) Using 3 workers of 3 for marking
[2026-02-05T19:20:23.551+0000][7.337s][info ][gc,marking  ] GC(17) Concurrent Mark From Roots 26.076ms
[2026-02-05T19:20:23.552+0000][7.337s][info ][gc,marking  ] GC(17) Concurrent Preclean
[2026-02-05T19:20:23.552+0000][7.338s][info ][gc,marking  ] GC(17) Concurrent Preclean 0.382ms
[2026-02-05T19:20:23.552+0000][7.338s][debug][safepoint   ] Safepoint synchronization initiated using futex wait barrier. (15 threads)
[2026-02-05T19:20:23.553+0000][7.339s][info ][gc,start    ] GC(17) Pause Remark
[2026-02-05T19:20:23.556+0000][7.342s][info ][gc          ] GC(17) Pause Remark 61M->61M(220M) 3.385ms
[2026-02-05T19:20:23.557+0000][7.343s][info ][gc,cpu      ] GC(17) User=0.01s Sys=0.00s Real=0.01s
[2026-02-05T19:20:23.557+0000][7.343s][info ][safepoint   ] Safepoint "G1PauseRemark", Time since last: 34611427 ns, Reaching safepoint: 567429 ns, Cleanup: 25801 ns, At safepoint: 4240012 ns, Total: 4833242 ns
[2026-02-05T19:20:23.558+0000][7.343s][info ][gc,marking  ] GC(17) Concurrent Mark 32.498ms
[2026-02-05T19:20:23.558+0000][7.344s][info ][gc,marking  ] GC(17) Concurrent Rebuild Remembered Sets
[2026-02-05T19:20:23.570+0000][7.355s][info ][gc,marking  ] GC(17) Concurrent Rebuild Remembered Sets 11.848ms
[2026-02-05T19:20:23.570+0000][7.356s][debug][safepoint   ] Safepoint synchronization initiated using futex wait barrier. (15 threads)
[2026-02-05T19:20:23.571+0000][7.356s][info ][gc,start    ] GC(17) Pause Cleanup
[2026-02-05T19:20:23.571+0000][7.357s][info ][gc          ] GC(17) Pause Cleanup 62M->62M(220M) 0.388ms
[2026-02-05T19:20:23.571+0000][7.357s][info ][gc,cpu      ] GC(17) User=0.00s Sys=0.00s Real=0.00s
[2026-02-05T19:20:23.572+0000][7.357s][info ][safepoint   ] Safepoint "G1PauseCleanup", Time since last: 12816939 ns, Reaching safepoint: 362418 ns, Cleanup: 9801 ns, At safepoint: 1000350 ns, Total: 1372569 ns
[2026-02-05T19:20:23.572+0000][7.357s][info ][gc,marking  ] GC(17) Concurrent Cleanup for Next Mark
[2026-02-05T19:20:23.573+0000][7.359s][info ][gc,marking  ] GC(17) Concurrent Cleanup for Next Mark 1.187ms
[2026-02-05T19:20:23.573+0000][7.359s][info ][gc          ] GC(17) Concurrent Mark Cycle 55.431ms
[2026-02-05T19:20:24.084+0000][7.870s][debug][safepoint   ] Safepoint synchronization initiated using futex wait barrier. (15 threads)
[2026-02-05T19:20:24.085+0000][7.870s][info ][gc,start    ] GC(18) Pause Young (Prepare Mixed) (G1 Evacuation Pause)
[2026-02-05T19:20:24.085+0000][7.870s][info ][gc,task     ] GC(18) Using 5 workers of 10 for evacuation
[2026-02-05T19:20:24.089+0000][7.875s][info ][gc,phases   ] GC(18)   Pre Evacuate Collection Set: 0.1ms
[2026-02-05T19:20:24.090+0000][7.876s][info ][gc,phases   ] GC(18)   Merge Heap Roots: 0.1ms
[2026-02-05T19:20:24.090+0000][7.876s][info ][gc,phases   ] GC(18)   Evacuate Collection Set: 3.3ms
[2026-02-05T19:20:24.090+0000][7.876s][info ][gc,phases   ] GC(18)   Post Evacuate Collection Set: 1.0ms
[2026-02-05T19:20:24.091+0000][7.876s][info ][gc,phases   ] GC(18)   Other: 0.4ms
[2026-02-05T19:20:24.091+0000][7.876s][info ][gc,heap     ] GC(18) Eden regions: 62->0(1)
[2026-02-05T19:20:24.091+0000][7.877s][info ][gc,heap     ] GC(18) Survivor regions: 4->4(9)
[2026-02-05T19:20:24.091+0000][7.877s][info ][gc,heap     ] GC(18) Old regions: 25->25
[2026-02-05T19:20:24.091+0000][7.877s][info ][gc,heap     ] GC(18) Archive regions: 2->2
[2026-02-05T19:20:24.091+0000][7.877s][info ][gc,heap     ] GC(18) Humongous regions: 0->0
[2026-02-05T19:20:24.092+0000][7.877s][info ][gc,metaspace] GC(18) Metaspace: 38800K(39168K)->38800K(39168K) NonClass: 33903K(34112K)->33903K(34112K) Class: 4896K(5056K)->4896K(5056K)
[2026-02-05T19:20:24.092+0000][7.877s][info ][gc          ] GC(18) Pause Young (Prepare Mixed) (G1 Evacuation Pause) 181M->58M(220M) 7.120ms
[2026-02-05T19:20:24.092+0000][7.877s][info ][gc,cpu      ] GC(18) User=0.01s Sys=0.00s Real=0.00s
[2026-02-05T19:20:24.092+0000][7.878s][info ][safepoint   ] Safepoint "G1CollectForAllocation", Time since last: 512619579 ns, Reaching safepoint: 304815 ns, Cleanup: 76004 ns, At safepoint: 7438471 ns, Total: 7819290 ns
[2026-02-05T19:20:24.103+0000][7.889s][debug][safepoint   ] Safepoint synchronization initiated using futex wait barrier. (15 threads)
[2026-02-05T19:20:24.103+0000][7.889s][info ][gc,start    ] GC(19) Pause Young (Mixed) (G1 Evacuation Pause)
[2026-02-05T19:20:24.103+0000][7.889s][info ][gc,task     ] GC(19) Using 5 workers of 10 for evacuation
[2026-02-05T19:20:24.109+0000][7.894s][info ][gc,phases   ] GC(19)   Pre Evacuate Collection Set: 0.2ms
[2026-02-05T19:20:24.109+0000][7.895s][info ][gc,phases   ] GC(19)   Merge Heap Roots: 0.1ms
[2026-02-05T19:20:24.109+0000][7.895s][info ][gc,phases   ] GC(19)   Evacuate Collection Set: 3.6ms
[2026-02-05T19:20:24.109+0000][7.895s][info ][gc,phases   ] GC(19)   Post Evacuate Collection Set: 0.9ms
[2026-02-05T19:20:24.110+0000][7.895s][info ][gc,phases   ] GC(19)   Other: 0.5ms
[2026-02-05T19:20:24.110+0000][7.895s][info ][gc,heap     ] GC(19) Eden regions: 1->0(63)
[2026-02-05T19:20:24.110+0000][7.895s][info ][gc,heap     ] GC(19) Survivor regions: 4->1(1)
[2026-02-05T19:20:24.110+0000][7.896s][info ][gc,heap     ] GC(19) Old regions: 25->28
[2026-02-05T19:20:24.110+0000][7.896s][info ][gc,heap     ] GC(19) Archive regions: 2->2
[2026-02-05T19:20:24.110+0000][7.896s][info ][gc,heap     ] GC(19) Humongous regions: 0->0
[2026-02-05T19:20:24.111+0000][7.896s][info ][gc,metaspace] GC(19) Metaspace: 38812K(39168K)->38812K(39168K) NonClass: 33915K(34112K)->33915K(34112K) Class: 4896K(5056K)->4896K(5056K)
[2026-02-05T19:20:24.111+0000][7.897s][info ][gc          ] GC(19) Pause Young (Mixed) (G1 Evacuation Pause) 60M->58M(220M) 7.569ms
[2026-02-05T19:20:24.111+0000][7.897s][info ][gc,cpu      ] GC(19) User=0.02s Sys=0.00s Real=0.00s
[2026-02-05T19:20:24.111+0000][7.897s][info ][safepoint   ] Safepoint "G1CollectForAllocation", Time since last: 11081253 ns, Reaching safepoint: 231111 ns, Cleanup: 6801 ns, At safepoint: 8034100 ns, Total: 8272012 ns
[2026-02-05T19:20:25.100+0000][8.885s][debug][safepoint   ] Safepoint synchronization initiated using futex wait barrier. (15 threads)
[2026-02-05T19:20:25.102+0000][8.887s][info ][gc,start    ] GC(20) Pause Young (Normal) (G1 Evacuation Pause)
[2026-02-05T19:20:25.102+0000][8.888s][info ][gc,task     ] GC(20) Using 5 workers of 10 for evacuation
[2026-02-05T19:20:25.106+0000][8.892s][info ][gc,phases   ] GC(20)   Pre Evacuate Collection Set: 0.2ms
[2026-02-05T19:20:25.107+0000][8.892s][info ][gc,phases   ] GC(20)   Merge Heap Roots: 0.1ms
[2026-02-05T19:20:25.107+0000][8.893s][info ][gc,phases   ] GC(20)   Evacuate Collection Set: 2.6ms
[2026-02-05T19:20:25.107+0000][8.893s][info ][gc,phases   ] GC(20)   Post Evacuate Collection Set: 0.9ms
[2026-02-05T19:20:25.107+0000][8.893s][info ][gc,phases   ] GC(20)   Other: 0.8ms
[2026-02-05T19:20:25.108+0000][8.893s][info ][gc,heap     ] GC(20) Eden regions: 63->0(62)
[2026-02-05T19:20:25.108+0000][8.893s][info ][gc,heap     ] GC(20) Survivor regions: 1->2(8)
[2026-02-05T19:20:25.108+0000][8.894s][info ][gc,heap     ] GC(20) Old regions: 28->28
[2026-02-05T19:20:25.108+0000][8.894s][info ][gc,heap     ] GC(20) Archive regions: 2->2
[2026-02-05T19:20:25.108+0000][8.894s][info ][gc,heap     ] GC(20) Humongous regions: 0->0
[2026-02-05T19:20:25.108+0000][8.894s][info ][gc,metaspace] GC(20) Metaspace: 41506K(41920K)->41506K(41920K) NonClass: 36264K(36480K)->36264K(36480K) Class: 5242K(5440K)->5242K(5440K)
[2026-02-05T19:20:25.108+0000][8.894s][info ][gc          ] GC(20) Pause Young (Normal) (G1 Evacuation Pause) 184M->59M(220M) 6.782ms
[2026-02-05T19:20:25.109+0000][8.894s][info ][gc,cpu      ] GC(20) User=0.02s Sys=0.00s Real=0.00s
[2026-02-05T19:20:25.109+0000][8.895s][info ][safepoint   ] Safepoint "G1CollectForAllocation", Time since last: 988257113 ns, Reaching safepoint: 1917496 ns, Cleanup: 127006 ns, At safepoint: 7205760 ns, Total: 9250262 ns
[2026-02-05T19:20:25.613+0000][9.398s][debug][safepoint   ] ... found polling page loop exception at pc = 0x0000747c954e5887, stub =0x0000747c94b10400
[2026-02-05T19:20:25.948+0000][9.734s][debug][safepoint   ] Safepoint synchronization initiated using futex wait barrier. (15 threads)
[2026-02-05T19:20:25.949+0000][9.734s][info ][safepoint   ] Safepoint "ICBufferFull", Time since last: 839232276 ns, Reaching safepoint: 379819 ns, Cleanup: 203810 ns, At safepoint: 9901 ns, Total: 593530 ns
[2026-02-05T19:20:26.353+0000][10.139s][debug][safepoint   ] Safepoint synchronization initiated using futex wait barrier. (15 threads)
[2026-02-05T19:20:26.354+0000][10.139s][info ][gc,start    ] GC(21) Pause Young (Normal) (G1 Evacuation Pause)
[2026-02-05T19:20:26.354+0000][10.140s][info ][gc,task     ] GC(21) Using 5 workers of 10 for evacuation
[2026-02-05T19:20:26.358+0000][10.144s][info ][gc,phases   ] GC(21)   Pre Evacuate Collection Set: 0.1ms
[2026-02-05T19:20:26.358+0000][10.144s][info ][gc,phases   ] GC(21)   Merge Heap Roots: 0.1ms
[2026-02-05T19:20:26.359+0000][10.144s][info ][gc,phases   ] GC(21)   Evacuate Collection Set: 2.7ms
[2026-02-05T19:20:26.359+0000][10.144s][info ][gc,phases   ] GC(21)   Post Evacuate Collection Set: 1.0ms
[2026-02-05T19:20:26.359+0000][10.144s][info ][gc,phases   ] GC(21)   Other: 0.4ms
[2026-02-05T19:20:26.359+0000][10.145s][info ][gc,heap     ] GC(21) Eden regions: 62->0(62)
[2026-02-05T19:20:26.359+0000][10.145s][info ][gc,heap     ] GC(21) Survivor regions: 2->3(8)
[2026-02-05T19:20:26.359+0000][10.145s][info ][gc,heap     ] GC(21) Old regions: 28->28
[2026-02-05T19:20:26.359+0000][10.145s][info ][gc,heap     ] GC(21) Archive regions: 2->2
[2026-02-05T19:20:26.360+0000][10.145s][info ][gc,heap     ] GC(21) Humongous regions: 0->0
[2026-02-05T19:20:26.360+0000][10.145s][info ][gc,metaspace] GC(21) Metaspace: 44553K(44992K)->44553K(44992K) NonClass: 38876K(39104K)->38876K(39104K) Class: 5677K(5888K)->5677K(5888K)
[2026-02-05T19:20:26.360+0000][10.146s][info ][gc          ] GC(21) Pause Young (Normal) (G1 Evacuation Pause) 183M->60M(220M) 6.233ms
[2026-02-05T19:20:26.360+0000][10.146s][info ][gc,cpu      ] GC(21) User=0.02s Sys=0.01s Real=0.00s
[2026-02-05T19:20:26.360+0000][10.146s][info ][safepoint   ] Safepoint "G1CollectForAllocation", Time since last: 404667792 ns, Reaching safepoint: 293415 ns, Cleanup: 51702 ns, At safepoint: 6597230 ns, Total: 6942347 ns
[2026-02-05T19:20:27.142+0000][10.928s][debug][safepoint   ] Safepoint synchronization initiated using futex wait barrier. (15 threads)
[2026-02-05T19:20:27.142+0000][10.928s][info ][gc,start    ] GC(22) Pause Young (Normal) (G1 Evacuation Pause)
[2026-02-05T19:20:27.143+0000][10.928s][info ][gc,task     ] GC(22) Using 5 workers of 10 for evacuation
[2026-02-05T19:20:27.149+0000][10.935s][info ][gc,phases   ] GC(22)   Pre Evacuate Collection Set: 0.2ms
[2026-02-05T19:20:27.150+0000][10.936s][info ][gc,phases   ] GC(22)   Merge Heap Roots: 0.2ms
[2026-02-05T19:20:27.151+0000][10.936s][info ][gc,phases   ] GC(22)   Evacuate Collection Set: 4.9ms
[2026-02-05T19:20:27.151+0000][10.936s][info ][gc,phases   ] GC(22)   Post Evacuate Collection Set: 1.1ms
[2026-02-05T19:20:27.151+0000][10.937s][info ][gc,phases   ] GC(22)   Other: 0.7ms
[2026-02-05T19:20:27.151+0000][10.937s][info ][gc,heap     ] GC(22) Eden regions: 62->0(60)
[2026-02-05T19:20:27.151+0000][10.937s][info ][gc,heap     ] GC(22) Survivor regions: 3->4(9)
[2026-02-05T19:20:27.152+0000][10.937s][info ][gc,heap     ] GC(22) Old regions: 28->28
[2026-02-05T19:20:27.152+0000][10.938s][info ][gc,heap     ] GC(22) Archive regions: 2->2
[2026-02-05T19:20:27.152+0000][10.938s][info ][gc,heap     ] GC(22) Humongous regions: 0->0
[2026-02-05T19:20:27.153+0000][10.938s][info ][gc,metaspace] GC(22) Metaspace: 48700K(49216K)->48700K(49216K) NonClass: 42477K(42752K)->42477K(42752K) Class: 6222K(6464K)->6222K(6464K)
[2026-02-05T19:20:27.153+0000][10.938s][info ][gc          ] GC(22) Pause Young (Normal) (G1 Evacuation Pause) 184M->63M(220M) 10.378ms
[2026-02-05T19:20:27.153+0000][10.939s][info ][gc,cpu      ] GC(22) User=0.03s Sys=0.00s Real=0.00s
[2026-02-05T19:20:27.153+0000][10.939s][info ][safepoint   ] Safepoint "G1CollectForAllocation", Time since last: 781648903 ns, Reaching safepoint: 312015 ns, Cleanup: 146708 ns, At safepoint: 10942846 ns, Total: 11401569 ns
[2026-02-05T19:20:28.799+0000][12.585s][debug][safepoint   ] Safepoint synchronization initiated using futex wait barrier. (18 threads)
[2026-02-05T19:20:28.800+0000][12.585s][info ][safepoint   ] Safepoint "Cleanup", Time since last: 1645784722 ns, Reaching safepoint: 364518 ns, Cleanup: 120706 ns, At safepoint: 17501 ns, Total: 502725 ns
[2026-02-05T19:20:29.098+0000][12.884s][debug][safepoint   ] Safepoint synchronization initiated using futex wait barrier. (18 threads)
[2026-02-05T19:20:29.099+0000][12.884s][info ][safepoint   ] Safepoint "ICBufferFull", Time since last: 298513196 ns, Reaching safepoint: 423321 ns, Cleanup: 87704 ns, At safepoint: 2600 ns, Total: 513625 ns
[2026-02-05T19:20:29.180+0000][12.966s][debug][safepoint   ] Safepoint synchronization initiated using futex wait barrier. (18 threads)
[2026-02-05T19:20:29.181+0000][12.967s][info ][gc,start    ] GC(23) Pause Young (Normal) (G1 Evacuation Pause)
[2026-02-05T19:20:29.181+0000][12.967s][info ][gc,task     ] GC(23) Using 5 workers of 10 for evacuation
[2026-02-05T19:20:29.189+0000][12.975s][info ][gc,phases   ] GC(23)   Pre Evacuate Collection Set: 0.3ms
[2026-02-05T19:20:29.191+0000][12.976s][info ][gc,phases   ] GC(23)   Merge Heap Roots: 0.2ms
[2026-02-05T19:20:29.191+0000][12.977s][info ][gc,phases   ] GC(23)   Evacuate Collection Set: 5.7ms
[2026-02-05T19:20:29.191+0000][12.977s][info ][gc,phases   ] GC(23)   Post Evacuate Collection Set: 1.6ms
[2026-02-05T19:20:29.192+0000][12.977s][info ][gc,phases   ] GC(23)   Other: 0.7ms
[2026-02-05T19:20:29.192+0000][12.977s][info ][gc,heap     ] GC(23) Eden regions: 60->0(59)
[2026-02-05T19:20:29.192+0000][12.978s][info ][gc,heap     ] GC(23) Survivor regions: 4->5(8)
[2026-02-05T19:20:29.192+0000][12.978s][info ][gc,heap     ] GC(23) Old regions: 28->28
[2026-02-05T19:20:29.192+0000][12.978s][info ][gc,heap     ] GC(23) Archive regions: 2->2
[2026-02-05T19:20:29.193+0000][12.978s][info ][gc,heap     ] GC(23) Humongous regions: 0->0
[2026-02-05T19:20:29.193+0000][12.979s][info ][gc,metaspace] GC(23) Metaspace: 54863K(55296K)->54863K(55296K) NonClass: 47927K(48128K)->47927K(48128K) Class: 6936K(7168K)->6936K(7168K)
[2026-02-05T19:20:29.193+0000][12.979s][info ][gc          ] GC(23) Pause Young (Normal) (G1 Evacuation Pause) 183M->66M(220M) 12.357ms
[2026-02-05T19:20:29.193+0000][12.979s][info ][gc,cpu      ] GC(23) User=0.06s Sys=0.00s Real=0.02s
[2026-02-05T19:20:29.194+0000][12.980s][info ][safepoint   ] Safepoint "G1CollectForAllocation", Time since last: 81716978 ns, Reaching safepoint: 488924 ns, Cleanup: 18301 ns, At safepoint: 13019550 ns, Total: 13526775 ns
[2026-02-05T19:20:30.045+0000][13.831s][debug][safepoint   ] Safepoint synchronization initiated using futex wait barrier. (18 threads)
[2026-02-05T19:20:30.045+0000][13.831s][info ][gc,start    ] GC(24) Pause Young (Normal) (G1 Evacuation Pause)
[2026-02-05T19:20:30.046+0000][13.831s][info ][gc,task     ] GC(24) Using 5 workers of 10 for evacuation
[2026-02-05T19:20:30.054+0000][13.840s][info ][gc,phases   ] GC(24)   Pre Evacuate Collection Set: 0.1ms
[2026-02-05T19:20:30.055+0000][13.840s][info ][gc,phases   ] GC(24)   Merge Heap Roots: 0.1ms
[2026-02-05T19:20:30.055+0000][13.841s][info ][gc,phases   ] GC(24)   Evacuate Collection Set: 7.3ms
[2026-02-05T19:20:30.055+0000][13.841s][info ][gc,phases   ] GC(24)   Post Evacuate Collection Set: 1.2ms
[2026-02-05T19:20:30.055+0000][13.841s][info ][gc,phases   ] GC(24)   Other: 0.5ms
[2026-02-05T19:20:30.055+0000][13.841s][info ][gc,heap     ] GC(24) Eden regions: 59->0(58)
[2026-02-05T19:20:30.056+0000][13.841s][info ][gc,heap     ] GC(24) Survivor regions: 5->5(8)
[2026-02-05T19:20:30.056+0000][13.842s][info ][gc,heap     ] GC(24) Old regions: 28->29
[2026-02-05T19:20:30.056+0000][13.842s][info ][gc,heap     ] GC(24) Archive regions: 2->2
[2026-02-05T19:20:30.056+0000][13.842s][info ][gc,heap     ] GC(24) Humongous regions: 0->0
[2026-02-05T19:20:30.056+0000][13.842s][info ][gc,metaspace] GC(24) Metaspace: 57903K(58368K)->57903K(58368K) NonClass: 50541K(50816K)->50541K(50816K) Class: 7361K(7552K)->7361K(7552K)
[2026-02-05T19:20:30.057+0000][13.842s][info ][gc          ] GC(24) Pause Young (Normal) (G1 Evacuation Pause) 184M->67M(220M) 11.418ms
[2026-02-05T19:20:30.057+0000][13.843s][info ][gc,cpu      ] GC(24) User=0.05s Sys=0.00s Real=0.01s
[2026-02-05T19:20:30.057+0000][13.843s][info ][safepoint   ] Safepoint "G1CollectForAllocation", Time since last: 850982930 ns, Reaching safepoint: 358618 ns, Cleanup: 55802 ns, At safepoint: 11946401 ns, Total: 12360821 ns
[2026-02-05T19:20:30.397+0000][14.183s][debug][safepoint   ] Safepoint synchronization initiated using futex wait barrier. (19 threads)
[2026-02-05T19:20:30.398+0000][14.183s][info ][gc,start    ] GC(25) Pause Young (Concurrent Start) (Metadata GC Threshold)
[2026-02-05T19:20:30.398+0000][14.184s][info ][gc,task     ] GC(25) Using 5 workers of 10 for evacuation
[2026-02-05T19:20:30.405+0000][14.190s][info ][gc,phases   ] GC(25)   Pre Evacuate Collection Set: 0.2ms
[2026-02-05T19:20:30.405+0000][14.191s][info ][gc,phases   ] GC(25)   Merge Heap Roots: 0.1ms
[2026-02-05T19:20:30.405+0000][14.191s][info ][gc,phases   ] GC(25)   Evacuate Collection Set: 5.2ms
[2026-02-05T19:20:30.405+0000][14.191s][info ][gc,phases   ] GC(25)   Post Evacuate Collection Set: 1.1ms
[2026-02-05T19:20:30.406+0000][14.191s][info ][gc,phases   ] GC(25)   Other: 0.5ms
[2026-02-05T19:20:30.406+0000][14.191s][info ][gc,heap     ] GC(25) Eden regions: 26->0(59)
[2026-02-05T19:20:30.406+0000][14.192s][info ][gc,heap     ] GC(25) Survivor regions: 5->4(8)
[2026-02-05T19:20:30.406+0000][14.192s][info ][gc,heap     ] GC(25) Old regions: 29->30
[2026-02-05T19:20:30.406+0000][14.192s][info ][gc,heap     ] GC(25) Archive regions: 2->2
[2026-02-05T19:20:30.406+0000][14.192s][info ][gc,heap     ] GC(25) Humongous regions: 0->0
[2026-02-05T19:20:30.407+0000][14.192s][info ][gc,metaspace] GC(25) Metaspace: 60356K(60736K)->60356K(60736K) NonClass: 52664K(52864K)->52664K(52864K) Class: 7691K(7872K)->7691K(7872K)
[2026-02-05T19:20:30.407+0000][14.192s][info ][gc          ] GC(25) Pause Young (Concurrent Start) (Metadata GC Threshold) 119M->67M(220M) 9.070ms
[2026-02-05T19:20:30.407+0000][14.193s][info ][gc,cpu      ] GC(25) User=0.03s Sys=0.00s Real=0.01s
[2026-02-05T19:20:30.407+0000][14.193s][info ][gc          ] GC(26) Concurrent Mark Cycle
[2026-02-05T19:20:30.407+0000][14.193s][info ][gc,marking  ] GC(26) Concurrent Clear Claimed Marks
[2026-02-05T19:20:30.407+0000][14.193s][info ][safepoint   ] Safepoint "CollectForMetadataAllocation", Time since last: 339961783 ns, Reaching safepoint: 414521 ns, Cleanup: 47702 ns, At safepoint: 9431574 ns, Total: 9893797 ns
[2026-02-05T19:20:30.407+0000][14.193s][info ][gc,marking  ] GC(26) Concurrent Clear Claimed Marks 0.220ms
[2026-02-05T19:20:30.408+0000][14.194s][info ][gc,marking  ] GC(26) Concurrent Scan Root Regions
[2026-02-05T19:20:30.411+0000][14.197s][info ][gc,marking  ] GC(26) Concurrent Scan Root Regions 3.228ms
[2026-02-05T19:20:30.411+0000][14.197s][info ][gc,marking  ] GC(26) Concurrent Mark
[2026-02-05T19:20:30.412+0000][14.197s][info ][gc,marking  ] GC(26) Concurrent Mark From Roots
[2026-02-05T19:20:30.412+0000][14.197s][info ][gc,task     ] GC(26) Using 3 workers of 3 for marking
[2026-02-05T19:20:30.429+0000][14.214s][debug][safepoint   ] Safepoint synchronization initiated using futex wait barrier. (20 threads)
[2026-02-05T19:20:30.429+0000][14.215s][info ][safepoint   ] Safepoint "CollectForMetadataAllocation", Time since last: 21560784 ns, Reaching safepoint: 566728 ns, Cleanup: 23601 ns, At safepoint: 113006 ns, Total: 703335 ns
[2026-02-05T19:20:30.443+0000][14.229s][info ][gc,marking  ] GC(26) Concurrent Mark From Roots 31.742ms
[2026-02-05T19:20:30.444+0000][14.229s][info ][gc,marking  ] GC(26) Concurrent Preclean
[2026-02-05T19:20:30.444+0000][14.230s][info ][gc,marking  ] GC(26) Concurrent Preclean 0.462ms
[2026-02-05T19:20:30.444+0000][14.230s][debug][safepoint   ] Safepoint synchronization initiated using futex wait barrier. (20 threads)
[2026-02-05T19:20:30.444+0000][14.230s][info ][gc,start    ] GC(26) Pause Remark
[2026-02-05T19:20:30.449+0000][14.234s][info ][gc          ] GC(26) Pause Remark 71M->71M(220M) 4.170ms
[2026-02-05T19:20:30.449+0000][14.235s][info ][gc,cpu      ] GC(26) User=0.02s Sys=0.00s Real=0.00s
[2026-02-05T19:20:30.449+0000][14.235s][info ][safepoint   ] Safepoint "G1PauseRemark", Time since last: 14918150 ns, Reaching safepoint: 187209 ns, Cleanup: 9901 ns, At safepoint: 4660034 ns, Total: 4857144 ns
[2026-02-05T19:20:30.449+0000][14.235s][info ][gc,marking  ] GC(26) Concurrent Mark 38.015ms
[2026-02-05T19:20:30.450+0000][14.235s][info ][gc,marking  ] GC(26) Concurrent Rebuild Remembered Sets
[2026-02-05T19:20:30.464+0000][14.250s][info ][gc,marking  ] GC(26) Concurrent Rebuild Remembered Sets 14.302ms
[2026-02-05T19:20:30.464+0000][14.250s][debug][safepoint   ] Safepoint synchronization initiated using futex wait barrier. (20 threads)
[2026-02-05T19:20:30.464+0000][14.250s][info ][gc,start    ] GC(26) Pause Cleanup
[2026-02-05T19:20:30.465+0000][14.250s][info ][gc          ] GC(26) Pause Cleanup 71M->71M(220M) 0.323ms
[2026-02-05T19:20:30.465+0000][14.251s][info ][gc,cpu      ] GC(26) User=0.00s Sys=0.00s Real=0.00s
[2026-02-05T19:20:30.465+0000][14.251s][info ][safepoint   ] Safepoint "G1PauseCleanup", Time since last: 15146061 ns, Reaching safepoint: 173509 ns, Cleanup: 3700 ns, At safepoint: 728737 ns, Total: 905946 ns
[2026-02-05T19:20:30.465+0000][14.251s][info ][gc,marking  ] GC(26) Concurrent Cleanup for Next Mark
[2026-02-05T19:20:30.466+0000][14.252s][info ][gc,marking  ] GC(26) Concurrent Cleanup for Next Mark 0.793ms
[2026-02-05T19:20:30.466+0000][14.252s][info ][gc          ] GC(26) Concurrent Mark Cycle 59.421ms
[2026-02-05T19:20:30.922+0000][14.707s][debug][safepoint   ] Safepoint synchronization initiated using futex wait barrier. (21 threads)
[2026-02-05T19:20:30.922+0000][14.708s][info ][safepoint   ] Safepoint "ICBufferFull", Time since last: 456559142 ns, Reaching safepoint: 233212 ns, Cleanup: 220811 ns, At safepoint: 8300 ns, Total: 462323 ns
[2026-02-05T19:20:31.103+0000][14.888s][debug][safepoint   ] Safepoint synchronization initiated using futex wait barrier. (21 threads)
[2026-02-05T19:20:31.104+0000][14.890s][info ][gc,start    ] GC(27) Pause Young (Prepare Mixed) (G1 Evacuation Pause)
[2026-02-05T19:20:31.105+0000][14.890s][info ][gc,task     ] GC(27) Using 5 workers of 10 for evacuation
[2026-02-05T19:20:31.113+0000][14.899s][info ][gc,phases   ] GC(27)   Pre Evacuate Collection Set: 0.2ms
[2026-02-05T19:20:31.113+0000][14.899s][info ][gc,phases   ] GC(27)   Merge Heap Roots: 0.2ms
[2026-02-05T19:20:31.113+0000][14.899s][info ][gc,phases   ] GC(27)   Evacuate Collection Set: 6.4ms
[2026-02-05T19:20:31.114+0000][14.899s][info ][gc,phases   ] GC(27)   Post Evacuate Collection Set: 1.3ms
[2026-02-05T19:20:31.114+0000][14.900s][info ][gc,phases   ] GC(27)   Other: 0.6ms
[2026-02-05T19:20:31.114+0000][14.900s][info ][gc,heap     ] GC(27) Eden regions: 59->0(1)
[2026-02-05T19:20:31.114+0000][14.900s][info ][gc,heap     ] GC(27) Survivor regions: 4->5(8)
[2026-02-05T19:20:31.114+0000][14.900s][info ][gc,heap     ] GC(27) Old regions: 30->30
[2026-02-05T19:20:31.115+0000][14.900s][info ][gc,heap     ] GC(27) Archive regions: 2->2
[2026-02-05T19:20:31.115+0000][14.900s][info ][gc,heap     ] GC(27) Humongous regions: 0->0
[2026-02-05T19:20:31.115+0000][14.901s][info ][gc,metaspace] GC(27) Metaspace: 63156K(63616K)->63156K(63616K) NonClass: 55113K(55360K)->55113K(55360K) Class: 8042K(8256K)->8042K(8256K)
[2026-02-05T19:20:31.115+0000][14.901s][info ][gc          ] GC(27) Pause Young (Prepare Mixed) (G1 Evacuation Pause) 185M->69M(220M) 10.817ms
[2026-02-05T19:20:31.115+0000][14.901s][info ][gc,cpu      ] GC(27) User=0.06s Sys=0.00s Real=0.01s
[2026-02-05T19:20:31.115+0000][14.901s][info ][safepoint   ] Safepoint "G1CollectForAllocation", Time since last: 180413566 ns, Reaching safepoint: 298415 ns, Cleanup: 1420072 ns, At safepoint: 11173261 ns, Total: 12891748 ns
[2026-02-05T19:20:31.130+0000][14.916s][debug][safepoint   ] Safepoint synchronization initiated using futex wait barrier. (21 threads)
[2026-02-05T19:20:31.131+0000][14.916s][info ][gc,start    ] GC(28) Pause Young (Mixed) (G1 Evacuation Pause)
[2026-02-05T19:20:31.131+0000][14.916s][info ][gc,task     ] GC(28) Using 5 workers of 10 for evacuation
[2026-02-05T19:20:31.138+0000][14.924s][info ][gc,phases   ] GC(28)   Pre Evacuate Collection Set: 0.1ms
[2026-02-05T19:20:31.138+0000][14.924s][info ][gc,phases   ] GC(28)   Merge Heap Roots: 0.1ms
[2026-02-05T19:20:31.138+0000][14.924s][info ][gc,phases   ] GC(28)   Evacuate Collection Set: 5.9ms
[2026-02-05T19:20:31.138+0000][14.924s][info ][gc,phases   ] GC(28)   Post Evacuate Collection Set: 0.9ms
[2026-02-05T19:20:31.139+0000][14.924s][info ][gc,phases   ] GC(28)   Other: 0.3ms
[2026-02-05T19:20:31.139+0000][14.924s][info ][gc,heap     ] GC(28) Eden regions: 1->0(58)
[2026-02-05T19:20:31.139+0000][14.924s][info ][gc,heap     ] GC(28) Survivor regions: 5->1(1)
[2026-02-05T19:20:31.139+0000][14.925s][info ][gc,heap     ] GC(28) Old regions: 30->34
[2026-02-05T19:20:31.139+0000][14.925s][info ][gc,heap     ] GC(28) Archive regions: 2->2
[2026-02-05T19:20:31.139+0000][14.925s][info ][gc,heap     ] GC(28) Humongous regions: 0->0
[2026-02-05T19:20:31.139+0000][14.925s][info ][gc,metaspace] GC(28) Metaspace: 63200K(63680K)->63200K(63680K) NonClass: 55153K(55424K)->55153K(55424K) Class: 8046K(8256K)->8046K(8256K)
[2026-02-05T19:20:31.139+0000][14.925s][info ][gc          ] GC(28) Pause Young (Mixed) (G1 Evacuation Pause) 71M->69M(220M) 8.826ms
[2026-02-05T19:20:31.140+0000][14.925s][info ][gc,cpu      ] GC(28) User=0.04s Sys=0.00s Real=0.01s
[2026-02-05T19:20:31.140+0000][14.926s][info ][safepoint   ] Safepoint "G1CollectForAllocation", Time since last: 14872247 ns, Reaching safepoint: 247513 ns, Cleanup: 5200 ns, At safepoint: 9309468 ns, Total: 9562181 ns
[2026-02-05T19:20:31.714+0000][15.500s][debug][safepoint   ] Safepoint synchronization initiated using futex wait barrier. (20 threads)
[2026-02-05T19:20:31.714+0000][15.500s][info ][gc,start    ] GC(29) Pause Young (Concurrent Start) (G1 Evacuation Pause)
[2026-02-05T19:20:31.714+0000][15.500s][info ][gc,task     ] GC(29) Using 5 workers of 10 for evacuation
[2026-02-05T19:20:31.717+0000][15.503s][info ][gc,phases   ] GC(29)   Pre Evacuate Collection Set: 0.2ms
[2026-02-05T19:20:31.717+0000][15.503s][info ][gc,phases   ] GC(29)   Merge Heap Roots: 0.2ms
[2026-02-05T19:20:31.718+0000][15.503s][info ][gc,phases   ] GC(29)   Evacuate Collection Set: 1.2ms
[2026-02-05T19:20:31.718+0000][15.504s][info ][gc,phases   ] GC(29)   Post Evacuate Collection Set: 1.0ms
[2026-02-05T19:20:31.718+0000][15.504s][info ][gc,phases   ] GC(29)   Other: 0.4ms
[2026-02-05T19:20:31.718+0000][15.504s][info ][gc,heap     ] GC(29) Eden regions: 58->0(59)
[2026-02-05T19:20:31.719+0000][15.504s][info ][gc,heap     ] GC(29) Survivor regions: 1->1(8)
[2026-02-05T19:20:31.719+0000][15.505s][info ][gc,heap     ] GC(29) Old regions: 34->34
[2026-02-05T19:20:31.719+0000][15.505s][info ][gc,heap     ] GC(29) Archive regions: 2->2
[2026-02-05T19:20:31.719+0000][15.505s][info ][gc,heap     ] GC(29) Humongous regions: 0->0
[2026-02-05T19:20:31.719+0000][15.505s][info ][gc,metaspace] GC(29) Metaspace: 66145K(66624K)->66145K(66624K) NonClass: 57637K(57856K)->57637K(57856K) Class: 8508K(8768K)->8508K(8768K)
[2026-02-05T19:20:31.720+0000][15.505s][info ][gc          ] GC(29) Pause Young (Concurrent Start) (G1 Evacuation Pause) 185M->68M(220M) 5.507ms
[2026-02-05T19:20:31.720+0000][15.506s][info ][gc,cpu      ] GC(29) User=0.01s Sys=0.00s Real=0.00s
[2026-02-05T19:20:31.720+0000][15.506s][info ][gc          ] GC(30) Concurrent Mark Cycle
[2026-02-05T19:20:31.720+0000][15.506s][info ][safepoint   ] Safepoint "G1CollectForAllocation", Time since last: 573926140 ns, Reaching safepoint: 313316 ns, Cleanup: 13701 ns, At safepoint: 5972400 ns, Total: 6299417 ns
[2026-02-05T19:20:31.726+0000][15.511s][info ][gc,marking  ] GC(30) Concurrent Clear Claimed Marks
[2026-02-05T19:20:31.726+0000][15.512s][info ][gc,marking  ] GC(30) Concurrent Clear Claimed Marks 0.533ms
[2026-02-05T19:20:31.726+0000][15.512s][info ][gc,marking  ] GC(30) Concurrent Scan Root Regions
[2026-02-05T19:20:31.728+0000][15.513s][info ][gc,marking  ] GC(30) Concurrent Scan Root Regions 1.429ms
[2026-02-05T19:20:31.728+0000][15.514s][info ][gc,marking  ] GC(30) Concurrent Mark
[2026-02-05T19:20:31.728+0000][15.514s][info ][gc,marking  ] GC(30) Concurrent Mark From Roots
[2026-02-05T19:20:31.728+0000][15.514s][info ][gc,task     ] GC(30) Using 3 workers of 3 for marking
[2026-02-05T19:20:31.767+0000][15.553s][info ][gc,marking  ] GC(30) Concurrent Mark From Roots 39.382ms
[2026-02-05T19:20:31.768+0000][15.554s][info ][gc,marking  ] GC(30) Concurrent Preclean
[2026-02-05T19:20:31.769+0000][15.554s][info ][gc,marking  ] GC(30) Concurrent Preclean 0.628ms
[2026-02-05T19:20:31.769+0000][15.555s][debug][safepoint   ] Safepoint synchronization initiated using futex wait barrier. (20 threads)
[2026-02-05T19:20:31.770+0000][15.555s][info ][gc,start    ] GC(30) Pause Remark
[2026-02-05T19:20:31.773+0000][15.559s][info ][gc          ] GC(30) Pause Remark 74M->74M(220M) 3.476ms
[2026-02-05T19:20:31.774+0000][15.559s][info ][gc,cpu      ] GC(30) User=0.01s Sys=0.00s Real=0.01s
[2026-02-05T19:20:31.774+0000][15.560s][info ][safepoint   ] Safepoint "G1PauseRemark", Time since last: 48847054 ns, Reaching safepoint: 674334 ns, Cleanup: 16101 ns, At safepoint: 4374020 ns, Total: 5064455 ns
[2026-02-05T19:20:31.778+0000][15.563s][info ][gc,marking  ] GC(30) Concurrent Mark 49.603ms
[2026-02-05T19:20:31.778+0000][15.563s][info ][gc,marking  ] GC(30) Concurrent Rebuild Remembered Sets
[2026-02-05T19:20:31.796+0000][15.582s][info ][gc,marking  ] GC(30) Concurrent Rebuild Remembered Sets 18.305ms
[2026-02-05T19:20:31.797+0000][15.582s][debug][safepoint   ] Safepoint synchronization initiated using futex wait barrier. (20 threads)
[2026-02-05T19:20:31.797+0000][15.583s][info ][gc,start    ] GC(30) Pause Cleanup
[2026-02-05T19:20:31.798+0000][15.583s][info ][gc          ] GC(30) Pause Cleanup 78M->78M(220M) 0.538ms
[2026-02-05T19:20:31.798+0000][15.584s][info ][gc,cpu      ] GC(30) User=0.00s Sys=0.00s Real=0.00s
[2026-02-05T19:20:31.798+0000][15.584s][info ][safepoint   ] Safepoint "G1PauseCleanup", Time since last: 22594835 ns, Reaching safepoint: 305216 ns, Cleanup: 11000 ns, At safepoint: 1337967 ns, Total: 1654183 ns
[2026-02-05T19:20:31.799+0000][15.584s][info ][gc,marking  ] GC(30) Concurrent Cleanup for Next Mark
[2026-02-05T19:20:31.799+0000][15.585s][info ][gc,marking  ] GC(30) Concurrent Cleanup for Next Mark 0.568ms
[2026-02-05T19:20:31.800+0000][15.585s][info ][gc          ] GC(30) Concurrent Mark Cycle 79.603ms
[2026-02-05T19:20:32.214+0000][16.000s][debug][safepoint   ] Safepoint synchronization initiated using futex wait barrier. (21 threads)
[2026-02-05T19:20:32.214+0000][16.000s][info ][safepoint   ] Safepoint "ICBufferFull", Time since last: 415552882 ns, Reaching safepoint: 333517 ns, Cleanup: 72604 ns, At safepoint: 2000 ns, Total: 408121 ns
[2026-02-05T19:20:32.427+0000][16.212s][debug][safepoint   ] Safepoint synchronization initiated using futex wait barrier. (21 threads)
[2026-02-05T19:20:32.427+0000][16.213s][info ][gc,start    ] GC(31) Pause Young (Prepare Mixed) (G1 Evacuation Pause)
[2026-02-05T19:20:32.427+0000][16.213s][info ][gc,task     ] GC(31) Using 5 workers of 10 for evacuation
[2026-02-05T19:20:32.431+0000][16.216s][info ][gc,phases   ] GC(31)   Pre Evacuate Collection Set: 0.1ms
[2026-02-05T19:20:32.431+0000][16.217s][info ][gc,phases   ] GC(31)   Merge Heap Roots: 0.1ms
[2026-02-05T19:20:32.431+0000][16.217s][info ][gc,phases   ] GC(31)   Evacuate Collection Set: 2.2ms
[2026-02-05T19:20:32.431+0000][16.217s][info ][gc,phases   ] GC(31)   Post Evacuate Collection Set: 0.9ms
[2026-02-05T19:20:32.432+0000][16.217s][info ][gc,phases   ] GC(31)   Other: 0.4ms
[2026-02-05T19:20:32.432+0000][16.218s][info ][gc,heap     ] GC(31) Eden regions: 59->0(3)
[2026-02-05T19:20:32.432+0000][16.218s][info ][gc,heap     ] GC(31) Survivor regions: 1->2(8)
[2026-02-05T19:20:32.432+0000][16.218s][info ][gc,heap     ] GC(31) Old regions: 34->34
[2026-02-05T19:20:32.432+0000][16.218s][info ][gc,heap     ] GC(31) Archive regions: 2->2
[2026-02-05T19:20:32.433+0000][16.218s][info ][gc,heap     ] GC(31) Humongous regions: 0->0
[2026-02-05T19:20:32.433+0000][16.218s][info ][gc,metaspace] GC(31) Metaspace: 68168K(68608K)->68168K(68608K) NonClass: 59418K(59648K)->59418K(59648K) Class: 8750K(8960K)->8750K(8960K)
[2026-02-05T19:20:32.433+0000][16.219s][info ][gc          ] GC(31) Pause Young (Prepare Mixed) (G1 Evacuation Pause) 186M->72M(220M) 5.748ms
[2026-02-05T19:20:32.433+0000][16.219s][info ][gc,cpu      ] GC(31) User=0.02s Sys=0.00s Real=0.00s
[2026-02-05T19:20:32.433+0000][16.219s][info ][safepoint   ] Safepoint "G1CollectForAllocation", Time since last: 212421874 ns, Reaching safepoint: 361418 ns, Cleanup: 97505 ns, At safepoint: 6127608 ns, Total: 6586531 ns
[2026-02-05T19:20:32.455+0000][16.240s][debug][safepoint   ] Safepoint synchronization initiated using futex wait barrier. (21 threads)
[2026-02-05T19:20:32.455+0000][16.241s][info ][gc,start    ] GC(32) Pause Young (Mixed) (G1 Evacuation Pause)
[2026-02-05T19:20:32.455+0000][16.241s][info ][gc,task     ] GC(32) Using 5 workers of 10 for evacuation
[2026-02-05T19:20:32.461+0000][16.247s][info ][gc,phases   ] GC(32)   Pre Evacuate Collection Set: 0.1ms
[2026-02-05T19:20:32.461+0000][16.247s][info ][gc,phases   ] GC(32)   Merge Heap Roots: 0.1ms
[2026-02-05T19:20:32.461+0000][16.247s][info ][gc,phases   ] GC(32)   Evacuate Collection Set: 4.2ms
[2026-02-05T19:20:32.462+0000][16.247s][info ][gc,phases   ] GC(32)   Post Evacuate Collection Set: 0.9ms
[2026-02-05T19:20:32.462+0000][16.248s][info ][gc,phases   ] GC(32)   Other: 0.6ms
[2026-02-05T19:20:32.462+0000][16.248s][info ][gc,heap     ] GC(32) Eden regions: 3->0(57)
[2026-02-05T19:20:32.462+0000][16.248s][info ][gc,heap     ] GC(32) Survivor regions: 2->1(1)
[2026-02-05T19:20:32.463+0000][16.248s][info ][gc,heap     ] GC(32) Old regions: 34->35
[2026-02-05T19:20:32.463+0000][16.249s][info ][gc,heap     ] GC(32) Archive regions: 2->2
[2026-02-05T19:20:32.463+0000][16.249s][info ][gc,heap     ] GC(32) Humongous regions: 0->0
[2026-02-05T19:20:32.463+0000][16.249s][info ][gc,metaspace] GC(32) Metaspace: 68244K(68736K)->68244K(68736K) NonClass: 59483K(59712K)->59483K(59712K) Class: 8761K(9024K)->8761K(9024K)
[2026-02-05T19:20:32.464+0000][16.249s][info ][gc          ] GC(32) Pause Young (Mixed) (G1 Evacuation Pause) 78M->71M(220M) 8.560ms
[2026-02-05T19:20:32.464+0000][16.249s][info ][gc,cpu      ] GC(32) User=0.03s Sys=0.00s Real=0.01s
[2026-02-05T19:20:32.464+0000][16.250s][info ][safepoint   ] Safepoint "G1CollectForAllocation", Time since last: 21294370 ns, Reaching safepoint: 394520 ns, Cleanup: 10801 ns, At safepoint: 9002452 ns, Total: 9407773 ns
[2026-02-05T19:20:32.914+0000][16.700s][debug][safepoint   ] Safepoint synchronization initiated using futex wait barrier. (20 threads)
[2026-02-05T19:20:32.915+0000][16.700s][info ][safepoint   ] Safepoint "ICBufferFull", Time since last: 450297628 ns, Reaching safepoint: 350617 ns, Cleanup: 85205 ns, At safepoint: 23801 ns, Total: 459623 ns
[2026-02-05T19:20:33.087+0000][16.872s][debug][safepoint   ] Safepoint synchronization initiated using futex wait barrier. (21 threads)
[2026-02-05T19:20:33.087+0000][16.873s][info ][safepoint   ] Safepoint "ICBufferFull", Time since last: 171903038 ns, Reaching safepoint: 437822 ns, Cleanup: 90005 ns, At safepoint: 4100 ns, Total: 531927 ns
[2026-02-05T19:20:33.097+0000][16.883s][debug][safepoint   ] Safepoint synchronization initiated using futex wait barrier. (21 threads)
[2026-02-05T19:20:33.098+0000][16.883s][info ][gc,start    ] GC(33) Pause Young (Normal) (G1 Evacuation Pause)
[2026-02-05T19:20:33.098+0000][16.884s][info ][gc,task     ] GC(33) Using 5 workers of 10 for evacuation
[2026-02-05T19:20:33.104+0000][16.889s][info ][gc,phases   ] GC(33)   Pre Evacuate Collection Set: 0.1ms
[2026-02-05T19:20:33.104+0000][16.890s][info ][gc,phases   ] GC(33)   Merge Heap Roots: 0.3ms
[2026-02-05T19:20:33.104+0000][16.890s][info ][gc,phases   ] GC(33)   Evacuate Collection Set: 2.6ms
[2026-02-05T19:20:33.104+0000][16.890s][info ][gc,phases   ] GC(33)   Post Evacuate Collection Set: 2.4ms
[2026-02-05T19:20:33.105+0000][16.890s][info ][gc,phases   ] GC(33)   Other: 0.4ms
[2026-02-05T19:20:33.105+0000][16.890s][info ][gc,heap     ] GC(33) Eden regions: 57->0(131)
[2026-02-05T19:20:33.105+0000][16.891s][info ][gc,heap     ] GC(33) Survivor regions: 1->1(8)
[2026-02-05T19:20:33.105+0000][16.891s][info ][gc,heap     ] GC(33) Old regions: 35->35
[2026-02-05T19:20:33.105+0000][16.891s][info ][gc,heap     ] GC(33) Archive regions: 2->2
[2026-02-05T19:20:33.106+0000][16.891s][info ][gc,heap     ] GC(33) Humongous regions: 0->0
[2026-02-05T19:20:33.106+0000][16.892s][info ][gc,metaspace] GC(33) Metaspace: 71822K(72320K)->71822K(72320K) NonClass: 62627K(62848K)->62627K(62848K) Class: 9195K(9472K)->9195K(9472K)
[2026-02-05T19:20:33.106+0000][16.892s][info ][gc          ] GC(33) Pause Young (Normal) (G1 Evacuation Pause) 185M->72M(440M) 8.443ms
[2026-02-05T19:20:33.106+0000][16.892s][info ][gc,cpu      ] GC(33) User=0.02s Sys=0.00s Real=0.01s
[2026-02-05T19:20:33.107+0000][16.892s][info ][safepoint   ] Safepoint "G1CollectForAllocation", Time since last: 10104008 ns, Reaching safepoint: 355818 ns, Cleanup: 12100 ns, At safepoint: 9004553 ns, Total: 9372471 ns
[2026-02-05T19:20:34.297+0000][18.082s][debug][safepoint   ] Safepoint synchronization initiated using futex wait barrier. (19 threads)
[2026-02-05T19:20:34.301+0000][18.087s][info ][safepoint   ] Safepoint "Cleanup", Time since last: 1189993598 ns, Reaching safepoint: 4555729 ns, Cleanup: 101705 ns, At safepoint: 26001 ns, Total: 4683435 ns
[2026-02-05T19:20:34.558+0000][18.344s][debug][safepoint   ] Safepoint synchronization initiated using futex wait barrier. (21 threads)
[2026-02-05T19:20:34.559+0000][18.345s][info ][safepoint   ] Safepoint "ICBufferFull", Time since last: 257169123 ns, Reaching safepoint: 515226 ns, Cleanup: 104205 ns, At safepoint: 24202 ns, Total: 643633 ns
[2026-02-05T19:20:34.647+0000][18.433s][debug][safepoint   ] Safepoint synchronization initiated using futex wait barrier. (21 threads)
[2026-02-05T19:20:34.647+0000][18.433s][info ][safepoint   ] Safepoint "ICBufferFull", Time since last: 87715807 ns, Reaching safepoint: 245113 ns, Cleanup: 67403 ns, At safepoint: 37102 ns, Total: 349618 ns
[2026-02-05T19:20:34.710+0000][18.496s][debug][safepoint   ] Safepoint synchronization initiated using futex wait barrier. (21 threads)
[2026-02-05T19:20:34.711+0000][18.496s][info ][safepoint   ] Safepoint "ICBufferFull", Time since last: 62947163 ns, Reaching safepoint: 290815 ns, Cleanup: 82304 ns, At safepoint: 25901 ns, Total: 399020 ns
[2026-02-05T19:20:34.802+0000][18.588s][debug][safepoint   ] Safepoint synchronization initiated using futex wait barrier. (21 threads)
[2026-02-05T19:20:34.803+0000][18.588s][info ][gc,start    ] GC(34) Pause Young (Normal) (G1 Evacuation Pause)
[2026-02-05T19:20:34.803+0000][18.589s][info ][gc,task     ] GC(34) Using 10 workers of 10 for evacuation
[2026-02-05T19:20:34.808+0000][18.593s][info ][gc,phases   ] GC(34)   Pre Evacuate Collection Set: 0.3ms
[2026-02-05T19:20:34.808+0000][18.594s][info ][gc,phases   ] GC(34)   Merge Heap Roots: 0.2ms
[2026-02-05T19:20:34.808+0000][18.594s][info ][gc,phases   ] GC(34)   Evacuate Collection Set: 2.8ms
[2026-02-05T19:20:34.808+0000][18.594s][info ][gc,phases   ] GC(34)   Post Evacuate Collection Set: 1.4ms
[2026-02-05T19:20:34.809+0000][18.594s][info ][gc,phases   ] GC(34)   Other: 0.4ms
[2026-02-05T19:20:34.809+0000][18.594s][info ][gc,heap     ] GC(34) Eden regions: 131->0(130)
[2026-02-05T19:20:34.809+0000][18.594s][info ][gc,heap     ] GC(34) Survivor regions: 1->2(17)
[2026-02-05T19:20:34.809+0000][18.595s][info ][gc,heap     ] GC(34) Old regions: 35->35
[2026-02-05T19:20:34.809+0000][18.595s][info ][gc,heap     ] GC(34) Archive regions: 2->2
[2026-02-05T19:20:34.809+0000][18.595s][info ][gc,heap     ] GC(34) Humongous regions: 0->0
[2026-02-05T19:20:34.809+0000][18.595s][info ][gc,metaspace] GC(34) Metaspace: 79522K(79936K)->79522K(79936K) NonClass: 69122K(69312K)->69122K(69312K) Class: 10399K(10624K)->10399K(10624K)
[2026-02-05T19:20:34.809+0000][18.595s][info ][gc          ] GC(34) Pause Young (Normal) (G1 Evacuation Pause) 334M->74M(440M) 6.649ms
[2026-02-05T19:20:34.809+0000][18.595s][info ][gc,cpu      ] GC(34) User=0.04s Sys=0.00s Real=0.00s
[2026-02-05T19:20:34.810+0000][18.595s][info ][safepoint   ] Safepoint "G1CollectForAllocation", Time since last: 91585802 ns, Reaching safepoint: 416521 ns, Cleanup: 96505 ns, At safepoint: 6988551 ns, Total: 7501577 ns
[2026-02-05T19:20:35.022+0000][18.808s][debug][safepoint   ] Safepoint synchronization initiated using futex wait barrier. (21 threads)
[2026-02-05T19:20:35.023+0000][18.808s][debug][safepoint   ] ... found polling page loop exception at pc = 0x0000747c95392d9c, stub =0x0000747c94b10400
[2026-02-05T19:20:35.023+0000][18.809s][info ][safepoint   ] Safepoint "ICBufferFull", Time since last: 212566282 ns, Reaching safepoint: 742237 ns, Cleanup: 283915 ns, At safepoint: 34801 ns, Total: 1060953 ns
[2026-02-05T19:20:35.042+0000][18.828s][debug][safepoint   ] Safepoint synchronization initiated using futex wait barrier. (21 threads)
[2026-02-05T19:20:35.043+0000][18.828s][info ][safepoint   ] Safepoint "ICBufferFull", Time since last: 18812846 ns, Reaching safepoint: 437722 ns, Cleanup: 143107 ns, At safepoint: 53003 ns, Total: 633832 ns
[2026-02-05T19:20:35.628+0000][19.414s][debug][safepoint   ] Safepoint synchronization initiated using futex wait barrier. (20 threads)
[2026-02-05T19:20:35.628+0000][19.414s][info ][safepoint   ] Safepoint "ICBufferFull", Time since last: 585162605 ns, Reaching safepoint: 471123 ns, Cleanup: 92705 ns, At safepoint: 2500 ns, Total: 566328 ns
[2026-02-05T19:20:36.066+0000][19.851s][debug][safepoint   ] Safepoint synchronization initiated using futex wait barrier. (20 threads)
[2026-02-05T19:20:36.066+0000][19.852s][info ][safepoint   ] Safepoint "ICBufferFull", Time since last: 437102065 ns, Reaching safepoint: 354018 ns, Cleanup: 104905 ns, At safepoint: 4600 ns, Total: 463523 ns
[2026-02-05T19:20:36.417+0000][20.203s][debug][safepoint   ] Safepoint synchronization initiated using futex wait barrier. (20 threads)
[2026-02-05T19:20:36.418+0000][20.204s][info ][gc,start    ] GC(35) Pause Young (Normal) (G1 Evacuation Pause)
[2026-02-05T19:20:36.418+0000][20.204s][info ][gc,task     ] GC(35) Using 10 workers of 10 for evacuation
[2026-02-05T19:20:36.427+0000][20.213s][info ][gc,phases   ] GC(35)   Pre Evacuate Collection Set: 0.2ms
[2026-02-05T19:20:36.427+0000][20.213s][info ][gc,phases   ] GC(35)   Merge Heap Roots: 0.2ms
[2026-02-05T19:20:36.427+0000][20.213s][info ][gc,phases   ] GC(35)   Evacuate Collection Set: 5.9ms
[2026-02-05T19:20:36.428+0000][20.213s][info ][gc,phases   ] GC(35)   Post Evacuate Collection Set: 2.0ms
[2026-02-05T19:20:36.428+0000][20.214s][info ][gc,phases   ] GC(35)   Other: 0.7ms
[2026-02-05T19:20:36.428+0000][20.214s][info ][gc,heap     ] GC(35) Eden regions: 130->0(128)
[2026-02-05T19:20:36.428+0000][20.214s][info ][gc,heap     ] GC(35) Survivor regions: 2->4(17)
[2026-02-05T19:20:36.428+0000][20.214s][info ][gc,heap     ] GC(35) Old regions: 35->35
[2026-02-05T19:20:36.429+0000][20.214s][info ][gc,heap     ] GC(35) Archive regions: 2->2
[2026-02-05T19:20:36.429+0000][20.215s][info ][gc,heap     ] GC(35) Humongous regions: 0->0
[2026-02-05T19:20:36.429+0000][20.215s][info ][gc,metaspace] GC(35) Metaspace: 84625K(85184K)->84625K(85184K) NonClass: 73588K(73856K)->73588K(73856K) Class: 11037K(11328K)->11037K(11328K)
[2026-02-05T19:20:36.429+0000][20.215s][info ][gc          ] GC(35) Pause Young (Normal) (G1 Evacuation Pause) 334M->78M(440M) 11.358ms
[2026-02-05T19:20:36.430+0000][20.216s][info ][gc,cpu      ] GC(35) User=0.06s Sys=0.01s Real=0.01s
[2026-02-05T19:20:36.430+0000][20.216s][info ][safepoint   ] Safepoint "G1CollectForAllocation", Time since last: 351364657 ns, Reaching safepoint: 485424 ns, Cleanup: 89104 ns, At safepoint: 12306519 ns, Total: 12881047 ns
[2026-02-05T19:20:37.434+0000][21.219s][debug][safepoint   ] Safepoint synchronization initiated using futex wait barrier. (20 threads)
[2026-02-05T19:20:37.434+0000][21.220s][info ][safepoint   ] Safepoint "Cleanup", Time since last: 1003405822 ns, Reaching safepoint: 387619 ns, Cleanup: 97505 ns, At safepoint: 24201 ns, Total: 509325 ns
[2026-02-05T19:20:38.244+0000][22.030s][debug][safepoint   ] ... found polling page loop exception at pc = 0x0000747c952647ce, stub =0x0000747c94b10400
[2026-02-05T19:20:38.455+0000][22.241s][debug][safepoint   ] Safepoint synchronization initiated using futex wait barrier. (24 threads)
[2026-02-05T19:20:38.456+0000][22.241s][info ][safepoint   ] Safepoint "ICBufferFull", Time since last: 1021089566 ns, Reaching safepoint: 362318 ns, Cleanup: 108105 ns, At safepoint: 3701 ns, Total: 474124 ns
[2026-02-05T19:20:38.548+0000][22.334s][debug][safepoint   ] Safepoint synchronization initiated using futex wait barrier. (25 threads)
[2026-02-05T19:20:38.549+0000][22.334s][info ][gc,start    ] GC(36) Pause Young (Normal) (G1 Evacuation Pause)
[2026-02-05T19:20:38.549+0000][22.335s][info ][gc,task     ] GC(36) Using 10 workers of 10 for evacuation
[2026-02-05T19:20:38.557+0000][22.343s][info ][gc,phases   ] GC(36)   Pre Evacuate Collection Set: 0.2ms
[2026-02-05T19:20:38.558+0000][22.343s][info ][gc,phases   ] GC(36)   Merge Heap Roots: 0.2ms
[2026-02-05T19:20:38.558+0000][22.344s][info ][gc,phases   ] GC(36)   Evacuate Collection Set: 5.5ms
[2026-02-05T19:20:38.559+0000][22.344s][info ][gc,phases   ] GC(36)   Post Evacuate Collection Set: 2.1ms
[2026-02-05T19:20:38.559+0000][22.345s][info ][gc,phases   ] GC(36)   Other: 0.6ms
[2026-02-05T19:20:38.559+0000][22.345s][info ][gc,heap     ] GC(36) Eden regions: 128->0(124)
[2026-02-05T19:20:38.559+0000][22.345s][info ][gc,heap     ] GC(36) Survivor regions: 4->8(17)
[2026-02-05T19:20:38.560+0000][22.345s][info ][gc,heap     ] GC(36) Old regions: 35->35
[2026-02-05T19:20:38.560+0000][22.346s][info ][gc,heap     ] GC(36) Archive regions: 2->2
[2026-02-05T19:20:38.560+0000][22.346s][info ][gc,heap     ] GC(36) Humongous regions: 0->0
[2026-02-05T19:20:38.560+0000][22.346s][info ][gc,metaspace] GC(36) Metaspace: 89424K(89984K)->89424K(89984K) NonClass: 78000K(78272K)->78000K(78272K) Class: 11423K(11712K)->11423K(11712K)
[2026-02-05T19:20:38.561+0000][22.346s][info ][gc          ] GC(36) Pause Young (Normal) (G1 Evacuation Pause) 334M->85M(440M) 11.725ms
[2026-02-05T19:20:38.561+0000][22.346s][info ][gc,cpu      ] GC(36) User=0.07s Sys=0.01s Real=0.01s
[2026-02-05T19:20:38.561+0000][22.347s][info ][safepoint   ] Safepoint "G1CollectForAllocation", Time since last: 92734168 ns, Reaching safepoint: 270914 ns, Cleanup: 32402 ns, At safepoint: 12211414 ns, Total: 12514730 ns
[2026-02-05T19:20:39.345+0000][23.131s][debug][safepoint   ] Safepoint synchronization initiated using futex wait barrier. (25 threads)
[2026-02-05T19:20:39.346+0000][23.132s][info ][safepoint   ] Safepoint "ICBufferFull", Time since last: 784377489 ns, Reaching safepoint: 446122 ns, Cleanup: 154708 ns, At safepoint: 18501 ns, Total: 619331 ns
[2026-02-05T19:20:39.754+0000][23.539s][debug][safepoint   ] Safepoint synchronization initiated using futex wait barrier. (25 threads)
[2026-02-05T19:20:39.754+0000][23.540s][info ][gc,start    ] GC(37) Pause Young (Normal) (G1 Evacuation Pause)
[2026-02-05T19:20:39.755+0000][23.540s][info ][gc,task     ] GC(37) Using 10 workers of 10 for evacuation
[2026-02-05T19:20:39.768+0000][23.554s][info ][gc,phases   ] GC(37)   Pre Evacuate Collection Set: 0.3ms
[2026-02-05T19:20:39.768+0000][23.554s][info ][gc,phases   ] GC(37)   Merge Heap Roots: 0.2ms
[2026-02-05T19:20:39.769+0000][23.554s][info ][gc,phases   ] GC(37)   Evacuate Collection Set: 10.2ms
[2026-02-05T19:20:39.769+0000][23.555s][info ][gc,phases   ] GC(37)   Post Evacuate Collection Set: 2.1ms
[2026-02-05T19:20:39.769+0000][23.555s][info ][gc,phases   ] GC(37)   Other: 0.8ms
[2026-02-05T19:20:39.770+0000][23.555s][info ][gc,heap     ] GC(37) Eden regions: 124->0(120)
[2026-02-05T19:20:39.770+0000][23.556s][info ][gc,heap     ] GC(37) Survivor regions: 8->12(17)
[2026-02-05T19:20:39.770+0000][23.556s][info ][gc,heap     ] GC(37) Old regions: 35->35
[2026-02-05T19:20:39.771+0000][23.556s][info ][gc,heap     ] GC(37) Archive regions: 2->2
[2026-02-05T19:20:39.771+0000][23.557s][info ][gc,heap     ] GC(37) Humongous regions: 0->0
[2026-02-05T19:20:39.771+0000][23.557s][info ][gc,metaspace] GC(37) Metaspace: 95687K(96256K)->95687K(96256K) NonClass: 83152K(83456K)->83152K(83456K) Class: 12534K(12800K)->12534K(12800K)
[2026-02-05T19:20:39.771+0000][23.557s][info ][gc          ] GC(37) Pause Young (Normal) (G1 Evacuation Pause) 333M->93M(440M) 17.352ms
[2026-02-05T19:20:39.772+0000][23.557s][info ][gc,cpu      ] GC(37) User=0.11s Sys=0.00s Real=0.01s
[2026-02-05T19:20:39.772+0000][23.558s][info ][safepoint   ] Safepoint "G1CollectForAllocation", Time since last: 407659523 ns, Reaching safepoint: 378519 ns, Cleanup: 103505 ns, At safepoint: 18086311 ns, Total: 18568335 ns
[2026-02-05T19:20:40.728+0000][24.514s][debug][safepoint   ] Safepoint synchronization initiated using futex wait barrier. (68 threads)
[2026-02-05T19:20:40.729+0000][24.514s][info ][safepoint   ] Safepoint "ICBufferFull", Time since last: 955808019 ns, Reaching safepoint: 362818 ns, Cleanup: 129806 ns, At safepoint: 20601 ns, Total: 513225 ns
[2026-02-05T19:20:41.258+0000][25.044s][debug][safepoint   ] Safepoint synchronization initiated using futex wait barrier. (76 threads)
[2026-02-05T19:20:41.259+0000][25.045s][info ][gc,start    ] GC(38) Pause Young (Normal) (G1 Evacuation Pause)
[2026-02-05T19:20:41.259+0000][25.045s][info ][gc,task     ] GC(38) Using 10 workers of 10 for evacuation
[2026-02-05T19:20:41.275+0000][25.061s][info ][gc,phases   ] GC(38)   Pre Evacuate Collection Set: 0.3ms
[2026-02-05T19:20:41.276+0000][25.061s][info ][gc,phases   ] GC(38)   Merge Heap Roots: 0.2ms
[2026-02-05T19:20:41.276+0000][25.062s][info ][gc,phases   ] GC(38)   Evacuate Collection Set: 13.1ms
[2026-02-05T19:20:41.276+0000][25.062s][info ][gc,phases   ] GC(38)   Post Evacuate Collection Set: 2.1ms
[2026-02-05T19:20:41.276+0000][25.062s][info ][gc,phases   ] GC(38)   Other: 1.0ms
[2026-02-05T19:20:41.277+0000][25.062s][info ][gc,heap     ] GC(38) Eden regions: 120->0(123)
[2026-02-05T19:20:41.277+0000][25.062s][info ][gc,heap     ] GC(38) Survivor regions: 12->9(17)
[2026-02-05T19:20:41.277+0000][25.063s][info ][gc,heap     ] GC(38) Old regions: 35->39
[2026-02-05T19:20:41.277+0000][25.063s][info ][gc,heap     ] GC(38) Archive regions: 2->2
[2026-02-05T19:20:41.277+0000][25.063s][info ][gc,heap     ] GC(38) Humongous regions: 0->0
[2026-02-05T19:20:41.277+0000][25.063s][info ][gc,metaspace] GC(38) Metaspace: 103433K(104064K)->103433K(104064K) NonClass: 89849K(90176K)->89849K(90176K) Class: 13584K(13888K)->13584K(13888K)
[2026-02-05T19:20:41.277+0000][25.063s][info ][gc          ] GC(38) Pause Young (Normal) (G1 Evacuation Pause) 333M->95M(440M) 18.541ms
[2026-02-05T19:20:41.278+0000][25.063s][info ][gc,cpu      ] GC(38) User=0.13s Sys=0.00s Real=0.02s
[2026-02-05T19:20:41.278+0000][25.064s][info ][safepoint   ] Safepoint "G1CollectForAllocation", Time since last: 529509058 ns, Reaching safepoint: 704435 ns, Cleanup: 132607 ns, At safepoint: 19016157 ns, Total: 19853199 ns
[2026-02-05T19:20:42.471+0000][26.256s][debug][safepoint   ] Safepoint synchronization initiated using futex wait barrier. (81 threads)
[2026-02-05T19:20:42.471+0000][26.257s][info ][safepoint   ] Safepoint "ICBufferFull", Time since last: 1192632942 ns, Reaching safepoint: 758638 ns, Cleanup: 146307 ns, At safepoint: 7001 ns, Total: 911946 ns
[2026-02-05T19:20:42.585+0000][26.371s][debug][safepoint   ] ... found polling page loop exception at pc = 0x0000747c95392d9c, stub =0x0000747c94b10400
[2026-02-05T19:20:43.099+0000][26.885s][debug][safepoint   ] Safepoint synchronization initiated using futex wait barrier. (87 threads)
[2026-02-05T19:20:43.100+0000][26.885s][info ][gc,start    ] GC(39) Pause Young (Normal) (G1 Evacuation Pause)
[2026-02-05T19:20:43.100+0000][26.886s][info ][gc,task     ] GC(39) Using 10 workers of 10 for evacuation
[2026-02-05T19:20:43.113+0000][26.898s][info ][gc,phases   ] GC(39)   Pre Evacuate Collection Set: 0.3ms
[2026-02-05T19:20:43.113+0000][26.899s][info ][gc,phases   ] GC(39)   Merge Heap Roots: 0.2ms
[2026-02-05T19:20:43.113+0000][26.899s][info ][gc,phases   ] GC(39)   Evacuate Collection Set: 9.0ms
[2026-02-05T19:20:43.114+0000][26.899s][info ][gc,phases   ] GC(39)   Post Evacuate Collection Set: 2.6ms
[2026-02-05T19:20:43.114+0000][26.900s][info ][gc,phases   ] GC(39)   Other: 0.9ms
[2026-02-05T19:20:43.114+0000][26.900s][info ][gc,heap     ] GC(39) Eden regions: 123->0(120)
[2026-02-05T19:20:43.115+0000][26.901s][info ][gc,heap     ] GC(39) Survivor regions: 9->12(17)
[2026-02-05T19:20:43.115+0000][26.901s][info ][gc,heap     ] GC(39) Old regions: 39->39
[2026-02-05T19:20:43.116+0000][26.901s][info ][gc,heap     ] GC(39) Archive regions: 2->2
[2026-02-05T19:20:43.116+0000][26.902s][info ][gc,heap     ] GC(39) Humongous regions: 0->0
[2026-02-05T19:20:43.116+0000][26.902s][info ][gc,metaspace] GC(39) Metaspace: 108636K(109248K)->108636K(109248K) NonClass: 94463K(94784K)->94463K(94784K) Class: 14172K(14464K)->14172K(14464K)
[2026-02-05T19:20:43.116+0000][26.902s][info ][gc          ] GC(39) Pause Young (Normal) (G1 Evacuation Pause) 341M->100M(440M) 16.518ms
[2026-02-05T19:20:43.117+0000][26.902s][info ][gc,cpu      ] GC(39) User=0.11s Sys=0.01s Real=0.02s
[2026-02-05T19:20:43.117+0000][26.903s][info ][safepoint   ] Safepoint "G1CollectForAllocation", Time since last: 627421787 ns, Reaching safepoint: 654032 ns, Cleanup: 180810 ns, At safepoint: 17301571 ns, Total: 18136413 ns
[2026-02-05T19:20:43.911+0000][27.697s][debug][safepoint   ] Safepoint synchronization initiated using futex wait barrier. (88 threads)
[2026-02-05T19:20:43.912+0000][27.698s][info ][gc,start    ] GC(40) Pause Young (Concurrent Start) (Metadata GC Threshold)
[2026-02-05T19:20:43.912+0000][27.698s][info ][gc,task     ] GC(40) Using 10 workers of 10 for evacuation
[2026-02-05T19:20:43.926+0000][27.711s][info ][gc,phases   ] GC(40)   Pre Evacuate Collection Set: 0.3ms
[2026-02-05T19:20:43.926+0000][27.712s][info ][gc,phases   ] GC(40)   Merge Heap Roots: 0.2ms
[2026-02-05T19:20:43.926+0000][27.712s][info ][gc,phases   ] GC(40)   Evacuate Collection Set: 10.5ms
[2026-02-05T19:20:43.926+0000][27.712s][info ][gc,phases   ] GC(40)   Post Evacuate Collection Set: 2.3ms
[2026-02-05T19:20:43.927+0000][27.712s][info ][gc,phases   ] GC(40)   Other: 0.6ms
[2026-02-05T19:20:43.927+0000][27.713s][info ][gc,heap     ] GC(40) Eden regions: 58->0(122)
[2026-02-05T19:20:43.927+0000][27.713s][info ][gc,heap     ] GC(40) Survivor regions: 12->10(17)
[2026-02-05T19:20:43.928+0000][27.713s][info ][gc,heap     ] GC(40) Old regions: 39->41
[2026-02-05T19:20:43.928+0000][27.713s][info ][gc,heap     ] GC(40) Archive regions: 2->2
[2026-02-05T19:20:43.928+0000][27.714s][info ][gc,heap     ] GC(40) Humongous regions: 0->0
[2026-02-05T19:20:43.928+0000][27.714s][info ][gc,metaspace] GC(40) Metaspace: 110869K(111488K)->110869K(111488K) NonClass: 96440K(96768K)->96440K(96768K) Class: 14429K(14720K)->14429K(14720K)
[2026-02-05T19:20:43.929+0000][27.714s][info ][gc          ] GC(40) Pause Young (Concurrent Start) (Metadata GC Threshold) 215M->102M(440M) 16.655ms
[2026-02-05T19:20:43.929+0000][27.714s][info ][gc,cpu      ] GC(40) User=0.09s Sys=0.00s Real=0.02s
[2026-02-05T19:20:43.929+0000][27.715s][info ][gc          ] GC(41) Concurrent Mark Cycle
[2026-02-05T19:20:43.929+0000][27.715s][info ][gc,marking  ] GC(41) Concurrent Clear Claimed Marks
[2026-02-05T19:20:43.929+0000][27.715s][info ][safepoint   ] Safepoint "CollectForMetadataAllocation", Time since last: 794430194 ns, Reaching safepoint: 298515 ns, Cleanup: 108506 ns, At safepoint: 17526282 ns, Total: 17933303 ns
[2026-02-05T19:20:43.930+0000][27.715s][info ][gc,marking  ] GC(41) Concurrent Clear Claimed Marks 0.347ms
[2026-02-05T19:20:43.930+0000][27.716s][info ][gc,marking  ] GC(41) Concurrent Scan Root Regions
[2026-02-05T19:20:43.940+0000][27.726s][info ][gc,marking  ] GC(41) Concurrent Scan Root Regions 9.430ms
[2026-02-05T19:20:43.940+0000][27.726s][info ][gc,marking  ] GC(41) Concurrent Mark
[2026-02-05T19:20:43.940+0000][27.726s][info ][gc,marking  ] GC(41) Concurrent Mark From Roots
[2026-02-05T19:20:43.941+0000][27.726s][info ][gc,task     ] GC(41) Using 3 workers of 3 for marking
[2026-02-05T19:20:43.994+0000][27.780s][info ][gc,marking  ] GC(41) Concurrent Mark From Roots 53.410ms
[2026-02-05T19:20:43.994+0000][27.780s][info ][gc,marking  ] GC(41) Concurrent Preclean
[2026-02-05T19:20:43.995+0000][27.781s][info ][gc,marking  ] GC(41) Concurrent Preclean 0.674ms
[2026-02-05T19:20:43.995+0000][27.781s][debug][safepoint   ] Safepoint synchronization initiated using futex wait barrier. (88 threads)
[2026-02-05T19:20:43.996+0000][27.781s][info ][gc,start    ] GC(41) Pause Remark
[2026-02-05T19:20:44.002+0000][27.788s][info ][gc          ] GC(41) Pause Remark 109M->109M(380M) 6.616ms
[2026-02-05T19:20:44.003+0000][27.789s][info ][gc,cpu      ] GC(41) User=0.03s Sys=0.00s Real=0.01s
[2026-02-05T19:20:44.003+0000][27.789s][info ][safepoint   ] Safepoint "G1PauseRemark", Time since last: 65994622 ns, Reaching safepoint: 324417 ns, Cleanup: 12200 ns, At safepoint: 7590882 ns, Total: 7927499 ns
[2026-02-05T19:20:44.004+0000][27.789s][info ][gc,marking  ] GC(41) Concurrent Mark 63.329ms
[2026-02-05T19:20:44.004+0000][27.790s][info ][gc,marking  ] GC(41) Concurrent Rebuild Remembered Sets
[2026-02-05T19:20:44.035+0000][27.821s][info ][gc,marking  ] GC(41) Concurrent Rebuild Remembered Sets 31.188ms
[2026-02-05T19:20:44.035+0000][27.821s][debug][safepoint   ] Safepoint synchronization initiated using futex wait barrier. (89 threads)
[2026-02-05T19:20:44.036+0000][27.821s][info ][gc,start    ] GC(41) Pause Cleanup
[2026-02-05T19:20:44.036+0000][27.822s][info ][gc          ] GC(41) Pause Cleanup 114M->114M(380M) 0.395ms
[2026-02-05T19:20:44.036+0000][27.822s][info ][gc,cpu      ] GC(41) User=0.00s Sys=0.00s Real=0.00s
[2026-02-05T19:20:44.036+0000][27.822s][info ][safepoint   ] Safepoint "G1PauseCleanup", Time since last: 32122418 ns, Reaching safepoint: 201810 ns, Cleanup: 12100 ns, At safepoint: 838643 ns, Total: 1052553 ns
[2026-02-05T19:20:44.037+0000][27.822s][info ][gc,marking  ] GC(41) Concurrent Cleanup for Next Mark
[2026-02-05T19:20:44.038+0000][27.824s][info ][gc,marking  ] GC(41) Concurrent Cleanup for Next Mark 1.375ms
[2026-02-05T19:20:44.038+0000][27.824s][info ][gc          ] GC(41) Concurrent Mark Cycle 109.370ms
[2026-02-05T19:20:44.872+0000][28.657s][debug][safepoint   ] Safepoint synchronization initiated using futex wait barrier. (91 threads)
[2026-02-05T19:20:44.872+0000][28.658s][info ][safepoint   ] Safepoint "ICBufferFull", Time since last: 835306652 ns, Reaching safepoint: 258113 ns, Cleanup: 115506 ns, At safepoint: 3500 ns, Total: 377119 ns
[2026-02-05T19:20:45.255+0000][29.041s][debug][safepoint   ] Safepoint synchronization initiated using futex wait barrier. (91 threads)
[2026-02-05T19:20:45.256+0000][29.041s][info ][safepoint   ] Safepoint "ICBufferFull", Time since last: 383023383 ns, Reaching safepoint: 288014 ns, Cleanup: 86305 ns, At safepoint: 3000 ns, Total: 377319 ns
[2026-02-05T19:20:45.754+0000][29.539s][debug][safepoint   ] Safepoint synchronization initiated using futex wait barrier. (91 threads)
[2026-02-05T19:20:45.754+0000][29.540s][info ][gc,start    ] GC(42) Pause Young (Prepare Mixed) (G1 Evacuation Pause)
[2026-02-05T19:20:45.754+0000][29.540s][info ][gc,task     ] GC(42) Using 10 workers of 10 for evacuation
[2026-02-05T19:20:45.765+0000][29.551s][info ][gc,phases   ] GC(42)   Pre Evacuate Collection Set: 0.3ms
[2026-02-05T19:20:45.765+0000][29.551s][info ][gc,phases   ] GC(42)   Merge Heap Roots: 0.2ms
[2026-02-05T19:20:45.766+0000][29.551s][info ][gc,phases   ] GC(42)   Evacuate Collection Set: 8.0ms
[2026-02-05T19:20:45.766+0000][29.552s][info ][gc,phases   ] GC(42)   Post Evacuate Collection Set: 2.1ms
[2026-02-05T19:20:45.766+0000][29.552s][info ][gc,phases   ] GC(42)   Other: 0.4ms
[2026-02-05T19:20:45.766+0000][29.552s][info ][gc,heap     ] GC(42) Eden regions: 104->0(1)
[2026-02-05T19:20:45.767+0000][29.552s][info ][gc,heap     ] GC(42) Survivor regions: 10->10(15)
[2026-02-05T19:20:45.767+0000][29.552s][info ][gc,heap     ] GC(42) Old regions: 41->44
[2026-02-05T19:20:45.767+0000][29.553s][info ][gc,heap     ] GC(42) Archive regions: 2->2
[2026-02-05T19:20:45.767+0000][29.553s][info ][gc,heap     ] GC(42) Humongous regions: 0->0
[2026-02-05T19:20:45.767+0000][29.553s][info ][gc,metaspace] GC(42) Metaspace: 115779K(116480K)->115779K(116480K) NonClass: 100837K(101184K)->100837K(101184K) Class: 14941K(15296K)->14941K(15296K)
[2026-02-05T19:20:45.767+0000][29.553s][info ][gc          ] GC(42) Pause Young (Prepare Mixed) (G1 Evacuation Pause) 310M->107M(380M) 13.444ms
[2026-02-05T19:20:45.768+0000][29.553s][info ][gc,cpu      ] GC(42) User=0.09s Sys=0.01s Real=0.01s
[2026-02-05T19:20:45.768+0000][29.553s][info ][safepoint   ] Safepoint "G1CollectForAllocation", Time since last: 498117677 ns, Reaching safepoint: 233212 ns, Cleanup: 60203 ns, At safepoint: 13851997 ns, Total: 14145412 ns
[2026-02-05T19:20:45.781+0000][29.566s][debug][safepoint   ] Safepoint synchronization initiated using futex wait barrier. (91 threads)
[2026-02-05T19:20:45.781+0000][29.567s][info ][gc,start    ] GC(43) Pause Young (Mixed) (G1 Evacuation Pause)
[2026-02-05T19:20:45.781+0000][29.567s][info ][gc,task     ] GC(43) Using 10 workers of 10 for evacuation
[2026-02-05T19:20:45.790+0000][29.576s][info ][gc,phases   ] GC(43)   Pre Evacuate Collection Set: 0.2ms
[2026-02-05T19:20:45.791+0000][29.576s][info ][gc,phases   ] GC(43)   Merge Heap Roots: 0.2ms
[2026-02-05T19:20:45.791+0000][29.577s][info ][gc,phases   ] GC(43)   Evacuate Collection Set: 6.6ms
[2026-02-05T19:20:45.791+0000][29.577s][info ][gc,phases   ] GC(43)   Post Evacuate Collection Set: 1.6ms
[2026-02-05T19:20:45.792+0000][29.577s][info ][gc,phases   ] GC(43)   Other: 0.5ms
[2026-02-05T19:20:45.792+0000][29.578s][info ][gc,heap     ] GC(43) Eden regions: 1->0(107)
[2026-02-05T19:20:45.792+0000][29.578s][info ][gc,heap     ] GC(43) Survivor regions: 10->2(2)
[2026-02-05T19:20:45.792+0000][29.578s][info ][gc,heap     ] GC(43) Old regions: 44->52
[2026-02-05T19:20:45.793+0000][29.578s][info ][gc,heap     ] GC(43) Archive regions: 2->2
[2026-02-05T19:20:45.793+0000][29.579s][info ][gc,heap     ] GC(43) Humongous regions: 0->0
[2026-02-05T19:20:45.793+0000][29.579s][info ][gc,metaspace] GC(43) Metaspace: 115811K(116544K)->115811K(116544K) NonClass: 100864K(101248K)->100864K(101248K) Class: 14947K(15296K)->14947K(15296K)
[2026-02-05T19:20:45.794+0000][29.579s][info ][gc          ] GC(43) Pause Young (Mixed) (G1 Evacuation Pause) 109M->107M(380M) 12.705ms
[2026-02-05T19:20:45.794+0000][29.580s][info ][gc,cpu      ] GC(43) User=0.06s Sys=0.00s Real=0.02s
[2026-02-05T19:20:45.794+0000][29.580s][info ][safepoint   ] Safepoint "G1CollectForAllocation", Time since last: 12829946 ns, Reaching safepoint: 298315 ns, Cleanup: 7900 ns, At safepoint: 13462278 ns, Total: 13768493 ns
[2026-02-05T19:20:46.847+0000][30.633s][debug][safepoint   ] Safepoint synchronization initiated using futex wait barrier. (92 threads)
[2026-02-05T19:20:46.848+0000][30.633s][info ][safepoint   ] Safepoint "Cleanup", Time since last: 1052522701 ns, Reaching safepoint: 501925 ns, Cleanup: 190909 ns, At safepoint: 22602 ns, Total: 715436 ns
[2026-02-05T19:20:47.381+0000][31.168s][debug][safepoint   ] Safepoint synchronization initiated using futex wait barrier. (97 threads)
[2026-02-05T19:20:47.381+0000][31.168s][info ][gc,start    ] GC(44) Pause Young (Normal) (G1 Evacuation Pause)
[2026-02-05T19:20:47.381+0000][31.168s][info ][gc,task     ] GC(44) Using 10 workers of 10 for evacuation
[2026-02-05T19:20:47.388+0000][31.175s][info ][gc,phases   ] GC(44)   Pre Evacuate Collection Set: 0.3ms
[2026-02-05T19:20:47.389+0000][31.176s][info ][gc,phases   ] GC(44)   Merge Heap Roots: 0.2ms
[2026-02-05T19:20:47.389+0000][31.176s][info ][gc,phases   ] GC(44)   Evacuate Collection Set: 4.1ms
[2026-02-05T19:20:47.389+0000][31.176s][info ][gc,phases   ] GC(44)   Post Evacuate Collection Set: 2.0ms
[2026-02-05T19:20:47.389+0000][31.176s][info ][gc,phases   ] GC(44)   Other: 0.5ms
[2026-02-05T19:20:47.389+0000][31.176s][info ][gc,heap     ] GC(44) Eden regions: 107->0(105)
[2026-02-05T19:20:47.389+0000][31.177s][info ][gc,heap     ] GC(44) Survivor regions: 2->4(14)
[2026-02-05T19:20:47.390+0000][31.177s][info ][gc,heap     ] GC(44) Old regions: 52->52
[2026-02-05T19:20:47.390+0000][31.177s][info ][gc,heap     ] GC(44) Archive regions: 2->2
[2026-02-05T19:20:47.390+0000][31.177s][info ][gc,heap     ] GC(44) Humongous regions: 0->0
[2026-02-05T19:20:47.390+0000][31.177s][info ][gc,metaspace] GC(44) Metaspace: 121008K(121728K)->121008K(121728K) NonClass: 105456K(105792K)->105456K(105792K) Class: 15551K(15936K)->15551K(15936K)
[2026-02-05T19:20:47.390+0000][31.178s][info ][gc          ] GC(44) Pause Young (Normal) (G1 Evacuation Pause) 321M->111M(380M) 9.447ms
[2026-02-05T19:20:47.391+0000][31.178s][info ][gc,cpu      ] GC(44) User=0.05s Sys=0.00s Real=0.00s
[2026-02-05T19:20:47.391+0000][31.178s][info ][safepoint   ] Safepoint "G1CollectForAllocation", Time since last: 534321050 ns, Reaching safepoint: 306016 ns, Cleanup: 75503 ns, At safepoint: 9955101 ns, Total: 10336620 ns
[2026-02-05T19:20:48.529+0000][32.316s][debug][safepoint   ] Safepoint synchronization initiated using futex wait barrier. (106 threads)
[2026-02-05T19:20:48.530+0000][32.317s][info ][safepoint   ] Safepoint "ICBufferFull", Time since last: 1138428810 ns, Reaching safepoint: 518426 ns, Cleanup: 100905 ns, At safepoint: 20201 ns, Total: 639532 ns
[2026-02-05T19:20:48.668+0000][32.455s][debug][safepoint   ] Safepoint synchronization initiated using futex wait barrier. (106 threads)
[2026-02-05T19:20:48.668+0000][32.455s][info ][gc,start    ] GC(45) Pause Young (Normal) (G1 Evacuation Pause)
[2026-02-05T19:20:48.668+0000][32.455s][info ][gc,task     ] GC(45) Using 10 workers of 10 for evacuation
[2026-02-05T19:20:48.674+0000][32.461s][info ][gc,phases   ] GC(45)   Pre Evacuate Collection Set: 0.2ms
[2026-02-05T19:20:48.674+0000][32.461s][info ][gc,phases   ] GC(45)   Merge Heap Roots: 0.2ms
[2026-02-05T19:20:48.675+0000][32.462s][info ][gc,phases   ] GC(45)   Evacuate Collection Set: 3.8ms
[2026-02-05T19:20:48.675+0000][32.462s][info ][gc,phases   ] GC(45)   Post Evacuate Collection Set: 1.5ms
[2026-02-05T19:20:48.675+0000][32.462s][info ][gc,phases   ] GC(45)   Other: 0.4ms
[2026-02-05T19:20:48.675+0000][32.462s][info ][gc,heap     ] GC(45) Eden regions: 105->0(104)
[2026-02-05T19:20:48.676+0000][32.463s][info ][gc,heap     ] GC(45) Survivor regions: 4->5(14)
[2026-02-05T19:20:48.676+0000][32.463s][info ][gc,heap     ] GC(45) Old regions: 52->52
[2026-02-05T19:20:48.676+0000][32.463s][info ][gc,heap     ] GC(45) Archive regions: 2->2
[2026-02-05T19:20:48.676+0000][32.463s][info ][gc,heap     ] GC(45) Humongous regions: 0->0
[2026-02-05T19:20:48.676+0000][32.463s][info ][gc,metaspace] GC(45) Metaspace: 130732K(131776K)->130732K(131776K) NonClass: 114151K(114688K)->114151K(114688K) Class: 16580K(17088K)->16580K(17088K)
[2026-02-05T19:20:48.676+0000][32.463s][info ][gc          ] GC(45) Pause Young (Normal) (G1 Evacuation Pause) 321M->114M(380M) 8.430ms
[2026-02-05T19:20:48.677+0000][32.464s][info ][gc,cpu      ] GC(45) User=0.04s Sys=0.00s Real=0.01s
[2026-02-05T19:20:48.677+0000][32.464s][info ][safepoint   ] Safepoint "G1CollectForAllocation", Time since last: 137640917 ns, Reaching safepoint: 237512 ns, Cleanup: 50503 ns, At safepoint: 8812442 ns, Total: 9100457 ns
[2026-02-05T19:20:49.441+0000][33.228s][debug][safepoint   ] Safepoint synchronization initiated using futex wait barrier. (108 threads)
[2026-02-05T19:20:49.442+0000][33.229s][info ][gc,start    ] GC(46) Pause Young (Normal) (G1 Evacuation Pause)
[2026-02-05T19:20:49.442+0000][33.229s][info ][gc,task     ] GC(46) Using 10 workers of 10 for evacuation
[2026-02-05T19:20:49.452+0000][33.239s][info ][gc,phases   ] GC(46)   Pre Evacuate Collection Set: 0.3ms
[2026-02-05T19:20:49.452+0000][33.239s][info ][gc,phases   ] GC(46)   Merge Heap Roots: 0.2ms
[2026-02-05T19:20:49.452+0000][33.239s][info ][gc,phases   ] GC(46)   Evacuate Collection Set: 6.5ms
[2026-02-05T19:20:49.453+0000][33.240s][info ][gc,phases   ] GC(46)   Post Evacuate Collection Set: 2.3ms
[2026-02-05T19:20:49.453+0000][33.240s][info ][gc,phases   ] GC(46)   Other: 0.8ms
[2026-02-05T19:20:49.454+0000][33.241s][info ][gc,heap     ] GC(46) Eden regions: 104->0(101)
[2026-02-05T19:20:49.454+0000][33.241s][info ][gc,heap     ] GC(46) Survivor regions: 5->8(14)
[2026-02-05T19:20:49.455+0000][33.242s][info ][gc,heap     ] GC(46) Old regions: 52->52
[2026-02-05T19:20:49.455+0000][33.242s][info ][gc,heap     ] GC(46) Archive regions: 2->2
[2026-02-05T19:20:49.455+0000][33.242s][info ][gc,heap     ] GC(46) Humongous regions: 0->0
[2026-02-05T19:20:49.455+0000][33.242s][info ][gc,metaspace] GC(46) Metaspace: 135314K(136320K)->135314K(136320K) NonClass: 118243K(118784K)->118243K(118784K) Class: 17070K(17536K)->17070K(17536K)
[2026-02-05T19:20:49.455+0000][33.242s][info ][gc          ] GC(46) Pause Young (Normal) (G1 Evacuation Pause) 322M->119M(380M) 13.789ms
[2026-02-05T19:20:49.456+0000][33.243s][info ][gc,cpu      ] GC(46) User=0.09s Sys=0.00s Real=0.01s
[2026-02-05T19:20:49.456+0000][33.243s][info ][safepoint   ] Safepoint "G1CollectForAllocation", Time since last: 764412015 ns, Reaching safepoint: 347717 ns, Cleanup: 59603 ns, At safepoint: 14732541 ns, Total: 15139861 ns
[2026-02-05T19:20:50.442+0000][34.229s][debug][safepoint   ] Safepoint synchronization initiated using futex wait barrier. (122 threads)
[2026-02-05T19:20:50.442+0000][34.229s][info ][gc,start    ] GC(47) Pause Young (Normal) (G1 Evacuation Pause)
[2026-02-05T19:20:50.442+0000][34.229s][info ][gc,task     ] GC(47) Using 10 workers of 10 for evacuation
[2026-02-05T19:20:50.455+0000][34.242s][info ][gc,phases   ] GC(47)   Pre Evacuate Collection Set: 0.2ms
[2026-02-05T19:20:50.455+0000][34.243s][info ][gc,phases   ] GC(47)   Merge Heap Roots: 0.2ms
[2026-02-05T19:20:50.456+0000][34.243s][info ][gc,phases   ] GC(47)   Evacuate Collection Set: 9.8ms
[2026-02-05T19:20:50.456+0000][34.243s][info ][gc,phases   ] GC(47)   Post Evacuate Collection Set: 2.4ms
[2026-02-05T19:20:50.456+0000][34.243s][info ][gc,phases   ] GC(47)   Other: 0.4ms
[2026-02-05T19:20:50.457+0000][34.244s][info ][gc,heap     ] GC(47) Eden regions: 101->0(95)
[2026-02-05T19:20:50.457+0000][34.244s][info ][gc,heap     ] GC(47) Survivor regions: 8->11(14)
[2026-02-05T19:20:50.457+0000][34.244s][info ][gc,heap     ] GC(47) Old regions: 52->52
[2026-02-05T19:20:50.457+0000][34.244s][info ][gc,heap     ] GC(47) Archive regions: 2->2
[2026-02-05T19:20:50.458+0000][34.245s][info ][gc,heap     ] GC(47) Humongous regions: 0->0
[2026-02-05T19:20:50.458+0000][34.245s][info ][gc,metaspace] GC(47) Metaspace: 138877K(139904K)->138877K(139904K) NonClass: 121624K(122176K)->121624K(122176K) Class: 17252K(17728K)->17252K(17728K)
[2026-02-05T19:20:50.458+0000][34.245s][info ][gc          ] GC(47) Pause Young (Normal) (G1 Evacuation Pause) 321M->126M(380M) 15.970ms
[2026-02-05T19:20:50.458+0000][34.245s][info ][gc,cpu      ] GC(47) User=0.11s Sys=0.01s Real=0.01s
[2026-02-05T19:20:50.459+0000][34.246s][info ][safepoint   ] Safepoint "G1CollectForAllocation", Time since last: 985513426 ns, Reaching safepoint: 279514 ns, Cleanup: 83604 ns, At safepoint: 16588933 ns, Total: 16952051 ns
[2026-02-05T19:20:51.599+0000][35.386s][debug][safepoint   ] Safepoint synchronization initiated using futex wait barrier. (139 threads)
[2026-02-05T19:20:51.600+0000][35.387s][info ][gc,start    ] GC(48) Pause Young (Normal) (G1 Evacuation Pause)
[2026-02-05T19:20:51.600+0000][35.387s][info ][gc,task     ] GC(48) Using 10 workers of 10 for evacuation
[2026-02-05T19:20:51.613+0000][35.400s][info ][gc,phases   ] GC(48)   Pre Evacuate Collection Set: 0.3ms
[2026-02-05T19:20:51.613+0000][35.400s][info ][gc,phases   ] GC(48)   Merge Heap Roots: 0.2ms
[2026-02-05T19:20:51.614+0000][35.401s][info ][gc,phases   ] GC(48)   Evacuate Collection Set: 10.0ms
[2026-02-05T19:20:51.614+0000][35.401s][info ][gc,phases   ] GC(48)   Post Evacuate Collection Set: 2.1ms
[2026-02-05T19:20:51.614+0000][35.401s][info ][gc,phases   ] GC(48)   Other: 0.7ms
[2026-02-05T19:20:51.614+0000][35.402s][info ][gc,heap     ] GC(48) Eden regions: 95->0(92)
[2026-02-05T19:20:51.615+0000][35.402s][info ][gc,heap     ] GC(48) Survivor regions: 11->10(14)
[2026-02-05T19:20:51.615+0000][35.402s][info ][gc,heap     ] GC(48) Old regions: 52->57
[2026-02-05T19:20:51.615+0000][35.402s][info ][gc,heap     ] GC(48) Archive regions: 2->2
[2026-02-05T19:20:51.615+0000][35.402s][info ][gc,heap     ] GC(48) Humongous regions: 0->0
[2026-02-05T19:20:51.616+0000][35.403s][info ][gc,metaspace] GC(48) Metaspace: 144964K(145984K)->144964K(145984K) NonClass: 127149K(127680K)->127149K(127680K) Class: 17814K(18304K)->17814K(18304K)
[2026-02-05T19:20:51.616+0000][35.403s][info ][gc          ] GC(48) Pause Young (Normal) (G1 Evacuation Pause) 316M->133M(380M) 16.263ms
[2026-02-05T19:20:51.616+0000][35.403s][info ][gc,cpu      ] GC(48) User=0.11s Sys=0.00s Real=0.02s
[2026-02-05T19:20:51.616+0000][35.403s][info ][safepoint   ] Safepoint "G1CollectForAllocation", Time since last: 1140369108 ns, Reaching safepoint: 362018 ns, Cleanup: 64704 ns, At safepoint: 16872448 ns, Total: 17299170 ns
[2026-02-05T19:20:51.620+0000][35.407s][debug][safepoint   ] ... found polling page loop exception at pc = 0x0000747c951dcd0c, stub =0x0000747c94b10400
[2026-02-05T19:20:51.761+0000][35.549s][info ][cds,heap    ] initialize_from_archived_subgraph jdk.internal.math.FDBigInteger 0x0000747c2714ece8
[2026-02-05T19:20:52.188+0000][35.975s][debug][safepoint   ] Safepoint synchronization initiated using futex wait barrier. (152 threads)
[2026-02-05T19:20:52.189+0000][35.976s][info ][safepoint   ] Safepoint "ICBufferFull", Time since last: 571741432 ns, Reaching safepoint: 443622 ns, Cleanup: 129407 ns, At safepoint: 35701 ns, Total: 608730 ns
[2026-02-05T19:20:52.189+0000][35.976s][debug][safepoint   ] Safepoint synchronization initiated using futex wait barrier. (152 threads)
[2026-02-05T19:20:52.190+0000][35.977s][info ][safepoint   ] Safepoint "ICBufferFull", Time since last: 407921 ns, Reaching safepoint: 285014 ns, Cleanup: 13001 ns, At safepoint: 54403 ns, Total: 352418 ns
[2026-02-05T19:20:52.646+0000][36.433s][debug][safepoint   ] Safepoint synchronization initiated using futex wait barrier. (153 threads)
[2026-02-05T19:20:52.646+0000][36.433s][info ][gc,start    ] GC(49) Pause Young (Normal) (G1 Evacuation Pause)
[2026-02-05T19:20:52.646+0000][36.433s][info ][gc,task     ] GC(49) Using 10 workers of 10 for evacuation
[2026-02-05T19:20:52.658+0000][36.445s][info ][gc,phases   ] GC(49)   Pre Evacuate Collection Set: 0.3ms
[2026-02-05T19:20:52.658+0000][36.445s][info ][gc,phases   ] GC(49)   Merge Heap Roots: 0.2ms
[2026-02-05T19:20:52.659+0000][36.446s][info ][gc,phases   ] GC(49)   Evacuate Collection Set: 8.1ms
[2026-02-05T19:20:52.659+0000][36.446s][info ][gc,phases   ] GC(49)   Post Evacuate Collection Set: 2.6ms
[2026-02-05T19:20:52.659+0000][36.446s][info ][gc,phases   ] GC(49)   Other: 0.7ms
[2026-02-05T19:20:52.660+0000][36.447s][info ][gc,heap     ] GC(49) Eden regions: 92->0(92)
[2026-02-05T19:20:52.660+0000][36.447s][info ][gc,heap     ] GC(49) Survivor regions: 10->6(13)
[2026-02-05T19:20:52.660+0000][36.448s][info ][gc,heap     ] GC(49) Old regions: 57->63
[2026-02-05T19:20:52.661+0000][36.448s][info ][gc,heap     ] GC(49) Archive regions: 2->2
[2026-02-05T19:20:52.661+0000][36.448s][info ][gc,heap     ] GC(49) Humongous regions: 0->0
[2026-02-05T19:20:52.661+0000][36.449s][info ][gc,metaspace] GC(49) Metaspace: 149462K(150528K)->149462K(150528K) NonClass: 131110K(131648K)->131110K(131648K) Class: 18351K(18880K)->18351K(18880K)
[2026-02-05T19:20:52.662+0000][36.449s][info ][gc          ] GC(49) Pause Young (Normal) (G1 Evacuation Pause) 317M->136M(380M) 15.608ms
[2026-02-05T19:20:52.662+0000][36.449s][info ][gc,cpu      ] GC(49) User=0.10s Sys=0.00s Real=0.02s
[2026-02-05T19:20:52.662+0000][36.449s][info ][safepoint   ] Safepoint "G1CollectForAllocation", Time since last: 456234327 ns, Reaching safepoint: 254813 ns, Cleanup: 35102 ns, At safepoint: 16187713 ns, Total: 16477628 ns
[2026-02-05T19:20:53.589+0000][37.377s][debug][safepoint   ] Safepoint synchronization initiated using futex wait barrier. (153 threads)
[2026-02-05T19:20:53.590+0000][37.377s][info ][gc,start    ] GC(50) Pause Young (Normal) (G1 Evacuation Pause)
[2026-02-05T19:20:53.590+0000][37.377s][info ][gc,task     ] GC(50) Using 10 workers of 10 for evacuation
[2026-02-05T19:20:53.603+0000][37.390s][info ][gc,phases   ] GC(50)   Pre Evacuate Collection Set: 0.3ms
[2026-02-05T19:20:53.604+0000][37.391s][info ][gc,phases   ] GC(50)   Merge Heap Roots: 0.3ms
[2026-02-05T19:20:53.604+0000][37.391s][info ][gc,phases   ] GC(50)   Evacuate Collection Set: 9.4ms
[2026-02-05T19:20:53.604+0000][37.391s][info ][gc,phases   ] GC(50)   Post Evacuate Collection Set: 2.5ms
[2026-02-05T19:20:53.605+0000][37.392s][info ][gc,phases   ] GC(50)   Other: 0.9ms
[2026-02-05T19:20:53.605+0000][37.392s][info ][gc,heap     ] GC(50) Eden regions: 92->0(90)
[2026-02-05T19:20:53.605+0000][37.392s][info ][gc,heap     ] GC(50) Survivor regions: 6->8(13)
[2026-02-05T19:20:53.605+0000][37.392s][info ][gc,heap     ] GC(50) Old regions: 63->63
[2026-02-05T19:20:53.605+0000][37.392s][info ][gc,heap     ] GC(50) Archive regions: 2->2
[2026-02-05T19:20:53.605+0000][37.392s][info ][gc,heap     ] GC(50) Humongous regions: 0->0
[2026-02-05T19:20:53.606+0000][37.393s][info ][gc,metaspace] GC(50) Metaspace: 151407K(152448K)->151407K(152448K) NonClass: 132795K(133312K)->132795K(133312K) Class: 18612K(19136K)->18612K(19136K)
[2026-02-05T19:20:53.606+0000][37.393s][info ][gc          ] GC(50) Pause Young (Normal) (G1 Evacuation Pause) 320M->141M(380M) 15.780ms
[2026-02-05T19:20:53.606+0000][37.393s][info ][gc,cpu      ] GC(50) User=0.11s Sys=0.00s Real=0.02s
[2026-02-05T19:20:53.606+0000][37.393s][info ][safepoint   ] Safepoint "G1CollectForAllocation", Time since last: 927212396 ns, Reaching safepoint: 399820 ns, Cleanup: 93305 ns, At safepoint: 16302319 ns, Total: 16795444 ns
[2026-02-05T19:20:54.461+0000][38.248s][debug][safepoint   ] Safepoint synchronization initiated using futex wait barrier. (153 threads)
[2026-02-05T19:20:54.461+0000][38.249s][info ][gc,start    ] GC(51) Pause Young (Normal) (G1 Evacuation Pause)
[2026-02-05T19:20:54.462+0000][38.249s][info ][gc,task     ] GC(51) Using 10 workers of 10 for evacuation
[2026-02-05T19:20:54.474+0000][38.261s][info ][gc,phases   ] GC(51)   Pre Evacuate Collection Set: 0.5ms
[2026-02-05T19:20:54.474+0000][38.261s][info ][gc,phases   ] GC(51)   Merge Heap Roots: 0.2ms
[2026-02-05T19:20:54.474+0000][38.261s][info ][gc,phases   ] GC(51)   Evacuate Collection Set: 8.3ms
[2026-02-05T19:20:54.475+0000][38.262s][info ][gc,phases   ] GC(51)   Post Evacuate Collection Set: 2.5ms
[2026-02-05T19:20:54.475+0000][38.262s][info ][gc,phases   ] GC(51)   Other: 0.5ms
[2026-02-05T19:20:54.475+0000][38.262s][info ][gc,heap     ] GC(51) Eden regions: 90->0(89)
[2026-02-05T19:20:54.476+0000][38.263s][info ][gc,heap     ] GC(51) Survivor regions: 8->7(13)
[2026-02-05T19:20:54.476+0000][38.263s][info ][gc,heap     ] GC(51) Old regions: 63->66
[2026-02-05T19:20:54.476+0000][38.263s][info ][gc,heap     ] GC(51) Archive regions: 2->2
[2026-02-05T19:20:54.477+0000][38.264s][info ][gc,heap     ] GC(51) Humongous regions: 0->0
[2026-02-05T19:20:54.477+0000][38.264s][info ][gc,metaspace] GC(51) Metaspace: 152761K(153856K)->152761K(153856K) NonClass: 133909K(134464K)->133909K(134464K) Class: 18852K(19392K)->18852K(19392K)
[2026-02-05T19:20:54.477+0000][38.264s][info ][gc          ] GC(51) Pause Young (Normal) (G1 Evacuation Pause) 321M->144M(380M) 15.714ms
[2026-02-05T19:20:54.478+0000][38.265s][info ][gc,cpu      ] GC(51) User=0.10s Sys=0.01s Real=0.01s
[2026-02-05T19:20:54.478+0000][38.265s][info ][safepoint   ] Safepoint "G1CollectForAllocation", Time since last: 854605396 ns, Reaching safepoint: 515526 ns, Cleanup: 83004 ns, At safepoint: 16468132 ns, Total: 17066662 ns
[2026-02-05T19:20:54.832+0000][38.619s][debug][safepoint   ] ... found polling page loop exception at pc = 0x0000747c952a423e, stub =0x0000747c94b10400
[2026-02-05T19:20:55.374+0000][39.161s][debug][safepoint   ] Safepoint synchronization initiated using futex wait barrier. (156 threads)
[2026-02-05T19:20:55.374+0000][39.161s][info ][gc,start    ] GC(52) Pause Young (Normal) (G1 Evacuation Pause)
[2026-02-05T19:20:55.375+0000][39.162s][info ][gc,task     ] GC(52) Using 10 workers of 10 for evacuation
[2026-02-05T19:20:55.383+0000][39.170s][info ][gc,phases   ] GC(52)   Pre Evacuate Collection Set: 0.2ms
[2026-02-05T19:20:55.383+0000][39.170s][info ][gc,phases   ] GC(52)   Merge Heap Roots: 0.2ms
[2026-02-05T19:20:55.383+0000][39.171s][info ][gc,phases   ] GC(52)   Evacuate Collection Set: 6.1ms
[2026-02-05T19:20:55.384+0000][39.171s][info ][gc,phases   ] GC(52)   Post Evacuate Collection Set: 1.7ms
[2026-02-05T19:20:55.384+0000][39.171s][info ][gc,phases   ] GC(52)   Other: 0.6ms
[2026-02-05T19:20:55.384+0000][39.171s][info ][gc,heap     ] GC(52) Eden regions: 89->0(85)
[2026-02-05T19:20:55.384+0000][39.171s][info ][gc,heap     ] GC(52) Survivor regions: 7->9(12)
[2026-02-05T19:20:55.384+0000][39.171s][info ][gc,heap     ] GC(52) Old regions: 66->66
[2026-02-05T19:20:55.384+0000][39.172s][info ][gc,heap     ] GC(52) Archive regions: 2->2
[2026-02-05T19:20:55.385+0000][39.172s][info ][gc,heap     ] GC(52) Humongous regions: 0->0
[2026-02-05T19:20:55.385+0000][39.172s][info ][gc,metaspace] GC(52) Metaspace: 154597K(155712K)->154597K(155712K) NonClass: 135498K(136064K)->135498K(136064K) Class: 19099K(19648K)->19099K(19648K)
[2026-02-05T19:20:55.385+0000][39.172s][info ][gc          ] GC(52) Pause Young (Normal) (G1 Evacuation Pause) 322M->148M(380M) 10.638ms
[2026-02-05T19:20:55.385+0000][39.172s][info ][gc,cpu      ] GC(52) User=0.07s Sys=0.00s Real=0.01s
[2026-02-05T19:20:55.385+0000][39.173s][info ][safepoint   ] Safepoint "G1CollectForAllocation", Time since last: 895991259 ns, Reaching safepoint: 236312 ns, Cleanup: 77804 ns, At safepoint: 11255968 ns, Total: 11570084 ns
[2026-02-05T19:20:56.024+0000][39.811s][debug][safepoint   ] Safepoint synchronization initiated using futex wait barrier. (170 threads)
[2026-02-05T19:20:56.025+0000][39.812s][info ][gc,start    ] GC(53) Pause Young (Normal) (G1 Evacuation Pause)
[2026-02-05T19:20:56.025+0000][39.812s][info ][gc,task     ] GC(53) Using 10 workers of 10 for evacuation
[2026-02-05T19:20:56.038+0000][39.825s][info ][gc,phases   ] GC(53)   Pre Evacuate Collection Set: 0.4ms
[2026-02-05T19:20:56.038+0000][39.825s][info ][gc,phases   ] GC(53)   Merge Heap Roots: 0.3ms
[2026-02-05T19:20:56.039+0000][39.826s][info ][gc,phases   ] GC(53)   Evacuate Collection Set: 9.1ms
[2026-02-05T19:20:56.039+0000][39.826s][info ][gc,phases   ] GC(53)   Post Evacuate Collection Set: 2.3ms
[2026-02-05T19:20:56.039+0000][39.826s][info ][gc,phases   ] GC(53)   Other: 0.8ms
[2026-02-05T19:20:56.039+0000][39.826s][info ][gc,heap     ] GC(53) Eden regions: 85->0(87)
[2026-02-05T19:20:56.040+0000][39.827s][info ][gc,heap     ] GC(53) Survivor regions: 9->6(12)
[2026-02-05T19:20:56.040+0000][39.827s][info ][gc,heap     ] GC(53) Old regions: 66->69
[2026-02-05T19:20:56.040+0000][39.827s][info ][gc,heap     ] GC(53) Archive regions: 2->2
[2026-02-05T19:20:56.041+0000][39.828s][info ][gc,heap     ] GC(53) Humongous regions: 0->0
[2026-02-05T19:20:56.041+0000][39.828s][info ][gc,metaspace] GC(53) Metaspace: 156642K(157760K)->156642K(157760K) NonClass: 137194K(137792K)->137194K(137792K) Class: 19447K(19968K)->19447K(19968K)
[2026-02-05T19:20:56.041+0000][39.828s][info ][gc          ] GC(53) Pause Young (Normal) (G1 Evacuation Pause) 318M->151M(380M) 16.414ms
[2026-02-05T19:20:56.041+0000][39.829s][info ][gc,cpu      ] GC(53) User=0.09s Sys=0.00s Real=0.02s
[2026-02-05T19:20:56.042+0000][39.829s][info ][safepoint   ] Safepoint "G1CollectForAllocation", Time since last: 638258741 ns, Reaching safepoint: 369118 ns, Cleanup: 662234 ns, At safepoint: 17252671 ns, Total: 18284023 ns
[2026-02-05T19:20:56.591+0000][40.378s][debug][safepoint   ] Safepoint synchronization initiated using futex wait barrier. (210 threads)
[2026-02-05T19:20:56.594+0000][40.381s][info ][safepoint   ] Safepoint "ICBufferFull", Time since last: 548487306 ns, Reaching safepoint: 3318167 ns, Cleanup: 219811 ns, At safepoint: 302016 ns, Total: 3839994 ns
[2026-02-05T19:20:57.190+0000][40.977s][debug][safepoint   ] Safepoint synchronization initiated using futex wait barrier. (325 threads)
[2026-02-05T19:20:57.192+0000][40.979s][debug][safepoint   ] ... found polling page loop exception at pc = 0x0000747c952a423e, stub =0x0000747c94b10400
[2026-02-05T19:20:57.193+0000][40.980s][info ][gc,start    ] GC(54) Pause Young (Normal) (G1 Evacuation Pause)
[2026-02-05T19:20:57.193+0000][40.980s][info ][gc,task     ] GC(54) Using 10 workers of 10 for evacuation
[2026-02-05T19:20:57.215+0000][41.002s][info ][gc,phases   ] GC(54)   Pre Evacuate Collection Set: 0.4ms
[2026-02-05T19:20:57.216+0000][41.003s][info ][gc,phases   ] GC(54)   Merge Heap Roots: 0.2ms
[2026-02-05T19:20:57.216+0000][41.003s][info ][gc,phases   ] GC(54)   Evacuate Collection Set: 19.6ms
[2026-02-05T19:20:57.216+0000][41.003s][info ][gc,phases   ] GC(54)   Post Evacuate Collection Set: 1.8ms
[2026-02-05T19:20:57.217+0000][41.004s][info ][gc,phases   ] GC(54)   Other: 0.6ms
[2026-02-05T19:20:57.217+0000][41.004s][info ][gc,heap     ] GC(54) Eden regions: 87->0(80)
[2026-02-05T19:20:57.217+0000][41.004s][info ][gc,heap     ] GC(54) Survivor regions: 6->10(12)
[2026-02-05T19:20:57.217+0000][41.004s][info ][gc,heap     ] GC(54) Old regions: 69->69
[2026-02-05T19:20:57.217+0000][41.005s][info ][gc,heap     ] GC(54) Archive regions: 2->2
[2026-02-05T19:20:57.218+0000][41.005s][info ][gc,heap     ] GC(54) Humongous regions: 0->0
[2026-02-05T19:20:57.218+0000][41.005s][info ][gc,metaspace] GC(54) Metaspace: 161528K(162688K)->161528K(162688K) NonClass: 141476K(142080K)->141476K(142080K) Class: 20051K(20608K)->20051K(20608K)
[2026-02-05T19:20:57.218+0000][41.005s][info ][gc          ] GC(54) Pause Young (Normal) (G1 Evacuation Pause) 325M->159M(380M) 25.200ms
[2026-02-05T19:20:57.218+0000][41.005s][info ][gc,cpu      ] GC(54) User=0.18s Sys=0.02s Real=0.02s
[2026-02-05T19:20:57.219+0000][41.006s][info ][safepoint   ] Safepoint "G1CollectForAllocation", Time since last: 595818796 ns, Reaching safepoint: 2456224 ns, Cleanup: 115406 ns, At safepoint: 26577943 ns, Total: 29149573 ns
[2026-02-05T19:20:57.911+0000][41.698s][debug][safepoint   ] Safepoint synchronization initiated using futex wait barrier. (353 threads)
[2026-02-05T19:20:57.912+0000][41.699s][info ][safepoint   ] Safepoint "ICBufferFull", Time since last: 691608735 ns, Reaching safepoint: 469123 ns, Cleanup: 140908 ns, At safepoint: 84804 ns, Total: 694835 ns
[2026-02-05T19:20:58.044+0000][41.831s][debug][safepoint   ] Safepoint synchronization initiated using futex wait barrier. (365 threads)
[2026-02-05T19:20:58.045+0000][41.832s][info ][gc,start    ] GC(55) Pause Young (Normal) (G1 Evacuation Pause)
[2026-02-05T19:20:58.045+0000][41.833s][info ][gc,task     ] GC(55) Using 10 workers of 10 for evacuation
[2026-02-05T19:20:58.069+0000][41.856s][info ][gc,phases   ] GC(55)   Pre Evacuate Collection Set: 0.4ms
[2026-02-05T19:20:58.069+0000][41.856s][info ][gc,phases   ] GC(55)   Merge Heap Roots: 0.6ms
[2026-02-05T19:20:58.069+0000][41.856s][info ][gc,phases   ] GC(55)   Evacuate Collection Set: 18.8ms
[2026-02-05T19:20:58.069+0000][41.856s][info ][gc,phases   ] GC(55)   Post Evacuate Collection Set: 2.4ms
[2026-02-05T19:20:58.070+0000][41.857s][info ][gc,phases   ] GC(55)   Other: 1.2ms
[2026-02-05T19:20:58.070+0000][41.857s][info ][gc,heap     ] GC(55) Eden regions: 80->0(76)
[2026-02-05T19:20:58.070+0000][41.857s][info ][gc,heap     ] GC(55) Survivor regions: 10->10(12)
[2026-02-05T19:20:58.070+0000][41.857s][info ][gc,heap     ] GC(55) Old regions: 69->73
[2026-02-05T19:20:58.071+0000][41.858s][info ][gc,heap     ] GC(55) Archive regions: 2->2
[2026-02-05T19:20:58.071+0000][41.858s][info ][gc,heap     ] GC(55) Humongous regions: 0->0
[2026-02-05T19:20:58.071+0000][41.858s][info ][gc,metaspace] GC(55) Metaspace: 163596K(164800K)->163596K(164800K) NonClass: 143285K(143936K)->143285K(143936K) Class: 20310K(20864K)->20310K(20864K)
[2026-02-05T19:20:58.071+0000][41.858s][info ][gc          ] GC(55) Pause Young (Normal) (G1 Evacuation Pause) 319M->164M(380M) 26.202ms
[2026-02-05T19:20:58.072+0000][41.859s][info ][gc,cpu      ] GC(55) User=0.19s Sys=0.02s Real=0.02s
[2026-02-05T19:20:58.073+0000][41.860s][info ][safepoint   ] Safepoint "G1CollectForAllocation", Time since last: 132559596 ns, Reaching safepoint: 819741 ns, Cleanup: 136807 ns, At safepoint: 28106920 ns, Total: 29063468 ns
[2026-02-05T19:20:58.088+0000][41.876s][debug][safepoint   ] ... found polling page loop exception at pc = 0x0000747c8eea7cfa, stub =0x0000747c94b10400
[2026-02-05T19:20:58.412+0000][42.199s][debug][safepoint   ] Safepoint synchronization initiated using futex wait barrier. (365 threads)
[2026-02-05T19:20:58.412+0000][42.199s][info ][safepoint   ] Safepoint "ICBufferFull", Time since last: 338293388 ns, Reaching safepoint: 448923 ns, Cleanup: 244412 ns, At safepoint: 58503 ns, Total: 751838 ns
[2026-02-05T19:20:58.866+0000][42.653s][debug][safepoint   ] Safepoint synchronization initiated using futex wait barrier. (378 threads)
[2026-02-05T19:20:58.867+0000][42.654s][debug][safepoint   ] ... found polling page loop exception at pc = 0x0000747c952a423e, stub =0x0000747c94b10400
[2026-02-05T19:20:58.869+0000][42.656s][info ][safepoint   ] Safepoint "ICBufferFull", Time since last: 454079737 ns, Reaching safepoint: 1179959 ns, Cleanup: 178509 ns, At safepoint: 801541 ns, Total: 2160009 ns
[2026-02-05T19:20:59.050+0000][42.837s][debug][safepoint   ] Safepoint synchronization initiated using futex wait barrier. (389 threads)
[2026-02-05T19:20:59.051+0000][42.838s][info ][safepoint   ] Safepoint "ICBufferFull", Time since last: 181599373 ns, Reaching safepoint: 457023 ns, Cleanup: 127707 ns, At safepoint: 148107 ns, Total: 732837 ns
[2026-02-05T19:20:59.051+0000][42.838s][debug][safepoint   ] Safepoint synchronization initiated using futex wait barrier. (389 threads)
[2026-02-05T19:20:59.051+0000][42.839s][info ][safepoint   ] Safepoint "ICBufferFull", Time since last: 333217 ns, Reaching safepoint: 219711 ns, Cleanup: 6100 ns, At safepoint: 39202 ns, Total: 265013 ns
[2026-02-05T19:20:59.066+0000][42.853s][debug][safepoint   ] Safepoint synchronization initiated using futex wait barrier. (390 threads)
[2026-02-05T19:20:59.067+0000][42.854s][info ][gc,start    ] GC(56) Pause Young (Normal) (G1 Evacuation Pause)
[2026-02-05T19:20:59.067+0000][42.854s][info ][gc,task     ] GC(56) Using 10 workers of 10 for evacuation
[2026-02-05T19:20:59.079+0000][42.867s][info ][gc,phases   ] GC(56)   Pre Evacuate Collection Set: 0.3ms
[2026-02-05T19:20:59.080+0000][42.867s][info ][gc,phases   ] GC(56)   Merge Heap Roots: 0.2ms
[2026-02-05T19:20:59.080+0000][42.867s][info ][gc,phases   ] GC(56)   Evacuate Collection Set: 9.9ms
[2026-02-05T19:20:59.080+0000][42.867s][info ][gc,phases   ] GC(56)   Post Evacuate Collection Set: 1.8ms
[2026-02-05T19:20:59.080+0000][42.867s][info ][gc,phases   ] GC(56)   Other: 0.6ms
[2026-02-05T19:20:59.080+0000][42.867s][info ][gc,heap     ] GC(56) Eden regions: 76->0(76)
[2026-02-05T19:20:59.080+0000][42.867s][info ][gc,heap     ] GC(56) Survivor regions: 10->6(11)
[2026-02-05T19:20:59.081+0000][42.868s][info ][gc,heap     ] GC(56) Old regions: 73->78
[2026-02-05T19:20:59.081+0000][42.868s][info ][gc,heap     ] GC(56) Archive regions: 2->2
[2026-02-05T19:20:59.081+0000][42.868s][info ][gc,heap     ] GC(56) Humongous regions: 0->0
[2026-02-05T19:20:59.081+0000][42.868s][info ][gc,metaspace] GC(56) Metaspace: 166406K(167616K)->166406K(167616K) NonClass: 145741K(146368K)->145741K(146368K) Class: 20665K(21248K)->20665K(21248K)
[2026-02-05T19:20:59.081+0000][42.868s][info ][gc          ] GC(56) Pause Young (Normal) (G1 Evacuation Pause) 316M->167M(380M) 14.416ms
[2026-02-05T19:20:59.081+0000][42.868s][info ][gc,cpu      ] GC(56) User=0.14s Sys=0.00s Real=0.02s
[2026-02-05T19:20:59.083+0000][42.870s][info ][safepoint   ] Safepoint "G1CollectForAllocation", Time since last: 14815449 ns, Reaching safepoint: 320516 ns, Cleanup: 20801 ns, At safepoint: 16011409 ns, Total: 16352726 ns
[2026-02-05T19:20:59.963+0000][43.750s][debug][safepoint   ] Safepoint synchronization initiated using futex wait barrier. (393 threads)
[2026-02-05T19:20:59.963+0000][43.751s][info ][gc,start    ] GC(57) Pause Young (Normal) (G1 Evacuation Pause)
[2026-02-05T19:20:59.964+0000][43.751s][info ][gc,task     ] GC(57) Using 10 workers of 10 for evacuation
[2026-02-05T19:20:59.974+0000][43.761s][info ][gc,phases   ] GC(57)   Pre Evacuate Collection Set: 0.3ms
[2026-02-05T19:20:59.974+0000][43.761s][info ][gc,phases   ] GC(57)   Merge Heap Roots: 0.2ms
[2026-02-05T19:20:59.975+0000][43.762s][info ][gc,phases   ] GC(57)   Evacuate Collection Set: 7.5ms
[2026-02-05T19:20:59.975+0000][43.762s][info ][gc,phases   ] GC(57)   Post Evacuate Collection Set: 2.1ms
[2026-02-05T19:20:59.975+0000][43.762s][info ][gc,phases   ] GC(57)   Other: 0.6ms
[2026-02-05T19:20:59.975+0000][43.762s][info ][gc,heap     ] GC(57) Eden regions: 76->0(76)
[2026-02-05T19:20:59.975+0000][43.762s][info ][gc,heap     ] GC(57) Survivor regions: 6->7(11)
[2026-02-05T19:20:59.975+0000][43.762s][info ][gc,heap     ] GC(57) Old regions: 78->78
[2026-02-05T19:20:59.976+0000][43.763s][info ][gc,heap     ] GC(57) Archive regions: 2->2
[2026-02-05T19:20:59.976+0000][43.763s][info ][gc,heap     ] GC(57) Humongous regions: 0->0
[2026-02-05T19:20:59.976+0000][43.763s][info ][gc,metaspace] GC(57) Metaspace: 172921K(174208K)->172921K(174208K) NonClass: 151560K(152256K)->151560K(152256K) Class: 21361K(21952K)->21361K(21952K)
[2026-02-05T19:20:59.976+0000][43.763s][info ][gc          ] GC(57) Pause Young (Normal) (G1 Evacuation Pause) 319M->170M(380M) 12.660ms
[2026-02-05T19:20:59.976+0000][43.763s][info ][gc,cpu      ] GC(57) User=0.10s Sys=0.01s Real=0.01s
[2026-02-05T19:20:59.978+0000][43.765s][info ][safepoint   ] Safepoint "G1CollectForAllocation", Time since last: 880214462 ns, Reaching safepoint: 402120 ns, Cleanup: 134207 ns, At safepoint: 14725144 ns, Total: 15261471 ns
[2026-02-05T19:21:00.027+0000][43.814s][debug][safepoint   ] Safepoint synchronization initiated using futex wait barrier. (393 threads)
[2026-02-05T19:21:00.030+0000][43.817s][info ][safepoint   ] Safepoint "ICBufferFull", Time since last: 48893169 ns, Reaching safepoint: 2818243 ns, Cleanup: 110805 ns, At safepoint: 204111 ns, Total: 3133159 ns
[2026-02-05T19:21:00.109+0000][43.896s][debug][safepoint   ] Safepoint synchronization initiated using futex wait barrier. (393 threads)
[2026-02-05T19:21:00.109+0000][43.896s][info ][safepoint   ] Safepoint "ICBufferFull", Time since last: 78454463 ns, Reaching safepoint: 473824 ns, Cleanup: 73703 ns, At safepoint: 98705 ns, Total: 646232 ns
[2026-02-05T19:21:00.192+0000][43.980s][debug][safepoint   ] Safepoint synchronization initiated using futex wait barrier. (394 threads)
[2026-02-05T19:21:00.193+0000][43.980s][info ][safepoint   ] Safepoint "ICBufferFull", Time since last: 83214404 ns, Reaching safepoint: 446622 ns, Cleanup: 120906 ns, At safepoint: 78004 ns, Total: 645532 ns
[2026-02-05T19:21:00.579+0000][44.366s][debug][safepoint   ] Safepoint synchronization initiated using futex wait barrier. (394 threads)
[2026-02-05T19:21:00.579+0000][44.366s][info ][safepoint   ] Safepoint "ICBufferFull", Time since last: 385446070 ns, Reaching safepoint: 358418 ns, Cleanup: 122807 ns, At safepoint: 36601 ns, Total: 517826 ns
[2026-02-05T19:21:01.125+0000][44.912s][debug][safepoint   ] Safepoint synchronization initiated using futex wait barrier. (394 threads)
[2026-02-05T19:21:01.126+0000][44.913s][info ][safepoint   ] Safepoint "ICBufferFull", Time since last: 545891375 ns, Reaching safepoint: 434422 ns, Cleanup: 210410 ns, At safepoint: 91305 ns, Total: 736137 ns
[2026-02-05T19:21:01.624+0000][45.411s][debug][safepoint   ] Safepoint synchronization initiated using futex wait barrier. (395 threads)
[2026-02-05T19:21:01.624+0000][45.411s][info ][safepoint   ] Safepoint "ICBufferFull", Time since last: 498204366 ns, Reaching safepoint: 346617 ns, Cleanup: 87705 ns, At safepoint: 58103 ns, Total: 492425 ns
[2026-02-05T19:21:01.862+0000][45.649s][debug][safepoint   ] Safepoint synchronization initiated using futex wait barrier. (395 threads)
[2026-02-05T19:21:01.862+0000][45.649s][info ][gc,start    ] GC(58) Pause Young (Normal) (G1 Evacuation Pause)
[2026-02-05T19:21:01.863+0000][45.650s][info ][gc,task     ] GC(58) Using 10 workers of 10 for evacuation
[2026-02-05T19:21:01.874+0000][45.661s][info ][gc,phases   ] GC(58)   Pre Evacuate Collection Set: 0.3ms
[2026-02-05T19:21:01.874+0000][45.661s][info ][gc,phases   ] GC(58)   Merge Heap Roots: 0.2ms
[2026-02-05T19:21:01.874+0000][45.662s][info ][gc,phases   ] GC(58)   Evacuate Collection Set: 9.0ms
[2026-02-05T19:21:01.875+0000][45.662s][info ][gc,phases   ] GC(58)   Post Evacuate Collection Set: 1.8ms
[2026-02-05T19:21:01.875+0000][45.662s][info ][gc,phases   ] GC(58)   Other: 0.5ms
[2026-02-05T19:21:01.875+0000][45.662s][info ][gc,heap     ] GC(58) Eden regions: 76->0(72)
[2026-02-05T19:21:01.875+0000][45.662s][info ][gc,heap     ] GC(58) Survivor regions: 7->8(11)
[2026-02-05T19:21:01.875+0000][45.662s][info ][gc,heap     ] GC(58) Old regions: 78->80
[2026-02-05T19:21:01.876+0000][45.663s][info ][gc,heap     ] GC(58) Archive regions: 2->2
[2026-02-05T19:21:01.876+0000][45.663s][info ][gc,heap     ] GC(58) Humongous regions: 0->0
[2026-02-05T19:21:01.876+0000][45.663s][info ][gc,metaspace] GC(58) Metaspace: 178222K(180544K)->178222K(180544K) NonClass: 156268K(157504K)->156268K(157504K) Class: 21954K(23040K)->21954K(23040K)
[2026-02-05T19:21:01.876+0000][45.663s][info ][gc          ] GC(58) Pause Young (Normal) (G1 Evacuation Pause) 322M->175M(380M) 13.814ms
[2026-02-05T19:21:01.876+0000][45.664s][info ][gc,cpu      ] GC(58) User=0.10s Sys=0.00s Real=0.01s
[2026-02-05T19:21:01.877+0000][45.664s][info ][safepoint   ] Safepoint "G1CollectForAllocation", Time since last: 237578400 ns, Reaching safepoint: 326717 ns, Cleanup: 79704 ns, At safepoint: 14566636 ns, Total: 14973057 ns
[2026-02-05T19:21:03.088+0000][46.875s][debug][safepoint   ] Safepoint synchronization initiated using futex wait barrier. (393 threads)
[2026-02-05T19:21:03.088+0000][46.875s][info ][safepoint   ] Safepoint "Cleanup", Time since last: 1210774063 ns, Reaching safepoint: 406721 ns, Cleanup: 42202 ns, At safepoint: 117806 ns, Total: 566729 ns
[2026-02-05T19:21:03.773+0000][47.560s][debug][safepoint   ] Safepoint synchronization initiated using futex wait barrier. (394 threads)
[2026-02-05T19:21:03.774+0000][47.561s][info ][gc,start    ] GC(59) Pause Young (Normal) (G1 Evacuation Pause)
[2026-02-05T19:21:03.774+0000][47.561s][info ][gc,task     ] GC(59) Using 10 workers of 10 for evacuation
[2026-02-05T19:21:03.783+0000][47.570s][info ][gc,phases   ] GC(59)   Pre Evacuate Collection Set: 0.3ms
[2026-02-05T19:21:03.784+0000][47.571s][info ][gc,phases   ] GC(59)   Merge Heap Roots: 0.2ms
[2026-02-05T19:21:03.784+0000][47.571s][info ][gc,phases   ] GC(59)   Evacuate Collection Set: 6.8ms
[2026-02-05T19:21:03.784+0000][47.571s][info ][gc,phases   ] GC(59)   Post Evacuate Collection Set: 1.8ms
[2026-02-05T19:21:03.784+0000][47.571s][info ][gc,phases   ] GC(59)   Other: 0.7ms
[2026-02-05T19:21:03.784+0000][47.572s][info ][gc,heap     ] GC(59) Eden regions: 72->0(73)
[2026-02-05T19:21:03.785+0000][47.572s][info ][gc,heap     ] GC(59) Survivor regions: 8->6(10)
[2026-02-05T19:21:03.785+0000][47.572s][info ][gc,heap     ] GC(59) Old regions: 80->83
[2026-02-05T19:21:03.785+0000][47.572s][info ][gc,heap     ] GC(59) Archive regions: 2->2
[2026-02-05T19:21:03.785+0000][47.572s][info ][gc,heap     ] GC(59) Humongous regions: 0->0
[2026-02-05T19:21:03.785+0000][47.572s][info ][gc,metaspace] GC(59) Metaspace: 181555K(183872K)->181555K(183872K) NonClass: 159162K(160384K)->159162K(160384K) Class: 22393K(23488K)->22393K(23488K)
[2026-02-05T19:21:03.785+0000][47.572s][info ][gc          ] GC(59) Pause Young (Normal) (G1 Evacuation Pause) 319M->176M(380M) 11.624ms
[2026-02-05T19:21:03.786+0000][47.573s][info ][gc,cpu      ] GC(59) User=0.06s Sys=0.00s Real=0.01s
[2026-02-05T19:21:03.786+0000][47.573s][info ][safepoint   ] Safepoint "G1CollectForAllocation", Time since last: 684833226 ns, Reaching safepoint: 474224 ns, Cleanup: 44702 ns, At safepoint: 12348428 ns, Total: 12867354 ns
[2026-02-05T19:21:04.909+0000][48.696s][debug][safepoint   ] Safepoint synchronization initiated using futex wait barrier. (394 threads)
[2026-02-05T19:21:04.909+0000][48.696s][info ][safepoint   ] Safepoint "Cleanup", Time since last: 1122797897 ns, Reaching safepoint: 260113 ns, Cleanup: 54403 ns, At safepoint: 9101 ns, Total: 323617 ns
[2026-02-05T19:21:05.909+0000][49.696s][debug][safepoint   ] Safepoint synchronization initiated using futex wait barrier. (394 threads)
[2026-02-05T19:21:05.910+0000][49.697s][info ][safepoint   ] Safepoint "Cleanup", Time since last: 1000276566 ns, Reaching safepoint: 226312 ns, Cleanup: 17301 ns, At safepoint: 5100 ns, Total: 248713 ns
[2026-02-05T19:21:07.910+0000][51.697s][debug][safepoint   ] Safepoint synchronization initiated using futex wait barrier. (394 threads)
[2026-02-05T19:21:07.910+0000][51.697s][info ][safepoint   ] Safepoint "Cleanup", Time since last: 2000337822 ns, Reaching safepoint: 205111 ns, Cleanup: 11500 ns, At safepoint: 5200 ns, Total: 221811 ns
[2026-02-05T19:21:08.910+0000][52.697s][debug][safepoint   ] Safepoint synchronization initiated using futex wait barrier. (394 threads)
[2026-02-05T19:21:08.911+0000][52.698s][info ][safepoint   ] Safepoint "Cleanup", Time since last: 1000254866 ns, Reaching safepoint: 203610 ns, Cleanup: 15501 ns, At safepoint: 5300 ns, Total: 224411 ns
[2026-02-05T19:21:09.911+0000][53.698s][debug][safepoint   ] Safepoint synchronization initiated using futex wait barrier. (394 threads)
[2026-02-05T19:21:09.911+0000][53.698s][info ][safepoint   ] Safepoint "Cleanup", Time since last: 1000217963 ns, Reaching safepoint: 237212 ns, Cleanup: 11501 ns, At safepoint: 7800 ns, Total: 256513 ns
[2026-02-05T19:21:11.911+0000][55.699s][debug][safepoint   ] Safepoint synchronization initiated using futex wait barrier. (394 threads)
[2026-02-05T19:21:11.912+0000][55.699s][info ][safepoint   ] Safepoint "Cleanup", Time since last: 2000316364 ns, Reaching safepoint: 457723 ns, Cleanup: 10000 ns, At safepoint: 9101 ns, Total: 476824 ns
[2026-02-05T19:21:12.912+0000][56.699s][debug][safepoint   ] Safepoint synchronization initiated using futex wait barrier. (394 threads)
[2026-02-05T19:21:12.913+0000][56.700s][info ][safepoint   ] Safepoint "Cleanup", Time since last: 1000297638 ns, Reaching safepoint: 326217 ns, Cleanup: 21201 ns, At safepoint: 5300 ns, Total: 352718 ns
[2026-02-05T19:21:13.913+0000][57.700s][debug][safepoint   ] Safepoint synchronization initiated using futex wait barrier. (394 threads)
[2026-02-05T19:21:13.913+0000][57.700s][info ][safepoint   ] Safepoint "Cleanup", Time since last: 1000382643 ns, Reaching safepoint: 283315 ns, Cleanup: 17401 ns, At safepoint: 7100 ns, Total: 307816 ns
[2026-02-05T19:21:14.914+0000][58.701s][debug][safepoint   ] Safepoint synchronization initiated using futex wait barrier. (394 threads)
[2026-02-05T19:21:14.914+0000][58.701s][info ][safepoint   ] Safepoint "Cleanup", Time since last: 1000273537 ns, Reaching safepoint: 247013 ns, Cleanup: 12001 ns, At safepoint: 4400 ns, Total: 263414 ns
[2026-02-05T19:21:15.914+0000][59.701s][debug][safepoint   ] Safepoint synchronization initiated using futex wait barrier. (394 threads)
[2026-02-05T19:21:15.915+0000][59.702s][info ][safepoint   ] Safepoint "Cleanup", Time since last: 1000341741 ns, Reaching safepoint: 360918 ns, Cleanup: 54903 ns, At safepoint: 9900 ns, Total: 425721 ns
[2026-02-05T19:21:17.380+0000][61.168s][debug][safepoint   ] Safepoint synchronization initiated using futex wait barrier. (394 threads)
[2026-02-05T19:21:17.380+0000][61.168s][info ][safepoint   ] Safepoint "Cleanup", Time since last: 1466208925 ns, Reaching safepoint: 275513 ns, Cleanup: 14201 ns, At safepoint: 4500 ns, Total: 294214 ns
[2026-02-05T19:21:18.380+0000][62.168s][debug][safepoint   ] Safepoint synchronization initiated using futex wait barrier. (394 threads)
[2026-02-05T19:21:18.381+0000][62.169s][info ][safepoint   ] Safepoint "Cleanup", Time since last: 1000343774 ns, Reaching safepoint: 294815 ns, Cleanup: 35802 ns, At safepoint: 8400 ns, Total: 339017 ns
[2026-02-05T19:21:19.381+0000][63.169s][debug][safepoint   ] Safepoint synchronization initiated using futex wait barrier. (394 threads)
[2026-02-05T19:21:19.382+0000][63.170s][info ][safepoint   ] Safepoint "Cleanup", Time since last: 1000608277 ns, Reaching safepoint: 313416 ns, Cleanup: 47603 ns, At safepoint: 12500 ns, Total: 373519 ns
[2026-02-05T19:21:20.382+0000][64.170s][debug][safepoint   ] Safepoint synchronization initiated using futex wait barrier. (394 threads)
[2026-02-05T19:21:20.382+0000][64.170s][info ][safepoint   ] Safepoint "Cleanup", Time since last: 1000362565 ns, Reaching safepoint: 294015 ns, Cleanup: 17100 ns, At safepoint: 5801 ns, Total: 316916 ns
[2026-02-05T19:21:22.383+0000][66.171s][debug][safepoint   ] Safepoint synchronization initiated using futex wait barrier. (394 threads)
[2026-02-05T19:21:22.383+0000][66.171s][info ][safepoint   ] Safepoint "Cleanup", Time since last: 2000450915 ns, Reaching safepoint: 329317 ns, Cleanup: 35802 ns, At safepoint: 10000 ns, Total: 375119 ns
[2026-02-05T19:21:23.383+0000][67.172s][debug][safepoint   ] Safepoint synchronization initiated using futex wait barrier. (394 threads)
[2026-02-05T19:21:23.384+0000][67.172s][info ][safepoint   ] Safepoint "Cleanup", Time since last: 1000279961 ns, Reaching safepoint: 483424 ns, Cleanup: 45802 ns, At safepoint: 20301 ns, Total: 549527 ns
[2026-02-05T19:21:24.104+0000][67.893s][debug][safepoint   ] Safepoint synchronization initiated using futex wait barrier. (394 threads)
[2026-02-05T19:21:24.105+0000][67.893s][info ][gc,start    ] GC(60) Pause Young (Normal) (G1 Evacuation Pause)
[2026-02-05T19:21:24.105+0000][67.893s][info ][gc,task     ] GC(60) Using 10 workers of 10 for evacuation
[2026-02-05T19:21:24.114+0000][67.902s][info ][gc,phases   ] GC(60)   Pre Evacuate Collection Set: 0.5ms
[2026-02-05T19:21:24.114+0000][67.903s][info ][gc,phases   ] GC(60)   Merge Heap Roots: 0.2ms
[2026-02-05T19:21:24.115+0000][67.903s][info ][gc,phases   ] GC(60)   Evacuate Collection Set: 5.8ms
[2026-02-05T19:21:24.115+0000][67.903s][info ][gc,phases   ] GC(60)   Post Evacuate Collection Set: 2.0ms
[2026-02-05T19:21:24.115+0000][67.903s][info ][gc,phases   ] GC(60)   Other: 0.8ms
[2026-02-05T19:21:24.115+0000][67.903s][info ][gc,heap     ] GC(60) Eden regions: 73->0(74)
[2026-02-05T19:21:24.115+0000][67.904s][info ][gc,heap     ] GC(60) Survivor regions: 6->6(10)
[2026-02-05T19:21:24.116+0000][67.904s][info ][gc,heap     ] GC(60) Old regions: 83->83
[2026-02-05T19:21:24.116+0000][67.904s][info ][gc,heap     ] GC(60) Archive regions: 2->2
[2026-02-05T19:21:24.116+0000][67.904s][info ][gc,heap     ] GC(60) Humongous regions: 0->0
[2026-02-05T19:21:24.116+0000][67.904s][info ][gc,metaspace] GC(60) Metaspace: 183036K(185472K)->183036K(185472K) NonClass: 160455K(161728K)->160455K(161728K) Class: 22580K(23744K)->22580K(23744K)
[2026-02-05T19:21:24.116+0000][67.904s][info ][gc          ] GC(60) Pause Young (Normal) (G1 Evacuation Pause) 322M->176M(380M) 11.340ms
[2026-02-05T19:21:24.117+0000][67.905s][info ][gc,cpu      ] GC(60) User=0.05s Sys=0.00s Real=0.01s
[2026-02-05T19:21:24.117+0000][67.905s][info ][safepoint   ] Safepoint "G1CollectForAllocation", Time since last: 720437256 ns, Reaching safepoint: 257213 ns, Cleanup: 4500 ns, At safepoint: 12228412 ns, Total: 12490125 ns
[2026-02-05T19:21:25.118+0000][68.906s][debug][safepoint   ] Safepoint synchronization initiated using futex wait barrier. (394 threads)
[2026-02-05T19:21:25.118+0000][68.906s][info ][safepoint   ] Safepoint "Cleanup", Time since last: 1000972595 ns, Reaching safepoint: 395320 ns, Cleanup: 32402 ns, At safepoint: 8900 ns, Total: 436622 ns
[2026-02-05T19:21:26.119+0000][69.907s][debug][safepoint   ] Safepoint synchronization initiated using futex wait barrier. (394 threads)
[2026-02-05T19:21:26.119+0000][69.907s][info ][safepoint   ] Safepoint "Cleanup", Time since last: 1000287951 ns, Reaching safepoint: 371418 ns, Cleanup: 14301 ns, At safepoint: 12201 ns, Total: 397920 ns
[2026-02-05T19:21:27.119+0000][70.907s][debug][safepoint   ] Safepoint synchronization initiated using futex wait barrier. (394 threads)
[2026-02-05T19:21:27.120+0000][70.908s][info ][safepoint   ] Safepoint "Cleanup", Time since last: 1000257429 ns, Reaching safepoint: 297115 ns, Cleanup: 13801 ns, At safepoint: 5600 ns, Total: 316516 ns
[2026-02-05T19:21:28.120+0000][71.908s][debug][safepoint   ] Safepoint synchronization initiated using futex wait barrier. (393 threads)
[2026-02-05T19:21:28.120+0000][71.908s][info ][safepoint   ] Safepoint "Cleanup", Time since last: 1000328033 ns, Reaching safepoint: 308716 ns, Cleanup: 13800 ns, At safepoint: 52503 ns, Total: 375019 ns
[2026-02-05T19:21:29.121+0000][72.909s][debug][safepoint   ] Safepoint synchronization initiated using futex wait barrier. (393 threads)
[2026-02-05T19:21:29.121+0000][72.909s][info ][safepoint   ] Safepoint "Cleanup", Time since last: 1000451939 ns, Reaching safepoint: 293515 ns, Cleanup: 15201 ns, At safepoint: 5800 ns, Total: 314516 ns
[2026-02-05T19:21:30.121+0000][73.909s][debug][safepoint   ] Safepoint synchronization initiated using futex wait barrier. (393 threads)
[2026-02-05T19:21:30.122+0000][73.910s][info ][safepoint   ] Safepoint "Cleanup", Time since last: 1000272130 ns, Reaching safepoint: 330817 ns, Cleanup: 11001 ns, At safepoint: 5200 ns, Total: 347018 ns
[2026-02-05T19:21:31.123+0000][74.911s][debug][safepoint   ] Safepoint synchronization initiated using futex wait barrier. (393 threads)
[2026-02-05T19:21:31.123+0000][74.912s][info ][safepoint   ] Safepoint "Cleanup", Time since last: 1001027268 ns, Reaching safepoint: 647633 ns, Cleanup: 16201 ns, At safepoint: 165408 ns, Total: 829242 ns
[2026-02-05T19:21:32.124+0000][75.912s][debug][safepoint   ] Safepoint synchronization initiated using futex wait barrier. (393 threads)
[2026-02-05T19:21:32.125+0000][75.913s][info ][safepoint   ] Safepoint "Cleanup", Time since last: 1000438839 ns, Reaching safepoint: 619631 ns, Cleanup: 23301 ns, At safepoint: 8201 ns, Total: 651133 ns
[2026-02-05T19:21:33.125+0000][76.913s][debug][safepoint   ] Safepoint synchronization initiated using futex wait barrier. (393 threads)
[2026-02-05T19:21:33.125+0000][76.914s][info ][safepoint   ] Safepoint "Cleanup", Time since last: 1000294631 ns, Reaching safepoint: 421721 ns, Cleanup: 17901 ns, At safepoint: 10401 ns, Total: 450023 ns
[2026-02-05T19:21:34.126+0000][77.914s][debug][safepoint   ] Safepoint synchronization initiated using futex wait barrier. (393 threads)
[2026-02-05T19:21:34.126+0000][77.914s][info ][safepoint   ] Safepoint "Cleanup", Time since last: 1000328891 ns, Reaching safepoint: 318716 ns, Cleanup: 13601 ns, At safepoint: 5500 ns, Total: 337817 ns
[2026-02-05T19:21:35.126+0000][78.915s][debug][safepoint   ] Safepoint synchronization initiated using futex wait barrier. (393 threads)
[2026-02-05T19:21:35.127+0000][78.915s][info ][safepoint   ] Safepoint "Cleanup", Time since last: 1000331011 ns, Reaching safepoint: 710236 ns, Cleanup: 54003 ns, At safepoint: 12601 ns, Total: 776840 ns
[2026-02-05T19:21:36.127+0000][79.916s][debug][safepoint   ] Safepoint synchronization initiated using futex wait barrier. (393 threads)
[2026-02-05T19:21:36.128+0000][79.916s][info ][safepoint   ] Safepoint "Cleanup", Time since last: 1000284109 ns, Reaching safepoint: 733737 ns, Cleanup: 15700 ns, At safepoint: 30302 ns, Total: 779739 ns
[2026-02-05T19:21:37.128+0000][80.917s][debug][safepoint   ] Safepoint synchronization initiated using futex wait barrier. (393 threads)
[2026-02-05T19:21:37.129+0000][80.917s][info ][safepoint   ] Safepoint "Cleanup", Time since last: 1000311210 ns, Reaching safepoint: 327917 ns, Cleanup: 13201 ns, At safepoint: 6700 ns, Total: 347818 ns
[2026-02-05T19:21:38.129+0000][81.917s][debug][safepoint   ] Safepoint synchronization initiated using futex wait barrier. (393 threads)
[2026-02-05T19:21:38.130+0000][81.918s][info ][safepoint   ] Safepoint "Cleanup", Time since last: 1000404915 ns, Reaching safepoint: 272214 ns, Cleanup: 15001 ns, At safepoint: 5700 ns, Total: 292915 ns
[2026-02-05T19:21:39.130+0000][82.918s][debug][safepoint   ] Safepoint synchronization initiated using futex wait barrier. (393 threads)
[2026-02-05T19:21:39.130+0000][82.918s][info ][safepoint   ] Safepoint "Cleanup", Time since last: 1000303010 ns, Reaching safepoint: 421121 ns, Cleanup: 16501 ns, At safepoint: 7200 ns, Total: 444822 ns
[2026-02-05T19:21:40.131+0000][83.919s][debug][safepoint   ] Safepoint synchronization initiated using futex wait barrier. (393 threads)
[2026-02-05T19:21:40.131+0000][83.919s][info ][safepoint   ] Safepoint "Cleanup", Time since last: 1000505021 ns, Reaching safepoint: 258013 ns, Cleanup: 12000 ns, At safepoint: 5401 ns, Total: 275414 ns
[2026-02-05T19:21:41.131+0000][84.919s][debug][safepoint   ] Safepoint synchronization initiated using futex wait barrier. (393 threads)
[2026-02-05T19:21:41.132+0000][84.920s][info ][safepoint   ] Safepoint "Cleanup", Time since last: 1000239607 ns, Reaching safepoint: 289714 ns, Cleanup: 22901 ns, At safepoint: 5901 ns, Total: 318516 ns
[2026-02-05T19:21:42.132+0000][85.920s][debug][safepoint   ] Safepoint synchronization initiated using futex wait barrier. (393 threads)
[2026-02-05T19:21:42.132+0000][85.920s][info ][safepoint   ] Safepoint "Cleanup", Time since last: 1000257635 ns, Reaching safepoint: 247310 ns, Cleanup: 9200 ns, At safepoint: 24201 ns, Total: 280711 ns
[2026-02-05T19:21:43.133+0000][86.921s][debug][safepoint   ] Safepoint synchronization initiated using futex wait barrier. (393 threads)
[2026-02-05T19:21:43.133+0000][86.921s][info ][safepoint   ] Safepoint "Cleanup", Time since last: 1000521010 ns, Reaching safepoint: 462419 ns, Cleanup: 26901 ns, At safepoint: 22501 ns, Total: 511821 ns
[2026-02-05T19:21:44.134+0000][87.922s][debug][safepoint   ] Safepoint synchronization initiated using futex wait barrier. (393 threads)
[2026-02-05T19:21:44.134+0000][87.922s][info ][safepoint   ] Safepoint "Cleanup", Time since last: 1000610413 ns, Reaching safepoint: 273312 ns, Cleanup: 16501 ns, At safepoint: 4900 ns, Total: 294713 ns
[2026-02-05T19:21:45.134+0000][88.923s][debug][safepoint   ] Safepoint synchronization initiated using futex wait barrier. (393 threads)
[2026-02-05T19:21:45.135+0000][88.923s][info ][safepoint   ] Safepoint "Cleanup", Time since last: 1000289299 ns, Reaching safepoint: 305913 ns, Cleanup: 32002 ns, At safepoint: 5200 ns, Total: 343115 ns
[2026-02-05T19:21:46.135+0000][89.923s][debug][safepoint   ] Safepoint synchronization initiated using futex wait barrier. (393 threads)
[2026-02-05T19:21:46.135+0000][89.924s][info ][safepoint   ] Safepoint "Cleanup", Time since last: 1000416405 ns, Reaching safepoint: 288412 ns, Cleanup: 37401 ns, At safepoint: 8901 ns, Total: 334714 ns
[2026-02-05T19:21:47.134+0000][90.924s][debug][safepoint   ] Safepoint synchronization initiated using futex wait barrier. (393 threads)
[2026-02-05T19:21:47.134+0000][90.924s][info ][safepoint   ] Safepoint "Cleanup", Time since last: 1000287299 ns, Reaching safepoint: 402017 ns, Cleanup: 49702 ns, At safepoint: 49202 ns, Total: 500921 ns
[2026-02-05T19:21:48.135+0000][91.925s][debug][safepoint   ] Safepoint synchronization initiated using futex wait barrier. (393 threads)
[2026-02-05T19:21:48.135+0000][91.925s][info ][safepoint   ] Safepoint "Cleanup", Time since last: 1000343202 ns, Reaching safepoint: 532622 ns, Cleanup: 15601 ns, At safepoint: 8000 ns, Total: 556223 ns
[2026-02-05T19:21:49.136+0000][92.926s][debug][safepoint   ] Safepoint synchronization initiated using futex wait barrier. (393 threads)
[2026-02-05T19:21:49.137+0000][92.927s][info ][safepoint   ] Safepoint "Cleanup", Time since last: 1000637115 ns, Reaching safepoint: 893037 ns, Cleanup: 13401 ns, At safepoint: 5100 ns, Total: 911538 ns
[2026-02-05T19:21:49.270+0000][93.060s][debug][safepoint   ] Safepoint synchronization initiated using futex wait barrier. (393 threads)
[2026-02-05T19:21:49.271+0000][93.061s][info ][gc,start    ] GC(61) Pause Young (Normal) (G1 Evacuation Pause)
[2026-02-05T19:21:49.271+0000][93.061s][info ][gc,task     ] GC(61) Using 10 workers of 10 for evacuation
[2026-02-05T19:21:49.284+0000][93.074s][info ][gc,phases   ] GC(61)   Pre Evacuate Collection Set: 0.6ms
[2026-02-05T19:21:49.284+0000][93.074s][info ][gc,phases   ] GC(61)   Merge Heap Roots: 0.2ms
[2026-02-05T19:21:49.284+0000][93.074s][info ][gc,phases   ] GC(61)   Evacuate Collection Set: 7.6ms
[2026-02-05T19:21:49.285+0000][93.075s][info ][gc,phases   ] GC(61)   Post Evacuate Collection Set: 3.5ms
[2026-02-05T19:21:49.285+0000][93.075s][info ][gc,phases   ] GC(61)   Other: 0.9ms
[2026-02-05T19:21:49.285+0000][93.075s][info ][gc,heap     ] GC(61) Eden regions: 74->0(74)
[2026-02-05T19:21:49.286+0000][93.076s][info ][gc,heap     ] GC(61) Survivor regions: 6->6(10)
[2026-02-05T19:21:49.286+0000][93.076s][info ][gc,heap     ] GC(61) Old regions: 83->83
[2026-02-05T19:21:49.286+0000][93.076s][info ][gc,heap     ] GC(61) Archive regions: 2->2
[2026-02-05T19:21:49.287+0000][93.077s][info ][gc,heap     ] GC(61) Humongous regions: 0->0
[2026-02-05T19:21:49.287+0000][93.077s][info ][gc,metaspace] GC(61) Metaspace: 183388K(185792K)->183388K(185792K) NonClass: 160800K(162048K)->160800K(162048K) Class: 22587K(23744K)->22587K(23744K)
[2026-02-05T19:21:49.287+0000][93.077s][info ][gc          ] GC(61) Pause Young (Normal) (G1 Evacuation Pause) 324M->176M(380M) 16.215ms
[2026-02-05T19:21:49.288+0000][93.078s][info ][gc,cpu      ] GC(61) User=0.06s Sys=0.01s Real=0.01s
[2026-02-05T19:21:49.288+0000][93.078s][info ][safepoint   ] Safepoint "G1CollectForAllocation", Time since last: 133400341 ns, Reaching safepoint: 470720 ns, Cleanup: 6200 ns, At safepoint: 17549743 ns, Total: 18026663 ns
[2026-02-05T19:21:50.289+0000][94.079s][debug][safepoint   ] Safepoint synchronization initiated using futex wait barrier. (393 threads)
[2026-02-05T19:21:50.289+0000][94.079s][info ][safepoint   ] Safepoint "Cleanup", Time since last: 1000336860 ns, Reaching safepoint: 413820 ns, Cleanup: 38002 ns, At safepoint: 57503 ns, Total: 509325 ns
[2026-02-05T19:21:51.290+0000][95.080s][debug][safepoint   ] Safepoint synchronization initiated using futex wait barrier. (393 threads)
[2026-02-05T19:21:51.290+0000][95.080s][info ][safepoint   ] Safepoint "Cleanup", Time since last: 1000381621 ns, Reaching safepoint: 698435 ns, Cleanup: 50002 ns, At safepoint: 13201 ns, Total: 761638 ns
[2026-02-05T19:21:52.291+0000][96.081s][debug][safepoint   ] Safepoint synchronization initiated using futex wait barrier. (393 threads)
[2026-02-05T19:21:52.291+0000][96.081s][info ][safepoint   ] Safepoint "Cleanup", Time since last: 1000318518 ns, Reaching safepoint: 332316 ns, Cleanup: 13801 ns, At safepoint: 5800 ns, Total: 351917 ns
[2026-02-05T19:21:53.292+0000][97.082s][debug][safepoint   ] Safepoint synchronization initiated using futex wait barrier. (393 threads)
[2026-02-05T19:21:53.292+0000][97.082s][info ][safepoint   ] Safepoint "Cleanup", Time since last: 1000552430 ns, Reaching safepoint: 345817 ns, Cleanup: 21701 ns, At safepoint: 5601 ns, Total: 373119 ns
[2026-02-05T19:21:54.293+0000][98.083s][debug][safepoint   ] Safepoint synchronization initiated using futex wait barrier. (393 threads)
[2026-02-05T19:21:54.293+0000][98.083s][info ][safepoint   ] Safepoint "Cleanup", Time since last: 1000610332 ns, Reaching safepoint: 377919 ns, Cleanup: 19501 ns, At safepoint: 5800 ns, Total: 403220 ns
[2026-02-05T19:21:55.293+0000][99.083s][debug][safepoint   ] Safepoint synchronization initiated using futex wait barrier. (393 threads)
[2026-02-05T19:21:55.294+0000][99.084s][info ][safepoint   ] Safepoint "Cleanup", Time since last: 1000426824 ns, Reaching safepoint: 285714 ns, Cleanup: 11801 ns, At safepoint: 5100 ns, Total: 302615 ns
[2026-02-05T19:21:56.294+0000][100.084s][debug][safepoint   ] Safepoint synchronization initiated using futex wait barrier. (393 threads)
[2026-02-05T19:21:56.294+0000][100.084s][info ][safepoint   ] Safepoint "Cleanup", Time since last: 1000258015 ns, Reaching safepoint: 261013 ns, Cleanup: 33402 ns, At safepoint: 65303 ns, Total: 359718 ns
[2026-02-05T19:21:58.205+0000][101.995s][debug][safepoint   ] Safepoint synchronization initiated using futex wait barrier. (387 threads)
[2026-02-05T19:21:58.206+0000][101.996s][info ][safepoint   ] Safepoint "Cleanup", Time since last: 1911053644 ns, Reaching safepoint: 351817 ns, Cleanup: 55303 ns, At safepoint: 8301 ns, Total: 415421 ns
[2026-02-05T19:21:59.206+0000][102.996s][debug][safepoint   ] Safepoint synchronization initiated using futex wait barrier. (384 threads)
[2026-02-05T19:21:59.207+0000][102.997s][info ][safepoint   ] Safepoint "Cleanup", Time since last: 1000404280 ns, Reaching safepoint: 504925 ns, Cleanup: 14201 ns, At safepoint: 7100 ns, Total: 526226 ns
[2026-02-05T19:22:00.207+0000][103.997s][debug][safepoint   ] Safepoint synchronization initiated using futex wait barrier. (384 threads)
[2026-02-05T19:22:00.207+0000][103.997s][info ][safepoint   ] Safepoint "Cleanup", Time since last: 1000323777 ns, Reaching safepoint: 314516 ns, Cleanup: 15701 ns, At safepoint: 5100 ns, Total: 335317 ns
[2026-02-05T19:22:01.208+0000][104.998s][debug][safepoint   ] Safepoint synchronization initiated using futex wait barrier. (384 threads)
[2026-02-05T19:22:01.208+0000][104.998s][info ][safepoint   ] Safepoint "Cleanup", Time since last: 1000318976 ns, Reaching safepoint: 279814 ns, Cleanup: 9001 ns, At safepoint: 54102 ns, Total: 342917 ns
[2026-02-05T19:22:04.209+0000][107.999s][debug][safepoint   ] Safepoint synchronization initiated using futex wait barrier. (382 threads)
[2026-02-05T19:22:04.209+0000][107.999s][info ][safepoint   ] Safepoint "Cleanup", Time since last: 3000529408 ns, Reaching safepoint: 278514 ns, Cleanup: 44402 ns, At safepoint: 35802 ns, Total: 358718 ns
[2026-02-05T19:22:05.186+0000][108.976s][debug][safepoint   ] Safepoint synchronization initiated using futex wait barrier. (382 threads)
[2026-02-05T19:22:05.187+0000][108.977s][info ][gc,start    ] GC(62) Pause Young (Concurrent Start) (Metadata GC Threshold)
[2026-02-05T19:22:05.187+0000][108.977s][info ][gc,task     ] GC(62) Using 10 workers of 10 for evacuation
[2026-02-05T19:22:05.198+0000][108.988s][info ][gc,phases   ] GC(62)   Pre Evacuate Collection Set: 0.9ms
[2026-02-05T19:22:05.198+0000][108.988s][info ][gc,phases   ] GC(62)   Merge Heap Roots: 0.2ms
[2026-02-05T19:22:05.198+0000][108.988s][info ][gc,phases   ] GC(62)   Evacuate Collection Set: 6.4ms
[2026-02-05T19:22:05.199+0000][108.989s][info ][gc,phases   ] GC(62)   Post Evacuate Collection Set: 3.0ms
[2026-02-05T19:22:05.199+0000][108.989s][info ][gc,phases   ] GC(62)   Other: 0.9ms
[2026-02-05T19:22:05.199+0000][108.989s][info ][gc,heap     ] GC(62) Eden regions: 54->0(74)
[2026-02-05T19:22:05.199+0000][108.989s][info ][gc,heap     ] GC(62) Survivor regions: 6->6(10)
[2026-02-05T19:22:05.199+0000][108.989s][info ][gc,heap     ] GC(62) Old regions: 83->83
[2026-02-05T19:22:05.200+0000][108.990s][info ][gc,heap     ] GC(62) Archive regions: 2->2
[2026-02-05T19:22:05.200+0000][108.990s][info ][gc,heap     ] GC(62) Humongous regions: 0->0
[2026-02-05T19:22:05.200+0000][108.990s][info ][gc,metaspace] GC(62) Metaspace: 183931K(186368K)->183931K(186368K) NonClass: 161284K(162560K)->161284K(162560K) Class: 22647K(23808K)->22647K(23808K)
[2026-02-05T19:22:05.200+0000][108.990s][info ][gc          ] GC(62) Pause Young (Concurrent Start) (Metadata GC Threshold) 284M->177M(380M) 13.249ms
[2026-02-05T19:22:05.200+0000][108.990s][info ][gc,cpu      ] GC(62) User=0.06s Sys=0.00s Real=0.02s
[2026-02-05T19:22:05.200+0000][108.990s][info ][gc          ] GC(63) Concurrent Mark Cycle
[2026-02-05T19:22:05.201+0000][108.991s][info ][gc,marking  ] GC(63) Concurrent Clear Claimed Marks
[2026-02-05T19:22:05.201+0000][108.991s][info ][safepoint   ] Safepoint "CollectForMetadataAllocation", Time since last: 977321128 ns, Reaching safepoint: 258312 ns, Cleanup: 4501 ns, At safepoint: 14220410 ns, Total: 14483223 ns
[2026-02-05T19:22:05.201+0000][108.991s][info ][gc,marking  ] GC(63) Concurrent Clear Claimed Marks 0.538ms
[2026-02-05T19:22:05.201+0000][108.991s][info ][gc,marking  ] GC(63) Concurrent Scan Root Regions
[2026-02-05T19:22:05.211+0000][109.001s][info ][gc,marking  ] GC(63) Concurrent Scan Root Regions 9.870ms
[2026-02-05T19:22:05.212+0000][109.002s][info ][gc,marking  ] GC(63) Concurrent Mark
[2026-02-05T19:22:05.212+0000][109.002s][info ][gc,marking  ] GC(63) Concurrent Mark From Roots
[2026-02-05T19:22:05.212+0000][109.002s][info ][gc,task     ] GC(63) Using 3 workers of 3 for marking
[2026-02-05T19:22:05.296+0000][109.086s][info ][gc,marking  ] GC(63) Concurrent Mark From Roots 83.974ms
[2026-02-05T19:22:05.297+0000][109.086s][info ][gc,marking  ] GC(63) Concurrent Preclean
[2026-02-05T19:22:05.297+0000][109.087s][info ][gc,marking  ] GC(63) Concurrent Preclean 0.777ms
[2026-02-05T19:22:05.298+0000][109.088s][debug][safepoint   ] Safepoint synchronization initiated using futex wait barrier. (382 threads)
[2026-02-05T19:22:05.298+0000][109.088s][info ][gc,start    ] GC(63) Pause Remark
[2026-02-05T19:22:05.314+0000][109.104s][info ][gc          ] GC(63) Pause Remark 179M->179M(380M) 15.720ms
[2026-02-05T19:22:05.314+0000][109.104s][info ][gc,cpu      ] GC(63) User=0.11s Sys=0.01s Real=0.01s
[2026-02-05T19:22:05.315+0000][109.105s][info ][safepoint   ] Safepoint "G1PauseRemark", Time since last: 96915342 ns, Reaching safepoint: 330217 ns, Cleanup: 18000 ns, At safepoint: 16827241 ns, Total: 17175458 ns
[2026-02-05T19:22:05.317+0000][109.107s][info ][gc,marking  ] GC(63) Concurrent Mark 105.280ms
[2026-02-05T19:22:05.317+0000][109.107s][info ][gc,marking  ] GC(63) Concurrent Rebuild Remembered Sets
[2026-02-05T19:22:05.370+0000][109.160s][info ][gc,marking  ] GC(63) Concurrent Rebuild Remembered Sets 52.581ms
[2026-02-05T19:22:05.370+0000][109.160s][debug][safepoint   ] Safepoint synchronization initiated using futex wait barrier. (382 threads)
[2026-02-05T19:22:05.380+0000][109.170s][info ][gc,start    ] GC(63) Pause Cleanup
[2026-02-05T19:22:05.381+0000][109.171s][info ][gc          ] GC(63) Pause Cleanup 179M->179M(380M) 0.619ms
[2026-02-05T19:22:05.381+0000][109.171s][info ][gc,cpu      ] GC(63) User=0.00s Sys=0.00s Real=0.00s
[2026-02-05T19:22:05.382+0000][109.172s][info ][safepoint   ] Safepoint "G1PauseCleanup", Time since last: 55226959 ns, Reaching safepoint: 10353718 ns, Cleanup: 8300 ns, At safepoint: 1257463 ns, Total: 11619481 ns
[2026-02-05T19:22:05.382+0000][109.172s][info ][gc,marking  ] GC(63) Concurrent Cleanup for Next Mark
[2026-02-05T19:22:05.383+0000][109.173s][info ][gc,marking  ] GC(63) Concurrent Cleanup for Next Mark 0.753ms
[2026-02-05T19:22:05.383+0000][109.173s][info ][gc          ] GC(63) Concurrent Mark Cycle 182.437ms
[2026-02-05T19:22:06.382+0000][110.172s][debug][safepoint   ] Safepoint synchronization initiated using futex wait barrier. (382 threads)
[2026-02-05T19:22:06.382+0000][110.172s][info ][safepoint   ] Safepoint "Cleanup", Time since last: 1000277917 ns, Reaching safepoint: 261813 ns, Cleanup: 33101 ns, At safepoint: 8901 ns, Total: 303815 ns
[2026-02-05T19:22:07.383+0000][111.172s][debug][safepoint   ] Safepoint synchronization initiated using futex wait barrier. (382 threads)
[2026-02-05T19:22:07.383+0000][111.173s][info ][safepoint   ] Safepoint "Cleanup", Time since last: 1000280126 ns, Reaching safepoint: 225812 ns, Cleanup: 16901 ns, At safepoint: 5100 ns, Total: 247813 ns
[2026-02-05T19:22:08.383+0000][112.173s][debug][safepoint   ] Safepoint synchronization initiated using futex wait barrier. (382 threads)
[2026-02-05T19:22:08.383+0000][112.173s][info ][safepoint   ] Safepoint "Cleanup", Time since last: 1000251625 ns, Reaching safepoint: 225211 ns, Cleanup: 13201 ns, At safepoint: 5500 ns, Total: 243912 ns
[2026-02-05T19:22:10.384+0000][114.174s][debug][safepoint   ] Safepoint synchronization initiated using futex wait barrier. (382 threads)
[2026-02-05T19:22:10.384+0000][114.174s][info ][safepoint   ] Safepoint "Cleanup", Time since last: 2000362243 ns, Reaching safepoint: 327517 ns, Cleanup: 13901 ns, At safepoint: 11000 ns, Total: 352418 ns
[2026-02-05T19:22:11.384+0000][115.174s][debug][safepoint   ] Safepoint synchronization initiated using futex wait barrier. (382 threads)
[2026-02-05T19:22:11.385+0000][115.175s][info ][safepoint   ] Safepoint "Cleanup", Time since last: 1000320729 ns, Reaching safepoint: 329216 ns, Cleanup: 12901 ns, At safepoint: 5100 ns, Total: 347217 ns
[2026-02-05T19:22:12.385+0000][116.175s][debug][safepoint   ] Safepoint synchronization initiated using futex wait barrier. (382 threads)
[2026-02-05T19:22:12.385+0000][116.175s][info ][safepoint   ] Safepoint "Cleanup", Time since last: 1000397533 ns, Reaching safepoint: 247412 ns, Cleanup: 12701 ns, At safepoint: 4700 ns, Total: 264813 ns
[2026-02-05T19:22:15.386+0000][119.176s][debug][safepoint   ] Safepoint synchronization initiated using futex wait barrier. (382 threads)
[2026-02-05T19:22:15.386+0000][119.176s][info ][safepoint   ] Safepoint "Cleanup", Time since last: 3000429656 ns, Reaching safepoint: 338116 ns, Cleanup: 18501 ns, At safepoint: 24902 ns, Total: 381519 ns
[2026-02-05T19:22:16.386+0000][120.176s][debug][safepoint   ] Safepoint synchronization initiated using futex wait barrier. (382 threads)
[2026-02-05T19:22:16.387+0000][120.177s][info ][safepoint   ] Safepoint "Cleanup", Time since last: 1000320167 ns, Reaching safepoint: 245113 ns, Cleanup: 9800 ns, At safepoint: 4300 ns, Total: 259213 ns
[2026-02-05T19:22:17.443+0000][121.234s][debug][safepoint   ] Safepoint synchronization initiated using futex wait barrier. (382 threads)
[2026-02-05T19:22:17.443+0000][121.234s][info ][safepoint   ] Safepoint "Cleanup", Time since last: 1057382190 ns, Reaching safepoint: 258913 ns, Cleanup: 14000 ns, At safepoint: 4501 ns, Total: 277414 ns
[2026-02-05T19:22:18.443+0000][122.235s][debug][safepoint   ] Safepoint synchronization initiated using futex wait barrier. (382 threads)
[2026-02-05T19:22:18.443+0000][122.235s][info ][safepoint   ] Safepoint "Cleanup", Time since last: 1000253364 ns, Reaching safepoint: 241412 ns, Cleanup: 12701 ns, At safepoint: 5000 ns, Total: 259113 ns
[2026-02-05T19:22:19.444+0000][123.235s][debug][safepoint   ] Safepoint synchronization initiated using futex wait barrier. (382 threads)
[2026-02-05T19:22:19.444+0000][123.236s][info ][safepoint   ] Safepoint "Cleanup", Time since last: 1000401972 ns, Reaching safepoint: 293814 ns, Cleanup: 37502 ns, At safepoint: 7601 ns, Total: 338917 ns
[2026-02-05T19:22:20.445+0000][124.236s][debug][safepoint   ] Safepoint synchronization initiated using futex wait barrier. (382 threads)
[2026-02-05T19:22:20.445+0000][124.236s][info ][safepoint   ] Safepoint "Cleanup", Time since last: 1000352569 ns, Reaching safepoint: 320516 ns, Cleanup: 16101 ns, At safepoint: 4700 ns, Total: 341317 ns
[2026-02-05T19:22:22.445+0000][126.237s][debug][safepoint   ] Safepoint synchronization initiated using futex wait barrier. (382 threads)
[2026-02-05T19:22:22.446+0000][126.238s][info ][safepoint   ] Safepoint "Cleanup", Time since last: 2000458340 ns, Reaching safepoint: 779339 ns, Cleanup: 40602 ns, At safepoint: 33001 ns, Total: 852942 ns
[2026-02-05T19:22:23.447+0000][127.238s][debug][safepoint   ] Safepoint synchronization initiated using futex wait barrier. (382 threads)
[2026-02-05T19:22:23.447+0000][127.238s][info ][safepoint   ] Safepoint "Cleanup", Time since last: 1000392326 ns, Reaching safepoint: 492724 ns, Cleanup: 12201 ns, At safepoint: 8500 ns, Total: 513425 ns
[2026-02-05T19:22:24.447+0000][128.239s][debug][safepoint   ] Safepoint synchronization initiated using futex wait barrier. (382 threads)
[2026-02-05T19:22:24.448+0000][128.239s][info ][safepoint   ] Safepoint "Cleanup", Time since last: 1000352723 ns, Reaching safepoint: 438122 ns, Cleanup: 27801 ns, At safepoint: 50103 ns, Total: 516026 ns
[2026-02-05T19:22:25.448+0000][129.240s][debug][safepoint   ] Safepoint synchronization initiated using futex wait barrier. (382 threads)
[2026-02-05T19:22:25.449+0000][129.240s][info ][safepoint   ] Safepoint "Cleanup", Time since last: 1000459428 ns, Reaching safepoint: 495825 ns, Cleanup: 51202 ns, At safepoint: 17501 ns, Total: 564528 ns
[2026-02-05T19:22:27.450+0000][131.241s][debug][safepoint   ] Safepoint synchronization initiated using futex wait barrier. (382 threads)
[2026-02-05T19:22:27.450+0000][131.242s][info ][safepoint   ] Safepoint "Cleanup", Time since last: 2000524938 ns, Reaching safepoint: 804740 ns, Cleanup: 11600 ns, At safepoint: 29502 ns, Total: 845842 ns
[2026-02-05T19:22:28.451+0000][132.242s][debug][safepoint   ] Safepoint synchronization initiated using futex wait barrier. (382 threads)
[2026-02-05T19:22:28.451+0000][132.242s][info ][safepoint   ] Safepoint "Cleanup", Time since last: 1000362423 ns, Reaching safepoint: 279114 ns, Cleanup: 35202 ns, At safepoint: 9900 ns, Total: 324216 ns
[2026-02-05T19:22:29.451+0000][133.243s][debug][safepoint   ] Safepoint synchronization initiated using futex wait barrier. (382 threads)
[2026-02-05T19:22:29.452+0000][133.243s][info ][safepoint   ] Safepoint "Cleanup", Time since last: 1000375325 ns, Reaching safepoint: 256312 ns, Cleanup: 10901 ns, At safepoint: 48702 ns, Total: 315915 ns
[2026-02-05T19:22:30.452+0000][134.243s][debug][safepoint   ] Safepoint synchronization initiated using futex wait barrier. (382 threads)
[2026-02-05T19:22:30.452+0000][134.244s][info ][safepoint   ] Safepoint "Cleanup", Time since last: 1000336593 ns, Reaching safepoint: 328716 ns, Cleanup: 8901 ns, At safepoint: 4400 ns, Total: 342017 ns
[2026-02-05T19:22:31.453+0000][135.244s][debug][safepoint   ] Safepoint synchronization initiated using futex wait barrier. (382 threads)
[2026-02-05T19:22:31.453+0000][135.244s][info ][safepoint   ] Safepoint "Cleanup", Time since last: 1000261502 ns, Reaching safepoint: 393119 ns, Cleanup: 11201 ns, At safepoint: 4600 ns, Total: 408920 ns
[2026-02-05T19:22:31.653+0000][135.444s][debug][safepoint   ] Safepoint synchronization initiated using futex wait barrier. (382 threads)
[2026-02-05T19:22:31.653+0000][135.445s][info ][gc,start    ] GC(64) Pause Young (Prepare Mixed) (G1 Evacuation Pause)
[2026-02-05T19:22:31.654+0000][135.445s][info ][gc,task     ] GC(64) Using 10 workers of 10 for evacuation
[2026-02-05T19:22:31.664+0000][135.455s][info ][gc,phases   ] GC(64)   Pre Evacuate Collection Set: 0.5ms
[2026-02-05T19:22:31.664+0000][135.455s][info ][gc,phases   ] GC(64)   Merge Heap Roots: 0.2ms
[2026-02-05T19:22:31.664+0000][135.456s][info ][gc,phases   ] GC(64)   Evacuate Collection Set: 6.7ms
[2026-02-05T19:22:31.664+0000][135.456s][info ][gc,phases   ] GC(64)   Post Evacuate Collection Set: 2.1ms
[2026-02-05T19:22:31.665+0000][135.456s][info ][gc,phases   ] GC(64)   Other: 0.9ms
[2026-02-05T19:22:31.665+0000][135.456s][info ][gc,heap     ] GC(64) Eden regions: 74->0(4)
[2026-02-05T19:22:31.665+0000][135.456s][info ][gc,heap     ] GC(64) Survivor regions: 6->5(10)
[2026-02-05T19:22:31.665+0000][135.456s][info ][gc,heap     ] GC(64) Old regions: 83->84
[2026-02-05T19:22:31.665+0000][135.456s][info ][gc,heap     ] GC(64) Archive regions: 2->2
[2026-02-05T19:22:31.665+0000][135.457s][info ][gc,heap     ] GC(64) Humongous regions: 0->0
[2026-02-05T19:22:31.665+0000][135.457s][info ][gc,metaspace] GC(64) Metaspace: 183980K(186432K)->183980K(186432K) NonClass: 161336K(162624K)->161336K(162624K) Class: 22644K(23808K)->22644K(23808K)
[2026-02-05T19:22:31.665+0000][135.457s][info ][gc          ] GC(64) Pause Young (Prepare Mixed) (G1 Evacuation Pause) 325M->177M(380M) 12.090ms
[2026-02-05T19:22:31.666+0000][135.457s][info ][gc,cpu      ] GC(64) User=0.05s Sys=0.00s Real=0.01s
[2026-02-05T19:22:31.666+0000][135.457s][info ][safepoint   ] Safepoint "G1CollectForAllocation", Time since last: 199677502 ns, Reaching safepoint: 449722 ns, Cleanup: 20401 ns, At safepoint: 12835943 ns, Total: 13306066 ns
[2026-02-05T19:22:32.667+0000][136.458s][debug][safepoint   ] Safepoint synchronization initiated using futex wait barrier. (382 threads)
[2026-02-05T19:22:32.667+0000][136.458s][info ][safepoint   ] Safepoint "Cleanup", Time since last: 1000464012 ns, Reaching safepoint: 274414 ns, Cleanup: 17301 ns, At safepoint: 4600 ns, Total: 296315 ns
[2026-02-05T19:22:32.876+0000][136.668s][debug][safepoint   ] Safepoint synchronization initiated using futex wait barrier. (382 threads)
[2026-02-05T19:22:32.877+0000][136.668s][info ][gc,start    ] GC(65) Pause Young (Mixed) (G1 Evacuation Pause)
[2026-02-05T19:22:32.877+0000][136.668s][info ][gc,task     ] GC(65) Using 10 workers of 10 for evacuation
[2026-02-05T19:22:32.892+0000][136.683s][info ][gc,phases   ] GC(65)   Pre Evacuate Collection Set: 0.4ms
[2026-02-05T19:22:32.892+0000][136.683s][info ][gc,phases   ] GC(65)   Merge Heap Roots: 0.4ms
[2026-02-05T19:22:32.893+0000][136.684s][info ][gc,phases   ] GC(65)   Evacuate Collection Set: 11.1ms
[2026-02-05T19:22:32.893+0000][136.684s][info ][gc,phases   ] GC(65)   Post Evacuate Collection Set: 2.2ms
[2026-02-05T19:22:32.893+0000][136.685s][info ][gc,phases   ] GC(65)   Other: 0.8ms
[2026-02-05T19:22:32.894+0000][136.685s][info ][gc,heap     ] GC(65) Eden regions: 4->0(87)
[2026-02-05T19:22:32.894+0000][136.686s][info ][gc,heap     ] GC(65) Survivor regions: 5->2(2)
[2026-02-05T19:22:32.894+0000][136.686s][info ][gc,heap     ] GC(65) Old regions: 84->76
[2026-02-05T19:22:32.895+0000][136.686s][info ][gc,heap     ] GC(65) Archive regions: 2->2
[2026-02-05T19:22:32.895+0000][136.687s][info ][gc,heap     ] GC(65) Humongous regions: 0->0
[2026-02-05T19:22:32.896+0000][136.687s][info ][gc,metaspace] GC(65) Metaspace: 183991K(186432K)->183991K(186432K) NonClass: 161347K(162624K)->161347K(162624K) Class: 22644K(23808K)->22644K(23808K)
[2026-02-05T19:22:32.896+0000][136.687s][info ][gc          ] GC(65) Pause Young (Mixed) (G1 Evacuation Pause) 185M->155M(380M) 19.226ms
[2026-02-05T19:22:32.896+0000][136.688s][info ][gc,cpu      ] GC(65) User=0.11s Sys=0.01s Real=0.02s
[2026-02-05T19:22:32.897+0000][136.688s][info ][safepoint   ] Safepoint "G1CollectForAllocation", Time since last: 209310584 ns, Reaching safepoint: 446023 ns, Cleanup: 6400 ns, At safepoint: 20330618 ns, Total: 20783041 ns
[2026-02-05T19:22:33.898+0000][137.690s][debug][safepoint   ] Safepoint synchronization initiated using futex wait barrier. (382 threads)
[2026-02-05T19:22:33.899+0000][137.690s][info ][safepoint   ] Safepoint "Cleanup", Time since last: 1001304854 ns, Reaching safepoint: 255313 ns, Cleanup: 32102 ns, At safepoint: 7700 ns, Total: 295115 ns
[2026-02-05T19:22:34.899+0000][138.690s][debug][safepoint   ] Safepoint synchronization initiated using futex wait barrier. (382 threads)
[2026-02-05T19:22:34.899+0000][138.691s][info ][safepoint   ] Safepoint "Cleanup", Time since last: 1000284503 ns, Reaching safepoint: 505725 ns, Cleanup: 15301 ns, At safepoint: 4900 ns, Total: 525926 ns
[2026-02-05T19:22:35.900+0000][139.691s][debug][safepoint   ] Safepoint synchronization initiated using futex wait barrier. (382 threads)
[2026-02-05T19:22:35.900+0000][139.692s][info ][safepoint   ] Safepoint "Cleanup", Time since last: 1000540016 ns, Reaching safepoint: 348718 ns, Cleanup: 10800 ns, At safepoint: 6001 ns, Total: 365519 ns
[2026-02-05T19:22:36.901+0000][140.692s][debug][safepoint   ] Safepoint synchronization initiated using futex wait barrier. (382 threads)
[2026-02-05T19:22:36.901+0000][140.692s][info ][safepoint   ] Safepoint "Cleanup", Time since last: 1000507814 ns, Reaching safepoint: 250212 ns, Cleanup: 9801 ns, At safepoint: 4300 ns, Total: 264313 ns
[2026-02-05T19:22:37.901+0000][141.693s][debug][safepoint   ] Safepoint synchronization initiated using futex wait barrier. (382 threads)
[2026-02-05T19:22:37.902+0000][141.693s][info ][safepoint   ] Safepoint "Cleanup", Time since last: 1000260402 ns, Reaching safepoint: 356518 ns, Cleanup: 11800 ns, At safepoint: 6901 ns, Total: 375219 ns
[2026-02-05T19:22:39.902+0000][143.693s][debug][safepoint   ] Safepoint synchronization initiated using futex wait barrier. (382 threads)
[2026-02-05T19:22:39.902+0000][143.694s][info ][safepoint   ] Safepoint "Cleanup", Time since last: 2000454068 ns, Reaching safepoint: 265113 ns, Cleanup: 37402 ns, At safepoint: 8400 ns, Total: 310915 ns
[2026-02-05T19:22:41.903+0000][145.694s][debug][safepoint   ] Safepoint synchronization initiated using futex wait barrier. (382 threads)
[2026-02-05T19:22:41.903+0000][145.695s][info ][safepoint   ] Safepoint "Cleanup", Time since last: 2000394563 ns, Reaching safepoint: 358118 ns, Cleanup: 12201 ns, At safepoint: 5000 ns, Total: 375319 ns
[2026-02-05T19:22:42.903+0000][146.695s][debug][safepoint   ] Safepoint synchronization initiated using futex wait barrier. (382 threads)
[2026-02-05T19:22:42.904+0000][146.695s][info ][safepoint   ] Safepoint "Cleanup", Time since last: 1000287486 ns, Reaching safepoint: 276614 ns, Cleanup: 16401 ns, At safepoint: 5400 ns, Total: 298415 ns
[2026-02-05T19:22:43.904+0000][147.695s][debug][safepoint   ] Safepoint synchronization initiated using futex wait barrier. (382 threads)
[2026-02-05T19:22:43.904+0000][147.696s][debug][safepoint   ] ... found polling page loop exception at pc = 0x0000747c95c15d5c, stub =0x0000747c94b10400
[2026-02-05T19:22:43.905+0000][147.696s][info ][safepoint   ] Safepoint "Cleanup", Time since last: 1000252284 ns, Reaching safepoint: 631932 ns, Cleanup: 10700 ns, At safepoint: 190010 ns, Total: 832642 ns
[2026-02-05T19:22:45.905+0000][149.697s][debug][safepoint   ] Safepoint synchronization initiated using futex wait barrier. (382 threads)
[2026-02-05T19:22:45.906+0000][149.697s][info ][safepoint   ] Safepoint "Cleanup", Time since last: 2000414164 ns, Reaching safepoint: 271013 ns, Cleanup: 18401 ns, At safepoint: 5101 ns, Total: 294515 ns
[2026-02-05T19:22:46.904+0000][150.697s][debug][safepoint   ] Safepoint synchronization initiated using futex wait barrier. (382 threads)
[2026-02-05T19:22:46.904+0000][150.697s][info ][safepoint   ] Safepoint "Cleanup", Time since last: 1000235414 ns, Reaching safepoint: 243412 ns, Cleanup: 11500 ns, At safepoint: 4000 ns, Total: 258912 ns
[2026-02-05T19:22:48.904+0000][152.698s][debug][safepoint   ] Safepoint synchronization initiated using futex wait barrier. (382 threads)
[2026-02-05T19:22:48.905+0000][152.698s][info ][safepoint   ] Safepoint "Cleanup", Time since last: 2000339178 ns, Reaching safepoint: 268314 ns, Cleanup: 32201 ns, At safepoint: 8200 ns, Total: 308715 ns
[2026-02-05T19:22:49.905+0000][153.698s][debug][safepoint   ] Safepoint synchronization initiated using futex wait barrier. (382 threads)
[2026-02-05T19:22:49.905+0000][153.699s][info ][safepoint   ] Safepoint "Cleanup", Time since last: 1000302096 ns, Reaching safepoint: 459222 ns, Cleanup: 16901 ns, At safepoint: 7301 ns, Total: 483424 ns
[2026-02-05T19:22:50.906+0000][154.699s][debug][safepoint   ] Safepoint synchronization initiated using futex wait barrier. (382 threads)
[2026-02-05T19:22:50.906+0000][154.700s][info ][safepoint   ] Safepoint "Cleanup", Time since last: 1000387299 ns, Reaching safepoint: 270614 ns, Cleanup: 28601 ns, At safepoint: 35702 ns, Total: 334917 ns
[2026-02-05T19:22:52.907+0000][156.700s][debug][safepoint   ] Safepoint synchronization initiated using futex wait barrier. (382 threads)
[2026-02-05T19:22:52.907+0000][156.700s][info ][safepoint   ] Safepoint "Cleanup", Time since last: 2000543988 ns, Reaching safepoint: 332516 ns, Cleanup: 14501 ns, At safepoint: 4400 ns, Total: 351417 ns
[2026-02-05T19:22:53.908+0000][157.701s][debug][safepoint   ] Safepoint synchronization initiated using futex wait barrier. (382 threads)
[2026-02-05T19:22:53.908+0000][157.701s][info ][safepoint   ] Safepoint "Cleanup", Time since last: 1000443102 ns, Reaching safepoint: 302415 ns, Cleanup: 34002 ns, At safepoint: 27001 ns, Total: 363418 ns
[2026-02-05T19:22:54.908+0000][158.702s][debug][safepoint   ] Safepoint synchronization initiated using futex wait barrier. (382 threads)
[2026-02-05T19:22:54.909+0000][158.702s][info ][safepoint   ] Safepoint "Cleanup", Time since last: 1000324612 ns, Reaching safepoint: 407821 ns, Cleanup: 9901 ns, At safepoint: 7300 ns, Total: 425022 ns
[2026-02-05T19:22:55.909+0000][159.702s][debug][safepoint   ] Safepoint synchronization initiated using futex wait barrier. (382 threads)
[2026-02-05T19:22:55.910+0000][159.703s][info ][safepoint   ] Safepoint "Cleanup", Time since last: 1000309710 ns, Reaching safepoint: 614931 ns, Cleanup: 12501 ns, At safepoint: 29401 ns, Total: 656833 ns
[2026-02-05T19:22:56.910+0000][160.703s][debug][safepoint   ] Safepoint synchronization initiated using futex wait barrier. (381 threads)
[2026-02-05T19:22:56.910+0000][160.704s][info ][safepoint   ] Safepoint "Cleanup", Time since last: 1000276408 ns, Reaching safepoint: 241113 ns, Cleanup: 14200 ns, At safepoint: 4501 ns, Total: 259814 ns
[2026-02-05T19:22:57.910+0000][161.704s][debug][safepoint   ] Safepoint synchronization initiated using futex wait barrier. (381 threads)
[2026-02-05T19:22:57.911+0000][161.704s][info ][safepoint   ] Safepoint "Cleanup", Time since last: 1000364312 ns, Reaching safepoint: 242813 ns, Cleanup: 10500 ns, At safepoint: 3800 ns, Total: 257113 ns
[2026-02-05T19:22:58.911+0000][162.704s][debug][safepoint   ] Safepoint synchronization initiated using futex wait barrier. (379 threads)
[2026-02-05T19:22:58.911+0000][162.705s][info ][safepoint   ] Safepoint "Cleanup", Time since last: 1000237607 ns, Reaching safepoint: 366018 ns, Cleanup: 10901 ns, At safepoint: 6300 ns, Total: 383219 ns
[2026-02-05T19:22:59.912+0000][163.705s][debug][safepoint   ] Safepoint synchronization initiated using futex wait barrier. (379 threads)
[2026-02-05T19:22:59.912+0000][163.705s][info ][safepoint   ] Safepoint "Cleanup", Time since last: 1000254407 ns, Reaching safepoint: 260613 ns, Cleanup: 10801 ns, At safepoint: 3800 ns, Total: 275214 ns
[2026-02-05T19:23:00.912+0000][164.706s][debug][safepoint   ] Safepoint synchronization initiated using futex wait barrier. (379 threads)
[2026-02-05T19:23:00.912+0000][164.706s][info ][safepoint   ] Safepoint "Cleanup", Time since last: 1000280809 ns, Reaching safepoint: 244212 ns, Cleanup: 29101 ns, At safepoint: 7001 ns, Total: 280314 ns
[2026-02-05T19:23:01.913+0000][165.706s][debug][safepoint   ] Safepoint synchronization initiated using futex wait barrier. (378 threads)
[2026-02-05T19:23:01.913+0000][165.706s][info ][safepoint   ] Safepoint "Cleanup", Time since last: 1000255007 ns, Reaching safepoint: 292415 ns, Cleanup: 10300 ns, At safepoint: 3901 ns, Total: 306616 ns
[2026-02-05T19:23:02.913+0000][166.707s][debug][safepoint   ] Safepoint synchronization initiated using futex wait barrier. (377 threads)
[2026-02-05T19:23:02.914+0000][166.707s][info ][safepoint   ] Safepoint "Cleanup", Time since last: 1000303097 ns, Reaching safepoint: 252313 ns, Cleanup: 34102 ns, At safepoint: 8001 ns, Total: 294416 ns
[2026-02-05T19:23:03.914+0000][167.707s][debug][safepoint   ] Safepoint synchronization initiated using futex wait barrier. (377 threads)
[2026-02-05T19:23:03.915+0000][167.708s][info ][safepoint   ] Safepoint "Cleanup", Time since last: 1000341738 ns, Reaching safepoint: 457825 ns, Cleanup: 36102 ns, At safepoint: 67804 ns, Total: 561731 ns
[2026-02-05T19:23:04.503+0000][168.296s][debug][safepoint   ] Safepoint synchronization initiated using futex wait barrier. (377 threads)
[2026-02-05T19:23:04.503+0000][168.297s][info ][gc,start    ] GC(66) Pause Young (Normal) (G1 Evacuation Pause)
[2026-02-05T19:23:04.504+0000][168.297s][info ][gc,task     ] GC(66) Using 10 workers of 10 for evacuation
[2026-02-05T19:23:04.510+0000][168.304s][info ][gc,phases   ] GC(66)   Pre Evacuate Collection Set: 0.5ms
[2026-02-05T19:23:04.511+0000][168.304s][info ][gc,phases   ] GC(66)   Merge Heap Roots: 0.2ms
[2026-02-05T19:23:04.511+0000][168.304s][info ][gc,phases   ] GC(66)   Evacuate Collection Set: 3.5ms
[2026-02-05T19:23:04.511+0000][168.305s][info ][gc,phases   ] GC(66)   Post Evacuate Collection Set: 2.3ms
[2026-02-05T19:23:04.511+0000][168.305s][info ][gc,phases   ] GC(66)   Other: 0.7ms
[2026-02-05T19:23:04.512+0000][168.305s][info ][gc,heap     ] GC(66) Eden regions: 87->0(89)
[2026-02-05T19:23:04.512+0000][168.305s][info ][gc,heap     ] GC(66) Survivor regions: 2->1(12)
[2026-02-05T19:23:04.512+0000][168.305s][info ][gc,heap     ] GC(66) Old regions: 76->76
[2026-02-05T19:23:04.512+0000][168.305s][info ][gc,heap     ] GC(66) Archive regions: 2->2
[2026-02-05T19:23:04.512+0000][168.306s][info ][gc,heap     ] GC(66) Humongous regions: 0->0
[2026-02-05T19:23:04.512+0000][168.306s][info ][gc,metaspace] GC(66) Metaspace: 184250K(186688K)->184250K(186688K) NonClass: 161595K(162880K)->161595K(162880K) Class: 22655K(23808K)->22655K(23808K)
[2026-02-05T19:23:04.512+0000][168.306s][info ][gc          ] GC(66) Pause Young (Normal) (G1 Evacuation Pause) 329M->155M(380M) 9.071ms
[2026-02-05T19:23:04.513+0000][168.306s][info ][gc,cpu      ] GC(66) User=0.04s Sys=0.00s Real=0.01s
[2026-02-05T19:23:04.513+0000][168.307s][info ][safepoint   ] Safepoint "G1CollectForAllocation", Time since last: 588276861 ns, Reaching safepoint: 432023 ns, Cleanup: 5200 ns, At safepoint: 9885932 ns, Total: 10323155 ns
[2026-02-05T19:23:05.513+0000][169.307s][debug][safepoint   ] Safepoint synchronization initiated using futex wait barrier. (377 threads)
[2026-02-05T19:23:05.514+0000][169.307s][info ][safepoint   ] Safepoint "Cleanup", Time since last: 1000348839 ns, Reaching safepoint: 335818 ns, Cleanup: 42003 ns, At safepoint: 18701 ns, Total: 396522 ns
[2026-02-05T19:23:06.514+0000][170.308s][debug][safepoint   ] Safepoint synchronization initiated using futex wait barrier. (377 threads)
[2026-02-05T19:23:06.515+0000][170.308s][info ][safepoint   ] Safepoint "Cleanup", Time since last: 1000446244 ns, Reaching safepoint: 386821 ns, Cleanup: 12901 ns, At safepoint: 25901 ns, Total: 425623 ns
[2026-02-05T19:23:07.515+0000][171.309s][debug][safepoint   ] Safepoint synchronization initiated using futex wait barrier. (377 threads)
[2026-02-05T19:23:07.515+0000][171.309s][info ][safepoint   ] Safepoint "Cleanup", Time since last: 1000336838 ns, Reaching safepoint: 272915 ns, Cleanup: 12801 ns, At safepoint: 4800 ns, Total: 290516 ns
[2026-02-05T19:23:08.516+0000][172.309s][debug][safepoint   ] Safepoint synchronization initiated using futex wait barrier. (377 threads)
[2026-02-05T19:23:08.516+0000][172.310s][info ][safepoint   ] Safepoint "Cleanup", Time since last: 1000287136 ns, Reaching safepoint: 424222 ns, Cleanup: 52903 ns, At safepoint: 16701 ns, Total: 493826 ns
[2026-02-05T19:23:09.516+0000][173.310s][debug][safepoint   ] Safepoint synchronization initiated using futex wait barrier. (377 threads)
[2026-02-05T19:23:09.517+0000][173.310s][info ][safepoint   ] Safepoint "Cleanup", Time since last: 1000314937 ns, Reaching safepoint: 394422 ns, Cleanup: 36002 ns, At safepoint: 50002 ns, Total: 480426 ns
[2026-02-05T19:23:10.517+0000][174.311s][debug][safepoint   ] Safepoint synchronization initiated using futex wait barrier. (377 threads)
[2026-02-05T19:23:10.518+0000][174.311s][info ][safepoint   ] Safepoint "Cleanup", Time since last: 1000376670 ns, Reaching safepoint: 312716 ns, Cleanup: 100306 ns, At safepoint: 24501 ns, Total: 437523 ns
[2026-02-05T19:23:11.518+0000][175.312s][debug][safepoint   ] Safepoint synchronization initiated using futex wait barrier. (377 threads)
[2026-02-05T19:23:11.518+0000][175.312s][info ][safepoint   ] Safepoint "Cleanup", Time since last: 1000328765 ns, Reaching safepoint: 207811 ns, Cleanup: 19901 ns, At safepoint: 5600 ns, Total: 233312 ns
[2026-02-05T19:23:12.519+0000][176.312s][debug][safepoint   ] Safepoint synchronization initiated using futex wait barrier. (377 threads)
[2026-02-05T19:23:12.519+0000][176.312s][info ][safepoint   ] Safepoint "Cleanup", Time since last: 1000280462 ns, Reaching safepoint: 349619 ns, Cleanup: 42302 ns, At safepoint: 13001 ns, Total: 404922 ns
[2026-02-05T19:23:13.519+0000][177.313s][debug][safepoint   ] Safepoint synchronization initiated using futex wait barrier. (377 threads)
[2026-02-05T19:23:13.520+0000][177.313s][info ][safepoint   ] Safepoint "Cleanup", Time since last: 1000371166 ns, Reaching safepoint: 321517 ns, Cleanup: 12601 ns, At safepoint: 4400 ns, Total: 338518 ns
[2026-02-05T19:23:16.520+0000][180.314s][debug][safepoint   ] Safepoint synchronization initiated using futex wait barrier. (377 threads)
[2026-02-05T19:23:16.520+0000][180.314s][info ][safepoint   ] Safepoint "Cleanup", Time since last: 3000437865 ns, Reaching safepoint: 218611 ns, Cleanup: 9501 ns, At safepoint: 24901 ns, Total: 253013 ns
[2026-02-05T19:23:20.529+0000][184.323s][debug][safepoint   ] Safepoint synchronization initiated using futex wait barrier. (377 threads)
[2026-02-05T19:23:20.529+0000][184.323s][info ][safepoint   ] Safepoint "Cleanup", Time since last: 4009327013 ns, Reaching safepoint: 256513 ns, Cleanup: 13801 ns, At safepoint: 3900 ns, Total: 274214 ns
[2026-02-05T19:23:22.529+0000][186.324s][debug][safepoint   ] Safepoint synchronization initiated using futex wait barrier. (377 threads)
[2026-02-05T19:23:22.530+0000][186.324s][info ][safepoint   ] Safepoint "Cleanup", Time since last: 2000375032 ns, Reaching safepoint: 296815 ns, Cleanup: 13301 ns, At safepoint: 4500 ns, Total: 314616 ns
[2026-02-05T19:23:25.530+0000][189.325s][debug][safepoint   ] Safepoint synchronization initiated using futex wait barrier. (377 threads)
[2026-02-05T19:23:25.531+0000][189.325s][info ][safepoint   ] Safepoint "Cleanup", Time since last: 3000529097 ns, Reaching safepoint: 355618 ns, Cleanup: 11800 ns, At safepoint: 6001 ns, Total: 373419 ns
[2026-02-05T19:23:27.531+0000][191.325s][debug][safepoint   ] Safepoint synchronization initiated using futex wait barrier. (377 threads)
[2026-02-05T19:23:27.532+0000][191.326s][info ][safepoint   ] Safepoint "Cleanup", Time since last: 2000415321 ns, Reaching safepoint: 600634 ns, Cleanup: 28301 ns, At safepoint: 7801 ns, Total: 636736 ns
[2026-02-05T19:23:28.532+0000][192.326s][debug][safepoint   ] Safepoint synchronization initiated using futex wait barrier. (377 threads)
[2026-02-05T19:23:28.533+0000][192.327s][info ][safepoint   ] Safepoint "Cleanup", Time since last: 1000328072 ns, Reaching safepoint: 562631 ns, Cleanup: 10901 ns, At safepoint: 5100 ns, Total: 578632 ns
[2026-02-05T19:23:29.533+0000][193.327s][debug][safepoint   ] Safepoint synchronization initiated using futex wait barrier. (377 threads)
[2026-02-05T19:23:29.533+0000][193.328s][info ][safepoint   ] Safepoint "Cleanup", Time since last: 1000344473 ns, Reaching safepoint: 517329 ns, Cleanup: 13401 ns, At safepoint: 5100 ns, Total: 535830 ns
[2026-02-05T19:23:30.534+0000][194.328s][debug][safepoint   ] Safepoint synchronization initiated using futex wait barrier. (377 threads)
[2026-02-05T19:23:30.534+0000][194.329s][info ][safepoint   ] Safepoint "Cleanup", Time since last: 1000359974 ns, Reaching safepoint: 265515 ns, Cleanup: 12300 ns, At safepoint: 4501 ns, Total: 282316 ns
[2026-02-05T19:23:32.535+0000][196.329s][debug][safepoint   ] Safepoint synchronization initiated using futex wait barrier. (377 threads)
[2026-02-05T19:23:32.535+0000][196.330s][info ][safepoint   ] Safepoint "Cleanup", Time since last: 2000393129 ns, Reaching safepoint: 560331 ns, Cleanup: 44603 ns, At safepoint: 13200 ns, Total: 618134 ns
[2026-02-05T19:23:33.535+0000][197.330s][debug][safepoint   ] Safepoint synchronization initiated using futex wait barrier. (377 threads)
[2026-02-05T19:23:33.536+0000][197.330s][info ][safepoint   ] Safepoint "Cleanup", Time since last: 1000351373 ns, Reaching safepoint: 280816 ns, Cleanup: 10701 ns, At safepoint: 43002 ns, Total: 334519 ns
[2026-02-05T19:23:34.536+0000][198.330s][debug][safepoint   ] Safepoint synchronization initiated using futex wait barrier. (377 threads)
[2026-02-05T19:23:34.536+0000][198.331s][info ][safepoint   ] Safepoint "Cleanup", Time since last: 1000293618 ns, Reaching safepoint: 262813 ns, Cleanup: 8201 ns, At safepoint: 4100 ns, Total: 275114 ns
[2026-02-05T19:23:36.537+0000][200.331s][debug][safepoint   ] Safepoint synchronization initiated using futex wait barrier. (377 threads)
[2026-02-05T19:23:36.537+0000][200.331s][info ][safepoint   ] Safepoint "Cleanup", Time since last: 2000376630 ns, Reaching safepoint: 332717 ns, Cleanup: 14501 ns, At safepoint: 6400 ns, Total: 353618 ns
[2026-02-05T19:23:37.395+0000][201.189s][debug][safepoint   ] Safepoint synchronization initiated using futex wait barrier. (377 threads)
[2026-02-05T19:23:37.396+0000][201.190s][info ][gc,start    ] GC(67) Pause Young (Normal) (G1 Evacuation Pause)
[2026-02-05T19:23:37.396+0000][201.190s][info ][gc,task     ] GC(67) Using 10 workers of 10 for evacuation
[2026-02-05T19:23:37.402+0000][201.196s][info ][gc,phases   ] GC(67)   Pre Evacuate Collection Set: 0.4ms
[2026-02-05T19:23:37.402+0000][201.196s][info ][gc,phases   ] GC(67)   Merge Heap Roots: 0.2ms
[2026-02-05T19:23:37.402+0000][201.196s][info ][gc,phases   ] GC(67)   Evacuate Collection Set: 2.8ms
[2026-02-05T19:23:37.402+0000][201.197s][info ][gc,phases   ] GC(67)   Post Evacuate Collection Set: 1.7ms
[2026-02-05T19:23:37.402+0000][201.197s][info ][gc,phases   ] GC(67)   Other: 0.8ms
[2026-02-05T19:23:37.403+0000][201.197s][info ][gc,heap     ] GC(67) Eden regions: 89->0(90)
[2026-02-05T19:23:37.403+0000][201.197s][info ][gc,heap     ] GC(67) Survivor regions: 1->1(12)
[2026-02-05T19:23:37.403+0000][201.197s][info ][gc,heap     ] GC(67) Old regions: 76->76
[2026-02-05T19:23:37.403+0000][201.197s][info ][gc,heap     ] GC(67) Archive regions: 2->2
[2026-02-05T19:23:37.403+0000][201.197s][info ][gc,heap     ] GC(67) Humongous regions: 0->0
[2026-02-05T19:23:37.403+0000][201.198s][info ][gc,metaspace] GC(67) Metaspace: 184459K(186944K)->184459K(186944K) NonClass: 161800K(163136K)->161800K(163136K) Class: 22659K(23808K)->22659K(23808K)
[2026-02-05T19:23:37.403+0000][201.198s][info ][gc          ] GC(67) Pause Young (Normal) (G1 Evacuation Pause) 333M->154M(380M) 7.643ms
[2026-02-05T19:23:37.404+0000][201.198s][info ][gc,cpu      ] GC(67) User=0.02s Sys=0.01s Real=0.00s
[2026-02-05T19:23:37.404+0000][201.198s][info ][safepoint   ] Safepoint "G1CollectForAllocation", Time since last: 857602914 ns, Reaching safepoint: 857845 ns, Cleanup: 35301 ns, At safepoint: 8495338 ns, Total: 9388484 ns
[2026-02-05T19:23:38.405+0000][202.199s][debug][safepoint   ] Safepoint synchronization initiated using futex wait barrier. (377 threads)
[2026-02-05T19:23:38.405+0000][202.199s][info ][safepoint   ] Safepoint "Cleanup", Time since last: 1000449179 ns, Reaching safepoint: 318516 ns, Cleanup: 29802 ns, At safepoint: 116806 ns, Total: 465124 ns
[2026-02-05T19:23:42.406+0000][206.200s][debug][safepoint   ] Safepoint synchronization initiated using futex wait barrier. (377 threads)
[2026-02-05T19:23:42.406+0000][206.201s][info ][safepoint   ] Safepoint "Cleanup", Time since last: 4000803504 ns, Reaching safepoint: 295914 ns, Cleanup: 36001 ns, At safepoint: 7601 ns, Total: 339516 ns
[2026-02-05T19:23:43.406+0000][207.201s][debug][safepoint   ] Safepoint synchronization initiated using futex wait barrier. (377 threads)
[2026-02-05T19:23:43.407+0000][207.201s][info ][safepoint   ] Safepoint "Cleanup", Time since last: 1000263868 ns, Reaching safepoint: 471222 ns, Cleanup: 52003 ns, At safepoint: 24501 ns, Total: 547726 ns
[2026-02-05T19:23:44.407+0000][208.202s][debug][safepoint   ] Safepoint synchronization initiated using futex wait barrier. (377 threads)
[2026-02-05T19:23:44.408+0000][208.202s][info ][safepoint   ] Safepoint "Cleanup", Time since last: 1000442176 ns, Reaching safepoint: 282013 ns, Cleanup: 13101 ns, At safepoint: 5100 ns, Total: 300214 ns
[2026-02-05T19:23:45.408+0000][209.203s][debug][safepoint   ] Safepoint synchronization initiated using futex wait barrier. (377 threads)
[2026-02-05T19:23:45.409+0000][209.204s][info ][safepoint   ] Safepoint "Cleanup", Time since last: 1000418176 ns, Reaching safepoint: 947944 ns, Cleanup: 15801 ns, At safepoint: 46302 ns, Total: 1010047 ns
[2026-02-05T19:23:47.408+0000][211.204s][debug][safepoint   ] Safepoint synchronization initiated using futex wait barrier. (377 threads)
[2026-02-05T19:23:47.408+0000][211.205s][info ][safepoint   ] Safepoint "Cleanup", Time since last: 2000442533 ns, Reaching safepoint: 481822 ns, Cleanup: 38602 ns, At safepoint: 10200 ns, Total: 530624 ns
[2026-02-05T19:23:48.409+0000][212.205s][debug][safepoint   ] Safepoint synchronization initiated using futex wait barrier. (377 threads)
[2026-02-05T19:23:48.409+0000][212.205s][info ][safepoint   ] Safepoint "Cleanup", Time since last: 1000499980 ns, Reaching safepoint: 405018 ns, Cleanup: 11701 ns, At safepoint: 4900 ns, Total: 421619 ns
[2026-02-05T19:23:50.409+0000][214.206s][debug][safepoint   ] Safepoint synchronization initiated using futex wait barrier. (377 threads)
[2026-02-05T19:23:50.410+0000][214.206s][info ][safepoint   ] Safepoint "Cleanup", Time since last: 2000409216 ns, Reaching safepoint: 605729 ns, Cleanup: 10200 ns, At safepoint: 23601 ns, Total: 639530 ns
[2026-02-05T19:23:51.410+0000][215.207s][debug][safepoint   ] Safepoint synchronization initiated using futex wait barrier. (377 threads)
[2026-02-05T19:23:51.411+0000][215.207s][info ][safepoint   ] Safepoint "Cleanup", Time since last: 1000349925 ns, Reaching safepoint: 456822 ns, Cleanup: 10300 ns, At safepoint: 7301 ns, Total: 474423 ns
[2026-02-05T19:23:52.411+0000][216.208s][debug][safepoint   ] Safepoint synchronization initiated using futex wait barrier. (377 threads)
[2026-02-05T19:23:52.411+0000][216.208s][info ][safepoint   ] Safepoint "Cleanup", Time since last: 1000314523 ns, Reaching safepoint: 236011 ns, Cleanup: 12300 ns, At safepoint: 4301 ns, Total: 252612 ns
[2026-02-05T19:23:53.412+0000][217.208s][debug][safepoint   ] Safepoint synchronization initiated using futex wait barrier. (377 threads)
[2026-02-05T19:23:53.412+0000][217.208s][info ][safepoint   ] Safepoint "Cleanup", Time since last: 1000237619 ns, Reaching safepoint: 239012 ns, Cleanup: 31801 ns, At safepoint: 8100 ns, Total: 278913 ns
[2026-02-05T19:23:54.412+0000][218.209s][debug][safepoint   ] Safepoint synchronization initiated using futex wait barrier. (377 threads)
[2026-02-05T19:23:54.413+0000][218.209s][info ][safepoint   ] Safepoint "Cleanup", Time since last: 1000281422 ns, Reaching safepoint: 403919 ns, Cleanup: 65203 ns, At safepoint: 12901 ns, Total: 482023 ns
[2026-02-05T19:23:55.413+0000][219.210s][debug][safepoint   ] Safepoint synchronization initiated using futex wait barrier. (377 threads)
[2026-02-05T19:23:55.414+0000][219.210s][info ][safepoint   ] Safepoint "Cleanup", Time since last: 1000505132 ns, Reaching safepoint: 316615 ns, Cleanup: 14101 ns, At safepoint: 5500 ns, Total: 336216 ns
[2026-02-05T19:23:57.414+0000][221.210s][debug][safepoint   ] Safepoint synchronization initiated using futex wait barrier. (376 threads)
[2026-02-05T19:23:57.414+0000][221.211s][info ][safepoint   ] Safepoint "Cleanup", Time since last: 2000384235 ns, Reaching safepoint: 416120 ns, Cleanup: 14300 ns, At safepoint: 39302 ns, Total: 469722 ns
[2026-02-05T19:24:00.415+0000][224.211s][debug][safepoint   ] Safepoint synchronization initiated using futex wait barrier. (375 threads)
[2026-02-05T19:24:00.415+0000][224.212s][info ][safepoint   ] Safepoint "Cleanup", Time since last: 3000555600 ns, Reaching safepoint: 411621 ns, Cleanup: 20301 ns, At safepoint: 8500 ns, Total: 440422 ns
[2026-02-05T19:24:02.416+0000][226.212s][debug][safepoint   ] Safepoint synchronization initiated using futex wait barrier. (374 threads)
[2026-02-05T19:24:02.416+0000][226.213s][info ][safepoint   ] Safepoint "Cleanup", Time since last: 2000553728 ns, Reaching safepoint: 386619 ns, Cleanup: 9401 ns, At safepoint: 4700 ns, Total: 400720 ns
[2026-02-05T19:24:03.417+0000][227.213s][debug][safepoint   ] Safepoint synchronization initiated using futex wait barrier. (374 threads)
[2026-02-05T19:24:03.417+0000][227.213s][info ][safepoint   ] Safepoint "Cleanup", Time since last: 1000321966 ns, Reaching safepoint: 295915 ns, Cleanup: 11000 ns, At safepoint: 4101 ns, Total: 311016 ns
[2026-02-05T19:24:05.418+0000][229.214s][debug][safepoint   ] Safepoint synchronization initiated using futex wait barrier. (374 threads)
[2026-02-05T19:24:05.418+0000][229.214s][info ][safepoint   ] Safepoint "Cleanup", Time since last: 2000520725 ns, Reaching safepoint: 299316 ns, Cleanup: 12400 ns, At safepoint: 7701 ns, Total: 319417 ns
[2026-02-05T19:24:06.418+0000][230.215s][debug][safepoint   ] Safepoint synchronization initiated using futex wait barrier. (374 threads)
[2026-02-05T19:24:06.419+0000][230.216s][info ][safepoint   ] Safepoint "Cleanup", Time since last: 1000473852 ns, Reaching safepoint: 739537 ns, Cleanup: 29502 ns, At safepoint: 28601 ns, Total: 797640 ns
[2026-02-05T19:24:07.419+0000][231.216s][debug][safepoint   ] Safepoint synchronization initiated using futex wait barrier. (374 threads)
[2026-02-05T19:24:07.420+0000][231.216s][info ][safepoint   ] Safepoint "Cleanup", Time since last: 1000360942 ns, Reaching safepoint: 219711 ns, Cleanup: 9500 ns, At safepoint: 4001 ns, Total: 233212 ns
[2026-02-05T19:24:08.420+0000][232.216s][debug][safepoint   ] Safepoint synchronization initiated using futex wait barrier. (375 threads)
[2026-02-05T19:24:08.420+0000][232.217s][info ][safepoint   ] Safepoint "Cleanup", Time since last: 1000262036 ns, Reaching safepoint: 280714 ns, Cleanup: 61103 ns, At safepoint: 9301 ns, Total: 351118 ns
[2026-02-05T19:24:09.421+0000][233.217s][debug][safepoint   ] Safepoint synchronization initiated using futex wait barrier. (374 threads)
[2026-02-05T19:24:09.421+0000][233.218s][info ][safepoint   ] Safepoint "Cleanup", Time since last: 1000509449 ns, Reaching safepoint: 241112 ns, Cleanup: 11300 ns, At safepoint: 3901 ns, Total: 256313 ns
[2026-02-05T19:24:10.327+0000][234.123s][debug][safepoint   ] Safepoint synchronization initiated using futex wait barrier. (374 threads)
[2026-02-05T19:24:10.327+0000][234.124s][info ][gc,start    ] GC(68) Pause Young (Normal) (G1 Evacuation Pause)
[2026-02-05T19:24:10.328+0000][234.124s][info ][gc,task     ] GC(68) Using 10 workers of 10 for evacuation
[2026-02-05T19:24:10.333+0000][234.130s][info ][gc,phases   ] GC(68)   Pre Evacuate Collection Set: 0.4ms
[2026-02-05T19:24:10.334+0000][234.130s][info ][gc,phases   ] GC(68)   Merge Heap Roots: 0.2ms
[2026-02-05T19:24:10.334+0000][234.131s][info ][gc,phases   ] GC(68)   Evacuate Collection Set: 2.5ms
[2026-02-05T19:24:10.334+0000][234.131s][info ][gc,phases   ] GC(68)   Post Evacuate Collection Set: 2.1ms
[2026-02-05T19:24:10.335+0000][234.131s][info ][gc,phases   ] GC(68)   Other: 1.3ms
[2026-02-05T19:24:10.335+0000][234.131s][info ][gc,heap     ] GC(68) Eden regions: 90->0(90)
[2026-02-05T19:24:10.335+0000][234.131s][info ][gc,heap     ] GC(68) Survivor regions: 1->1(12)
[2026-02-05T19:24:10.335+0000][234.132s][info ][gc,heap     ] GC(68) Old regions: 76->76
[2026-02-05T19:24:10.335+0000][234.132s][info ][gc,heap     ] GC(68) Archive regions: 2->2
[2026-02-05T19:24:10.336+0000][234.132s][info ][gc,heap     ] GC(68) Humongous regions: 0->0
[2026-02-05T19:24:10.336+0000][234.132s][info ][gc,metaspace] GC(68) Metaspace: 184712K(187136K)->184712K(187136K) NonClass: 162041K(163328K)->162041K(163328K) Class: 22670K(23808K)->22670K(23808K)
[2026-02-05T19:24:10.336+0000][234.133s][info ][gc          ] GC(68) Pause Young (Normal) (G1 Evacuation Pause) 334M->155M(380M) 8.689ms
[2026-02-05T19:24:10.336+0000][234.133s][info ][gc,cpu      ] GC(68) User=0.02s Sys=0.01s Real=0.01s
[2026-02-05T19:24:10.337+0000][234.133s][info ][safepoint   ] Safepoint "G1CollectForAllocation", Time since last: 905495339 ns, Reaching safepoint: 400920 ns, Cleanup: 19101 ns, At safepoint: 10011707 ns, Total: 10431728 ns
[2026-02-05T19:24:11.338+0000][235.134s][debug][safepoint   ] Safepoint synchronization initiated using futex wait barrier. (374 threads)
[2026-02-05T19:24:11.338+0000][235.135s][info ][safepoint   ] Safepoint "Cleanup", Time since last: 1000908569 ns, Reaching safepoint: 307715 ns, Cleanup: 15501 ns, At safepoint: 5101 ns, Total: 328317 ns
[2026-02-05T19:24:12.339+0000][236.135s][debug][safepoint   ] Safepoint synchronization initiated using futex wait barrier. (374 threads)
[2026-02-05T19:24:12.339+0000][236.135s][info ][safepoint   ] Safepoint "Cleanup", Time since last: 1000252935 ns, Reaching safepoint: 256513 ns, Cleanup: 16001 ns, At safepoint: 5201 ns, Total: 277715 ns
[2026-02-05T19:24:14.171+0000][237.968s][debug][safepoint   ] Safepoint synchronization initiated using futex wait barrier. (374 threads)
[2026-02-05T19:24:14.172+0000][237.968s][info ][safepoint   ] Safepoint "Cleanup", Time since last: 1832320118 ns, Reaching safepoint: 476924 ns, Cleanup: 26301 ns, At safepoint: 25202 ns, Total: 528427 ns
[2026-02-05T19:24:15.172+0000][238.968s][debug][safepoint   ] Safepoint synchronization initiated using futex wait barrier. (374 threads)
[2026-02-05T19:24:15.172+0000][238.969s][info ][safepoint   ] Safepoint "Cleanup", Time since last: 1000311881 ns, Reaching safepoint: 443321 ns, Cleanup: 31302 ns, At safepoint: 11601 ns, Total: 486224 ns
[2026-02-05T19:24:16.173+0000][239.969s][debug][safepoint   ] Safepoint synchronization initiated using futex wait barrier. (374 threads)
[2026-02-05T19:24:16.173+0000][239.970s][info ][safepoint   ] Safepoint "Cleanup", Time since last: 1000638597 ns, Reaching safepoint: 347517 ns, Cleanup: 14801 ns, At safepoint: 4400 ns, Total: 366718 ns
[2026-02-05T19:24:17.608+0000][241.405s][debug][safepoint   ] Safepoint synchronization initiated using futex wait barrier. (374 threads)
[2026-02-05T19:24:17.608+0000][241.406s][info ][safepoint   ] Safepoint "Cleanup", Time since last: 1435359457 ns, Reaching safepoint: 338317 ns, Cleanup: 14001 ns, At safepoint: 6100 ns, Total: 358418 ns
[2026-02-05T19:24:22.609+0000][246.406s][debug][safepoint   ] Safepoint synchronization initiated using futex wait barrier. (374 threads)
[2026-02-05T19:24:22.609+0000][246.407s][info ][safepoint   ] Safepoint "Cleanup", Time since last: 5000864957 ns, Reaching safepoint: 300315 ns, Cleanup: 9200 ns, At safepoint: 4200 ns, Total: 313715 ns
[2026-02-05T19:24:23.610+0000][247.407s][debug][safepoint   ] Safepoint synchronization initiated using futex wait barrier. (374 threads)
[2026-02-05T19:24:23.610+0000][247.407s][info ][safepoint   ] Safepoint "Cleanup", Time since last: 1000256683 ns, Reaching safepoint: 446823 ns, Cleanup: 24701 ns, At safepoint: 8000 ns, Total: 479524 ns
[2026-02-05T19:24:25.611+0000][249.408s][debug][safepoint   ] Safepoint synchronization initiated using futex wait barrier. (374 threads)
[2026-02-05T19:24:25.611+0000][249.408s][info ][safepoint   ] Safepoint "Cleanup", Time since last: 2000434463 ns, Reaching safepoint: 267313 ns, Cleanup: 9500 ns, At safepoint: 35502 ns, Total: 312315 ns
[2026-02-05T19:24:27.611+0000][251.409s][debug][safepoint   ] Safepoint synchronization initiated using futex wait barrier. (374 threads)
[2026-02-05T19:24:27.612+0000][251.409s][info ][safepoint   ] Safepoint "Cleanup", Time since last: 2000542868 ns, Reaching safepoint: 297815 ns, Cleanup: 11900 ns, At safepoint: 6101 ns, Total: 315816 ns
[2026-02-05T19:24:28.612+0000][252.409s][debug][safepoint   ] Safepoint synchronization initiated using futex wait barrier. (374 threads)
[2026-02-05T19:24:28.612+0000][252.410s][info ][safepoint   ] Safepoint "Cleanup", Time since last: 1000352787 ns, Reaching safepoint: 260913 ns, Cleanup: 12801 ns, At safepoint: 4100 ns, Total: 277814 ns
[2026-02-05T19:24:29.613+0000][253.410s][debug][safepoint   ] Safepoint synchronization initiated using futex wait barrier. (374 threads)
[2026-02-05T19:24:29.613+0000][253.410s][info ][safepoint   ] Safepoint "Cleanup", Time since last: 1000357388 ns, Reaching safepoint: 312116 ns, Cleanup: 15301 ns, At safepoint: 20401 ns, Total: 347818 ns
[2026-02-05T19:24:34.614+0000][258.411s][debug][safepoint   ] Safepoint synchronization initiated using futex wait barrier. (374 threads)
[2026-02-05T19:24:34.614+0000][258.412s][info ][safepoint   ] Safepoint "Cleanup", Time since last: 5000700576 ns, Reaching safepoint: 352818 ns, Cleanup: 14101 ns, At safepoint: 6300 ns, Total: 373219 ns
[2026-02-05T19:24:35.614+0000][259.412s][debug][safepoint   ] Safepoint synchronization initiated using futex wait barrier. (374 threads)
[2026-02-05T19:24:35.615+0000][259.412s][info ][safepoint   ] Safepoint "Cleanup", Time since last: 1000404970 ns, Reaching safepoint: 296315 ns, Cleanup: 16901 ns, At safepoint: 6300 ns, Total: 319516 ns
[2026-02-05T19:24:36.615+0000][260.413s][debug][safepoint   ] Safepoint synchronization initiated using futex wait barrier. (374 threads)
[2026-02-05T19:24:36.615+0000][260.413s][info ][safepoint   ] Safepoint "Cleanup", Time since last: 1000283965 ns, Reaching safepoint: 267013 ns, Cleanup: 35602 ns, At safepoint: 7500 ns, Total: 310115 ns
[2026-02-05T19:24:37.616+0000][261.413s][debug][safepoint   ] Safepoint synchronization initiated using futex wait barrier. (374 threads)
[2026-02-05T19:24:37.616+0000][261.414s][info ][safepoint   ] Safepoint "Cleanup", Time since last: 1000342867 ns, Reaching safepoint: 457723 ns, Cleanup: 26901 ns, At safepoint: 6101 ns, Total: 490725 ns
[2026-02-05T19:24:39.544+0000][263.342s][debug][safepoint   ] Safepoint synchronization initiated using futex wait barrier. (374 threads)
[2026-02-05T19:24:39.545+0000][263.342s][info ][safepoint   ] Safepoint "Cleanup", Time since last: 1927930484 ns, Reaching safepoint: 511525 ns, Cleanup: 15001 ns, At safepoint: 53903 ns, Total: 580429 ns
[2026-02-05T19:24:39.594+0000][263.391s][debug][safepoint   ] Safepoint synchronization initiated using futex wait barrier. (374 threads)
[2026-02-05T19:24:39.594+0000][263.392s][info ][gc,start    ] GC(69) Pause Young (Normal) (G1 Evacuation Pause)
[2026-02-05T19:24:39.595+0000][263.392s][info ][gc,task     ] GC(69) Using 10 workers of 10 for evacuation
[2026-02-05T19:24:39.601+0000][263.399s][info ][gc,phases   ] GC(69)   Pre Evacuate Collection Set: 0.4ms
[2026-02-05T19:24:39.601+0000][263.399s][info ][gc,phases   ] GC(69)   Merge Heap Roots: 0.2ms
[2026-02-05T19:24:39.601+0000][263.399s][info ][gc,phases   ] GC(69)   Evacuate Collection Set: 3.7ms
[2026-02-05T19:24:39.602+0000][263.399s][info ][gc,phases   ] GC(69)   Post Evacuate Collection Set: 2.0ms
[2026-02-05T19:24:39.602+0000][263.399s][info ][gc,phases   ] GC(69)   Other: 0.7ms
[2026-02-05T19:24:39.602+0000][263.400s][info ][gc,heap     ] GC(69) Eden regions: 90->0(89)
[2026-02-05T19:24:39.602+0000][263.400s][info ][gc,heap     ] GC(69) Survivor regions: 1->2(12)
[2026-02-05T19:24:39.602+0000][263.400s][info ][gc,heap     ] GC(69) Old regions: 76->76
[2026-02-05T19:24:39.603+0000][263.400s][info ][gc,heap     ] GC(69) Archive regions: 2->2
[2026-02-05T19:24:39.603+0000][263.400s][info ][gc,heap     ] GC(69) Humongous regions: 0->0
[2026-02-05T19:24:39.603+0000][263.400s][info ][gc,metaspace] GC(69) Metaspace: 185742K(188224K)->185742K(188224K) NonClass: 162971K(164288K)->162971K(164288K) Class: 22770K(23936K)->22770K(23936K)
[2026-02-05T19:24:39.603+0000][263.401s][info ][gc          ] GC(69) Pause Young (Normal) (G1 Evacuation Pause) 335M->155M(380M) 8.828ms
[2026-02-05T19:24:39.603+0000][263.401s][info ][gc,cpu      ] GC(69) User=0.02s Sys=0.00s Real=0.01s
[2026-02-05T19:24:39.604+0000][263.401s][info ][safepoint   ] Safepoint "G1CollectForAllocation", Time since last: 49033555 ns, Reaching safepoint: 342417 ns, Cleanup: 3701 ns, At safepoint: 9554278 ns, Total: 9900396 ns
[2026-02-05T19:24:39.802+0000][263.600s][debug][safepoint   ] Safepoint synchronization initiated using futex wait barrier. (376 threads)
[2026-02-05T19:24:39.803+0000][263.600s][info ][gc,start    ] GC(70) Pause Young (Concurrent Start) (G1 Humongous Allocation)
[2026-02-05T19:24:39.803+0000][263.601s][info ][gc,task     ] GC(70) Using 10 workers of 10 for evacuation
[2026-02-05T19:24:39.809+0000][263.606s][info ][gc,phases   ] GC(70)   Pre Evacuate Collection Set: 0.7ms
[2026-02-05T19:24:39.809+0000][263.606s][info ][gc,phases   ] GC(70)   Merge Heap Roots: 0.2ms
[2026-02-05T19:24:39.809+0000][263.607s][info ][gc,phases   ] GC(70)   Evacuate Collection Set: 3.0ms
[2026-02-05T19:24:39.809+0000][263.607s][info ][gc,phases   ] GC(70)   Post Evacuate Collection Set: 1.2ms
[2026-02-05T19:24:39.810+0000][263.607s][info ][gc,phases   ] GC(70)   Other: 0.9ms
[2026-02-05T19:24:39.810+0000][263.607s][info ][gc,heap     ] GC(70) Eden regions: 20->0(87)
[2026-02-05T19:24:39.810+0000][263.607s][info ][gc,heap     ] GC(70) Survivor regions: 2->3(12)
[2026-02-05T19:24:39.810+0000][263.607s][info ][gc,heap     ] GC(70) Old regions: 76->76
[2026-02-05T19:24:39.810+0000][263.608s][info ][gc,heap     ] GC(70) Archive regions: 2->2
[2026-02-05T19:24:39.810+0000][263.608s][info ][gc,heap     ] GC(70) Humongous regions: 0->0
[2026-02-05T19:24:39.810+0000][263.608s][info ][gc,metaspace] GC(70) Metaspace: 186519K(188928K)->186519K(188928K) NonClass: 163592K(164864K)->163592K(164864K) Class: 22927K(24064K)->22927K(24064K)
[2026-02-05T19:24:39.811+0000][263.608s][info ][gc          ] GC(70) Pause Young (Concurrent Start) (G1 Humongous Allocation) 195M->157M(380M) 7.729ms
[2026-02-05T19:24:39.811+0000][263.608s][info ][gc,cpu      ] GC(70) User=0.03s Sys=0.00s Real=0.01s
[2026-02-05T19:24:39.811+0000][263.608s][info ][gc          ] GC(71) Concurrent Undo Cycle
[2026-02-05T19:24:39.811+0000][263.609s][info ][gc,marking  ] GC(71) Concurrent Cleanup for Next Mark
[2026-02-05T19:24:39.812+0000][263.609s][info ][safepoint   ] Safepoint "G1TryInitiateConcMark", Time since last: 198595645 ns, Reaching safepoint: 448722 ns, Cleanup: 76404 ns, At safepoint: 8931847 ns, Total: 9456973 ns
[2026-02-05T19:24:39.819+0000][263.616s][info ][gc,marking  ] GC(71) Concurrent Cleanup for Next Mark 7.755ms
[2026-02-05T19:24:39.819+0000][263.617s][info ][gc          ] GC(71) Concurrent Undo Cycle 8.391ms
[2026-02-05T19:24:39.821+0000][263.618s][debug][safepoint   ] Safepoint synchronization initiated using futex wait barrier. (376 threads)
[2026-02-05T19:24:39.822+0000][263.620s][info ][safepoint   ] Safepoint "G1TryInitiateConcMark", Time since last: 9265864 ns, Reaching safepoint: 1052553 ns, Cleanup: 4500 ns, At safepoint: 54103 ns, Total: 1111156 ns
[2026-02-05T19:24:39.822+0000][263.620s][debug][safepoint   ] Safepoint synchronization initiated using futex wait barrier. (376 threads)
[2026-02-05T19:24:39.823+0000][263.620s][info ][gc,start    ] GC(72) Pause Young (Concurrent Start) (G1 Humongous Allocation)
[2026-02-05T19:24:39.823+0000][263.620s][info ][gc,task     ] GC(72) Using 10 workers of 10 for evacuation
[2026-02-05T19:24:39.828+0000][263.626s][info ][gc,phases   ] GC(72)   Pre Evacuate Collection Set: 0.5ms
[2026-02-05T19:24:39.829+0000][263.626s][info ][gc,phases   ] GC(72)   Merge Heap Roots: 0.2ms
[2026-02-05T19:24:39.829+0000][263.626s][info ][gc,phases   ] GC(72)   Evacuate Collection Set: 3.6ms
[2026-02-05T19:24:39.829+0000][263.626s][info ][gc,phases   ] GC(72)   Post Evacuate Collection Set: 1.1ms
[2026-02-05T19:24:39.829+0000][263.627s][info ][gc,phases   ] GC(72)   Other: 0.5ms
[2026-02-05T19:24:39.829+0000][263.627s][info ][gc,heap     ] GC(72) Eden regions: 1->0(85)
[2026-02-05T19:24:39.829+0000][263.627s][info ][gc,heap     ] GC(72) Survivor regions: 3->2(12)
[2026-02-05T19:24:39.829+0000][263.627s][info ][gc,heap     ] GC(72) Old regions: 76->77
[2026-02-05T19:24:39.830+0000][263.627s][info ][gc,heap     ] GC(72) Archive regions: 2->2
[2026-02-05T19:24:39.830+0000][263.627s][info ][gc,heap     ] GC(72) Humongous regions: 2->2
[2026-02-05T19:24:39.830+0000][263.627s][info ][gc,metaspace] GC(72) Metaspace: 186522K(188928K)->186522K(188928K) NonClass: 163595K(164864K)->163595K(164864K) Class: 22927K(24064K)->22927K(24064K)
[2026-02-05T19:24:39.830+0000][263.628s][info ][gc          ] GC(72) Pause Young (Concurrent Start) (G1 Humongous Allocation) 163M->161M(380M) 7.577ms
[2026-02-05T19:24:39.830+0000][263.628s][info ][gc,cpu      ] GC(72) User=0.03s Sys=0.00s Real=0.01s
[2026-02-05T19:24:39.831+0000][263.628s][info ][gc          ] GC(73) Concurrent Undo Cycle
[2026-02-05T19:24:39.831+0000][263.628s][info ][gc,marking  ] GC(73) Concurrent Cleanup for Next Mark
[2026-02-05T19:24:39.831+0000][263.628s][info ][safepoint   ] Safepoint "G1TryInitiateConcMark", Time since last: 262113 ns, Reaching safepoint: 179609 ns, Cleanup: 5000 ns, At safepoint: 8494926 ns, Total: 8679535 ns
[2026-02-05T19:24:39.832+0000][263.629s][info ][gc,marking  ] GC(73) Concurrent Cleanup for Next Mark 0.647ms
[2026-02-05T19:24:39.833+0000][263.630s][info ][gc          ] GC(73) Concurrent Undo Cycle 2.209ms
[2026-02-05T19:24:40.273+0000][264.070s][debug][safepoint   ] Safepoint synchronization initiated using futex wait barrier. (376 threads)
[2026-02-05T19:24:40.273+0000][264.071s][info ][gc,start    ] GC(74) Pause Young (Concurrent Start) (G1 Humongous Allocation)
[2026-02-05T19:24:40.274+0000][264.071s][info ][gc,task     ] GC(74) Using 10 workers of 10 for evacuation
[2026-02-05T19:24:40.279+0000][264.076s][info ][gc,phases   ] GC(74)   Pre Evacuate Collection Set: 0.7ms
[2026-02-05T19:24:40.279+0000][264.077s][info ][gc,phases   ] GC(74)   Merge Heap Roots: 0.2ms
[2026-02-05T19:24:40.280+0000][264.077s][info ][gc,phases   ] GC(74)   Evacuate Collection Set: 3.0ms
[2026-02-05T19:24:40.280+0000][264.077s][info ][gc,phases   ] GC(74)   Post Evacuate Collection Set: 1.3ms
[2026-02-05T19:24:40.280+0000][264.078s][info ][gc,phases   ] GC(74)   Other: 0.8ms
[2026-02-05T19:24:40.281+0000][264.078s][info ][gc,heap     ] GC(74) Eden regions: 7->0(87)
[2026-02-05T19:24:40.281+0000][264.078s][info ][gc,heap     ] GC(74) Survivor regions: 2->2(11)
[2026-02-05T19:24:40.281+0000][264.079s][info ][gc,heap     ] GC(74) Old regions: 77->77
[2026-02-05T19:24:40.281+0000][264.079s][info ][gc,heap     ] GC(74) Archive regions: 2->2
[2026-02-05T19:24:40.282+0000][264.079s][info ][gc,heap     ] GC(74) Humongous regions: 4->0
[2026-02-05T19:24:40.282+0000][264.079s][info ][gc,metaspace] GC(74) Metaspace: 186602K(188992K)->186602K(188992K) NonClass: 163667K(164928K)->163667K(164928K) Class: 22935K(24064K)->22935K(24064K)
[2026-02-05T19:24:40.282+0000][264.080s][info ][gc          ] GC(74) Pause Young (Concurrent Start) (G1 Humongous Allocation) 179M->156M(380M) 9.195ms
[2026-02-05T19:24:40.283+0000][264.080s][info ][gc,cpu      ] GC(74) User=0.03s Sys=0.00s Real=0.01s
[2026-02-05T19:24:40.283+0000][264.080s][info ][gc          ] GC(75) Concurrent Mark Cycle
[2026-02-05T19:24:40.284+0000][264.081s][info ][safepoint   ] Safepoint "G1TryInitiateConcMark", Time since last: 441497308 ns, Reaching safepoint: 459523 ns, Cleanup: 55303 ns, At safepoint: 10500726 ns, Total: 11015552 ns
[2026-02-05T19:24:40.290+0000][264.087s][info ][gc,marking  ] GC(75) Concurrent Clear Claimed Marks
[2026-02-05T19:24:40.295+0000][264.092s][info ][gc,marking  ] GC(75) Concurrent Clear Claimed Marks 5.050ms
[2026-02-05T19:24:40.296+0000][264.093s][info ][gc,marking  ] GC(75) Concurrent Scan Root Regions
[2026-02-05T19:24:40.301+0000][264.098s][info ][gc,marking  ] GC(75) Concurrent Scan Root Regions 5.131ms
[2026-02-05T19:24:40.302+0000][264.100s][info ][gc,marking  ] GC(75) Concurrent Mark
[2026-02-05T19:24:40.302+0000][264.100s][info ][gc,marking  ] GC(75) Concurrent Mark From Roots
[2026-02-05T19:24:40.303+0000][264.100s][info ][gc,task     ] GC(75) Using 3 workers of 3 for marking
[2026-02-05T19:24:40.455+0000][264.252s][info ][gc,marking  ] GC(75) Concurrent Mark From Roots 152.348ms
[2026-02-05T19:24:40.455+0000][264.253s][info ][gc,marking  ] GC(75) Concurrent Preclean
[2026-02-05T19:24:40.461+0000][264.258s][info ][gc,marking  ] GC(75) Concurrent Preclean 5.690ms
[2026-02-05T19:24:40.464+0000][264.262s][debug][safepoint   ] Safepoint synchronization initiated using futex wait barrier. (376 threads)
[2026-02-05T19:24:40.465+0000][264.262s][info ][gc,start    ] GC(75) Pause Remark
[2026-02-05T19:24:40.477+0000][264.274s][info ][gc          ] GC(75) Pause Remark 190M->190M(380M) 11.971ms
[2026-02-05T19:24:40.478+0000][264.275s][info ][gc,cpu      ] GC(75) User=0.10s Sys=0.00s Real=0.01s
[2026-02-05T19:24:40.478+0000][264.276s][info ][safepoint   ] Safepoint "G1PauseRemark", Time since last: 180631245 ns, Reaching safepoint: 535427 ns, Cleanup: 11600 ns, At safepoint: 13602882 ns, Total: 14149909 ns
[2026-02-05T19:24:40.481+0000][264.278s][info ][gc,marking  ] GC(75) Concurrent Mark 178.601ms
[2026-02-05T19:24:40.481+0000][264.279s][info ][gc,marking  ] GC(75) Concurrent Rebuild Remembered Sets
[2026-02-05T19:24:40.570+0000][264.368s][info ][gc,marking  ] GC(75) Concurrent Rebuild Remembered Sets 88.859ms
[2026-02-05T19:24:40.571+0000][264.368s][debug][safepoint   ] Safepoint synchronization initiated using futex wait barrier. (376 threads)
[2026-02-05T19:24:40.571+0000][264.369s][debug][safepoint   ] ... found polling page loop exception at pc = 0x0000747c959ea361, stub =0x0000747c94b10400
[2026-02-05T19:24:40.572+0000][264.369s][info ][gc,start    ] GC(75) Pause Cleanup
[2026-02-05T19:24:40.572+0000][264.370s][info ][gc          ] GC(75) Pause Cleanup 197M->197M(380M) 0.799ms
[2026-02-05T19:24:40.573+0000][264.370s][info ][gc,cpu      ] GC(75) User=0.00s Sys=0.00s Real=0.00s
[2026-02-05T19:24:40.573+0000][264.370s][info ][safepoint   ] Safepoint "G1PauseCleanup", Time since last: 92504732 ns, Reaching safepoint: 640132 ns, Cleanup: 24401 ns, At safepoint: 1427172 ns, Total: 2091705 ns
[2026-02-05T19:24:40.573+0000][264.371s][info ][gc,marking  ] GC(75) Concurrent Cleanup for Next Mark
[2026-02-05T19:24:40.574+0000][264.371s][info ][gc,marking  ] GC(75) Concurrent Cleanup for Next Mark 0.747ms
[2026-02-05T19:24:40.574+0000][264.372s][info ][gc          ] GC(75) Concurrent Mark Cycle 291.376ms
[2026-02-05T19:24:41.436+0000][265.234s][debug][safepoint   ] Safepoint synchronization initiated using futex wait barrier. (376 threads)
[2026-02-05T19:24:41.437+0000][265.235s][info ][safepoint   ] Safepoint "ICBufferFull", Time since last: 863550943 ns, Reaching safepoint: 457723 ns, Cleanup: 209210 ns, At safepoint: 68104 ns, Total: 735037 ns
[2026-02-05T19:24:41.834+0000][265.631s][debug][safepoint   ] Safepoint synchronization initiated using futex wait barrier. (377 threads)
[2026-02-05T19:24:41.834+0000][265.632s][info ][safepoint   ] Safepoint "ICBufferFull", Time since last: 396423051 ns, Reaching safepoint: 582429 ns, Cleanup: 125906 ns, At safepoint: 71604 ns, Total: 779939 ns
[2026-02-05T19:24:41.914+0000][265.712s][debug][safepoint   ] Safepoint synchronization initiated using futex wait barrier. (377 threads)
[2026-02-05T19:24:41.915+0000][265.712s][info ][gc,start    ] GC(76) Pause Young (Prepare Mixed) (G1 Evacuation Pause)
[2026-02-05T19:24:41.915+0000][265.713s][info ][gc,task     ] GC(76) Using 10 workers of 10 for evacuation
[2026-02-05T19:24:41.926+0000][265.724s][info ][gc,phases   ] GC(76)   Pre Evacuate Collection Set: 0.4ms
[2026-02-05T19:24:41.927+0000][265.724s][info ][gc,phases   ] GC(76)   Merge Heap Roots: 0.2ms
[2026-02-05T19:24:41.927+0000][265.724s][info ][gc,phases   ] GC(76)   Evacuate Collection Set: 6.9ms
[2026-02-05T19:24:41.927+0000][265.724s][info ][gc,phases   ] GC(76)   Post Evacuate Collection Set: 2.6ms
[2026-02-05T19:24:41.927+0000][265.725s][info ][gc,phases   ] GC(76)   Other: 1.1ms
[2026-02-05T19:24:41.928+0000][265.725s][info ][gc,heap     ] GC(76) Eden regions: 87->0(5)
[2026-02-05T19:24:41.928+0000][265.725s][info ][gc,heap     ] GC(76) Survivor regions: 2->4(12)
[2026-02-05T19:24:41.928+0000][265.725s][info ][gc,heap     ] GC(76) Old regions: 77->77
[2026-02-05T19:24:41.928+0000][265.726s][info ][gc,heap     ] GC(76) Archive regions: 2->2
[2026-02-05T19:24:41.928+0000][265.726s][info ][gc,heap     ] GC(76) Humongous regions: 6->0
[2026-02-05T19:24:41.929+0000][265.726s][info ][gc,metaspace] GC(76) Metaspace: 188432K(190848K)->188432K(190848K) NonClass: 165252K(166528K)->165252K(166528K) Class: 23179K(24320K)->23179K(24320K)
[2026-02-05T19:24:41.929+0000][265.726s][info ][gc          ] GC(76) Pause Young (Prepare Mixed) (G1 Evacuation Pause) 342M->162M(380M) 13.743ms
[2026-02-05T19:24:41.929+0000][265.726s][info ][gc,cpu      ] GC(76) User=0.07s Sys=0.01s Real=0.01s
[2026-02-05T19:24:41.930+0000][265.728s][info ][safepoint   ] Safepoint "G1CollectForAllocation", Time since last: 79822997 ns, Reaching safepoint: 591830 ns, Cleanup: 62103 ns, At safepoint: 15328867 ns, Total: 15982800 ns
[2026-02-05T19:24:41.957+0000][265.755s][debug][safepoint   ] Safepoint synchronization initiated using futex wait barrier. (377 threads)
[2026-02-05T19:24:41.961+0000][265.759s][info ][gc,start    ] GC(77) Pause Young (Mixed) (G1 Evacuation Pause)
[2026-02-05T19:24:41.962+0000][265.759s][info ][gc,task     ] GC(77) Using 10 workers of 10 for evacuation
[2026-02-05T19:24:41.975+0000][265.772s][info ][gc,phases   ] GC(77)   Pre Evacuate Collection Set: 0.4ms
[2026-02-05T19:24:41.975+0000][265.772s][info ][gc,phases   ] GC(77)   Merge Heap Roots: 0.3ms
[2026-02-05T19:24:41.975+0000][265.773s][info ][gc,phases   ] GC(77)   Evacuate Collection Set: 9.2ms
[2026-02-05T19:24:41.975+0000][265.773s][info ][gc,phases   ] GC(77)   Post Evacuate Collection Set: 2.6ms
[2026-02-05T19:24:41.975+0000][265.773s][info ][gc,phases   ] GC(77)   Other: 1.1ms
[2026-02-05T19:24:41.976+0000][265.773s][info ][gc,heap     ] GC(77) Eden regions: 5->0(83)
[2026-02-05T19:24:41.976+0000][265.773s][info ][gc,heap     ] GC(77) Survivor regions: 4->1(2)
[2026-02-05T19:24:41.976+0000][265.773s][info ][gc,heap     ] GC(77) Old regions: 77->80
[2026-02-05T19:24:41.976+0000][265.774s][info ][gc,heap     ] GC(77) Archive regions: 2->2
[2026-02-05T19:24:41.976+0000][265.774s][info ][gc,heap     ] GC(77) Humongous regions: 0->0
[2026-02-05T19:24:41.976+0000][265.774s][info ][gc,metaspace] GC(77) Metaspace: 188514K(190976K)->188514K(190976K) NonClass: 165328K(166656K)->165328K(166656K) Class: 23186K(24320K)->23186K(24320K)
[2026-02-05T19:24:41.977+0000][265.774s][info ][gc          ] GC(77) Pause Young (Mixed) (G1 Evacuation Pause) 172M->161M(380M) 15.400ms
[2026-02-05T19:24:41.977+0000][265.774s][info ][gc,cpu      ] GC(77) User=0.11s Sys=0.00s Real=0.02s
[2026-02-05T19:24:41.978+0000][265.775s][info ][safepoint   ] Safepoint "G1CollectForAllocation", Time since last: 27078956 ns, Reaching safepoint: 3712586 ns, Cleanup: 51003 ns, At safepoint: 16564729 ns, Total: 20328318 ns
[2026-02-05T19:24:42.714+0000][266.512s][debug][safepoint   ] Safepoint synchronization initiated using futex wait barrier. (381 threads)
[2026-02-05T19:24:42.715+0000][266.513s][info ][safepoint   ] Safepoint "ICBufferFull", Time since last: 736810297 ns, Reaching safepoint: 634232 ns, Cleanup: 160608 ns, At safepoint: 43802 ns, Total: 838642 ns
[2026-02-05T19:24:42.716+0000][266.513s][debug][safepoint   ] Safepoint synchronization initiated using futex wait barrier. (381 threads)
[2026-02-05T19:24:42.716+0000][266.513s][info ][safepoint   ] Safepoint "ICBufferFull", Time since last: 288114 ns, Reaching safepoint: 285015 ns, Cleanup: 6700 ns, At safepoint: 3600 ns, Total: 295315 ns
[2026-02-05T19:24:42.978+0000][266.775s][debug][safepoint   ] Safepoint synchronization initiated using futex wait barrier. (381 threads)
[2026-02-05T19:24:42.979+0000][266.776s][info ][safepoint   ] Safepoint "ICBufferFull", Time since last: 261570498 ns, Reaching safepoint: 932947 ns, Cleanup: 162108 ns, At safepoint: 204010 ns, Total: 1299065 ns
[2026-02-05T19:24:43.137+0000][266.934s][debug][safepoint   ] Safepoint synchronization initiated using futex wait barrier. (382 threads)
[2026-02-05T19:24:43.138+0000][266.935s][info ][safepoint   ] Safepoint "ICBufferFull", Time since last: 158014413 ns, Reaching safepoint: 662533 ns, Cleanup: 168209 ns, At safepoint: 188809 ns, Total: 1019551 ns
[2026-02-05T19:24:43.943+0000][267.740s][debug][safepoint   ] Safepoint synchronization initiated using futex wait barrier. (388 threads)
[2026-02-05T19:24:43.944+0000][267.741s][info ][safepoint   ] Safepoint "ICBufferFull", Time since last: 805257224 ns, Reaching safepoint: 362018 ns, Cleanup: 156108 ns, At safepoint: 24601 ns, Total: 542727 ns
[2026-02-05T19:24:43.944+0000][267.741s][debug][safepoint   ] Safepoint synchronization initiated using futex wait barrier. (388 threads)
[2026-02-05T19:24:43.945+0000][267.742s][info ][safepoint   ] Safepoint "ICBufferFull", Time since last: 295115 ns, Reaching safepoint: 875244 ns, Cleanup: 12101 ns, At safepoint: 91004 ns, Total: 978349 ns
[2026-02-05T19:24:43.974+0000][267.771s][debug][safepoint   ] Safepoint synchronization initiated using futex wait barrier. (388 threads)
[2026-02-05T19:24:43.974+0000][267.772s][info ][gc,start    ] GC(78) Pause Young (Concurrent Start) (G1 Evacuation Pause)
[2026-02-05T19:24:43.975+0000][267.772s][info ][gc,task     ] GC(78) Using 10 workers of 10 for evacuation
[2026-02-05T19:24:43.984+0000][267.781s][info ][gc,phases   ] GC(78)   Pre Evacuate Collection Set: 1.0ms
[2026-02-05T19:24:43.984+0000][267.781s][info ][gc,phases   ] GC(78)   Merge Heap Roots: 0.2ms
[2026-02-05T19:24:43.984+0000][267.782s][info ][gc,phases   ] GC(78)   Evacuate Collection Set: 4.6ms
[2026-02-05T19:24:43.984+0000][267.782s][info ][gc,phases   ] GC(78)   Post Evacuate Collection Set: 2.5ms
[2026-02-05T19:24:43.985+0000][267.782s][info ][gc,phases   ] GC(78)   Other: 0.9ms
[2026-02-05T19:24:43.985+0000][267.782s][info ][gc,heap     ] GC(78) Eden regions: 83->0(80)
[2026-02-05T19:24:43.985+0000][267.782s][info ][gc,heap     ] GC(78) Survivor regions: 1->3(11)
[2026-02-05T19:24:43.985+0000][267.782s][info ][gc,heap     ] GC(78) Old regions: 80->80
[2026-02-05T19:24:43.985+0000][267.783s][info ][gc,heap     ] GC(78) Archive regions: 2->2
[2026-02-05T19:24:43.985+0000][267.783s][info ][gc,heap     ] GC(78) Humongous regions: 0->0
[2026-02-05T19:24:43.985+0000][267.783s][info ][gc,metaspace] GC(78) Metaspace: 190396K(192896K)->190396K(192896K) NonClass: 167020K(168384K)->167020K(168384K) Class: 23375K(24512K)->23375K(24512K)
[2026-02-05T19:24:43.986+0000][267.783s][info ][gc          ] GC(78) Pause Young (Concurrent Start) (G1 Evacuation Pause) 327M->166M(380M) 11.245ms
[2026-02-05T19:24:43.986+0000][267.783s][info ][gc,cpu      ] GC(78) User=0.05s Sys=0.01s Real=0.01s
[2026-02-05T19:24:43.986+0000][267.784s][info ][gc          ] GC(79) Concurrent Mark Cycle
[2026-02-05T19:24:43.987+0000][267.784s][info ][gc,marking  ] GC(79) Concurrent Clear Claimed Marks
[2026-02-05T19:24:43.987+0000][267.784s][info ][safepoint   ] Safepoint "G1CollectForAllocation", Time since last: 29013953 ns, Reaching safepoint: 458823 ns, Cleanup: 33502 ns, At safepoint: 12145808 ns, Total: 12638133 ns
[2026-02-05T19:24:43.994+0000][267.791s][info ][gc,marking  ] GC(79) Concurrent Clear Claimed Marks 7.420ms
[2026-02-05T19:24:44.000+0000][267.797s][info ][gc,marking  ] GC(79) Concurrent Scan Root Regions
[2026-02-05T19:24:44.007+0000][267.804s][info ][gc,marking  ] GC(79) Concurrent Scan Root Regions 6.925ms
[2026-02-05T19:24:44.008+0000][267.806s][info ][gc,marking  ] GC(79) Concurrent Mark
[2026-02-05T19:24:44.009+0000][267.806s][info ][gc,marking  ] GC(79) Concurrent Mark From Roots
[2026-02-05T19:24:44.009+0000][267.806s][info ][gc,task     ] GC(79) Using 3 workers of 3 for marking
[2026-02-05T19:24:44.230+0000][268.028s][info ][gc,marking  ] GC(79) Concurrent Mark From Roots 221.575ms
[2026-02-05T19:24:44.231+0000][268.028s][info ][gc,marking  ] GC(79) Concurrent Preclean
[2026-02-05T19:24:44.232+0000][268.029s][info ][gc,marking  ] GC(79) Concurrent Preclean 0.885ms
[2026-02-05T19:24:44.232+0000][268.030s][debug][safepoint   ] Safepoint synchronization initiated using futex wait barrier. (388 threads)
[2026-02-05T19:24:44.235+0000][268.032s][info ][gc,start    ] GC(79) Pause Remark
[2026-02-05T19:24:44.245+0000][268.043s][info ][gc          ] GC(79) Pause Remark 217M->217M(380M) 10.504ms
[2026-02-05T19:24:44.246+0000][268.043s][info ][gc,cpu      ] GC(79) User=0.09s Sys=0.00s Real=0.01s
[2026-02-05T19:24:44.246+0000][268.044s][info ][safepoint   ] Safepoint "G1PauseRemark", Time since last: 245775907 ns, Reaching safepoint: 1993000 ns, Cleanup: 176509 ns, At safepoint: 11675385 ns, Total: 13844894 ns
[2026-02-05T19:24:44.247+0000][268.044s][info ][gc,marking  ] GC(79) Concurrent Mark 238.366ms
[2026-02-05T19:24:44.248+0000][268.045s][info ][gc,marking  ] GC(79) Concurrent Rebuild Remembered Sets
[2026-02-05T19:24:44.296+0000][268.093s][debug][safepoint   ] ... found polling page loop exception at pc = 0x0000747c95392eab, stub =0x0000747c94b10400
[2026-02-05T19:24:44.370+0000][268.168s][info ][gc,marking  ] GC(79) Concurrent Rebuild Remembered Sets 122.636ms
[2026-02-05T19:24:44.371+0000][268.168s][debug][safepoint   ] Safepoint synchronization initiated using futex wait barrier. (388 threads)
[2026-02-05T19:24:44.372+0000][268.170s][info ][gc,start    ] GC(79) Pause Cleanup
[2026-02-05T19:24:44.373+0000][268.171s][info ][gc          ] GC(79) Pause Cleanup 227M->227M(380M) 0.794ms
[2026-02-05T19:24:44.374+0000][268.171s][info ][gc,cpu      ] GC(79) User=0.00s Sys=0.00s Real=0.00s
[2026-02-05T19:24:44.374+0000][268.172s][info ][safepoint   ] Safepoint "G1PauseCleanup", Time since last: 124862752 ns, Reaching safepoint: 1311466 ns, Cleanup: 37402 ns, At safepoint: 1744687 ns, Total: 3093555 ns
[2026-02-05T19:24:44.375+0000][268.172s][info ][gc,marking  ] GC(79) Concurrent Cleanup for Next Mark
[2026-02-05T19:24:44.376+0000][268.174s][info ][gc,marking  ] GC(79) Concurrent Cleanup for Next Mark 1.216ms
[2026-02-05T19:24:44.377+0000][268.174s][info ][gc          ] GC(79) Concurrent Mark Cycle 390.364ms
[2026-02-05T19:24:45.442+0000][269.240s][debug][safepoint   ] Safepoint synchronization initiated using futex wait barrier. (387 threads)
[2026-02-05T19:24:45.445+0000][269.242s][info ][safepoint   ] Safepoint "Cleanup", Time since last: 1068200191 ns, Reaching safepoint: 2497125 ns, Cleanup: 57003 ns, At safepoint: 110206 ns, Total: 2664334 ns
[2026-02-05T19:24:46.446+0000][270.244s][debug][safepoint   ] Safepoint synchronization initiated using futex wait barrier. (388 threads)
[2026-02-05T19:24:46.447+0000][270.244s][info ][safepoint   ] Safepoint "Cleanup", Time since last: 1001322129 ns, Reaching safepoint: 204210 ns, Cleanup: 46002 ns, At safepoint: 6301 ns, Total: 256513 ns
[2026-02-05T19:24:47.445+0000][271.244s][debug][safepoint   ] Safepoint synchronization initiated using futex wait barrier. (388 threads)
[2026-02-05T19:24:47.446+0000][271.245s][info ][safepoint   ] Safepoint "Cleanup", Time since last: 1000283562 ns, Reaching safepoint: 338617 ns, Cleanup: 20301 ns, At safepoint: 14101 ns, Total: 373019 ns
[2026-02-05T19:24:48.446+0000][272.245s][debug][safepoint   ] Safepoint synchronization initiated using futex wait barrier. (388 threads)
[2026-02-05T19:24:48.447+0000][272.246s][info ][safepoint   ] Safepoint "Cleanup", Time since last: 1000663482 ns, Reaching safepoint: 699835 ns, Cleanup: 11100 ns, At safepoint: 40502 ns, Total: 751437 ns
[2026-02-05T19:24:51.448+0000][275.247s][debug][safepoint   ] Safepoint synchronization initiated using futex wait barrier. (387 threads)
[2026-02-05T19:24:51.448+0000][275.247s][info ][safepoint   ] Safepoint "Cleanup", Time since last: 3000753086 ns, Reaching safepoint: 562028 ns, Cleanup: 10800 ns, At safepoint: 7800 ns, Total: 580628 ns
[2026-02-05T19:24:53.449+0000][277.248s][debug][safepoint   ] Safepoint synchronization initiated using futex wait barrier. (387 threads)
[2026-02-05T19:24:53.449+0000][277.248s][info ][safepoint   ] Safepoint "Cleanup", Time since last: 2000521525 ns, Reaching safepoint: 299915 ns, Cleanup: 10900 ns, At safepoint: 9601 ns, Total: 320416 ns
[2026-02-05T19:24:55.450+0000][279.249s][debug][safepoint   ] Safepoint synchronization initiated using futex wait barrier. (387 threads)
[2026-02-05T19:24:55.450+0000][279.249s][info ][safepoint   ] Safepoint "Cleanup", Time since last: 2000441848 ns, Reaching safepoint: 408421 ns, Cleanup: 11501 ns, At safepoint: 4400 ns, Total: 424322 ns
[2026-02-05T19:24:57.450+0000][281.249s][debug][safepoint   ] Safepoint synchronization initiated using futex wait barrier. (387 threads)
[2026-02-05T19:24:57.451+0000][281.250s][info ][safepoint   ] Safepoint "Cleanup", Time since last: 2000419354 ns, Reaching safepoint: 286914 ns, Cleanup: 14501 ns, At safepoint: 4900 ns, Total: 306315 ns
[2026-02-05T19:24:58.451+0000][282.250s][debug][safepoint   ] Safepoint synchronization initiated using futex wait barrier. (386 threads)
[2026-02-05T19:24:58.451+0000][282.250s][info ][safepoint   ] Safepoint "Cleanup", Time since last: 1000222678 ns, Reaching safepoint: 248713 ns, Cleanup: 8200 ns, At safepoint: 4100 ns, Total: 261013 ns
[2026-02-05T19:24:59.052+0000][282.851s][debug][safepoint   ] Safepoint synchronization initiated using futex wait barrier. (386 threads)
[2026-02-05T19:24:59.053+0000][282.852s][info ][gc,start    ] GC(80) Pause Young (Prepare Mixed) (G1 Evacuation Pause)
[2026-02-05T19:24:59.054+0000][282.853s][info ][gc,task     ] GC(80) Using 10 workers of 10 for evacuation
[2026-02-05T19:24:59.062+0000][282.861s][info ][gc,phases   ] GC(80)   Pre Evacuate Collection Set: 0.5ms
[2026-02-05T19:24:59.062+0000][282.861s][info ][gc,phases   ] GC(80)   Merge Heap Roots: 0.3ms
[2026-02-05T19:24:59.063+0000][282.862s][info ][gc,phases   ] GC(80)   Evacuate Collection Set: 5.2ms
[2026-02-05T19:24:59.063+0000][282.862s][info ][gc,phases   ] GC(80)   Post Evacuate Collection Set: 2.0ms
[2026-02-05T19:24:59.063+0000][282.862s][info ][gc,phases   ] GC(80)   Other: 0.9ms
[2026-02-05T19:24:59.063+0000][282.862s][info ][gc,heap     ] GC(80) Eden regions: 80->0(4)
[2026-02-05T19:24:59.063+0000][282.862s][info ][gc,heap     ] GC(80) Survivor regions: 3->5(11)
[2026-02-05T19:24:59.064+0000][282.863s][info ][gc,heap     ] GC(80) Old regions: 80->80
[2026-02-05T19:24:59.064+0000][282.863s][info ][gc,heap     ] GC(80) Archive regions: 2->2
[2026-02-05T19:24:59.064+0000][282.863s][info ][gc,heap     ] GC(80) Humongous regions: 0->0
[2026-02-05T19:24:59.065+0000][282.863s][info ][gc,metaspace] GC(80) Metaspace: 191111K(193600K)->191111K(193600K) NonClass: 167628K(168960K)->167628K(168960K) Class: 23483K(24640K)->23483K(24640K)
[2026-02-05T19:24:59.065+0000][282.864s][info ][gc          ] GC(80) Pause Young (Prepare Mixed) (G1 Evacuation Pause) 326M->168M(380M) 11.477ms
[2026-02-05T19:24:59.065+0000][282.864s][info ][gc,cpu      ] GC(80) User=0.06s Sys=0.00s Real=0.01s
[2026-02-05T19:24:59.066+0000][282.865s][info ][safepoint   ] Safepoint "G1CollectForAllocation", Time since last: 600901326 ns, Reaching safepoint: 814341 ns, Cleanup: 5500 ns, At safepoint: 12581635 ns, Total: 13401476 ns
[2026-02-05T19:25:00.066+0000][283.865s][debug][safepoint   ] Safepoint synchronization initiated using futex wait barrier. (386 threads)
[2026-02-05T19:25:00.066+0000][283.865s][info ][safepoint   ] Safepoint "Cleanup", Time since last: 1000506392 ns, Reaching safepoint: 317216 ns, Cleanup: 12101 ns, At safepoint: 5000 ns, Total: 334317 ns
[2026-02-05T19:25:00.233+0000][284.032s][debug][safepoint   ] Safepoint synchronization initiated using futex wait barrier. (386 threads)
[2026-02-05T19:25:00.234+0000][284.033s][info ][gc,start    ] GC(81) Pause Young (Mixed) (G1 Evacuation Pause)
[2026-02-05T19:25:00.234+0000][284.033s][info ][gc,task     ] GC(81) Using 10 workers of 10 for evacuation
[2026-02-05T19:25:00.243+0000][284.042s][info ][gc,phases   ] GC(81)   Pre Evacuate Collection Set: 0.2ms
[2026-02-05T19:25:00.244+0000][284.043s][info ][gc,phases   ] GC(81)   Merge Heap Roots: 0.2ms
[2026-02-05T19:25:00.244+0000][284.043s][info ][gc,phases   ] GC(81)   Evacuate Collection Set: 7.4ms
[2026-02-05T19:25:00.244+0000][284.043s][info ][gc,phases   ] GC(81)   Post Evacuate Collection Set: 1.4ms
[2026-02-05T19:25:00.244+0000][284.043s][info ][gc,phases   ] GC(81)   Other: 0.6ms
[2026-02-05T19:25:00.245+0000][284.043s][info ][gc,heap     ] GC(81) Eden regions: 4->0(79)
[2026-02-05T19:25:00.245+0000][284.044s][info ][gc,heap     ] GC(81) Survivor regions: 5->1(2)
[2026-02-05T19:25:00.245+0000][284.044s][info ][gc,heap     ] GC(81) Old regions: 80->83
[2026-02-05T19:25:00.245+0000][284.044s][info ][gc,heap     ] GC(81) Archive regions: 2->2
[2026-02-05T19:25:00.245+0000][284.044s][info ][gc,heap     ] GC(81) Humongous regions: 0->0
[2026-02-05T19:25:00.245+0000][284.044s][info ][gc,metaspace] GC(81) Metaspace: 191111K(193600K)->191111K(193600K) NonClass: 167628K(168960K)->167628K(168960K) Class: 23483K(24640K)->23483K(24640K)
[2026-02-05T19:25:00.246+0000][284.045s][info ][gc          ] GC(81) Pause Young (Mixed) (G1 Evacuation Pause) 176M->167M(380M) 12.043ms
[2026-02-05T19:25:00.246+0000][284.045s][info ][gc,cpu      ] GC(81) User=0.07s Sys=0.00s Real=0.01s
[2026-02-05T19:25:00.246+0000][284.045s][info ][safepoint   ] Safepoint "G1CollectForAllocation", Time since last: 166568406 ns, Reaching safepoint: 451523 ns, Cleanup: 4700 ns, At safepoint: 12571535 ns, Total: 13027758 ns
[2026-02-05T19:25:01.246+0000][285.045s][debug][safepoint   ] Safepoint synchronization initiated using futex wait barrier. (386 threads)
[2026-02-05T19:25:01.247+0000][285.046s][info ][safepoint   ] Safepoint "Cleanup", Time since last: 1000275580 ns, Reaching safepoint: 360918 ns, Cleanup: 34902 ns, At safepoint: 10800 ns, Total: 406620 ns
[2026-02-05T19:25:02.247+0000][286.046s][debug][safepoint   ] Safepoint synchronization initiated using futex wait barrier. (387 threads)
[2026-02-05T19:25:02.248+0000][286.047s][info ][safepoint   ] Safepoint "Cleanup", Time since last: 1000723830 ns, Reaching safepoint: 476724 ns, Cleanup: 36002 ns, At safepoint: 82504 ns, Total: 595230 ns
[2026-02-05T19:25:03.142+0000][286.941s][debug][safepoint   ] Safepoint synchronization initiated using futex wait barrier. (388 threads)
[2026-02-05T19:25:03.143+0000][286.942s][info ][gc,start    ] GC(82) Pause Young (Concurrent Start) (G1 Evacuation Pause)
[2026-02-05T19:25:03.143+0000][286.942s][info ][gc,task     ] GC(82) Using 10 workers of 10 for evacuation
[2026-02-05T19:25:03.153+0000][286.952s][info ][gc,phases   ] GC(82)   Pre Evacuate Collection Set: 1.0ms
[2026-02-05T19:25:03.153+0000][286.952s][info ][gc,phases   ] GC(82)   Merge Heap Roots: 0.3ms
[2026-02-05T19:25:03.153+0000][286.952s][info ][gc,phases   ] GC(82)   Evacuate Collection Set: 5.6ms
[2026-02-05T19:25:03.156+0000][286.955s][info ][gc,phases   ] GC(82)   Post Evacuate Collection Set: 2.1ms
[2026-02-05T19:25:03.157+0000][286.956s][info ][gc,phases   ] GC(82)   Other: 1.0ms
[2026-02-05T19:25:03.157+0000][286.956s][info ][gc,heap     ] GC(82) Eden regions: 79->0(77)
[2026-02-05T19:25:03.157+0000][286.956s][info ][gc,heap     ] GC(82) Survivor regions: 1->3(10)
[2026-02-05T19:25:03.158+0000][286.957s][info ][gc,heap     ] GC(82) Old regions: 83->83
[2026-02-05T19:25:03.158+0000][286.957s][info ][gc,heap     ] GC(82) Archive regions: 2->2
[2026-02-05T19:25:03.158+0000][286.957s][info ][gc,heap     ] GC(82) Humongous regions: 0->0
[2026-02-05T19:25:03.158+0000][286.957s][info ][gc,metaspace] GC(82) Metaspace: 193721K(196288K)->193721K(196288K) NonClass: 169930K(171264K)->169930K(171264K) Class: 23791K(25024K)->23791K(25024K)
[2026-02-05T19:25:03.159+0000][286.958s][info ][gc          ] GC(82) Pause Young (Concurrent Start) (G1 Evacuation Pause) 325M->170M(380M) 15.707ms
[2026-02-05T19:25:03.159+0000][286.958s][info ][gc,cpu      ] GC(82) User=0.05s Sys=0.01s Real=0.01s
[2026-02-05T19:25:03.160+0000][286.959s][info ][gc          ] GC(83) Concurrent Mark Cycle
[2026-02-05T19:25:03.161+0000][286.959s][info ][gc,marking  ] GC(83) Concurrent Clear Claimed Marks
[2026-02-05T19:25:03.161+0000][286.960s][info ][safepoint   ] Safepoint "G1CollectForAllocation", Time since last: 894143040 ns, Reaching safepoint: 493925 ns, Cleanup: 196510 ns, At safepoint: 18540446 ns, Total: 19230881 ns
[2026-02-05T19:25:03.164+0000][286.963s][info ][gc,marking  ] GC(83) Concurrent Clear Claimed Marks 3.340ms
[2026-02-05T19:25:03.165+0000][286.964s][info ][gc,marking  ] GC(83) Concurrent Scan Root Regions
[2026-02-05T19:25:03.173+0000][286.972s][info ][gc,marking  ] GC(83) Concurrent Scan Root Regions 8.049ms
[2026-02-05T19:25:03.173+0000][286.972s][info ][gc,marking  ] GC(83) Concurrent Mark
[2026-02-05T19:25:03.173+0000][286.972s][info ][gc,marking  ] GC(83) Concurrent Mark From Roots
[2026-02-05T19:25:03.174+0000][286.973s][info ][gc,task     ] GC(83) Using 3 workers of 3 for marking
[2026-02-05T19:25:03.389+0000][287.188s][info ][gc,marking  ] GC(83) Concurrent Mark From Roots 216.055ms
[2026-02-05T19:25:03.390+0000][287.189s][info ][gc,marking  ] GC(83) Concurrent Preclean
[2026-02-05T19:25:03.392+0000][287.191s][info ][gc,marking  ] GC(83) Concurrent Preclean 1.463ms
[2026-02-05T19:25:03.392+0000][287.191s][debug][safepoint   ] Safepoint synchronization initiated using futex wait barrier. (389 threads)
[2026-02-05T19:25:03.393+0000][287.192s][info ][gc,start    ] GC(83) Pause Remark
[2026-02-05T19:25:03.418+0000][287.217s][info ][gc          ] GC(83) Pause Remark 193M->193M(380M) 24.574ms
[2026-02-05T19:25:03.418+0000][287.217s][info ][gc,cpu      ] GC(83) User=0.22s Sys=0.01s Real=0.02s
[2026-02-05T19:25:03.420+0000][287.219s][info ][safepoint   ] Safepoint "G1PauseRemark", Time since last: 230664574 ns, Reaching safepoint: 818642 ns, Cleanup: 156408 ns, At safepoint: 26904573 ns, Total: 27879623 ns
[2026-02-05T19:25:03.424+0000][287.223s][info ][gc,marking  ] GC(83) Concurrent Mark 250.949ms
[2026-02-05T19:25:03.425+0000][287.224s][info ][gc,marking  ] GC(83) Concurrent Rebuild Remembered Sets
[2026-02-05T19:25:03.527+0000][287.326s][info ][gc,marking  ] GC(83) Concurrent Rebuild Remembered Sets 102.725ms
[2026-02-05T19:25:03.528+0000][287.327s][debug][safepoint   ] Safepoint synchronization initiated using futex wait barrier. (389 threads)
[2026-02-05T19:25:03.531+0000][287.330s][info ][gc,start    ] GC(83) Pause Cleanup
[2026-02-05T19:25:03.532+0000][287.331s][info ][gc          ] GC(83) Pause Cleanup 213M->213M(380M) 0.626ms
[2026-02-05T19:25:03.532+0000][287.331s][info ][gc,cpu      ] GC(83) User=0.01s Sys=0.00s Real=0.00s
[2026-02-05T19:25:03.533+0000][287.332s][info ][safepoint   ] Safepoint "G1PauseCleanup", Time since last: 108443935 ns, Reaching safepoint: 2809144 ns, Cleanup: 21201 ns, At safepoint: 1468175 ns, Total: 4298520 ns
[2026-02-05T19:25:03.533+0000][287.332s][info ][gc,marking  ] GC(83) Concurrent Cleanup for Next Mark
[2026-02-05T19:25:03.534+0000][287.333s][info ][gc,marking  ] GC(83) Concurrent Cleanup for Next Mark 0.668ms
[2026-02-05T19:25:03.534+0000][287.333s][info ][gc          ] GC(83) Concurrent Mark Cycle 374.356ms
[2026-02-05T19:25:05.486+0000][289.285s][debug][safepoint   ] Safepoint synchronization initiated using futex wait barrier. (392 threads)
[2026-02-05T19:25:05.486+0000][289.285s][info ][safepoint   ] Safepoint "Cleanup", Time since last: 1952899281 ns, Reaching safepoint: 191110 ns, Cleanup: 97005 ns, At safepoint: 11701 ns, Total: 299816 ns
[2026-02-05T19:25:06.486+0000][290.285s][debug][safepoint   ] Safepoint synchronization initiated using futex wait barrier. (391 threads)
[2026-02-05T19:25:06.486+0000][290.285s][info ][safepoint   ] Safepoint "Cleanup", Time since last: 1000248955 ns, Reaching safepoint: 228212 ns, Cleanup: 42602 ns, At safepoint: 10400 ns, Total: 281214 ns
[2026-02-05T19:25:07.487+0000][291.286s][debug][safepoint   ] Safepoint synchronization initiated using futex wait barrier. (391 threads)
[2026-02-05T19:25:07.487+0000][291.286s][info ][safepoint   ] Safepoint "Cleanup", Time since last: 1000316159 ns, Reaching safepoint: 468124 ns, Cleanup: 58203 ns, At safepoint: 43302 ns, Total: 569629 ns
[2026-02-05T19:25:08.488+0000][292.287s][debug][safepoint   ] Safepoint synchronization initiated using futex wait barrier. (391 threads)
[2026-02-05T19:25:08.488+0000][292.287s][info ][safepoint   ] Safepoint "Cleanup", Time since last: 1000411864 ns, Reaching safepoint: 350218 ns, Cleanup: 19101 ns, At safepoint: 55003 ns, Total: 424322 ns
[2026-02-05T19:25:09.489+0000][293.288s][debug][safepoint   ] Safepoint synchronization initiated using futex wait barrier. (391 threads)
[2026-02-05T19:25:09.489+0000][293.288s][info ][safepoint   ] Safepoint "Cleanup", Time since last: 1000461866 ns, Reaching safepoint: 356018 ns, Cleanup: 34402 ns, At safepoint: 10501 ns, Total: 400921 ns
[2026-02-05T19:25:10.489+0000][294.288s][debug][safepoint   ] Safepoint synchronization initiated using futex wait barrier. (391 threads)
[2026-02-05T19:25:10.490+0000][294.289s][info ][safepoint   ] Safepoint "Cleanup", Time since last: 1000334414 ns, Reaching safepoint: 263513 ns, Cleanup: 38802 ns, At safepoint: 9700 ns, Total: 312015 ns
[2026-02-05T19:25:11.490+0000][295.289s][debug][safepoint   ] Safepoint synchronization initiated using futex wait barrier. (391 threads)
[2026-02-05T19:25:11.490+0000][295.289s][info ][safepoint   ] Safepoint "Cleanup", Time since last: 1000316155 ns, Reaching safepoint: 416521 ns, Cleanup: 25502 ns, At safepoint: 8000 ns, Total: 450023 ns
[2026-02-05T19:25:12.491+0000][296.290s][debug][safepoint   ] Safepoint synchronization initiated using futex wait barrier. (391 threads)
[2026-02-05T19:25:12.491+0000][296.290s][info ][safepoint   ] Safepoint "Cleanup", Time since last: 1000284153 ns, Reaching safepoint: 416621 ns, Cleanup: 24601 ns, At safepoint: 28702 ns, Total: 469924 ns
[2026-02-05T19:25:13.492+0000][297.291s][debug][safepoint   ] Safepoint synchronization initiated using futex wait barrier. (391 threads)
[2026-02-05T19:25:13.492+0000][297.291s][info ][safepoint   ] Safepoint "Cleanup", Time since last: 1000428360 ns, Reaching safepoint: 267014 ns, Cleanup: 15301 ns, At safepoint: 4700 ns, Total: 287015 ns
[2026-02-05T19:25:14.493+0000][298.292s][debug][safepoint   ] Safepoint synchronization initiated using futex wait barrier. (391 threads)
[2026-02-05T19:25:14.493+0000][298.292s][info ][safepoint   ] Safepoint "Cleanup", Time since last: 1000809680 ns, Reaching safepoint: 296714 ns, Cleanup: 42303 ns, At safepoint: 10200 ns, Total: 349217 ns
[2026-02-05T19:25:15.493+0000][299.292s][debug][safepoint   ] Safepoint synchronization initiated using futex wait barrier. (391 threads)
[2026-02-05T19:25:15.494+0000][299.293s][info ][safepoint   ] Safepoint "Cleanup", Time since last: 1000337356 ns, Reaching safepoint: 407320 ns, Cleanup: 36702 ns, At safepoint: 9601 ns, Total: 453623 ns
[2026-02-05T19:25:16.494+0000][300.293s][debug][safepoint   ] Safepoint synchronization initiated using futex wait barrier. (391 threads)
[2026-02-05T19:25:16.495+0000][300.294s][info ][safepoint   ] Safepoint "Cleanup", Time since last: 1000329755 ns, Reaching safepoint: 562929 ns, Cleanup: 63003 ns, At safepoint: 97905 ns, Total: 723837 ns
[2026-02-05T19:25:17.701+0000][301.502s][debug][safepoint   ] Safepoint synchronization initiated using futex wait barrier. (391 threads)
[2026-02-05T19:25:17.701+0000][301.502s][info ][safepoint   ] Safepoint "Cleanup", Time since last: 1207659951 ns, Reaching safepoint: 359818 ns, Cleanup: 79104 ns, At safepoint: 15500 ns, Total: 454422 ns
[2026-02-05T19:25:18.191+0000][301.992s][debug][safepoint   ] Safepoint synchronization initiated using futex wait barrier. (391 threads)
[2026-02-05T19:25:18.192+0000][301.993s][info ][gc,start    ] GC(84) Pause Young (Prepare Mixed) (G1 Evacuation Pause)
[2026-02-05T19:25:18.192+0000][301.993s][info ][gc,task     ] GC(84) Using 10 workers of 10 for evacuation
[2026-02-05T19:25:18.202+0000][302.002s][info ][gc,phases   ] GC(84)   Pre Evacuate Collection Set: 0.5ms
[2026-02-05T19:25:18.202+0000][302.003s][info ][gc,phases   ] GC(84)   Merge Heap Roots: 0.3ms
[2026-02-05T19:25:18.202+0000][302.003s][info ][gc,phases   ] GC(84)   Evacuate Collection Set: 6.9ms
[2026-02-05T19:25:18.203+0000][302.003s][info ][gc,phases   ] GC(84)   Post Evacuate Collection Set: 1.7ms
[2026-02-05T19:25:18.203+0000][302.004s][info ][gc,phases   ] GC(84)   Other: 0.6ms
[2026-02-05T19:25:18.203+0000][302.004s][info ][gc,heap     ] GC(84) Eden regions: 77->0(5)
[2026-02-05T19:25:18.203+0000][302.004s][info ][gc,heap     ] GC(84) Survivor regions: 3->4(10)
[2026-02-05T19:25:18.204+0000][302.004s][info ][gc,heap     ] GC(84) Old regions: 83->83
[2026-02-05T19:25:18.204+0000][302.005s][info ][gc,heap     ] GC(84) Archive regions: 2->2
[2026-02-05T19:25:18.204+0000][302.005s][info ][gc,heap     ] GC(84) Humongous regions: 0->0
[2026-02-05T19:25:18.204+0000][302.005s][info ][gc,metaspace] GC(84) Metaspace: 195141K(197696K)->195141K(197696K) NonClass: 171240K(172544K)->171240K(172544K) Class: 23901K(25152K)->23901K(25152K)
[2026-02-05T19:25:18.205+0000][302.005s][info ][gc          ] GC(84) Pause Young (Prepare Mixed) (G1 Evacuation Pause) 324M->173M(380M) 12.752ms
[2026-02-05T19:25:18.205+0000][302.006s][info ][gc,cpu      ] GC(84) User=0.05s Sys=0.01s Real=0.01s
[2026-02-05T19:25:18.206+0000][302.006s][info ][safepoint   ] Safepoint "G1CollectForAllocation", Time since last: 489904864 ns, Reaching safepoint: 638132 ns, Cleanup: 3900 ns, At safepoint: 13929898 ns, Total: 14571930 ns
[2026-02-05T19:25:19.169+0000][302.970s][debug][safepoint   ] Safepoint synchronization initiated using futex wait barrier. (391 threads)
[2026-02-05T19:25:19.170+0000][302.971s][info ][gc,start    ] GC(85) Pause Young (Mixed) (G1 Evacuation Pause)
[2026-02-05T19:25:19.170+0000][302.971s][info ][gc,task     ] GC(85) Using 10 workers of 10 for evacuation
[2026-02-05T19:25:19.182+0000][302.982s][info ][gc,phases   ] GC(85)   Pre Evacuate Collection Set: 0.3ms
[2026-02-05T19:25:19.182+0000][302.983s][info ][gc,phases   ] GC(85)   Merge Heap Roots: 0.2ms
[2026-02-05T19:25:19.182+0000][302.983s][info ][gc,phases   ] GC(85)   Evacuate Collection Set: 8.8ms
[2026-02-05T19:25:19.182+0000][302.983s][info ][gc,phases   ] GC(85)   Post Evacuate Collection Set: 1.4ms
[2026-02-05T19:25:19.183+0000][302.983s][info ][gc,phases   ] GC(85)   Other: 1.0ms
[2026-02-05T19:25:19.183+0000][302.984s][info ][gc,heap     ] GC(85) Eden regions: 5->0(77)
[2026-02-05T19:25:19.183+0000][302.984s][info ][gc,heap     ] GC(85) Survivor regions: 4->1(2)
[2026-02-05T19:25:19.183+0000][302.984s][info ][gc,heap     ] GC(85) Old regions: 83->85
[2026-02-05T19:25:19.183+0000][302.984s][info ][gc,heap     ] GC(85) Archive regions: 2->2
[2026-02-05T19:25:19.184+0000][302.984s][info ][gc,heap     ] GC(85) Humongous regions: 0->0
[2026-02-05T19:25:19.184+0000][302.984s][info ][gc,metaspace] GC(85) Metaspace: 195432K(198016K)->195432K(198016K) NonClass: 171479K(172800K)->171479K(172800K) Class: 23953K(25216K)->23953K(25216K)
[2026-02-05T19:25:19.184+0000][302.985s][info ][gc          ] GC(85) Pause Young (Mixed) (G1 Evacuation Pause) 183M->172M(380M) 13.944ms
[2026-02-05T19:25:19.184+0000][302.985s][info ][gc,cpu      ] GC(85) User=0.09s Sys=0.00s Real=0.01s
[2026-02-05T19:25:19.185+0000][302.985s][info ][safepoint   ] Safepoint "G1CollectForAllocation", Time since last: 963492893 ns, Reaching safepoint: 520624 ns, Cleanup: 132206 ns, At safepoint: 14797361 ns, Total: 15450191 ns
[2026-02-05T19:25:20.186+0000][303.987s][debug][safepoint   ] Safepoint synchronization initiated using futex wait barrier. (392 threads)
[2026-02-05T19:25:20.186+0000][303.987s][info ][safepoint   ] Safepoint "Cleanup", Time since last: 1001227160 ns, Reaching safepoint: 305814 ns, Cleanup: 59103 ns, At safepoint: 11500 ns, Total: 376417 ns
[2026-02-05T19:25:21.187+0000][304.987s][debug][safepoint   ] Safepoint synchronization initiated using futex wait barrier. (392 threads)
[2026-02-05T19:25:21.188+0000][304.988s][info ][safepoint   ] Safepoint "Cleanup", Time since last: 1000461826 ns, Reaching safepoint: 763434 ns, Cleanup: 27002 ns, At safepoint: 68803 ns, Total: 859239 ns
[2026-02-05T19:25:22.188+0000][305.989s][debug][safepoint   ] Safepoint synchronization initiated using futex wait barrier. (395 threads)
[2026-02-05T19:25:22.188+0000][305.989s][info ][safepoint   ] Safepoint "Cleanup", Time since last: 1000335920 ns, Reaching safepoint: 386617 ns, Cleanup: 144907 ns, At safepoint: 52902 ns, Total: 584426 ns
[2026-02-05T19:25:23.189+0000][306.990s][debug][safepoint   ] Safepoint synchronization initiated using futex wait barrier. (394 threads)
[2026-02-05T19:25:23.190+0000][306.990s][info ][safepoint   ] Safepoint "Cleanup", Time since last: 1000399424 ns, Reaching safepoint: 565725 ns, Cleanup: 85604 ns, At safepoint: 113405 ns, Total: 764734 ns
[2026-02-05T19:25:24.190+0000][307.991s][debug][safepoint   ] Safepoint synchronization initiated using futex wait barrier. (394 threads)
[2026-02-05T19:25:24.191+0000][307.992s][info ][safepoint   ] Safepoint "Cleanup", Time since last: 1000372522 ns, Reaching safepoint: 609927 ns, Cleanup: 78204 ns, At safepoint: 32401 ns, Total: 720532 ns
[2026-02-05T19:25:25.191+0000][308.992s][debug][safepoint   ] Safepoint synchronization initiated using futex wait barrier. (394 threads)
[2026-02-05T19:25:25.193+0000][308.993s][info ][safepoint   ] Safepoint "Cleanup", Time since last: 1000390523 ns, Reaching safepoint: 1444664 ns, Cleanup: 13001 ns, At safepoint: 38302 ns, Total: 1495967 ns
[2026-02-05T19:25:26.193+0000][309.994s][debug][safepoint   ] Safepoint synchronization initiated using futex wait barrier. (394 threads)
[2026-02-05T19:25:26.194+0000][309.994s][info ][safepoint   ] Safepoint "Cleanup", Time since last: 1000422924 ns, Reaching safepoint: 405918 ns, Cleanup: 53503 ns, At safepoint: 43002 ns, Total: 502423 ns
[2026-02-05T19:25:27.194+0000][310.995s][debug][safepoint   ] Safepoint synchronization initiated using futex wait barrier. (394 threads)
[2026-02-05T19:25:27.194+0000][310.995s][info ][safepoint   ] Safepoint "Cleanup", Time since last: 1000386352 ns, Reaching safepoint: 305615 ns, Cleanup: 44202 ns, At safepoint: 12901 ns, Total: 362718 ns
[2026-02-05T19:25:28.195+0000][311.995s][debug][safepoint   ] Safepoint synchronization initiated using futex wait barrier. (394 threads)
[2026-02-05T19:25:28.195+0000][311.996s][info ][safepoint   ] Safepoint "Cleanup", Time since last: 1000392198 ns, Reaching safepoint: 627331 ns, Cleanup: 82205 ns, At safepoint: 59103 ns, Total: 768639 ns
[2026-02-05T19:25:29.196+0000][312.997s][debug][safepoint   ] Safepoint synchronization initiated using futex wait barrier. (394 threads)
[2026-02-05T19:25:29.197+0000][312.998s][info ][safepoint   ] Safepoint "Cleanup", Time since last: 1000585207 ns, Reaching safepoint: 733237 ns, Cleanup: 63403 ns, At safepoint: 44403 ns, Total: 841043 ns
[2026-02-05T19:25:30.197+0000][313.998s][debug][safepoint   ] Safepoint synchronization initiated using futex wait barrier. (394 threads)
[2026-02-05T19:25:30.198+0000][313.999s][info ][safepoint   ] Safepoint "Cleanup", Time since last: 1000577407 ns, Reaching safepoint: 366918 ns, Cleanup: 8301 ns, At safepoint: 21801 ns, Total: 397020 ns
[2026-02-05T19:25:31.198+0000][314.999s][debug][safepoint   ] Safepoint synchronization initiated using futex wait barrier. (394 threads)
[2026-02-05T19:25:31.199+0000][315.000s][info ][safepoint   ] Safepoint "Cleanup", Time since last: 1000478002 ns, Reaching safepoint: 291815 ns, Cleanup: 34402 ns, At safepoint: 71203 ns, Total: 397420 ns
[2026-02-05T19:25:32.199+0000][316.000s][debug][safepoint   ] Safepoint synchronization initiated using futex wait barrier. (394 threads)
[2026-02-05T19:25:32.200+0000][316.001s][info ][safepoint   ] Safepoint "Cleanup", Time since last: 1000635911 ns, Reaching safepoint: 430721 ns, Cleanup: 26002 ns, At safepoint: 36902 ns, Total: 493625 ns
[2026-02-05T19:25:33.200+0000][317.001s][debug][safepoint   ] Safepoint synchronization initiated using futex wait barrier. (394 threads)
[2026-02-05T19:25:33.201+0000][317.002s][info ][safepoint   ] Safepoint "Cleanup", Time since last: 1000527704 ns, Reaching safepoint: 392920 ns, Cleanup: 16201 ns, At safepoint: 11701 ns, Total: 420822 ns
[2026-02-05T19:25:34.201+0000][318.002s][debug][safepoint   ] Safepoint synchronization initiated using futex wait barrier. (394 threads)
[2026-02-05T19:25:34.202+0000][318.002s][info ][safepoint   ] Safepoint "Cleanup", Time since last: 1000328894 ns, Reaching safepoint: 428522 ns, Cleanup: 11501 ns, At safepoint: 5500 ns, Total: 445523 ns
[2026-02-05T19:25:38.202+0000][322.003s][debug][safepoint   ] Safepoint synchronization initiated using futex wait barrier. (394 threads)
[2026-02-05T19:25:38.203+0000][322.003s][info ][safepoint   ] Safepoint "Cleanup", Time since last: 4000613728 ns, Reaching safepoint: 449722 ns, Cleanup: 13101 ns, At safepoint: 6200 ns, Total: 469023 ns
[2026-02-05T19:25:39.203+0000][323.004s][debug][safepoint   ] Safepoint synchronization initiated using futex wait barrier. (394 threads)
[2026-02-05T19:25:39.204+0000][323.004s][info ][safepoint   ] Safepoint "Cleanup", Time since last: 1000317207 ns, Reaching safepoint: 507025 ns, Cleanup: 19901 ns, At safepoint: 12401 ns, Total: 539327 ns
[2026-02-05T19:25:40.219+0000][324.020s][debug][safepoint   ] Safepoint synchronization initiated using futex wait barrier. (394 threads)
[2026-02-05T19:25:40.220+0000][324.021s][info ][gc,start    ] GC(86) Pause Young (Concurrent Start) (G1 Evacuation Pause)
[2026-02-05T19:25:40.221+0000][324.022s][info ][gc,task     ] GC(86) Using 10 workers of 10 for evacuation
[2026-02-05T19:25:40.229+0000][324.030s][info ][gc,phases   ] GC(86)   Pre Evacuate Collection Set: 1.6ms
[2026-02-05T19:25:40.230+0000][324.031s][info ][gc,phases   ] GC(86)   Merge Heap Roots: 0.2ms
[2026-02-05T19:25:40.230+0000][324.031s][info ][gc,phases   ] GC(86)   Evacuate Collection Set: 4.1ms
[2026-02-05T19:25:40.230+0000][324.031s][info ][gc,phases   ] GC(86)   Post Evacuate Collection Set: 2.2ms
[2026-02-05T19:25:40.230+0000][324.031s][info ][gc,phases   ] GC(86)   Other: 1.5ms
[2026-02-05T19:25:40.231+0000][324.031s][info ][gc,heap     ] GC(86) Eden regions: 77->0(78)
[2026-02-05T19:25:40.231+0000][324.032s][info ][gc,heap     ] GC(86) Survivor regions: 1->1(10)
[2026-02-05T19:25:40.231+0000][324.032s][info ][gc,heap     ] GC(86) Old regions: 85->85
[2026-02-05T19:25:40.231+0000][324.032s][info ][gc,heap     ] GC(86) Archive regions: 2->2
[2026-02-05T19:25:40.232+0000][324.032s][info ][gc,heap     ] GC(86) Humongous regions: 0->0
[2026-02-05T19:25:40.232+0000][324.033s][info ][gc,metaspace] GC(86) Metaspace: 196075K(198720K)->196075K(198720K) NonClass: 172090K(173440K)->172090K(173440K) Class: 23985K(25280K)->23985K(25280K)
[2026-02-05T19:25:40.232+0000][324.033s][info ][gc          ] GC(86) Pause Young (Concurrent Start) (G1 Evacuation Pause) 326M->172M(380M) 12.094ms
[2026-02-05T19:25:40.233+0000][324.034s][info ][gc,cpu      ] GC(86) User=0.03s Sys=0.01s Real=0.01s
[2026-02-05T19:25:40.233+0000][324.034s][info ][gc          ] GC(87) Concurrent Mark Cycle
[2026-02-05T19:25:40.233+0000][324.034s][info ][gc,marking  ] GC(87) Concurrent Clear Claimed Marks
[2026-02-05T19:25:40.233+0000][324.034s][info ][safepoint   ] Safepoint "G1CollectForAllocation", Time since last: 1015683669 ns, Reaching safepoint: 574628 ns, Cleanup: 5700 ns, At safepoint: 13480669 ns, Total: 14060997 ns
[2026-02-05T19:25:40.234+0000][324.034s][info ][gc,marking  ] GC(87) Concurrent Clear Claimed Marks 0.460ms
[2026-02-05T19:25:40.234+0000][324.035s][info ][gc,marking  ] GC(87) Concurrent Scan Root Regions
[2026-02-05T19:25:40.240+0000][324.040s][info ][gc,marking  ] GC(87) Concurrent Scan Root Regions 5.560ms
[2026-02-05T19:25:40.240+0000][324.041s][info ][gc,marking  ] GC(87) Concurrent Mark
[2026-02-05T19:25:40.240+0000][324.041s][info ][gc,marking  ] GC(87) Concurrent Mark From Roots
[2026-02-05T19:25:40.241+0000][324.041s][info ][gc,task     ] GC(87) Using 3 workers of 3 for marking
[2026-02-05T19:25:40.340+0000][324.141s][info ][gc,marking  ] GC(87) Concurrent Mark From Roots 99.844ms
[2026-02-05T19:25:40.340+0000][324.141s][info ][gc,marking  ] GC(87) Concurrent Preclean
[2026-02-05T19:25:40.341+0000][324.142s][info ][gc,marking  ] GC(87) Concurrent Preclean 0.615ms
[2026-02-05T19:25:40.341+0000][324.142s][debug][safepoint   ] Safepoint synchronization initiated using futex wait barrier. (394 threads)
[2026-02-05T19:25:40.342+0000][324.143s][info ][gc,start    ] GC(87) Pause Remark
[2026-02-05T19:25:40.352+0000][324.153s][info ][gc          ] GC(87) Pause Remark 174M->174M(380M) 10.022ms
[2026-02-05T19:25:40.352+0000][324.153s][info ][gc,cpu      ] GC(87) User=0.08s Sys=0.00s Real=0.01s
[2026-02-05T19:25:40.354+0000][324.155s][info ][safepoint   ] Safepoint "G1PauseRemark", Time since last: 108031357 ns, Reaching safepoint: 296115 ns, Cleanup: 107505 ns, At safepoint: 12052498 ns, Total: 12456118 ns
[2026-02-05T19:25:40.354+0000][324.155s][info ][gc,marking  ] GC(87) Concurrent Mark 114.209ms
[2026-02-05T19:25:40.355+0000][324.155s][info ][gc,marking  ] GC(87) Concurrent Rebuild Remembered Sets
[2026-02-05T19:25:40.414+0000][324.214s][info ][gc,marking  ] GC(87) Concurrent Rebuild Remembered Sets 58.892ms
[2026-02-05T19:25:40.414+0000][324.215s][debug][safepoint   ] Safepoint synchronization initiated using futex wait barrier. (394 threads)
[2026-02-05T19:25:40.414+0000][324.215s][info ][gc,start    ] GC(87) Pause Cleanup
[2026-02-05T19:25:40.415+0000][324.215s][info ][gc          ] GC(87) Pause Cleanup 174M->174M(380M) 0.408ms
[2026-02-05T19:25:40.415+0000][324.216s][info ][gc,cpu      ] GC(87) User=0.00s Sys=0.00s Real=0.00s
[2026-02-05T19:25:40.415+0000][324.216s][info ][safepoint   ] Safepoint "G1PauseCleanup", Time since last: 60111481 ns, Reaching safepoint: 232512 ns, Cleanup: 4800 ns, At safepoint: 1058252 ns, Total: 1295564 ns
[2026-02-05T19:25:40.415+0000][324.216s][info ][gc,marking  ] GC(87) Concurrent Cleanup for Next Mark
[2026-02-05T19:25:40.416+0000][324.217s][info ][gc,marking  ] GC(87) Concurrent Cleanup for Next Mark 0.722ms
[2026-02-05T19:25:40.416+0000][324.217s][info ][gc          ] GC(87) Concurrent Mark Cycle 183.411ms
[2026-02-05T19:25:41.416+0000][325.216s][debug][safepoint   ] Safepoint synchronization initiated using futex wait barrier. (394 threads)
[2026-02-05T19:25:41.416+0000][325.217s][info ][safepoint   ] Safepoint "Cleanup", Time since last: 1000336908 ns, Reaching safepoint: 516026 ns, Cleanup: 42202 ns, At safepoint: 45902 ns, Total: 604130 ns
[2026-02-05T19:25:42.416+0000][326.217s][debug][safepoint   ] Safepoint synchronization initiated using futex wait barrier. (394 threads)
[2026-02-05T19:25:42.417+0000][326.218s][info ][safepoint   ] Safepoint "Cleanup", Time since last: 1000334047 ns, Reaching safepoint: 319208 ns, Cleanup: 34201 ns, At safepoint: 10701 ns, Total: 364110 ns
[2026-02-05T19:25:43.417+0000][327.218s][debug][safepoint   ] Safepoint synchronization initiated using futex wait barrier. (394 threads)
[2026-02-05T19:25:43.418+0000][327.218s][info ][safepoint   ] Safepoint "Cleanup", Time since last: 1000341398 ns, Reaching safepoint: 409011 ns, Cleanup: 14900 ns, At safepoint: 7901 ns, Total: 431812 ns
[2026-02-05T19:25:46.418+0000][330.219s][debug][safepoint   ] Safepoint synchronization initiated using futex wait barrier. (394 threads)
[2026-02-05T19:25:46.419+0000][330.219s][info ][safepoint   ] Safepoint "Cleanup", Time since last: 3000625986 ns, Reaching safepoint: 322008 ns, Cleanup: 18000 ns, At safepoint: 12801 ns, Total: 352809 ns
[2026-02-05T19:25:47.417+0000][331.220s][debug][safepoint   ] Safepoint synchronization initiated using futex wait barrier. (394 threads)
[2026-02-05T19:25:47.417+0000][331.220s][info ][safepoint   ] Safepoint "Cleanup", Time since last: 1000429600 ns, Reaching safepoint: 294108 ns, Cleanup: 11400 ns, At safepoint: 4800 ns, Total: 310308 ns
[2026-02-05T19:25:49.418+0000][333.220s][debug][safepoint   ] Safepoint synchronization initiated using futex wait barrier. (394 threads)
[2026-02-05T19:25:49.418+0000][333.221s][info ][safepoint   ] Safepoint "Cleanup", Time since last: 2000374490 ns, Reaching safepoint: 369609 ns, Cleanup: 10500 ns, At safepoint: 4700 ns, Total: 384809 ns
[2026-02-05T19:25:50.419+0000][334.221s][debug][safepoint   ] Safepoint synchronization initiated using futex wait barrier. (394 threads)
[2026-02-05T19:25:50.419+0000][334.222s][info ][safepoint   ] Safepoint "Cleanup", Time since last: 1000461398 ns, Reaching safepoint: 237812 ns, Cleanup: 8100 ns, At safepoint: 4300 ns, Total: 250212 ns
[2026-02-05T19:25:51.419+0000][335.222s][debug][safepoint   ] Safepoint synchronization initiated using futex wait barrier. (394 threads)
[2026-02-05T19:25:51.420+0000][335.223s][info ][safepoint   ] Safepoint "Cleanup", Time since last: 1000404596 ns, Reaching safepoint: 923246 ns, Cleanup: 40102 ns, At safepoint: 39002 ns, Total: 1002350 ns
[2026-02-05T19:25:52.421+0000][336.223s][debug][safepoint   ] Safepoint synchronization initiated using futex wait barrier. (394 threads)
[2026-02-05T19:25:52.421+0000][336.224s][info ][safepoint   ] Safepoint "Cleanup", Time since last: 1000391195 ns, Reaching safepoint: 459723 ns, Cleanup: 9300 ns, At safepoint: 28402 ns, Total: 497425 ns
[2026-02-05T19:25:54.422+0000][338.224s][debug][safepoint   ] Safepoint synchronization initiated using futex wait barrier. (394 threads)
[2026-02-05T19:25:54.423+0000][338.226s][info ][safepoint   ] Safepoint "Cleanup", Time since last: 2000495576 ns, Reaching safepoint: 1207960 ns, Cleanup: 18801 ns, At safepoint: 7600 ns, Total: 1234361 ns
[2026-02-05T19:25:56.423+0000][340.226s][debug][safepoint   ] Safepoint synchronization initiated using futex wait barrier. (394 threads)
[2026-02-05T19:25:56.424+0000][340.227s][info ][safepoint   ] Safepoint "Cleanup", Time since last: 2000566480 ns, Reaching safepoint: 362618 ns, Cleanup: 9800 ns, At safepoint: 4800 ns, Total: 377218 ns
[2026-02-05T19:25:57.424+0000][341.227s][debug][safepoint   ] Safepoint synchronization initiated using futex wait barrier. (394 threads)
[2026-02-05T19:25:57.425+0000][341.228s][info ][safepoint   ] Safepoint "Cleanup", Time since last: 1000542003 ns, Reaching safepoint: 485424 ns, Cleanup: 33302 ns, At safepoint: 8200 ns, Total: 526926 ns
[2026-02-05T19:26:00.426+0000][344.228s][debug][safepoint   ] Safepoint synchronization initiated using futex wait barrier. (393 threads)
[2026-02-05T19:26:00.426+0000][344.229s][info ][safepoint   ] Safepoint "Cleanup", Time since last: 3000661432 ns, Reaching safepoint: 368718 ns, Cleanup: 11701 ns, At safepoint: 27401 ns, Total: 407820 ns
[2026-02-05T19:26:01.426+0000][345.229s][debug][safepoint   ] Safepoint synchronization initiated using futex wait barrier. (393 threads)
[2026-02-05T19:26:01.427+0000][345.230s][info ][safepoint   ] Safepoint "Cleanup", Time since last: 1000490387 ns, Reaching safepoint: 479324 ns, Cleanup: 17801 ns, At safepoint: 8800 ns, Total: 505925 ns
[2026-02-05T19:26:02.427+0000][346.230s][debug][safepoint   ] Safepoint synchronization initiated using futex wait barrier. (393 threads)
[2026-02-05T19:26:02.428+0000][346.231s][info ][safepoint   ] Safepoint "Cleanup", Time since last: 1000479087 ns, Reaching safepoint: 444822 ns, Cleanup: 19101 ns, At safepoint: 5900 ns, Total: 469823 ns
[2026-02-05T19:26:04.428+0000][348.231s][debug][safepoint   ] Safepoint synchronization initiated using futex wait barrier. (393 threads)
[2026-02-05T19:26:04.429+0000][348.232s][info ][safepoint   ] Safepoint "Cleanup", Time since last: 2000444747 ns, Reaching safepoint: 487724 ns, Cleanup: 10801 ns, At safepoint: 30501 ns, Total: 529026 ns
[2026-02-05T19:26:05.429+0000][349.232s][debug][safepoint   ] Safepoint synchronization initiated using futex wait barrier. (393 threads)
[2026-02-05T19:26:05.430+0000][349.232s][info ][safepoint   ] Safepoint "Cleanup", Time since last: 1000287877 ns, Reaching safepoint: 381219 ns, Cleanup: 16501 ns, At safepoint: 18801 ns, Total: 416521 ns
[2026-02-05T19:26:06.430+0000][350.233s][debug][safepoint   ] Safepoint synchronization initiated using futex wait barrier. (393 threads)
[2026-02-05T19:26:06.431+0000][350.234s][info ][safepoint   ] Safepoint "Cleanup", Time since last: 1000324665 ns, Reaching safepoint: 1112155 ns, Cleanup: 21001 ns, At safepoint: 17201 ns, Total: 1150357 ns
[2026-02-05T19:26:06.760+0000][350.563s][debug][safepoint   ] Safepoint synchronization initiated using futex wait barrier. (285 threads)
[2026-02-05T19:26:06.761+0000][350.564s][info ][gc,start    ] GC(88) Pause Young (Prepare Mixed) (G1 Evacuation Pause)
[2026-02-05T19:26:06.762+0000][350.564s][info ][gc,task     ] GC(88) Using 10 workers of 10 for evacuation
[2026-02-05T19:26:06.777+0000][350.580s][info ][gc,phases   ] GC(88)   Pre Evacuate Collection Set: 0.7ms
[2026-02-05T19:26:06.777+0000][350.580s][info ][gc,phases   ] GC(88)   Merge Heap Roots: 0.4ms
[2026-02-05T19:26:06.778+0000][350.580s][info ][gc,phases   ] GC(88)   Evacuate Collection Set: 7.8ms
[2026-02-05T19:26:06.778+0000][350.581s][info ][gc,phases   ] GC(88)   Post Evacuate Collection Set: 6.0ms
[2026-02-05T19:26:06.778+0000][350.581s][info ][gc,phases   ] GC(88)   Other: 1.1ms
[2026-02-05T19:26:06.778+0000][350.581s][info ][gc,heap     ] GC(88) Eden regions: 78->0(7)
[2026-02-05T19:26:06.779+0000][350.581s][info ][gc,heap     ] GC(88) Survivor regions: 1->2(10)
[2026-02-05T19:26:06.779+0000][350.582s][info ][gc,heap     ] GC(88) Old regions: 85->85
[2026-02-05T19:26:06.779+0000][350.582s][info ][gc,heap     ] GC(88) Archive regions: 2->2
[2026-02-05T19:26:06.779+0000][350.582s][info ][gc,heap     ] GC(88) Humongous regions: 0->0
[2026-02-05T19:26:06.779+0000][350.582s][info ][gc,metaspace] GC(88) Metaspace: 196252K(198848K)->196252K(198848K) NonClass: 172255K(173568K)->172255K(173568K) Class: 23997K(25280K)->23997K(25280K)
[2026-02-05T19:26:06.780+0000][350.582s][info ][gc          ] GC(88) Pause Young (Prepare Mixed) (G1 Evacuation Pause) 328M->173M(380M) 18.270ms
[2026-02-05T19:26:06.780+0000][350.583s][info ][gc,cpu      ] GC(88) User=0.10s Sys=0.00s Real=0.02s
[2026-02-05T19:26:06.785+0000][350.587s][info ][safepoint   ] Safepoint "G1CollectForAllocation", Time since last: 329332592 ns, Reaching safepoint: 705235 ns, Cleanup: 57803 ns, At safepoint: 23630869 ns, Total: 24393907 ns
[2026-02-05T19:26:06.952+0000][350.755s][debug][safepoint   ] Safepoint synchronization initiated using futex wait barrier. (233 threads)
[2026-02-05T19:26:06.953+0000][350.756s][info ][gc,start    ] GC(89) Pause Young (Mixed) (G1 Evacuation Pause)
[2026-02-05T19:26:06.954+0000][350.757s][info ][gc,task     ] GC(89) Using 10 workers of 10 for evacuation
[2026-02-05T19:26:06.998+0000][350.800s][info ][gc,phases   ] GC(89)   Pre Evacuate Collection Set: 0.9ms
[2026-02-05T19:26:06.999+0000][350.802s][info ][gc,phases   ] GC(89)   Merge Heap Roots: 0.6ms
[2026-02-05T19:26:07.002+0000][350.804s][info ][gc,phases   ] GC(89)   Evacuate Collection Set: 35.5ms
[2026-02-05T19:26:07.002+0000][350.805s][info ][gc,phases   ] GC(89)   Post Evacuate Collection Set: 2.4ms
[2026-02-05T19:26:07.003+0000][350.805s][info ][gc,phases   ] GC(89)   Other: 4.6ms
[2026-02-05T19:26:07.003+0000][350.806s][info ][gc,heap     ] GC(89) Eden regions: 7->0(79)
[2026-02-05T19:26:07.005+0000][350.808s][info ][gc,heap     ] GC(89) Survivor regions: 2->1(2)
[2026-02-05T19:26:07.005+0000][350.808s][info ][gc,heap     ] GC(89) Old regions: 85->84
[2026-02-05T19:26:07.006+0000][350.808s][info ][gc,heap     ] GC(89) Archive regions: 2->2
[2026-02-05T19:26:07.006+0000][350.809s][info ][gc,heap     ] GC(89) Humongous regions: 0->0
[2026-02-05T19:26:07.006+0000][350.809s][info ][gc,metaspace] GC(89) Metaspace: 196262K(198848K)->196262K(198848K) NonClass: 172265K(173568K)->172265K(173568K) Class: 23997K(25280K)->23997K(25280K)
[2026-02-05T19:26:07.006+0000][350.809s][info ][gc          ] GC(89) Pause Young (Mixed) (G1 Evacuation Pause) 187M->171M(380M) 52.934ms
[2026-02-05T19:26:07.007+0000][350.810s][info ][gc,cpu      ] GC(89) User=0.19s Sys=0.01s Real=0.06s
[2026-02-05T19:26:07.009+0000][350.812s][info ][safepoint   ] Safepoint "G1CollectForAllocation", Time since last: 167425882 ns, Reaching safepoint: 1202460 ns, Cleanup: 19501 ns, At safepoint: 55732557 ns, Total: 56954518 ns
