[2026-02-05T20:12:12.502+0000][0.097s][info][gc] Using G1
[2026-02-05T20:12:12.505+0000][0.100s][info][gc,init] Version: 17.0.12+7-Debian-2deb12u1 (release)
[2026-02-05T20:12:12.506+0000][0.101s][info][gc,init] CPUs: 12 total, 12 available
[2026-02-05T20:12:12.506+0000][0.101s][info][gc,init] Memory: 15925M
[2026-02-05T20:12:12.506+0000][0.101s][info][gc,init] Large Page Support: Disabled
[2026-02-05T20:12:12.506+0000][0.101s][info][gc,init] NUMA Support: Disabled
[2026-02-05T20:12:12.506+0000][0.101s][info][gc,init] Compressed Oops: Enabled (Zero based)
[2026-02-05T20:12:12.506+0000][0.101s][info][gc,init] Heap Region Size: 2M
[2026-02-05T20:12:12.507+0000][0.102s][info][gc,init] Heap Min Capacity: 8M
[2026-02-05T20:12:12.507+0000][0.102s][info][gc,init] Heap Initial Capacity: 250M
[2026-02-05T20:12:12.507+0000][0.102s][info][gc,init] Heap Max Capacity: 3982M
[2026-02-05T20:12:12.507+0000][0.102s][info][gc,init] Pre-touch: Disabled
[2026-02-05T20:12:12.507+0000][0.102s][info][gc,init] Parallel Workers: 10
[2026-02-05T20:12:12.507+0000][0.102s][info][gc,init] Concurrent Workers: 3
[2026-02-05T20:12:12.507+0000][0.102s][info][gc,init] Concurrent Refinement Workers: 10
[2026-02-05T20:12:12.507+0000][0.102s][info][gc,init] Periodic GC: Disabled
[2026-02-05T20:12:12.531+0000][0.126s][info][gc,metaspace] CDS archive(s) mapped at: [0x00007084e3000000-0x00007084e3bc4000-0x00007084e3bc4000), size 12337152, SharedBaseAddress: 0x00007084e3000000, ArchiveRelocationMode: 1.
[2026-02-05T20:12:12.531+0000][0.126s][info][gc,metaspace] Compressed class space mapped at: 0x00007084e4000000-0x0000708524000000, reserved size: 1073741824
[2026-02-05T20:12:12.531+0000][0.126s][info][gc,metaspace] Narrow klass base: 0x00007084e3000000, Narrow klass shift: 0, Narrow klass range: 0x100000000
[2026-02-05T20:12:12.546+0000][0.141s][info][cds,heap    ] initialize_from_archived_subgraph java.lang.Module$ArchivedData 0x00007084e3184780 (early)
[2026-02-05T20:12:12.547+0000][0.142s][info][cds,heap    ] initialize_from_archived_subgraph java.util.ImmutableCollections 0x00007084e30722d8 (early)
[2026-02-05T20:12:12.549+0000][0.144s][info][cds,heap    ] initialize_from_archived_subgraph java.lang.Integer$IntegerCache 0x00007084e3037660 (early)
[2026-02-05T20:12:12.554+0000][0.149s][info][cds,heap    ] initialize_from_archived_subgraph java.lang.module.Configuration 0x00007084e3172700 (early)
[2026-02-05T20:12:12.555+0000][0.150s][info][cds,heap    ] initialize_from_archived_subgraph java.lang.ModuleLayer 0x00007084e3146b38 (early)
[2026-02-05T20:12:12.555+0000][0.150s][info][cds,heap    ] initialize_from_archived_subgraph jdk.internal.loader.ArchivedClassLoaders 0x00007084e31adb70 (early)
[2026-02-05T20:12:12.555+0000][0.150s][info][cds,heap    ] initialize_from_archived_subgraph jdk.internal.module.ArchivedBootLayer 0x00007084e3179340 (early)
[2026-02-05T20:12:12.559+0000][0.154s][info][cds,heap    ] initialize_from_archived_subgraph sun.util.locale.BaseLocale 0x00007084e326d048
[2026-02-05T20:12:12.570+0000][0.165s][info][cds,heap    ] initialize_from_archived_subgraph java.util.jar.Attributes$Name 0x00007084e319f5e8
[2026-02-05T20:12:12.599+0000][0.194s][info][cds,heap    ] initialize_from_archived_subgraph java.lang.Long$LongCache 0x00007084e3020f98
[2026-02-05T20:12:12.690+0000][0.285s][info][cds,heap    ] initialize_from_archived_subgraph java.lang.Character$CharacterCache 0x00007084e303a9e8
[2026-02-05T20:12:13.679+0000][1.274s][debug][safepoint   ] Safepoint synchronization initiated using futex wait barrier. (14 threads)
[2026-02-05T20:12:13.680+0000][1.275s][info ][safepoint   ] Safepoint "Cleanup", Time since last: 1134633151 ns, Reaching safepoint: 354413 ns, Cleanup: 79403 ns, At safepoint: 37901 ns, Total: 471717 ns
[2026-02-05T20:12:13.844+0000][1.439s][debug][safepoint   ] Safepoint synchronization initiated using futex wait barrier. (14 threads)
[2026-02-05T20:12:13.845+0000][1.440s][info ][gc,start    ] GC(0) Pause Young (Normal) (G1 Evacuation Pause)
[2026-02-05T20:12:13.846+0000][1.441s][info ][gc,task     ] GC(0) Using 6 workers of 10 for evacuation
[2026-02-05T20:12:13.854+0000][1.449s][info ][gc,phases   ] GC(0)   Pre Evacuate Collection Set: 0.1ms
[2026-02-05T20:12:13.854+0000][1.449s][info ][gc,phases   ] GC(0)   Merge Heap Roots: 0.2ms
[2026-02-05T20:12:13.854+0000][1.449s][info ][gc,phases   ] GC(0)   Evacuate Collection Set: 5.0ms
[2026-02-05T20:12:13.854+0000][1.449s][info ][gc,phases   ] GC(0)   Post Evacuate Collection Set: 1.7ms
[2026-02-05T20:12:13.855+0000][1.450s][info ][gc,phases   ] GC(0)   Other: 1.9ms
[2026-02-05T20:12:13.855+0000][1.450s][info ][gc,heap     ] GC(0) Eden regions: 31->0(52)
[2026-02-05T20:12:13.856+0000][1.451s][info ][gc,heap     ] GC(0) Survivor regions: 0->4(4)
[2026-02-05T20:12:13.856+0000][1.451s][info ][gc,heap     ] GC(0) Old regions: 0->1
[2026-02-05T20:12:13.856+0000][1.451s][info ][gc,heap     ] GC(0) Archive regions: 2->2
[2026-02-05T20:12:13.857+0000][1.452s][info ][gc,heap     ] GC(0) Humongous regions: 0->0
[2026-02-05T20:12:13.857+0000][1.452s][info ][gc,metaspace] GC(0) Metaspace: 2518K(2752K)->2518K(2752K) NonClass: 2281K(2432K)->2281K(2432K) Class: 237K(320K)->237K(320K)
[2026-02-05T20:12:13.858+0000][1.452s][info ][gc          ] GC(0) Pause Young (Normal) (G1 Evacuation Pause) 63M->10M(254M) 12.735ms
[2026-02-05T20:12:13.858+0000][1.453s][info ][gc,cpu      ] GC(0) User=0.02s Sys=0.02s Real=0.01s
[2026-02-05T20:12:13.858+0000][1.453s][info ][safepoint   ] Safepoint "G1CollectForAllocation", Time since last: 164354904 ns, Reaching safepoint: 553021 ns, Cleanup: 43101 ns, At safepoint: 13193482 ns, Total: 13789604 ns
[2026-02-05T20:12:14.800+0000][2.395s][debug][safepoint   ] Safepoint synchronization initiated using futex wait barrier. (15 threads)
[2026-02-05T20:12:14.801+0000][2.396s][info ][safepoint   ] Safepoint "ICBufferFull", Time since last: 942168620 ns, Reaching safepoint: 284210 ns, Cleanup: 191007 ns, At safepoint: 22701 ns, Total: 497918 ns
[2026-02-05T20:12:14.876+0000][2.471s][debug][safepoint   ] Safepoint synchronization initiated using futex wait barrier. (15 threads)
[2026-02-05T20:12:14.876+0000][2.471s][info ][gc,start    ] GC(1) Pause Young (Normal) (G1 Evacuation Pause)
[2026-02-05T20:12:14.876+0000][2.471s][info ][gc,task     ] GC(1) Using 6 workers of 10 for evacuation
[2026-02-05T20:12:14.885+0000][2.480s][info ][gc,phases   ] GC(1)   Pre Evacuate Collection Set: 0.2ms
[2026-02-05T20:12:14.886+0000][2.481s][info ][gc,phases   ] GC(1)   Merge Heap Roots: 0.2ms
[2026-02-05T20:12:14.886+0000][2.481s][info ][gc,phases   ] GC(1)   Evacuate Collection Set: 6.6ms
[2026-02-05T20:12:14.886+0000][2.481s][info ][gc,phases   ] GC(1)   Post Evacuate Collection Set: 2.1ms
[2026-02-05T20:12:14.887+0000][2.482s][info ][gc,phases   ] GC(1)   Other: 0.5ms
[2026-02-05T20:12:14.887+0000][2.482s][info ][gc,heap     ] GC(1) Eden regions: 52->0(73)
[2026-02-05T20:12:14.887+0000][2.482s][info ][gc,heap     ] GC(1) Survivor regions: 4->2(7)
[2026-02-05T20:12:14.887+0000][2.482s][info ][gc,heap     ] GC(1) Old regions: 1->5
[2026-02-05T20:12:14.887+0000][2.482s][info ][gc,heap     ] GC(1) Archive regions: 2->2
[2026-02-05T20:12:14.888+0000][2.483s][info ][gc,heap     ] GC(1) Humongous regions: 0->0
[2026-02-05T20:12:14.888+0000][2.483s][info ][gc,metaspace] GC(1) Metaspace: 6601K(6976K)->6601K(6976K) NonClass: 5769K(5952K)->5769K(5952K) Class: 832K(1024K)->832K(1024K)
[2026-02-05T20:12:14.888+0000][2.483s][info ][gc          ] GC(1) Pause Young (Normal) (G1 Evacuation Pause) 114M->13M(254M) 12.192ms
[2026-02-05T20:12:14.888+0000][2.483s][info ][gc,cpu      ] GC(1) User=0.04s Sys=0.01s Real=0.02s
[2026-02-05T20:12:14.888+0000][2.483s][info ][safepoint   ] Safepoint "G1CollectForAllocation", Time since last: 75002540 ns, Reaching safepoint: 265210 ns, Cleanup: 14200 ns, At safepoint: 12653163 ns, Total: 12932573 ns
[2026-02-05T20:12:15.636+0000][3.231s][debug][safepoint   ] Safepoint synchronization initiated using futex wait barrier. (15 threads)
[2026-02-05T20:12:15.637+0000][3.232s][info ][safepoint   ] Safepoint "ICBufferFull", Time since last: 747500107 ns, Reaching safepoint: 521920 ns, Cleanup: 169106 ns, At safepoint: 23501 ns, Total: 714527 ns
[2026-02-05T20:12:15.709+0000][3.304s][debug][safepoint   ] Safepoint synchronization initiated using futex wait barrier. (15 threads)
[2026-02-05T20:12:15.709+0000][3.304s][info ][safepoint   ] Safepoint "ICBufferFull", Time since last: 72282640 ns, Reaching safepoint: 374014 ns, Cleanup: 97603 ns, At safepoint: 2601 ns, Total: 474218 ns
[2026-02-05T20:12:16.018+0000][3.613s][debug][safepoint   ] Safepoint synchronization initiated using futex wait barrier. (16 threads)
[2026-02-05T20:12:16.019+0000][3.614s][info ][gc,start    ] GC(2) Pause Young (Normal) (G1 Evacuation Pause)
[2026-02-05T20:12:16.019+0000][3.614s][info ][gc,task     ] GC(2) Using 6 workers of 10 for evacuation
[2026-02-05T20:12:16.025+0000][3.620s][info ][gc,phases   ] GC(2)   Pre Evacuate Collection Set: 0.2ms
[2026-02-05T20:12:16.025+0000][3.620s][info ][gc,phases   ] GC(2)   Merge Heap Roots: 0.1ms
[2026-02-05T20:12:16.025+0000][3.620s][info ][gc,phases   ] GC(2)   Evacuate Collection Set: 4.0ms
[2026-02-05T20:12:16.025+0000][3.620s][info ][gc,phases   ] GC(2)   Post Evacuate Collection Set: 1.2ms
[2026-02-05T20:12:16.026+0000][3.621s][info ][gc,phases   ] GC(2)   Other: 0.7ms
[2026-02-05T20:12:16.026+0000][3.621s][info ][gc,heap     ] GC(2) Eden regions: 73->0(72)
[2026-02-05T20:12:16.026+0000][3.621s][info ][gc,heap     ] GC(2) Survivor regions: 2->3(10)
[2026-02-05T20:12:16.026+0000][3.621s][info ][gc,heap     ] GC(2) Old regions: 5->5
[2026-02-05T20:12:16.026+0000][3.621s][info ][gc,heap     ] GC(2) Archive regions: 2->2
[2026-02-05T20:12:16.027+0000][3.622s][info ][gc,heap     ] GC(2) Humongous regions: 0->0
[2026-02-05T20:12:16.027+0000][3.622s][info ][gc,metaspace] GC(2) Metaspace: 12932K(13248K)->12932K(13248K) NonClass: 11277K(11456K)->11277K(11456K) Class: 1655K(1792K)->1655K(1792K)
[2026-02-05T20:12:16.027+0000][3.622s][info ][gc          ] GC(2) Pause Young (Normal) (G1 Evacuation Pause) 159M->16M(254M) 8.420ms
[2026-02-05T20:12:16.027+0000][3.622s][info ][gc,cpu      ] GC(2) User=0.03s Sys=0.02s Real=0.01s
[2026-02-05T20:12:16.027+0000][3.622s][info ][safepoint   ] Safepoint "G1CollectForAllocation", Time since last: 308595673 ns, Reaching safepoint: 398115 ns, Cleanup: 101304 ns, At safepoint: 8902425 ns, Total: 9401844 ns
[2026-02-05T20:12:16.497+0000][4.092s][info ][cds,heap    ] initialize_from_archived_subgraph java.lang.Byte$ByteCache 0x00007084e303abf8
[2026-02-05T20:12:16.498+0000][4.093s][info ][cds,heap    ] initialize_from_archived_subgraph java.lang.Short$ShortCache 0x00007084e30412e8
[2026-02-05T20:12:16.604+0000][4.199s][debug][safepoint   ] Safepoint synchronization initiated using futex wait barrier. (14 threads)
[2026-02-05T20:12:16.604+0000][4.199s][info ][gc,start    ] GC(3) Pause Young (Normal) (G1 Evacuation Pause)
[2026-02-05T20:12:16.604+0000][4.199s][info ][gc,task     ] GC(3) Using 6 workers of 10 for evacuation
[2026-02-05T20:12:16.609+0000][4.204s][info ][gc,phases   ] GC(3)   Pre Evacuate Collection Set: 0.2ms
[2026-02-05T20:12:16.609+0000][4.204s][info ][gc,phases   ] GC(3)   Merge Heap Roots: 0.1ms
[2026-02-05T20:12:16.610+0000][4.205s][info ][gc,phases   ] GC(3)   Evacuate Collection Set: 3.2ms
[2026-02-05T20:12:16.610+0000][4.205s][info ][gc,phases   ] GC(3)   Post Evacuate Collection Set: 1.0ms
[2026-02-05T20:12:16.610+0000][4.205s][info ][gc,phases   ] GC(3)   Other: 0.3ms
[2026-02-05T20:12:16.610+0000][4.205s][info ][gc,heap     ] GC(3) Eden regions: 72->0(71)
[2026-02-05T20:12:16.610+0000][4.205s][info ][gc,heap     ] GC(3) Survivor regions: 3->4(10)
[2026-02-05T20:12:16.610+0000][4.205s][info ][gc,heap     ] GC(3) Old regions: 5->5
[2026-02-05T20:12:16.610+0000][4.205s][info ][gc,heap     ] GC(3) Archive regions: 2->2
[2026-02-05T20:12:16.610+0000][4.205s][info ][gc,heap     ] GC(3) Humongous regions: 0->0
[2026-02-05T20:12:16.611+0000][4.206s][info ][gc,metaspace] GC(3) Metaspace: 17500K(17792K)->17500K(17792K) NonClass: 15142K(15296K)->15142K(15296K) Class: 2357K(2496K)->2357K(2496K)
[2026-02-05T20:12:16.611+0000][4.206s][info ][gc          ] GC(3) Pause Young (Normal) (G1 Evacuation Pause) 160M->18M(254M) 6.393ms
[2026-02-05T20:12:16.611+0000][4.206s][info ][gc,cpu      ] GC(3) User=0.02s Sys=0.00s Real=0.01s
[2026-02-05T20:12:16.611+0000][4.206s][info ][safepoint   ] Safepoint "G1CollectForAllocation", Time since last: 576310354 ns, Reaching safepoint: 520019 ns, Cleanup: 52102 ns, At safepoint: 6735846 ns, Total: 7307967 ns
[2026-02-05T20:12:16.881+0000][4.476s][debug][safepoint   ] Safepoint synchronization initiated using futex wait barrier. (16 threads)
[2026-02-05T20:12:16.882+0000][4.477s][info ][gc,start    ] GC(4) Pause Young (Concurrent Start) (Metadata GC Threshold)
[2026-02-05T20:12:16.882+0000][4.477s][info ][gc,task     ] GC(4) Using 6 workers of 10 for evacuation
[2026-02-05T20:12:16.888+0000][4.483s][info ][gc,phases   ] GC(4)   Pre Evacuate Collection Set: 0.2ms
[2026-02-05T20:12:16.889+0000][4.484s][info ][gc,phases   ] GC(4)   Merge Heap Roots: 0.1ms
[2026-02-05T20:12:16.889+0000][4.484s][info ][gc,phases   ] GC(4)   Evacuate Collection Set: 4.5ms
[2026-02-05T20:12:16.889+0000][4.484s][info ][gc,phases   ] GC(4)   Post Evacuate Collection Set: 1.1ms
[2026-02-05T20:12:16.890+0000][4.485s][info ][gc,phases   ] GC(4)   Other: 0.7ms
[2026-02-05T20:12:16.890+0000][4.485s][info ][gc,heap     ] GC(4) Eden regions: 38->0(70)
[2026-02-05T20:12:16.890+0000][4.485s][info ][gc,heap     ] GC(4) Survivor regions: 4->5(10)
[2026-02-05T20:12:16.890+0000][4.485s][info ][gc,heap     ] GC(4) Old regions: 5->5
[2026-02-05T20:12:16.890+0000][4.485s][info ][gc,heap     ] GC(4) Archive regions: 2->2
[2026-02-05T20:12:16.891+0000][4.486s][info ][gc,heap     ] GC(4) Humongous regions: 0->0
[2026-02-05T20:12:16.891+0000][4.486s][info ][gc,metaspace] GC(4) Metaspace: 21217K(21504K)->21217K(21504K) NonClass: 18455K(18624K)->18455K(18624K) Class: 2761K(2880K)->2761K(2880K)
[2026-02-05T20:12:16.891+0000][4.486s][info ][gc          ] GC(4) Pause Young (Concurrent Start) (Metadata GC Threshold) 93M->20M(254M) 9.618ms
[2026-02-05T20:12:16.892+0000][4.487s][info ][gc,cpu      ] GC(4) User=0.05s Sys=0.00s Real=0.01s
[2026-02-05T20:12:16.892+0000][4.487s][info ][gc          ] GC(5) Concurrent Mark Cycle
[2026-02-05T20:12:16.892+0000][4.487s][info ][gc,marking  ] GC(5) Concurrent Clear Claimed Marks
[2026-02-05T20:12:16.892+0000][4.487s][info ][safepoint   ] Safepoint "CollectForMetadataAllocation", Time since last: 270064566 ns, Reaching safepoint: 422615 ns, Cleanup: 75203 ns, At safepoint: 10366279 ns, Total: 10864097 ns
[2026-02-05T20:12:16.893+0000][4.487s][info ][gc,marking  ] GC(5) Concurrent Clear Claimed Marks 0.255ms
[2026-02-05T20:12:16.893+0000][4.488s][info ][gc,marking  ] GC(5) Concurrent Scan Root Regions
[2026-02-05T20:12:16.894+0000][4.488s][debug][safepoint   ] Safepoint synchronization initiated using futex wait barrier. (16 threads)
[2026-02-05T20:12:16.894+0000][4.489s][info ][safepoint   ] Safepoint "CollectForMetadataAllocation", Time since last: 898532 ns, Reaching safepoint: 818530 ns, Cleanup: 4601 ns, At safepoint: 70402 ns, Total: 893533 ns
[2026-02-05T20:12:16.896+0000][4.491s][info ][gc,marking  ] GC(5) Concurrent Scan Root Regions 2.838ms
[2026-02-05T20:12:16.896+0000][4.491s][info ][gc,marking  ] GC(5) Concurrent Mark
[2026-02-05T20:12:16.897+0000][4.492s][info ][gc,marking  ] GC(5) Concurrent Mark From Roots
[2026-02-05T20:12:16.897+0000][4.492s][info ][gc,task     ] GC(5) Using 3 workers of 3 for marking
[2026-02-05T20:12:16.902+0000][4.497s][info ][gc,marking  ] GC(5) Concurrent Mark From Roots 4.987ms
[2026-02-05T20:12:16.902+0000][4.497s][info ][gc,marking  ] GC(5) Concurrent Preclean
[2026-02-05T20:12:16.902+0000][4.497s][info ][gc,marking  ] GC(5) Concurrent Preclean 0.501ms
[2026-02-05T20:12:16.903+0000][4.498s][debug][safepoint   ] Safepoint synchronization initiated using futex wait barrier. (16 threads)
[2026-02-05T20:12:16.903+0000][4.498s][info ][gc,start    ] GC(5) Pause Remark
[2026-02-05T20:12:16.906+0000][4.501s][info ][gc          ] GC(5) Pause Remark 22M->22M(88M) 2.343ms
[2026-02-05T20:12:16.906+0000][4.501s][info ][gc,cpu      ] GC(5) User=0.01s Sys=0.00s Real=0.01s
[2026-02-05T20:12:16.906+0000][4.501s][info ][safepoint   ] Safepoint "G1PauseRemark", Time since last: 8952227 ns, Reaching safepoint: 436516 ns, Cleanup: 5000 ns, At safepoint: 3197417 ns, Total: 3638933 ns
[2026-02-05T20:12:16.911+0000][4.506s][info ][gc,marking  ] GC(5) Concurrent Mark 14.582ms
[2026-02-05T20:12:16.911+0000][4.506s][info ][gc,marking  ] GC(5) Concurrent Rebuild Remembered Sets
[2026-02-05T20:12:16.914+0000][4.509s][info ][gc,marking  ] GC(5) Concurrent Rebuild Remembered Sets 2.327ms
[2026-02-05T20:12:16.914+0000][4.509s][debug][safepoint   ] Safepoint synchronization initiated using futex wait barrier. (16 threads)
[2026-02-05T20:12:16.914+0000][4.509s][info ][gc,start    ] GC(5) Pause Cleanup
[2026-02-05T20:12:16.915+0000][4.510s][info ][gc          ] GC(5) Pause Cleanup 23M->23M(88M) 0.538ms
[2026-02-05T20:12:16.915+0000][4.510s][info ][gc,cpu      ] GC(5) User=0.00s Sys=0.00s Real=0.00s
[2026-02-05T20:12:16.916+0000][4.511s][info ][safepoint   ] Safepoint "G1PauseCleanup", Time since last: 7804485 ns, Reaching safepoint: 252109 ns, Cleanup: 4501 ns, At safepoint: 1198243 ns, Total: 1454853 ns
[2026-02-05T20:12:16.916+0000][4.511s][info ][gc,marking  ] GC(5) Concurrent Cleanup for Next Mark
[2026-02-05T20:12:16.917+0000][4.512s][info ][gc,marking  ] GC(5) Concurrent Cleanup for Next Mark 0.761ms
[2026-02-05T20:12:16.917+0000][4.512s][info ][gc          ] GC(5) Concurrent Mark Cycle 25.082ms
[2026-02-05T20:12:17.189+0000][4.786s][debug][safepoint   ] Safepoint synchronization initiated using futex wait barrier. (16 threads)
[2026-02-05T20:12:17.190+0000][4.787s][info ][gc,start    ] GC(6) Pause Young (Prepare Mixed) (G1 Evacuation Pause)
[2026-02-05T20:12:17.191+0000][4.787s][info ][gc,task     ] GC(6) Using 5 workers of 10 for evacuation
[2026-02-05T20:12:17.199+0000][4.795s][info ][gc,phases   ] GC(6)   Pre Evacuate Collection Set: 0.2ms
[2026-02-05T20:12:17.199+0000][4.796s][info ][gc,phases   ] GC(6)   Merge Heap Roots: 0.1ms
[2026-02-05T20:12:17.200+0000][4.796s][info ][gc,phases   ] GC(6)   Evacuate Collection Set: 6.5ms
[2026-02-05T20:12:17.200+0000][4.796s][info ][gc,phases   ] GC(6)   Post Evacuate Collection Set: 1.2ms
[2026-02-05T20:12:17.200+0000][4.796s][info ][gc,phases   ] GC(6)   Other: 0.6ms
[2026-02-05T20:12:17.200+0000][4.796s][info ][gc,heap     ] GC(6) Eden regions: 23->0(1)
[2026-02-05T20:12:17.200+0000][4.797s][info ][gc,heap     ] GC(6) Survivor regions: 5->3(4)
[2026-02-05T20:12:17.201+0000][4.797s][info ][gc,heap     ] GC(6) Old regions: 5->9
[2026-02-05T20:12:17.201+0000][4.797s][info ][gc,heap     ] GC(6) Archive regions: 2->2
[2026-02-05T20:12:17.201+0000][4.797s][info ][gc,heap     ] GC(6) Humongous regions: 0->0
[2026-02-05T20:12:17.201+0000][4.798s][info ][gc,metaspace] GC(6) Metaspace: 23184K(23552K)->23184K(23552K) NonClass: 20152K(20352K)->20152K(20352K) Class: 3032K(3200K)->3032K(3200K)
[2026-02-05T20:12:17.201+0000][4.798s][info ][gc          ] GC(6) Pause Young (Prepare Mixed) (G1 Evacuation Pause) 66M->22M(88M) 10.996ms
[2026-02-05T20:12:17.202+0000][4.798s][info ][gc,cpu      ] GC(6) User=0.05s Sys=0.01s Real=0.01s
[2026-02-05T20:12:17.202+0000][4.798s][info ][safepoint   ] Safepoint "G1CollectForAllocation", Time since last: 274893242 ns, Reaching safepoint: 1115941 ns, Cleanup: 50502 ns, At safepoint: 11441118 ns, Total: 12607561 ns
[2026-02-05T20:12:17.220+0000][4.817s][debug][safepoint   ] Safepoint synchronization initiated using futex wait barrier. (16 threads)
[2026-02-05T20:12:17.221+0000][4.818s][info ][gc,start    ] GC(7) Pause Young (Mixed) (G1 Evacuation Pause)
[2026-02-05T20:12:17.222+0000][4.818s][info ][gc,task     ] GC(7) Using 4 workers of 10 for evacuation
[2026-02-05T20:12:17.228+0000][4.824s][info ][gc,phases   ] GC(7)   Pre Evacuate Collection Set: 0.2ms
[2026-02-05T20:12:17.228+0000][4.825s][info ][gc,phases   ] GC(7)   Merge Heap Roots: 0.1ms
[2026-02-05T20:12:17.229+0000][4.825s][info ][gc,phases   ] GC(7)   Evacuate Collection Set: 4.1ms
[2026-02-05T20:12:17.229+0000][4.825s][info ][gc,phases   ] GC(7)   Post Evacuate Collection Set: 1.3ms
[2026-02-05T20:12:17.229+0000][4.826s][info ][gc,phases   ] GC(7)   Other: 1.0ms
[2026-02-05T20:12:17.230+0000][4.826s][info ][gc,heap     ] GC(7) Eden regions: 1->0(22)
[2026-02-05T20:12:17.230+0000][4.826s][info ][gc,heap     ] GC(7) Survivor regions: 3->1(1)
[2026-02-05T20:12:17.230+0000][4.826s][info ][gc,heap     ] GC(7) Old regions: 9->10
[2026-02-05T20:12:17.230+0000][4.826s][info ][gc,heap     ] GC(7) Archive regions: 2->2
[2026-02-05T20:12:17.230+0000][4.827s][info ][gc,heap     ] GC(7) Humongous regions: 0->0
[2026-02-05T20:12:17.231+0000][4.827s][info ][gc,metaspace] GC(7) Metaspace: 23387K(23744K)->23387K(23744K) NonClass: 20342K(20544K)->20342K(20544K) Class: 3045K(3200K)->3045K(3200K)
[2026-02-05T20:12:17.231+0000][4.827s][info ][gc          ] GC(7) Pause Young (Mixed) (G1 Evacuation Pause) 24M->22M(88M) 9.538ms
[2026-02-05T20:12:17.231+0000][4.827s][info ][gc,cpu      ] GC(7) User=0.04s Sys=0.00s Real=0.01s
[2026-02-05T20:12:17.231+0000][4.827s][info ][safepoint   ] Safepoint "G1CollectForAllocation", Time since last: 18689282 ns, Reaching safepoint: 686225 ns, Cleanup: 21501 ns, At safepoint: 9962164 ns, Total: 10669890 ns
[2026-02-05T20:12:17.540+0000][5.137s][debug][safepoint   ] Safepoint synchronization initiated using futex wait barrier. (15 threads)
[2026-02-05T20:12:17.541+0000][5.137s][info ][gc,start    ] GC(8) Pause Young (Normal) (G1 Evacuation Pause)
[2026-02-05T20:12:17.541+0000][5.137s][info ][gc,task     ] GC(8) Using 3 workers of 10 for evacuation
[2026-02-05T20:12:17.548+0000][5.145s][info ][gc,phases   ] GC(8)   Pre Evacuate Collection Set: 0.1ms
[2026-02-05T20:12:17.549+0000][5.145s][info ][gc,phases   ] GC(8)   Merge Heap Roots: 0.2ms
[2026-02-05T20:12:17.549+0000][5.145s][info ][gc,phases   ] GC(8)   Evacuate Collection Set: 5.8ms
[2026-02-05T20:12:17.549+0000][5.145s][info ][gc,phases   ] GC(8)   Post Evacuate Collection Set: 0.9ms
[2026-02-05T20:12:17.549+0000][5.146s][info ][gc,phases   ] GC(8)   Other: 0.5ms
[2026-02-05T20:12:17.549+0000][5.146s][info ][gc,heap     ] GC(8) Eden regions: 22->0(21)
[2026-02-05T20:12:17.550+0000][5.146s][info ][gc,heap     ] GC(8) Survivor regions: 1->2(3)
[2026-02-05T20:12:17.550+0000][5.146s][info ][gc,heap     ] GC(8) Old regions: 10->10
[2026-02-05T20:12:17.550+0000][5.146s][info ][gc,heap     ] GC(8) Archive regions: 2->2
[2026-02-05T20:12:17.550+0000][5.146s][info ][gc,heap     ] GC(8) Humongous regions: 0->0
[2026-02-05T20:12:17.550+0000][5.147s][info ][gc,metaspace] GC(8) Metaspace: 24341K(24704K)->24341K(24704K) NonClass: 21176K(21376K)->21176K(21376K) Class: 3164K(3328K)->3164K(3328K)
[2026-02-05T20:12:17.550+0000][5.147s][info ][gc          ] GC(8) Pause Young (Normal) (G1 Evacuation Pause) 66M->25M(88M) 9.711ms
[2026-02-05T20:12:17.551+0000][5.147s][info ][gc,cpu      ] GC(8) User=0.04s Sys=0.00s Real=0.01s
[2026-02-05T20:12:17.551+0000][5.147s][info ][safepoint   ] Safepoint "G1CollectForAllocation", Time since last: 309144894 ns, Reaching safepoint: 382314 ns, Cleanup: 63402 ns, At safepoint: 10227574 ns, Total: 10673290 ns
[2026-02-05T20:12:17.759+0000][5.355s][debug][safepoint   ] Safepoint synchronization initiated using futex wait barrier. (15 threads)
[2026-02-05T20:12:17.759+0000][5.355s][info ][gc,start    ] GC(9) Pause Young (Normal) (G1 Evacuation Pause)
[2026-02-05T20:12:17.759+0000][5.356s][info ][gc,task     ] GC(9) Using 2 workers of 10 for evacuation
[2026-02-05T20:12:17.771+0000][5.367s][info ][gc,phases   ] GC(9)   Pre Evacuate Collection Set: 0.4ms
[2026-02-05T20:12:17.772+0000][5.368s][info ][gc,phases   ] GC(9)   Merge Heap Roots: 0.2ms
[2026-02-05T20:12:17.772+0000][5.368s][info ][gc,phases   ] GC(9)   Evacuate Collection Set: 9.2ms
[2026-02-05T20:12:17.772+0000][5.368s][info ][gc,phases   ] GC(9)   Post Evacuate Collection Set: 1.4ms
[2026-02-05T20:12:17.772+0000][5.369s][info ][gc,phases   ] GC(9)   Other: 0.7ms
[2026-02-05T20:12:17.773+0000][5.369s][info ][gc,heap     ] GC(9) Eden regions: 21->0(42)
[2026-02-05T20:12:17.773+0000][5.369s][info ][gc,heap     ] GC(9) Survivor regions: 2->3(3)
[2026-02-05T20:12:17.773+0000][5.369s][info ][gc,heap     ] GC(9) Old regions: 10->12
[2026-02-05T20:12:17.773+0000][5.369s][info ][gc,heap     ] GC(9) Archive regions: 2->2
[2026-02-05T20:12:17.773+0000][5.370s][info ][gc,heap     ] GC(9) Humongous regions: 0->0
[2026-02-05T20:12:17.773+0000][5.370s][info ][gc,metaspace] GC(9) Metaspace: 24507K(24896K)->24507K(24896K) NonClass: 21323K(21504K)->21323K(21504K) Class: 3184K(3392K)->3184K(3392K)
[2026-02-05T20:12:17.774+0000][5.370s][info ][gc          ] GC(9) Pause Young (Normal) (G1 Evacuation Pause) 67M->29M(152M) 14.623ms
[2026-02-05T20:12:17.774+0000][5.370s][info ][gc,cpu      ] GC(9) User=0.07s Sys=0.00s Real=0.01s
[2026-02-05T20:12:17.774+0000][5.370s][info ][safepoint   ] Safepoint "G1CollectForAllocation", Time since last: 207656786 ns, Reaching safepoint: 419615 ns, Cleanup: 46002 ns, At safepoint: 15068751 ns, Total: 15534368 ns
[2026-02-05T20:12:18.032+0000][5.629s][debug][safepoint   ] Safepoint synchronization initiated using futex wait barrier. (15 threads)
[2026-02-05T20:12:18.033+0000][5.629s][info ][gc,start    ] GC(10) Pause Young (Normal) (G1 Evacuation Pause)
[2026-02-05T20:12:18.033+0000][5.629s][info ][gc,task     ] GC(10) Using 3 workers of 10 for evacuation
[2026-02-05T20:12:18.047+0000][5.644s][info ][gc,phases   ] GC(10)   Pre Evacuate Collection Set: 0.1ms
[2026-02-05T20:12:18.048+0000][5.644s][info ][gc,phases   ] GC(10)   Merge Heap Roots: 0.2ms
[2026-02-05T20:12:18.048+0000][5.644s][info ][gc,phases   ] GC(10)   Evacuate Collection Set: 12.3ms
[2026-02-05T20:12:18.048+0000][5.644s][info ][gc,phases   ] GC(10)   Post Evacuate Collection Set: 1.3ms
[2026-02-05T20:12:18.048+0000][5.645s][info ][gc,phases   ] GC(10)   Other: 0.5ms
[2026-02-05T20:12:18.049+0000][5.645s][info ][gc,heap     ] GC(10) Eden regions: 42->0(38)
[2026-02-05T20:12:18.049+0000][5.645s][info ][gc,heap     ] GC(10) Survivor regions: 3->6(6)
[2026-02-05T20:12:18.049+0000][5.645s][info ][gc,heap     ] GC(10) Old regions: 12->13
[2026-02-05T20:12:18.049+0000][5.646s][info ][gc,heap     ] GC(10) Archive regions: 2->2
[2026-02-05T20:12:18.050+0000][5.646s][info ][gc,heap     ] GC(10) Humongous regions: 0->0
[2026-02-05T20:12:18.050+0000][5.646s][info ][gc,metaspace] GC(10) Metaspace: 24565K(24896K)->24565K(24896K) NonClass: 21374K(21504K)->21374K(21504K) Class: 3191K(3392K)->3191K(3392K)
[2026-02-05T20:12:18.050+0000][5.646s][info ][gc          ] GC(10) Pause Young (Normal) (G1 Evacuation Pause) 113M->39M(152M) 17.198ms
[2026-02-05T20:12:18.050+0000][5.647s][info ][gc,cpu      ] GC(10) User=0.08s Sys=0.01s Real=0.02s
[2026-02-05T20:12:18.051+0000][5.647s][info ][safepoint   ] Safepoint "G1CollectForAllocation", Time since last: 258204332 ns, Reaching safepoint: 357213 ns, Cleanup: 61703 ns, At safepoint: 17730047 ns, Total: 18148963 ns
[2026-02-05T20:12:18.424+0000][6.020s][debug][safepoint   ] Safepoint synchronization initiated using futex wait barrier. (15 threads)
[2026-02-05T20:12:18.424+0000][6.020s][info ][gc,start    ] GC(11) Pause Young (Normal) (G1 Evacuation Pause)
[2026-02-05T20:12:18.424+0000][6.021s][info ][gc,task     ] GC(11) Using 3 workers of 10 for evacuation
[2026-02-05T20:12:18.441+0000][6.037s][info ][gc,phases   ] GC(11)   Pre Evacuate Collection Set: 0.2ms
[2026-02-05T20:12:18.441+0000][6.038s][info ][gc,phases   ] GC(11)   Merge Heap Roots: 0.2ms
[2026-02-05T20:12:18.442+0000][6.038s][info ][gc,phases   ] GC(11)   Evacuate Collection Set: 14.3ms
[2026-02-05T20:12:18.442+0000][6.038s][info ][gc,phases   ] GC(11)   Post Evacuate Collection Set: 1.7ms
[2026-02-05T20:12:18.442+0000][6.038s][info ][gc,phases   ] GC(11)   Other: 0.5ms
[2026-02-05T20:12:18.442+0000][6.038s][info ][gc,heap     ] GC(11) Eden regions: 38->0(33)
[2026-02-05T20:12:18.442+0000][6.039s][info ][gc,heap     ] GC(11) Survivor regions: 6->5(6)
[2026-02-05T20:12:18.442+0000][6.039s][info ][gc,heap     ] GC(11) Old regions: 13->19
[2026-02-05T20:12:18.443+0000][6.039s][info ][gc,heap     ] GC(11) Archive regions: 2->2
[2026-02-05T20:12:18.443+0000][6.039s][info ][gc,heap     ] GC(11) Humongous regions: 0->0
[2026-02-05T20:12:18.443+0000][6.039s][info ][gc,metaspace] GC(11) Metaspace: 24857K(25216K)->24857K(25216K) NonClass: 21626K(21824K)->21626K(21824K) Class: 3230K(3392K)->3230K(3392K)
[2026-02-05T20:12:18.443+0000][6.040s][info ][gc          ] GC(11) Pause Young (Normal) (G1 Evacuation Pause) 115M->48M(152M) 19.110ms
[2026-02-05T20:12:18.443+0000][6.040s][info ][gc,cpu      ] GC(11) User=0.09s Sys=0.01s Real=0.02s
[2026-02-05T20:12:18.444+0000][6.040s][info ][safepoint   ] Safepoint "G1CollectForAllocation", Time since last: 373159109 ns, Reaching safepoint: 422114 ns, Cleanup: 59302 ns, At safepoint: 19573544 ns, Total: 20054960 ns
[2026-02-05T20:12:18.662+0000][6.259s][debug][safepoint   ] ... found polling page loop exception at pc = 0x0000708551115ff9, stub =0x0000708550b10400
[2026-02-05T20:12:18.836+0000][6.432s][debug][safepoint   ] Safepoint synchronization initiated using futex wait barrier. (15 threads)
[2026-02-05T20:12:18.837+0000][6.433s][info ][gc,start    ] GC(12) Pause Young (Normal) (G1 Evacuation Pause)
[2026-02-05T20:12:18.837+0000][6.433s][info ][gc,task     ] GC(12) Using 3 workers of 10 for evacuation
[2026-02-05T20:12:18.849+0000][6.446s][info ][gc,phases   ] GC(12)   Pre Evacuate Collection Set: 0.2ms
[2026-02-05T20:12:18.850+0000][6.446s][info ][gc,phases   ] GC(12)   Merge Heap Roots: 0.2ms
[2026-02-05T20:12:18.850+0000][6.446s][info ][gc,phases   ] GC(12)   Evacuate Collection Set: 10.7ms
[2026-02-05T20:12:18.850+0000][6.446s][info ][gc,phases   ] GC(12)   Post Evacuate Collection Set: 1.3ms
[2026-02-05T20:12:18.850+0000][6.447s][info ][gc,phases   ] GC(12)   Other: 0.6ms
[2026-02-05T20:12:18.850+0000][6.447s][info ][gc,heap     ] GC(12) Eden regions: 33->0(33)
[2026-02-05T20:12:18.851+0000][6.447s][info ][gc,heap     ] GC(12) Survivor regions: 5->2(5)
[2026-02-05T20:12:18.851+0000][6.447s][info ][gc,heap     ] GC(12) Old regions: 19->23
[2026-02-05T20:12:18.851+0000][6.447s][info ][gc,heap     ] GC(12) Archive regions: 2->2
[2026-02-05T20:12:18.851+0000][6.447s][info ][gc,heap     ] GC(12) Humongous regions: 0->0
[2026-02-05T20:12:18.851+0000][6.447s][info ][gc,metaspace] GC(12) Metaspace: 25153K(25536K)->25153K(25536K) NonClass: 21899K(22080K)->21899K(22080K) Class: 3254K(3456K)->3254K(3456K)
[2026-02-05T20:12:18.851+0000][6.448s][info ][gc          ] GC(12) Pause Young (Normal) (G1 Evacuation Pause) 114M->51M(152M) 14.767ms
[2026-02-05T20:12:18.852+0000][6.448s][info ][gc,cpu      ] GC(12) User=0.08s Sys=0.00s Real=0.01s
[2026-02-05T20:12:18.852+0000][6.448s][info ][safepoint   ] Safepoint "G1CollectForAllocation", Time since last: 392317905 ns, Reaching safepoint: 388313 ns, Cleanup: 143504 ns, At safepoint: 15289903 ns, Total: 15821720 ns
[2026-02-05T20:12:19.219+0000][6.815s][debug][safepoint   ] Safepoint synchronization initiated using futex wait barrier. (15 threads)
[2026-02-05T20:12:19.219+0000][6.816s][info ][gc,start    ] GC(13) Pause Young (Normal) (G1 Evacuation Pause)
[2026-02-05T20:12:19.220+0000][6.816s][info ][gc,task     ] GC(13) Using 3 workers of 10 for evacuation
[2026-02-05T20:12:19.227+0000][6.823s][info ][gc,phases   ] GC(13)   Pre Evacuate Collection Set: 0.1ms
[2026-02-05T20:12:19.227+0000][6.823s][info ][gc,phases   ] GC(13)   Merge Heap Roots: 0.1ms
[2026-02-05T20:12:19.227+0000][6.824s][info ][gc,phases   ] GC(13)   Evacuate Collection Set: 5.4ms
[2026-02-05T20:12:19.227+0000][6.824s][info ][gc,phases   ] GC(13)   Post Evacuate Collection Set: 1.1ms
[2026-02-05T20:12:19.228+0000][6.824s][info ][gc,phases   ] GC(13)   Other: 0.5ms
[2026-02-05T20:12:19.228+0000][6.824s][info ][gc,heap     ] GC(13) Eden regions: 33->0(60)
[2026-02-05T20:12:19.228+0000][6.824s][info ][gc,heap     ] GC(13) Survivor regions: 2->3(5)
[2026-02-05T20:12:19.228+0000][6.824s][info ][gc,heap     ] GC(13) Old regions: 23->23
[2026-02-05T20:12:19.228+0000][6.825s][info ][gc,heap     ] GC(13) Archive regions: 2->2
[2026-02-05T20:12:19.228+0000][6.825s][info ][gc,heap     ] GC(13) Humongous regions: 0->0
[2026-02-05T20:12:19.229+0000][6.825s][info ][gc,metaspace] GC(13) Metaspace: 25185K(25600K)->25185K(25600K) NonClass: 21928K(22144K)->21928K(22144K) Class: 3256K(3456K)->3256K(3456K)
[2026-02-05T20:12:19.229+0000][6.825s][info ][gc          ] GC(13) Pause Young (Normal) (G1 Evacuation Pause) 117M->53M(218M) 9.463ms
[2026-02-05T20:12:19.229+0000][6.825s][info ][gc,cpu      ] GC(13) User=0.03s Sys=0.00s Real=0.01s
[2026-02-05T20:12:19.229+0000][6.826s][info ][safepoint   ] Safepoint "G1CollectForAllocation", Time since last: 367177678 ns, Reaching safepoint: 296410 ns, Cleanup: 55602 ns, At safepoint: 9936927 ns, Total: 10288939 ns
[2026-02-05T20:12:19.931+0000][7.528s][debug][safepoint   ] Safepoint synchronization initiated using futex wait barrier. (15 threads)
[2026-02-05T20:12:19.932+0000][7.528s][info ][gc,start    ] GC(14) Pause Young (Normal) (G1 Evacuation Pause)
[2026-02-05T20:12:19.932+0000][7.528s][info ][gc,task     ] GC(14) Using 5 workers of 10 for evacuation
[2026-02-05T20:12:19.937+0000][7.533s][info ][gc,phases   ] GC(14)   Pre Evacuate Collection Set: 0.2ms
[2026-02-05T20:12:19.937+0000][7.534s][info ][gc,phases   ] GC(14)   Merge Heap Roots: 0.1ms
[2026-02-05T20:12:19.937+0000][7.534s][info ][gc,phases   ] GC(14)   Evacuate Collection Set: 3.1ms
[2026-02-05T20:12:19.938+0000][7.534s][info ][gc,phases   ] GC(14)   Post Evacuate Collection Set: 1.1ms
[2026-02-05T20:12:19.938+0000][7.534s][info ][gc,phases   ] GC(14)   Other: 0.5ms
[2026-02-05T20:12:19.938+0000][7.535s][info ][gc,heap     ] GC(14) Eden regions: 60->0(59)
[2026-02-05T20:12:19.938+0000][7.535s][info ][gc,heap     ] GC(14) Survivor regions: 3->5(8)
[2026-02-05T20:12:19.939+0000][7.535s][info ][gc,heap     ] GC(14) Old regions: 23->23
[2026-02-05T20:12:19.939+0000][7.535s][info ][gc,heap     ] GC(14) Archive regions: 2->2
[2026-02-05T20:12:19.939+0000][7.535s][info ][gc,heap     ] GC(14) Humongous regions: 0->0
[2026-02-05T20:12:19.939+0000][7.536s][info ][gc,metaspace] GC(14) Metaspace: 26583K(26944K)->26583K(26944K) NonClass: 23218K(23424K)->23218K(23424K) Class: 3365K(3520K)->3365K(3520K)
[2026-02-05T20:12:19.940+0000][7.536s][info ][gc          ] GC(14) Pause Young (Normal) (G1 Evacuation Pause) 173M->56M(218M) 7.762ms
[2026-02-05T20:12:19.940+0000][7.536s][info ][gc,cpu      ] GC(14) User=0.02s Sys=0.00s Real=0.01s
[2026-02-05T20:12:19.940+0000][7.536s][info ][safepoint   ] Safepoint "G1CollectForAllocation", Time since last: 702020892 ns, Reaching safepoint: 329111 ns, Cleanup: 86703 ns, At safepoint: 8161768 ns, Total: 8577582 ns
[2026-02-05T20:12:20.624+0000][8.221s][debug][safepoint   ] Safepoint synchronization initiated using futex wait barrier. (13 threads)
[2026-02-05T20:12:20.625+0000][8.221s][info ][gc,start    ] GC(15) Pause Young (Normal) (G1 Evacuation Pause)
[2026-02-05T20:12:20.625+0000][8.221s][info ][gc,task     ] GC(15) Using 5 workers of 10 for evacuation
[2026-02-05T20:12:20.630+0000][8.226s][info ][gc,phases   ] GC(15)   Pre Evacuate Collection Set: 0.1ms
[2026-02-05T20:12:20.630+0000][8.226s][info ][gc,phases   ] GC(15)   Merge Heap Roots: 0.1ms
[2026-02-05T20:12:20.630+0000][8.227s][info ][gc,phases   ] GC(15)   Evacuate Collection Set: 3.3ms
[2026-02-05T20:12:20.631+0000][8.227s][info ][gc,phases   ] GC(15)   Post Evacuate Collection Set: 1.0ms
[2026-02-05T20:12:20.631+0000][8.227s][info ][gc,phases   ] GC(15)   Other: 0.6ms
[2026-02-05T20:12:20.631+0000][8.227s][info ][gc,heap     ] GC(15) Eden regions: 59->0(60)
[2026-02-05T20:12:20.631+0000][8.228s][info ][gc,heap     ] GC(15) Survivor regions: 5->5(8)
[2026-02-05T20:12:20.632+0000][8.228s][info ][gc,heap     ] GC(15) Old regions: 23->23
[2026-02-05T20:12:20.632+0000][8.228s][info ][gc,heap     ] GC(15) Archive regions: 2->2
[2026-02-05T20:12:20.632+0000][8.228s][info ][gc,heap     ] GC(15) Humongous regions: 0->0
[2026-02-05T20:12:20.632+0000][8.229s][info ][gc,metaspace] GC(15) Metaspace: 27448K(27840K)->27448K(27840K) NonClass: 23986K(24192K)->23986K(24192K) Class: 3462K(3648K)->3462K(3648K)
[2026-02-05T20:12:20.633+0000][8.229s][info ][gc          ] GC(15) Pause Young (Normal) (G1 Evacuation Pause) 174M->57M(218M) 7.874ms
[2026-02-05T20:12:20.633+0000][8.229s][info ][gc,cpu      ] GC(15) User=0.02s Sys=0.00s Real=0.00s
[2026-02-05T20:12:20.633+0000][8.229s][info ][safepoint   ] Safepoint "G1CollectForAllocation", Time since last: 684396013 ns, Reaching safepoint: 258809 ns, Cleanup: 46401 ns, At safepoint: 8245371 ns, Total: 8550581 ns
[2026-02-05T20:12:21.217+0000][8.814s][debug][safepoint   ] Safepoint synchronization initiated using futex wait barrier. (14 threads)
[2026-02-05T20:12:21.218+0000][8.814s][info ][gc,start    ] GC(16) Pause Young (Normal) (G1 Evacuation Pause)
[2026-02-05T20:12:21.218+0000][8.814s][info ][gc,task     ] GC(16) Using 5 workers of 10 for evacuation
[2026-02-05T20:12:21.224+0000][8.820s][info ][gc,phases   ] GC(16)   Pre Evacuate Collection Set: 0.1ms
[2026-02-05T20:12:21.224+0000][8.821s][info ][gc,phases   ] GC(16)   Merge Heap Roots: 0.1ms
[2026-02-05T20:12:21.225+0000][8.821s][info ][gc,phases   ] GC(16)   Evacuate Collection Set: 4.2ms
[2026-02-05T20:12:21.225+0000][8.821s][info ][gc,phases   ] GC(16)   Post Evacuate Collection Set: 1.3ms
[2026-02-05T20:12:21.225+0000][8.821s][info ][gc,phases   ] GC(16)   Other: 0.5ms
[2026-02-05T20:12:21.225+0000][8.822s][info ][gc,heap     ] GC(16) Eden regions: 60->0(60)
[2026-02-05T20:12:21.226+0000][8.822s][info ][gc,heap     ] GC(16) Survivor regions: 5->5(9)
[2026-02-05T20:12:21.226+0000][8.822s][info ][gc,heap     ] GC(16) Old regions: 23->23
[2026-02-05T20:12:21.226+0000][8.822s][info ][gc,heap     ] GC(16) Archive regions: 2->2
[2026-02-05T20:12:21.226+0000][8.822s][info ][gc,heap     ] GC(16) Humongous regions: 0->0
[2026-02-05T20:12:21.226+0000][8.823s][info ][gc,metaspace] GC(16) Metaspace: 33677K(34048K)->33677K(34048K) NonClass: 29521K(29696K)->29521K(29696K) Class: 4155K(4352K)->4155K(4352K)
[2026-02-05T20:12:21.227+0000][8.823s][info ][gc          ] GC(16) Pause Young (Normal) (G1 Evacuation Pause) 177M->57M(218M) 8.693ms
[2026-02-05T20:12:21.227+0000][8.823s][info ][gc,cpu      ] GC(16) User=0.03s Sys=0.00s Real=0.01s
[2026-02-05T20:12:21.227+0000][8.823s][info ][safepoint   ] Safepoint "G1CollectForAllocation", Time since last: 584550829 ns, Reaching safepoint: 287509 ns, Cleanup: 77003 ns, At safepoint: 9108999 ns, Total: 9473511 ns
[2026-02-05T20:12:21.741+0000][9.337s][debug][safepoint   ] Safepoint synchronization initiated using futex wait barrier. (14 threads)
[2026-02-05T20:12:21.741+0000][9.338s][info ][gc,start    ] GC(17) Pause Young (Normal) (G1 Evacuation Pause)
[2026-02-05T20:12:21.742+0000][9.338s][info ][gc,task     ] GC(17) Using 5 workers of 10 for evacuation
[2026-02-05T20:12:21.748+0000][9.344s][info ][gc,phases   ] GC(17)   Pre Evacuate Collection Set: 0.1ms
[2026-02-05T20:12:21.748+0000][9.345s][info ][gc,phases   ] GC(17)   Merge Heap Roots: 0.1ms
[2026-02-05T20:12:21.748+0000][9.345s][info ][gc,phases   ] GC(17)   Evacuate Collection Set: 4.7ms
[2026-02-05T20:12:21.749+0000][9.345s][info ][gc,phases   ] GC(17)   Post Evacuate Collection Set: 1.1ms
[2026-02-05T20:12:21.749+0000][9.345s][info ][gc,phases   ] GC(17)   Other: 0.5ms
[2026-02-05T20:12:21.749+0000][9.345s][info ][gc,heap     ] GC(17) Eden regions: 60->0(59)
[2026-02-05T20:12:21.749+0000][9.346s][info ][gc,heap     ] GC(17) Survivor regions: 5->6(9)
[2026-02-05T20:12:21.749+0000][9.346s][info ][gc,heap     ] GC(17) Old regions: 23->23
[2026-02-05T20:12:21.749+0000][9.346s][info ][gc,heap     ] GC(17) Archive regions: 2->2
[2026-02-05T20:12:21.750+0000][9.346s][info ][gc,heap     ] GC(17) Humongous regions: 0->0
[2026-02-05T20:12:21.750+0000][9.346s][info ][gc,metaspace] GC(17) Metaspace: 34820K(35264K)->34820K(35264K) NonClass: 30498K(30720K)->30498K(30720K) Class: 4321K(4544K)->4321K(4544K)
[2026-02-05T20:12:21.750+0000][9.346s][info ][gc          ] GC(17) Pause Young (Normal) (G1 Evacuation Pause) 177M->59M(218M) 8.540ms
[2026-02-05T20:12:21.750+0000][9.346s][info ][gc,cpu      ] GC(17) User=0.03s Sys=0.00s Real=0.01s
[2026-02-05T20:12:21.750+0000][9.347s][info ][safepoint   ] Safepoint "G1CollectForAllocation", Time since last: 513612295 ns, Reaching safepoint: 759025 ns, Cleanup: 90103 ns, At safepoint: 8908093 ns, Total: 9757221 ns
[2026-02-05T20:12:21.850+0000][9.446s][debug][safepoint   ] Safepoint synchronization initiated using futex wait barrier. (15 threads)
[2026-02-05T20:12:21.851+0000][9.447s][info ][safepoint   ] Safepoint "ICBufferFull", Time since last: 99858085 ns, Reaching safepoint: 503616 ns, Cleanup: 179406 ns, At safepoint: 47102 ns, Total: 730124 ns
[2026-02-05T20:12:21.957+0000][9.554s][debug][safepoint   ] Safepoint synchronization initiated using futex wait barrier. (15 threads)
[2026-02-05T20:12:21.958+0000][9.554s][info ][gc,start    ] GC(18) Pause Young (Concurrent Start) (Metadata GC Threshold)
[2026-02-05T20:12:21.958+0000][9.555s][info ][gc,task     ] GC(18) Using 5 workers of 10 for evacuation
[2026-02-05T20:12:21.966+0000][9.562s][info ][gc,phases   ] GC(18)   Pre Evacuate Collection Set: 0.2ms
[2026-02-05T20:12:21.966+0000][9.562s][info ][gc,phases   ] GC(18)   Merge Heap Roots: 0.1ms
[2026-02-05T20:12:21.966+0000][9.563s][info ][gc,phases   ] GC(18)   Evacuate Collection Set: 5.3ms
[2026-02-05T20:12:21.967+0000][9.563s][info ][gc,phases   ] GC(18)   Post Evacuate Collection Set: 1.2ms
[2026-02-05T20:12:21.967+0000][9.563s][info ][gc,phases   ] GC(18)   Other: 0.8ms
[2026-02-05T20:12:21.967+0000][9.564s][info ][gc,heap     ] GC(18) Eden regions: 20->0(61)
[2026-02-05T20:12:21.968+0000][9.564s][info ][gc,heap     ] GC(18) Survivor regions: 6->4(9)
[2026-02-05T20:12:21.968+0000][9.564s][info ][gc,heap     ] GC(18) Old regions: 23->24
[2026-02-05T20:12:21.968+0000][9.564s][info ][gc,heap     ] GC(18) Archive regions: 2->2
[2026-02-05T20:12:21.969+0000][9.565s][info ][gc,heap     ] GC(18) Humongous regions: 0->0
[2026-02-05T20:12:21.969+0000][9.565s][info ][gc,metaspace] GC(18) Metaspace: 35852K(36288K)->35852K(36288K) NonClass: 31405K(31616K)->31405K(31616K) Class: 4446K(4672K)->4446K(4672K)
[2026-02-05T20:12:21.969+0000][9.566s][info ][gc          ] GC(18) Pause Young (Concurrent Start) (Metadata GC Threshold) 98M->57M(218M) 11.357ms
[2026-02-05T20:12:21.970+0000][9.566s][info ][gc,cpu      ] GC(18) User=0.04s Sys=0.00s Real=0.01s
[2026-02-05T20:12:21.970+0000][9.566s][info ][gc          ] GC(19) Concurrent Mark Cycle
[2026-02-05T20:12:21.970+0000][9.567s][info ][gc,marking  ] GC(19) Concurrent Clear Claimed Marks
[2026-02-05T20:12:21.970+0000][9.566s][info ][safepoint   ] Safepoint "CollectForMetadataAllocation", Time since last: 106611707 ns, Reaching safepoint: 489316 ns, Cleanup: 21201 ns, At safepoint: 11989494 ns, Total: 12500011 ns
[2026-02-05T20:12:21.971+0000][9.567s][info ][gc,marking  ] GC(19) Concurrent Clear Claimed Marks 0.271ms
[2026-02-05T20:12:21.971+0000][9.567s][info ][gc,marking  ] GC(19) Concurrent Scan Root Regions
[2026-02-05T20:12:21.977+0000][9.574s][info ][gc,marking  ] GC(19) Concurrent Scan Root Regions 6.291ms
[2026-02-05T20:12:21.978+0000][9.574s][info ][gc,marking  ] GC(19) Concurrent Mark
[2026-02-05T20:12:21.979+0000][9.575s][info ][gc,marking  ] GC(19) Concurrent Mark From Roots
[2026-02-05T20:12:21.979+0000][9.576s][info ][gc,task     ] GC(19) Using 3 workers of 3 for marking
[2026-02-05T20:12:21.999+0000][9.596s][info ][gc,marking  ] GC(19) Concurrent Mark From Roots 20.605ms
[2026-02-05T20:12:22.000+0000][9.596s][info ][gc,marking  ] GC(19) Concurrent Preclean
[2026-02-05T20:12:22.000+0000][9.597s][info ][gc,marking  ] GC(19) Concurrent Preclean 0.528ms
[2026-02-05T20:12:22.001+0000][9.597s][debug][safepoint   ] Safepoint synchronization initiated using futex wait barrier. (15 threads)
[2026-02-05T20:12:22.001+0000][9.597s][info ][gc,start    ] GC(19) Pause Remark
[2026-02-05T20:12:22.004+0000][9.600s][info ][gc          ] GC(19) Pause Remark 61M->61M(214M) 3.078ms
[2026-02-05T20:12:22.004+0000][9.601s][info ][gc,cpu      ] GC(19) User=0.01s Sys=0.00s Real=0.01s
[2026-02-05T20:12:22.005+0000][9.601s][info ][safepoint   ] Safepoint "G1PauseRemark", Time since last: 30556805 ns, Reaching safepoint: 436015 ns, Cleanup: 14500 ns, At safepoint: 3646220 ns, Total: 4096735 ns
[2026-02-05T20:12:22.005+0000][9.601s][info ][gc,marking  ] GC(19) Concurrent Mark 26.709ms
[2026-02-05T20:12:22.005+0000][9.601s][info ][gc,marking  ] GC(19) Concurrent Rebuild Remembered Sets
[2026-02-05T20:12:22.016+0000][9.613s][info ][gc,marking  ] GC(19) Concurrent Rebuild Remembered Sets 11.394ms
[2026-02-05T20:12:22.017+0000][9.613s][debug][safepoint   ] Safepoint synchronization initiated using futex wait barrier. (15 threads)
[2026-02-05T20:12:22.020+0000][9.616s][info ][gc,start    ] GC(19) Pause Cleanup
[2026-02-05T20:12:22.020+0000][9.617s][info ][gc          ] GC(19) Pause Cleanup 63M->63M(214M) 0.367ms
[2026-02-05T20:12:22.021+0000][9.617s][info ][gc,cpu      ] GC(19) User=0.00s Sys=0.00s Real=0.00s
[2026-02-05T20:12:22.021+0000][9.617s][info ][safepoint   ] Safepoint "G1PauseCleanup", Time since last: 12218502 ns, Reaching safepoint: 3176004 ns, Cleanup: 9501 ns, At safepoint: 732324 ns, Total: 3917829 ns
[2026-02-05T20:12:22.021+0000][9.617s][info ][gc,marking  ] GC(19) Concurrent Cleanup for Next Mark
[2026-02-05T20:12:22.022+0000][9.619s][info ][gc,marking  ] GC(19) Concurrent Cleanup for Next Mark 1.436ms
[2026-02-05T20:12:22.023+0000][9.619s][info ][gc          ] GC(19) Concurrent Mark Cycle 52.683ms
[2026-02-05T20:12:22.564+0000][10.160s][debug][safepoint   ] Safepoint synchronization initiated using futex wait barrier. (15 threads)
[2026-02-05T20:12:22.564+0000][10.160s][info ][gc,start    ] GC(20) Pause Young (Prepare Mixed) (G1 Evacuation Pause)
[2026-02-05T20:12:22.564+0000][10.161s][info ][gc,task     ] GC(20) Using 5 workers of 10 for evacuation
[2026-02-05T20:12:22.569+0000][10.166s][info ][gc,phases   ] GC(20)   Pre Evacuate Collection Set: 0.2ms
[2026-02-05T20:12:22.570+0000][10.166s][info ][gc,phases   ] GC(20)   Merge Heap Roots: 0.1ms
[2026-02-05T20:12:22.570+0000][10.166s][info ][gc,phases   ] GC(20)   Evacuate Collection Set: 3.7ms
[2026-02-05T20:12:22.570+0000][10.166s][info ][gc,phases   ] GC(20)   Post Evacuate Collection Set: 1.0ms
[2026-02-05T20:12:22.570+0000][10.167s][info ][gc,phases   ] GC(20)   Other: 0.4ms
[2026-02-05T20:12:22.571+0000][10.167s][info ][gc,heap     ] GC(20) Eden regions: 60->0(1)
[2026-02-05T20:12:22.571+0000][10.167s][info ][gc,heap     ] GC(20) Survivor regions: 4->5(8)
[2026-02-05T20:12:22.571+0000][10.167s][info ][gc,heap     ] GC(20) Old regions: 24->24
[2026-02-05T20:12:22.571+0000][10.167s][info ][gc,heap     ] GC(20) Archive regions: 2->2
[2026-02-05T20:12:22.571+0000][10.167s][info ][gc,heap     ] GC(20) Humongous regions: 0->0
[2026-02-05T20:12:22.571+0000][10.168s][info ][gc,metaspace] GC(20) Metaspace: 38794K(39168K)->38794K(39168K) NonClass: 33900K(34112K)->33900K(34112K) Class: 4893K(5056K)->4893K(5056K)
[2026-02-05T20:12:22.571+0000][10.168s][info ][gc          ] GC(20) Pause Young (Prepare Mixed) (G1 Evacuation Pause) 177M->58M(214M) 7.226ms
[2026-02-05T20:12:22.572+0000][10.168s][info ][gc,cpu      ] GC(20) User=0.03s Sys=0.00s Real=0.00s
[2026-02-05T20:12:22.572+0000][10.168s][info ][safepoint   ] Safepoint "G1CollectForAllocation", Time since last: 543111665 ns, Reaching safepoint: 254208 ns, Cleanup: 37402 ns, At safepoint: 7582249 ns, Total: 7873859 ns
[2026-02-05T20:12:22.584+0000][10.181s][debug][safepoint   ] Safepoint synchronization initiated using futex wait barrier. (15 threads)
[2026-02-05T20:12:22.585+0000][10.181s][info ][gc,start    ] GC(21) Pause Young (Mixed) (G1 Evacuation Pause)
[2026-02-05T20:12:22.585+0000][10.181s][info ][gc,task     ] GC(21) Using 5 workers of 10 for evacuation
[2026-02-05T20:12:22.590+0000][10.187s][info ][gc,phases   ] GC(21)   Pre Evacuate Collection Set: 0.1ms
[2026-02-05T20:12:22.591+0000][10.187s][info ][gc,phases   ] GC(21)   Merge Heap Roots: 0.1ms
[2026-02-05T20:12:22.591+0000][10.187s][info ][gc,phases   ] GC(21)   Evacuate Collection Set: 4.2ms
[2026-02-05T20:12:22.591+0000][10.187s][info ][gc,phases   ] GC(21)   Post Evacuate Collection Set: 0.7ms
[2026-02-05T20:12:22.591+0000][10.187s][info ][gc,phases   ] GC(21)   Other: 0.4ms
[2026-02-05T20:12:22.591+0000][10.187s][info ][gc,heap     ] GC(21) Eden regions: 1->0(60)
[2026-02-05T20:12:22.591+0000][10.188s][info ][gc,heap     ] GC(21) Survivor regions: 5->1(1)
[2026-02-05T20:12:22.591+0000][10.188s][info ][gc,heap     ] GC(21) Old regions: 24->28
[2026-02-05T20:12:22.592+0000][10.188s][info ][gc,heap     ] GC(21) Archive regions: 2->2
[2026-02-05T20:12:22.592+0000][10.188s][info ][gc,heap     ] GC(21) Humongous regions: 0->0
[2026-02-05T20:12:22.592+0000][10.188s][info ][gc,metaspace] GC(21) Metaspace: 38811K(39232K)->38811K(39232K) NonClass: 33916K(34176K)->33916K(34176K) Class: 4894K(5056K)->4894K(5056K)
[2026-02-05T20:12:22.592+0000][10.188s][info ][gc          ] GC(21) Pause Young (Mixed) (G1 Evacuation Pause) 60M->58M(214M) 7.306ms
[2026-02-05T20:12:22.592+0000][10.189s][info ][gc,cpu      ] GC(21) User=0.02s Sys=0.00s Real=0.00s
[2026-02-05T20:12:22.592+0000][10.189s][info ][safepoint   ] Safepoint "G1CollectForAllocation", Time since last: 12725919 ns, Reaching safepoint: 251408 ns, Cleanup: 7300 ns, At safepoint: 7671352 ns, Total: 7930060 ns
[2026-02-05T20:12:23.432+0000][11.028s][debug][safepoint   ] Safepoint synchronization initiated using futex wait barrier. (15 threads)
[2026-02-05T20:12:23.432+0000][11.029s][info ][gc,start    ] GC(22) Pause Young (Normal) (G1 Evacuation Pause)
[2026-02-05T20:12:23.433+0000][11.029s][info ][gc,task     ] GC(22) Using 5 workers of 10 for evacuation
[2026-02-05T20:12:23.437+0000][11.034s][info ][gc,phases   ] GC(22)   Pre Evacuate Collection Set: 0.2ms
[2026-02-05T20:12:23.438+0000][11.034s][info ][gc,phases   ] GC(22)   Merge Heap Roots: 0.1ms
[2026-02-05T20:12:23.438+0000][11.035s][info ][gc,phases   ] GC(22)   Evacuate Collection Set: 3.1ms
[2026-02-05T20:12:23.439+0000][11.035s][info ][gc,phases   ] GC(22)   Post Evacuate Collection Set: 0.9ms
[2026-02-05T20:12:23.439+0000][11.035s][info ][gc,phases   ] GC(22)   Other: 0.7ms
[2026-02-05T20:12:23.439+0000][11.035s][info ][gc,heap     ] GC(22) Eden regions: 60->0(59)
[2026-02-05T20:12:23.439+0000][11.036s][info ][gc,heap     ] GC(22) Survivor regions: 1->2(8)
[2026-02-05T20:12:23.439+0000][11.036s][info ][gc,heap     ] GC(22) Old regions: 28->28
[2026-02-05T20:12:23.440+0000][11.036s][info ][gc,heap     ] GC(22) Archive regions: 2->2
[2026-02-05T20:12:23.440+0000][11.036s][info ][gc,heap     ] GC(22) Humongous regions: 0->0
[2026-02-05T20:12:23.440+0000][11.036s][info ][gc,metaspace] GC(22) Metaspace: 41406K(41856K)->41406K(41856K) NonClass: 36184K(36416K)->36184K(36416K) Class: 5221K(5440K)->5221K(5440K)
[2026-02-05T20:12:23.440+0000][11.036s][info ][gc          ] GC(22) Pause Young (Normal) (G1 Evacuation Pause) 178M->58M(214M) 7.558ms
[2026-02-05T20:12:23.440+0000][11.037s][info ][gc,cpu      ] GC(22) User=0.03s Sys=0.00s Real=0.01s
[2026-02-05T20:12:23.440+0000][11.037s][info ][safepoint   ] Safepoint "G1CollectForAllocation", Time since last: 839517716 ns, Reaching safepoint: 359612 ns, Cleanup: 193706 ns, At safepoint: 8004363 ns, Total: 8557681 ns
[2026-02-05T20:12:24.264+0000][11.861s][debug][safepoint   ] Safepoint synchronization initiated using futex wait barrier. (15 threads)
[2026-02-05T20:12:24.265+0000][11.861s][info ][gc,start    ] GC(23) Pause Young (Normal) (G1 Evacuation Pause)
[2026-02-05T20:12:24.265+0000][11.861s][info ][gc,task     ] GC(23) Using 5 workers of 10 for evacuation
[2026-02-05T20:12:24.270+0000][11.866s][info ][gc,phases   ] GC(23)   Pre Evacuate Collection Set: 0.2ms
[2026-02-05T20:12:24.270+0000][11.867s][info ][gc,phases   ] GC(23)   Merge Heap Roots: 0.1ms
[2026-02-05T20:12:24.270+0000][11.867s][info ][gc,phases   ] GC(23)   Evacuate Collection Set: 3.4ms
[2026-02-05T20:12:24.271+0000][11.867s][info ][gc,phases   ] GC(23)   Post Evacuate Collection Set: 0.8ms
[2026-02-05T20:12:24.271+0000][11.867s][info ][gc,phases   ] GC(23)   Other: 0.4ms
[2026-02-05T20:12:24.271+0000][11.867s][info ][gc,heap     ] GC(23) Eden regions: 59->0(60)
[2026-02-05T20:12:24.271+0000][11.867s][info ][gc,heap     ] GC(23) Survivor regions: 2->2(8)
[2026-02-05T20:12:24.271+0000][11.868s][info ][gc,heap     ] GC(23) Old regions: 28->28
[2026-02-05T20:12:24.271+0000][11.868s][info ][gc,heap     ] GC(23) Archive regions: 2->2
[2026-02-05T20:12:24.272+0000][11.868s][info ][gc,heap     ] GC(23) Humongous regions: 0->0
[2026-02-05T20:12:24.272+0000][11.868s][info ][gc,metaspace] GC(23) Metaspace: 43677K(44096K)->43677K(44096K) NonClass: 38082K(38272K)->38082K(38272K) Class: 5595K(5824K)->5595K(5824K)
[2026-02-05T20:12:24.272+0000][11.868s][info ][gc          ] GC(23) Pause Young (Normal) (G1 Evacuation Pause) 176M->60M(214M) 6.835ms
[2026-02-05T20:12:24.272+0000][11.868s][info ][gc,cpu      ] GC(23) User=0.03s Sys=0.00s Real=0.00s
[2026-02-05T20:12:24.272+0000][11.869s][info ][safepoint   ] Safepoint "G1CollectForAllocation", Time since last: 823956804 ns, Reaching safepoint: 389713 ns, Cleanup: 144904 ns, At safepoint: 7297440 ns, Total: 7832057 ns
[2026-02-05T20:12:24.849+0000][12.445s][debug][safepoint   ] Safepoint synchronization initiated using futex wait barrier. (15 threads)
[2026-02-05T20:12:24.849+0000][12.446s][info ][safepoint   ] Safepoint "ICBufferFull", Time since last: 576532465 ns, Reaching safepoint: 285409 ns, Cleanup: 136605 ns, At safepoint: 3100 ns, Total: 425114 ns
[2026-02-05T20:12:25.148+0000][12.744s][debug][safepoint   ] Safepoint synchronization initiated using futex wait barrier. (15 threads)
[2026-02-05T20:12:25.148+0000][12.744s][info ][gc,start    ] GC(24) Pause Young (Normal) (G1 Evacuation Pause)
[2026-02-05T20:12:25.148+0000][12.745s][info ][gc,task     ] GC(24) Using 5 workers of 10 for evacuation
[2026-02-05T20:12:25.153+0000][12.750s][info ][gc,phases   ] GC(24)   Pre Evacuate Collection Set: 0.1ms
[2026-02-05T20:12:25.154+0000][12.750s][info ][gc,phases   ] GC(24)   Merge Heap Roots: 0.1ms
[2026-02-05T20:12:25.154+0000][12.750s][info ][gc,phases   ] GC(24)   Evacuate Collection Set: 3.8ms
[2026-02-05T20:12:25.154+0000][12.750s][info ][gc,phases   ] GC(24)   Post Evacuate Collection Set: 0.8ms
[2026-02-05T20:12:25.154+0000][12.750s][info ][gc,phases   ] GC(24)   Other: 0.4ms
[2026-02-05T20:12:25.154+0000][12.751s][info ][gc,heap     ] GC(24) Eden regions: 60->0(57)
[2026-02-05T20:12:25.154+0000][12.751s][info ][gc,heap     ] GC(24) Survivor regions: 2->4(8)
[2026-02-05T20:12:25.155+0000][12.751s][info ][gc,heap     ] GC(24) Old regions: 28->28
[2026-02-05T20:12:25.155+0000][12.751s][info ][gc,heap     ] GC(24) Archive regions: 2->2
[2026-02-05T20:12:25.155+0000][12.751s][info ][gc,heap     ] GC(24) Humongous regions: 0->0
[2026-02-05T20:12:25.155+0000][12.751s][info ][gc,metaspace] GC(24) Metaspace: 47849K(48256K)->47849K(48256K) NonClass: 41730K(41984K)->41730K(41984K) Class: 6119K(6272K)->6119K(6272K)
[2026-02-05T20:12:25.155+0000][12.751s][info ][gc          ] GC(24) Pause Young (Normal) (G1 Evacuation Pause) 180M->63M(214M) 6.995ms
[2026-02-05T20:12:25.155+0000][12.752s][info ][gc,cpu      ] GC(24) User=0.03s Sys=0.00s Real=0.01s
[2026-02-05T20:12:25.155+0000][12.752s][info ][safepoint   ] Safepoint "G1CollectForAllocation", Time since last: 298597922 ns, Reaching safepoint: 253008 ns, Cleanup: 36902 ns, At safepoint: 7367442 ns, Total: 7657352 ns
[2026-02-05T20:12:25.788+0000][13.384s][debug][safepoint   ] Safepoint synchronization initiated using futex wait barrier. (17 threads)
[2026-02-05T20:12:25.788+0000][13.385s][info ][safepoint   ] Safepoint "ICBufferFull", Time since last: 632344100 ns, Reaching safepoint: 373713 ns, Cleanup: 180306 ns, At safepoint: 26401 ns, Total: 580420 ns
[2026-02-05T20:12:26.800+0000][14.396s][debug][safepoint   ] Safepoint synchronization initiated using futex wait barrier. (18 threads)
[2026-02-05T20:12:26.801+0000][14.397s][info ][safepoint   ] Safepoint "Cleanup", Time since last: 1011722651 ns, Reaching safepoint: 583522 ns, Cleanup: 37102 ns, At safepoint: 3300 ns, Total: 623924 ns
[2026-02-05T20:12:26.995+0000][14.591s][debug][safepoint   ] Safepoint synchronization initiated using futex wait barrier. (18 threads)
[2026-02-05T20:12:26.996+0000][14.592s][info ][gc,start    ] GC(25) Pause Young (Normal) (G1 Evacuation Pause)
[2026-02-05T20:12:26.996+0000][14.592s][info ][gc,task     ] GC(25) Using 5 workers of 10 for evacuation
[2026-02-05T20:12:27.006+0000][14.602s][info ][gc,phases   ] GC(25)   Pre Evacuate Collection Set: 0.2ms
[2026-02-05T20:12:27.006+0000][14.602s][info ][gc,phases   ] GC(25)   Merge Heap Roots: 0.2ms
[2026-02-05T20:12:27.007+0000][14.603s][info ][gc,phases   ] GC(25)   Evacuate Collection Set: 7.0ms
[2026-02-05T20:12:27.007+0000][14.603s][info ][gc,phases   ] GC(25)   Post Evacuate Collection Set: 1.8ms
[2026-02-05T20:12:27.007+0000][14.603s][info ][gc,phases   ] GC(25)   Other: 0.7ms
[2026-02-05T20:12:27.008+0000][14.604s][info ][gc,heap     ] GC(25) Eden regions: 57->0(72)
[2026-02-05T20:12:27.008+0000][14.604s][info ][gc,heap     ] GC(25) Survivor regions: 4->5(8)
[2026-02-05T20:12:27.008+0000][14.605s][info ][gc,heap     ] GC(25) Old regions: 28->28
[2026-02-05T20:12:27.009+0000][14.605s][info ][gc,heap     ] GC(25) Archive regions: 2->2
[2026-02-05T20:12:27.009+0000][14.605s][info ][gc,heap     ] GC(25) Humongous regions: 0->0
[2026-02-05T20:12:27.009+0000][14.605s][info ][gc,metaspace] GC(25) Metaspace: 54336K(54784K)->54336K(54784K) NonClass: 47479K(47744K)->47479K(47744K) Class: 6856K(7040K)->6856K(7040K)
[2026-02-05T20:12:27.009+0000][14.606s][info ][gc          ] GC(25) Pause Young (Normal) (G1 Evacuation Pause) 177M->66M(258M) 13.653ms
[2026-02-05T20:12:27.010+0000][14.606s][info ][gc,cpu      ] GC(25) User=0.05s Sys=0.00s Real=0.01s
[2026-02-05T20:12:27.010+0000][14.606s][info ][safepoint   ] Safepoint "G1CollectForAllocation", Time since last: 194379982 ns, Reaching safepoint: 406515 ns, Cleanup: 108205 ns, At safepoint: 14274342 ns, Total: 14789062 ns
[2026-02-05T20:12:27.766+0000][15.362s][debug][safepoint   ] Safepoint synchronization initiated using futex wait barrier. (16 threads)
[2026-02-05T20:12:27.766+0000][15.362s][info ][gc,start    ] GC(26) Pause Young (Normal) (G1 Evacuation Pause)
[2026-02-05T20:12:27.766+0000][15.362s][info ][gc,task     ] GC(26) Using 6 workers of 10 for evacuation
[2026-02-05T20:12:27.772+0000][15.369s][info ][gc,phases   ] GC(26)   Pre Evacuate Collection Set: 0.2ms
[2026-02-05T20:12:27.772+0000][15.369s][info ][gc,phases   ] GC(26)   Merge Heap Roots: 0.2ms
[2026-02-05T20:12:27.773+0000][15.369s][info ][gc,phases   ] GC(26)   Evacuate Collection Set: 4.2ms
[2026-02-05T20:12:27.773+0000][15.369s][info ][gc,phases   ] GC(26)   Post Evacuate Collection Set: 1.2ms
[2026-02-05T20:12:27.773+0000][15.369s][info ][gc,phases   ] GC(26)   Other: 0.7ms
[2026-02-05T20:12:27.773+0000][15.369s][info ][gc,heap     ] GC(26) Eden regions: 72->0(71)
[2026-02-05T20:12:27.773+0000][15.370s][info ][gc,heap     ] GC(26) Survivor regions: 5->6(10)
[2026-02-05T20:12:27.773+0000][15.370s][info ][gc,heap     ] GC(26) Old regions: 28->28
[2026-02-05T20:12:27.774+0000][15.370s][info ][gc,heap     ] GC(26) Archive regions: 2->2
[2026-02-05T20:12:27.774+0000][15.370s][info ][gc,heap     ] GC(26) Humongous regions: 0->0
[2026-02-05T20:12:27.774+0000][15.370s][info ][gc,metaspace] GC(26) Metaspace: 57959K(58368K)->57959K(58368K) NonClass: 50591K(50816K)->50591K(50816K) Class: 7368K(7552K)->7368K(7552K)
[2026-02-05T20:12:27.774+0000][15.370s][info ][gc          ] GC(26) Pause Young (Normal) (G1 Evacuation Pause) 210M->67M(258M) 8.098ms
[2026-02-05T20:12:27.774+0000][15.370s][info ][gc,cpu      ] GC(26) User=0.02s Sys=0.00s Real=0.00s
[2026-02-05T20:12:27.774+0000][15.371s][info ][safepoint   ] Safepoint "G1CollectForAllocation", Time since last: 755613096 ns, Reaching safepoint: 203708 ns, Cleanup: 51802 ns, At safepoint: 8447121 ns, Total: 8702631 ns
[2026-02-05T20:12:28.062+0000][15.658s][debug][safepoint   ] Safepoint synchronization initiated using futex wait barrier. (17 threads)
[2026-02-05T20:12:28.062+0000][15.658s][info ][gc,start    ] GC(27) Pause Young (Concurrent Start) (Metadata GC Threshold)
[2026-02-05T20:12:28.062+0000][15.659s][info ][gc,task     ] GC(27) Using 6 workers of 10 for evacuation
[2026-02-05T20:12:28.068+0000][15.664s][info ][gc,phases   ] GC(27)   Pre Evacuate Collection Set: 0.2ms
[2026-02-05T20:12:28.068+0000][15.664s][info ][gc,phases   ] GC(27)   Merge Heap Roots: 0.1ms
[2026-02-05T20:12:28.068+0000][15.664s][info ][gc,phases   ] GC(27)   Evacuate Collection Set: 3.9ms
[2026-02-05T20:12:28.068+0000][15.665s][info ][gc,phases   ] GC(27)   Post Evacuate Collection Set: 1.1ms
[2026-02-05T20:12:28.068+0000][15.665s][info ][gc,phases   ] GC(27)   Other: 0.4ms
[2026-02-05T20:12:28.069+0000][15.665s][info ][gc,heap     ] GC(27) Eden regions: 26->0(71)
[2026-02-05T20:12:28.069+0000][15.665s][info ][gc,heap     ] GC(27) Survivor regions: 6->6(10)
[2026-02-05T20:12:28.069+0000][15.665s][info ][gc,heap     ] GC(27) Old regions: 28->28
[2026-02-05T20:12:28.069+0000][15.665s][info ][gc,heap     ] GC(27) Archive regions: 2->2
[2026-02-05T20:12:28.069+0000][15.665s][info ][gc,heap     ] GC(27) Humongous regions: 0->0
[2026-02-05T20:12:28.069+0000][15.665s][info ][gc,metaspace] GC(27) Metaspace: 60407K(60800K)->60407K(60800K) NonClass: 52718K(52928K)->52718K(52928K) Class: 7689K(7872K)->7689K(7872K)
[2026-02-05T20:12:28.069+0000][15.666s][info ][gc          ] GC(27) Pause Young (Concurrent Start) (Metadata GC Threshold) 118M->67M(258M) 7.194ms
[2026-02-05T20:12:28.069+0000][15.666s][info ][gc,cpu      ] GC(27) User=0.03s Sys=0.00s Real=0.01s
[2026-02-05T20:12:28.070+0000][15.666s][info ][gc          ] GC(28) Concurrent Mark Cycle
[2026-02-05T20:12:28.070+0000][15.666s][info ][gc,marking  ] GC(28) Concurrent Clear Claimed Marks
[2026-02-05T20:12:28.070+0000][15.666s][info ][safepoint   ] Safepoint "CollectForMetadataAllocation", Time since last: 287572321 ns, Reaching safepoint: 221909 ns, Cleanup: 27001 ns, At safepoint: 7546486 ns, Total: 7795396 ns
[2026-02-05T20:12:28.070+0000][15.666s][info ][gc,marking  ] GC(28) Concurrent Clear Claimed Marks 0.171ms
[2026-02-05T20:12:28.070+0000][15.667s][info ][gc,marking  ] GC(28) Concurrent Scan Root Regions
[2026-02-05T20:12:28.074+0000][15.670s][info ][gc,marking  ] GC(28) Concurrent Scan Root Regions 3.947ms
[2026-02-05T20:12:28.074+0000][15.671s][info ][gc,marking  ] GC(28) Concurrent Mark
[2026-02-05T20:12:28.075+0000][15.671s][info ][gc,marking  ] GC(28) Concurrent Mark From Roots
[2026-02-05T20:12:28.075+0000][15.671s][info ][gc,task     ] GC(28) Using 3 workers of 3 for marking
[2026-02-05T20:12:28.093+0000][15.689s][debug][safepoint   ] Safepoint synchronization initiated using futex wait barrier. (18 threads)
[2026-02-05T20:12:28.093+0000][15.690s][info ][safepoint   ] Safepoint "CollectForMetadataAllocation", Time since last: 23151480 ns, Reaching safepoint: 427116 ns, Cleanup: 89303 ns, At safepoint: 104104 ns, Total: 620523 ns
[2026-02-05T20:12:28.103+0000][15.699s][info ][gc,marking  ] GC(28) Concurrent Mark From Roots 28.147ms
[2026-02-05T20:12:28.103+0000][15.699s][info ][gc,marking  ] GC(28) Concurrent Preclean
[2026-02-05T20:12:28.104+0000][15.700s][info ][gc,marking  ] GC(28) Concurrent Preclean 0.523ms
[2026-02-05T20:12:28.104+0000][15.700s][debug][safepoint   ] Safepoint synchronization initiated using futex wait barrier. (18 threads)
[2026-02-05T20:12:28.104+0000][15.700s][info ][gc,start    ] GC(28) Pause Remark
[2026-02-05T20:12:28.107+0000][15.704s][info ][gc          ] GC(28) Pause Remark 71M->71M(254M) 3.442ms
[2026-02-05T20:12:28.108+0000][15.704s][info ][gc,cpu      ] GC(28) User=0.02s Sys=0.00s Real=0.00s
[2026-02-05T20:12:28.108+0000][15.704s][info ][safepoint   ] Safepoint "G1PauseRemark", Time since last: 10409395 ns, Reaching safepoint: 196408 ns, Cleanup: 5700 ns, At safepoint: 4069955 ns, Total: 4272063 ns
[2026-02-05T20:12:28.108+0000][15.705s][info ][gc,marking  ] GC(28) Concurrent Mark 33.937ms
[2026-02-05T20:12:28.109+0000][15.705s][info ][gc,marking  ] GC(28) Concurrent Rebuild Remembered Sets
[2026-02-05T20:12:28.128+0000][15.725s][info ][gc,marking  ] GC(28) Concurrent Rebuild Remembered Sets 19.876ms
[2026-02-05T20:12:28.129+0000][15.725s][debug][safepoint   ] Safepoint synchronization initiated using futex wait barrier. (18 threads)
[2026-02-05T20:12:28.129+0000][15.726s][info ][gc,start    ] GC(28) Pause Cleanup
[2026-02-05T20:12:28.130+0000][15.726s][info ][gc          ] GC(28) Pause Cleanup 71M->71M(254M) 0.578ms
[2026-02-05T20:12:28.130+0000][15.726s][info ][gc,cpu      ] GC(28) User=0.00s Sys=0.00s Real=0.00s
[2026-02-05T20:12:28.130+0000][15.727s][info ][safepoint   ] Safepoint "G1PauseCleanup", Time since last: 20821490 ns, Reaching safepoint: 291212 ns, Cleanup: 6500 ns, At safepoint: 1035439 ns, Total: 1333151 ns
[2026-02-05T20:12:28.131+0000][15.727s][info ][gc,marking  ] GC(28) Concurrent Cleanup for Next Mark
[2026-02-05T20:12:28.132+0000][15.728s][info ][gc,marking  ] GC(28) Concurrent Cleanup for Next Mark 1.019ms
[2026-02-05T20:12:28.132+0000][15.728s][info ][gc          ] GC(28) Concurrent Mark Cycle 62.399ms
[2026-02-05T20:12:28.558+0000][16.154s][debug][safepoint   ] Safepoint synchronization initiated using futex wait barrier. (21 threads)
[2026-02-05T20:12:28.559+0000][16.155s][info ][safepoint   ] Safepoint "ICBufferFull", Time since last: 427918852 ns, Reaching safepoint: 243809 ns, Cleanup: 164006 ns, At safepoint: 3800 ns, Total: 411615 ns
[2026-02-05T20:12:28.804+0000][16.400s][debug][safepoint   ] Safepoint synchronization initiated using futex wait barrier. (21 threads)
[2026-02-05T20:12:28.806+0000][16.402s][info ][gc,start    ] GC(29) Pause Young (Prepare Mixed) (G1 Evacuation Pause)
[2026-02-05T20:12:28.806+0000][16.403s][info ][gc,task     ] GC(29) Using 6 workers of 10 for evacuation
[2026-02-05T20:12:28.815+0000][16.411s][info ][gc,phases   ] GC(29)   Pre Evacuate Collection Set: 0.2ms
[2026-02-05T20:12:28.815+0000][16.411s][info ][gc,phases   ] GC(29)   Merge Heap Roots: 0.2ms
[2026-02-05T20:12:28.815+0000][16.412s][info ][gc,phases   ] GC(29)   Evacuate Collection Set: 6.3ms
[2026-02-05T20:12:28.816+0000][16.412s][info ][gc,phases   ] GC(29)   Post Evacuate Collection Set: 1.3ms
[2026-02-05T20:12:28.816+0000][16.412s][info ][gc,phases   ] GC(29)   Other: 0.6ms
[2026-02-05T20:12:28.816+0000][16.413s][info ][gc,heap     ] GC(29) Eden regions: 70->0(1)
[2026-02-05T20:12:28.817+0000][16.413s][info ][gc,heap     ] GC(29) Survivor regions: 6->6(10)
[2026-02-05T20:12:28.817+0000][16.413s][info ][gc,heap     ] GC(29) Old regions: 28->29
[2026-02-05T20:12:28.818+0000][16.414s][info ][gc,heap     ] GC(29) Archive regions: 2->2
[2026-02-05T20:12:28.818+0000][16.414s][info ][gc,heap     ] GC(29) Humongous regions: 0->0
[2026-02-05T20:12:28.818+0000][16.414s][info ][gc,metaspace] GC(29) Metaspace: 63625K(64128K)->63625K(64128K) NonClass: 55517K(55808K)->55517K(55808K) Class: 8107K(8320K)->8107K(8320K)
[2026-02-05T20:12:28.818+0000][16.414s][info ][gc          ] GC(29) Pause Young (Prepare Mixed) (G1 Evacuation Pause) 207M->69M(254M) 12.051ms
[2026-02-05T20:12:28.818+0000][16.415s][info ][gc,cpu      ] GC(29) User=0.04s Sys=0.00s Real=0.01s
[2026-02-05T20:12:28.819+0000][16.415s][info ][safepoint   ] Safepoint "G1CollectForAllocation", Time since last: 245572627 ns, Reaching safepoint: 273710 ns, Cleanup: 1582660 ns, At safepoint: 12526276 ns, Total: 14382646 ns
[2026-02-05T20:12:28.825+0000][16.421s][debug][safepoint   ] Safepoint synchronization initiated using futex wait barrier. (21 threads)
[2026-02-05T20:12:28.825+0000][16.422s][info ][gc,start    ] GC(30) Pause Young (Mixed) (G1 Evacuation Pause)
[2026-02-05T20:12:28.825+0000][16.422s][info ][gc,task     ] GC(30) Using 6 workers of 10 for evacuation
[2026-02-05T20:12:28.832+0000][16.428s][info ][gc,phases   ] GC(30)   Pre Evacuate Collection Set: 0.2ms
[2026-02-05T20:12:28.832+0000][16.428s][info ][gc,phases   ] GC(30)   Merge Heap Roots: 0.2ms
[2026-02-05T20:12:28.832+0000][16.429s][info ][gc,phases   ] GC(30)   Evacuate Collection Set: 4.6ms
[2026-02-05T20:12:28.833+0000][16.429s][info ][gc,phases   ] GC(30)   Post Evacuate Collection Set: 0.9ms
[2026-02-05T20:12:28.833+0000][16.429s][info ][gc,phases   ] GC(30)   Other: 0.4ms
[2026-02-05T20:12:28.833+0000][16.430s][info ][gc,heap     ] GC(30) Eden regions: 1->0(73)
[2026-02-05T20:12:28.834+0000][16.430s][info ][gc,heap     ] GC(30) Survivor regions: 6->1(1)
[2026-02-05T20:12:28.834+0000][16.430s][info ][gc,heap     ] GC(30) Old regions: 29->34
[2026-02-05T20:12:28.834+0000][16.430s][info ][gc,heap     ] GC(30) Archive regions: 2->2
[2026-02-05T20:12:28.834+0000][16.431s][info ][gc,heap     ] GC(30) Humongous regions: 0->0
[2026-02-05T20:12:28.834+0000][16.431s][info ][gc,metaspace] GC(30) Metaspace: 63642K(64128K)->63642K(64128K) NonClass: 55529K(55808K)->55529K(55808K) Class: 8112K(8320K)->8112K(8320K)
[2026-02-05T20:12:28.835+0000][16.431s][info ][gc          ] GC(30) Pause Young (Mixed) (G1 Evacuation Pause) 71M->69M(254M) 9.370ms
[2026-02-05T20:12:28.835+0000][16.431s][info ][gc,cpu      ] GC(30) User=0.03s Sys=0.00s Real=0.00s
[2026-02-05T20:12:28.835+0000][16.431s][info ][safepoint   ] Safepoint "G1CollectForAllocation", Time since last: 6545548 ns, Reaching safepoint: 222309 ns, Cleanup: 4000 ns, At safepoint: 9733270 ns, Total: 9959579 ns
[2026-02-05T20:12:29.352+0000][16.949s][debug][safepoint   ] Safepoint synchronization initiated using futex wait barrier. (20 threads)
[2026-02-05T20:12:29.353+0000][16.949s][info ][gc,start    ] GC(31) Pause Young (Concurrent Start) (G1 Evacuation Pause)
[2026-02-05T20:12:29.353+0000][16.949s][info ][gc,task     ] GC(31) Using 6 workers of 10 for evacuation
[2026-02-05T20:12:29.357+0000][16.953s][info ][gc,phases   ] GC(31)   Pre Evacuate Collection Set: 0.2ms
[2026-02-05T20:12:29.357+0000][16.953s][info ][gc,phases   ] GC(31)   Merge Heap Roots: 0.1ms
[2026-02-05T20:12:29.357+0000][16.954s][info ][gc,phases   ] GC(31)   Evacuate Collection Set: 1.6ms
[2026-02-05T20:12:29.358+0000][16.954s][info ][gc,phases   ] GC(31)   Post Evacuate Collection Set: 1.0ms
[2026-02-05T20:12:29.358+0000][16.954s][info ][gc,phases   ] GC(31)   Other: 0.9ms
[2026-02-05T20:12:29.358+0000][16.954s][info ][gc,heap     ] GC(31) Eden regions: 73->0(73)
[2026-02-05T20:12:29.358+0000][16.955s][info ][gc,heap     ] GC(31) Survivor regions: 1->1(10)
[2026-02-05T20:12:29.359+0000][16.955s][info ][gc,heap     ] GC(31) Old regions: 34->34
[2026-02-05T20:12:29.359+0000][16.955s][info ][gc,heap     ] GC(31) Archive regions: 2->2
[2026-02-05T20:12:29.359+0000][16.956s][info ][gc,heap     ] GC(31) Humongous regions: 0->0
[2026-02-05T20:12:29.360+0000][16.956s][info ][gc,metaspace] GC(31) Metaspace: 67653K(68160K)->67653K(68160K) NonClass: 58947K(59200K)->58947K(59200K) Class: 8705K(8960K)->8705K(8960K)
[2026-02-05T20:12:29.360+0000][16.956s][info ][gc          ] GC(31) Pause Young (Concurrent Start) (G1 Evacuation Pause) 215M->69M(254M) 7.135ms
[2026-02-05T20:12:29.360+0000][16.957s][info ][gc,cpu      ] GC(31) User=0.03s Sys=0.00s Real=0.01s
[2026-02-05T20:12:29.361+0000][16.957s][info ][gc          ] GC(32) Concurrent Mark Cycle
[2026-02-05T20:12:29.362+0000][16.958s][info ][gc,marking  ] GC(32) Concurrent Clear Claimed Marks
[2026-02-05T20:12:29.361+0000][16.957s][info ][safepoint   ] Safepoint "G1CollectForAllocation", Time since last: 517229343 ns, Reaching safepoint: 404015 ns, Cleanup: 96104 ns, At safepoint: 7965803 ns, Total: 8465922 ns
[2026-02-05T20:12:29.362+0000][16.958s][info ][gc,marking  ] GC(32) Concurrent Clear Claimed Marks 0.285ms
[2026-02-05T20:12:29.363+0000][16.959s][info ][gc,marking  ] GC(32) Concurrent Scan Root Regions
[2026-02-05T20:12:29.364+0000][16.961s][info ][gc,marking  ] GC(32) Concurrent Scan Root Regions 1.795ms
[2026-02-05T20:12:29.365+0000][16.961s][info ][gc,marking  ] GC(32) Concurrent Mark
[2026-02-05T20:12:29.365+0000][16.961s][info ][gc,marking  ] GC(32) Concurrent Mark From Roots
[2026-02-05T20:12:29.365+0000][16.962s][info ][gc,task     ] GC(32) Using 3 workers of 3 for marking
[2026-02-05T20:12:29.406+0000][17.003s][info ][gc,marking  ] GC(32) Concurrent Mark From Roots 41.325ms
[2026-02-05T20:12:29.407+0000][17.003s][info ][gc,marking  ] GC(32) Concurrent Preclean
[2026-02-05T20:12:29.408+0000][17.004s][info ][gc,marking  ] GC(32) Concurrent Preclean 0.712ms
[2026-02-05T20:12:29.408+0000][17.004s][debug][safepoint   ] Safepoint synchronization initiated using futex wait barrier. (20 threads)
[2026-02-05T20:12:29.408+0000][17.005s][info ][gc,start    ] GC(32) Pause Remark
[2026-02-05T20:12:29.413+0000][17.009s][info ][gc          ] GC(32) Pause Remark 74M->74M(254M) 4.316ms
[2026-02-05T20:12:29.413+0000][17.009s][info ][gc,cpu      ] GC(32) User=0.03s Sys=0.00s Real=0.00s
[2026-02-05T20:12:29.413+0000][17.010s][info ][safepoint   ] Safepoint "G1PauseRemark", Time since last: 47228293 ns, Reaching safepoint: 374614 ns, Cleanup: 17401 ns, At safepoint: 5102594 ns, Total: 5494609 ns
[2026-02-05T20:12:29.414+0000][17.010s][info ][gc,marking  ] GC(32) Concurrent Mark 49.119ms
[2026-02-05T20:12:29.414+0000][17.011s][info ][gc,marking  ] GC(32) Concurrent Rebuild Remembered Sets
[2026-02-05T20:12:29.440+0000][17.036s][info ][gc,marking  ] GC(32) Concurrent Rebuild Remembered Sets 25.537ms
[2026-02-05T20:12:29.440+0000][17.036s][debug][safepoint   ] Safepoint synchronization initiated using futex wait barrier. (20 threads)
[2026-02-05T20:12:29.441+0000][17.037s][info ][gc,start    ] GC(32) Pause Cleanup
[2026-02-05T20:12:29.441+0000][17.037s][info ][gc          ] GC(32) Pause Cleanup 77M->77M(254M) 0.575ms
[2026-02-05T20:12:29.441+0000][17.038s][info ][gc,cpu      ] GC(32) User=0.00s Sys=0.00s Real=0.00s
[2026-02-05T20:12:29.442+0000][17.038s][info ][safepoint   ] Safepoint "G1PauseCleanup", Time since last: 26724915 ns, Reaching safepoint: 315612 ns, Cleanup: 21101 ns, At safepoint: 1462855 ns, Total: 1799568 ns
[2026-02-05T20:12:29.443+0000][17.039s][info ][gc,marking  ] GC(32) Concurrent Cleanup for Next Mark
[2026-02-05T20:12:29.444+0000][17.040s][info ][gc,marking  ] GC(32) Concurrent Cleanup for Next Mark 1.202ms
[2026-02-05T20:12:29.444+0000][17.041s][info ][gc          ] GC(32) Concurrent Mark Cycle 83.789ms
[2026-02-05T20:12:29.901+0000][17.497s][debug][safepoint   ] Safepoint synchronization initiated using futex wait barrier. (20 threads)
[2026-02-05T20:12:29.901+0000][17.497s][info ][safepoint   ] Safepoint "ICBufferFull", Time since last: 458605417 ns, Reaching safepoint: 326013 ns, Cleanup: 143605 ns, At safepoint: 4700 ns, Total: 474318 ns
[2026-02-05T20:12:30.239+0000][17.835s][debug][safepoint   ] Safepoint synchronization initiated using futex wait barrier. (20 threads)
[2026-02-05T20:12:30.239+0000][17.836s][info ][gc,start    ] GC(33) Pause Young (Prepare Mixed) (G1 Evacuation Pause)
[2026-02-05T20:12:30.239+0000][17.836s][info ][gc,task     ] GC(33) Using 6 workers of 10 for evacuation
[2026-02-05T20:12:30.244+0000][17.840s][info ][gc,phases   ] GC(33)   Pre Evacuate Collection Set: 0.1ms
[2026-02-05T20:12:30.244+0000][17.840s][info ][gc,phases   ] GC(33)   Merge Heap Roots: 0.1ms
[2026-02-05T20:12:30.244+0000][17.840s][info ][gc,phases   ] GC(33)   Evacuate Collection Set: 2.9ms
[2026-02-05T20:12:30.244+0000][17.841s][info ][gc,phases   ] GC(33)   Post Evacuate Collection Set: 0.9ms
[2026-02-05T20:12:30.244+0000][17.841s][info ][gc,phases   ] GC(33)   Other: 0.5ms
[2026-02-05T20:12:30.245+0000][17.841s][info ][gc,heap     ] GC(33) Eden regions: 73->0(3)
[2026-02-05T20:12:30.245+0000][17.841s][info ][gc,heap     ] GC(33) Survivor regions: 1->3(10)
[2026-02-05T20:12:30.245+0000][17.841s][info ][gc,heap     ] GC(33) Old regions: 34->34
[2026-02-05T20:12:30.245+0000][17.841s][info ][gc,heap     ] GC(33) Archive regions: 2->2
[2026-02-05T20:12:30.245+0000][17.841s][info ][gc,heap     ] GC(33) Humongous regions: 0->0
[2026-02-05T20:12:30.245+0000][17.842s][info ][gc,metaspace] GC(33) Metaspace: 71079K(71552K)->71079K(71552K) NonClass: 61965K(62208K)->61965K(62208K) Class: 9114K(9344K)->9114K(9344K)
[2026-02-05T20:12:30.245+0000][17.842s][info ][gc          ] GC(33) Pause Young (Prepare Mixed) (G1 Evacuation Pause) 215M->72M(254M) 6.212ms
[2026-02-05T20:12:30.246+0000][17.842s][info ][gc,cpu      ] GC(33) User=0.02s Sys=0.00s Real=0.01s
[2026-02-05T20:12:30.246+0000][17.842s][info ][safepoint   ] Safepoint "G1CollectForAllocation", Time since last: 337892933 ns, Reaching safepoint: 241409 ns, Cleanup: 23401 ns, At safepoint: 6700954 ns, Total: 6965764 ns
[2026-02-05T20:12:30.264+0000][17.860s][debug][safepoint   ] Safepoint synchronization initiated using futex wait barrier. (20 threads)
[2026-02-05T20:12:30.264+0000][17.861s][info ][gc,start    ] GC(34) Pause Young (Mixed) (G1 Evacuation Pause)
[2026-02-05T20:12:30.264+0000][17.861s][info ][gc,task     ] GC(34) Using 6 workers of 10 for evacuation
[2026-02-05T20:12:30.269+0000][17.866s][info ][gc,phases   ] GC(34)   Pre Evacuate Collection Set: 0.1ms
[2026-02-05T20:12:30.270+0000][17.866s][info ][gc,phases   ] GC(34)   Merge Heap Roots: 0.1ms
[2026-02-05T20:12:30.270+0000][17.866s][info ][gc,phases   ] GC(34)   Evacuate Collection Set: 3.6ms
[2026-02-05T20:12:30.270+0000][17.866s][info ][gc,phases   ] GC(34)   Post Evacuate Collection Set: 0.9ms
[2026-02-05T20:12:30.270+0000][17.866s][info ][gc,phases   ] GC(34)   Other: 0.4ms
[2026-02-05T20:12:30.270+0000][17.867s][info ][gc,heap     ] GC(34) Eden regions: 3->0(71)
[2026-02-05T20:12:30.270+0000][17.867s][info ][gc,heap     ] GC(34) Survivor regions: 3->1(1)
[2026-02-05T20:12:30.270+0000][17.867s][info ][gc,heap     ] GC(34) Old regions: 34->35
[2026-02-05T20:12:30.271+0000][17.867s][info ][gc,heap     ] GC(34) Archive regions: 2->2
[2026-02-05T20:12:30.271+0000][17.867s][info ][gc,heap     ] GC(34) Humongous regions: 0->0
[2026-02-05T20:12:30.271+0000][17.867s][info ][gc,metaspace] GC(34) Metaspace: 71186K(71680K)->71186K(71680K) NonClass: 62055K(62272K)->62055K(62272K) Class: 9130K(9408K)->9130K(9408K)
[2026-02-05T20:12:30.271+0000][17.867s][info ][gc          ] GC(34) Pause Young (Mixed) (G1 Evacuation Pause) 78M->71M(254M) 6.759ms
[2026-02-05T20:12:30.271+0000][17.867s][info ][gc,cpu      ] GC(34) User=0.02s Sys=0.00s Real=0.00s
[2026-02-05T20:12:30.271+0000][17.868s][info ][safepoint   ] Safepoint "G1CollectForAllocation", Time since last: 18055886 ns, Reaching safepoint: 239909 ns, Cleanup: 11400 ns, At safepoint: 7121771 ns, Total: 7373080 ns
[2026-02-05T20:12:30.367+0000][17.963s][debug][safepoint   ] Safepoint synchronization initiated using futex wait barrier. (20 threads)
[2026-02-05T20:12:30.367+0000][17.964s][info ][safepoint   ] Safepoint "ICBufferFull", Time since last: 95379822 ns, Reaching safepoint: 430717 ns, Cleanup: 69402 ns, At safepoint: 68203 ns, Total: 568322 ns
[2026-02-05T20:12:30.939+0000][18.535s][debug][safepoint   ] Safepoint synchronization initiated using futex wait barrier. (19 threads)
[2026-02-05T20:12:30.939+0000][18.535s][info ][gc,start    ] GC(35) Pause Young (Normal) (G1 Evacuation Pause)
[2026-02-05T20:12:30.939+0000][18.535s][info ][gc,task     ] GC(35) Using 6 workers of 10 for evacuation
[2026-02-05T20:12:30.943+0000][18.539s][info ][gc,phases   ] GC(35)   Pre Evacuate Collection Set: 0.2ms
[2026-02-05T20:12:30.943+0000][18.540s][info ][gc,phases   ] GC(35)   Merge Heap Roots: 0.2ms
[2026-02-05T20:12:30.944+0000][18.540s][info ][gc,phases   ] GC(35)   Evacuate Collection Set: 2.0ms
[2026-02-05T20:12:30.944+0000][18.540s][info ][gc,phases   ] GC(35)   Post Evacuate Collection Set: 1.1ms
[2026-02-05T20:12:30.944+0000][18.541s][info ][gc,phases   ] GC(35)   Other: 0.5ms
[2026-02-05T20:12:30.944+0000][18.541s][info ][gc,heap     ] GC(35) Eden regions: 71->0(72)
[2026-02-05T20:12:30.945+0000][18.541s][info ][gc,heap     ] GC(35) Survivor regions: 1->1(9)
[2026-02-05T20:12:30.945+0000][18.541s][info ][gc,heap     ] GC(35) Old regions: 35->35
[2026-02-05T20:12:30.945+0000][18.542s][info ][gc,heap     ] GC(35) Archive regions: 2->2
[2026-02-05T20:12:30.945+0000][18.542s][info ][gc,heap     ] GC(35) Humongous regions: 0->0
[2026-02-05T20:12:30.946+0000][18.542s][info ][gc,metaspace] GC(35) Metaspace: 76498K(76992K)->76498K(76992K) NonClass: 66585K(66816K)->66585K(66816K) Class: 9913K(10176K)->9913K(10176K)
[2026-02-05T20:12:30.946+0000][18.542s][info ][gc          ] GC(35) Pause Young (Normal) (G1 Evacuation Pause) 213M->72M(254M) 7.096ms
[2026-02-05T20:12:30.946+0000][18.542s][info ][gc,cpu      ] GC(35) User=0.02s Sys=0.00s Real=0.01s
[2026-02-05T20:12:30.946+0000][18.543s][info ][safepoint   ] Safepoint "G1CollectForAllocation", Time since last: 571262895 ns, Reaching safepoint: 262510 ns, Cleanup: 58803 ns, At safepoint: 7476183 ns, Total: 7797496 ns
[2026-02-05T20:12:31.355+0000][18.951s][debug][safepoint   ] Safepoint synchronization initiated using futex wait barrier. (20 threads)
[2026-02-05T20:12:31.355+0000][18.951s][info ][safepoint   ] Safepoint "ICBufferFull", Time since last: 408273806 ns, Reaching safepoint: 382514 ns, Cleanup: 67903 ns, At safepoint: 2300 ns, Total: 452717 ns
[2026-02-05T20:12:31.414+0000][19.011s][debug][safepoint   ] Safepoint synchronization initiated using futex wait barrier. (20 threads)
[2026-02-05T20:12:31.415+0000][19.011s][info ][safepoint   ] Safepoint "ICBufferFull", Time since last: 59140746 ns, Reaching safepoint: 429616 ns, Cleanup: 140506 ns, At safepoint: 49002 ns, Total: 619124 ns
[2026-02-05T20:12:31.482+0000][19.079s][debug][safepoint   ] Safepoint synchronization initiated using futex wait barrier. (20 threads)
[2026-02-05T20:12:31.483+0000][19.079s][info ][safepoint   ] Safepoint "ICBufferFull", Time since last: 67527864 ns, Reaching safepoint: 532220 ns, Cleanup: 114205 ns, At safepoint: 5600 ns, Total: 652025 ns
[2026-02-05T20:12:31.528+0000][19.124s][debug][safepoint   ] Safepoint synchronization initiated using futex wait barrier. (21 threads)
[2026-02-05T20:12:31.528+0000][19.124s][info ][gc,start    ] GC(36) Pause Young (Normal) (G1 Evacuation Pause)
[2026-02-05T20:12:31.528+0000][19.125s][info ][gc,task     ] GC(36) Using 6 workers of 10 for evacuation
[2026-02-05T20:12:31.532+0000][19.129s][info ][gc,phases   ] GC(36)   Pre Evacuate Collection Set: 0.2ms
[2026-02-05T20:12:31.533+0000][19.129s][info ][gc,phases   ] GC(36)   Merge Heap Roots: 0.2ms
[2026-02-05T20:12:31.533+0000][19.130s][info ][gc,phases   ] GC(36)   Evacuate Collection Set: 1.8ms
[2026-02-05T20:12:31.533+0000][19.130s][info ][gc,phases   ] GC(36)   Post Evacuate Collection Set: 1.4ms
[2026-02-05T20:12:31.534+0000][19.130s][info ][gc,phases   ] GC(36)   Other: 0.6ms
[2026-02-05T20:12:31.534+0000][19.130s][info ][gc,heap     ] GC(36) Eden regions: 72->0(71)
[2026-02-05T20:12:31.534+0000][19.131s][info ][gc,heap     ] GC(36) Survivor regions: 1->2(10)
[2026-02-05T20:12:31.534+0000][19.131s][info ][gc,heap     ] GC(36) Old regions: 35->35
[2026-02-05T20:12:31.535+0000][19.131s][info ][gc,heap     ] GC(36) Archive regions: 2->2
[2026-02-05T20:12:31.535+0000][19.131s][info ][gc,heap     ] GC(36) Humongous regions: 0->0
[2026-02-05T20:12:31.535+0000][19.131s][info ][gc,metaspace] GC(36) Metaspace: 79315K(79744K)->79315K(79744K) NonClass: 68928K(69120K)->68928K(69120K) Class: 10387K(10624K)->10387K(10624K)
[2026-02-05T20:12:31.535+0000][19.132s][info ][gc          ] GC(36) Pause Young (Normal) (G1 Evacuation Pause) 216M->73M(254M) 7.027ms
[2026-02-05T20:12:31.535+0000][19.132s][info ][gc,cpu      ] GC(36) User=0.02s Sys=0.00s Real=0.01s
[2026-02-05T20:12:31.536+0000][19.132s][info ][safepoint   ] Safepoint "G1CollectForAllocation", Time since last: 44617794 ns, Reaching safepoint: 489719 ns, Cleanup: 55002 ns, At safepoint: 7734494 ns, Total: 8279215 ns
[2026-02-05T20:12:31.622+0000][19.218s][debug][safepoint   ] Safepoint synchronization initiated using futex wait barrier. (21 threads)
[2026-02-05T20:12:31.622+0000][19.219s][info ][safepoint   ] Safepoint "ICBufferFull", Time since last: 86137771 ns, Reaching safepoint: 304912 ns, Cleanup: 81803 ns, At safepoint: 2500 ns, Total: 389215 ns
[2026-02-05T20:12:31.767+0000][19.363s][debug][safepoint   ] Safepoint synchronization initiated using futex wait barrier. (21 threads)
[2026-02-05T20:12:31.768+0000][19.364s][info ][safepoint   ] Safepoint "ICBufferFull", Time since last: 144718996 ns, Reaching safepoint: 381615 ns, Cleanup: 71302 ns, At safepoint: 35702 ns, Total: 488619 ns
[2026-02-05T20:12:31.889+0000][19.485s][debug][safepoint   ] Safepoint synchronization initiated using futex wait barrier. (21 threads)
[2026-02-05T20:12:31.891+0000][19.487s][info ][safepoint   ] Safepoint "ICBufferFull", Time since last: 121538416 ns, Reaching safepoint: 1396753 ns, Cleanup: 85303 ns, At safepoint: 51702 ns, Total: 1533758 ns
[2026-02-05T20:12:31.891+0000][19.487s][debug][safepoint   ] Safepoint synchronization initiated using futex wait barrier. (21 threads)
[2026-02-05T20:12:31.891+0000][19.488s][info ][safepoint   ] Safepoint "ICBufferFull", Time since last: 367914 ns, Reaching safepoint: 301011 ns, Cleanup: 7500 ns, At safepoint: 21301 ns, Total: 329812 ns
[2026-02-05T20:12:32.190+0000][19.786s][debug][safepoint   ] Safepoint synchronization initiated using futex wait barrier. (21 threads)
[2026-02-05T20:12:32.190+0000][19.787s][info ][safepoint   ] Safepoint "ICBufferFull", Time since last: 298518037 ns, Reaching safepoint: 339813 ns, Cleanup: 108804 ns, At safepoint: 41902 ns, Total: 490519 ns
[2026-02-05T20:12:32.281+0000][19.878s][debug][safepoint   ] Safepoint synchronization initiated using futex wait barrier. (21 threads)
[2026-02-05T20:12:32.282+0000][19.878s][info ][gc,start    ] GC(37) Pause Young (Normal) (G1 Evacuation Pause)
[2026-02-05T20:12:32.282+0000][19.878s][info ][gc,task     ] GC(37) Using 6 workers of 10 for evacuation
[2026-02-05T20:12:32.286+0000][19.883s][info ][gc,phases   ] GC(37)   Pre Evacuate Collection Set: 0.2ms
[2026-02-05T20:12:32.287+0000][19.883s][info ][gc,phases   ] GC(37)   Merge Heap Roots: 0.1ms
[2026-02-05T20:12:32.287+0000][19.883s][info ][gc,phases   ] GC(37)   Evacuate Collection Set: 2.7ms
[2026-02-05T20:12:32.287+0000][19.883s][info ][gc,phases   ] GC(37)   Post Evacuate Collection Set: 0.9ms
[2026-02-05T20:12:32.287+0000][19.884s][info ][gc,phases   ] GC(37)   Other: 0.6ms
[2026-02-05T20:12:32.287+0000][19.884s][info ][gc,heap     ] GC(37) Eden regions: 71->0(70)
[2026-02-05T20:12:32.288+0000][19.884s][info ][gc,heap     ] GC(37) Survivor regions: 2->3(10)
[2026-02-05T20:12:32.288+0000][19.884s][info ][gc,heap     ] GC(37) Old regions: 35->35
[2026-02-05T20:12:32.288+0000][19.884s][info ][gc,heap     ] GC(37) Archive regions: 2->2
[2026-02-05T20:12:32.288+0000][19.884s][info ][gc,heap     ] GC(37) Humongous regions: 0->0
[2026-02-05T20:12:32.288+0000][19.884s][info ][gc,metaspace] GC(37) Metaspace: 83079K(83648K)->83079K(83648K) NonClass: 72178K(72448K)->72178K(72448K) Class: 10901K(11200K)->10901K(11200K)
[2026-02-05T20:12:32.288+0000][19.885s][info ][gc          ] GC(37) Pause Young (Normal) (G1 Evacuation Pause) 215M->76M(254M) 6.558ms
[2026-02-05T20:12:32.289+0000][19.885s][info ][gc,cpu      ] GC(37) User=0.01s Sys=0.00s Real=0.01s
[2026-02-05T20:12:32.289+0000][19.885s][info ][safepoint   ] Safepoint "G1CollectForAllocation", Time since last: 90916453 ns, Reaching safepoint: 421016 ns, Cleanup: 68702 ns, At safepoint: 6907063 ns, Total: 7396781 ns
[2026-02-05T20:12:32.773+0000][20.369s][debug][safepoint   ] Safepoint synchronization initiated using futex wait barrier. (21 threads)
[2026-02-05T20:12:32.773+0000][20.370s][info ][safepoint   ] Safepoint "ICBufferFull", Time since last: 483878977 ns, Reaching safepoint: 562121 ns, Cleanup: 95904 ns, At safepoint: 39401 ns, Total: 697426 ns
[2026-02-05T20:12:32.993+0000][20.590s][debug][safepoint   ] Safepoint synchronization initiated using futex wait barrier. (21 threads)
[2026-02-05T20:12:32.994+0000][20.590s][info ][gc,start    ] GC(38) Pause Young (Normal) (G1 Evacuation Pause)
[2026-02-05T20:12:32.994+0000][20.590s][info ][gc,task     ] GC(38) Using 6 workers of 10 for evacuation
[2026-02-05T20:12:33.003+0000][20.599s][info ][gc,phases   ] GC(38)   Pre Evacuate Collection Set: 0.2ms
[2026-02-05T20:12:33.003+0000][20.599s][info ][gc,phases   ] GC(38)   Merge Heap Roots: 0.1ms
[2026-02-05T20:12:33.003+0000][20.600s][info ][gc,phases   ] GC(38)   Evacuate Collection Set: 6.4ms
[2026-02-05T20:12:33.004+0000][20.600s][info ][gc,phases   ] GC(38)   Post Evacuate Collection Set: 1.5ms
[2026-02-05T20:12:33.004+0000][20.600s][info ][gc,phases   ] GC(38)   Other: 0.5ms
[2026-02-05T20:12:33.004+0000][20.600s][info ][gc,heap     ] GC(38) Eden regions: 70->0(69)
[2026-02-05T20:12:33.004+0000][20.600s][info ][gc,heap     ] GC(38) Survivor regions: 3->4(10)
[2026-02-05T20:12:33.004+0000][20.601s][info ][gc,heap     ] GC(38) Old regions: 35->35
[2026-02-05T20:12:33.004+0000][20.601s][info ][gc,heap     ] GC(38) Archive regions: 2->2
[2026-02-05T20:12:33.005+0000][20.601s][info ][gc,heap     ] GC(38) Humongous regions: 0->0
[2026-02-05T20:12:33.005+0000][20.601s][info ][gc,metaspace] GC(38) Metaspace: 84855K(85376K)->84855K(85376K) NonClass: 73804K(74048K)->73804K(74048K) Class: 11050K(11328K)->11050K(11328K)
[2026-02-05T20:12:33.005+0000][20.601s][info ][gc          ] GC(38) Pause Young (Normal) (G1 Evacuation Pause) 216M->78M(254M) 11.243ms
[2026-02-05T20:12:33.005+0000][20.602s][info ][gc,cpu      ] GC(38) User=0.06s Sys=0.00s Real=0.02s
[2026-02-05T20:12:33.006+0000][20.602s][info ][safepoint   ] Safepoint "G1CollectForAllocation", Time since last: 220063258 ns, Reaching safepoint: 397015 ns, Cleanup: 86203 ns, At safepoint: 11853050 ns, Total: 12336268 ns
[2026-02-05T20:12:34.006+0000][21.603s][debug][safepoint   ] Safepoint synchronization initiated using futex wait barrier. (20 threads)
[2026-02-05T20:12:34.007+0000][21.603s][info ][safepoint   ] Safepoint "Cleanup", Time since last: 1000705405 ns, Reaching safepoint: 451517 ns, Cleanup: 80603 ns, At safepoint: 22001 ns, Total: 554121 ns
[2026-02-05T20:12:34.020+0000][21.616s][debug][safepoint   ] Safepoint synchronization initiated using futex wait barrier. (20 threads)
[2026-02-05T20:12:34.020+0000][21.616s][info ][gc,start    ] GC(39) Pause Young (Normal) (G1 Evacuation Pause)
[2026-02-05T20:12:34.020+0000][21.617s][info ][gc,task     ] GC(39) Using 6 workers of 10 for evacuation
[2026-02-05T20:12:34.030+0000][21.626s][info ][gc,phases   ] GC(39)   Pre Evacuate Collection Set: 0.1ms
[2026-02-05T20:12:34.030+0000][21.626s][info ][gc,phases   ] GC(39)   Merge Heap Roots: 0.1ms
[2026-02-05T20:12:34.031+0000][21.627s][info ][gc,phases   ] GC(39)   Evacuate Collection Set: 5.8ms
[2026-02-05T20:12:34.031+0000][21.627s][info ][gc,phases   ] GC(39)   Post Evacuate Collection Set: 2.6ms
[2026-02-05T20:12:34.031+0000][21.627s][info ][gc,phases   ] GC(39)   Other: 0.7ms
[2026-02-05T20:12:34.031+0000][21.628s][info ][gc,heap     ] GC(39) Eden regions: 69->0(153)
[2026-02-05T20:12:34.032+0000][21.628s][info ][gc,heap     ] GC(39) Survivor regions: 4->6(10)
[2026-02-05T20:12:34.032+0000][21.628s][info ][gc,heap     ] GC(39) Old regions: 35->35
[2026-02-05T20:12:34.032+0000][21.628s][info ][gc,heap     ] GC(39) Archive regions: 2->2
[2026-02-05T20:12:34.032+0000][21.629s][info ][gc,heap     ] GC(39) Humongous regions: 0->0
[2026-02-05T20:12:34.033+0000][21.629s][info ][gc,metaspace] GC(39) Metaspace: 87570K(88128K)->87570K(88128K) NonClass: 76320K(76608K)->76320K(76608K) Class: 11249K(11520K)->11249K(11520K)
[2026-02-05T20:12:34.033+0000][21.629s][info ][gc          ] GC(39) Pause Young (Normal) (G1 Evacuation Pause) 216M->82M(530M) 12.658ms
[2026-02-05T20:12:34.033+0000][21.629s][info ][gc,cpu      ] GC(39) User=0.04s Sys=0.00s Real=0.01s
[2026-02-05T20:12:34.033+0000][21.630s][info ][safepoint   ] Safepoint "G1CollectForAllocation", Time since last: 12789886 ns, Reaching safepoint: 372114 ns, Cleanup: 10500 ns, At safepoint: 13310306 ns, Total: 13692920 ns
[2026-02-05T20:12:34.740+0000][22.336s][debug][safepoint   ] ... found polling page loop exception at pc = 0x000070855152a1f4, stub =0x0000708550b10400
[2026-02-05T20:12:34.947+0000][22.544s][debug][safepoint   ] ... found polling page loop exception at pc = 0x000070855158d6e3, stub =0x0000708550b10400
[2026-02-05T20:12:34.960+0000][22.556s][debug][safepoint   ] Safepoint synchronization initiated using futex wait barrier. (24 threads)
[2026-02-05T20:12:34.961+0000][22.557s][info ][safepoint   ] Safepoint "ICBufferFull", Time since last: 926543796 ns, Reaching safepoint: 561321 ns, Cleanup: 128205 ns, At safepoint: 20701 ns, Total: 710227 ns
[2026-02-05T20:12:35.902+0000][23.499s][debug][safepoint   ] Safepoint synchronization initiated using futex wait barrier. (24 threads)
[2026-02-05T20:12:35.903+0000][23.499s][info ][safepoint   ] Safepoint "ICBufferFull", Time since last: 941791715 ns, Reaching safepoint: 386314 ns, Cleanup: 96504 ns, At safepoint: 20001 ns, Total: 502819 ns
[2026-02-05T20:12:36.289+0000][23.885s][debug][safepoint   ] Safepoint synchronization initiated using futex wait barrier. (25 threads)
[2026-02-05T20:12:36.289+0000][23.886s][info ][gc,start    ] GC(40) Pause Young (Normal) (G1 Evacuation Pause)
[2026-02-05T20:12:36.290+0000][23.886s][info ][gc,task     ] GC(40) Using 10 workers of 10 for evacuation
[2026-02-05T20:12:36.301+0000][23.897s][info ][gc,phases   ] GC(40)   Pre Evacuate Collection Set: 0.3ms
[2026-02-05T20:12:36.301+0000][23.898s][info ][gc,phases   ] GC(40)   Merge Heap Roots: 0.2ms
[2026-02-05T20:12:36.302+0000][23.898s][info ][gc,phases   ] GC(40)   Evacuate Collection Set: 7.9ms
[2026-02-05T20:12:36.302+0000][23.898s][info ][gc,phases   ] GC(40)   Post Evacuate Collection Set: 2.3ms
[2026-02-05T20:12:36.302+0000][23.899s][info ][gc,phases   ] GC(40)   Other: 0.8ms
[2026-02-05T20:12:36.303+0000][23.899s][info ][gc,heap     ] GC(40) Eden regions: 153->0(149)
[2026-02-05T20:12:36.303+0000][23.899s][info ][gc,heap     ] GC(40) Survivor regions: 6->10(20)
[2026-02-05T20:12:36.303+0000][23.900s][info ][gc,heap     ] GC(40) Old regions: 35->35
[2026-02-05T20:12:36.304+0000][23.900s][info ][gc,heap     ] GC(40) Archive regions: 2->2
[2026-02-05T20:12:36.304+0000][23.900s][info ][gc,heap     ] GC(40) Humongous regions: 0->0
[2026-02-05T20:12:36.304+0000][23.900s][info ][gc,metaspace] GC(40) Metaspace: 95699K(96256K)->95699K(96256K) NonClass: 83160K(83456K)->83160K(83456K) Class: 12539K(12800K)->12539K(12800K)
[2026-02-05T20:12:36.304+0000][23.901s][info ][gc          ] GC(40) Pause Young (Normal) (G1 Evacuation Pause) 388M->89M(530M) 15.011ms
[2026-02-05T20:12:36.305+0000][23.901s][info ][gc,cpu      ] GC(40) User=0.11s Sys=0.00s Real=0.02s
[2026-02-05T20:12:36.305+0000][23.901s][info ][safepoint   ] Safepoint "G1CollectForAllocation", Time since last: 385834249 ns, Reaching safepoint: 441317 ns, Cleanup: 75603 ns, At safepoint: 15511985 ns, Total: 16028905 ns
[2026-02-05T20:12:37.053+0000][24.649s][debug][safepoint   ] Safepoint synchronization initiated using futex wait barrier. (26 threads)
[2026-02-05T20:12:37.053+0000][24.650s][info ][safepoint   ] Safepoint "ICBufferFull", Time since last: 748058108 ns, Reaching safepoint: 385315 ns, Cleanup: 137205 ns, At safepoint: 3000 ns, Total: 525520 ns
[2026-02-05T20:12:37.847+0000][25.443s][debug][safepoint   ] Safepoint synchronization initiated using futex wait barrier. (76 threads)
[2026-02-05T20:12:37.847+0000][25.443s][info ][gc,start    ] GC(41) Pause Young (Normal) (G1 Evacuation Pause)
[2026-02-05T20:12:37.847+0000][25.444s][info ][gc,task     ] GC(41) Using 10 workers of 10 for evacuation
[2026-02-05T20:12:37.859+0000][25.455s][info ][gc,phases   ] GC(41)   Pre Evacuate Collection Set: 0.2ms
[2026-02-05T20:12:37.859+0000][25.455s][info ][gc,phases   ] GC(41)   Merge Heap Roots: 0.2ms
[2026-02-05T20:12:37.859+0000][25.455s][info ][gc,phases   ] GC(41)   Evacuate Collection Set: 8.7ms
[2026-02-05T20:12:37.859+0000][25.456s][info ][gc,phases   ] GC(41)   Post Evacuate Collection Set: 1.8ms
[2026-02-05T20:12:37.859+0000][25.456s][info ][gc,phases   ] GC(41)   Other: 0.6ms
[2026-02-05T20:12:37.860+0000][25.456s][info ][gc,heap     ] GC(41) Eden regions: 149->0(147)
[2026-02-05T20:12:37.860+0000][25.456s][info ][gc,heap     ] GC(41) Survivor regions: 10->12(20)
[2026-02-05T20:12:37.860+0000][25.456s][info ][gc,heap     ] GC(41) Old regions: 35->35
[2026-02-05T20:12:37.860+0000][25.456s][info ][gc,heap     ] GC(41) Archive regions: 2->2
[2026-02-05T20:12:37.860+0000][25.457s][info ][gc,heap     ] GC(41) Humongous regions: 0->0
[2026-02-05T20:12:37.860+0000][25.457s][info ][gc,metaspace] GC(41) Metaspace: 103251K(103936K)->103251K(103936K) NonClass: 89696K(90048K)->89696K(90048K) Class: 13555K(13888K)->13555K(13888K)
[2026-02-05T20:12:37.860+0000][25.457s][info ][gc          ] GC(41) Pause Young (Normal) (G1 Evacuation Pause) 387M->93M(530M) 13.360ms
[2026-02-05T20:12:37.861+0000][25.457s][info ][gc,cpu      ] GC(41) User=0.12s Sys=0.00s Real=0.01s
[2026-02-05T20:12:37.861+0000][25.457s][info ][safepoint   ] Safepoint "G1CollectForAllocation", Time since last: 793305315 ns, Reaching safepoint: 293712 ns, Cleanup: 62602 ns, At safepoint: 13766019 ns, Total: 14122333 ns
[2026-02-05T20:12:39.094+0000][26.690s][debug][safepoint   ] Safepoint synchronization initiated using futex wait barrier. (81 threads)
[2026-02-05T20:12:39.095+0000][26.691s][info ][safepoint   ] Safepoint "Cleanup", Time since last: 1233128801 ns, Reaching safepoint: 550220 ns, Cleanup: 151306 ns, At safepoint: 46802 ns, Total: 748328 ns
[2026-02-05T20:12:39.843+0000][27.439s][debug][safepoint   ] Safepoint synchronization initiated using futex wait barrier. (87 threads)
[2026-02-05T20:12:39.843+0000][27.439s][info ][gc,start    ] GC(42) Pause Young (Normal) (G1 Evacuation Pause)
[2026-02-05T20:12:39.843+0000][27.440s][info ][gc,task     ] GC(42) Using 10 workers of 10 for evacuation
[2026-02-05T20:12:39.858+0000][27.454s][info ][gc,phases   ] GC(42)   Pre Evacuate Collection Set: 0.4ms
[2026-02-05T20:12:39.858+0000][27.454s][info ][gc,phases   ] GC(42)   Merge Heap Roots: 0.3ms
[2026-02-05T20:12:39.858+0000][27.455s][info ][gc,phases   ] GC(42)   Evacuate Collection Set: 10.5ms
[2026-02-05T20:12:39.859+0000][27.455s][info ][gc,phases   ] GC(42)   Post Evacuate Collection Set: 2.7ms
[2026-02-05T20:12:39.859+0000][27.455s][info ][gc,phases   ] GC(42)   Other: 0.6ms
[2026-02-05T20:12:39.859+0000][27.455s][info ][gc,heap     ] GC(42) Eden regions: 147->0(145)
[2026-02-05T20:12:39.859+0000][27.455s][info ][gc,heap     ] GC(42) Survivor regions: 12->14(20)
[2026-02-05T20:12:39.859+0000][27.456s][info ][gc,heap     ] GC(42) Old regions: 35->36
[2026-02-05T20:12:39.859+0000][27.456s][info ][gc,heap     ] GC(42) Archive regions: 2->2
[2026-02-05T20:12:39.860+0000][27.456s][info ][gc,heap     ] GC(42) Humongous regions: 0->0
[2026-02-05T20:12:39.860+0000][27.456s][info ][gc,metaspace] GC(42) Metaspace: 109289K(109952K)->109289K(109952K) NonClass: 95051K(95424K)->95051K(95424K) Class: 14238K(14528K)->14238K(14528K)
[2026-02-05T20:12:39.860+0000][27.456s][info ][gc          ] GC(42) Pause Young (Normal) (G1 Evacuation Pause) 387M->100M(530M) 16.687ms
[2026-02-05T20:12:39.860+0000][27.456s][info ][gc,cpu      ] GC(42) User=0.12s Sys=0.01s Real=0.02s
[2026-02-05T20:12:39.860+0000][27.457s][info ][safepoint   ] Safepoint "G1CollectForAllocation", Time since last: 747938704 ns, Reaching safepoint: 337713 ns, Cleanup: 96804 ns, At safepoint: 17120145 ns, Total: 17554662 ns
[2026-02-05T20:12:40.832+0000][28.428s][debug][safepoint   ] Safepoint synchronization initiated using futex wait barrier. (91 threads)
[2026-02-05T20:12:40.832+0000][28.428s][info ][gc,start    ] GC(43) Pause Young (Concurrent Start) (Metadata GC Threshold)
[2026-02-05T20:12:40.832+0000][28.429s][info ][gc,task     ] GC(43) Using 10 workers of 10 for evacuation
[2026-02-05T20:12:40.844+0000][28.441s][info ][gc,phases   ] GC(43)   Pre Evacuate Collection Set: 0.3ms
[2026-02-05T20:12:40.845+0000][28.441s][info ][gc,phases   ] GC(43)   Merge Heap Roots: 0.2ms
[2026-02-05T20:12:40.845+0000][28.442s][info ][gc,phases   ] GC(43)   Evacuate Collection Set: 9.2ms
[2026-02-05T20:12:40.846+0000][28.442s][info ][gc,phases   ] GC(43)   Post Evacuate Collection Set: 2.0ms
[2026-02-05T20:12:40.846+0000][28.443s][info ][gc,phases   ] GC(43)   Other: 0.7ms
[2026-02-05T20:12:40.847+0000][28.443s][info ][gc,heap     ] GC(43) Eden regions: 77->0(147)
[2026-02-05T20:12:40.847+0000][28.443s][info ][gc,heap     ] GC(43) Survivor regions: 14->12(20)
[2026-02-05T20:12:40.847+0000][28.444s][info ][gc,heap     ] GC(43) Old regions: 36->40
[2026-02-05T20:12:40.848+0000][28.444s][info ][gc,heap     ] GC(43) Archive regions: 2->2
[2026-02-05T20:12:40.848+0000][28.444s][info ][gc,heap     ] GC(43) Humongous regions: 0->0
[2026-02-05T20:12:40.848+0000][28.445s][info ][gc,metaspace] GC(43) Metaspace: 113077K(113728K)->113077K(113728K) NonClass: 98442K(98752K)->98442K(98752K) Class: 14634K(14976K)->14634K(14976K)
[2026-02-05T20:12:40.848+0000][28.445s][info ][gc          ] GC(43) Pause Young (Concurrent Start) (Metadata GC Threshold) 254M->104M(530M) 16.354ms
[2026-02-05T20:12:40.849+0000][28.445s][info ][gc,cpu      ] GC(43) User=0.11s Sys=0.00s Real=0.02s
[2026-02-05T20:12:40.849+0000][28.445s][info ][gc          ] GC(44) Concurrent Mark Cycle
[2026-02-05T20:12:40.849+0000][28.446s][info ][gc,marking  ] GC(44) Concurrent Clear Claimed Marks
[2026-02-05T20:12:40.849+0000][28.445s][info ][safepoint   ] Safepoint "CollectForMetadataAllocation", Time since last: 971400931 ns, Reaching safepoint: 383515 ns, Cleanup: 77903 ns, At safepoint: 17079744 ns, Total: 17541162 ns
[2026-02-05T20:12:40.850+0000][28.446s][info ][gc,marking  ] GC(44) Concurrent Clear Claimed Marks 0.343ms
[2026-02-05T20:12:40.851+0000][28.447s][info ][gc,marking  ] GC(44) Concurrent Scan Root Regions
[2026-02-05T20:12:40.860+0000][28.456s][info ][gc,marking  ] GC(44) Concurrent Scan Root Regions 9.356ms
[2026-02-05T20:12:40.860+0000][28.457s][info ][gc,marking  ] GC(44) Concurrent Mark
[2026-02-05T20:12:40.861+0000][28.457s][info ][gc,marking  ] GC(44) Concurrent Mark From Roots
[2026-02-05T20:12:40.861+0000][28.457s][info ][gc,task     ] GC(44) Using 3 workers of 3 for marking
[2026-02-05T20:12:40.898+0000][28.495s][info ][gc,marking  ] GC(44) Concurrent Mark From Roots 37.735ms
[2026-02-05T20:12:40.899+0000][28.495s][info ][gc,marking  ] GC(44) Concurrent Preclean
[2026-02-05T20:12:40.899+0000][28.496s][info ][gc,marking  ] GC(44) Concurrent Preclean 0.581ms
[2026-02-05T20:12:40.900+0000][28.496s][debug][safepoint   ] Safepoint synchronization initiated using futex wait barrier. (91 threads)
[2026-02-05T20:12:40.900+0000][28.496s][info ][gc,start    ] GC(44) Pause Remark
[2026-02-05T20:12:40.905+0000][28.502s][info ][gc          ] GC(44) Pause Remark 113M->113M(394M) 5.113ms
[2026-02-05T20:12:40.906+0000][28.502s][info ][gc,cpu      ] GC(44) User=0.03s Sys=0.00s Real=0.01s
[2026-02-05T20:12:40.906+0000][28.502s][info ][safepoint   ] Safepoint "G1PauseRemark", Time since last: 50551206 ns, Reaching safepoint: 307612 ns, Cleanup: 77803 ns, At safepoint: 5827719 ns, Total: 6213134 ns
[2026-02-05T20:12:40.906+0000][28.503s][info ][gc,marking  ] GC(44) Concurrent Mark 45.976ms
[2026-02-05T20:12:40.906+0000][28.503s][info ][gc,marking  ] GC(44) Concurrent Rebuild Remembered Sets
[2026-02-05T20:12:40.932+0000][28.528s][info ][gc,marking  ] GC(44) Concurrent Rebuild Remembered Sets 25.477ms
[2026-02-05T20:12:40.932+0000][28.529s][debug][safepoint   ] Safepoint synchronization initiated using futex wait barrier. (91 threads)
[2026-02-05T20:12:40.933+0000][28.529s][info ][gc,start    ] GC(44) Pause Cleanup
[2026-02-05T20:12:40.933+0000][28.529s][info ][gc          ] GC(44) Pause Cleanup 123M->123M(394M) 0.538ms
[2026-02-05T20:12:40.933+0000][28.530s][info ][gc,cpu      ] GC(44) User=0.00s Sys=0.00s Real=0.00s
[2026-02-05T20:12:40.934+0000][28.530s][info ][safepoint   ] Safepoint "G1PauseCleanup", Time since last: 26288192 ns, Reaching safepoint: 278810 ns, Cleanup: 15501 ns, At safepoint: 1265647 ns, Total: 1559958 ns
[2026-02-05T20:12:40.934+0000][28.530s][info ][gc,marking  ] GC(44) Concurrent Cleanup for Next Mark
[2026-02-05T20:12:40.935+0000][28.531s][info ][gc,marking  ] GC(44) Concurrent Cleanup for Next Mark 1.026ms
[2026-02-05T20:12:40.935+0000][28.532s][info ][gc          ] GC(44) Concurrent Mark Cycle 86.314ms
[2026-02-05T20:12:41.271+0000][28.868s][debug][safepoint   ] Safepoint synchronization initiated using futex wait barrier. (91 threads)
[2026-02-05T20:12:41.272+0000][28.868s][info ][safepoint   ] Safepoint "ICBufferFull", Time since last: 337629732 ns, Reaching safepoint: 250610 ns, Cleanup: 88403 ns, At safepoint: 3000 ns, Total: 342013 ns
[2026-02-05T20:12:41.804+0000][29.400s][debug][safepoint   ] Safepoint synchronization initiated using futex wait barrier. (91 threads)
[2026-02-05T20:12:41.805+0000][29.401s][info ][safepoint   ] Safepoint "ICBufferFull", Time since last: 532412677 ns, Reaching safepoint: 251210 ns, Cleanup: 126704 ns, At safepoint: 21501 ns, Total: 399415 ns
[2026-02-05T20:12:42.583+0000][30.179s][debug][safepoint   ] Safepoint synchronization initiated using futex wait barrier. (92 threads)
[2026-02-05T20:12:42.583+0000][30.179s][info ][gc,start    ] GC(45) Pause Young (Prepare Mixed) (G1 Evacuation Pause)
[2026-02-05T20:12:42.583+0000][30.180s][info ][gc,task     ] GC(45) Using 10 workers of 10 for evacuation
[2026-02-05T20:12:42.598+0000][30.195s][info ][gc,phases   ] GC(45)   Pre Evacuate Collection Set: 0.3ms
[2026-02-05T20:12:42.599+0000][30.195s][info ][gc,phases   ] GC(45)   Merge Heap Roots: 0.2ms
[2026-02-05T20:12:42.599+0000][30.195s][info ][gc,phases   ] GC(45)   Evacuate Collection Set: 11.8ms
[2026-02-05T20:12:42.599+0000][30.196s][info ][gc,phases   ] GC(45)   Post Evacuate Collection Set: 2.1ms
[2026-02-05T20:12:42.600+0000][30.196s][info ][gc,phases   ] GC(45)   Other: 0.9ms
[2026-02-05T20:12:42.600+0000][30.196s][info ][gc,heap     ] GC(45) Eden regions: 106->0(1)
[2026-02-05T20:12:42.600+0000][30.197s][info ][gc,heap     ] GC(45) Survivor regions: 12->11(15)
[2026-02-05T20:12:42.601+0000][30.197s][info ][gc,heap     ] GC(45) Old regions: 40->44
[2026-02-05T20:12:42.601+0000][30.197s][info ][gc,heap     ] GC(45) Archive regions: 2->2
[2026-02-05T20:12:42.601+0000][30.198s][info ][gc,heap     ] GC(45) Humongous regions: 0->0
[2026-02-05T20:12:42.602+0000][30.198s][info ][gc,metaspace] GC(45) Metaspace: 116708K(117376K)->116708K(117376K) NonClass: 101663K(102016K)->101663K(102016K) Class: 15044K(15360K)->15044K(15360K)
[2026-02-05T20:12:42.602+0000][30.198s][info ][gc          ] GC(45) Pause Young (Prepare Mixed) (G1 Evacuation Pause) 316M->108M(394M) 18.707ms
[2026-02-05T20:12:42.602+0000][30.199s][info ][gc,cpu      ] GC(45) User=0.12s Sys=0.00s Real=0.02s
[2026-02-05T20:12:42.603+0000][30.199s][info ][safepoint   ] Safepoint "G1CollectForAllocation", Time since last: 777953908 ns, Reaching safepoint: 389113 ns, Cleanup: 145605 ns, At safepoint: 19517869 ns, Total: 20052587 ns
[2026-02-05T20:12:42.620+0000][30.217s][debug][safepoint   ] Safepoint synchronization initiated using futex wait barrier. (92 threads)
[2026-02-05T20:12:42.620+0000][30.217s][info ][gc,start    ] GC(46) Pause Young (Mixed) (G1 Evacuation Pause)
[2026-02-05T20:12:42.621+0000][30.217s][info ][gc,task     ] GC(46) Using 10 workers of 10 for evacuation
[2026-02-05T20:12:42.631+0000][30.228s][info ][gc,phases   ] GC(46)   Pre Evacuate Collection Set: 0.3ms
[2026-02-05T20:12:42.632+0000][30.228s][info ][gc,phases   ] GC(46)   Merge Heap Roots: 0.2ms
[2026-02-05T20:12:42.632+0000][30.228s][info ][gc,phases   ] GC(46)   Evacuate Collection Set: 8.7ms
[2026-02-05T20:12:42.632+0000][30.229s][info ][gc,phases   ] GC(46)   Post Evacuate Collection Set: 1.4ms
[2026-02-05T20:12:42.633+0000][30.229s][info ][gc,phases   ] GC(46)   Other: 0.5ms
[2026-02-05T20:12:42.633+0000][30.229s][info ][gc,heap     ] GC(46) Eden regions: 1->0(112)
[2026-02-05T20:12:42.633+0000][30.230s][info ][gc,heap     ] GC(46) Survivor regions: 11->2(2)
[2026-02-05T20:12:42.633+0000][30.230s][info ][gc,heap     ] GC(46) Old regions: 44->53
[2026-02-05T20:12:42.634+0000][30.230s][info ][gc,heap     ] GC(46) Archive regions: 2->2
[2026-02-05T20:12:42.634+0000][30.230s][info ][gc,heap     ] GC(46) Humongous regions: 0->0
[2026-02-05T20:12:42.634+0000][30.230s][info ][gc,metaspace] GC(46) Metaspace: 116738K(117376K)->116738K(117376K) NonClass: 101687K(102016K)->101687K(102016K) Class: 15050K(15360K)->15050K(15360K)
[2026-02-05T20:12:42.634+0000][30.231s][info ][gc          ] GC(46) Pause Young (Mixed) (G1 Evacuation Pause) 110M->109M(394M) 13.909ms
[2026-02-05T20:12:42.635+0000][30.231s][info ][gc,cpu      ] GC(46) User=0.08s Sys=0.00s Real=0.01s
[2026-02-05T20:12:42.635+0000][30.231s][info ][safepoint   ] Safepoint "G1CollectForAllocation", Time since last: 17633003 ns, Reaching safepoint: 187107 ns, Cleanup: 10800 ns, At safepoint: 14437095 ns, Total: 14635002 ns
[2026-02-05T20:12:43.593+0000][31.189s][debug][safepoint   ] Safepoint synchronization initiated using futex wait barrier. (97 threads)
[2026-02-05T20:12:43.594+0000][31.190s][info ][safepoint   ] Safepoint "ICBufferFull", Time since last: 957733301 ns, Reaching safepoint: 570520 ns, Cleanup: 408114 ns, At safepoint: 57802 ns, Total: 1036436 ns
[2026-02-05T20:12:44.003+0000][31.599s][debug][safepoint   ] Safepoint synchronization initiated using futex wait barrier. (95 threads)
[2026-02-05T20:12:44.003+0000][31.599s][info ][gc,start    ] GC(47) Pause Young (Normal) (G1 Evacuation Pause)
[2026-02-05T20:12:44.003+0000][31.600s][info ][gc,task     ] GC(47) Using 10 workers of 10 for evacuation
[2026-02-05T20:12:44.009+0000][31.605s][info ][gc,phases   ] GC(47)   Pre Evacuate Collection Set: 0.3ms
[2026-02-05T20:12:44.010+0000][31.606s][info ][gc,phases   ] GC(47)   Merge Heap Roots: 0.2ms
[2026-02-05T20:12:44.010+0000][31.606s][info ][gc,phases   ] GC(47)   Evacuate Collection Set: 3.8ms
[2026-02-05T20:12:44.010+0000][31.606s][info ][gc,phases   ] GC(47)   Post Evacuate Collection Set: 1.4ms
[2026-02-05T20:12:44.010+0000][31.606s][info ][gc,phases   ] GC(47)   Other: 0.5ms
[2026-02-05T20:12:44.010+0000][31.607s][info ][gc,heap     ] GC(47) Eden regions: 112->0(109)
[2026-02-05T20:12:44.011+0000][31.607s][info ][gc,heap     ] GC(47) Survivor regions: 2->4(15)
[2026-02-05T20:12:44.011+0000][31.607s][info ][gc,heap     ] GC(47) Old regions: 53->53
[2026-02-05T20:12:44.011+0000][31.607s][info ][gc,heap     ] GC(47) Archive regions: 2->2
[2026-02-05T20:12:44.011+0000][31.608s][info ][gc,heap     ] GC(47) Humongous regions: 0->0
[2026-02-05T20:12:44.012+0000][31.608s][info ][gc,metaspace] GC(47) Metaspace: 125332K(126336K)->125332K(126336K) NonClass: 109236K(109760K)->109236K(109760K) Class: 16095K(16576K)->16095K(16576K)
[2026-02-05T20:12:44.012+0000][31.608s][info ][gc          ] GC(47) Pause Young (Normal) (G1 Evacuation Pause) 333M->112M(394M) 8.692ms
[2026-02-05T20:12:44.013+0000][31.609s][info ][gc,cpu      ] GC(47) User=0.04s Sys=0.01s Real=0.01s
[2026-02-05T20:12:44.013+0000][31.610s][info ][safepoint   ] Safepoint "G1CollectForAllocation", Time since last: 408999607 ns, Reaching safepoint: 353712 ns, Cleanup: 71603 ns, At safepoint: 10180749 ns, Total: 10606064 ns
[2026-02-05T20:12:45.168+0000][32.764s][debug][safepoint   ] Safepoint synchronization initiated using futex wait barrier. (103 threads)
[2026-02-05T20:12:45.168+0000][32.765s][info ][gc,start    ] GC(48) Pause Young (Normal) (G1 Evacuation Pause)
[2026-02-05T20:12:45.169+0000][32.765s][info ][gc,task     ] GC(48) Using 10 workers of 10 for evacuation
[2026-02-05T20:12:45.176+0000][32.772s][info ][gc,phases   ] GC(48)   Pre Evacuate Collection Set: 0.4ms
[2026-02-05T20:12:45.176+0000][32.773s][info ][gc,phases   ] GC(48)   Merge Heap Roots: 0.3ms
[2026-02-05T20:12:45.177+0000][32.773s][info ][gc,phases   ] GC(48)   Evacuate Collection Set: 4.2ms
[2026-02-05T20:12:45.177+0000][32.773s][info ][gc,phases   ] GC(48)   Post Evacuate Collection Set: 2.1ms
[2026-02-05T20:12:45.177+0000][32.774s][info ][gc,phases   ] GC(48)   Other: 0.5ms
[2026-02-05T20:12:45.178+0000][32.774s][info ][gc,heap     ] GC(48) Eden regions: 109->0(109)
[2026-02-05T20:12:45.178+0000][32.775s][info ][gc,heap     ] GC(48) Survivor regions: 4->5(15)
[2026-02-05T20:12:45.178+0000][32.775s][info ][gc,heap     ] GC(48) Old regions: 53->53
[2026-02-05T20:12:45.179+0000][32.775s][info ][gc,heap     ] GC(48) Archive regions: 2->2
[2026-02-05T20:12:45.179+0000][32.775s][info ][gc,heap     ] GC(48) Humongous regions: 0->0
[2026-02-05T20:12:45.179+0000][32.775s][info ][gc,metaspace] GC(48) Metaspace: 133084K(134080K)->133084K(134080K) NonClass: 116209K(116736K)->116209K(116736K) Class: 16874K(17344K)->16874K(17344K)
[2026-02-05T20:12:45.179+0000][32.776s][info ][gc          ] GC(48) Pause Young (Normal) (G1 Evacuation Pause) 330M->115M(394M) 10.842ms
[2026-02-05T20:12:45.180+0000][32.776s][info ][gc,cpu      ] GC(48) User=0.04s Sys=0.01s Real=0.01s
[2026-02-05T20:12:45.180+0000][32.776s][info ][safepoint   ] Safepoint "G1CollectForAllocation", Time since last: 1154621544 ns, Reaching safepoint: 385013 ns, Cleanup: 105004 ns, At safepoint: 11726001 ns, Total: 12216018 ns
[2026-02-05T20:12:46.232+0000][33.829s][debug][safepoint   ] Safepoint synchronization initiated using futex wait barrier. (116 threads)
[2026-02-05T20:12:46.233+0000][33.829s][info ][gc,start    ] GC(49) Pause Young (Normal) (G1 Evacuation Pause)
[2026-02-05T20:12:46.233+0000][33.829s][info ][gc,task     ] GC(49) Using 10 workers of 10 for evacuation
[2026-02-05T20:12:46.242+0000][33.839s][info ][gc,phases   ] GC(49)   Pre Evacuate Collection Set: 0.2ms
[2026-02-05T20:12:46.243+0000][33.839s][info ][gc,phases   ] GC(49)   Merge Heap Roots: 0.2ms
[2026-02-05T20:12:46.243+0000][33.839s][info ][gc,phases   ] GC(49)   Evacuate Collection Set: 6.5ms
[2026-02-05T20:12:46.243+0000][33.840s][info ][gc,phases   ] GC(49)   Post Evacuate Collection Set: 2.0ms
[2026-02-05T20:12:46.244+0000][33.840s][info ][gc,phases   ] GC(49)   Other: 0.6ms
[2026-02-05T20:12:46.244+0000][33.840s][info ][gc,heap     ] GC(49) Eden regions: 109->0(104)
[2026-02-05T20:12:46.244+0000][33.841s][info ][gc,heap     ] GC(49) Survivor regions: 5->9(15)
[2026-02-05T20:12:46.244+0000][33.841s][info ][gc,heap     ] GC(49) Old regions: 53->53
[2026-02-05T20:12:46.245+0000][33.841s][info ][gc,heap     ] GC(49) Archive regions: 2->2
[2026-02-05T20:12:46.245+0000][33.841s][info ][gc,heap     ] GC(49) Humongous regions: 0->0
[2026-02-05T20:12:46.245+0000][33.841s][info ][gc,metaspace] GC(49) Metaspace: 137184K(138176K)->137184K(138176K) NonClass: 119992K(120512K)->119992K(120512K) Class: 17192K(17664K)->17192K(17664K)
[2026-02-05T20:12:46.245+0000][33.842s][info ][gc          ] GC(49) Pause Young (Normal) (G1 Evacuation Pause) 333M->123M(394M) 12.466ms
[2026-02-05T20:12:46.246+0000][33.842s][info ][gc,cpu      ] GC(49) User=0.07s Sys=0.00s Real=0.02s
[2026-02-05T20:12:46.246+0000][33.842s][info ][safepoint   ] Safepoint "G1CollectForAllocation", Time since last: 1052365343 ns, Reaching safepoint: 322911 ns, Cleanup: 91403 ns, At safepoint: 13016946 ns, Total: 13431260 ns
[2026-02-05T20:12:47.213+0000][34.811s][debug][safepoint   ] Safepoint synchronization initiated using futex wait barrier. (131 threads)
[2026-02-05T20:12:47.213+0000][34.811s][info ][gc,start    ] GC(50) Pause Young (Normal) (G1 Evacuation Pause)
[2026-02-05T20:12:47.213+0000][34.811s][info ][gc,task     ] GC(50) Using 10 workers of 10 for evacuation
[2026-02-05T20:12:47.226+0000][34.823s][info ][gc,phases   ] GC(50)   Pre Evacuate Collection Set: 0.3ms
[2026-02-05T20:12:47.226+0000][34.824s][info ][gc,phases   ] GC(50)   Merge Heap Roots: 0.2ms
[2026-02-05T20:12:47.226+0000][34.824s][info ][gc,phases   ] GC(50)   Evacuate Collection Set: 9.4ms
[2026-02-05T20:12:47.226+0000][34.824s][info ][gc,phases   ] GC(50)   Post Evacuate Collection Set: 2.0ms
[2026-02-05T20:12:47.227+0000][34.824s][info ][gc,phases   ] GC(50)   Other: 0.4ms
[2026-02-05T20:12:47.227+0000][34.825s][info ][gc,heap     ] GC(50) Eden regions: 104->0(100)
[2026-02-05T20:12:47.227+0000][34.825s][info ][gc,heap     ] GC(50) Survivor regions: 9->10(15)
[2026-02-05T20:12:47.227+0000][34.825s][info ][gc,heap     ] GC(50) Old regions: 53->55
[2026-02-05T20:12:47.227+0000][34.825s][info ][gc,heap     ] GC(50) Archive regions: 2->2
[2026-02-05T20:12:47.228+0000][34.825s][info ][gc,heap     ] GC(50) Humongous regions: 0->0
[2026-02-05T20:12:47.228+0000][34.825s][info ][gc,metaspace] GC(50) Metaspace: 141006K(142016K)->141006K(142016K) NonClass: 123623K(124160K)->123623K(124160K) Class: 17383K(17856K)->17383K(17856K)
[2026-02-05T20:12:47.228+0000][34.826s][info ][gc          ] GC(50) Pause Young (Normal) (G1 Evacuation Pause) 331M->130M(394M) 14.482ms
[2026-02-05T20:12:47.228+0000][34.826s][info ][gc,cpu      ] GC(50) User=0.09s Sys=0.00s Real=0.02s
[2026-02-05T20:12:47.228+0000][34.826s][info ][safepoint   ] Safepoint "G1CollectForAllocation", Time since last: 968591072 ns, Reaching safepoint: 265209 ns, Cleanup: 81703 ns, At safepoint: 14968013 ns, Total: 15314925 ns
[2026-02-05T20:12:47.962+0000][35.560s][info ][cds,heap    ] initialize_from_archived_subgraph jdk.internal.math.FDBigInteger 0x00007084e314ece8
[2026-02-05T20:12:48.448+0000][36.046s][debug][safepoint   ] Safepoint synchronization initiated using futex wait barrier. (139 threads)
[2026-02-05T20:12:48.448+0000][36.046s][debug][safepoint   ] ... found polling page loop exception at pc = 0x00007085511c0f7d, stub =0x0000708550b10400
[2026-02-05T20:12:48.449+0000][36.047s][info ][safepoint   ] Safepoint "Cleanup", Time since last: 1219832678 ns, Reaching safepoint: 616421 ns, Cleanup: 86303 ns, At safepoint: 73902 ns, Total: 776626 ns
[2026-02-05T20:12:48.799+0000][36.397s][debug][safepoint   ] Safepoint synchronization initiated using futex wait barrier. (151 threads)
[2026-02-05T20:12:48.799+0000][36.397s][info ][gc,start    ] GC(51) Pause Young (Normal) (G1 Evacuation Pause)
[2026-02-05T20:12:48.799+0000][36.397s][info ][gc,task     ] GC(51) Using 10 workers of 10 for evacuation
[2026-02-05T20:12:48.810+0000][36.408s][info ][gc,phases   ] GC(51)   Pre Evacuate Collection Set: 0.2ms
[2026-02-05T20:12:48.810+0000][36.408s][info ][gc,phases   ] GC(51)   Merge Heap Roots: 0.2ms
[2026-02-05T20:12:48.810+0000][36.408s][info ][gc,phases   ] GC(51)   Evacuate Collection Set: 7.5ms
[2026-02-05T20:12:48.811+0000][36.409s][info ][gc,phases   ] GC(51)   Post Evacuate Collection Set: 2.0ms
[2026-02-05T20:12:48.811+0000][36.409s][info ][gc,phases   ] GC(51)   Other: 0.5ms
[2026-02-05T20:12:48.811+0000][36.409s][info ][gc,heap     ] GC(51) Eden regions: 100->0(99)
[2026-02-05T20:12:48.811+0000][36.409s][info ][gc,heap     ] GC(51) Survivor regions: 10->7(14)
[2026-02-05T20:12:48.811+0000][36.409s][info ][gc,heap     ] GC(51) Old regions: 55->61
[2026-02-05T20:12:48.812+0000][36.410s][info ][gc,heap     ] GC(51) Archive regions: 2->2
[2026-02-05T20:12:48.812+0000][36.410s][info ][gc,heap     ] GC(51) Humongous regions: 0->0
[2026-02-05T20:12:48.812+0000][36.410s][info ][gc,metaspace] GC(51) Metaspace: 149048K(150144K)->149048K(150144K) NonClass: 130754K(131328K)->130754K(131328K) Class: 18293K(18816K)->18293K(18816K)
[2026-02-05T20:12:48.812+0000][36.410s][info ][gc          ] GC(51) Pause Young (Normal) (G1 Evacuation Pause) 330M->135M(394M) 12.934ms
[2026-02-05T20:12:48.812+0000][36.410s][info ][gc,cpu      ] GC(51) User=0.08s Sys=0.00s Real=0.01s
[2026-02-05T20:12:48.813+0000][36.410s][info ][safepoint   ] Safepoint "G1CollectForAllocation", Time since last: 349931785 ns, Reaching safepoint: 302410 ns, Cleanup: 36502 ns, At safepoint: 13374658 ns, Total: 13713570 ns
[2026-02-05T20:12:49.759+0000][37.357s][debug][safepoint   ] Safepoint synchronization initiated using futex wait barrier. (153 threads)
[2026-02-05T20:12:49.762+0000][37.360s][info ][gc,start    ] GC(52) Pause Young (Normal) (G1 Evacuation Pause)
[2026-02-05T20:12:49.762+0000][37.360s][info ][gc,task     ] GC(52) Using 10 workers of 10 for evacuation
[2026-02-05T20:12:49.772+0000][37.370s][info ][gc,phases   ] GC(52)   Pre Evacuate Collection Set: 0.3ms
[2026-02-05T20:12:49.772+0000][37.370s][info ][gc,phases   ] GC(52)   Merge Heap Roots: 0.2ms
[2026-02-05T20:12:49.773+0000][37.370s][info ][gc,phases   ] GC(52)   Evacuate Collection Set: 7.3ms
[2026-02-05T20:12:49.773+0000][37.371s][info ][gc,phases   ] GC(52)   Post Evacuate Collection Set: 2.0ms
[2026-02-05T20:12:49.773+0000][37.371s][info ][gc,phases   ] GC(52)   Other: 0.5ms
[2026-02-05T20:12:49.773+0000][37.371s][info ][gc,heap     ] GC(52) Eden regions: 99->0(96)
[2026-02-05T20:12:49.773+0000][37.371s][info ][gc,heap     ] GC(52) Survivor regions: 7->9(14)
[2026-02-05T20:12:49.774+0000][37.371s][info ][gc,heap     ] GC(52) Old regions: 61->61
[2026-02-05T20:12:49.774+0000][37.372s][info ][gc,heap     ] GC(52) Archive regions: 2->2
[2026-02-05T20:12:49.774+0000][37.372s][info ][gc,heap     ] GC(52) Humongous regions: 0->0
[2026-02-05T20:12:49.774+0000][37.372s][info ][gc,metaspace] GC(52) Metaspace: 151183K(152256K)->151183K(152256K) NonClass: 132590K(133120K)->132590K(133120K) Class: 18593K(19136K)->18593K(19136K)
[2026-02-05T20:12:49.774+0000][37.372s][info ][gc          ] GC(52) Pause Young (Normal) (G1 Evacuation Pause) 333M->139M(394M) 12.343ms
[2026-02-05T20:12:49.775+0000][37.372s][info ][gc,cpu      ] GC(52) User=0.08s Sys=0.00s Real=0.01s
[2026-02-05T20:12:49.775+0000][37.373s][info ][safepoint   ] Safepoint "G1CollectForAllocation", Time since last: 946513717 ns, Reaching safepoint: 2804596 ns, Cleanup: 95003 ns, At safepoint: 12974745 ns, Total: 15874344 ns
[2026-02-05T20:12:50.942+0000][38.539s][debug][safepoint   ] Safepoint synchronization initiated using futex wait barrier. (153 threads)
[2026-02-05T20:12:50.942+0000][38.540s][info ][gc,start    ] GC(53) Pause Young (Normal) (G1 Evacuation Pause)
[2026-02-05T20:12:50.942+0000][38.540s][info ][gc,task     ] GC(53) Using 10 workers of 10 for evacuation
[2026-02-05T20:12:50.953+0000][38.551s][info ][gc,phases   ] GC(53)   Pre Evacuate Collection Set: 0.4ms
[2026-02-05T20:12:50.954+0000][38.552s][info ][gc,phases   ] GC(53)   Merge Heap Roots: 0.3ms
[2026-02-05T20:12:50.954+0000][38.552s][info ][gc,phases   ] GC(53)   Evacuate Collection Set: 8.1ms
[2026-02-05T20:12:50.954+0000][38.552s][info ][gc,phases   ] GC(53)   Post Evacuate Collection Set: 1.9ms
[2026-02-05T20:12:50.955+0000][38.552s][info ][gc,phases   ] GC(53)   Other: 0.8ms
[2026-02-05T20:12:50.955+0000][38.553s][info ][gc,heap     ] GC(53) Eden regions: 96->0(96)
[2026-02-05T20:12:50.955+0000][38.553s][info ][gc,heap     ] GC(53) Survivor regions: 9->7(14)
[2026-02-05T20:12:50.955+0000][38.553s][info ][gc,heap     ] GC(53) Old regions: 61->64
[2026-02-05T20:12:50.955+0000][38.553s][info ][gc,heap     ] GC(53) Archive regions: 2->2
[2026-02-05T20:12:50.956+0000][38.554s][info ][gc,heap     ] GC(53) Humongous regions: 0->0
[2026-02-05T20:12:50.956+0000][38.554s][info ][gc,metaspace] GC(53) Metaspace: 152569K(153664K)->152569K(153664K) NonClass: 133739K(134336K)->133739K(134336K) Class: 18830K(19328K)->18830K(19328K)
[2026-02-05T20:12:50.956+0000][38.554s][info ][gc          ] GC(53) Pause Young (Normal) (G1 Evacuation Pause) 331M->143M(394M) 14.252ms
[2026-02-05T20:12:50.956+0000][38.554s][info ][gc,cpu      ] GC(53) User=0.08s Sys=0.00s Real=0.01s
[2026-02-05T20:12:50.957+0000][38.555s][info ][safepoint   ] Safepoint "G1CollectForAllocation", Time since last: 1166659407 ns, Reaching safepoint: 293610 ns, Cleanup: 76203 ns, At safepoint: 14783520 ns, Total: 15153333 ns
[2026-02-05T20:12:51.919+0000][39.517s][debug][safepoint   ] Safepoint synchronization initiated using futex wait barrier. (157 threads)
[2026-02-05T20:12:51.919+0000][39.517s][info ][gc,start    ] GC(54) Pause Young (Normal) (G1 Evacuation Pause)
[2026-02-05T20:12:51.919+0000][39.517s][info ][gc,task     ] GC(54) Using 10 workers of 10 for evacuation
[2026-02-05T20:12:51.930+0000][39.528s][info ][gc,phases   ] GC(54)   Pre Evacuate Collection Set: 0.2ms
[2026-02-05T20:12:51.931+0000][39.528s][info ][gc,phases   ] GC(54)   Merge Heap Roots: 0.2ms
[2026-02-05T20:12:51.931+0000][39.529s][info ][gc,phases   ] GC(54)   Evacuate Collection Set: 8.3ms
[2026-02-05T20:12:51.931+0000][39.529s][info ][gc,phases   ] GC(54)   Post Evacuate Collection Set: 1.8ms
[2026-02-05T20:12:51.931+0000][39.529s][info ][gc,phases   ] GC(54)   Other: 0.5ms
[2026-02-05T20:12:51.931+0000][39.529s][info ][gc,heap     ] GC(54) Eden regions: 96->0(93)
[2026-02-05T20:12:51.932+0000][39.530s][info ][gc,heap     ] GC(54) Survivor regions: 7->9(13)
[2026-02-05T20:12:51.932+0000][39.530s][info ][gc,heap     ] GC(54) Old regions: 64->64
[2026-02-05T20:12:51.932+0000][39.530s][info ][gc,heap     ] GC(54) Archive regions: 2->2
[2026-02-05T20:12:51.932+0000][39.530s][info ][gc,heap     ] GC(54) Humongous regions: 0->0
[2026-02-05T20:12:51.933+0000][39.530s][info ][gc,metaspace] GC(54) Metaspace: 154161K(155264K)->154161K(155264K) NonClass: 135111K(135680K)->135111K(135680K) Class: 19050K(19584K)->19050K(19584K)
[2026-02-05T20:12:51.933+0000][39.531s][info ][gc          ] GC(54) Pause Young (Normal) (G1 Evacuation Pause) 335M->147M(394M) 13.615ms
[2026-02-05T20:12:51.933+0000][39.531s][info ][gc,cpu      ] GC(54) User=0.08s Sys=0.01s Real=0.01s
[2026-02-05T20:12:51.933+0000][39.531s][info ][safepoint   ] Safepoint "G1CollectForAllocation", Time since last: 961994974 ns, Reaching safepoint: 340712 ns, Cleanup: 64902 ns, At safepoint: 14114497 ns, Total: 14520111 ns
[2026-02-05T20:12:52.753+0000][40.350s][debug][safepoint   ] Safepoint synchronization initiated using futex wait barrier. (170 threads)
[2026-02-05T20:12:52.753+0000][40.351s][info ][gc,start    ] GC(55) Pause Young (Normal) (G1 Evacuation Pause)
[2026-02-05T20:12:52.753+0000][40.351s][info ][gc,task     ] GC(55) Using 10 workers of 10 for evacuation
[2026-02-05T20:12:52.765+0000][40.362s][info ][gc,phases   ] GC(55)   Pre Evacuate Collection Set: 0.4ms
[2026-02-05T20:12:52.765+0000][40.363s][info ][gc,phases   ] GC(55)   Merge Heap Roots: 0.2ms
[2026-02-05T20:12:52.765+0000][40.363s][info ][gc,phases   ] GC(55)   Evacuate Collection Set: 8.2ms
[2026-02-05T20:12:52.765+0000][40.363s][info ][gc,phases   ] GC(55)   Post Evacuate Collection Set: 2.0ms
[2026-02-05T20:12:52.766+0000][40.364s][info ][gc,phases   ] GC(55)   Other: 0.7ms
[2026-02-05T20:12:52.766+0000][40.364s][info ][gc,heap     ] GC(55) Eden regions: 93->0(91)
[2026-02-05T20:12:52.766+0000][40.364s][info ][gc,heap     ] GC(55) Survivor regions: 9->9(13)
[2026-02-05T20:12:52.767+0000][40.364s][info ][gc,heap     ] GC(55) Old regions: 64->66
[2026-02-05T20:12:52.767+0000][40.364s][info ][gc,heap     ] GC(55) Archive regions: 2->2
[2026-02-05T20:12:52.767+0000][40.365s][info ][gc,heap     ] GC(55) Humongous regions: 0->0
[2026-02-05T20:12:52.767+0000][40.365s][info ][gc,metaspace] GC(55) Metaspace: 156562K(157696K)->156562K(157696K) NonClass: 137123K(137728K)->137123K(137728K) Class: 19438K(19968K)->19438K(19968K)
[2026-02-05T20:12:52.767+0000][40.365s][info ][gc          ] GC(55) Pause Young (Normal) (G1 Evacuation Pause) 333M->151M(394M) 14.055ms
[2026-02-05T20:12:52.767+0000][40.365s][info ][gc,cpu      ] GC(55) User=0.08s Sys=0.01s Real=0.02s
[2026-02-05T20:12:52.768+0000][40.366s][info ][safepoint   ] Safepoint "G1CollectForAllocation", Time since last: 819305750 ns, Reaching safepoint: 324111 ns, Cleanup: 154805 ns, At safepoint: 14689718 ns, Total: 15168634 ns
[2026-02-05T20:12:53.604+0000][41.202s][debug][safepoint   ] Safepoint synchronization initiated using futex wait barrier. (298 threads)
[2026-02-05T20:12:53.610+0000][41.208s][info ][safepoint   ] Safepoint "ICBufferFull", Time since last: 835977336 ns, Reaching safepoint: 4831770 ns, Cleanup: 976635 ns, At safepoint: 422115 ns, Total: 6230520 ns
[2026-02-05T20:12:53.930+0000][41.528s][debug][safepoint   ] Safepoint synchronization initiated using futex wait barrier. (325 threads)
[2026-02-05T20:12:53.931+0000][41.529s][info ][gc,start    ] GC(56) Pause Young (Normal) (G1 Evacuation Pause)
[2026-02-05T20:12:53.931+0000][41.529s][info ][gc,task     ] GC(56) Using 10 workers of 10 for evacuation
[2026-02-05T20:12:53.957+0000][41.555s][info ][gc,phases   ] GC(56)   Pre Evacuate Collection Set: 0.5ms
[2026-02-05T20:12:53.957+0000][41.555s][info ][gc,phases   ] GC(56)   Merge Heap Roots: 0.2ms
[2026-02-05T20:12:53.958+0000][41.555s][info ][gc,phases   ] GC(56)   Evacuate Collection Set: 21.1ms
[2026-02-05T20:12:53.958+0000][41.556s][info ][gc,phases   ] GC(56)   Post Evacuate Collection Set: 3.2ms
[2026-02-05T20:12:53.958+0000][41.556s][info ][gc,phases   ] GC(56)   Other: 0.8ms
[2026-02-05T20:12:53.958+0000][41.556s][info ][gc,heap     ] GC(56) Eden regions: 91->0(83)
[2026-02-05T20:12:53.959+0000][41.556s][info ][gc,heap     ] GC(56) Survivor regions: 9->12(13)
[2026-02-05T20:12:53.959+0000][41.557s][info ][gc,heap     ] GC(56) Old regions: 66->68
[2026-02-05T20:12:53.959+0000][41.557s][info ][gc,heap     ] GC(56) Archive regions: 2->2
[2026-02-05T20:12:53.959+0000][41.557s][info ][gc,heap     ] GC(56) Humongous regions: 0->0
[2026-02-05T20:12:53.960+0000][41.557s][info ][gc,metaspace] GC(56) Metaspace: 161453K(162624K)->161453K(162624K) NonClass: 141411K(142016K)->141411K(142016K) Class: 20041K(20608K)->20041K(20608K)
[2026-02-05T20:12:53.960+0000][41.558s][info ][gc          ] GC(56) Pause Young (Normal) (G1 Evacuation Pause) 333M->160M(394M) 28.573ms
[2026-02-05T20:12:53.960+0000][41.558s][info ][gc,cpu      ] GC(56) User=0.23s Sys=0.01s Real=0.03s
[2026-02-05T20:12:53.962+0000][41.559s][info ][safepoint   ] Safepoint "G1CollectForAllocation", Time since last: 320158873 ns, Reaching safepoint: 1043737 ns, Cleanup: 59002 ns, At safepoint: 30462772 ns, Total: 31565511 ns
[2026-02-05T20:12:54.787+0000][42.385s][debug][safepoint   ] Safepoint synchronization initiated using futex wait barrier. (337 threads)
[2026-02-05T20:12:54.789+0000][42.387s][info ][safepoint   ] Safepoint "ICBufferFull", Time since last: 825431865 ns, Reaching safepoint: 1474552 ns, Cleanup: 189507 ns, At safepoint: 108504 ns, Total: 1772563 ns
[2026-02-05T20:12:55.122+0000][42.720s][debug][safepoint   ] Safepoint synchronization initiated using futex wait barrier. (354 threads)
[2026-02-05T20:12:55.123+0000][42.721s][info ][gc,start    ] GC(57) Pause Young (Normal) (G1 Evacuation Pause)
[2026-02-05T20:12:55.123+0000][42.721s][info ][gc,task     ] GC(57) Using 10 workers of 10 for evacuation
[2026-02-05T20:12:55.145+0000][42.743s][info ][gc,phases   ] GC(57)   Pre Evacuate Collection Set: 0.4ms
[2026-02-05T20:12:55.145+0000][42.743s][info ][gc,phases   ] GC(57)   Merge Heap Roots: 0.6ms
[2026-02-05T20:12:55.146+0000][42.743s][info ][gc,phases   ] GC(57)   Evacuate Collection Set: 17.1ms
[2026-02-05T20:12:55.146+0000][42.744s][info ][gc,phases   ] GC(57)   Post Evacuate Collection Set: 3.1ms
[2026-02-05T20:12:55.146+0000][42.744s][info ][gc,phases   ] GC(57)   Other: 0.8ms
[2026-02-05T20:12:55.147+0000][42.744s][info ][gc,heap     ] GC(57) Eden regions: 83->0(85)
[2026-02-05T20:12:55.147+0000][42.745s][info ][gc,heap     ] GC(57) Survivor regions: 12->6(12)
[2026-02-05T20:12:55.147+0000][42.745s][info ][gc,heap     ] GC(57) Old regions: 68->75
[2026-02-05T20:12:55.148+0000][42.746s][info ][gc,heap     ] GC(57) Archive regions: 2->2
[2026-02-05T20:12:55.148+0000][42.746s][info ][gc,heap     ] GC(57) Humongous regions: 0->0
[2026-02-05T20:12:55.149+0000][42.746s][info ][gc,metaspace] GC(57) Metaspace: 164975K(166208K)->164975K(166208K) NonClass: 144488K(145152K)->144488K(145152K) Class: 20486K(21056K)->20486K(21056K)
[2026-02-05T20:12:55.149+0000][42.747s][info ][gc          ] GC(57) Pause Young (Normal) (G1 Evacuation Pause) 326M->161M(394M) 25.879ms
[2026-02-05T20:12:55.149+0000][42.747s][info ][gc,cpu      ] GC(57) User=0.20s Sys=0.00s Real=0.02s
[2026-02-05T20:12:55.151+0000][42.749s][info ][safepoint   ] Safepoint "G1CollectForAllocation", Time since last: 333447841 ns, Reaching safepoint: 379414 ns, Cleanup: 138204 ns, At safepoint: 28200893 ns, Total: 28718511 ns
[2026-02-05T20:12:56.101+0000][43.699s][debug][safepoint   ] Safepoint synchronization initiated using futex wait barrier. (371 threads)
[2026-02-05T20:12:56.101+0000][43.699s][debug][safepoint   ] ... found polling page loop exception at pc = 0x000070855118c22a, stub =0x0000708550b10400
[2026-02-05T20:12:56.102+0000][43.700s][info ][safepoint   ] Safepoint "ICBufferFull", Time since last: 949833646 ns, Reaching safepoint: 879131 ns, Cleanup: 299210 ns, At safepoint: 149306 ns, Total: 1327647 ns
[2026-02-05T20:12:56.329+0000][43.927s][debug][safepoint   ] Safepoint synchronization initiated using futex wait barrier. (371 threads)
[2026-02-05T20:12:56.330+0000][43.928s][info ][gc,start    ] GC(58) Pause Young (Normal) (G1 Evacuation Pause)
[2026-02-05T20:12:56.330+0000][43.928s][info ][gc,task     ] GC(58) Using 10 workers of 10 for evacuation
[2026-02-05T20:12:56.346+0000][43.943s][info ][gc,phases   ] GC(58)   Pre Evacuate Collection Set: 0.3ms
[2026-02-05T20:12:56.346+0000][43.944s][info ][gc,phases   ] GC(58)   Merge Heap Roots: 0.2ms
[2026-02-05T20:12:56.346+0000][43.944s][info ][gc,phases   ] GC(58)   Evacuate Collection Set: 10.1ms
[2026-02-05T20:12:56.346+0000][43.944s][info ][gc,phases   ] GC(58)   Post Evacuate Collection Set: 4.6ms
[2026-02-05T20:12:56.347+0000][43.945s][info ][gc,phases   ] GC(58)   Other: 0.7ms
[2026-02-05T20:12:56.347+0000][43.945s][info ][gc,heap     ] GC(58) Eden regions: 85->0(84)
[2026-02-05T20:12:56.347+0000][43.945s][info ][gc,heap     ] GC(58) Survivor regions: 6->8(12)
[2026-02-05T20:12:56.348+0000][43.945s][info ][gc,heap     ] GC(58) Old regions: 75->75
[2026-02-05T20:12:56.348+0000][43.946s][info ][gc,heap     ] GC(58) Archive regions: 2->2
[2026-02-05T20:12:56.348+0000][43.946s][info ][gc,heap     ] GC(58) Humongous regions: 0->0
[2026-02-05T20:12:56.348+0000][43.946s][info ][gc,metaspace] GC(58) Metaspace: 168046K(169344K)->168046K(169344K) NonClass: 147116K(147776K)->147116K(147776K) Class: 20930K(21568K)->20930K(21568K)
[2026-02-05T20:12:56.349+0000][43.946s][info ][gc          ] GC(58) Pause Young (Normal) (G1 Evacuation Pause) 331M->165M(394M) 18.811ms
[2026-02-05T20:12:56.349+0000][43.947s][info ][gc,cpu      ] GC(58) User=0.11s Sys=0.01s Real=0.02s
[2026-02-05T20:12:56.350+0000][43.948s][info ][safepoint   ] Safepoint "G1CollectForAllocation", Time since last: 227038294 ns, Reaching safepoint: 458216 ns, Cleanup: 92904 ns, At safepoint: 20510622 ns, Total: 21061742 ns
[2026-02-05T20:12:56.470+0000][44.067s][debug][safepoint   ] ... found polling page loop exception at pc = 0x00007085511c0f7d, stub =0x0000708550b10400
[2026-02-05T20:12:56.622+0000][44.220s][debug][safepoint   ] ... found polling page loop exception at pc = 0x0000708551252290, stub =0x0000708550b10400
[2026-02-05T20:12:57.189+0000][44.787s][debug][safepoint   ] Safepoint synchronization initiated using futex wait barrier. (390 threads)
[2026-02-05T20:12:57.202+0000][44.800s][info ][safepoint   ] Safepoint "ICBufferFull", Time since last: 838920940 ns, Reaching safepoint: 6324422 ns, Cleanup: 216608 ns, At safepoint: 5987211 ns, Total: 12528241 ns
[2026-02-05T20:12:57.590+0000][45.188s][debug][safepoint   ] Safepoint synchronization initiated using futex wait barrier. (394 threads)
[2026-02-05T20:12:57.591+0000][45.189s][info ][safepoint   ] Safepoint "ICBufferFull", Time since last: 388538381 ns, Reaching safepoint: 300911 ns, Cleanup: 98903 ns, At safepoint: 57902 ns, Total: 457716 ns
[2026-02-05T20:12:57.689+0000][45.287s][debug][safepoint   ] Safepoint synchronization initiated using futex wait barrier. (395 threads)
[2026-02-05T20:12:57.690+0000][45.288s][info ][gc,start    ] GC(59) Pause Young (Normal) (G1 Evacuation Pause)
[2026-02-05T20:12:57.690+0000][45.288s][info ][gc,task     ] GC(59) Using 10 workers of 10 for evacuation
[2026-02-05T20:12:57.708+0000][45.306s][info ][gc,phases   ] GC(59)   Pre Evacuate Collection Set: 0.5ms
[2026-02-05T20:12:57.709+0000][45.306s][info ][gc,phases   ] GC(59)   Merge Heap Roots: 0.3ms
[2026-02-05T20:12:57.709+0000][45.307s][info ][gc,phases   ] GC(59)   Evacuate Collection Set: 14.6ms
[2026-02-05T20:12:57.709+0000][45.307s][info ][gc,phases   ] GC(59)   Post Evacuate Collection Set: 2.2ms
[2026-02-05T20:12:57.709+0000][45.307s][info ][gc,phases   ] GC(59)   Other: 0.8ms
[2026-02-05T20:12:57.709+0000][45.307s][info ][gc,heap     ] GC(59) Eden regions: 84->0(82)
[2026-02-05T20:12:57.710+0000][45.307s][info ][gc,heap     ] GC(59) Survivor regions: 8->8(12)
[2026-02-05T20:12:57.710+0000][45.308s][info ][gc,heap     ] GC(59) Old regions: 75->77
[2026-02-05T20:12:57.710+0000][45.308s][info ][gc,heap     ] GC(59) Archive regions: 2->2
[2026-02-05T20:12:57.710+0000][45.308s][info ][gc,heap     ] GC(59) Humongous regions: 0->0
[2026-02-05T20:12:57.710+0000][45.308s][info ][gc,metaspace] GC(59) Metaspace: 172540K(173824K)->172540K(173824K) NonClass: 151085K(151744K)->151085K(151744K) Class: 21455K(22080K)->21455K(22080K)
[2026-02-05T20:12:57.711+0000][45.308s][info ][gc          ] GC(59) Pause Young (Normal) (G1 Evacuation Pause) 333M->170M(394M) 20.703ms
[2026-02-05T20:12:57.711+0000][45.309s][info ][gc,cpu      ] GC(59) User=0.17s Sys=0.01s Real=0.02s
[2026-02-05T20:12:57.714+0000][45.311s][info ][safepoint   ] Safepoint "G1CollectForAllocation", Time since last: 98604672 ns, Reaching safepoint: 494518 ns, Cleanup: 43901 ns, At safepoint: 23656133 ns, Total: 24194552 ns
[2026-02-05T20:12:58.347+0000][45.945s][debug][safepoint   ] Safepoint synchronization initiated using futex wait barrier. (401 threads)
[2026-02-05T20:12:58.347+0000][45.945s][debug][safepoint   ] ... found polling page loop exception at pc = 0x00007085512d7c3e, stub =0x0000708550b10400
[2026-02-05T20:12:58.348+0000][45.946s][info ][safepoint   ] Safepoint "ICBufferFull", Time since last: 633340859 ns, Reaching safepoint: 779628 ns, Cleanup: 141805 ns, At safepoint: 76503 ns, Total: 997936 ns
[2026-02-05T20:12:58.652+0000][46.250s][debug][safepoint   ] Safepoint synchronization initiated using futex wait barrier. (401 threads)
[2026-02-05T20:12:58.653+0000][46.251s][info ][safepoint   ] Safepoint "ICBufferFull", Time since last: 304303308 ns, Reaching safepoint: 749027 ns, Cleanup: 81603 ns, At safepoint: 176006 ns, Total: 1006636 ns
[2026-02-05T20:12:58.696+0000][46.294s][debug][safepoint   ] Safepoint synchronization initiated using futex wait barrier. (401 threads)
[2026-02-05T20:12:58.697+0000][46.294s][info ][safepoint   ] Safepoint "ICBufferFull", Time since last: 42888651 ns, Reaching safepoint: 456217 ns, Cleanup: 73802 ns, At safepoint: 69703 ns, Total: 599722 ns
[2026-02-05T20:12:58.709+0000][46.306s][debug][safepoint   ] Safepoint synchronization initiated using futex wait barrier. (401 threads)
[2026-02-05T20:12:58.709+0000][46.307s][info ][gc,start    ] GC(60) Pause Young (Normal) (G1 Evacuation Pause)
[2026-02-05T20:12:58.709+0000][46.307s][info ][gc,task     ] GC(60) Using 10 workers of 10 for evacuation
[2026-02-05T20:12:58.722+0000][46.320s][info ][gc,phases   ] GC(60)   Pre Evacuate Collection Set: 0.4ms
[2026-02-05T20:12:58.723+0000][46.321s][info ][gc,phases   ] GC(60)   Merge Heap Roots: 0.3ms
[2026-02-05T20:12:58.723+0000][46.321s][info ][gc,phases   ] GC(60)   Evacuate Collection Set: 9.7ms
[2026-02-05T20:12:58.723+0000][46.321s][info ][gc,phases   ] GC(60)   Post Evacuate Collection Set: 2.5ms
[2026-02-05T20:12:58.723+0000][46.321s][info ][gc,phases   ] GC(60)   Other: 0.6ms
[2026-02-05T20:12:58.723+0000][46.321s][info ][gc,heap     ] GC(60) Eden regions: 82->0(77)
[2026-02-05T20:12:58.724+0000][46.321s][info ][gc,heap     ] GC(60) Survivor regions: 8->9(12)
[2026-02-05T20:12:58.724+0000][46.322s][info ][gc,heap     ] GC(60) Old regions: 77->80
[2026-02-05T20:12:58.724+0000][46.322s][info ][gc,heap     ] GC(60) Archive regions: 2->2
[2026-02-05T20:12:58.724+0000][46.322s][info ][gc,heap     ] GC(60) Humongous regions: 0->0
[2026-02-05T20:12:58.724+0000][46.322s][info ][gc,metaspace] GC(60) Metaspace: 179419K(180800K)->179419K(180800K) NonClass: 157241K(157952K)->157241K(157952K) Class: 22177K(22848K)->22177K(22848K)
[2026-02-05T20:12:58.724+0000][46.322s][info ][gc          ] GC(60) Pause Young (Normal) (G1 Evacuation Pause) 334M->177M(394M) 15.479ms
[2026-02-05T20:12:58.725+0000][46.322s][info ][gc,cpu      ] GC(60) User=0.12s Sys=0.01s Real=0.02s
[2026-02-05T20:12:58.725+0000][46.323s][info ][safepoint   ] Safepoint "G1CollectForAllocation", Time since last: 11895830 ns, Reaching safepoint: 330412 ns, Cleanup: 14101 ns, At safepoint: 16345791 ns, Total: 16690304 ns
[2026-02-05T20:12:58.836+0000][46.434s][debug][safepoint   ] Safepoint synchronization initiated using futex wait barrier. (401 threads)
[2026-02-05T20:12:58.837+0000][46.434s][info ][safepoint   ] Safepoint "ICBufferFull", Time since last: 110565399 ns, Reaching safepoint: 638524 ns, Cleanup: 72102 ns, At safepoint: 80703 ns, Total: 791329 ns
[2026-02-05T20:12:59.072+0000][46.670s][debug][safepoint   ] Safepoint synchronization initiated using futex wait barrier. (402 threads)
[2026-02-05T20:12:59.072+0000][46.670s][info ][safepoint   ] Safepoint "ICBufferFull", Time since last: 235257210 ns, Reaching safepoint: 382214 ns, Cleanup: 177106 ns, At safepoint: 86303 ns, Total: 645623 ns
[2026-02-05T20:12:59.330+0000][46.927s][debug][safepoint   ] Safepoint synchronization initiated using futex wait barrier. (402 threads)
[2026-02-05T20:12:59.330+0000][46.928s][info ][safepoint   ] Safepoint "ICBufferFull", Time since last: 257083699 ns, Reaching safepoint: 342913 ns, Cleanup: 114704 ns, At safepoint: 99004 ns, Total: 556621 ns
[2026-02-05T20:12:59.808+0000][47.406s][debug][safepoint   ] Safepoint synchronization initiated using futex wait barrier. (402 threads)
[2026-02-05T20:12:59.809+0000][47.407s][info ][safepoint   ] Safepoint "ICBufferFull", Time since last: 478199497 ns, Reaching safepoint: 489218 ns, Cleanup: 221008 ns, At safepoint: 187907 ns, Total: 898133 ns
[2026-02-05T20:13:00.536+0000][48.134s][debug][safepoint   ] Safepoint synchronization initiated using futex wait barrier. (401 threads)
[2026-02-05T20:13:00.536+0000][48.134s][info ][safepoint   ] Safepoint "ICBufferFull", Time since last: 726598282 ns, Reaching safepoint: 469917 ns, Cleanup: 112504 ns, At safepoint: 12401 ns, Total: 594822 ns
[2026-02-05T20:13:01.022+0000][48.619s][debug][safepoint   ] Safepoint synchronization initiated using futex wait barrier. (402 threads)
[2026-02-05T20:13:01.022+0000][48.620s][info ][gc,start    ] GC(61) Pause Young (Normal) (G1 Evacuation Pause)
[2026-02-05T20:13:01.022+0000][48.620s][info ][gc,task     ] GC(61) Using 10 workers of 10 for evacuation
[2026-02-05T20:13:01.034+0000][48.632s][info ][gc,phases   ] GC(61)   Pre Evacuate Collection Set: 0.3ms
[2026-02-05T20:13:01.035+0000][48.633s][info ][gc,phases   ] GC(61)   Merge Heap Roots: 0.2ms
[2026-02-05T20:13:01.035+0000][48.633s][info ][gc,phases   ] GC(61)   Evacuate Collection Set: 9.0ms
[2026-02-05T20:13:01.035+0000][48.633s][info ][gc,phases   ] GC(61)   Post Evacuate Collection Set: 2.2ms
[2026-02-05T20:13:01.035+0000][48.633s][info ][gc,phases   ] GC(61)   Other: 0.6ms
[2026-02-05T20:13:01.035+0000][48.633s][info ][gc,heap     ] GC(61) Eden regions: 77->0(75)
[2026-02-05T20:13:01.035+0000][48.633s][info ][gc,heap     ] GC(61) Survivor regions: 9->6(11)
[2026-02-05T20:13:01.036+0000][48.633s][info ][gc,heap     ] GC(61) Old regions: 80->85
[2026-02-05T20:13:01.036+0000][48.634s][info ][gc,heap     ] GC(61) Archive regions: 2->2
[2026-02-05T20:13:01.036+0000][48.634s][info ][gc,heap     ] GC(61) Humongous regions: 0->0
[2026-02-05T20:13:01.036+0000][48.634s][info ][gc,metaspace] GC(61) Metaspace: 184569K(187008K)->184569K(187008K) NonClass: 161783K(163072K)->161783K(163072K) Class: 22785K(23936K)->22785K(23936K)
[2026-02-05T20:13:01.036+0000][48.634s][info ][gc          ] GC(61) Pause Young (Normal) (G1 Evacuation Pause) 331M->180M(394M) 13.875ms
[2026-02-05T20:13:01.036+0000][48.634s][info ][gc,cpu      ] GC(61) User=0.10s Sys=0.00s Real=0.01s
[2026-02-05T20:13:01.037+0000][48.634s][info ][safepoint   ] Safepoint "G1CollectForAllocation", Time since last: 485174750 ns, Reaching safepoint: 419715 ns, Cleanup: 104304 ns, At safepoint: 14547626 ns, Total: 15071645 ns
[2026-02-05T20:13:02.185+0000][49.782s][debug][safepoint   ] Safepoint synchronization initiated using futex wait barrier. (400 threads)
[2026-02-05T20:13:02.185+0000][49.783s][info ][safepoint   ] Safepoint "Cleanup", Time since last: 1147930323 ns, Reaching safepoint: 270210 ns, Cleanup: 32401 ns, At safepoint: 6000 ns, Total: 308611 ns
[2026-02-05T20:13:02.594+0000][50.191s][debug][safepoint   ] Safepoint synchronization initiated using futex wait barrier. (402 threads)
[2026-02-05T20:13:02.594+0000][50.192s][info ][gc,start    ] GC(62) Pause Young (Concurrent Start) (Metadata GC Threshold)
[2026-02-05T20:13:02.594+0000][50.192s][info ][gc,task     ] GC(62) Using 10 workers of 10 for evacuation
[2026-02-05T20:13:02.603+0000][50.200s][info ][gc,phases   ] GC(62)   Pre Evacuate Collection Set: 0.6ms
[2026-02-05T20:13:02.603+0000][50.201s][info ][gc,phases   ] GC(62)   Merge Heap Roots: 0.2ms
[2026-02-05T20:13:02.603+0000][50.201s][info ][gc,phases   ] GC(62)   Evacuate Collection Set: 5.5ms
[2026-02-05T20:13:02.603+0000][50.201s][info ][gc,phases   ] GC(62)   Post Evacuate Collection Set: 1.8ms
[2026-02-05T20:13:02.603+0000][50.201s][info ][gc,phases   ] GC(62)   Other: 0.5ms
[2026-02-05T20:13:02.604+0000][50.201s][info ][gc,heap     ] GC(62) Eden regions: 63->0(76)
[2026-02-05T20:13:02.604+0000][50.201s][info ][gc,heap     ] GC(62) Survivor regions: 6->6(11)
[2026-02-05T20:13:02.604+0000][50.202s][info ][gc,heap     ] GC(62) Old regions: 85->85
[2026-02-05T20:13:02.604+0000][50.202s][info ][gc,heap     ] GC(62) Archive regions: 2->2
[2026-02-05T20:13:02.604+0000][50.202s][info ][gc,heap     ] GC(62) Humongous regions: 0->0
[2026-02-05T20:13:02.604+0000][50.202s][info ][gc,metaspace] GC(62) Metaspace: 187325K(189696K)->187325K(189696K) NonClass: 164171K(165440K)->164171K(165440K) Class: 23153K(24256K)->23153K(24256K)
[2026-02-05T20:13:02.604+0000][50.202s][info ][gc          ] GC(62) Pause Young (Concurrent Start) (Metadata GC Threshold) 305M->181M(394M) 10.404ms
[2026-02-05T20:13:02.605+0000][50.202s][info ][gc,cpu      ] GC(62) User=0.05s Sys=0.00s Real=0.01s
[2026-02-05T20:13:02.605+0000][50.203s][info ][gc          ] GC(63) Concurrent Mark Cycle
[2026-02-05T20:13:02.605+0000][50.203s][info ][gc,marking  ] GC(63) Concurrent Clear Claimed Marks
[2026-02-05T20:13:02.605+0000][50.203s][info ][safepoint   ] Safepoint "CollectForMetadataAllocation", Time since last: 408679783 ns, Reaching safepoint: 326012 ns, Cleanup: 42001 ns, At safepoint: 11075001 ns, Total: 11443014 ns
[2026-02-05T20:13:02.605+0000][50.203s][info ][gc,marking  ] GC(63) Concurrent Clear Claimed Marks 0.359ms
[2026-02-05T20:13:02.606+0000][50.203s][info ][gc,marking  ] GC(63) Concurrent Scan Root Regions
[2026-02-05T20:13:02.613+0000][50.211s][info ][gc,marking  ] GC(63) Concurrent Scan Root Regions 7.649ms
[2026-02-05T20:13:02.614+0000][50.211s][info ][gc,marking  ] GC(63) Concurrent Mark
[2026-02-05T20:13:02.614+0000][50.212s][info ][gc,marking  ] GC(63) Concurrent Mark From Roots
[2026-02-05T20:13:02.614+0000][50.212s][info ][gc,task     ] GC(63) Using 3 workers of 3 for marking
[2026-02-05T20:13:02.670+0000][50.268s][debug][safepoint   ] Safepoint synchronization initiated using futex wait barrier. (402 threads)
[2026-02-05T20:13:02.671+0000][50.268s][info ][safepoint   ] Safepoint "CollectForMetadataAllocation", Time since last: 65052453 ns, Reaching safepoint: 440916 ns, Cleanup: 3900 ns, At safepoint: 113304 ns, Total: 558120 ns
[2026-02-05T20:13:02.707+0000][50.305s][info ][gc,marking  ] GC(63) Concurrent Mark From Roots 93.595ms
[2026-02-05T20:13:02.708+0000][50.306s][info ][gc,marking  ] GC(63) Concurrent Preclean
[2026-02-05T20:13:02.708+0000][50.306s][info ][gc,marking  ] GC(63) Concurrent Preclean 0.528ms
[2026-02-05T20:13:02.709+0000][50.306s][debug][safepoint   ] Safepoint synchronization initiated using futex wait barrier. (402 threads)
[2026-02-05T20:13:02.709+0000][50.307s][info ][gc,start    ] GC(63) Pause Remark
[2026-02-05T20:13:02.724+0000][50.321s][info ][gc          ] GC(63) Pause Remark 190M->190M(394M) 14.568ms
[2026-02-05T20:13:02.724+0000][50.322s][info ][gc,cpu      ] GC(63) User=0.11s Sys=0.01s Real=0.02s
[2026-02-05T20:13:02.725+0000][50.323s][info ][safepoint   ] Safepoint "G1PauseRemark", Time since last: 37876570 ns, Reaching safepoint: 374414 ns, Cleanup: 15600 ns, At safepoint: 15796772 ns, Total: 16186786 ns
[2026-02-05T20:13:02.725+0000][50.323s][info ][gc,marking  ] GC(63) Concurrent Mark 111.483ms
[2026-02-05T20:13:02.726+0000][50.323s][info ][gc,marking  ] GC(63) Concurrent Rebuild Remembered Sets
[2026-02-05T20:13:02.781+0000][50.379s][info ][gc,marking  ] GC(63) Concurrent Rebuild Remembered Sets 55.391ms
[2026-02-05T20:13:02.784+0000][50.382s][debug][safepoint   ] Safepoint synchronization initiated using futex wait barrier. (402 threads)
[2026-02-05T20:13:02.784+0000][50.382s][debug][safepoint   ] ... found polling page loop exception at pc = 0x00007085511875da, stub =0x0000708550b10400
[2026-02-05T20:13:02.796+0000][50.394s][info ][gc,start    ] GC(63) Pause Cleanup
[2026-02-05T20:13:02.797+0000][50.394s][info ][gc          ] GC(63) Pause Cleanup 196M->196M(394M) 0.428ms
[2026-02-05T20:13:02.797+0000][50.395s][info ][gc,cpu      ] GC(63) User=0.00s Sys=0.00s Real=0.00s
[2026-02-05T20:13:02.797+0000][50.395s][info ][safepoint   ] Safepoint "G1PauseCleanup", Time since last: 59083937 ns, Reaching safepoint: 12242143 ns, Cleanup: 55602 ns, At safepoint: 989936 ns, Total: 13287681 ns
[2026-02-05T20:13:02.797+0000][50.395s][info ][gc,marking  ] GC(63) Concurrent Cleanup for Next Mark
[2026-02-05T20:13:02.798+0000][50.396s][info ][gc,marking  ] GC(63) Concurrent Cleanup for Next Mark 1.150ms
[2026-02-05T20:13:02.800+0000][50.398s][info ][gc          ] GC(63) Concurrent Mark Cycle 194.947ms
[2026-02-05T20:13:03.300+0000][50.898s][debug][safepoint   ] Safepoint synchronization initiated using futex wait barrier. (404 threads)
[2026-02-05T20:13:03.301+0000][50.899s][info ][safepoint   ] Safepoint "ICBufferFull", Time since last: 503182101 ns, Reaching safepoint: 445816 ns, Cleanup: 176006 ns, At safepoint: 79903 ns, Total: 701725 ns
[2026-02-05T20:13:03.364+0000][50.962s][debug][safepoint   ] Safepoint synchronization initiated using futex wait barrier. (404 threads)
[2026-02-05T20:13:03.365+0000][50.963s][info ][gc,start    ] GC(64) Pause Young (Prepare Mixed) (G1 Evacuation Pause)
[2026-02-05T20:13:03.365+0000][50.963s][info ][gc,task     ] GC(64) Using 10 workers of 10 for evacuation
[2026-02-05T20:13:03.376+0000][50.974s][info ][gc,phases   ] GC(64)   Pre Evacuate Collection Set: 0.4ms
[2026-02-05T20:13:03.377+0000][50.974s][info ][gc,phases   ] GC(64)   Merge Heap Roots: 0.2ms
[2026-02-05T20:13:03.377+0000][50.975s][info ][gc,phases   ] GC(64)   Evacuate Collection Set: 8.0ms
[2026-02-05T20:13:03.377+0000][50.975s][info ][gc,phases   ] GC(64)   Post Evacuate Collection Set: 2.0ms
[2026-02-05T20:13:03.377+0000][50.975s][info ][gc,phases   ] GC(64)   Other: 0.7ms
[2026-02-05T20:13:03.377+0000][50.975s][info ][gc,heap     ] GC(64) Eden regions: 76->0(1)
[2026-02-05T20:13:03.378+0000][50.975s][info ][gc,heap     ] GC(64) Survivor regions: 6->8(11)
[2026-02-05T20:13:03.378+0000][50.976s][info ][gc,heap     ] GC(64) Old regions: 85->85
[2026-02-05T20:13:03.378+0000][50.976s][info ][gc,heap     ] GC(64) Archive regions: 2->2
[2026-02-05T20:13:03.378+0000][50.976s][info ][gc,heap     ] GC(64) Humongous regions: 0->0
[2026-02-05T20:13:03.378+0000][50.976s][info ][gc,metaspace] GC(64) Metaspace: 188334K(190720K)->188334K(190720K) NonClass: 165032K(166272K)->165032K(166272K) Class: 23302K(24448K)->23302K(24448K)
[2026-02-05T20:13:03.379+0000][50.977s][info ][gc          ] GC(64) Pause Young (Prepare Mixed) (G1 Evacuation Pause) 333M->185M(394M) 13.579ms
[2026-02-05T20:13:03.379+0000][50.977s][info ][gc,cpu      ] GC(64) User=0.09s Sys=0.00s Real=0.01s
[2026-02-05T20:13:03.382+0000][50.980s][info ][safepoint   ] Safepoint "G1CollectForAllocation", Time since last: 63387093 ns, Reaching safepoint: 676525 ns, Cleanup: 41001 ns, At safepoint: 16865310 ns, Total: 17582836 ns
[2026-02-05T20:13:03.390+0000][50.988s][debug][safepoint   ] Safepoint synchronization initiated using futex wait barrier. (404 threads)
[2026-02-05T20:13:03.391+0000][50.989s][info ][gc,start    ] GC(65) Pause Young (Mixed) (G1 Evacuation Pause)
[2026-02-05T20:13:03.391+0000][50.989s][info ][gc,task     ] GC(65) Using 10 workers of 10 for evacuation
[2026-02-05T20:13:03.405+0000][51.003s][info ][gc,phases   ] GC(65)   Pre Evacuate Collection Set: 0.3ms
[2026-02-05T20:13:03.405+0000][51.003s][info ][gc,phases   ] GC(65)   Merge Heap Roots: 0.3ms
[2026-02-05T20:13:03.406+0000][51.003s][info ][gc,phases   ] GC(65)   Evacuate Collection Set: 11.9ms
[2026-02-05T20:13:03.406+0000][51.004s][info ][gc,phases   ] GC(65)   Post Evacuate Collection Set: 1.4ms
[2026-02-05T20:13:03.406+0000][51.004s][info ][gc,phases   ] GC(65)   Other: 0.6ms
[2026-02-05T20:13:03.406+0000][51.004s][info ][gc,heap     ] GC(65) Eden regions: 1->0(85)
[2026-02-05T20:13:03.406+0000][51.004s][info ][gc,heap     ] GC(65) Survivor regions: 8->1(2)
[2026-02-05T20:13:03.406+0000][51.004s][info ][gc,heap     ] GC(65) Old regions: 85->81
[2026-02-05T20:13:03.407+0000][51.004s][info ][gc,heap     ] GC(65) Archive regions: 2->2
[2026-02-05T20:13:03.407+0000][51.005s][info ][gc,heap     ] GC(65) Humongous regions: 0->0
[2026-02-05T20:13:03.407+0000][51.005s][info ][gc,metaspace] GC(65) Metaspace: 188340K(190720K)->188340K(190720K) NonClass: 165038K(166272K)->165038K(166272K) Class: 23302K(24448K)->23302K(24448K)
[2026-02-05T20:13:03.407+0000][51.005s][info ][gc          ] GC(65) Pause Young (Mixed) (G1 Evacuation Pause) 187M->165M(394M) 16.396ms
[2026-02-05T20:13:03.407+0000][51.005s][info ][gc,cpu      ] GC(65) User=0.14s Sys=0.00s Real=0.02s
[2026-02-05T20:13:03.410+0000][51.008s][info ][safepoint   ] Safepoint "G1CollectForAllocation", Time since last: 8344702 ns, Reaching safepoint: 340912 ns, Cleanup: 15901 ns, At safepoint: 19174793 ns, Total: 19531606 ns
[2026-02-05T20:13:04.414+0000][52.012s][debug][safepoint   ] Safepoint synchronization initiated using futex wait barrier. (405 threads)
[2026-02-05T20:13:04.415+0000][52.012s][info ][safepoint   ] Safepoint "Cleanup", Time since last: 1004154223 ns, Reaching safepoint: 432016 ns, Cleanup: 83203 ns, At safepoint: 21100 ns, Total: 536319 ns
[2026-02-05T20:13:06.392+0000][53.990s][debug][safepoint   ] Safepoint synchronization initiated using futex wait barrier. (405 threads)
[2026-02-05T20:13:06.392+0000][53.990s][info ][safepoint   ] Safepoint "Cleanup", Time since last: 1977351333 ns, Reaching safepoint: 299511 ns, Cleanup: 87303 ns, At safepoint: 8100 ns, Total: 394914 ns
[2026-02-05T20:13:07.393+0000][54.990s][debug][safepoint   ] Safepoint synchronization initiated using futex wait barrier. (405 threads)
[2026-02-05T20:13:07.393+0000][54.991s][info ][safepoint   ] Safepoint "Cleanup", Time since last: 1000272461 ns, Reaching safepoint: 230209 ns, Cleanup: 25200 ns, At safepoint: 24801 ns, Total: 280210 ns
[2026-02-05T20:13:08.393+0000][55.991s][debug][safepoint   ] Safepoint synchronization initiated using futex wait barrier. (405 threads)
[2026-02-05T20:13:08.393+0000][55.991s][info ][safepoint   ] Safepoint "Cleanup", Time since last: 1000258361 ns, Reaching safepoint: 261009 ns, Cleanup: 32701 ns, At safepoint: 5201 ns, Total: 298911 ns
[2026-02-05T20:13:09.394+0000][56.992s][debug][safepoint   ] Safepoint synchronization initiated using futex wait barrier. (405 threads)
[2026-02-05T20:13:09.394+0000][56.992s][info ][safepoint   ] Safepoint "Cleanup", Time since last: 1000429766 ns, Reaching safepoint: 255209 ns, Cleanup: 23301 ns, At safepoint: 3800 ns, Total: 282310 ns
[2026-02-05T20:13:10.394+0000][57.992s][debug][safepoint   ] Safepoint synchronization initiated using futex wait barrier. (405 threads)
[2026-02-05T20:13:10.395+0000][57.993s][info ][safepoint   ] Safepoint "Cleanup", Time since last: 1000296962 ns, Reaching safepoint: 410615 ns, Cleanup: 17401 ns, At safepoint: 9000 ns, Total: 437016 ns
[2026-02-05T20:13:11.395+0000][58.993s][debug][safepoint   ] Safepoint synchronization initiated using futex wait barrier. (405 threads)
[2026-02-05T20:13:11.395+0000][58.993s][info ][safepoint   ] Safepoint "Cleanup", Time since last: 1000304162 ns, Reaching safepoint: 299611 ns, Cleanup: 17000 ns, At safepoint: 23401 ns, Total: 340012 ns
[2026-02-05T20:13:12.396+0000][59.994s][debug][safepoint   ] Safepoint synchronization initiated using futex wait barrier. (405 threads)
[2026-02-05T20:13:12.396+0000][59.994s][info ][safepoint   ] Safepoint "Cleanup", Time since last: 1000273861 ns, Reaching safepoint: 427316 ns, Cleanup: 18600 ns, At safepoint: 22901 ns, Total: 468817 ns
[2026-02-05T20:13:13.616+0000][61.213s][debug][safepoint   ] Safepoint synchronization initiated using futex wait barrier. (405 threads)
[2026-02-05T20:13:13.616+0000][61.214s][info ][safepoint   ] Safepoint "Cleanup", Time since last: 1219313401 ns, Reaching safepoint: 269310 ns, Cleanup: 16601 ns, At safepoint: 4400 ns, Total: 290311 ns
[2026-02-05T20:13:14.616+0000][62.214s][debug][safepoint   ] Safepoint synchronization initiated using futex wait barrier. (405 threads)
[2026-02-05T20:13:14.616+0000][62.214s][info ][safepoint   ] Safepoint "Cleanup", Time since last: 1000404545 ns, Reaching safepoint: 262309 ns, Cleanup: 21401 ns, At safepoint: 4600 ns, Total: 288310 ns
[2026-02-05T20:13:15.617+0000][63.215s][debug][safepoint   ] Safepoint synchronization initiated using futex wait barrier. (405 threads)
[2026-02-05T20:13:15.617+0000][63.215s][info ][safepoint   ] Safepoint "Cleanup", Time since last: 1000258046 ns, Reaching safepoint: 671024 ns, Cleanup: 34301 ns, At safepoint: 7600 ns, Total: 712925 ns
[2026-02-05T20:13:16.618+0000][64.216s][debug][safepoint   ] Safepoint synchronization initiated using futex wait barrier. (406 threads)
[2026-02-05T20:13:16.618+0000][64.216s][info ][safepoint   ] Safepoint "Cleanup", Time since last: 1000289148 ns, Reaching safepoint: 283010 ns, Cleanup: 36001 ns, At safepoint: 5800 ns, Total: 324811 ns
[2026-02-05T20:13:17.617+0000][65.216s][debug][safepoint   ] Safepoint synchronization initiated using futex wait barrier. (405 threads)
[2026-02-05T20:13:17.617+0000][65.217s][info ][safepoint   ] Safepoint "Cleanup", Time since last: 1000327349 ns, Reaching safepoint: 265909 ns, Cleanup: 24501 ns, At safepoint: 5400 ns, Total: 295810 ns
[2026-02-05T20:13:18.617+0000][66.217s][debug][safepoint   ] Safepoint synchronization initiated using futex wait barrier. (405 threads)
[2026-02-05T20:13:18.618+0000][66.217s][info ][safepoint   ] Safepoint "Cleanup", Time since last: 1000272847 ns, Reaching safepoint: 314511 ns, Cleanup: 27701 ns, At safepoint: 48502 ns, Total: 390714 ns
[2026-02-05T20:13:19.618+0000][67.217s][debug][safepoint   ] Safepoint synchronization initiated using futex wait barrier. (405 threads)
[2026-02-05T20:13:19.618+0000][67.218s][info ][safepoint   ] Safepoint "Cleanup", Time since last: 1000301147 ns, Reaching safepoint: 321512 ns, Cleanup: 22701 ns, At safepoint: 5400 ns, Total: 349613 ns
[2026-02-05T20:13:20.619+0000][68.218s][debug][safepoint   ] Safepoint synchronization initiated using futex wait barrier. (405 threads)
[2026-02-05T20:13:20.619+0000][68.219s][info ][safepoint   ] Safepoint "Cleanup", Time since last: 1000452253 ns, Reaching safepoint: 308111 ns, Cleanup: 31301 ns, At safepoint: 5500 ns, Total: 344912 ns
[2026-02-05T20:13:22.141+0000][69.741s][debug][safepoint   ] Safepoint synchronization initiated using futex wait barrier. (405 threads)
[2026-02-05T20:13:22.142+0000][69.742s][info ][safepoint   ] Safepoint "Cleanup", Time since last: 1521953486 ns, Reaching safepoint: 1026836 ns, Cleanup: 137605 ns, At safepoint: 103504 ns, Total: 1267945 ns
[2026-02-05T20:13:23.143+0000][70.743s][debug][safepoint   ] Safepoint synchronization initiated using futex wait barrier. (405 threads)
[2026-02-05T20:13:23.144+0000][70.743s][info ][safepoint   ] Safepoint "Cleanup", Time since last: 1000682406 ns, Reaching safepoint: 410315 ns, Cleanup: 35101 ns, At safepoint: 5500 ns, Total: 450916 ns
[2026-02-05T20:13:23.786+0000][71.385s][debug][safepoint   ] Safepoint synchronization initiated using futex wait barrier. (405 threads)
[2026-02-05T20:13:23.786+0000][71.386s][info ][gc,start    ] GC(66) Pause Young (Concurrent Start) (G1 Evacuation Pause)
[2026-02-05T20:13:23.787+0000][71.386s][info ][gc,task     ] GC(66) Using 10 workers of 10 for evacuation
[2026-02-05T20:13:23.792+0000][71.391s][info ][gc,phases   ] GC(66)   Pre Evacuate Collection Set: 0.7ms
[2026-02-05T20:13:23.792+0000][71.391s][info ][gc,phases   ] GC(66)   Merge Heap Roots: 0.2ms
[2026-02-05T20:13:23.792+0000][71.392s][info ][gc,phases   ] GC(66)   Evacuate Collection Set: 2.3ms
[2026-02-05T20:13:23.793+0000][71.392s][info ][gc,phases   ] GC(66)   Post Evacuate Collection Set: 1.3ms
[2026-02-05T20:13:23.793+0000][71.392s][info ][gc,phases   ] GC(66)   Other: 0.9ms
[2026-02-05T20:13:23.793+0000][71.392s][info ][gc,heap     ] GC(66) Eden regions: 85->0(86)
[2026-02-05T20:13:23.793+0000][71.392s][info ][gc,heap     ] GC(66) Survivor regions: 1->1(11)
[2026-02-05T20:13:23.793+0000][71.393s][info ][gc,heap     ] GC(66) Old regions: 81->81
[2026-02-05T20:13:23.794+0000][71.393s][info ][gc,heap     ] GC(66) Archive regions: 2->2
[2026-02-05T20:13:23.794+0000][71.393s][info ][gc,heap     ] GC(66) Humongous regions: 0->0
[2026-02-05T20:13:23.794+0000][71.393s][info ][gc,metaspace] GC(66) Metaspace: 189864K(192320K)->189864K(192320K) NonClass: 166494K(167808K)->166494K(167808K) Class: 23369K(24512K)->23369K(24512K)
[2026-02-05T20:13:23.794+0000][71.394s][info ][gc          ] GC(66) Pause Young (Concurrent Start) (G1 Evacuation Pause) 335M->164M(394M) 7.779ms
[2026-02-05T20:13:23.794+0000][71.394s][info ][gc,cpu      ] GC(66) User=0.02s Sys=0.00s Real=0.01s
[2026-02-05T20:13:23.795+0000][71.394s][info ][gc          ] GC(67) Concurrent Mark Cycle
[2026-02-05T20:13:23.795+0000][71.394s][info ][gc,marking  ] GC(67) Concurrent Clear Claimed Marks
[2026-02-05T20:13:23.795+0000][71.394s][info ][safepoint   ] Safepoint "G1CollectForAllocation", Time since last: 642040307 ns, Reaching safepoint: 613522 ns, Cleanup: 71203 ns, At safepoint: 8359099 ns, Total: 9043824 ns
[2026-02-05T20:13:23.796+0000][71.395s][info ][gc,marking  ] GC(67) Concurrent Clear Claimed Marks 0.794ms
[2026-02-05T20:13:23.796+0000][71.396s][info ][gc,marking  ] GC(67) Concurrent Scan Root Regions
[2026-02-05T20:13:23.800+0000][71.399s][info ][gc,marking  ] GC(67) Concurrent Scan Root Regions 3.744ms
[2026-02-05T20:13:23.800+0000][71.400s][info ][gc,marking  ] GC(67) Concurrent Mark
[2026-02-05T20:13:23.801+0000][71.400s][info ][gc,marking  ] GC(67) Concurrent Mark From Roots
[2026-02-05T20:13:23.801+0000][71.401s][info ][gc,task     ] GC(67) Using 3 workers of 3 for marking
[2026-02-05T20:13:23.887+0000][71.486s][info ][gc,marking  ] GC(67) Concurrent Mark From Roots 85.928ms
[2026-02-05T20:13:23.887+0000][71.487s][info ][gc,marking  ] GC(67) Concurrent Preclean
[2026-02-05T20:13:23.888+0000][71.487s][info ][gc,marking  ] GC(67) Concurrent Preclean 0.621ms
[2026-02-05T20:13:23.888+0000][71.488s][debug][safepoint   ] Safepoint synchronization initiated using futex wait barrier. (405 threads)
[2026-02-05T20:13:23.889+0000][71.488s][info ][gc,start    ] GC(67) Pause Remark
[2026-02-05T20:13:23.895+0000][71.494s][info ][gc          ] GC(67) Pause Remark 165M->165M(394M) 6.197ms
[2026-02-05T20:13:23.895+0000][71.495s][info ][gc,cpu      ] GC(67) User=0.04s Sys=0.00s Real=0.01s
[2026-02-05T20:13:23.896+0000][71.495s][info ][safepoint   ] Safepoint "G1PauseRemark", Time since last: 93603755 ns, Reaching safepoint: 241808 ns, Cleanup: 32901 ns, At safepoint: 7225959 ns, Total: 7500668 ns
[2026-02-05T20:13:23.896+0000][71.495s][info ][gc,marking  ] GC(67) Concurrent Mark 95.575ms
[2026-02-05T20:13:23.896+0000][71.496s][info ][gc,marking  ] GC(67) Concurrent Rebuild Remembered Sets
[2026-02-05T20:13:23.950+0000][71.549s][info ][gc,marking  ] GC(67) Concurrent Rebuild Remembered Sets 53.326ms
[2026-02-05T20:13:23.950+0000][71.549s][debug][safepoint   ] Safepoint synchronization initiated using futex wait barrier. (405 threads)
[2026-02-05T20:13:23.950+0000][71.550s][info ][gc,start    ] GC(67) Pause Cleanup
[2026-02-05T20:13:23.951+0000][71.550s][info ][gc          ] GC(67) Pause Cleanup 165M->165M(394M) 0.493ms
[2026-02-05T20:13:23.951+0000][71.551s][info ][gc,cpu      ] GC(67) User=0.00s Sys=0.00s Real=0.00s
[2026-02-05T20:13:23.952+0000][71.551s][info ][safepoint   ] Safepoint "G1PauseCleanup", Time since last: 54118740 ns, Reaching safepoint: 241608 ns, Cleanup: 5201 ns, At safepoint: 1374249 ns, Total: 1621058 ns
[2026-02-05T20:13:23.952+0000][71.551s][info ][gc,marking  ] GC(67) Concurrent Cleanup for Next Mark
[2026-02-05T20:13:23.953+0000][71.552s][info ][gc,marking  ] GC(67) Concurrent Cleanup for Next Mark 0.661ms
[2026-02-05T20:13:23.953+0000][71.552s][info ][gc          ] GC(67) Concurrent Mark Cycle 158.458ms
[2026-02-05T20:13:24.952+0000][72.551s][debug][safepoint   ] Safepoint synchronization initiated using futex wait barrier. (405 threads)
[2026-02-05T20:13:24.953+0000][72.552s][info ][safepoint   ] Safepoint "Cleanup", Time since last: 1000540953 ns, Reaching safepoint: 391614 ns, Cleanup: 23101 ns, At safepoint: 6200 ns, Total: 420915 ns
[2026-02-05T20:13:25.953+0000][73.552s][debug][safepoint   ] Safepoint synchronization initiated using futex wait barrier. (404 threads)
[2026-02-05T20:13:25.953+0000][73.553s][info ][safepoint   ] Safepoint "Cleanup", Time since last: 1000322046 ns, Reaching safepoint: 406715 ns, Cleanup: 24801 ns, At safepoint: 6300 ns, Total: 437816 ns
[2026-02-05T20:13:26.954+0000][74.553s][debug][safepoint   ] Safepoint synchronization initiated using futex wait barrier. (404 threads)
[2026-02-05T20:13:26.954+0000][74.553s][info ][safepoint   ] Safepoint "Cleanup", Time since last: 1000304345 ns, Reaching safepoint: 297810 ns, Cleanup: 23201 ns, At safepoint: 5000 ns, Total: 326011 ns
[2026-02-05T20:13:27.954+0000][75.554s][debug][safepoint   ] Safepoint synchronization initiated using futex wait barrier. (404 threads)
[2026-02-05T20:13:27.955+0000][75.554s][info ][safepoint   ] Safepoint "Cleanup", Time since last: 1000256944 ns, Reaching safepoint: 312211 ns, Cleanup: 23701 ns, At safepoint: 4900 ns, Total: 340812 ns
[2026-02-05T20:13:28.955+0000][76.554s][debug][safepoint   ] Safepoint synchronization initiated using futex wait barrier. (404 threads)
[2026-02-05T20:13:28.955+0000][76.555s][info ][safepoint   ] Safepoint "Cleanup", Time since last: 1000263744 ns, Reaching safepoint: 461416 ns, Cleanup: 83203 ns, At safepoint: 12401 ns, Total: 557020 ns
[2026-02-05T20:13:29.956+0000][77.555s][debug][safepoint   ] Safepoint synchronization initiated using futex wait barrier. (404 threads)
[2026-02-05T20:13:29.956+0000][77.555s][info ][safepoint   ] Safepoint "Cleanup", Time since last: 1000471051 ns, Reaching safepoint: 269509 ns, Cleanup: 39702 ns, At safepoint: 36501 ns, Total: 345712 ns
[2026-02-05T20:13:30.956+0000][78.556s][debug][safepoint   ] Safepoint synchronization initiated using futex wait barrier. (404 threads)
[2026-02-05T20:13:30.957+0000][78.556s][info ][safepoint   ] Safepoint "Cleanup", Time since last: 1000347058 ns, Reaching safepoint: 267510 ns, Cleanup: 19700 ns, At safepoint: 14701 ns, Total: 301911 ns
[2026-02-05T20:13:31.957+0000][79.557s][debug][safepoint   ] Safepoint synchronization initiated using futex wait barrier. (404 threads)
[2026-02-05T20:13:31.957+0000][79.557s][info ][safepoint   ] Safepoint "Cleanup", Time since last: 1000404384 ns, Reaching safepoint: 254010 ns, Cleanup: 22400 ns, At safepoint: 6901 ns, Total: 283311 ns
[2026-02-05T20:13:33.292+0000][80.892s][debug][safepoint   ] Safepoint synchronization initiated using futex wait barrier. (404 threads)
[2026-02-05T20:13:33.293+0000][80.892s][info ][safepoint   ] Safepoint "Cleanup", Time since last: 1334975486 ns, Reaching safepoint: 501818 ns, Cleanup: 16200 ns, At safepoint: 29301 ns, Total: 547319 ns
[2026-02-05T20:13:34.294+0000][81.893s][debug][safepoint   ] Safepoint synchronization initiated using futex wait barrier. (404 threads)
[2026-02-05T20:13:34.294+0000][81.894s][info ][safepoint   ] Safepoint "Cleanup", Time since last: 1000638894 ns, Reaching safepoint: 463516 ns, Cleanup: 28901 ns, At safepoint: 145606 ns, Total: 638023 ns
[2026-02-05T20:13:35.295+0000][82.894s][debug][safepoint   ] Safepoint synchronization initiated using futex wait barrier. (404 threads)
[2026-02-05T20:13:35.295+0000][82.894s][info ][safepoint   ] Safepoint "Cleanup", Time since last: 1000310781 ns, Reaching safepoint: 336812 ns, Cleanup: 35501 ns, At safepoint: 4600 ns, Total: 376913 ns
[2026-02-05T20:13:36.295+0000][83.895s][debug][safepoint   ] Safepoint synchronization initiated using futex wait barrier. (404 threads)
[2026-02-05T20:13:36.296+0000][83.895s][info ][safepoint   ] Safepoint "Cleanup", Time since last: 1000393985 ns, Reaching safepoint: 349012 ns, Cleanup: 22001 ns, At safepoint: 6300 ns, Total: 377313 ns
[2026-02-05T20:13:37.300+0000][84.900s][debug][safepoint   ] Safepoint synchronization initiated using futex wait barrier. (404 threads)
[2026-02-05T20:13:37.301+0000][84.900s][info ][safepoint   ] Safepoint "Cleanup", Time since last: 1004627638 ns, Reaching safepoint: 402514 ns, Cleanup: 14001 ns, At safepoint: 28201 ns, Total: 444716 ns
[2026-02-05T20:13:38.301+0000][85.900s][debug][safepoint   ] Safepoint synchronization initiated using futex wait barrier. (404 threads)
[2026-02-05T20:13:38.301+0000][85.901s][info ][safepoint   ] Safepoint "Cleanup", Time since last: 1000291480 ns, Reaching safepoint: 277410 ns, Cleanup: 11201 ns, At safepoint: 4400 ns, Total: 293011 ns
[2026-02-05T20:13:39.302+0000][86.901s][debug][safepoint   ] Safepoint synchronization initiated using futex wait barrier. (404 threads)
[2026-02-05T20:13:39.302+0000][86.901s][info ][safepoint   ] Safepoint "Cleanup", Time since last: 1000304831 ns, Reaching safepoint: 250410 ns, Cleanup: 17300 ns, At safepoint: 5300 ns, Total: 273010 ns
[2026-02-05T20:13:40.302+0000][87.902s][debug][safepoint   ] Safepoint synchronization initiated using futex wait barrier. (404 threads)
[2026-02-05T20:13:40.303+0000][87.902s][info ][safepoint   ] Safepoint "Cleanup", Time since last: 1000312034 ns, Reaching safepoint: 310911 ns, Cleanup: 11901 ns, At safepoint: 67002 ns, Total: 389814 ns
[2026-02-05T20:13:41.303+0000][88.902s][debug][safepoint   ] Safepoint synchronization initiated using futex wait barrier. (404 threads)
[2026-02-05T20:13:41.303+0000][88.903s][info ][safepoint   ] Safepoint "Cleanup", Time since last: 1000293033 ns, Reaching safepoint: 336312 ns, Cleanup: 22501 ns, At safepoint: 29201 ns, Total: 388014 ns
[2026-02-05T20:13:42.304+0000][89.903s][debug][safepoint   ] Safepoint synchronization initiated using futex wait barrier. (405 threads)
[2026-02-05T20:13:42.304+0000][89.904s][info ][safepoint   ] Safepoint "Cleanup", Time since last: 1000405037 ns, Reaching safepoint: 408715 ns, Cleanup: 20001 ns, At safepoint: 25201 ns, Total: 453917 ns
[2026-02-05T20:13:43.305+0000][90.904s][debug][safepoint   ] Safepoint synchronization initiated using futex wait barrier. (404 threads)
[2026-02-05T20:13:43.305+0000][90.904s][info ][safepoint   ] Safepoint "Cleanup", Time since last: 1000477539 ns, Reaching safepoint: 341413 ns, Cleanup: 16700 ns, At safepoint: 5401 ns, Total: 363514 ns
[2026-02-05T20:13:44.305+0000][91.905s][debug][safepoint   ] Safepoint synchronization initiated using futex wait barrier. (404 threads)
[2026-02-05T20:13:44.306+0000][91.905s][info ][safepoint   ] Safepoint "Cleanup", Time since last: 1000298133 ns, Reaching safepoint: 422315 ns, Cleanup: 22901 ns, At safepoint: 34901 ns, Total: 480117 ns
[2026-02-05T20:13:45.306+0000][92.906s][debug][safepoint   ] Safepoint synchronization initiated using futex wait barrier. (404 threads)
[2026-02-05T20:13:45.306+0000][92.906s][info ][safepoint   ] Safepoint "Cleanup", Time since last: 1000323334 ns, Reaching safepoint: 257110 ns, Cleanup: 15800 ns, At safepoint: 50102 ns, Total: 323012 ns
[2026-02-05T20:13:46.307+0000][93.906s][debug][safepoint   ] Safepoint synchronization initiated using futex wait barrier. (404 threads)
[2026-02-05T20:13:46.307+0000][93.906s][info ][safepoint   ] Safepoint "Cleanup", Time since last: 1000298633 ns, Reaching safepoint: 250709 ns, Cleanup: 12201 ns, At safepoint: 3900 ns, Total: 266810 ns
[2026-02-05T20:13:47.306+0000][94.907s][debug][safepoint   ] Safepoint synchronization initiated using futex wait barrier. (404 threads)
[2026-02-05T20:13:47.306+0000][94.907s][info ][safepoint   ] Safepoint "Cleanup", Time since last: 1000347727 ns, Reaching safepoint: 270109 ns, Cleanup: 20001 ns, At safepoint: 6800 ns, Total: 296910 ns
[2026-02-05T20:13:48.307+0000][95.907s][debug][safepoint   ] Safepoint synchronization initiated using futex wait barrier. (404 threads)
[2026-02-05T20:13:48.308+0000][95.908s][info ][safepoint   ] Safepoint "Cleanup", Time since last: 1000280216 ns, Reaching safepoint: 931233 ns, Cleanup: 30201 ns, At safepoint: 14401 ns, Total: 975835 ns
[2026-02-05T20:13:49.308+0000][96.909s][debug][safepoint   ] Safepoint synchronization initiated using futex wait barrier. (404 threads)
[2026-02-05T20:13:49.308+0000][96.909s][info ][safepoint   ] Safepoint "Cleanup", Time since last: 1000336617 ns, Reaching safepoint: 331012 ns, Cleanup: 16501 ns, At safepoint: 37301 ns, Total: 384814 ns
[2026-02-05T20:13:50.309+0000][97.909s][debug][safepoint   ] Safepoint synchronization initiated using futex wait barrier. (404 threads)
[2026-02-05T20:13:50.310+0000][97.910s][info ][safepoint   ] Safepoint "Cleanup", Time since last: 1000318117 ns, Reaching safepoint: 690925 ns, Cleanup: 30501 ns, At safepoint: 66703 ns, Total: 788129 ns
[2026-02-05T20:13:50.333+0000][97.934s][debug][safepoint   ] Safepoint synchronization initiated using futex wait barrier. (404 threads)
[2026-02-05T20:13:50.334+0000][97.934s][info ][gc,start    ] GC(68) Pause Young (Prepare Mixed) (G1 Evacuation Pause)
[2026-02-05T20:13:50.334+0000][97.935s][info ][gc,task     ] GC(68) Using 10 workers of 10 for evacuation
[2026-02-05T20:13:50.338+0000][97.939s][info ][gc,phases   ] GC(68)   Pre Evacuate Collection Set: 0.3ms
[2026-02-05T20:13:50.339+0000][97.939s][info ][gc,phases   ] GC(68)   Merge Heap Roots: 0.2ms
[2026-02-05T20:13:50.339+0000][97.939s][info ][gc,phases   ] GC(68)   Evacuate Collection Set: 2.0ms
[2026-02-05T20:13:50.339+0000][97.939s][info ][gc,phases   ] GC(68)   Post Evacuate Collection Set: 1.5ms
[2026-02-05T20:13:50.339+0000][97.940s][info ][gc,phases   ] GC(68)   Other: 0.6ms
[2026-02-05T20:13:50.339+0000][97.940s][info ][gc,heap     ] GC(68) Eden regions: 86->0(8)
[2026-02-05T20:13:50.339+0000][97.940s][info ][gc,heap     ] GC(68) Survivor regions: 1->1(11)
[2026-02-05T20:13:50.340+0000][97.940s][info ][gc,heap     ] GC(68) Old regions: 81->81
[2026-02-05T20:13:50.340+0000][97.940s][info ][gc,heap     ] GC(68) Archive regions: 2->2
[2026-02-05T20:13:50.340+0000][97.940s][info ][gc,heap     ] GC(68) Humongous regions: 0->0
[2026-02-05T20:13:50.340+0000][97.941s][info ][gc,metaspace] GC(68) Metaspace: 190661K(193152K)->190661K(193152K) NonClass: 167261K(168576K)->167261K(168576K) Class: 23399K(24576K)->23399K(24576K)
[2026-02-05T20:13:50.340+0000][97.941s][info ][gc          ] GC(68) Pause Young (Prepare Mixed) (G1 Evacuation Pause) 336M->164M(394M) 6.351ms
[2026-02-05T20:13:50.340+0000][97.941s][info ][gc,cpu      ] GC(68) User=0.03s Sys=0.00s Real=0.01s
[2026-02-05T20:13:50.341+0000][97.941s][info ][safepoint   ] Safepoint "G1CollectForAllocation", Time since last: 23814657 ns, Reaching safepoint: 365713 ns, Cleanup: 12601 ns, At safepoint: 7161758 ns, Total: 7540072 ns
[2026-02-05T20:13:51.341+0000][98.942s][debug][safepoint   ] Safepoint synchronization initiated using futex wait barrier. (404 threads)
[2026-02-05T20:13:51.342+0000][98.942s][info ][safepoint   ] Safepoint "Cleanup", Time since last: 1000473822 ns, Reaching safepoint: 265110 ns, Cleanup: 70802 ns, At safepoint: 21101 ns, Total: 357013 ns
[2026-02-05T20:13:52.342+0000][99.943s][debug][safepoint   ] Safepoint synchronization initiated using futex wait barrier. (404 threads)
[2026-02-05T20:13:52.342+0000][99.943s][info ][safepoint   ] Safepoint "Cleanup", Time since last: 1000287016 ns, Reaching safepoint: 345912 ns, Cleanup: 15101 ns, At safepoint: 27501 ns, Total: 388514 ns
[2026-02-05T20:13:52.561+0000][100.162s][debug][safepoint   ] Safepoint synchronization initiated using futex wait barrier. (404 threads)
[2026-02-05T20:13:52.562+0000][100.162s][info ][gc,start    ] GC(69) Pause Young (Mixed) (G1 Evacuation Pause)
[2026-02-05T20:13:52.562+0000][100.163s][info ][gc,task     ] GC(69) Using 10 workers of 10 for evacuation
[2026-02-05T20:13:52.571+0000][100.172s][info ][gc,phases   ] GC(69)   Pre Evacuate Collection Set: 0.3ms
[2026-02-05T20:13:52.572+0000][100.172s][info ][gc,phases   ] GC(69)   Merge Heap Roots: 0.3ms
[2026-02-05T20:13:52.572+0000][100.172s][info ][gc,phases   ] GC(69)   Evacuate Collection Set: 6.4ms
[2026-02-05T20:13:52.572+0000][100.173s][info ][gc,phases   ] GC(69)   Post Evacuate Collection Set: 1.7ms
[2026-02-05T20:13:52.572+0000][100.173s][info ][gc,phases   ] GC(69)   Other: 0.8ms
[2026-02-05T20:13:52.573+0000][100.173s][info ][gc,heap     ] GC(69) Eden regions: 8->0(89)
[2026-02-05T20:13:52.573+0000][100.173s][info ][gc,heap     ] GC(69) Survivor regions: 1->1(2)
[2026-02-05T20:13:52.573+0000][100.174s][info ][gc,heap     ] GC(69) Old regions: 81->79
[2026-02-05T20:13:52.573+0000][100.174s][info ][gc,heap     ] GC(69) Archive regions: 2->2
[2026-02-05T20:13:52.573+0000][100.174s][info ][gc,heap     ] GC(69) Humongous regions: 0->0
[2026-02-05T20:13:52.574+0000][100.174s][info ][gc,metaspace] GC(69) Metaspace: 190719K(193216K)->190719K(193216K) NonClass: 167319K(168640K)->167319K(168640K) Class: 23399K(24576K)->23399K(24576K)
[2026-02-05T20:13:52.574+0000][100.174s][info ][gc          ] GC(69) Pause Young (Mixed) (G1 Evacuation Pause) 180M->160M(394M) 12.148ms
[2026-02-05T20:13:52.574+0000][100.175s][info ][gc,cpu      ] GC(69) User=0.05s Sys=0.01s Real=0.01s
[2026-02-05T20:13:52.575+0000][100.175s][info ][safepoint   ] Safepoint "G1CollectForAllocation", Time since last: 218793377 ns, Reaching safepoint: 412315 ns, Cleanup: 6400 ns, At safepoint: 13214876 ns, Total: 13633591 ns
[2026-02-05T20:13:54.344+0000][101.945s][debug][safepoint   ] Safepoint synchronization initiated using futex wait barrier. (401 threads)
[2026-02-05T20:13:54.345+0000][101.945s][info ][safepoint   ] Safepoint "Cleanup", Time since last: 1769556414 ns, Reaching safepoint: 254909 ns, Cleanup: 59202 ns, At safepoint: 5600 ns, Total: 319711 ns
[2026-02-05T20:13:55.345+0000][102.946s][debug][safepoint   ] Safepoint synchronization initiated using futex wait barrier. (400 threads)
[2026-02-05T20:13:55.345+0000][102.946s][info ][safepoint   ] Safepoint "Cleanup", Time since last: 1000223182 ns, Reaching safepoint: 301511 ns, Cleanup: 9701 ns, At safepoint: 3800 ns, Total: 315012 ns
[2026-02-05T20:13:56.346+0000][103.946s][debug][safepoint   ] Safepoint synchronization initiated using futex wait barrier. (400 threads)
[2026-02-05T20:13:56.346+0000][103.946s][info ][safepoint   ] Safepoint "Cleanup", Time since last: 1000252589 ns, Reaching safepoint: 306411 ns, Cleanup: 30001 ns, At safepoint: 5400 ns, Total: 341812 ns
[2026-02-05T20:13:57.346+0000][104.947s][debug][safepoint   ] Safepoint synchronization initiated using futex wait barrier. (398 threads)
[2026-02-05T20:13:57.347+0000][104.947s][info ][safepoint   ] Safepoint "Cleanup", Time since last: 1000267590 ns, Reaching safepoint: 289111 ns, Cleanup: 28601 ns, At safepoint: 67702 ns, Total: 385414 ns
[2026-02-05T20:13:58.347+0000][105.947s][debug][safepoint   ] Safepoint synchronization initiated using futex wait barrier. (397 threads)
[2026-02-05T20:13:58.347+0000][105.948s][info ][safepoint   ] Safepoint "Cleanup", Time since last: 1000363594 ns, Reaching safepoint: 328912 ns, Cleanup: 19100 ns, At safepoint: 4200 ns, Total: 352212 ns
[2026-02-05T20:13:59.347+0000][106.948s][debug][safepoint   ] Safepoint synchronization initiated using futex wait barrier. (397 threads)
[2026-02-05T20:13:59.348+0000][106.948s][info ][safepoint   ] Safepoint "Cleanup", Time since last: 1000252990 ns, Reaching safepoint: 406414 ns, Cleanup: 9501 ns, At safepoint: 27501 ns, Total: 443416 ns
[2026-02-05T20:14:00.348+0000][107.949s][debug][safepoint   ] Safepoint synchronization initiated using futex wait barrier. (397 threads)
[2026-02-05T20:14:00.348+0000][107.949s][info ][safepoint   ] Safepoint "Cleanup", Time since last: 1000267890 ns, Reaching safepoint: 267309 ns, Cleanup: 19201 ns, At safepoint: 5200 ns, Total: 291710 ns
[2026-02-05T20:14:01.349+0000][108.949s][debug][safepoint   ] Safepoint synchronization initiated using futex wait barrier. (397 threads)
[2026-02-05T20:14:01.349+0000][108.950s][info ][safepoint   ] Safepoint "Cleanup", Time since last: 1000259090 ns, Reaching safepoint: 519519 ns, Cleanup: 22100 ns, At safepoint: 14401 ns, Total: 556020 ns
[2026-02-05T20:14:02.350+0000][109.950s][debug][safepoint   ] Safepoint synchronization initiated using futex wait barrier. (397 threads)
[2026-02-05T20:14:02.350+0000][109.950s][info ][safepoint   ] Safepoint "Cleanup", Time since last: 1000374194 ns, Reaching safepoint: 245509 ns, Cleanup: 12600 ns, At safepoint: 3800 ns, Total: 261909 ns
[2026-02-05T20:14:03.350+0000][110.951s][debug][safepoint   ] Safepoint synchronization initiated using futex wait barrier. (397 threads)
[2026-02-05T20:14:03.351+0000][110.951s][info ][safepoint   ] Safepoint "Cleanup", Time since last: 1000246689 ns, Reaching safepoint: 309511 ns, Cleanup: 19801 ns, At safepoint: 5000 ns, Total: 334312 ns
[2026-02-05T20:14:04.351+0000][111.951s][debug][safepoint   ] Safepoint synchronization initiated using futex wait barrier. (397 threads)
[2026-02-05T20:14:04.351+0000][111.952s][info ][safepoint   ] Safepoint "Cleanup", Time since last: 1000358700 ns, Reaching safepoint: 399815 ns, Cleanup: 13100 ns, At safepoint: 125305 ns, Total: 538220 ns
[2026-02-05T20:14:05.352+0000][112.952s][debug][safepoint   ] Safepoint synchronization initiated using futex wait barrier. (397 threads)
[2026-02-05T20:14:05.352+0000][112.953s][info ][safepoint   ] Safepoint "Cleanup", Time since last: 1000394601 ns, Reaching safepoint: 369514 ns, Cleanup: 14001 ns, At safepoint: 27701 ns, Total: 411216 ns
[2026-02-05T20:14:06.353+0000][113.953s][debug][safepoint   ] Safepoint synchronization initiated using futex wait barrier. (397 threads)
[2026-02-05T20:14:06.353+0000][113.954s][info ][safepoint   ] Safepoint "Cleanup", Time since last: 1000536806 ns, Reaching safepoint: 356013 ns, Cleanup: 21001 ns, At safepoint: 5400 ns, Total: 382414 ns
[2026-02-05T20:14:07.353+0000][114.954s][debug][safepoint   ] Safepoint synchronization initiated using futex wait barrier. (397 threads)
[2026-02-05T20:14:07.354+0000][114.954s][info ][safepoint   ] Safepoint "Cleanup", Time since last: 1000353200 ns, Reaching safepoint: 305011 ns, Cleanup: 14501 ns, At safepoint: 39101 ns, Total: 358613 ns
[2026-02-05T20:14:08.354+0000][115.955s][debug][safepoint   ] Safepoint synchronization initiated using futex wait barrier. (397 threads)
[2026-02-05T20:14:08.355+0000][115.955s][info ][safepoint   ] Safepoint "Cleanup", Time since last: 1000288098 ns, Reaching safepoint: 378914 ns, Cleanup: 16300 ns, At safepoint: 5101 ns, Total: 400315 ns
[2026-02-05T20:14:10.264+0000][117.864s][debug][safepoint   ] Safepoint synchronization initiated using futex wait barrier. (397 threads)
[2026-02-05T20:14:10.264+0000][117.865s][info ][safepoint   ] Safepoint "Cleanup", Time since last: 1909137922 ns, Reaching safepoint: 302411 ns, Cleanup: 34101 ns, At safepoint: 6300 ns, Total: 342812 ns
[2026-02-05T20:14:11.264+0000][118.865s][debug][safepoint   ] Safepoint synchronization initiated using futex wait barrier. (397 threads)
[2026-02-05T20:14:11.265+0000][118.866s][info ][safepoint   ] Safepoint "Cleanup", Time since last: 1000272576 ns, Reaching safepoint: 624422 ns, Cleanup: 32701 ns, At safepoint: 23101 ns, Total: 680224 ns
[2026-02-05T20:14:12.266+0000][119.866s][debug][safepoint   ] Safepoint synchronization initiated using futex wait barrier. (397 threads)
[2026-02-05T20:14:12.266+0000][119.867s][info ][safepoint   ] Safepoint "Cleanup", Time since last: 1000730025 ns, Reaching safepoint: 262010 ns, Cleanup: 8200 ns, At safepoint: 72803 ns, Total: 343013 ns
[2026-02-05T20:14:13.680+0000][121.281s][debug][safepoint   ] Safepoint synchronization initiated using futex wait barrier. (397 threads)
[2026-02-05T20:14:13.680+0000][121.281s][info ][safepoint   ] Safepoint "Cleanup", Time since last: 1413954725 ns, Reaching safepoint: 443416 ns, Cleanup: 24401 ns, At safepoint: 11200 ns, Total: 479017 ns
[2026-02-05T20:14:14.681+0000][122.281s][debug][safepoint   ] Safepoint synchronization initiated using futex wait barrier. (397 threads)
[2026-02-05T20:14:14.681+0000][122.282s][info ][safepoint   ] Safepoint "Cleanup", Time since last: 1000330611 ns, Reaching safepoint: 527019 ns, Cleanup: 27601 ns, At safepoint: 31101 ns, Total: 585721 ns
[2026-02-05T20:14:15.682+0000][123.282s][debug][safepoint   ] Safepoint synchronization initiated using futex wait barrier. (397 threads)
[2026-02-05T20:14:15.682+0000][123.283s][info ][safepoint   ] Safepoint "Cleanup", Time since last: 1000426314 ns, Reaching safepoint: 305811 ns, Cleanup: 14801 ns, At safepoint: 4900 ns, Total: 325512 ns
[2026-02-05T20:14:16.682+0000][124.283s][debug][safepoint   ] Safepoint synchronization initiated using futex wait barrier. (397 threads)
[2026-02-05T20:14:16.683+0000][124.283s][info ][safepoint   ] Safepoint "Cleanup", Time since last: 1000350312 ns, Reaching safepoint: 387914 ns, Cleanup: 15100 ns, At safepoint: 4700 ns, Total: 407714 ns
[2026-02-05T20:14:17.682+0000][125.284s][debug][safepoint   ] Safepoint synchronization initiated using futex wait barrier. (397 threads)
[2026-02-05T20:14:17.682+0000][125.284s][info ][safepoint   ] Safepoint "Cleanup", Time since last: 1000268209 ns, Reaching safepoint: 249909 ns, Cleanup: 18200 ns, At safepoint: 4201 ns, Total: 272310 ns
[2026-02-05T20:14:18.390+0000][125.992s][debug][safepoint   ] Safepoint synchronization initiated using futex wait barrier. (397 threads)
[2026-02-05T20:14:18.391+0000][125.993s][info ][gc,start    ] GC(70) Pause Young (Normal) (G1 Evacuation Pause)
[2026-02-05T20:14:18.391+0000][125.993s][info ][gc,task     ] GC(70) Using 10 workers of 10 for evacuation
[2026-02-05T20:14:18.396+0000][125.998s][info ][gc,phases   ] GC(70)   Pre Evacuate Collection Set: 0.4ms
[2026-02-05T20:14:18.396+0000][125.998s][info ][gc,phases   ] GC(70)   Merge Heap Roots: 0.2ms
[2026-02-05T20:14:18.396+0000][125.998s][info ][gc,phases   ] GC(70)   Evacuate Collection Set: 2.2ms
[2026-02-05T20:14:18.397+0000][125.998s][info ][gc,phases   ] GC(70)   Post Evacuate Collection Set: 1.4ms
[2026-02-05T20:14:18.397+0000][125.999s][info ][gc,phases   ] GC(70)   Other: 0.8ms
[2026-02-05T20:14:18.397+0000][125.999s][info ][gc,heap     ] GC(70) Eden regions: 89->0(90)
[2026-02-05T20:14:18.397+0000][125.999s][info ][gc,heap     ] GC(70) Survivor regions: 1->1(12)
[2026-02-05T20:14:18.397+0000][125.999s][info ][gc,heap     ] GC(70) Old regions: 79->79
[2026-02-05T20:14:18.397+0000][125.999s][info ][gc,heap     ] GC(70) Archive regions: 2->2
[2026-02-05T20:14:18.397+0000][125.999s][info ][gc,heap     ] GC(70) Humongous regions: 0->0
[2026-02-05T20:14:18.398+0000][126.000s][info ][gc,metaspace] GC(70) Metaspace: 191595K(194112K)->191595K(194112K) NonClass: 168136K(169408K)->168136K(169408K) Class: 23459K(24704K)->23459K(24704K)
[2026-02-05T20:14:18.398+0000][126.000s][info ][gc          ] GC(70) Pause Young (Normal) (G1 Evacuation Pause) 338M->161M(394M) 6.789ms
[2026-02-05T20:14:18.398+0000][126.000s][info ][gc,cpu      ] GC(70) User=0.02s Sys=0.00s Real=0.01s
[2026-02-05T20:14:18.398+0000][126.000s][info ][safepoint   ] Safepoint "G1CollectForAllocation", Time since last: 708393204 ns, Reaching safepoint: 381913 ns, Cleanup: 38401 ns, At safepoint: 7473349 ns, Total: 7893663 ns
[2026-02-05T20:14:19.400+0000][127.002s][debug][safepoint   ] Safepoint synchronization initiated using futex wait barrier. (397 threads)
[2026-02-05T20:14:19.400+0000][127.002s][info ][safepoint   ] Safepoint "Cleanup", Time since last: 1001501538 ns, Reaching safepoint: 329911 ns, Cleanup: 50902 ns, At safepoint: 27101 ns, Total: 407914 ns
[2026-02-05T20:14:20.401+0000][128.003s][debug][safepoint   ] Safepoint synchronization initiated using futex wait barrier. (397 threads)
[2026-02-05T20:14:20.401+0000][128.003s][info ][safepoint   ] Safepoint "Cleanup", Time since last: 1000383401 ns, Reaching safepoint: 417614 ns, Cleanup: 23401 ns, At safepoint: 8900 ns, Total: 449915 ns
[2026-02-05T20:14:21.402+0000][129.003s][debug][safepoint   ] Safepoint synchronization initiated using futex wait barrier. (397 threads)
[2026-02-05T20:14:21.402+0000][129.004s][info ][safepoint   ] Safepoint "Cleanup", Time since last: 1000393602 ns, Reaching safepoint: 375112 ns, Cleanup: 23401 ns, At safepoint: 21301 ns, Total: 419814 ns
[2026-02-05T20:14:22.402+0000][130.004s][debug][safepoint   ] Safepoint synchronization initiated using futex wait barrier. (397 threads)
[2026-02-05T20:14:22.404+0000][130.006s][info ][safepoint   ] Safepoint "Cleanup", Time since last: 1000365900 ns, Reaching safepoint: 1521651 ns, Cleanup: 19601 ns, At safepoint: 12600 ns, Total: 1553852 ns
[2026-02-05T20:14:23.404+0000][131.006s][debug][safepoint   ] Safepoint synchronization initiated using futex wait barrier. (397 threads)
[2026-02-05T20:14:23.405+0000][131.006s][info ][safepoint   ] Safepoint "Cleanup", Time since last: 1000387001 ns, Reaching safepoint: 312511 ns, Cleanup: 19100 ns, At safepoint: 10301 ns, Total: 341912 ns
[2026-02-05T20:14:24.405+0000][132.007s][debug][safepoint   ] Safepoint synchronization initiated using futex wait barrier. (397 threads)
[2026-02-05T20:14:24.405+0000][132.007s][info ][safepoint   ] Safepoint "Cleanup", Time since last: 1000415702 ns, Reaching safepoint: 234108 ns, Cleanup: 17901 ns, At safepoint: 4600 ns, Total: 256609 ns
[2026-02-05T20:14:25.405+0000][133.007s][debug][safepoint   ] Safepoint synchronization initiated using futex wait barrier. (397 threads)
[2026-02-05T20:14:25.406+0000][133.008s][info ][safepoint   ] Safepoint "Cleanup", Time since last: 1000227996 ns, Reaching safepoint: 247408 ns, Cleanup: 16901 ns, At safepoint: 4400 ns, Total: 268709 ns
[2026-02-05T20:14:26.406+0000][134.008s][debug][safepoint   ] Safepoint synchronization initiated using futex wait barrier. (397 threads)
[2026-02-05T20:14:26.406+0000][134.008s][info ][safepoint   ] Safepoint "Cleanup", Time since last: 1000238926 ns, Reaching safepoint: 381814 ns, Cleanup: 20201 ns, At safepoint: 50302 ns, Total: 452317 ns
[2026-02-05T20:14:27.407+0000][135.009s][debug][safepoint   ] Safepoint synchronization initiated using futex wait barrier. (397 threads)
[2026-02-05T20:14:27.407+0000][135.009s][info ][safepoint   ] Safepoint "Cleanup", Time since last: 1000313884 ns, Reaching safepoint: 389614 ns, Cleanup: 38901 ns, At safepoint: 158706 ns, Total: 587221 ns
[2026-02-05T20:14:28.408+0000][136.010s][debug][safepoint   ] Safepoint synchronization initiated using futex wait barrier. (397 threads)
[2026-02-05T20:14:28.408+0000][136.010s][info ][safepoint   ] Safepoint "Cleanup", Time since last: 1000336185 ns, Reaching safepoint: 299011 ns, Cleanup: 32601 ns, At safepoint: 5100 ns, Total: 336712 ns
[2026-02-05T20:14:29.408+0000][137.010s][debug][safepoint   ] Safepoint synchronization initiated using futex wait barrier. (397 threads)
[2026-02-05T20:14:29.409+0000][137.011s][info ][safepoint   ] Safepoint "Cleanup", Time since last: 1000309784 ns, Reaching safepoint: 338612 ns, Cleanup: 16201 ns, At safepoint: 7400 ns, Total: 362213 ns
[2026-02-05T20:14:30.409+0000][138.011s][debug][safepoint   ] Safepoint synchronization initiated using futex wait barrier. (397 threads)
[2026-02-05T20:14:30.409+0000][138.011s][info ][safepoint   ] Safepoint "Cleanup", Time since last: 1000311484 ns, Reaching safepoint: 266909 ns, Cleanup: 12601 ns, At safepoint: 5000 ns, Total: 284510 ns
[2026-02-05T20:14:31.410+0000][139.012s][debug][safepoint   ] Safepoint synchronization initiated using futex wait barrier. (396 threads)
[2026-02-05T20:14:31.410+0000][139.012s][info ][safepoint   ] Safepoint "Cleanup", Time since last: 1000314984 ns, Reaching safepoint: 343813 ns, Cleanup: 18700 ns, At safepoint: 4700 ns, Total: 367213 ns
[2026-02-05T20:14:32.410+0000][140.012s][debug][safepoint   ] Safepoint synchronization initiated using futex wait barrier. (396 threads)
[2026-02-05T20:14:32.411+0000][140.013s][info ][safepoint   ] Safepoint "Cleanup", Time since last: 1000362386 ns, Reaching safepoint: 459517 ns, Cleanup: 21201 ns, At safepoint: 90203 ns, Total: 570921 ns
[2026-02-05T20:14:33.411+0000][141.013s][debug][safepoint   ] Safepoint synchronization initiated using futex wait barrier. (396 threads)
[2026-02-05T20:14:33.412+0000][141.014s][info ][safepoint   ] Safepoint "Cleanup", Time since last: 1000368186 ns, Reaching safepoint: 338112 ns, Cleanup: 10100 ns, At safepoint: 34402 ns, Total: 382614 ns
[2026-02-05T20:14:34.412+0000][142.014s][debug][safepoint   ] Safepoint synchronization initiated using futex wait barrier. (396 threads)
[2026-02-05T20:14:34.412+0000][142.014s][info ][safepoint   ] Safepoint "Cleanup", Time since last: 1000380485 ns, Reaching safepoint: 282511 ns, Cleanup: 17500 ns, At safepoint: 4400 ns, Total: 304411 ns
[2026-02-05T20:14:35.413+0000][143.015s][debug][safepoint   ] Safepoint synchronization initiated using futex wait barrier. (396 threads)
[2026-02-05T20:14:35.413+0000][143.015s][info ][safepoint   ] Safepoint "Cleanup", Time since last: 1000331255 ns, Reaching safepoint: 707326 ns, Cleanup: 18700 ns, At safepoint: 21001 ns, Total: 747027 ns
[2026-02-05T20:14:36.414+0000][144.016s][debug][safepoint   ] Safepoint synchronization initiated using futex wait barrier. (396 threads)
[2026-02-05T20:14:36.414+0000][144.016s][info ][safepoint   ] Safepoint "Cleanup", Time since last: 1000424358 ns, Reaching safepoint: 300411 ns, Cleanup: 36301 ns, At safepoint: 7301 ns, Total: 344013 ns
[2026-02-05T20:14:37.414+0000][145.016s][debug][safepoint   ] Safepoint synchronization initiated using futex wait barrier. (396 threads)
[2026-02-05T20:14:37.415+0000][145.017s][info ][safepoint   ] Safepoint "Cleanup", Time since last: 1000281352 ns, Reaching safepoint: 267710 ns, Cleanup: 19301 ns, At safepoint: 4500 ns, Total: 291511 ns
[2026-02-05T20:14:38.415+0000][146.017s][debug][safepoint   ] Safepoint synchronization initiated using futex wait barrier. (396 threads)
[2026-02-05T20:14:38.415+0000][146.017s][info ][safepoint   ] Safepoint "Cleanup", Time since last: 1000265052 ns, Reaching safepoint: 281910 ns, Cleanup: 29901 ns, At safepoint: 28801 ns, Total: 340612 ns
[2026-02-05T20:14:41.416+0000][149.018s][debug][safepoint   ] Safepoint synchronization initiated using futex wait barrier. (396 threads)
[2026-02-05T20:14:41.416+0000][149.018s][info ][safepoint   ] Safepoint "Cleanup", Time since last: 3000496946 ns, Reaching safepoint: 226508 ns, Cleanup: 12100 ns, At safepoint: 4201 ns, Total: 242809 ns
[2026-02-05T20:14:42.416+0000][150.018s][debug][safepoint   ] Safepoint synchronization initiated using futex wait barrier. (396 threads)
[2026-02-05T20:14:42.417+0000][150.019s][info ][safepoint   ] Safepoint "Cleanup", Time since last: 1000295353 ns, Reaching safepoint: 357913 ns, Cleanup: 16901 ns, At safepoint: 9200 ns, Total: 384014 ns
[2026-02-05T20:14:43.417+0000][151.019s][debug][safepoint   ] Safepoint synchronization initiated using futex wait barrier. (396 threads)
[2026-02-05T20:14:43.417+0000][151.019s][info ][safepoint   ] Safepoint "Cleanup", Time since last: 1000320629 ns, Reaching safepoint: 288109 ns, Cleanup: 18201 ns, At safepoint: 5100 ns, Total: 311410 ns
[2026-02-05T20:14:44.418+0000][152.020s][debug][safepoint   ] Safepoint synchronization initiated using futex wait barrier. (396 threads)
[2026-02-05T20:14:44.418+0000][152.020s][info ][safepoint   ] Safepoint "Cleanup", Time since last: 1000272825 ns, Reaching safepoint: 476116 ns, Cleanup: 33701 ns, At safepoint: 44902 ns, Total: 554719 ns
[2026-02-05T20:14:45.419+0000][153.021s][debug][safepoint   ] Safepoint synchronization initiated using futex wait barrier. (396 threads)
[2026-02-05T20:14:45.419+0000][153.021s][info ][safepoint   ] Safepoint "Cleanup", Time since last: 1000355628 ns, Reaching safepoint: 573919 ns, Cleanup: 13700 ns, At safepoint: 5200 ns, Total: 592819 ns
[2026-02-05T20:14:46.420+0000][154.021s][debug][safepoint   ] Safepoint synchronization initiated using futex wait barrier. (396 threads)
[2026-02-05T20:14:46.420+0000][154.022s][info ][safepoint   ] Safepoint "Cleanup", Time since last: 1000332527 ns, Reaching safepoint: 266009 ns, Cleanup: 22001 ns, At safepoint: 5100 ns, Total: 293110 ns
[2026-02-05T20:14:47.418+0000][155.022s][debug][safepoint   ] Safepoint synchronization initiated using futex wait barrier. (396 threads)
[2026-02-05T20:14:47.419+0000][155.022s][info ][safepoint   ] Safepoint "Cleanup", Time since last: 1000255524 ns, Reaching safepoint: 267709 ns, Cleanup: 12700 ns, At safepoint: 5500 ns, Total: 285909 ns
[2026-02-05T20:14:48.274+0000][155.878s][debug][safepoint   ] Safepoint synchronization initiated using futex wait barrier. (396 threads)
[2026-02-05T20:14:48.275+0000][155.878s][info ][gc,start    ] GC(71) Pause Young (Normal) (G1 Evacuation Pause)
[2026-02-05T20:14:48.275+0000][155.879s][info ][gc,task     ] GC(71) Using 10 workers of 10 for evacuation
[2026-02-05T20:14:48.280+0000][155.884s][info ][gc,phases   ] GC(71)   Pre Evacuate Collection Set: 0.4ms
[2026-02-05T20:14:48.280+0000][155.884s][info ][gc,phases   ] GC(71)   Merge Heap Roots: 0.3ms
[2026-02-05T20:14:48.280+0000][155.884s][info ][gc,phases   ] GC(71)   Evacuate Collection Set: 2.2ms
[2026-02-05T20:14:48.281+0000][155.884s][info ][gc,phases   ] GC(71)   Post Evacuate Collection Set: 1.6ms
[2026-02-05T20:14:48.281+0000][155.884s][info ][gc,phases   ] GC(71)   Other: 0.6ms
[2026-02-05T20:14:48.281+0000][155.884s][info ][gc,heap     ] GC(71) Eden regions: 90->0(91)
[2026-02-05T20:14:48.281+0000][155.885s][info ][gc,heap     ] GC(71) Survivor regions: 1->1(12)
[2026-02-05T20:14:48.281+0000][155.885s][info ][gc,heap     ] GC(71) Old regions: 79->79
[2026-02-05T20:14:48.281+0000][155.885s][info ][gc,heap     ] GC(71) Archive regions: 2->2
[2026-02-05T20:14:48.281+0000][155.885s][info ][gc,heap     ] GC(71) Humongous regions: 0->0
[2026-02-05T20:14:48.282+0000][155.885s][info ][gc,metaspace] GC(71) Metaspace: 191947K(194560K)->191947K(194560K) NonClass: 168488K(169856K)->168488K(169856K) Class: 23459K(24704K)->23459K(24704K)
[2026-02-05T20:14:48.282+0000][155.885s][info ][gc          ] GC(71) Pause Young (Normal) (G1 Evacuation Pause) 341M->161M(394M) 6.857ms
[2026-02-05T20:14:48.282+0000][155.886s][info ][gc,cpu      ] GC(71) User=0.02s Sys=0.01s Real=0.01s
[2026-02-05T20:14:48.282+0000][155.886s][info ][safepoint   ] Safepoint "G1CollectForAllocation", Time since last: 855568919 ns, Reaching safepoint: 491916 ns, Cleanup: 17201 ns, At safepoint: 7451447 ns, Total: 7960564 ns
[2026-02-05T20:14:49.283+0000][156.886s][debug][safepoint   ] Safepoint synchronization initiated using futex wait barrier. (396 threads)
[2026-02-05T20:14:49.284+0000][156.888s][info ][safepoint   ] Safepoint "Cleanup", Time since last: 1000370429 ns, Reaching safepoint: 1586952 ns, Cleanup: 27201 ns, At safepoint: 146905 ns, Total: 1761058 ns
[2026-02-05T20:14:50.285+0000][157.888s][debug][safepoint   ] Safepoint synchronization initiated using futex wait barrier. (396 threads)
[2026-02-05T20:14:50.285+0000][157.889s][info ][safepoint   ] Safepoint "Cleanup", Time since last: 1000426730 ns, Reaching safepoint: 409814 ns, Cleanup: 27901 ns, At safepoint: 17001 ns, Total: 454716 ns
[2026-02-05T20:14:51.286+0000][158.889s][debug][safepoint   ] Safepoint synchronization initiated using futex wait barrier. (396 threads)
[2026-02-05T20:14:51.286+0000][158.890s][info ][safepoint   ] Safepoint "Cleanup", Time since last: 1000487480 ns, Reaching safepoint: 451515 ns, Cleanup: 41902 ns, At safepoint: 19701 ns, Total: 513118 ns
[2026-02-05T20:14:52.287+0000][159.890s][debug][safepoint   ] Safepoint synchronization initiated using futex wait barrier. (396 threads)
[2026-02-05T20:14:52.287+0000][159.891s][info ][safepoint   ] Safepoint "Cleanup", Time since last: 1000476635 ns, Reaching safepoint: 385213 ns, Cleanup: 22701 ns, At safepoint: 67402 ns, Total: 475316 ns
[2026-02-05T20:14:53.288+0000][160.891s][debug][safepoint   ] Safepoint synchronization initiated using futex wait barrier. (396 threads)
[2026-02-05T20:14:53.288+0000][160.892s][info ][safepoint   ] Safepoint "Cleanup", Time since last: 1000332530 ns, Reaching safepoint: 357913 ns, Cleanup: 47801 ns, At safepoint: 28201 ns, Total: 433915 ns
[2026-02-05T20:14:54.289+0000][161.892s][debug][safepoint   ] Safepoint synchronization initiated using futex wait barrier. (395 threads)
[2026-02-05T20:14:54.289+0000][161.892s][info ][safepoint   ] Safepoint "Cleanup", Time since last: 1000574439 ns, Reaching safepoint: 334911 ns, Cleanup: 20501 ns, At safepoint: 19101 ns, Total: 374513 ns
[2026-02-05T20:14:55.290+0000][162.893s][debug][safepoint   ] Safepoint synchronization initiated using futex wait barrier. (395 threads)
[2026-02-05T20:14:55.290+0000][162.894s][info ][safepoint   ] Safepoint "Cleanup", Time since last: 1000633240 ns, Reaching safepoint: 716525 ns, Cleanup: 17401 ns, At safepoint: 10000 ns, Total: 743926 ns
[2026-02-05T20:14:56.291+0000][163.894s][debug][safepoint   ] Safepoint synchronization initiated using futex wait barrier. (395 threads)
[2026-02-05T20:14:56.291+0000][163.894s][info ][safepoint   ] Safepoint "Cleanup", Time since last: 1000305829 ns, Reaching safepoint: 274610 ns, Cleanup: 14900 ns, At safepoint: 4201 ns, Total: 293711 ns
[2026-02-05T20:14:57.291+0000][164.895s][debug][safepoint   ] Safepoint synchronization initiated using futex wait barrier. (395 threads)
[2026-02-05T20:14:57.292+0000][164.895s][info ][safepoint   ] Safepoint "Cleanup", Time since last: 1000264627 ns, Reaching safepoint: 341712 ns, Cleanup: 14901 ns, At safepoint: 95703 ns, Total: 452316 ns
[2026-02-05T20:14:58.292+0000][165.896s][debug][safepoint   ] Safepoint synchronization initiated using futex wait barrier. (394 threads)
[2026-02-05T20:14:58.292+0000][165.896s][info ][safepoint   ] Safepoint "Cleanup", Time since last: 1000488235 ns, Reaching safepoint: 262110 ns, Cleanup: 21200 ns, At safepoint: 4300 ns, Total: 287610 ns
[2026-02-05T20:14:59.293+0000][166.896s][debug][safepoint   ] Safepoint synchronization initiated using futex wait barrier. (394 threads)
[2026-02-05T20:14:59.293+0000][166.897s][info ][safepoint   ] Safepoint "Cleanup", Time since last: 1000295234 ns, Reaching safepoint: 370514 ns, Cleanup: 15800 ns, At safepoint: 48202 ns, Total: 434516 ns
[2026-02-05T20:15:00.293+0000][167.897s][debug][safepoint   ] Safepoint synchronization initiated using futex wait barrier. (394 threads)
[2026-02-05T20:15:00.294+0000][167.898s][info ][safepoint   ] Safepoint "Cleanup", Time since last: 1000314971 ns, Reaching safepoint: 963134 ns, Cleanup: 14801 ns, At safepoint: 25801 ns, Total: 1003736 ns
[2026-02-05T20:15:02.295+0000][169.898s][debug][safepoint   ] Safepoint synchronization initiated using futex wait barrier. (394 threads)
[2026-02-05T20:15:02.297+0000][169.901s][debug][safepoint   ] ... found polling page loop exception at pc = 0x00007085519e4258, stub =0x0000708550b10400
[2026-02-05T20:15:02.301+0000][169.904s][info ][safepoint   ] Safepoint "Cleanup", Time since last: 2000405434 ns, Reaching safepoint: 4714969 ns, Cleanup: 41002 ns, At safepoint: 1041337 ns, Total: 5797308 ns
[2026-02-05T20:15:03.303+0000][170.907s][debug][safepoint   ] Safepoint synchronization initiated using futex wait barrier. (394 threads)
[2026-02-05T20:15:03.304+0000][170.907s][info ][safepoint   ] Safepoint "Cleanup", Time since last: 1002360144 ns, Reaching safepoint: 367114 ns, Cleanup: 35201 ns, At safepoint: 99703 ns, Total: 502018 ns
[2026-02-05T20:15:04.304+0000][171.907s][debug][safepoint   ] Safepoint synchronization initiated using futex wait barrier. (394 threads)
[2026-02-05T20:15:04.304+0000][171.908s][info ][safepoint   ] Safepoint "Cleanup", Time since last: 1000396874 ns, Reaching safepoint: 429016 ns, Cleanup: 19900 ns, At safepoint: 8301 ns, Total: 457217 ns
[2026-02-05T20:15:05.305+0000][172.908s][debug][safepoint   ] Safepoint synchronization initiated using futex wait barrier. (394 threads)
[2026-02-05T20:15:05.305+0000][172.909s][info ][safepoint   ] Safepoint "Cleanup", Time since last: 1000354172 ns, Reaching safepoint: 322412 ns, Cleanup: 15600 ns, At safepoint: 12501 ns, Total: 350513 ns
[2026-02-05T20:15:06.305+0000][173.909s][debug][safepoint   ] Safepoint synchronization initiated using futex wait barrier. (394 threads)
[2026-02-05T20:15:06.306+0000][173.910s][info ][safepoint   ] Safepoint "Cleanup", Time since last: 1000319771 ns, Reaching safepoint: 533819 ns, Cleanup: 23101 ns, At safepoint: 13500 ns, Total: 570420 ns
[2026-02-05T20:15:07.306+0000][174.910s][debug][safepoint   ] Safepoint synchronization initiated using futex wait barrier. (394 threads)
[2026-02-05T20:15:07.307+0000][174.910s][info ][safepoint   ] Safepoint "Cleanup", Time since last: 1000287466 ns, Reaching safepoint: 435716 ns, Cleanup: 25601 ns, At safepoint: 18400 ns, Total: 479717 ns
[2026-02-05T20:15:08.307+0000][175.911s][debug][safepoint   ] Safepoint synchronization initiated using futex wait barrier. (394 threads)
[2026-02-05T20:15:08.308+0000][175.911s][info ][safepoint   ] Safepoint "Cleanup", Time since last: 1000370585 ns, Reaching safepoint: 565220 ns, Cleanup: 23501 ns, At safepoint: 79403 ns, Total: 668124 ns
[2026-02-05T20:15:09.308+0000][176.912s][debug][safepoint   ] Safepoint synchronization initiated using futex wait barrier. (394 threads)
[2026-02-05T20:15:09.309+0000][176.912s][info ][safepoint   ] Safepoint "Cleanup", Time since last: 1000507290 ns, Reaching safepoint: 448016 ns, Cleanup: 16900 ns, At safepoint: 5700 ns, Total: 470616 ns
[2026-02-05T20:15:10.309+0000][177.913s][debug][safepoint   ] Safepoint synchronization initiated using futex wait barrier. (394 threads)
[2026-02-05T20:15:10.310+0000][177.913s][info ][safepoint   ] Safepoint "Cleanup", Time since last: 1000392586 ns, Reaching safepoint: 399114 ns, Cleanup: 22601 ns, At safepoint: 106504 ns, Total: 528219 ns
[2026-02-05T20:15:11.310+0000][178.914s][debug][safepoint   ] Safepoint synchronization initiated using futex wait barrier. (394 threads)
[2026-02-05T20:15:11.311+0000][178.915s][info ][safepoint   ] Safepoint "Cleanup", Time since last: 1000384385 ns, Reaching safepoint: 995136 ns, Cleanup: 33201 ns, At safepoint: 27301 ns, Total: 1055638 ns
[2026-02-05T20:15:13.773+0000][181.377s][debug][safepoint   ] Safepoint synchronization initiated using futex wait barrier. (394 threads)
[2026-02-05T20:15:13.774+0000][181.377s][info ][safepoint   ] Safepoint "Cleanup", Time since last: 2462367421 ns, Reaching safepoint: 338712 ns, Cleanup: 15400 ns, At safepoint: 5501 ns, Total: 359613 ns
[2026-02-05T20:15:17.773+0000][185.378s][debug][safepoint   ] Safepoint synchronization initiated using futex wait barrier. (394 threads)
[2026-02-05T20:15:17.774+0000][185.378s][info ][safepoint   ] Safepoint "Cleanup", Time since last: 4000567165 ns, Reaching safepoint: 426515 ns, Cleanup: 12001 ns, At safepoint: 64902 ns, Total: 503418 ns
[2026-02-05T20:15:18.774+0000][186.379s][debug][safepoint   ] Safepoint synchronization initiated using futex wait barrier. (394 threads)
[2026-02-05T20:15:18.775+0000][186.379s][info ][safepoint   ] Safepoint "Cleanup", Time since last: 1000266388 ns, Reaching safepoint: 382014 ns, Cleanup: 20200 ns, At safepoint: 25701 ns, Total: 427915 ns
[2026-02-05T20:15:19.775+0000][187.379s][debug][safepoint   ] Safepoint synchronization initiated using futex wait barrier. (394 threads)
[2026-02-05T20:15:19.775+0000][187.380s][info ][safepoint   ] Safepoint "Cleanup", Time since last: 1000347491 ns, Reaching safepoint: 333812 ns, Cleanup: 27401 ns, At safepoint: 4800 ns, Total: 366013 ns
[2026-02-05T20:15:19.879+0000][187.484s][debug][safepoint   ] Safepoint synchronization initiated using futex wait barrier. (394 threads)
[2026-02-05T20:15:19.880+0000][187.485s][info ][gc,start    ] GC(72) Pause Young (Normal) (G1 Evacuation Pause)
[2026-02-05T20:15:19.880+0000][187.485s][info ][gc,task     ] GC(72) Using 10 workers of 10 for evacuation
[2026-02-05T20:15:19.885+0000][187.490s][info ][gc,phases   ] GC(72)   Pre Evacuate Collection Set: 0.3ms
[2026-02-05T20:15:19.886+0000][187.490s][info ][gc,phases   ] GC(72)   Merge Heap Roots: 0.2ms
[2026-02-05T20:15:19.886+0000][187.490s][info ][gc,phases   ] GC(72)   Evacuate Collection Set: 2.6ms
[2026-02-05T20:15:19.886+0000][187.491s][info ][gc,phases   ] GC(72)   Post Evacuate Collection Set: 1.4ms
[2026-02-05T20:15:19.886+0000][187.491s][info ][gc,phases   ] GC(72)   Other: 0.7ms
[2026-02-05T20:15:19.886+0000][187.491s][info ][gc,heap     ] GC(72) Eden regions: 91->0(92)
[2026-02-05T20:15:19.887+0000][187.491s][info ][gc,heap     ] GC(72) Survivor regions: 1->1(12)
[2026-02-05T20:15:19.887+0000][187.491s][info ][gc,heap     ] GC(72) Old regions: 79->79
[2026-02-05T20:15:19.887+0000][187.492s][info ][gc,heap     ] GC(72) Archive regions: 2->2
[2026-02-05T20:15:19.887+0000][187.492s][info ][gc,heap     ] GC(72) Humongous regions: 0->0
[2026-02-05T20:15:19.887+0000][187.492s][info ][gc,metaspace] GC(72) Metaspace: 192356K(195008K)->192356K(195008K) NonClass: 168868K(170240K)->168868K(170240K) Class: 23488K(24768K)->23488K(24768K)
[2026-02-05T20:15:19.887+0000][187.492s][info ][gc          ] GC(72) Pause Young (Normal) (G1 Evacuation Pause) 343M->161M(394M) 7.201ms
[2026-02-05T20:15:19.888+0000][187.492s][info ][gc,cpu      ] GC(72) User=0.02s Sys=0.00s Real=0.01s
[2026-02-05T20:15:19.888+0000][187.493s][info ][safepoint   ] Safepoint "G1CollectForAllocation", Time since last: 104206339 ns, Reaching safepoint: 663424 ns, Cleanup: 7100 ns, At safepoint: 7873383 ns, Total: 8543907 ns
[2026-02-05T20:15:20.888+0000][188.493s][debug][safepoint   ] Safepoint synchronization initiated using futex wait barrier. (394 threads)
[2026-02-05T20:15:20.890+0000][188.494s][info ][safepoint   ] Safepoint "Cleanup", Time since last: 1000330890 ns, Reaching safepoint: 1102240 ns, Cleanup: 38901 ns, At safepoint: 71302 ns, Total: 1212443 ns
[2026-02-05T20:15:21.891+0000][189.496s][debug][safepoint   ] Safepoint synchronization initiated using futex wait barrier. (394 threads)
[2026-02-05T20:15:21.892+0000][189.496s][info ][safepoint   ] Safepoint "Cleanup", Time since last: 1001600236 ns, Reaching safepoint: 405215 ns, Cleanup: 12800 ns, At safepoint: 23201 ns, Total: 441216 ns
[2026-02-05T20:15:22.892+0000][190.497s][debug][safepoint   ] Safepoint synchronization initiated using futex wait barrier. (394 threads)
[2026-02-05T20:15:22.893+0000][190.497s][info ][safepoint   ] Safepoint "Cleanup", Time since last: 1000385226 ns, Reaching safepoint: 651023 ns, Cleanup: 22201 ns, At safepoint: 41901 ns, Total: 715125 ns
[2026-02-05T20:15:23.893+0000][191.498s][debug][safepoint   ] Safepoint synchronization initiated using futex wait barrier. (394 threads)
[2026-02-05T20:15:23.894+0000][191.499s][info ][safepoint   ] Safepoint "Cleanup", Time since last: 1000761685 ns, Reaching safepoint: 494518 ns, Cleanup: 23501 ns, At safepoint: 84103 ns, Total: 602122 ns
[2026-02-05T20:15:24.895+0000][192.499s][debug][safepoint   ] Safepoint synchronization initiated using futex wait barrier. (394 threads)
[2026-02-05T20:15:24.895+0000][192.500s][info ][safepoint   ] Safepoint "Cleanup", Time since last: 1000688881 ns, Reaching safepoint: 299811 ns, Cleanup: 39902 ns, At safepoint: 4300 ns, Total: 344013 ns
[2026-02-05T20:15:25.896+0000][193.500s][debug][safepoint   ] Safepoint synchronization initiated using futex wait barrier. (394 threads)
[2026-02-05T20:15:25.896+0000][193.501s][info ][safepoint   ] Safepoint "Cleanup", Time since last: 1000719783 ns, Reaching safepoint: 437415 ns, Cleanup: 19701 ns, At safepoint: 22601 ns, Total: 479717 ns
[2026-02-05T20:15:26.897+0000][194.501s][debug][safepoint   ] Safepoint synchronization initiated using futex wait barrier. (394 threads)
[2026-02-05T20:15:26.897+0000][194.502s][info ][safepoint   ] Safepoint "Cleanup", Time since last: 1000502675 ns, Reaching safepoint: 262510 ns, Cleanup: 12100 ns, At safepoint: 4300 ns, Total: 278910 ns
[2026-02-05T20:15:27.897+0000][195.502s][debug][safepoint   ] Safepoint synchronization initiated using futex wait barrier. (394 threads)
[2026-02-05T20:15:27.898+0000][195.503s][info ][safepoint   ] Safepoint "Cleanup", Time since last: 1000259667 ns, Reaching safepoint: 530119 ns, Cleanup: 17300 ns, At safepoint: 82603 ns, Total: 630022 ns
[2026-02-05T20:15:29.899+0000][197.504s][debug][safepoint   ] Safepoint synchronization initiated using futex wait barrier. (394 threads)
[2026-02-05T20:15:29.900+0000][197.504s][info ][safepoint   ] Safepoint "Cleanup", Time since last: 2001045652 ns, Reaching safepoint: 612122 ns, Cleanup: 25501 ns, At safepoint: 22201 ns, Total: 659824 ns
[2026-02-05T20:15:30.900+0000][198.505s][debug][safepoint   ] Safepoint synchronization initiated using futex wait barrier. (394 threads)
[2026-02-05T20:15:30.901+0000][198.505s][info ][safepoint   ] Safepoint "Cleanup", Time since last: 1000482005 ns, Reaching safepoint: 395314 ns, Cleanup: 19801 ns, At safepoint: 8901 ns, Total: 424016 ns
[2026-02-05T20:15:31.901+0000][199.505s][debug][safepoint   ] Safepoint synchronization initiated using futex wait barrier. (394 threads)
[2026-02-05T20:15:31.901+0000][199.506s][info ][safepoint   ] Safepoint "Cleanup", Time since last: 1000301541 ns, Reaching safepoint: 402015 ns, Cleanup: 13400 ns, At safepoint: 22501 ns, Total: 437916 ns
[2026-02-05T20:15:32.902+0000][200.506s][debug][safepoint   ] Safepoint synchronization initiated using futex wait barrier. (394 threads)
[2026-02-05T20:15:32.902+0000][200.507s][info ][safepoint   ] Safepoint "Cleanup", Time since last: 1000289642 ns, Reaching safepoint: 424015 ns, Cleanup: 16000 ns, At safepoint: 32202 ns, Total: 472217 ns
[2026-02-05T20:15:33.903+0000][201.507s][debug][safepoint   ] Safepoint synchronization initiated using futex wait barrier. (394 threads)
[2026-02-05T20:15:33.903+0000][201.508s][info ][safepoint   ] Safepoint "Cleanup", Time since last: 1000553051 ns, Reaching safepoint: 274209 ns, Cleanup: 12501 ns, At safepoint: 4300 ns, Total: 291010 ns
[2026-02-05T20:15:36.904+0000][204.508s][debug][safepoint   ] Safepoint synchronization initiated using futex wait barrier. (394 threads)
[2026-02-05T20:15:36.904+0000][204.509s][info ][safepoint   ] Safepoint "Cleanup", Time since last: 3000626816 ns, Reaching safepoint: 389714 ns, Cleanup: 11800 ns, At safepoint: 4600 ns, Total: 406114 ns
[2026-02-05T20:15:37.904+0000][205.509s][debug][safepoint   ] Safepoint synchronization initiated using futex wait barrier. (394 threads)
[2026-02-05T20:15:37.905+0000][205.509s][info ][safepoint   ] Safepoint "Cleanup", Time since last: 1000299742 ns, Reaching safepoint: 328312 ns, Cleanup: 19101 ns, At safepoint: 5800 ns, Total: 353213 ns
[2026-02-05T20:15:39.905+0000][207.510s][debug][safepoint   ] Safepoint synchronization initiated using futex wait barrier. (394 threads)
[2026-02-05T20:15:39.913+0000][207.518s][info ][safepoint   ] Safepoint "Cleanup", Time since last: 2000390174 ns, Reaching safepoint: 8109191 ns, Cleanup: 22800 ns, At safepoint: 10501 ns, Total: 8142492 ns
[2026-02-05T20:15:40.914+0000][208.519s][debug][safepoint   ] Safepoint synchronization initiated using futex wait barrier. (394 threads)
[2026-02-05T20:15:40.915+0000][208.519s][info ][safepoint   ] Safepoint "Cleanup", Time since last: 1001266463 ns, Reaching safepoint: 192507 ns, Cleanup: 13801 ns, At safepoint: 24301 ns, Total: 230609 ns
[2026-02-05T20:15:42.915+0000][210.520s][debug][safepoint   ] Safepoint synchronization initiated using futex wait barrier. (394 threads)
[2026-02-05T20:15:42.918+0000][210.522s][info ][safepoint   ] Safepoint "Cleanup", Time since last: 2000383149 ns, Reaching safepoint: 2586993 ns, Cleanup: 49702 ns, At safepoint: 19600 ns, Total: 2656295 ns
[2026-02-05T20:15:43.918+0000][211.523s][debug][safepoint   ] Safepoint synchronization initiated using futex wait barrier. (394 threads)
[2026-02-05T20:15:43.918+0000][211.523s][info ][safepoint   ] Safepoint "Cleanup", Time since last: 1000470135 ns, Reaching safepoint: 322212 ns, Cleanup: 23501 ns, At safepoint: 5100 ns, Total: 350813 ns
[2026-02-05T20:15:45.919+0000][213.524s][debug][safepoint   ] Safepoint synchronization initiated using futex wait barrier. (394 threads)
[2026-02-05T20:15:45.920+0000][213.525s][info ][safepoint   ] Safepoint "Cleanup", Time since last: 2000533655 ns, Reaching safepoint: 916833 ns, Cleanup: 25901 ns, At safepoint: 45001 ns, Total: 987735 ns
[2026-02-05T20:15:46.921+0000][214.525s][debug][safepoint   ] Safepoint synchronization initiated using futex wait barrier. (394 threads)
[2026-02-05T20:15:46.921+0000][214.525s][info ][safepoint   ] Safepoint "Cleanup", Time since last: 1000527531 ns, Reaching safepoint: 278509 ns, Cleanup: 13201 ns, At safepoint: 4700 ns, Total: 296410 ns
[2026-02-05T20:15:47.920+0000][215.526s][debug][safepoint   ] Safepoint synchronization initiated using futex wait barrier. (394 threads)
[2026-02-05T20:15:47.920+0000][215.526s][info ][safepoint   ] Safepoint "Cleanup", Time since last: 1000254153 ns, Reaching safepoint: 273609 ns, Cleanup: 14401 ns, At safepoint: 4500 ns, Total: 292510 ns
[2026-02-05T20:15:48.920+0000][216.526s][debug][safepoint   ] Safepoint synchronization initiated using futex wait barrier. (394 threads)
[2026-02-05T20:15:48.921+0000][216.527s][info ][safepoint   ] Safepoint "Cleanup", Time since last: 1000268454 ns, Reaching safepoint: 341811 ns, Cleanup: 13301 ns, At safepoint: 7700 ns, Total: 362812 ns
[2026-02-05T20:15:49.921+0000][217.527s][debug][safepoint   ] Safepoint synchronization initiated using futex wait barrier. (394 threads)
[2026-02-05T20:15:49.921+0000][217.527s][info ][safepoint   ] Safepoint "Cleanup", Time since last: 1000299855 ns, Reaching safepoint: 277410 ns, Cleanup: 11800 ns, At safepoint: 4400 ns, Total: 293610 ns
[2026-02-05T20:15:50.922+0000][218.528s][debug][safepoint   ] Safepoint synchronization initiated using futex wait barrier. (394 threads)
[2026-02-05T20:15:50.922+0000][218.528s][info ][safepoint   ] Safepoint "Cleanup", Time since last: 1000425760 ns, Reaching safepoint: 274809 ns, Cleanup: 11001 ns, At safepoint: 5000 ns, Total: 290810 ns
[2026-02-05T20:15:51.064+0000][218.670s][debug][safepoint   ] Safepoint synchronization initiated using futex wait barrier. (394 threads)
[2026-02-05T20:15:51.065+0000][218.671s][info ][gc,start    ] GC(73) Pause Young (Normal) (G1 Evacuation Pause)
[2026-02-05T20:15:51.066+0000][218.672s][info ][gc,task     ] GC(73) Using 10 workers of 10 for evacuation
[2026-02-05T20:15:51.072+0000][218.678s][info ][gc,phases   ] GC(73)   Pre Evacuate Collection Set: 0.4ms
[2026-02-05T20:15:51.072+0000][218.678s][info ][gc,phases   ] GC(73)   Merge Heap Roots: 0.2ms
[2026-02-05T20:15:51.072+0000][218.678s][info ][gc,phases   ] GC(73)   Evacuate Collection Set: 2.6ms
[2026-02-05T20:15:51.073+0000][218.679s][info ][gc,phases   ] GC(73)   Post Evacuate Collection Set: 2.0ms
[2026-02-05T20:15:51.073+0000][218.679s][info ][gc,phases   ] GC(73)   Other: 1.5ms
[2026-02-05T20:15:51.073+0000][218.679s][info ][gc,heap     ] GC(73) Eden regions: 92->0(92)
[2026-02-05T20:15:51.073+0000][218.679s][info ][gc,heap     ] GC(73) Survivor regions: 1->1(12)
[2026-02-05T20:15:51.073+0000][218.679s][info ][gc,heap     ] GC(73) Old regions: 79->79
[2026-02-05T20:15:51.073+0000][218.679s][info ][gc,heap     ] GC(73) Archive regions: 2->2
[2026-02-05T20:15:51.074+0000][218.680s][info ][gc,heap     ] GC(73) Humongous regions: 0->0
[2026-02-05T20:15:51.074+0000][218.680s][info ][gc,metaspace] GC(73) Metaspace: 192598K(195200K)->192598K(195200K) NonClass: 169105K(170432K)->169105K(170432K) Class: 23493K(24768K)->23493K(24768K)
[2026-02-05T20:15:51.074+0000][218.680s][info ][gc          ] GC(73) Pause Young (Normal) (G1 Evacuation Pause) 345M->161M(394M) 8.853ms
[2026-02-05T20:15:51.074+0000][218.680s][info ][gc,cpu      ] GC(73) User=0.02s Sys=0.01s Real=0.02s
[2026-02-05T20:15:51.074+0000][218.680s][info ][safepoint   ] Safepoint "G1CollectForAllocation", Time since last: 142318159 ns, Reaching safepoint: 648522 ns, Cleanup: 5001 ns, At safepoint: 9564726 ns, Total: 10218249 ns
[2026-02-05T20:15:52.075+0000][219.681s][debug][safepoint   ] Safepoint synchronization initiated using futex wait barrier. (394 threads)
[2026-02-05T20:15:52.075+0000][219.681s][info ][safepoint   ] Safepoint "Cleanup", Time since last: 1000280255 ns, Reaching safepoint: 348311 ns, Cleanup: 17901 ns, At safepoint: 5600 ns, Total: 371812 ns
[2026-02-05T20:15:53.076+0000][220.682s][debug][safepoint   ] Safepoint synchronization initiated using futex wait barrier. (394 threads)
[2026-02-05T20:15:53.076+0000][220.682s][info ][safepoint   ] Safepoint "Cleanup", Time since last: 1000569865 ns, Reaching safepoint: 336711 ns, Cleanup: 15401 ns, At safepoint: 4200 ns, Total: 356312 ns
[2026-02-05T20:15:54.076+0000][221.682s][debug][safepoint   ] Safepoint synchronization initiated using futex wait barrier. (393 threads)
[2026-02-05T20:15:54.077+0000][221.683s][info ][safepoint   ] Safepoint "Cleanup", Time since last: 1000320756 ns, Reaching safepoint: 763726 ns, Cleanup: 30501 ns, At safepoint: 18900 ns, Total: 813127 ns
[2026-02-05T20:15:58.078+0000][225.684s][debug][safepoint   ] Safepoint synchronization initiated using futex wait barrier. (392 threads)
[2026-02-05T20:15:58.078+0000][225.684s][info ][safepoint   ] Safepoint "Cleanup", Time since last: 4000714810 ns, Reaching safepoint: 492418 ns, Cleanup: 13701 ns, At safepoint: 29401 ns, Total: 535520 ns
[2026-02-05T20:15:59.079+0000][226.685s][debug][safepoint   ] Safepoint synchronization initiated using futex wait barrier. (392 threads)
[2026-02-05T20:15:59.080+0000][226.686s][info ][safepoint   ] Safepoint "Cleanup", Time since last: 1000819025 ns, Reaching safepoint: 281210 ns, Cleanup: 19000 ns, At safepoint: 6701 ns, Total: 306911 ns
[2026-02-05T20:16:00.080+0000][227.686s][debug][safepoint   ] Safepoint synchronization initiated using futex wait barrier. (392 threads)
[2026-02-05T20:16:00.080+0000][227.686s][info ][safepoint   ] Safepoint "Cleanup", Time since last: 1000280905 ns, Reaching safepoint: 287611 ns, Cleanup: 13600 ns, At safepoint: 4700 ns, Total: 305911 ns
[2026-02-05T20:16:04.081+0000][231.687s][debug][safepoint   ] Safepoint synchronization initiated using futex wait barrier. (392 threads)
[2026-02-05T20:16:04.081+0000][231.687s][info ][safepoint   ] Safepoint "Cleanup", Time since last: 4000572539 ns, Reaching safepoint: 383614 ns, Cleanup: 33601 ns, At safepoint: 7600 ns, Total: 424815 ns
[2026-02-05T20:16:06.082+0000][233.688s][debug][safepoint   ] Safepoint synchronization initiated using futex wait barrier. (392 threads)
[2026-02-05T20:16:06.082+0000][233.688s][info ][safepoint   ] Safepoint "Cleanup", Time since last: 2000566558 ns, Reaching safepoint: 605322 ns, Cleanup: 14301 ns, At safepoint: 4300 ns, Total: 623923 ns
[2026-02-05T20:16:08.083+0000][235.689s][debug][safepoint   ] Safepoint synchronization initiated using futex wait barrier. (392 threads)
[2026-02-05T20:16:08.084+0000][235.690s][info ][safepoint   ] Safepoint "Cleanup", Time since last: 2000391252 ns, Reaching safepoint: 1007836 ns, Cleanup: 16900 ns, At safepoint: 7101 ns, Total: 1031837 ns
[2026-02-05T20:16:11.084+0000][238.690s][debug][safepoint   ] Safepoint synchronization initiated using futex wait barrier. (392 threads)
[2026-02-05T20:16:11.085+0000][238.691s][info ][safepoint   ] Safepoint "Cleanup", Time since last: 3000576213 ns, Reaching safepoint: 310811 ns, Cleanup: 13700 ns, At safepoint: 7800 ns, Total: 332311 ns
[2026-02-05T20:16:12.085+0000][239.691s][debug][safepoint   ] Safepoint synchronization initiated using futex wait barrier. (392 threads)
[2026-02-05T20:16:12.086+0000][239.692s][info ][safepoint   ] Safepoint "Cleanup", Time since last: 1000317116 ns, Reaching safepoint: 513718 ns, Cleanup: 20201 ns, At safepoint: 132204 ns, Total: 666123 ns
[2026-02-05T20:16:13.883+0000][241.489s][debug][safepoint   ] Safepoint synchronization initiated using futex wait barrier. (392 threads)
[2026-02-05T20:16:13.884+0000][241.490s][info ][safepoint   ] Safepoint "Cleanup", Time since last: 1797596107 ns, Reaching safepoint: 422415 ns, Cleanup: 47201 ns, At safepoint: 13401 ns, Total: 483017 ns
[2026-02-05T20:16:14.884+0000][242.490s][debug][safepoint   ] Safepoint synchronization initiated using futex wait barrier. (392 threads)
[2026-02-05T20:16:14.885+0000][242.491s][info ][safepoint   ] Safepoint "Cleanup", Time since last: 1000354017 ns, Reaching safepoint: 383713 ns, Cleanup: 35001 ns, At safepoint: 38702 ns, Total: 457416 ns
[2026-02-05T20:16:17.883+0000][245.491s][debug][safepoint   ] Safepoint synchronization initiated using futex wait barrier. (392 threads)
[2026-02-05T20:16:17.884+0000][245.492s][info ][safepoint   ] Safepoint "Cleanup", Time since last: 3000743340 ns, Reaching safepoint: 325511 ns, Cleanup: 36101 ns, At safepoint: 10301 ns, Total: 371913 ns
[2026-02-05T20:16:18.885+0000][246.493s][debug][safepoint   ] Safepoint synchronization initiated using futex wait barrier. (392 threads)
[2026-02-05T20:16:18.885+0000][246.493s][info ][safepoint   ] Safepoint "Cleanup", Time since last: 1001113270 ns, Reaching safepoint: 298310 ns, Cleanup: 15900 ns, At safepoint: 4401 ns, Total: 318611 ns
[2026-02-05T20:16:19.885+0000][247.493s][debug][safepoint   ] Safepoint synchronization initiated using futex wait barrier. (392 threads)
[2026-02-05T20:16:19.886+0000][247.494s][info ][safepoint   ] Safepoint "Cleanup", Time since last: 1000302792 ns, Reaching safepoint: 265309 ns, Cleanup: 12701 ns, At safepoint: 3700 ns, Total: 281710 ns
[2026-02-05T20:16:21.270+0000][248.878s][debug][safepoint   ] Safepoint synchronization initiated using futex wait barrier. (392 threads)
[2026-02-05T20:16:21.270+0000][248.878s][info ][safepoint   ] Safepoint "Cleanup", Time since last: 1384432823 ns, Reaching safepoint: 278510 ns, Cleanup: 42301 ns, At safepoint: 26401 ns, Total: 347212 ns
[2026-02-05T20:16:23.271+0000][250.879s][debug][safepoint   ] Safepoint synchronization initiated using futex wait barrier. (392 threads)
[2026-02-05T20:16:23.271+0000][250.879s][info ][safepoint   ] Safepoint "Cleanup", Time since last: 2000624086 ns, Reaching safepoint: 331911 ns, Cleanup: 12801 ns, At safepoint: 4000 ns, Total: 348712 ns
[2026-02-05T20:16:24.146+0000][251.754s][debug][safepoint   ] Safepoint synchronization initiated using futex wait barrier. (392 threads)
[2026-02-05T20:16:24.147+0000][251.755s][info ][gc,start    ] GC(74) Pause Young (Normal) (G1 Evacuation Pause)
[2026-02-05T20:16:24.147+0000][251.755s][info ][gc,task     ] GC(74) Using 10 workers of 10 for evacuation
[2026-02-05T20:16:24.153+0000][251.761s][info ][gc,phases   ] GC(74)   Pre Evacuate Collection Set: 0.4ms
[2026-02-05T20:16:24.154+0000][251.762s][info ][gc,phases   ] GC(74)   Merge Heap Roots: 0.2ms
[2026-02-05T20:16:24.154+0000][251.762s][info ][gc,phases   ] GC(74)   Evacuate Collection Set: 2.8ms
[2026-02-05T20:16:24.154+0000][251.762s][info ][gc,phases   ] GC(74)   Post Evacuate Collection Set: 2.1ms
[2026-02-05T20:16:24.154+0000][251.762s][info ][gc,phases   ] GC(74)   Other: 1.0ms
[2026-02-05T20:16:24.154+0000][251.762s][info ][gc,heap     ] GC(74) Eden regions: 92->0(93)
[2026-02-05T20:16:24.155+0000][251.763s][info ][gc,heap     ] GC(74) Survivor regions: 1->1(12)
[2026-02-05T20:16:24.155+0000][251.763s][info ][gc,heap     ] GC(74) Old regions: 79->79
[2026-02-05T20:16:24.155+0000][251.763s][info ][gc,heap     ] GC(74) Archive regions: 2->2
[2026-02-05T20:16:24.155+0000][251.763s][info ][gc,heap     ] GC(74) Humongous regions: 0->0
[2026-02-05T20:16:24.156+0000][251.764s][info ][gc,metaspace] GC(74) Metaspace: 192816K(195392K)->192816K(195392K) NonClass: 169322K(170624K)->169322K(170624K) Class: 23494K(24768K)->23494K(24768K)
[2026-02-05T20:16:24.156+0000][251.764s][info ][gc          ] GC(74) Pause Young (Normal) (G1 Evacuation Pause) 345M->161M(394M) 9.008ms
[2026-02-05T20:16:24.156+0000][251.764s][info ][gc,cpu      ] GC(74) User=0.03s Sys=0.00s Real=0.01s
[2026-02-05T20:16:24.157+0000][251.765s][info ][safepoint   ] Safepoint "G1CollectForAllocation", Time since last: 874559694 ns, Reaching safepoint: 792828 ns, Cleanup: 7000 ns, At safepoint: 10104545 ns, Total: 10904373 ns
[2026-02-05T20:16:25.157+0000][252.765s][debug][safepoint   ] Safepoint synchronization initiated using futex wait barrier. (392 threads)
[2026-02-05T20:16:25.158+0000][252.766s][info ][safepoint   ] Safepoint "Cleanup", Time since last: 1000389296 ns, Reaching safepoint: 258109 ns, Cleanup: 34201 ns, At safepoint: 23301 ns, Total: 315611 ns
[2026-02-05T20:16:27.158+0000][254.766s][debug][safepoint   ] Safepoint synchronization initiated using futex wait barrier. (392 threads)
[2026-02-05T20:16:27.158+0000][254.766s][info ][safepoint   ] Safepoint "Cleanup", Time since last: 2000397490 ns, Reaching safepoint: 405815 ns, Cleanup: 13600 ns, At safepoint: 6700 ns, Total: 426115 ns
[2026-02-05T20:16:28.159+0000][255.767s][debug][safepoint   ] Safepoint synchronization initiated using futex wait barrier. (392 threads)
[2026-02-05T20:16:28.159+0000][255.767s][info ][safepoint   ] Safepoint "Cleanup", Time since last: 1000422659 ns, Reaching safepoint: 324111 ns, Cleanup: 17501 ns, At safepoint: 7700 ns, Total: 349312 ns
[2026-02-05T20:16:31.160+0000][258.768s][debug][safepoint   ] Safepoint synchronization initiated using futex wait barrier. (392 threads)
[2026-02-05T20:16:31.160+0000][258.768s][info ][safepoint   ] Safepoint "Cleanup", Time since last: 3000610751 ns, Reaching safepoint: 455117 ns, Cleanup: 36301 ns, At safepoint: 5400 ns, Total: 496818 ns
[2026-02-05T20:16:32.161+0000][259.769s][debug][safepoint   ] Safepoint synchronization initiated using futex wait barrier. (392 threads)
[2026-02-05T20:16:32.161+0000][259.769s][info ][safepoint   ] Safepoint "Cleanup", Time since last: 1000363956 ns, Reaching safepoint: 255909 ns, Cleanup: 14701 ns, At safepoint: 4300 ns, Total: 274910 ns
[2026-02-05T20:16:33.161+0000][260.769s][debug][safepoint   ] Safepoint synchronization initiated using futex wait barrier. (392 threads)
[2026-02-05T20:16:33.161+0000][260.769s][info ][safepoint   ] Safepoint "Cleanup", Time since last: 1000293954 ns, Reaching safepoint: 254709 ns, Cleanup: 12600 ns, At safepoint: 3600 ns, Total: 270909 ns
[2026-02-05T20:16:34.162+0000][261.770s][debug][safepoint   ] Safepoint synchronization initiated using futex wait barrier. (392 threads)
[2026-02-05T20:16:34.162+0000][261.771s][info ][safepoint   ] Safepoint "Cleanup", Time since last: 1000251752 ns, Reaching safepoint: 721026 ns, Cleanup: 27801 ns, At safepoint: 18501 ns, Total: 767328 ns
[2026-02-05T20:16:36.163+0000][263.771s][debug][safepoint   ] Safepoint synchronization initiated using futex wait barrier. (392 threads)
[2026-02-05T20:16:36.164+0000][263.772s][info ][safepoint   ] Safepoint "Cleanup", Time since last: 2000493108 ns, Reaching safepoint: 609122 ns, Cleanup: 20800 ns, At safepoint: 5801 ns, Total: 635723 ns
[2026-02-05T20:16:37.164+0000][264.772s][debug][safepoint   ] Safepoint synchronization initiated using futex wait barrier. (392 threads)
[2026-02-05T20:16:37.164+0000][264.772s][info ][safepoint   ] Safepoint "Cleanup", Time since last: 1000367783 ns, Reaching safepoint: 447616 ns, Cleanup: 18201 ns, At safepoint: 4800 ns, Total: 470617 ns
[2026-02-05T20:16:38.165+0000][265.773s][debug][safepoint   ] Safepoint synchronization initiated using futex wait barrier. (392 threads)
[2026-02-05T20:16:38.165+0000][265.773s][info ][safepoint   ] Safepoint "Cleanup", Time since last: 1000340983 ns, Reaching safepoint: 406914 ns, Cleanup: 16701 ns, At safepoint: 64802 ns, Total: 488417 ns
[2026-02-05T20:16:39.166+0000][266.774s][debug][safepoint   ] Safepoint synchronization initiated using futex wait barrier. (392 threads)
[2026-02-05T20:16:39.166+0000][266.774s][info ][safepoint   ] Safepoint "Cleanup", Time since last: 1000431186 ns, Reaching safepoint: 481017 ns, Cleanup: 34901 ns, At safepoint: 5001 ns, Total: 520919 ns
[2026-02-05T20:16:43.167+0000][270.775s][debug][safepoint   ] Safepoint synchronization initiated using futex wait barrier. (392 threads)
[2026-02-05T20:16:43.167+0000][270.775s][info ][safepoint   ] Safepoint "Cleanup", Time since last: 4000669259 ns, Reaching safepoint: 468117 ns, Cleanup: 15800 ns, At safepoint: 20101 ns, Total: 504018 ns
[2026-02-05T20:16:44.168+0000][271.776s][debug][safepoint   ] Safepoint synchronization initiated using futex wait barrier. (393 threads)
[2026-02-05T20:16:44.170+0000][271.778s][info ][safepoint   ] Safepoint "Cleanup", Time since last: 1001015330 ns, Reaching safepoint: 1467552 ns, Cleanup: 53402 ns, At safepoint: 85403 ns, Total: 1606357 ns
[2026-02-05T20:16:45.315+0000][272.923s][debug][safepoint   ] Safepoint synchronization initiated using futex wait barrier. (393 threads)
[2026-02-05T20:16:45.315+0000][272.923s][info ][safepoint   ] Safepoint "Cleanup", Time since last: 1144592283 ns, Reaching safepoint: 453617 ns, Cleanup: 111604 ns, At safepoint: 10000 ns, Total: 575221 ns
[2026-02-05T20:16:48.315+0000][275.924s][debug][safepoint   ] Safepoint synchronization initiated using futex wait barrier. (393 threads)
[2026-02-05T20:16:48.316+0000][275.924s][info ][safepoint   ] Safepoint "Cleanup", Time since last: 3000713605 ns, Reaching safepoint: 369013 ns, Cleanup: 18501 ns, At safepoint: 6500 ns, Total: 394014 ns
[2026-02-05T20:16:49.681+0000][277.290s][debug][safepoint   ] Safepoint synchronization initiated using futex wait barrier. (393 threads)
[2026-02-05T20:16:49.682+0000][277.291s][info ][gc,start    ] GC(75) Pause Young (Normal) (G1 Evacuation Pause)
[2026-02-05T20:16:49.683+0000][277.291s][info ][gc,task     ] GC(75) Using 10 workers of 10 for evacuation
[2026-02-05T20:16:49.691+0000][277.299s][info ][gc,phases   ] GC(75)   Pre Evacuate Collection Set: 0.5ms
[2026-02-05T20:16:49.691+0000][277.300s][info ][gc,phases   ] GC(75)   Merge Heap Roots: 0.2ms
[2026-02-05T20:16:49.691+0000][277.300s][info ][gc,phases   ] GC(75)   Evacuate Collection Set: 4.6ms
[2026-02-05T20:16:49.691+0000][277.300s][info ][gc,phases   ] GC(75)   Post Evacuate Collection Set: 2.1ms
[2026-02-05T20:16:49.691+0000][277.300s][info ][gc,phases   ] GC(75)   Other: 1.0ms
[2026-02-05T20:16:49.692+0000][277.300s][info ][gc,heap     ] GC(75) Eden regions: 93->0(91)
[2026-02-05T20:16:49.692+0000][277.300s][info ][gc,heap     ] GC(75) Survivor regions: 1->2(12)
[2026-02-05T20:16:49.692+0000][277.301s][info ][gc,heap     ] GC(75) Old regions: 79->79
[2026-02-05T20:16:49.692+0000][277.301s][info ][gc,heap     ] GC(75) Archive regions: 2->2
[2026-02-05T20:16:49.693+0000][277.301s][info ][gc,heap     ] GC(75) Humongous regions: 0->0
[2026-02-05T20:16:49.693+0000][277.301s][info ][gc,metaspace] GC(75) Metaspace: 193505K(196032K)->193505K(196032K) NonClass: 169923K(171200K)->169923K(171200K) Class: 23582K(24832K)->23582K(24832K)
[2026-02-05T20:16:49.693+0000][277.302s][info ][gc          ] GC(75) Pause Young (Normal) (G1 Evacuation Pause) 347M->163M(394M) 10.662ms
[2026-02-05T20:16:49.693+0000][277.302s][info ][gc,cpu      ] GC(75) User=0.04s Sys=0.01s Real=0.02s
[2026-02-05T20:16:49.694+0000][277.302s][info ][safepoint   ] Safepoint "G1CollectForAllocation", Time since last: 1365425610 ns, Reaching safepoint: 1136040 ns, Cleanup: 8601 ns, At safepoint: 11403609 ns, Total: 12548250 ns
[2026-02-05T20:16:52.695+0000][280.303s][debug][safepoint   ] Safepoint synchronization initiated using futex wait barrier. (393 threads)
[2026-02-05T20:16:52.695+0000][280.304s][info ][safepoint   ] Safepoint "Cleanup", Time since last: 3000952470 ns, Reaching safepoint: 372113 ns, Cleanup: 14000 ns, At safepoint: 6200 ns, Total: 392313 ns
[2026-02-05T20:16:53.695+0000][281.304s][debug][safepoint   ] Safepoint synchronization initiated using futex wait barrier. (393 threads)
[2026-02-05T20:16:53.696+0000][281.304s][info ][safepoint   ] Safepoint "Cleanup", Time since last: 1000343551 ns, Reaching safepoint: 341312 ns, Cleanup: 17400 ns, At safepoint: 7301 ns, Total: 366013 ns
[2026-02-05T20:16:56.696+0000][284.305s][debug][safepoint   ] Safepoint synchronization initiated using futex wait barrier. (393 threads)
[2026-02-05T20:16:56.697+0000][284.305s][info ][safepoint   ] Safepoint "Cleanup", Time since last: 3000619738 ns, Reaching safepoint: 328811 ns, Cleanup: 11300 ns, At safepoint: 4401 ns, Total: 344512 ns
[2026-02-05T20:16:57.697+0000][285.306s][debug][safepoint   ] Safepoint synchronization initiated using futex wait barrier. (393 threads)
[2026-02-05T20:16:57.698+0000][285.306s][info ][safepoint   ] Safepoint "Cleanup", Time since last: 1000281348 ns, Reaching safepoint: 390314 ns, Cleanup: 68702 ns, At safepoint: 72102 ns, Total: 531118 ns
[2026-02-05T20:16:59.698+0000][287.307s][debug][safepoint   ] Safepoint synchronization initiated using futex wait barrier. (392 threads)
[2026-02-05T20:16:59.698+0000][287.307s][info ][safepoint   ] Safepoint "Cleanup", Time since last: 2000549056 ns, Reaching safepoint: 353613 ns, Cleanup: 22801 ns, At safepoint: 12000 ns, Total: 388414 ns
[2026-02-05T20:17:01.699+0000][289.308s][debug][safepoint   ] Safepoint synchronization initiated using futex wait barrier. (392 threads)
[2026-02-05T20:17:01.699+0000][289.308s][info ][safepoint   ] Safepoint "Cleanup", Time since last: 2000441174 ns, Reaching safepoint: 301011 ns, Cleanup: 10100 ns, At safepoint: 4000 ns, Total: 315111 ns
[2026-02-05T20:17:03.700+0000][291.308s][debug][safepoint   ] Safepoint synchronization initiated using futex wait barrier. (393 threads)
[2026-02-05T20:17:03.700+0000][291.309s][info ][safepoint   ] Safepoint "Cleanup", Time since last: 2000400873 ns, Reaching safepoint: 568620 ns, Cleanup: 134005 ns, At safepoint: 47102 ns, Total: 749727 ns
[2026-02-05T20:17:04.701+0000][292.309s][debug][safepoint   ] Safepoint synchronization initiated using futex wait barrier. (392 threads)
[2026-02-05T20:17:04.701+0000][292.310s][info ][safepoint   ] Safepoint "Cleanup", Time since last: 1000475646 ns, Reaching safepoint: 336312 ns, Cleanup: 17801 ns, At safepoint: 5400 ns, Total: 359513 ns
[2026-02-05T20:17:06.702+0000][294.310s][debug][safepoint   ] Safepoint synchronization initiated using futex wait barrier. (392 threads)
[2026-02-05T20:17:06.702+0000][294.311s][info ][safepoint   ] Safepoint "Cleanup", Time since last: 2000470214 ns, Reaching safepoint: 351113 ns, Cleanup: 14700 ns, At safepoint: 18001 ns, Total: 383814 ns
[2026-02-05T20:17:08.702+0000][296.311s][debug][safepoint   ] Safepoint synchronization initiated using futex wait barrier. (392 threads)
[2026-02-05T20:17:08.703+0000][296.311s][info ][safepoint   ] Safepoint "Cleanup", Time since last: 2000396537 ns, Reaching safepoint: 328712 ns, Cleanup: 13201 ns, At safepoint: 6100 ns, Total: 348013 ns
[2026-02-05T20:17:09.703+0000][297.312s][debug][safepoint   ] Safepoint synchronization initiated using futex wait barrier. (392 threads)
[2026-02-05T20:17:09.704+0000][297.312s][info ][safepoint   ] Safepoint "Cleanup", Time since last: 1000286222 ns, Reaching safepoint: 744127 ns, Cleanup: 13400 ns, At safepoint: 11001 ns, Total: 768528 ns
[2026-02-05T20:17:10.704+0000][298.313s][debug][safepoint   ] Safepoint synchronization initiated using futex wait barrier. (392 threads)
[2026-02-05T20:17:10.705+0000][298.313s][info ][safepoint   ] Safepoint "Cleanup", Time since last: 1000455328 ns, Reaching safepoint: 319511 ns, Cleanup: 18201 ns, At safepoint: 6400 ns, Total: 344112 ns
[2026-02-05T20:17:11.705+0000][299.314s][debug][safepoint   ] Safepoint synchronization initiated using futex wait barrier. (392 threads)
[2026-02-05T20:17:11.706+0000][299.315s][info ][safepoint   ] Safepoint "Cleanup", Time since last: 1000409427 ns, Reaching safepoint: 790029 ns, Cleanup: 46901 ns, At safepoint: 31402 ns, Total: 868332 ns
[2026-02-05T20:17:12.707+0000][300.315s][debug][safepoint   ] Safepoint synchronization initiated using futex wait barrier. (392 threads)
[2026-02-05T20:17:12.707+0000][300.316s][info ][safepoint   ] Safepoint "Cleanup", Time since last: 1000625134 ns, Reaching safepoint: 452016 ns, Cleanup: 37602 ns, At safepoint: 61902 ns, Total: 551520 ns
[2026-02-05T20:17:14.047+0000][301.656s][debug][safepoint   ] Safepoint synchronization initiated using futex wait barrier. (392 threads)
[2026-02-05T20:17:14.047+0000][301.656s][info ][safepoint   ] Safepoint "Cleanup", Time since last: 1340052795 ns, Reaching safepoint: 253409 ns, Cleanup: 13001 ns, At safepoint: 4500 ns, Total: 270910 ns
[2026-02-05T20:17:15.048+0000][302.656s][debug][safepoint   ] Safepoint synchronization initiated using futex wait barrier. (392 threads)
[2026-02-05T20:17:15.048+0000][302.657s][info ][safepoint   ] Safepoint "Cleanup", Time since last: 1000260601 ns, Reaching safepoint: 304809 ns, Cleanup: 19101 ns, At safepoint: 15000 ns, Total: 338910 ns
[2026-02-05T20:17:16.048+0000][303.657s][debug][safepoint   ] Safepoint synchronization initiated using futex wait barrier. (392 threads)
[2026-02-05T20:17:16.049+0000][303.657s][info ][safepoint   ] Safepoint "Cleanup", Time since last: 1000298836 ns, Reaching safepoint: 270008 ns, Cleanup: 11701 ns, At safepoint: 4500 ns, Total: 286209 ns
[2026-02-05T20:17:17.047+0000][304.657s][debug][safepoint   ] Safepoint synchronization initiated using futex wait barrier. (392 threads)
[2026-02-05T20:17:17.047+0000][304.658s][info ][safepoint   ] Safepoint "Cleanup", Time since last: 1000261934 ns, Reaching safepoint: 375212 ns, Cleanup: 51601 ns, At safepoint: 31201 ns, Total: 458014 ns
[2026-02-05T20:17:18.048+0000][305.658s][debug][safepoint   ] Safepoint synchronization initiated using futex wait barrier. (392 threads)
[2026-02-05T20:17:18.048+0000][305.659s][info ][safepoint   ] Safepoint "Cleanup", Time since last: 1000362438 ns, Reaching safepoint: 447614 ns, Cleanup: 15201 ns, At safepoint: 6700 ns, Total: 469515 ns
[2026-02-05T20:17:19.048+0000][306.659s][debug][safepoint   ] Safepoint synchronization initiated using futex wait barrier. (392 threads)
[2026-02-05T20:17:19.049+0000][306.659s][info ][safepoint   ] Safepoint "Cleanup", Time since last: 1000363338 ns, Reaching safepoint: 297409 ns, Cleanup: 24201 ns, At safepoint: 5600 ns, Total: 327210 ns
[2026-02-05T20:17:20.049+0000][307.660s][debug][safepoint   ] Safepoint synchronization initiated using futex wait barrier. (392 threads)
[2026-02-05T20:17:20.049+0000][307.660s][info ][safepoint   ] Safepoint "Cleanup", Time since last: 1000245234 ns, Reaching safepoint: 326710 ns, Cleanup: 31001 ns, At safepoint: 24901 ns, Total: 382612 ns
[2026-02-05T20:17:21.050+0000][308.660s][debug][safepoint   ] Safepoint synchronization initiated using futex wait barrier. (392 threads)
[2026-02-05T20:17:21.050+0000][308.661s][info ][safepoint   ] Safepoint "Cleanup", Time since last: 1000307536 ns, Reaching safepoint: 373011 ns, Cleanup: 31001 ns, At safepoint: 29301 ns, Total: 433313 ns
[2026-02-05T20:17:21.618+0000][309.228s][debug][safepoint   ] Safepoint synchronization initiated using futex wait barrier. (392 threads)
[2026-02-05T20:17:21.618+0000][309.229s][info ][gc,start    ] GC(76) Pause Young (Normal) (G1 Evacuation Pause)
[2026-02-05T20:17:21.618+0000][309.229s][info ][gc,task     ] GC(76) Using 10 workers of 10 for evacuation
[2026-02-05T20:17:21.624+0000][309.235s][info ][gc,phases   ] GC(76)   Pre Evacuate Collection Set: 0.5ms
[2026-02-05T20:17:21.624+0000][309.235s][info ][gc,phases   ] GC(76)   Merge Heap Roots: 0.2ms
[2026-02-05T20:17:21.625+0000][309.235s][info ][gc,phases   ] GC(76)   Evacuate Collection Set: 3.0ms
[2026-02-05T20:17:21.625+0000][309.236s][info ][gc,phases   ] GC(76)   Post Evacuate Collection Set: 1.6ms
[2026-02-05T20:17:21.625+0000][309.236s][info ][gc,phases   ] GC(76)   Other: 1.0ms
[2026-02-05T20:17:21.625+0000][309.236s][info ][gc,heap     ] GC(76) Eden regions: 91->0(92)
[2026-02-05T20:17:21.626+0000][309.236s][info ][gc,heap     ] GC(76) Survivor regions: 2->2(12)
[2026-02-05T20:17:21.626+0000][309.236s][info ][gc,heap     ] GC(76) Old regions: 79->79
[2026-02-05T20:17:21.626+0000][309.237s][info ][gc,heap     ] GC(76) Archive regions: 2->2
[2026-02-05T20:17:21.626+0000][309.237s][info ][gc,heap     ] GC(76) Humongous regions: 0->0
[2026-02-05T20:17:21.626+0000][309.237s][info ][gc,metaspace] GC(76) Metaspace: 193763K(196352K)->193763K(196352K) NonClass: 170181K(171520K)->170181K(171520K) Class: 23582K(24832K)->23582K(24832K)
[2026-02-05T20:17:21.626+0000][309.237s][info ][gc          ] GC(76) Pause Young (Normal) (G1 Evacuation Pause) 345M->163M(394M) 8.416ms
[2026-02-05T20:17:21.627+0000][309.237s][info ][gc,cpu      ] GC(76) User=0.03s Sys=0.00s Real=0.01s
[2026-02-05T20:17:21.627+0000][309.238s][info ][safepoint   ] Safepoint "G1CollectForAllocation", Time since last: 567378674 ns, Reaching safepoint: 355911 ns, Cleanup: 5401 ns, At safepoint: 9263090 ns, Total: 9624402 ns
[2026-02-05T20:17:22.627+0000][310.238s][debug][safepoint   ] Safepoint synchronization initiated using futex wait barrier. (392 threads)
[2026-02-05T20:17:22.628+0000][310.238s][info ][safepoint   ] Safepoint "Cleanup", Time since last: 1000281437 ns, Reaching safepoint: 249309 ns, Cleanup: 33001 ns, At safepoint: 7700 ns, Total: 290010 ns
[2026-02-05T20:17:23.628+0000][311.239s][debug][safepoint   ] Safepoint synchronization initiated using futex wait barrier. (392 threads)
[2026-02-05T20:17:23.628+0000][311.239s][info ][safepoint   ] Safepoint "Cleanup", Time since last: 1000242019 ns, Reaching safepoint: 244908 ns, Cleanup: 9801 ns, At safepoint: 4200 ns, Total: 258909 ns
[2026-02-05T20:17:24.629+0000][312.239s][debug][safepoint   ] Safepoint synchronization initiated using futex wait barrier. (392 threads)
[2026-02-05T20:17:24.629+0000][312.240s][info ][safepoint   ] Safepoint "Cleanup", Time since last: 1000306121 ns, Reaching safepoint: 520518 ns, Cleanup: 21901 ns, At safepoint: 14800 ns, Total: 557219 ns
[2026-02-05T20:17:25.629+0000][313.240s][debug][safepoint   ] Safepoint synchronization initiated using futex wait barrier. (392 threads)
[2026-02-05T20:17:25.630+0000][313.240s][info ][safepoint   ] Safepoint "Cleanup", Time since last: 1000345223 ns, Reaching safepoint: 261309 ns, Cleanup: 12701 ns, At safepoint: 4400 ns, Total: 278410 ns
[2026-02-05T20:17:26.630+0000][314.241s][debug][safepoint   ] Safepoint synchronization initiated using futex wait barrier. (392 threads)
[2026-02-05T20:17:26.630+0000][314.241s][info ][safepoint   ] Safepoint "Cleanup", Time since last: 1000259219 ns, Reaching safepoint: 303011 ns, Cleanup: 12200 ns, At safepoint: 4300 ns, Total: 319511 ns
[2026-02-05T20:17:27.631+0000][315.242s][debug][safepoint   ] Safepoint synchronization initiated using futex wait barrier. (392 threads)
[2026-02-05T20:17:27.632+0000][315.242s][info ][safepoint   ] Safepoint "Cleanup", Time since last: 1000542930 ns, Reaching safepoint: 509417 ns, Cleanup: 14601 ns, At safepoint: 163806 ns, Total: 687824 ns
[2026-02-05T20:17:29.632+0000][317.243s][debug][safepoint   ] Safepoint synchronization initiated using futex wait barrier. (392 threads)
[2026-02-05T20:17:29.633+0000][317.243s][info ][safepoint   ] Safepoint "Cleanup", Time since last: 2000489938 ns, Reaching safepoint: 446915 ns, Cleanup: 24601 ns, At safepoint: 170406 ns, Total: 641922 ns
[2026-02-05T20:17:31.633+0000][319.244s][debug][safepoint   ] Safepoint synchronization initiated using futex wait barrier. (392 threads)
[2026-02-05T20:17:31.634+0000][319.245s][info ][safepoint   ] Safepoint "Cleanup", Time since last: 2000664971 ns, Reaching safepoint: 827530 ns, Cleanup: 16700 ns, At safepoint: 8601 ns, Total: 852831 ns
[2026-02-05T20:17:36.635+0000][324.246s][debug][safepoint   ] Safepoint synchronization initiated using futex wait barrier. (392 threads)
[2026-02-05T20:17:36.635+0000][324.246s][info ][safepoint   ] Safepoint "Cleanup", Time since last: 5000879735 ns, Reaching safepoint: 331712 ns, Cleanup: 20901 ns, At safepoint: 6200 ns, Total: 358813 ns
[2026-02-05T20:17:39.636+0000][327.247s][debug][safepoint   ] Safepoint synchronization initiated using futex wait barrier. (392 threads)
[2026-02-05T20:17:39.636+0000][327.247s][info ][safepoint   ] Safepoint "Cleanup", Time since last: 3000530616 ns, Reaching safepoint: 442516 ns, Cleanup: 17200 ns, At safepoint: 13701 ns, Total: 473417 ns
[2026-02-05T20:17:40.637+0000][328.248s][debug][safepoint   ] Safepoint synchronization initiated using futex wait barrier. (392 threads)
[2026-02-05T20:17:40.641+0000][328.252s][info ][safepoint   ] Safepoint "Cleanup", Time since last: 1000977651 ns, Reaching safepoint: 3621329 ns, Cleanup: 20001 ns, At safepoint: 13901 ns, Total: 3655231 ns
[2026-02-05T20:17:42.642+0000][330.252s][debug][safepoint   ] Safepoint synchronization initiated using futex wait barrier. (392 threads)
[2026-02-05T20:17:42.642+0000][330.253s][info ][safepoint   ] Safepoint "Cleanup", Time since last: 2000478149 ns, Reaching safepoint: 798029 ns, Cleanup: 13700 ns, At safepoint: 4800 ns, Total: 816529 ns
[2026-02-05T20:17:45.643+0000][333.253s][debug][safepoint   ] Safepoint synchronization initiated using futex wait barrier. (391 threads)
[2026-02-05T20:17:45.643+0000][333.254s][info ][safepoint   ] Safepoint "Cleanup", Time since last: 3000459765 ns, Reaching safepoint: 247709 ns, Cleanup: 12101 ns, At safepoint: 21400 ns, Total: 281210 ns
[2026-02-05T20:17:48.643+0000][336.254s][debug][safepoint   ] Safepoint synchronization initiated using futex wait barrier. (391 threads)
[2026-02-05T20:17:48.643+0000][336.255s][info ][safepoint   ] Safepoint "Cleanup", Time since last: 3000572547 ns, Reaching safepoint: 271610 ns, Cleanup: 15700 ns, At safepoint: 4600 ns, Total: 291910 ns
[2026-02-05T20:17:51.644+0000][339.255s][debug][safepoint   ] Safepoint synchronization initiated using futex wait barrier. (391 threads)
[2026-02-05T20:17:51.644+0000][339.256s][info ][safepoint   ] Safepoint "Cleanup", Time since last: 3000766037 ns, Reaching safepoint: 347613 ns, Cleanup: 11200 ns, At safepoint: 49802 ns, Total: 408615 ns
[2026-02-05T20:17:52.645+0000][340.256s][debug][safepoint   ] Safepoint synchronization initiated using futex wait barrier. (391 threads)
[2026-02-05T20:17:52.645+0000][340.257s][info ][safepoint   ] Safepoint "Cleanup", Time since last: 1000632025 ns, Reaching safepoint: 267610 ns, Cleanup: 10700 ns, At safepoint: 3900 ns, Total: 282210 ns
[2026-02-05T20:17:53.646+0000][341.257s][debug][safepoint   ] Safepoint synchronization initiated using futex wait barrier. (391 threads)
[2026-02-05T20:17:53.646+0000][341.257s][info ][safepoint   ] Safepoint "Cleanup", Time since last: 1000316415 ns, Reaching safepoint: 254809 ns, Cleanup: 11000 ns, At safepoint: 3800 ns, Total: 269609 ns
[2026-02-05T20:17:55.301+0000][342.912s][debug][safepoint   ] Safepoint synchronization initiated using futex wait barrier. (391 threads)
[2026-02-05T20:17:55.301+0000][342.913s][info ][gc,start    ] GC(77) Pause Young (Normal) (G1 Evacuation Pause)
[2026-02-05T20:17:55.302+0000][342.913s][info ][gc,task     ] GC(77) Using 10 workers of 10 for evacuation
[2026-02-05T20:17:55.308+0000][342.919s][info ][gc,phases   ] GC(77)   Pre Evacuate Collection Set: 0.4ms
[2026-02-05T20:17:55.308+0000][342.920s][info ][gc,phases   ] GC(77)   Merge Heap Roots: 0.2ms
[2026-02-05T20:17:55.308+0000][342.920s][info ][gc,phases   ] GC(77)   Evacuate Collection Set: 3.0ms
[2026-02-05T20:17:55.309+0000][342.920s][info ][gc,phases   ] GC(77)   Post Evacuate Collection Set: 2.2ms
[2026-02-05T20:17:55.309+0000][342.920s][info ][gc,phases   ] GC(77)   Other: 0.8ms
[2026-02-05T20:17:55.309+0000][342.920s][info ][gc,heap     ] GC(77) Eden regions: 92->0(91)
[2026-02-05T20:17:55.309+0000][342.920s][info ][gc,heap     ] GC(77) Survivor regions: 2->2(12)
[2026-02-05T20:17:55.309+0000][342.921s][info ][gc,heap     ] GC(77) Old regions: 79->80
[2026-02-05T20:17:55.309+0000][342.921s][info ][gc,heap     ] GC(77) Archive regions: 2->2
[2026-02-05T20:17:55.310+0000][342.921s][info ][gc,heap     ] GC(77) Humongous regions: 0->0
[2026-02-05T20:17:55.310+0000][342.921s][info ][gc,metaspace] GC(77) Metaspace: 193801K(196416K)->193801K(196416K) NonClass: 170217K(171584K)->170217K(171584K) Class: 23584K(24832K)->23584K(24832K)
[2026-02-05T20:17:55.310+0000][342.921s][info ][gc          ] GC(77) Pause Young (Normal) (G1 Evacuation Pause) 347M->163M(394M) 8.551ms
[2026-02-05T20:17:55.310+0000][342.921s][info ][gc,cpu      ] GC(77) User=0.04s Sys=0.00s Real=0.01s
[2026-02-05T20:17:55.311+0000][342.922s][info ][safepoint   ] Safepoint "G1CollectForAllocation", Time since last: 1654865465 ns, Reaching safepoint: 360612 ns, Cleanup: 4701 ns, At safepoint: 9298831 ns, Total: 9664144 ns
[2026-02-05T20:18:00.311+0000][347.923s][debug][safepoint   ] Safepoint synchronization initiated using futex wait barrier. (390 threads)
[2026-02-05T20:18:00.312+0000][347.923s][info ][safepoint   ] Safepoint "Cleanup", Time since last: 5000694036 ns, Reaching safepoint: 422615 ns, Cleanup: 11001 ns, At safepoint: 27601 ns, Total: 461217 ns
[2026-02-05T20:18:01.312+0000][348.923s][debug][safepoint   ] Safepoint synchronization initiated using futex wait barrier. (390 threads)
[2026-02-05T20:18:01.313+0000][348.924s][info ][safepoint   ] Safepoint "Cleanup", Time since last: 1000437197 ns, Reaching safepoint: 440316 ns, Cleanup: 11801 ns, At safepoint: 22200 ns, Total: 474317 ns
[2026-02-05T20:18:03.288+0000][350.899s][debug][safepoint   ] Safepoint synchronization initiated using futex wait barrier. (390 threads)
[2026-02-05T20:18:03.288+0000][350.900s][info ][safepoint   ] Safepoint "Cleanup", Time since last: 1974994761 ns, Reaching safepoint: 540519 ns, Cleanup: 71203 ns, At safepoint: 43902 ns, Total: 655624 ns
[2026-02-05T20:18:04.289+0000][351.900s][debug][safepoint   ] Safepoint synchronization initiated using futex wait barrier. (390 threads)
[2026-02-05T20:18:04.289+0000][351.900s][info ][safepoint   ] Safepoint "Cleanup", Time since last: 1000425642 ns, Reaching safepoint: 260909 ns, Cleanup: 10301 ns, At safepoint: 4100 ns, Total: 275310 ns
[2026-02-05T20:18:06.289+0000][353.901s][debug][safepoint   ] Safepoint synchronization initiated using futex wait barrier. (390 threads)
[2026-02-05T20:18:06.290+0000][353.901s][info ][safepoint   ] Safepoint "Cleanup", Time since last: 2000390668 ns, Reaching safepoint: 265209 ns, Cleanup: 10301 ns, At safepoint: 4600 ns, Total: 280110 ns
[2026-02-05T20:18:07.290+0000][354.901s][debug][safepoint   ] Safepoint synchronization initiated using futex wait barrier. (390 threads)
[2026-02-05T20:18:07.290+0000][354.902s][info ][safepoint   ] Safepoint "Cleanup", Time since last: 1000287537 ns, Reaching safepoint: 368913 ns, Cleanup: 17601 ns, At safepoint: 5900 ns, Total: 392414 ns
[2026-02-05T20:18:09.291+0000][356.902s][debug][safepoint   ] Safepoint synchronization initiated using futex wait barrier. (390 threads)
[2026-02-05T20:18:09.291+0000][356.902s][info ][safepoint   ] Safepoint "Cleanup", Time since last: 2000546174 ns, Reaching safepoint: 296610 ns, Cleanup: 13501 ns, At safepoint: 14300 ns, Total: 324411 ns
[2026-02-05T20:18:10.292+0000][357.903s][debug][safepoint   ] Safepoint synchronization initiated using futex wait barrier. (390 threads)
[2026-02-05T20:18:10.292+0000][357.903s][info ][safepoint   ] Safepoint "Cleanup", Time since last: 1000374641 ns, Reaching safepoint: 430715 ns, Cleanup: 22601 ns, At safepoint: 15501 ns, Total: 468817 ns
[2026-02-05T20:18:11.292+0000][358.904s][debug][safepoint   ] Safepoint synchronization initiated using futex wait barrier. (390 threads)
[2026-02-05T20:18:11.293+0000][358.904s][info ][safepoint   ] Safepoint "Cleanup", Time since last: 1000373845 ns, Reaching safepoint: 279810 ns, Cleanup: 13100 ns, At safepoint: 4400 ns, Total: 297310 ns
[2026-02-05T20:18:13.176+0000][360.787s][debug][safepoint   ] Safepoint synchronization initiated using futex wait barrier. (390 threads)
[2026-02-05T20:18:13.176+0000][360.787s][info ][safepoint   ] Safepoint "Cleanup", Time since last: 1883017367 ns, Reaching safepoint: 404014 ns, Cleanup: 15501 ns, At safepoint: 27001 ns, Total: 446516 ns
[2026-02-05T20:18:14.176+0000][361.788s][debug][safepoint   ] Safepoint synchronization initiated using futex wait barrier. (390 threads)
[2026-02-05T20:18:14.177+0000][361.788s][info ][safepoint   ] Safepoint "Cleanup", Time since last: 1000305080 ns, Reaching safepoint: 434816 ns, Cleanup: 12700 ns, At safepoint: 6501 ns, Total: 454017 ns
[2026-02-05T20:18:15.177+0000][362.789s][debug][safepoint   ] Safepoint synchronization initiated using futex wait barrier. (390 threads)
[2026-02-05T20:18:15.178+0000][362.789s][info ][safepoint   ] Safepoint "Cleanup", Time since last: 1000528388 ns, Reaching safepoint: 606622 ns, Cleanup: 16700 ns, At safepoint: 10601 ns, Total: 633923 ns
[2026-02-05T20:18:16.261+0000][363.872s][debug][safepoint   ] Safepoint synchronization initiated using futex wait barrier. (390 threads)
[2026-02-05T20:18:16.261+0000][363.873s][info ][safepoint   ] Safepoint "Cleanup", Time since last: 1082850525 ns, Reaching safepoint: 339012 ns, Cleanup: 40601 ns, At safepoint: 80903 ns, Total: 460516 ns
[2026-02-05T20:18:17.260+0000][364.873s][debug][safepoint   ] Safepoint synchronization initiated using futex wait barrier. (390 threads)
[2026-02-05T20:18:17.261+0000][364.874s][info ][safepoint   ] Safepoint "Cleanup", Time since last: 1000281079 ns, Reaching safepoint: 476217 ns, Cleanup: 27001 ns, At safepoint: 21001 ns, Total: 524219 ns
[2026-02-05T20:18:18.262+0000][365.875s][debug][safepoint   ] Safepoint synchronization initiated using futex wait barrier. (390 threads)
[2026-02-05T20:18:18.263+0000][365.875s][info ][safepoint   ] Safepoint "Cleanup", Time since last: 1001666529 ns, Reaching safepoint: 218208 ns, Cleanup: 12901 ns, At safepoint: 4100 ns, Total: 235209 ns
[2026-02-05T20:18:21.263+0000][368.876s][debug][safepoint   ] Safepoint synchronization initiated using futex wait barrier. (390 threads)
[2026-02-05T20:18:21.263+0000][368.876s][info ][safepoint   ] Safepoint "Cleanup", Time since last: 3000427703 ns, Reaching safepoint: 400814 ns, Cleanup: 24701 ns, At safepoint: 4601 ns, Total: 430116 ns
[2026-02-05T20:18:22.264+0000][369.877s][debug][safepoint   ] Safepoint synchronization initiated using futex wait barrier. (390 threads)
[2026-02-05T20:18:22.264+0000][369.877s][info ][safepoint   ] Safepoint "Cleanup", Time since last: 1000410603 ns, Reaching safepoint: 519118 ns, Cleanup: 45002 ns, At safepoint: 26901 ns, Total: 591021 ns
[2026-02-05T20:18:23.265+0000][370.878s][debug][safepoint   ] Safepoint synchronization initiated using futex wait barrier. (390 threads)
[2026-02-05T20:18:23.265+0000][370.878s][info ][safepoint   ] Safepoint "Cleanup", Time since last: 1000374002 ns, Reaching safepoint: 372913 ns, Cleanup: 13600 ns, At safepoint: 4401 ns, Total: 390914 ns
[2026-02-05T20:18:26.939+0000][374.552s][debug][safepoint   ] Safepoint synchronization initiated using futex wait barrier. (390 threads)
[2026-02-05T20:18:26.940+0000][374.553s][info ][gc,start    ] GC(78) Pause Young (Normal) (G1 Evacuation Pause)
[2026-02-05T20:18:26.941+0000][374.554s][info ][gc,task     ] GC(78) Using 10 workers of 10 for evacuation
[2026-02-05T20:18:26.948+0000][374.561s][info ][gc,phases   ] GC(78)   Pre Evacuate Collection Set: 0.4ms
[2026-02-05T20:18:26.949+0000][374.561s][info ][gc,phases   ] GC(78)   Merge Heap Roots: 0.4ms
[2026-02-05T20:18:26.949+0000][374.562s][info ][gc,phases   ] GC(78)   Evacuate Collection Set: 3.3ms
[2026-02-05T20:18:26.949+0000][374.562s][info ][gc,phases   ] GC(78)   Post Evacuate Collection Set: 2.2ms
[2026-02-05T20:18:26.949+0000][374.562s][info ][gc,phases   ] GC(78)   Other: 1.6ms
[2026-02-05T20:18:26.950+0000][374.562s][info ][gc,heap     ] GC(78) Eden regions: 91->0(91)
[2026-02-05T20:18:26.950+0000][374.563s][info ][gc,heap     ] GC(78) Survivor regions: 2->2(12)
[2026-02-05T20:18:26.950+0000][374.563s][info ][gc,heap     ] GC(78) Old regions: 80->80
[2026-02-05T20:18:26.950+0000][374.563s][info ][gc,heap     ] GC(78) Archive regions: 2->2
[2026-02-05T20:18:26.950+0000][374.563s][info ][gc,heap     ] GC(78) Humongous regions: 0->0
[2026-02-05T20:18:26.950+0000][374.563s][info ][gc,metaspace] GC(78) Metaspace: 193894K(196480K)->193894K(196480K) NonClass: 170310K(171648K)->170310K(171648K) Class: 23584K(24832K)->23584K(24832K)
[2026-02-05T20:18:26.950+0000][374.563s][info ][gc          ] GC(78) Pause Young (Normal) (G1 Evacuation Pause) 345M->163M(394M) 10.221ms
[2026-02-05T20:18:26.951+0000][374.564s][info ][gc,cpu      ] GC(78) User=0.04s Sys=0.00s Real=0.01s
[2026-02-05T20:18:26.951+0000][374.564s][info ][safepoint   ] Safepoint "G1CollectForAllocation", Time since last: 3673676108 ns, Reaching safepoint: 1205744 ns, Cleanup: 13200 ns, At safepoint: 11334011 ns, Total: 12552955 ns
[2026-02-05T20:18:28.952+0000][376.565s][debug][safepoint   ] Safepoint synchronization initiated using futex wait barrier. (390 threads)
[2026-02-05T20:18:28.952+0000][376.565s][info ][safepoint   ] Safepoint "Cleanup", Time since last: 2000488638 ns, Reaching safepoint: 330512 ns, Cleanup: 35001 ns, At safepoint: 26501 ns, Total: 392014 ns
[2026-02-05T20:18:36.953+0000][384.566s][debug][safepoint   ] Safepoint synchronization initiated using futex wait barrier. (390 threads)
[2026-02-05T20:18:36.954+0000][384.566s][info ][safepoint   ] Safepoint "Cleanup", Time since last: 8001021511 ns, Reaching safepoint: 313212 ns, Cleanup: 15300 ns, At safepoint: 4601 ns, Total: 333113 ns
[2026-02-05T20:18:39.954+0000][387.567s][debug][safepoint   ] Safepoint synchronization initiated using futex wait barrier. (390 threads)
[2026-02-05T20:18:39.955+0000][387.568s][info ][safepoint   ] Safepoint "Cleanup", Time since last: 3000718831 ns, Reaching safepoint: 376514 ns, Cleanup: 20501 ns, At safepoint: 37302 ns, Total: 434317 ns
[2026-02-05T20:18:40.955+0000][388.568s][debug][safepoint   ] Safepoint synchronization initiated using futex wait barrier. (390 threads)
[2026-02-05T20:18:40.955+0000][388.568s][info ][safepoint   ] Safepoint "Cleanup", Time since last: 1000324180 ns, Reaching safepoint: 302511 ns, Cleanup: 21701 ns, At safepoint: 10201 ns, Total: 334413 ns
[2026-02-05T20:18:43.957+0000][391.570s][debug][safepoint   ] Safepoint synchronization initiated using futex wait barrier. (390 threads)
[2026-02-05T20:18:43.957+0000][391.570s][info ][safepoint   ] Safepoint "Cleanup", Time since last: 3001227019 ns, Reaching safepoint: 407915 ns, Cleanup: 21101 ns, At safepoint: 7700 ns, Total: 436716 ns
[2026-02-05T20:18:44.957+0000][392.570s][debug][safepoint   ] Safepoint synchronization initiated using futex wait barrier. (390 threads)
[2026-02-05T20:18:44.958+0000][392.571s][info ][safepoint   ] Safepoint "Cleanup", Time since last: 1000330696 ns, Reaching safepoint: 559720 ns, Cleanup: 19401 ns, At safepoint: 7500 ns, Total: 586621 ns
[2026-02-05T20:18:45.959+0000][393.571s][debug][safepoint   ] Safepoint synchronization initiated using futex wait barrier. (390 threads)
[2026-02-05T20:18:45.959+0000][393.572s][info ][safepoint   ] Safepoint "Cleanup", Time since last: 1000529504 ns, Reaching safepoint: 527519 ns, Cleanup: 15901 ns, At safepoint: 15800 ns, Total: 559220 ns
[2026-02-05T20:18:47.958+0000][395.572s][debug][safepoint   ] Safepoint synchronization initiated using futex wait barrier. (390 threads)
[2026-02-05T20:18:47.959+0000][395.573s][info ][safepoint   ] Safepoint "Cleanup", Time since last: 2000450785 ns, Reaching safepoint: 347613 ns, Cleanup: 18400 ns, At safepoint: 4801 ns, Total: 370814 ns
[2026-02-05T20:18:48.959+0000][396.573s][debug][safepoint   ] Safepoint synchronization initiated using futex wait barrier. (390 threads)
[2026-02-05T20:18:48.959+0000][396.573s][info ][safepoint   ] Safepoint "Cleanup", Time since last: 1000247293 ns, Reaching safepoint: 330312 ns, Cleanup: 11400 ns, At safepoint: 23701 ns, Total: 365413 ns
[2026-02-05T20:18:49.960+0000][397.574s][debug][safepoint   ] Safepoint synchronization initiated using futex wait barrier. (390 threads)
[2026-02-05T20:18:49.961+0000][397.575s][info ][safepoint   ] Safepoint "Cleanup", Time since last: 1000320496 ns, Reaching safepoint: 913633 ns, Cleanup: 18101 ns, At safepoint: 4700 ns, Total: 936434 ns
[2026-02-05T20:18:50.961+0000][398.575s][debug][safepoint   ] Safepoint synchronization initiated using futex wait barrier. (390 threads)
[2026-02-05T20:18:50.962+0000][398.576s][info ][safepoint   ] Safepoint "Cleanup", Time since last: 1000374311 ns, Reaching safepoint: 571321 ns, Cleanup: 12300 ns, At safepoint: 72803 ns, Total: 656424 ns
[2026-02-05T20:18:51.962+0000][399.576s][debug][safepoint   ] Safepoint synchronization initiated using futex wait barrier. (390 threads)
[2026-02-05T20:18:51.962+0000][399.577s][info ][safepoint   ] Safepoint "Cleanup", Time since last: 1000367860 ns, Reaching safepoint: 431915 ns, Cleanup: 16901 ns, At safepoint: 7000 ns, Total: 455816 ns
[2026-02-05T20:18:55.963+0000][403.577s][debug][safepoint   ] Safepoint synchronization initiated using futex wait barrier. (390 threads)
[2026-02-05T20:18:55.964+0000][403.578s][info ][safepoint   ] Safepoint "Cleanup", Time since last: 4000873618 ns, Reaching safepoint: 446116 ns, Cleanup: 14700 ns, At safepoint: 4100 ns, Total: 464916 ns
[2026-02-05T20:18:56.964+0000][404.578s][debug][safepoint   ] Safepoint synchronization initiated using futex wait barrier. (390 threads)
[2026-02-05T20:18:56.964+0000][404.579s][info ][safepoint   ] Safepoint "Cleanup", Time since last: 1000334259 ns, Reaching safepoint: 285110 ns, Cleanup: 11901 ns, At safepoint: 23301 ns, Total: 320312 ns
[2026-02-05T20:18:57.965+0000][405.579s][debug][safepoint   ] Safepoint synchronization initiated using futex wait barrier. (390 threads)
[2026-02-05T20:18:57.965+0000][405.579s][info ][safepoint   ] Safepoint "Cleanup", Time since last: 1000322858 ns, Reaching safepoint: 401114 ns, Cleanup: 36301 ns, At safepoint: 24101 ns, Total: 461516 ns
[2026-02-05T20:18:58.966+0000][406.580s][debug][safepoint   ] Safepoint synchronization initiated using futex wait barrier. (389 threads)
[2026-02-05T20:18:58.966+0000][406.580s][info ][safepoint   ] Safepoint "Cleanup", Time since last: 1000348427 ns, Reaching safepoint: 278111 ns, Cleanup: 14301 ns, At safepoint: 4400 ns, Total: 296812 ns
[2026-02-05T20:18:59.204+0000][406.818s][debug][safepoint   ] Safepoint synchronization initiated using futex wait barrier. (389 threads)
[2026-02-05T20:18:59.205+0000][406.819s][info ][gc,start    ] GC(79) Pause Young (Normal) (G1 Evacuation Pause)
[2026-02-05T20:18:59.205+0000][406.819s][info ][gc,task     ] GC(79) Using 10 workers of 10 for evacuation
[2026-02-05T20:18:59.210+0000][406.824s][info ][gc,phases   ] GC(79)   Pre Evacuate Collection Set: 0.4ms
[2026-02-05T20:18:59.211+0000][406.825s][info ][gc,phases   ] GC(79)   Merge Heap Roots: 0.2ms
[2026-02-05T20:18:59.211+0000][406.825s][info ][gc,phases   ] GC(79)   Evacuate Collection Set: 2.4ms
[2026-02-05T20:18:59.211+0000][406.825s][info ][gc,phases   ] GC(79)   Post Evacuate Collection Set: 1.7ms
[2026-02-05T20:18:59.211+0000][406.825s][info ][gc,phases   ] GC(79)   Other: 0.6ms
[2026-02-05T20:18:59.211+0000][406.825s][info ][gc,heap     ] GC(79) Eden regions: 91->0(91)
[2026-02-05T20:18:59.211+0000][406.826s][info ][gc,heap     ] GC(79) Survivor regions: 2->2(12)
[2026-02-05T20:18:59.212+0000][406.826s][info ][gc,heap     ] GC(79) Old regions: 80->80
[2026-02-05T20:18:59.212+0000][406.826s][info ][gc,heap     ] GC(79) Archive regions: 2->2
[2026-02-05T20:18:59.212+0000][406.826s][info ][gc,heap     ] GC(79) Humongous regions: 0->0
[2026-02-05T20:18:59.212+0000][406.826s][info ][gc,metaspace] GC(79) Metaspace: 193948K(196544K)->193948K(196544K) NonClass: 170363K(171712K)->170363K(171712K) Class: 23584K(24832K)->23584K(24832K)
[2026-02-05T20:18:59.212+0000][406.826s][info ][gc          ] GC(79) Pause Young (Normal) (G1 Evacuation Pause) 345M->163M(394M) 7.101ms
[2026-02-05T20:18:59.212+0000][406.826s][info ][gc,cpu      ] GC(79) User=0.03s Sys=0.00s Real=0.01s
[2026-02-05T20:18:59.213+0000][406.827s][info ][safepoint   ] Safepoint "G1CollectForAllocation", Time since last: 238534642 ns, Reaching safepoint: 492920 ns, Cleanup: 4700 ns, At safepoint: 7889122 ns, Total: 8386742 ns
[2026-02-05T20:19:00.213+0000][407.827s][debug][safepoint   ] Safepoint synchronization initiated using futex wait barrier. (389 threads)
[2026-02-05T20:19:00.214+0000][407.828s][info ][safepoint   ] Safepoint "Cleanup", Time since last: 1000563464 ns, Reaching safepoint: 410917 ns, Cleanup: 16401 ns, At safepoint: 30001 ns, Total: 457319 ns
[2026-02-05T20:19:04.215+0000][411.829s][debug][safepoint   ] Safepoint synchronization initiated using futex wait barrier. (389 threads)
[2026-02-05T20:19:04.215+0000][411.829s][info ][safepoint   ] Safepoint "Cleanup", Time since last: 4001214913 ns, Reaching safepoint: 316013 ns, Cleanup: 13300 ns, At safepoint: 23101 ns, Total: 352414 ns
[2026-02-05T20:19:05.216+0000][412.830s][debug][safepoint   ] Safepoint synchronization initiated using futex wait barrier. (389 threads)
[2026-02-05T20:19:05.216+0000][412.830s][info ][safepoint   ] Safepoint "Cleanup", Time since last: 1000319354 ns, Reaching safepoint: 300612 ns, Cleanup: 12401 ns, At safepoint: 4600 ns, Total: 317613 ns
[2026-02-05T20:19:06.216+0000][413.830s][debug][safepoint   ] Safepoint synchronization initiated using futex wait barrier. (389 threads)
[2026-02-05T20:19:06.217+0000][413.831s][info ][safepoint   ] Safepoint "Cleanup", Time since last: 1000345155 ns, Reaching safepoint: 351314 ns, Cleanup: 14201 ns, At safepoint: 4000 ns, Total: 369515 ns
[2026-02-05T20:19:07.217+0000][414.831s][debug][safepoint   ] Safepoint synchronization initiated using futex wait barrier. (389 threads)
[2026-02-05T20:19:07.217+0000][414.831s][info ][safepoint   ] Safepoint "Cleanup", Time since last: 1000272863 ns, Reaching safepoint: 310412 ns, Cleanup: 15100 ns, At safepoint: 4801 ns, Total: 330313 ns
[2026-02-05T20:19:08.218+0000][415.832s][debug][safepoint   ] Safepoint synchronization initiated using futex wait barrier. (389 threads)
[2026-02-05T20:19:08.218+0000][415.832s][info ][safepoint   ] Safepoint "Cleanup", Time since last: 1000292861 ns, Reaching safepoint: 332013 ns, Cleanup: 13701 ns, At safepoint: 4900 ns, Total: 350614 ns
[2026-02-05T20:19:09.218+0000][416.832s][debug][safepoint   ] Safepoint synchronization initiated using futex wait barrier. (389 threads)
[2026-02-05T20:19:09.219+0000][416.833s][info ][safepoint   ] Safepoint "Cleanup", Time since last: 1000344563 ns, Reaching safepoint: 464518 ns, Cleanup: 26801 ns, At safepoint: 8401 ns, Total: 499720 ns
[2026-02-05T20:19:11.220+0000][418.834s][debug][safepoint   ] Safepoint synchronization initiated using futex wait barrier. (389 threads)
[2026-02-05T20:19:11.220+0000][418.834s][info ][safepoint   ] Safepoint "Cleanup", Time since last: 2000640925 ns, Reaching safepoint: 493719 ns, Cleanup: 16301 ns, At safepoint: 9600 ns, Total: 519620 ns
[2026-02-05T20:19:13.221+0000][420.835s][debug][safepoint   ] Safepoint synchronization initiated using futex wait barrier. (389 threads)
[2026-02-05T20:19:13.221+0000][420.835s][info ][safepoint   ] Safepoint "Cleanup", Time since last: 2000509520 ns, Reaching safepoint: 361114 ns, Cleanup: 14001 ns, At safepoint: 4900 ns, Total: 380015 ns
[2026-02-05T20:19:14.264+0000][421.878s][debug][safepoint   ] Safepoint synchronization initiated using futex wait barrier. (389 threads)
[2026-02-05T20:19:14.265+0000][421.879s][info ][safepoint   ] Safepoint "Cleanup", Time since last: 1043342908 ns, Reaching safepoint: 359714 ns, Cleanup: 12001 ns, At safepoint: 112804 ns, Total: 484519 ns
[2026-02-05T20:19:16.265+0000][423.879s][debug][safepoint   ] Safepoint synchronization initiated using futex wait barrier. (389 threads)
[2026-02-05T20:19:16.266+0000][423.880s][info ][safepoint   ] Safepoint "Cleanup", Time since last: 2000432357 ns, Reaching safepoint: 516417 ns, Cleanup: 17901 ns, At safepoint: 56201 ns, Total: 590519 ns
[2026-02-05T20:19:19.265+0000][426.880s][debug][safepoint   ] Safepoint synchronization initiated using futex wait barrier. (389 threads)
[2026-02-05T20:19:19.265+0000][426.881s][info ][safepoint   ] Safepoint "Cleanup", Time since last: 3000644721 ns, Reaching safepoint: 292110 ns, Cleanup: 12900 ns, At safepoint: 7100 ns, Total: 312110 ns
[2026-02-05T20:19:21.266+0000][428.881s][debug][safepoint   ] Safepoint synchronization initiated using futex wait barrier. (389 threads)
[2026-02-05T20:19:21.266+0000][428.881s][info ][safepoint   ] Safepoint "Cleanup", Time since last: 2000401513 ns, Reaching safepoint: 314510 ns, Cleanup: 12901 ns, At safepoint: 6000 ns, Total: 333411 ns
[2026-02-05T20:19:22.267+0000][429.882s][debug][safepoint   ] Safepoint synchronization initiated using futex wait barrier. (389 threads)
[2026-02-05T20:19:22.267+0000][429.882s][info ][safepoint   ] Safepoint "Cleanup", Time since last: 1000355211 ns, Reaching safepoint: 347111 ns, Cleanup: 11001 ns, At safepoint: 60502 ns, Total: 418614 ns
[2026-02-05T20:19:23.267+0000][430.883s][debug][safepoint   ] Safepoint synchronization initiated using futex wait barrier. (389 threads)
[2026-02-05T20:19:23.268+0000][430.883s][info ][safepoint   ] Safepoint "Cleanup", Time since last: 1000366754 ns, Reaching safepoint: 279209 ns, Cleanup: 17401 ns, At safepoint: 5400 ns, Total: 302010 ns
[2026-02-05T20:19:24.268+0000][431.883s][debug][safepoint   ] Safepoint synchronization initiated using futex wait barrier. (389 threads)
[2026-02-05T20:19:24.268+0000][431.884s][info ][safepoint   ] Safepoint "Cleanup", Time since last: 1000414050 ns, Reaching safepoint: 314211 ns, Cleanup: 13301 ns, At safepoint: 4600 ns, Total: 332112 ns
[2026-02-05T20:19:25.269+0000][432.884s][debug][safepoint   ] Safepoint synchronization initiated using futex wait barrier. (389 threads)
[2026-02-05T20:19:25.269+0000][432.884s][info ][safepoint   ] Safepoint "Cleanup", Time since last: 1000304146 ns, Reaching safepoint: 310411 ns, Cleanup: 19200 ns, At safepoint: 30502 ns, Total: 360113 ns
[2026-02-05T20:19:26.269+0000][433.885s][debug][safepoint   ] Safepoint synchronization initiated using futex wait barrier. (389 threads)
[2026-02-05T20:19:26.270+0000][433.885s][info ][safepoint   ] Safepoint "Cleanup", Time since last: 1000290545 ns, Reaching safepoint: 240409 ns, Cleanup: 27201 ns, At safepoint: 5100 ns, Total: 272710 ns
[2026-02-05T20:19:27.270+0000][434.885s][debug][safepoint   ] Safepoint synchronization initiated using futex wait barrier. (389 threads)
[2026-02-05T20:19:27.270+0000][434.885s][info ][safepoint   ] Safepoint "Cleanup", Time since last: 1000295846 ns, Reaching safepoint: 257709 ns, Cleanup: 10900 ns, At safepoint: 4300 ns, Total: 272909 ns
[2026-02-05T20:19:28.271+0000][435.886s][debug][safepoint   ] Safepoint synchronization initiated using futex wait barrier. (389 threads)
[2026-02-05T20:19:28.271+0000][435.886s][info ][safepoint   ] Safepoint "Cleanup", Time since last: 1000364049 ns, Reaching safepoint: 333311 ns, Cleanup: 17701 ns, At safepoint: 4600 ns, Total: 355612 ns
[2026-02-05T20:19:30.271+0000][437.887s][debug][safepoint   ] Safepoint synchronization initiated using futex wait barrier. (389 threads)
[2026-02-05T20:19:30.272+0000][437.887s][info ][safepoint   ] Safepoint "Cleanup", Time since last: 2000401885 ns, Reaching safepoint: 258609 ns, Cleanup: 9701 ns, At safepoint: 20700 ns, Total: 289010 ns
[2026-02-05T20:19:32.272+0000][439.887s][debug][safepoint   ] Safepoint synchronization initiated using futex wait barrier. (389 threads)
[2026-02-05T20:19:32.273+0000][439.888s][info ][safepoint   ] Safepoint "Cleanup", Time since last: 2000511247 ns, Reaching safepoint: 504118 ns, Cleanup: 28201 ns, At safepoint: 8201 ns, Total: 540520 ns
[2026-02-05T20:19:32.572+0000][440.187s][debug][safepoint   ] Safepoint synchronization initiated using futex wait barrier. (389 threads)
[2026-02-05T20:19:32.572+0000][440.187s][info ][gc,start    ] GC(80) Pause Young (Normal) (G1 Evacuation Pause)
[2026-02-05T20:19:32.572+0000][440.188s][info ][gc,task     ] GC(80) Using 10 workers of 10 for evacuation
[2026-02-05T20:19:32.577+0000][440.193s][info ][gc,phases   ] GC(80)   Pre Evacuate Collection Set: 0.4ms
[2026-02-05T20:19:32.578+0000][440.193s][info ][gc,phases   ] GC(80)   Merge Heap Roots: 0.2ms
[2026-02-05T20:19:32.578+0000][440.193s][info ][gc,phases   ] GC(80)   Evacuate Collection Set: 2.3ms
[2026-02-05T20:19:32.578+0000][440.193s][info ][gc,phases   ] GC(80)   Post Evacuate Collection Set: 1.5ms
[2026-02-05T20:19:32.578+0000][440.194s][info ][gc,phases   ] GC(80)   Other: 0.7ms
[2026-02-05T20:19:32.578+0000][440.194s][info ][gc,heap     ] GC(80) Eden regions: 91->0(91)
[2026-02-05T20:19:32.579+0000][440.194s][info ][gc,heap     ] GC(80) Survivor regions: 2->2(12)
[2026-02-05T20:19:32.579+0000][440.194s][info ][gc,heap     ] GC(80) Old regions: 80->80
[2026-02-05T20:19:32.579+0000][440.194s][info ][gc,heap     ] GC(80) Archive regions: 2->2
[2026-02-05T20:19:32.579+0000][440.194s][info ][gc,heap     ] GC(80) Humongous regions: 0->0
[2026-02-05T20:19:32.579+0000][440.194s][info ][gc,metaspace] GC(80) Metaspace: 194051K(196608K)->194051K(196608K) NonClass: 170467K(171776K)->170467K(171776K) Class: 23584K(24832K)->23584K(24832K)
[2026-02-05T20:19:32.579+0000][440.195s][info ][gc          ] GC(80) Pause Young (Normal) (G1 Evacuation Pause) 345M->163M(394M) 7.222ms
[2026-02-05T20:19:32.580+0000][440.195s][info ][gc,cpu      ] GC(80) User=0.03s Sys=0.00s Real=0.01s
[2026-02-05T20:19:32.580+0000][440.195s][info ][safepoint   ] Safepoint "G1CollectForAllocation", Time since last: 299077282 ns, Reaching safepoint: 314511 ns, Cleanup: 13401 ns, At safepoint: 7987685 ns, Total: 8315597 ns
[2026-02-05T20:19:33.581+0000][441.196s][debug][safepoint   ] Safepoint synchronization initiated using futex wait barrier. (389 threads)
[2026-02-05T20:19:33.581+0000][441.196s][info ][safepoint   ] Safepoint "Cleanup", Time since last: 1000470434 ns, Reaching safepoint: 478417 ns, Cleanup: 47102 ns, At safepoint: 23801 ns, Total: 549320 ns
[2026-02-05T20:19:34.581+0000][442.197s][debug][safepoint   ] Safepoint synchronization initiated using futex wait barrier. (389 threads)
[2026-02-05T20:19:34.582+0000][442.197s][info ][safepoint   ] Safepoint "Cleanup", Time since last: 1000328029 ns, Reaching safepoint: 541119 ns, Cleanup: 11100 ns, At safepoint: 83703 ns, Total: 635922 ns
[2026-02-05T20:19:35.582+0000][443.198s][debug][safepoint   ] Safepoint synchronization initiated using futex wait barrier. (389 threads)
[2026-02-05T20:19:35.586+0000][443.201s][info ][safepoint   ] Safepoint "Cleanup", Time since last: 1000364031 ns, Reaching safepoint: 3129611 ns, Cleanup: 25701 ns, At safepoint: 54402 ns, Total: 3209714 ns
[2026-02-05T20:19:36.586+0000][444.202s][debug][safepoint   ] Safepoint synchronization initiated using futex wait barrier. (389 threads)
[2026-02-05T20:19:36.587+0000][444.202s][info ][safepoint   ] Safepoint "Cleanup", Time since last: 1000770745 ns, Reaching safepoint: 358513 ns, Cleanup: 14400 ns, At safepoint: 5300 ns, Total: 378213 ns
[2026-02-05T20:19:43.588+0000][451.203s][debug][safepoint   ] Safepoint synchronization initiated using futex wait barrier. (389 threads)
[2026-02-05T20:19:43.588+0000][451.203s][info ][safepoint   ] Safepoint "Cleanup", Time since last: 7000902782 ns, Reaching safepoint: 391314 ns, Cleanup: 30201 ns, At safepoint: 5100 ns, Total: 426615 ns
[2026-02-05T20:19:45.589+0000][453.204s][debug][safepoint   ] Safepoint synchronization initiated using futex wait barrier. (389 threads)
[2026-02-05T20:19:45.589+0000][453.204s][info ][safepoint   ] Safepoint "Cleanup", Time since last: 2000563539 ns, Reaching safepoint: 261909 ns, Cleanup: 13501 ns, At safepoint: 4200 ns, Total: 279610 ns
[2026-02-05T20:19:46.589+0000][454.204s][debug][safepoint   ] Safepoint synchronization initiated using futex wait barrier. (389 threads)
[2026-02-05T20:19:46.590+0000][454.205s][info ][safepoint   ] Safepoint "Cleanup", Time since last: 1000236668 ns, Reaching safepoint: 341912 ns, Cleanup: 19901 ns, At safepoint: 8800 ns, Total: 370613 ns
[2026-02-05T20:19:48.588+0000][456.205s][debug][safepoint   ] Safepoint synchronization initiated using futex wait barrier. (389 threads)
[2026-02-05T20:19:48.588+0000][456.206s][info ][safepoint   ] Safepoint "Cleanup", Time since last: 2000430631 ns, Reaching safepoint: 295008 ns, Cleanup: 13701 ns, At safepoint: 5200 ns, Total: 313909 ns
[2026-02-05T20:19:53.589+0000][461.206s][debug][safepoint   ] Safepoint synchronization initiated using futex wait barrier. (389 threads)
[2026-02-05T20:19:53.589+0000][461.207s][info ][safepoint   ] Safepoint "Cleanup", Time since last: 5000668929 ns, Reaching safepoint: 291208 ns, Cleanup: 24201 ns, At safepoint: 22401 ns, Total: 337810 ns
[2026-02-05T20:19:55.590+0000][463.207s][debug][safepoint   ] Safepoint synchronization initiated using futex wait barrier. (389 threads)
[2026-02-05T20:19:55.590+0000][463.207s][info ][safepoint   ] Safepoint "Cleanup", Time since last: 2000354737 ns, Reaching safepoint: 451719 ns, Cleanup: 9601 ns, At safepoint: 6000 ns, Total: 467320 ns
[2026-02-05T20:19:57.591+0000][465.208s][debug][safepoint   ] Safepoint synchronization initiated using futex wait barrier. (389 threads)
[2026-02-05T20:19:57.591+0000][465.208s][info ][safepoint   ] Safepoint "Cleanup", Time since last: 2000474739 ns, Reaching safepoint: 263111 ns, Cleanup: 11101 ns, At safepoint: 22800 ns, Total: 297012 ns
[2026-02-05T20:19:58.591+0000][466.208s][debug][safepoint   ] Safepoint synchronization initiated using futex wait barrier. (388 threads)
[2026-02-05T20:19:58.592+0000][466.210s][info ][safepoint   ] Safepoint "Cleanup", Time since last: 1000265871 ns, Reaching safepoint: 1207451 ns, Cleanup: 16400 ns, At safepoint: 50503 ns, Total: 1274354 ns
[2026-02-05T20:20:01.593+0000][469.210s][debug][safepoint   ] Safepoint synchronization initiated using futex wait barrier. (388 threads)
[2026-02-05T20:20:01.593+0000][469.211s][info ][safepoint   ] Safepoint "Cleanup", Time since last: 3000732609 ns, Reaching safepoint: 257611 ns, Cleanup: 11801 ns, At safepoint: 4400 ns, Total: 273812 ns
[2026-02-05T20:20:03.594+0000][471.211s][debug][safepoint   ] Safepoint synchronization initiated using futex wait barrier. (388 threads)
[2026-02-05T20:20:03.594+0000][471.211s][info ][safepoint   ] Safepoint "Cleanup", Time since last: 2000479280 ns, Reaching safepoint: 290615 ns, Cleanup: 10800 ns, At safepoint: 4200 ns, Total: 305615 ns
[2026-02-05T20:20:04.039+0000][471.656s][debug][safepoint   ] Safepoint synchronization initiated using futex wait barrier. (388 threads)
[2026-02-05T20:20:04.041+0000][471.658s][info ][gc,start    ] GC(81) Pause Young (Normal) (G1 Evacuation Pause)
[2026-02-05T20:20:04.041+0000][471.658s][info ][gc,task     ] GC(81) Using 10 workers of 10 for evacuation
[2026-02-05T20:20:04.046+0000][471.664s][info ][gc,phases   ] GC(81)   Pre Evacuate Collection Set: 0.4ms
[2026-02-05T20:20:04.047+0000][471.664s][info ][gc,phases   ] GC(81)   Merge Heap Roots: 0.2ms
[2026-02-05T20:20:04.047+0000][471.664s][info ][gc,phases   ] GC(81)   Evacuate Collection Set: 2.3ms
[2026-02-05T20:20:04.047+0000][471.664s][info ][gc,phases   ] GC(81)   Post Evacuate Collection Set: 1.8ms
[2026-02-05T20:20:04.047+0000][471.665s][info ][gc,phases   ] GC(81)   Other: 0.7ms
[2026-02-05T20:20:04.048+0000][471.665s][info ][gc,heap     ] GC(81) Eden regions: 91->0(91)
[2026-02-05T20:20:04.048+0000][471.665s][info ][gc,heap     ] GC(81) Survivor regions: 2->2(12)
[2026-02-05T20:20:04.048+0000][471.665s][info ][gc,heap     ] GC(81) Old regions: 80->80
[2026-02-05T20:20:04.048+0000][471.666s][info ][gc,heap     ] GC(81) Archive regions: 2->2
[2026-02-05T20:20:04.049+0000][471.666s][info ][gc,heap     ] GC(81) Humongous regions: 0->0
[2026-02-05T20:20:04.049+0000][471.666s][info ][gc,metaspace] GC(81) Metaspace: 194101K(196672K)->194101K(196672K) NonClass: 170516K(171840K)->170516K(171840K) Class: 23584K(24832K)->23584K(24832K)
[2026-02-05T20:20:04.049+0000][471.667s][info ][gc          ] GC(81) Pause Young (Normal) (G1 Evacuation Pause) 345M->163M(394M) 8.424ms
[2026-02-05T20:20:04.050+0000][471.667s][info ][gc,cpu      ] GC(81) User=0.03s Sys=0.00s Real=0.01s
[2026-02-05T20:20:04.050+0000][471.667s][info ][safepoint   ] Safepoint "G1CollectForAllocation", Time since last: 444639160 ns, Reaching safepoint: 1908296 ns, Cleanup: 7500 ns, At safepoint: 9262566 ns, Total: 11178362 ns
[2026-02-05T20:20:05.050+0000][472.668s][debug][safepoint   ] Safepoint synchronization initiated using futex wait barrier. (388 threads)
[2026-02-05T20:20:05.051+0000][472.668s][info ][safepoint   ] Safepoint "Cleanup", Time since last: 1000352004 ns, Reaching safepoint: 445222 ns, Cleanup: 11001 ns, At safepoint: 4800 ns, Total: 461023 ns
[2026-02-05T20:20:08.052+0000][475.669s][debug][safepoint   ] Safepoint synchronization initiated using futex wait barrier. (388 threads)
[2026-02-05T20:20:08.053+0000][475.670s][info ][safepoint   ] Safepoint "Cleanup", Time since last: 3000881703 ns, Reaching safepoint: 989349 ns, Cleanup: 19501 ns, At safepoint: 15501 ns, Total: 1024351 ns
[2026-02-05T20:20:13.351+0000][480.968s][debug][safepoint   ] Safepoint synchronization initiated using futex wait barrier. (388 threads)
[2026-02-05T20:20:13.351+0000][480.969s][info ][safepoint   ] Safepoint "Cleanup", Time since last: 5298066374 ns, Reaching safepoint: 444418 ns, Cleanup: 11800 ns, At safepoint: 62503 ns, Total: 518721 ns
[2026-02-05T20:20:22.352+0000][489.970s][debug][safepoint   ] Safepoint synchronization initiated using futex wait barrier. (388 threads)
[2026-02-05T20:20:22.352+0000][489.971s][info ][safepoint   ] Safepoint "Cleanup", Time since last: 9001633633 ns, Reaching safepoint: 299011 ns, Cleanup: 15001 ns, At safepoint: 70103 ns, Total: 384115 ns
[2026-02-05T20:20:23.352+0000][490.971s][debug][safepoint   ] Safepoint synchronization initiated using futex wait barrier. (388 threads)
[2026-02-05T20:20:23.353+0000][490.971s][info ][safepoint   ] Safepoint "Cleanup", Time since last: 1000242267 ns, Reaching safepoint: 335713 ns, Cleanup: 15900 ns, At safepoint: 35502 ns, Total: 387115 ns
[2026-02-05T20:20:24.353+0000][491.972s][debug][safepoint   ] Safepoint synchronization initiated using futex wait barrier. (388 threads)
[2026-02-05T20:20:24.354+0000][491.972s][info ][safepoint   ] Safepoint "Cleanup", Time since last: 1000387773 ns, Reaching safepoint: 492218 ns, Cleanup: 10601 ns, At safepoint: 5200 ns, Total: 508019 ns
[2026-02-05T20:20:26.354+0000][493.973s][debug][safepoint   ] Safepoint synchronization initiated using futex wait barrier. (388 threads)
[2026-02-05T20:20:26.354+0000][493.973s][info ][safepoint   ] Safepoint "Cleanup", Time since last: 2000410932 ns, Reaching safepoint: 249210 ns, Cleanup: 12100 ns, At safepoint: 4300 ns, Total: 265610 ns
[2026-02-05T20:20:28.355+0000][495.973s][debug][safepoint   ] Safepoint synchronization initiated using futex wait barrier. (388 threads)
[2026-02-05T20:20:28.355+0000][495.974s][info ][safepoint   ] Safepoint "Cleanup", Time since last: 2000369553 ns, Reaching safepoint: 270911 ns, Cleanup: 57302 ns, At safepoint: 25501 ns, Total: 353714 ns
[2026-02-05T20:20:29.355+0000][496.974s][debug][safepoint   ] Safepoint synchronization initiated using futex wait barrier. (388 threads)
[2026-02-05T20:20:29.356+0000][496.974s][info ][safepoint   ] Safepoint "Cleanup", Time since last: 1000330958 ns, Reaching safepoint: 386716 ns, Cleanup: 13601 ns, At safepoint: 3900 ns, Total: 404217 ns
[2026-02-05T20:20:30.356+0000][497.975s][debug][safepoint   ] Safepoint synchronization initiated using futex wait barrier. (388 threads)
[2026-02-05T20:20:30.357+0000][497.975s][info ][safepoint   ] Safepoint "Cleanup", Time since last: 1000451463 ns, Reaching safepoint: 384915 ns, Cleanup: 19701 ns, At safepoint: 9201 ns, Total: 413817 ns
[2026-02-05T20:20:31.357+0000][498.976s][debug][safepoint   ] Safepoint synchronization initiated using futex wait barrier. (388 threads)
[2026-02-05T20:20:31.357+0000][498.976s][info ][safepoint   ] Safepoint "Cleanup", Time since last: 1000439562 ns, Reaching safepoint: 274111 ns, Cleanup: 15501 ns, At safepoint: 4700 ns, Total: 294312 ns
[2026-02-05T20:20:32.358+0000][499.976s][debug][safepoint   ] Safepoint synchronization initiated using futex wait barrier. (388 threads)
[2026-02-05T20:20:32.358+0000][499.977s][info ][safepoint   ] Safepoint "Cleanup", Time since last: 1000255955 ns, Reaching safepoint: 330914 ns, Cleanup: 12900 ns, At safepoint: 38102 ns, Total: 381916 ns
[2026-02-05T20:20:33.359+0000][500.977s][debug][safepoint   ] Safepoint synchronization initiated using futex wait barrier. (388 threads)
[2026-02-05T20:20:33.359+0000][500.978s][info ][safepoint   ] Safepoint "Cleanup", Time since last: 1000622370 ns, Reaching safepoint: 675927 ns, Cleanup: 21201 ns, At safepoint: 9800 ns, Total: 706928 ns
[2026-02-05T20:20:34.360+0000][501.978s][debug][safepoint   ] Safepoint synchronization initiated using futex wait barrier. (388 threads)
[2026-02-05T20:20:34.360+0000][501.979s][info ][safepoint   ] Safepoint "Cleanup", Time since last: 1000451963 ns, Reaching safepoint: 323113 ns, Cleanup: 10801 ns, At safepoint: 74103 ns, Total: 408017 ns
[2026-02-05T20:20:36.361+0000][503.979s][debug][safepoint   ] Safepoint synchronization initiated using futex wait barrier. (388 threads)
[2026-02-05T20:20:36.361+0000][503.979s][info ][safepoint   ] Safepoint "Cleanup", Time since last: 2000448363 ns, Reaching safepoint: 236509 ns, Cleanup: 9901 ns, At safepoint: 4400 ns, Total: 250810 ns
[2026-02-05T20:20:36.843+0000][504.461s][debug][safepoint   ] Safepoint synchronization initiated using futex wait barrier. (388 threads)
[2026-02-05T20:20:36.843+0000][504.462s][info ][gc,start    ] GC(82) Pause Young (Normal) (G1 Evacuation Pause)
[2026-02-05T20:20:36.844+0000][504.462s][info ][gc,task     ] GC(82) Using 10 workers of 10 for evacuation
[2026-02-05T20:20:36.848+0000][504.467s][info ][gc,phases   ] GC(82)   Pre Evacuate Collection Set: 0.3ms
[2026-02-05T20:20:36.849+0000][504.467s][info ][gc,phases   ] GC(82)   Merge Heap Roots: 0.2ms
[2026-02-05T20:20:36.849+0000][504.468s][info ][gc,phases   ] GC(82)   Evacuate Collection Set: 1.9ms
[2026-02-05T20:20:36.849+0000][504.468s][info ][gc,phases   ] GC(82)   Post Evacuate Collection Set: 1.7ms
[2026-02-05T20:20:36.849+0000][504.468s][info ][gc,phases   ] GC(82)   Other: 0.9ms
[2026-02-05T20:20:36.850+0000][504.468s][info ][gc,heap     ] GC(82) Eden regions: 91->0(93)
[2026-02-05T20:20:36.850+0000][504.468s][info ][gc,heap     ] GC(82) Survivor regions: 2->1(12)
[2026-02-05T20:20:36.850+0000][504.468s][info ][gc,heap     ] GC(82) Old regions: 80->80
[2026-02-05T20:20:36.850+0000][504.469s][info ][gc,heap     ] GC(82) Archive regions: 2->2
[2026-02-05T20:20:36.850+0000][504.469s][info ][gc,heap     ] GC(82) Humongous regions: 0->0
[2026-02-05T20:20:36.850+0000][504.469s][info ][gc,metaspace] GC(82) Metaspace: 194145K(196736K)->194145K(196736K) NonClass: 170561K(171904K)->170561K(171904K) Class: 23584K(24832K)->23584K(24832K)
[2026-02-05T20:20:36.851+0000][504.469s][info ][gc          ] GC(82) Pause Young (Normal) (G1 Evacuation Pause) 345M->163M(394M) 7.193ms
[2026-02-05T20:20:36.851+0000][504.469s][info ][gc,cpu      ] GC(82) User=0.03s Sys=0.00s Real=0.00s
[2026-02-05T20:20:36.852+0000][504.470s][info ][safepoint   ] Safepoint "G1CollectForAllocation", Time since last: 481871894 ns, Reaching safepoint: 500821 ns, Cleanup: 4200 ns, At safepoint: 8288233 ns, Total: 8793254 ns
[2026-02-05T20:20:37.852+0000][505.471s][debug][safepoint   ] Safepoint synchronization initiated using futex wait barrier. (388 threads)
[2026-02-05T20:20:37.852+0000][505.471s][info ][safepoint   ] Safepoint "Cleanup", Time since last: 1000537970 ns, Reaching safepoint: 260611 ns, Cleanup: 31301 ns, At safepoint: 6800 ns, Total: 298712 ns
[2026-02-05T20:20:40.853+0000][508.471s][debug][safepoint   ] Safepoint synchronization initiated using futex wait barrier. (388 threads)
[2026-02-05T20:20:40.853+0000][508.472s][info ][safepoint   ] Safepoint "Cleanup", Time since last: 3000475964 ns, Reaching safepoint: 372715 ns, Cleanup: 16300 ns, At safepoint: 5601 ns, Total: 394616 ns
[2026-02-05T20:20:41.854+0000][509.472s][debug][safepoint   ] Safepoint synchronization initiated using futex wait barrier. (388 threads)
[2026-02-05T20:20:41.854+0000][509.473s][info ][safepoint   ] Safepoint "Cleanup", Time since last: 1000304360 ns, Reaching safepoint: 484819 ns, Cleanup: 22501 ns, At safepoint: 10701 ns, Total: 518021 ns
[2026-02-05T20:20:42.854+0000][510.473s][debug][safepoint   ] Safepoint synchronization initiated using futex wait barrier. (388 threads)
[2026-02-05T20:20:42.855+0000][510.473s][info ][safepoint   ] Safepoint "Cleanup", Time since last: 1000334761 ns, Reaching safepoint: 323013 ns, Cleanup: 17901 ns, At safepoint: 5000 ns, Total: 345914 ns
[2026-02-05T20:20:44.855+0000][512.474s][debug][safepoint   ] Safepoint synchronization initiated using futex wait barrier. (388 threads)
[2026-02-05T20:20:44.855+0000][512.474s][info ][safepoint   ] Safepoint "Cleanup", Time since last: 2000403830 ns, Reaching safepoint: 248909 ns, Cleanup: 10501 ns, At safepoint: 4400 ns, Total: 263810 ns
[2026-02-05T20:20:45.856+0000][513.474s][debug][safepoint   ] Safepoint synchronization initiated using futex wait barrier. (388 threads)
[2026-02-05T20:20:45.857+0000][513.475s][info ][safepoint   ] Safepoint "Cleanup", Time since last: 1000332991 ns, Reaching safepoint: 1074740 ns, Cleanup: 16101 ns, At safepoint: 121404 ns, Total: 1212245 ns
[2026-02-05T20:20:48.316+0000][515.936s][debug][safepoint   ] Safepoint synchronization initiated using futex wait barrier. (388 threads)
[2026-02-05T20:20:48.317+0000][515.937s][info ][safepoint   ] Safepoint "Cleanup", Time since last: 2460901023 ns, Reaching safepoint: 355913 ns, Cleanup: 20601 ns, At safepoint: 83703 ns, Total: 460217 ns
[2026-02-05T20:20:53.318+0000][520.938s][debug][safepoint   ] Safepoint synchronization initiated using futex wait barrier. (388 threads)
[2026-02-05T20:20:53.318+0000][520.938s][info ][safepoint   ] Safepoint "Cleanup", Time since last: 5000719333 ns, Reaching safepoint: 326713 ns, Cleanup: 35301 ns, At safepoint: 89704 ns, Total: 451718 ns
[2026-02-05T20:20:57.319+0000][524.939s][debug][safepoint   ] Safepoint synchronization initiated using futex wait barrier. (388 threads)
[2026-02-05T20:20:57.319+0000][524.939s][info ][safepoint   ] Safepoint "Cleanup", Time since last: 4000663718 ns, Reaching safepoint: 259010 ns, Cleanup: 12701 ns, At safepoint: 4200 ns, Total: 275911 ns
[2026-02-05T20:21:02.320+0000][529.940s][debug][safepoint   ] Safepoint synchronization initiated using futex wait barrier. (387 threads)
[2026-02-05T20:21:02.320+0000][529.940s][info ][safepoint   ] Safepoint "Cleanup", Time since last: 5000795441 ns, Reaching safepoint: 403316 ns, Cleanup: 12200 ns, At safepoint: 4201 ns, Total: 419717 ns
[2026-02-05T20:21:03.321+0000][530.940s][debug][safepoint   ] Safepoint synchronization initiated using futex wait barrier. (387 threads)
[2026-02-05T20:21:03.321+0000][530.941s][info ][safepoint   ] Safepoint "Cleanup", Time since last: 1000259735 ns, Reaching safepoint: 335013 ns, Cleanup: 13101 ns, At safepoint: 24901 ns, Total: 373015 ns
[2026-02-05T20:21:08.322+0000][535.941s][debug][safepoint   ] Safepoint synchronization initiated using futex wait barrier. (387 threads)
[2026-02-05T20:21:08.322+0000][535.942s][info ][safepoint   ] Safepoint "Cleanup", Time since last: 5000671621 ns, Reaching safepoint: 460019 ns, Cleanup: 14601 ns, At safepoint: 6000 ns, Total: 480620 ns
[2026-02-05T20:21:10.323+0000][537.943s][debug][safepoint   ] Safepoint synchronization initiated using futex wait barrier. (387 threads)
[2026-02-05T20:21:10.323+0000][537.943s][info ][safepoint   ] Safepoint "Cleanup", Time since last: 2000565612 ns, Reaching safepoint: 283512 ns, Cleanup: 17501 ns, At safepoint: 4500 ns, Total: 305513 ns
[2026-02-05T20:21:10.540+0000][538.160s][debug][safepoint   ] Safepoint synchronization initiated using futex wait barrier. (387 threads)
[2026-02-05T20:21:10.541+0000][538.161s][info ][gc,start    ] GC(83) Pause Young (Normal) (G1 Evacuation Pause)
[2026-02-05T20:21:10.541+0000][538.161s][info ][gc,task     ] GC(83) Using 10 workers of 10 for evacuation
[2026-02-05T20:21:10.549+0000][538.169s][info ][gc,phases   ] GC(83)   Pre Evacuate Collection Set: 0.5ms
[2026-02-05T20:21:10.550+0000][538.169s][info ][gc,phases   ] GC(83)   Merge Heap Roots: 0.2ms
[2026-02-05T20:21:10.550+0000][538.170s][info ][gc,phases   ] GC(83)   Evacuate Collection Set: 4.3ms
[2026-02-05T20:21:10.550+0000][538.170s][info ][gc,phases   ] GC(83)   Post Evacuate Collection Set: 2.7ms
[2026-02-05T20:21:10.550+0000][538.170s][info ][gc,phases   ] GC(83)   Other: 1.4ms
[2026-02-05T20:21:10.550+0000][538.170s][info ][gc,heap     ] GC(83) Eden regions: 93->0(93)
[2026-02-05T20:21:10.551+0000][538.170s][info ][gc,heap     ] GC(83) Survivor regions: 1->1(12)
[2026-02-05T20:21:10.551+0000][538.171s][info ][gc,heap     ] GC(83) Old regions: 80->80
[2026-02-05T20:21:10.551+0000][538.171s][info ][gc,heap     ] GC(83) Archive regions: 2->2
[2026-02-05T20:21:10.551+0000][538.171s][info ][gc,heap     ] GC(83) Humongous regions: 0->0
[2026-02-05T20:21:10.551+0000][538.171s][info ][gc,metaspace] GC(83) Metaspace: 194183K(196736K)->194183K(196736K) NonClass: 170598K(171904K)->170598K(171904K) Class: 23584K(24832K)->23584K(24832K)
[2026-02-05T20:21:10.552+0000][538.172s][info ][gc          ] GC(83) Pause Young (Normal) (G1 Evacuation Pause) 349M->163M(394M) 10.999ms
[2026-02-05T20:21:10.552+0000][538.172s][info ][gc,cpu      ] GC(83) User=0.05s Sys=0.00s Real=0.01s
[2026-02-05T20:21:10.553+0000][538.173s][info ][safepoint   ] Safepoint "G1CollectForAllocation", Time since last: 216683275 ns, Reaching safepoint: 533923 ns, Cleanup: 6000 ns, At safepoint: 12879245 ns, Total: 13419168 ns
[2026-02-05T20:21:11.554+0000][539.173s][debug][safepoint   ] Safepoint synchronization initiated using futex wait barrier. (387 threads)
[2026-02-05T20:21:11.554+0000][539.174s][info ][safepoint   ] Safepoint "Cleanup", Time since last: 1000499365 ns, Reaching safepoint: 342515 ns, Cleanup: 14700 ns, At safepoint: 6000 ns, Total: 363215 ns
[2026-02-05T20:21:13.431+0000][541.051s][debug][safepoint   ] Safepoint synchronization initiated using futex wait barrier. (387 threads)
[2026-02-05T20:21:13.432+0000][541.052s][info ][safepoint   ] Safepoint "Cleanup", Time since last: 1877562303 ns, Reaching safepoint: 416918 ns, Cleanup: 11701 ns, At safepoint: 59702 ns, Total: 488321 ns
[2026-02-05T20:21:16.433+0000][544.052s][debug][safepoint   ] Safepoint synchronization initiated using futex wait barrier. (387 threads)
[2026-02-05T20:21:16.440+0000][544.060s][info ][safepoint   ] Safepoint "Cleanup", Time since last: 3000563148 ns, Reaching safepoint: 7668083 ns, Cleanup: 26101 ns, At safepoint: 13001 ns, Total: 7707185 ns
[2026-02-05T20:21:18.441+0000][546.062s][debug][safepoint   ] Safepoint synchronization initiated using futex wait barrier. (387 threads)
[2026-02-05T20:21:18.441+0000][546.062s][info ][safepoint   ] Safepoint "Cleanup", Time since last: 2001934616 ns, Reaching safepoint: 261709 ns, Cleanup: 12301 ns, At safepoint: 4000 ns, Total: 278010 ns
[2026-02-05T20:21:24.442+0000][552.063s][debug][safepoint   ] Safepoint synchronization initiated using futex wait barrier. (387 threads)
[2026-02-05T20:21:24.442+0000][552.063s][info ][safepoint   ] Safepoint "Cleanup", Time since last: 6000768262 ns, Reaching safepoint: 257610 ns, Cleanup: 10900 ns, At safepoint: 4100 ns, Total: 272610 ns
[2026-02-05T20:21:25.442+0000][553.064s][debug][safepoint   ] Safepoint synchronization initiated using futex wait barrier. (387 threads)
[2026-02-05T20:21:25.443+0000][553.064s][info ][safepoint   ] Safepoint "Cleanup", Time since last: 1000241264 ns, Reaching safepoint: 338212 ns, Cleanup: 15801 ns, At safepoint: 6700 ns, Total: 360713 ns
[2026-02-05T20:21:28.443+0000][556.065s][debug][safepoint   ] Safepoint synchronization initiated using futex wait barrier. (387 threads)
[2026-02-05T20:21:28.444+0000][556.065s][info ][safepoint   ] Safepoint "Cleanup", Time since last: 3000518082 ns, Reaching safepoint: 485818 ns, Cleanup: 13101 ns, At safepoint: 80803 ns, Total: 579722 ns
[2026-02-05T20:21:30.444+0000][558.066s][debug][safepoint   ] Safepoint synchronization initiated using futex wait barrier. (387 threads)
[2026-02-05T20:21:30.445+0000][558.066s][info ][safepoint   ] Safepoint "Cleanup", Time since last: 2000514627 ns, Reaching safepoint: 460717 ns, Cleanup: 55002 ns, At safepoint: 42902 ns, Total: 558621 ns
[2026-02-05T20:21:31.445+0000][559.067s][debug][safepoint   ] Safepoint synchronization initiated using futex wait barrier. (387 threads)
[2026-02-05T20:21:31.446+0000][559.067s][info ][safepoint   ] Safepoint "Cleanup", Time since last: 1000549541 ns, Reaching safepoint: 302312 ns, Cleanup: 14300 ns, At safepoint: 5100 ns, Total: 321712 ns
[2026-02-05T20:21:34.446+0000][562.068s][debug][safepoint   ] Safepoint synchronization initiated using futex wait barrier. (387 threads)
[2026-02-05T20:21:34.447+0000][562.068s][info ][safepoint   ] Safepoint "Cleanup", Time since last: 3000570310 ns, Reaching safepoint: 391016 ns, Cleanup: 49102 ns, At safepoint: 31101 ns, Total: 471219 ns
[2026-02-05T20:21:35.447+0000][563.068s][debug][safepoint   ] Safepoint synchronization initiated using futex wait barrier. (387 threads)
[2026-02-05T20:21:35.448+0000][563.069s][info ][safepoint   ] Safepoint "Cleanup", Time since last: 1000317175 ns, Reaching safepoint: 445117 ns, Cleanup: 19601 ns, At safepoint: 6900 ns, Total: 471618 ns
[2026-02-05T20:21:36.448+0000][564.069s][debug][safepoint   ] Safepoint synchronization initiated using futex wait barrier. (387 threads)
[2026-02-05T20:21:36.448+0000][564.070s][info ][safepoint   ] Safepoint "Cleanup", Time since last: 1000410179 ns, Reaching safepoint: 328813 ns, Cleanup: 12300 ns, At safepoint: 5200 ns, Total: 346313 ns
[2026-02-05T20:21:37.449+0000][565.070s][debug][safepoint   ] Safepoint synchronization initiated using futex wait barrier. (387 threads)
[2026-02-05T20:21:37.449+0000][565.070s][info ][safepoint   ] Safepoint "Cleanup", Time since last: 1000314275 ns, Reaching safepoint: 216908 ns, Cleanup: 14901 ns, At safepoint: 42002 ns, Total: 273811 ns
[2026-02-05T20:21:38.449+0000][566.071s][debug][safepoint   ] Safepoint synchronization initiated using futex wait barrier. (387 threads)
[2026-02-05T20:21:38.450+0000][566.071s][info ][safepoint   ] Safepoint "Cleanup", Time since last: 1000306874 ns, Reaching safepoint: 516620 ns, Cleanup: 13901 ns, At safepoint: 4800 ns, Total: 535321 ns
[2026-02-05T20:21:42.631+0000][570.253s][debug][safepoint   ] Safepoint synchronization initiated using futex wait barrier. (387 threads)
[2026-02-05T20:21:42.632+0000][570.253s][info ][gc,start    ] GC(84) Pause Young (Normal) (G1 Evacuation Pause)
[2026-02-05T20:21:42.632+0000][570.254s][info ][gc,task     ] GC(84) Using 10 workers of 10 for evacuation
[2026-02-05T20:21:42.638+0000][570.259s][info ][gc,phases   ] GC(84)   Pre Evacuate Collection Set: 0.5ms
[2026-02-05T20:21:42.638+0000][570.260s][info ][gc,phases   ] GC(84)   Merge Heap Roots: 0.2ms
[2026-02-05T20:21:42.639+0000][570.260s][info ][gc,phases   ] GC(84)   Evacuate Collection Set: 2.4ms
[2026-02-05T20:21:42.639+0000][570.260s][info ][gc,phases   ] GC(84)   Post Evacuate Collection Set: 1.9ms
[2026-02-05T20:21:42.639+0000][570.260s][info ][gc,phases   ] GC(84)   Other: 0.9ms
[2026-02-05T20:21:42.639+0000][570.261s][info ][gc,heap     ] GC(84) Eden regions: 93->0(91)
[2026-02-05T20:21:42.639+0000][570.261s][info ][gc,heap     ] GC(84) Survivor regions: 1->2(12)
[2026-02-05T20:21:42.640+0000][570.261s][info ][gc,heap     ] GC(84) Old regions: 80->80
[2026-02-05T20:21:42.640+0000][570.261s][info ][gc,heap     ] GC(84) Archive regions: 2->2
[2026-02-05T20:21:42.640+0000][570.261s][info ][gc,heap     ] GC(84) Humongous regions: 0->0
[2026-02-05T20:21:42.640+0000][570.262s][info ][gc,metaspace] GC(84) Metaspace: 194713K(197248K)->194713K(197248K) NonClass: 171128K(172416K)->171128K(172416K) Class: 23584K(24832K)->23584K(24832K)
[2026-02-05T20:21:42.641+0000][570.262s][info ][gc          ] GC(84) Pause Young (Normal) (G1 Evacuation Pause) 349M->163M(394M) 8.447ms
[2026-02-05T20:21:42.641+0000][570.262s][info ][gc,cpu      ] GC(84) User=0.03s Sys=0.00s Real=0.01s
[2026-02-05T20:21:42.642+0000][570.263s][info ][safepoint   ] Safepoint "G1CollectForAllocation", Time since last: 4181635539 ns, Reaching safepoint: 685227 ns, Cleanup: 6200 ns, At safepoint: 9427669 ns, Total: 10119096 ns
[2026-02-05T20:21:57.643+0000][585.265s][debug][safepoint   ] Safepoint synchronization initiated using futex wait barrier. (387 threads)
[2026-02-05T20:21:57.643+0000][585.265s][info ][safepoint   ] Safepoint "Cleanup", Time since last: 15002046625 ns, Reaching safepoint: 455617 ns, Cleanup: 58302 ns, At safepoint: 16701 ns, Total: 530620 ns
[2026-02-05T20:21:59.644+0000][587.266s][debug][safepoint   ] Safepoint synchronization initiated using futex wait barrier. (386 threads)
[2026-02-05T20:21:59.644+0000][587.266s][info ][safepoint   ] Safepoint "Cleanup", Time since last: 2000384555 ns, Reaching safepoint: 398415 ns, Cleanup: 18101 ns, At safepoint: 4700 ns, Total: 421216 ns
[2026-02-05T20:22:00.644+0000][588.267s][debug][safepoint   ] Safepoint synchronization initiated using futex wait barrier. (386 threads)
[2026-02-05T20:22:00.645+0000][588.267s][info ][safepoint   ] Safepoint "Cleanup", Time since last: 1000344783 ns, Reaching safepoint: 361714 ns, Cleanup: 13701 ns, At safepoint: 3900 ns, Total: 379315 ns
[2026-02-05T20:22:01.645+0000][589.267s][debug][safepoint   ] Safepoint synchronization initiated using futex wait barrier. (386 threads)
[2026-02-05T20:22:01.646+0000][589.268s][info ][safepoint   ] Safepoint "Cleanup", Time since last: 1000270080 ns, Reaching safepoint: 462318 ns, Cleanup: 13300 ns, At safepoint: 40902 ns, Total: 516520 ns
[2026-02-05T20:22:04.646+0000][592.268s][debug][safepoint   ] Safepoint synchronization initiated using futex wait barrier. (386 threads)
[2026-02-05T20:22:04.647+0000][592.269s][info ][safepoint   ] Safepoint "Cleanup", Time since last: 3000657712 ns, Reaching safepoint: 447529 ns, Cleanup: 15401 ns, At safepoint: 28901 ns, Total: 491831 ns
[2026-02-05T20:22:07.647+0000][595.269s][debug][safepoint   ] Safepoint synchronization initiated using futex wait barrier. (386 threads)
[2026-02-05T20:22:07.648+0000][595.270s][info ][safepoint   ] Safepoint "Cleanup", Time since last: 3000598259 ns, Reaching safepoint: 380024 ns, Cleanup: 12701 ns, At safepoint: 23201 ns, Total: 415926 ns
[2026-02-05T20:22:09.648+0000][597.270s][debug][safepoint   ] Safepoint synchronization initiated using futex wait barrier. (386 threads)
[2026-02-05T20:22:09.649+0000][597.271s][info ][safepoint   ] Safepoint "Cleanup", Time since last: 2000553515 ns, Reaching safepoint: 351523 ns, Cleanup: 19301 ns, At safepoint: 9901 ns, Total: 380725 ns
[2026-02-05T20:22:11.649+0000][599.271s][debug][safepoint   ] Safepoint synchronization initiated using futex wait barrier. (386 threads)
[2026-02-05T20:22:11.660+0000][599.282s][info ][safepoint   ] Safepoint "Cleanup", Time since last: 2000424579 ns, Reaching safepoint: 10889568 ns, Cleanup: 80001 ns, At safepoint: 28801 ns, Total: 10998370 ns
[2026-02-05T20:22:13.524+0000][601.146s][debug][safepoint   ] Safepoint synchronization initiated using futex wait barrier. (386 threads)
[2026-02-05T20:22:13.525+0000][601.147s][info ][safepoint   ] Safepoint "Cleanup", Time since last: 1864175735 ns, Reaching safepoint: 331408 ns, Cleanup: 29301 ns, At safepoint: 45001 ns, Total: 405710 ns
[2026-02-05T20:22:14.525+0000][602.147s][debug][safepoint   ] Safepoint synchronization initiated using futex wait barrier. (386 threads)
[2026-02-05T20:22:14.526+0000][602.148s][info ][safepoint   ] Safepoint "Cleanup", Time since last: 1000345342 ns, Reaching safepoint: 626816 ns, Cleanup: 21800 ns, At safepoint: 8100 ns, Total: 656716 ns
[2026-02-05T20:22:15.387+0000][603.009s][debug][safepoint   ] Safepoint synchronization initiated using futex wait barrier. (386 threads)
[2026-02-05T20:22:15.388+0000][603.010s][info ][gc,start    ] GC(85) Pause Young (Normal) (G1 Evacuation Pause)
[2026-02-05T20:22:15.388+0000][603.010s][info ][gc,task     ] GC(85) Using 10 workers of 10 for evacuation
[2026-02-05T20:22:15.393+0000][603.015s][info ][gc,phases   ] GC(85)   Pre Evacuate Collection Set: 0.4ms
[2026-02-05T20:22:15.393+0000][603.015s][info ][gc,phases   ] GC(85)   Merge Heap Roots: 0.2ms
[2026-02-05T20:22:15.394+0000][603.016s][info ][gc,phases   ] GC(85)   Evacuate Collection Set: 2.0ms
[2026-02-05T20:22:15.394+0000][603.016s][info ][gc,phases   ] GC(85)   Post Evacuate Collection Set: 1.4ms
[2026-02-05T20:22:15.394+0000][603.016s][info ][gc,phases   ] GC(85)   Other: 1.0ms
[2026-02-05T20:22:15.394+0000][603.016s][info ][gc,heap     ] GC(85) Eden regions: 91->0(92)
[2026-02-05T20:22:15.395+0000][603.017s][info ][gc,heap     ] GC(85) Survivor regions: 2->1(12)
[2026-02-05T20:22:15.395+0000][603.017s][info ][gc,heap     ] GC(85) Old regions: 80->81
[2026-02-05T20:22:15.395+0000][603.017s][info ][gc,heap     ] GC(85) Archive regions: 2->2
[2026-02-05T20:22:15.395+0000][603.017s][info ][gc,heap     ] GC(85) Humongous regions: 0->0
[2026-02-05T20:22:15.396+0000][603.018s][info ][gc,metaspace] GC(85) Metaspace: 194795K(197376K)->194795K(197376K) NonClass: 171210K(172544K)->171210K(172544K) Class: 23584K(24832K)->23584K(24832K)
[2026-02-05T20:22:15.396+0000][603.018s][info ][gc          ] GC(85) Pause Young (Normal) (G1 Evacuation Pause) 345M->163M(394M) 8.088ms
[2026-02-05T20:22:15.396+0000][603.018s][info ][gc,cpu      ] GC(85) User=0.03s Sys=0.00s Real=0.01s
[2026-02-05T20:22:15.397+0000][603.019s][info ][safepoint   ] Safepoint "G1CollectForAllocation", Time since last: 861068926 ns, Reaching safepoint: 944223 ns, Cleanup: 17600 ns, At safepoint: 8899619 ns, Total: 9861442 ns
[2026-02-05T20:22:16.398+0000][604.020s][debug][safepoint   ] Safepoint synchronization initiated using futex wait barrier. (386 threads)
[2026-02-05T20:22:16.398+0000][604.020s][info ][safepoint   ] Safepoint "Cleanup", Time since last: 1001244664 ns, Reaching safepoint: 336908 ns, Cleanup: 18000 ns, At safepoint: 4801 ns, Total: 359709 ns
[2026-02-05T20:22:18.397+0000][606.021s][debug][safepoint   ] Safepoint synchronization initiated using futex wait barrier. (386 threads)
[2026-02-05T20:22:18.397+0000][606.021s][info ][safepoint   ] Safepoint "Cleanup", Time since last: 2000412376 ns, Reaching safepoint: 575614 ns, Cleanup: 13101 ns, At safepoint: 5100 ns, Total: 593815 ns
[2026-02-05T20:22:22.398+0000][610.022s][debug][safepoint   ] Safepoint synchronization initiated using futex wait barrier. (386 threads)
[2026-02-05T20:22:22.398+0000][610.022s][info ][safepoint   ] Safepoint "Cleanup", Time since last: 4000798911 ns, Reaching safepoint: 256509 ns, Cleanup: 15101 ns, At safepoint: 4400 ns, Total: 276010 ns
[2026-02-05T20:22:23.398+0000][611.023s][debug][safepoint   ] Safepoint synchronization initiated using futex wait barrier. (386 threads)
[2026-02-05T20:22:23.399+0000][611.023s][info ][safepoint   ] Safepoint "Cleanup", Time since last: 1000264936 ns, Reaching safepoint: 257309 ns, Cleanup: 10601 ns, At safepoint: 4200 ns, Total: 272110 ns
[2026-02-05T20:22:24.399+0000][612.023s][debug][safepoint   ] Safepoint synchronization initiated using futex wait barrier. (386 threads)
[2026-02-05T20:22:24.399+0000][612.024s][info ][safepoint   ] Safepoint "Cleanup", Time since last: 1000253436 ns, Reaching safepoint: 417515 ns, Cleanup: 11300 ns, At safepoint: 4200 ns, Total: 433015 ns
[2026-02-05T20:22:25.400+0000][613.024s][debug][safepoint   ] Safepoint synchronization initiated using futex wait barrier. (386 threads)
[2026-02-05T20:22:25.400+0000][613.024s][info ][safepoint   ] Safepoint "Cleanup", Time since last: 1000267837 ns, Reaching safepoint: 308411 ns, Cleanup: 15000 ns, At safepoint: 4101 ns, Total: 327512 ns
[2026-02-05T20:22:26.400+0000][614.025s][debug][safepoint   ] Safepoint synchronization initiated using futex wait barrier. (386 threads)
[2026-02-05T20:22:26.401+0000][614.025s][info ][safepoint   ] Safepoint "Cleanup", Time since last: 1000287437 ns, Reaching safepoint: 315911 ns, Cleanup: 15100 ns, At safepoint: 5701 ns, Total: 336712 ns
[2026-02-05T20:22:44.403+0000][632.027s][debug][safepoint   ] Safepoint synchronization initiated using futex wait barrier. (386 threads)
[2026-02-05T20:22:44.403+0000][632.027s][info ][safepoint   ] Safepoint "Cleanup", Time since last: 18002292253 ns, Reaching safepoint: 273510 ns, Cleanup: 14201 ns, At safepoint: 4000 ns, Total: 291711 ns
[2026-02-05T20:22:48.929+0000][636.555s][debug][safepoint   ] Safepoint synchronization initiated using futex wait barrier. (386 threads)
[2026-02-05T20:22:48.930+0000][636.555s][info ][gc,start    ] GC(86) Pause Young (Normal) (G1 Evacuation Pause)
[2026-02-05T20:22:48.930+0000][636.555s][info ][gc,task     ] GC(86) Using 10 workers of 10 for evacuation
[2026-02-05T20:22:48.934+0000][636.559s][info ][gc,phases   ] GC(86)   Pre Evacuate Collection Set: 0.4ms
[2026-02-05T20:22:48.934+0000][636.559s][info ][gc,phases   ] GC(86)   Merge Heap Roots: 0.2ms
[2026-02-05T20:22:48.934+0000][636.559s][info ][gc,phases   ] GC(86)   Evacuate Collection Set: 1.3ms
[2026-02-05T20:22:48.934+0000][636.560s][info ][gc,phases   ] GC(86)   Post Evacuate Collection Set: 1.6ms
[2026-02-05T20:22:48.934+0000][636.560s][info ][gc,phases   ] GC(86)   Other: 0.5ms
[2026-02-05T20:22:48.935+0000][636.560s][info ][gc,heap     ] GC(86) Eden regions: 92->0(92)
[2026-02-05T20:22:48.935+0000][636.560s][info ][gc,heap     ] GC(86) Survivor regions: 1->1(12)
[2026-02-05T20:22:48.935+0000][636.560s][info ][gc,heap     ] GC(86) Old regions: 81->81
[2026-02-05T20:22:48.935+0000][636.560s][info ][gc,heap     ] GC(86) Archive regions: 2->2
[2026-02-05T20:22:48.935+0000][636.561s][info ][gc,heap     ] GC(86) Humongous regions: 0->0
[2026-02-05T20:22:48.935+0000][636.561s][info ][gc,metaspace] GC(86) Metaspace: 194847K(197376K)->194847K(197376K) NonClass: 171262K(172544K)->171262K(172544K) Class: 23584K(24832K)->23584K(24832K)
[2026-02-05T20:22:48.936+0000][636.561s][info ][gc          ] GC(86) Pause Young (Normal) (G1 Evacuation Pause) 347M->163M(394M) 5.746ms
[2026-02-05T20:22:48.936+0000][636.561s][info ][gc,cpu      ] GC(86) User=0.01s Sys=0.01s Real=0.01s
[2026-02-05T20:22:48.936+0000][636.561s][info ][safepoint   ] Safepoint "G1CollectForAllocation", Time since last: 4527314515 ns, Reaching safepoint: 312512 ns, Cleanup: 5000 ns, At safepoint: 6316439 ns, Total: 6633951 ns
[2026-02-05T20:22:49.936+0000][637.562s][debug][safepoint   ] Safepoint synchronization initiated using futex wait barrier. (386 threads)
[2026-02-05T20:22:49.937+0000][637.562s][info ][safepoint   ] Safepoint "Cleanup", Time since last: 1000294085 ns, Reaching safepoint: 379014 ns, Cleanup: 48802 ns, At safepoint: 40802 ns, Total: 468618 ns
[2026-02-05T20:22:53.938+0000][641.563s][debug][safepoint   ] Safepoint synchronization initiated using futex wait barrier. (386 threads)
[2026-02-05T20:22:53.938+0000][641.563s][info ][safepoint   ] Safepoint "Cleanup", Time since last: 4000851204 ns, Reaching safepoint: 304212 ns, Cleanup: 16601 ns, At safepoint: 4800 ns, Total: 325613 ns
[2026-02-05T20:23:00.939+0000][648.564s][debug][safepoint   ] Safepoint synchronization initiated using futex wait barrier. (385 threads)
[2026-02-05T20:23:00.940+0000][648.565s][info ][safepoint   ] Safepoint "Cleanup", Time since last: 7000906370 ns, Reaching safepoint: 832135 ns, Cleanup: 16101 ns, At safepoint: 5000 ns, Total: 853236 ns
[2026-02-05T20:23:01.940+0000][649.565s][debug][safepoint   ] Safepoint synchronization initiated using futex wait barrier. (385 threads)
[2026-02-05T20:23:01.940+0000][649.566s][info ][safepoint   ] Safepoint "Cleanup", Time since last: 1000322151 ns, Reaching safepoint: 369616 ns, Cleanup: 18101 ns, At safepoint: 5500 ns, Total: 393217 ns
[2026-02-05T20:23:02.941+0000][650.566s][debug][safepoint   ] Safepoint synchronization initiated using futex wait barrier. (385 threads)
[2026-02-05T20:23:02.941+0000][650.567s][info ][safepoint   ] Safepoint "Cleanup", Time since last: 1000429756 ns, Reaching safepoint: 401117 ns, Cleanup: 10500 ns, At safepoint: 69203 ns, Total: 480820 ns
[2026-02-05T20:23:05.942+0000][653.567s][debug][safepoint   ] Safepoint synchronization initiated using futex wait barrier. (385 threads)
[2026-02-05T20:23:05.942+0000][653.568s][info ][safepoint   ] Safepoint "Cleanup", Time since last: 3000509335 ns, Reaching safepoint: 304613 ns, Cleanup: 67303 ns, At safepoint: 25901 ns, Total: 397817 ns
[2026-02-05T20:23:09.943+0000][657.568s][debug][safepoint   ] Safepoint synchronization initiated using futex wait barrier. (385 threads)
[2026-02-05T20:23:09.943+0000][657.569s][info ][safepoint   ] Safepoint "Cleanup", Time since last: 4000663182 ns, Reaching safepoint: 306112 ns, Cleanup: 14101 ns, At safepoint: 27601 ns, Total: 347814 ns
[2026-02-05T20:23:10.944+0000][658.569s][debug][safepoint   ] Safepoint synchronization initiated using futex wait barrier. (385 threads)
[2026-02-05T20:23:10.944+0000][658.569s][info ][safepoint   ] Safepoint "Cleanup", Time since last: 1000331161 ns, Reaching safepoint: 344214 ns, Cleanup: 14200 ns, At safepoint: 6301 ns, Total: 364715 ns
[2026-02-05T20:23:11.944+0000][659.570s][debug][safepoint   ] Safepoint synchronization initiated using futex wait barrier. (385 threads)
[2026-02-05T20:23:11.945+0000][659.570s][info ][safepoint   ] Safepoint "Cleanup", Time since last: 1000359961 ns, Reaching safepoint: 409217 ns, Cleanup: 10801 ns, At safepoint: 40901 ns, Total: 460919 ns
[2026-02-05T20:23:13.610+0000][661.235s][debug][safepoint   ] Safepoint synchronization initiated using futex wait barrier. (385 threads)
[2026-02-05T20:23:13.610+0000][661.236s][info ][safepoint   ] Safepoint "Cleanup", Time since last: 1665284656 ns, Reaching safepoint: 237210 ns, Cleanup: 9300 ns, At safepoint: 20301 ns, Total: 266811 ns
[2026-02-05T20:23:14.611+0000][662.236s][debug][safepoint   ] Safepoint synchronization initiated using futex wait barrier. (385 threads)
[2026-02-05T20:23:14.611+0000][662.237s][info ][safepoint   ] Safepoint "Cleanup", Time since last: 1000411264 ns, Reaching safepoint: 561823 ns, Cleanup: 16100 ns, At safepoint: 4700 ns, Total: 582623 ns
[2026-02-05T20:23:17.611+0000][665.237s][debug][safepoint   ] Safepoint synchronization initiated using futex wait barrier. (385 threads)
[2026-02-05T20:23:17.611+0000][665.238s][info ][safepoint   ] Safepoint "Cleanup", Time since last: 3000498105 ns, Reaching safepoint: 345713 ns, Cleanup: 15500 ns, At safepoint: 22401 ns, Total: 383614 ns
[2026-02-05T20:23:18.611+0000][666.238s][debug][safepoint   ] Safepoint synchronization initiated using futex wait barrier. (385 threads)
[2026-02-05T20:23:18.612+0000][666.238s][info ][safepoint   ] Safepoint "Cleanup", Time since last: 1000455646 ns, Reaching safepoint: 445717 ns, Cleanup: 13600 ns, At safepoint: 4801 ns, Total: 464118 ns
[2026-02-05T20:23:20.529+0000][668.155s][debug][safepoint   ] Safepoint synchronization initiated using futex wait barrier. (385 threads)
[2026-02-05T20:23:20.529+0000][668.156s][info ][gc,start    ] GC(87) Pause Young (Normal) (G1 Evacuation Pause)
[2026-02-05T20:23:20.529+0000][668.156s][info ][gc,task     ] GC(87) Using 10 workers of 10 for evacuation
[2026-02-05T20:23:20.533+0000][668.160s][info ][gc,phases   ] GC(87)   Pre Evacuate Collection Set: 0.3ms
[2026-02-05T20:23:20.533+0000][668.160s][info ][gc,phases   ] GC(87)   Merge Heap Roots: 0.2ms
[2026-02-05T20:23:20.534+0000][668.160s][info ][gc,phases   ] GC(87)   Evacuate Collection Set: 1.3ms
[2026-02-05T20:23:20.534+0000][668.161s][info ][gc,phases   ] GC(87)   Post Evacuate Collection Set: 1.5ms
[2026-02-05T20:23:20.534+0000][668.161s][info ][gc,phases   ] GC(87)   Other: 0.6ms
[2026-02-05T20:23:20.534+0000][668.161s][info ][gc,heap     ] GC(87) Eden regions: 92->0(92)
[2026-02-05T20:23:20.534+0000][668.161s][info ][gc,heap     ] GC(87) Survivor regions: 1->1(12)
[2026-02-05T20:23:20.535+0000][668.161s][info ][gc,heap     ] GC(87) Old regions: 81->81
[2026-02-05T20:23:20.535+0000][668.162s][info ][gc,heap     ] GC(87) Archive regions: 2->2
[2026-02-05T20:23:20.535+0000][668.162s][info ][gc,heap     ] GC(87) Humongous regions: 0->0
[2026-02-05T20:23:20.535+0000][668.162s][info ][gc,metaspace] GC(87) Metaspace: 194862K(197440K)->194862K(197440K) NonClass: 171278K(172608K)->171278K(172608K) Class: 23584K(24832K)->23584K(24832K)
[2026-02-05T20:23:20.536+0000][668.162s][info ][gc          ] GC(87) Pause Young (Normal) (G1 Evacuation Pause) 347M->163M(394M) 6.520ms
[2026-02-05T20:23:20.536+0000][668.163s][info ][gc,cpu      ] GC(87) User=0.01s Sys=0.01s Real=0.01s
[2026-02-05T20:23:20.537+0000][668.163s][info ][safepoint   ] Safepoint "G1CollectForAllocation", Time since last: 1916955790 ns, Reaching safepoint: 308911 ns, Cleanup: 5601 ns, At safepoint: 7546287 ns, Total: 7860799 ns
[2026-02-05T20:23:24.538+0000][672.165s][debug][safepoint   ] Safepoint synchronization initiated using futex wait barrier. (385 threads)
[2026-02-05T20:23:24.539+0000][672.165s][info ][safepoint   ] Safepoint "Cleanup", Time since last: 4001342227 ns, Reaching safepoint: 493319 ns, Cleanup: 28601 ns, At safepoint: 34201 ns, Total: 556121 ns
[2026-02-05T20:23:30.539+0000][678.166s][debug][safepoint   ] Safepoint synchronization initiated using futex wait barrier. (385 threads)
[2026-02-05T20:23:30.541+0000][678.167s][info ][safepoint   ] Safepoint "Cleanup", Time since last: 6000872359 ns, Reaching safepoint: 1064341 ns, Cleanup: 21201 ns, At safepoint: 39801 ns, Total: 1125343 ns
[2026-02-05T20:23:33.541+0000][681.168s][debug][safepoint   ] Safepoint synchronization initiated using futex wait barrier. (385 threads)
[2026-02-05T20:23:33.542+0000][681.168s][info ][safepoint   ] Safepoint "Cleanup", Time since last: 3000782536 ns, Reaching safepoint: 377915 ns, Cleanup: 17500 ns, At safepoint: 27001 ns, Total: 422416 ns
[2026-02-05T20:23:34.542+0000][682.169s][debug][safepoint   ] Safepoint synchronization initiated using futex wait barrier. (385 threads)
[2026-02-05T20:23:34.542+0000][682.169s][info ][safepoint   ] Safepoint "Cleanup", Time since last: 1000310421 ns, Reaching safepoint: 261610 ns, Cleanup: 12901 ns, At safepoint: 4700 ns, Total: 279211 ns
[2026-02-05T20:23:35.543+0000][683.169s][debug][safepoint   ] Safepoint synchronization initiated using futex wait barrier. (385 threads)
[2026-02-05T20:23:35.543+0000][683.170s][info ][safepoint   ] Safepoint "Cleanup", Time since last: 1000250418 ns, Reaching safepoint: 252710 ns, Cleanup: 12300 ns, At safepoint: 22001 ns, Total: 287011 ns
[2026-02-05T20:23:38.543+0000][686.170s][debug][safepoint   ] Safepoint synchronization initiated using futex wait barrier. (385 threads)
[2026-02-05T20:23:38.544+0000][686.171s][info ][safepoint   ] Safepoint "Cleanup", Time since last: 3000488446 ns, Reaching safepoint: 447617 ns, Cleanup: 14500 ns, At safepoint: 32302 ns, Total: 494419 ns
[2026-02-05T20:23:40.545+0000][688.171s][debug][safepoint   ] Safepoint synchronization initiated using futex wait barrier. (385 threads)
[2026-02-05T20:23:40.545+0000][688.172s][info ][safepoint   ] Safepoint "Cleanup", Time since last: 2000783415 ns, Reaching safepoint: 622624 ns, Cleanup: 26901 ns, At safepoint: 16100 ns, Total: 665625 ns
[2026-02-05T20:23:42.546+0000][690.173s][debug][safepoint   ] Safepoint synchronization initiated using futex wait barrier. (385 threads)
[2026-02-05T20:23:42.546+0000][690.173s][info ][safepoint   ] Safepoint "Cleanup", Time since last: 2000661960 ns, Reaching safepoint: 340213 ns, Cleanup: 48302 ns, At safepoint: 62302 ns, Total: 450817 ns
[2026-02-05T20:23:43.547+0000][691.173s][debug][safepoint   ] Safepoint synchronization initiated using futex wait barrier. (385 threads)
[2026-02-05T20:23:43.547+0000][691.174s][info ][safepoint   ] Safepoint "Cleanup", Time since last: 1000293929 ns, Reaching safepoint: 321612 ns, Cleanup: 21301 ns, At safepoint: 5500 ns, Total: 348413 ns
[2026-02-05T20:23:47.546+0000][695.174s][debug][safepoint   ] Safepoint synchronization initiated using futex wait barrier. (385 threads)
[2026-02-05T20:23:47.547+0000][695.175s][info ][safepoint   ] Safepoint "Cleanup", Time since last: 4000757979 ns, Reaching safepoint: 266509 ns, Cleanup: 9901 ns, At safepoint: 4000 ns, Total: 280410 ns
[2026-02-05T20:23:48.547+0000][696.175s][debug][safepoint   ] Safepoint synchronization initiated using futex wait barrier. (385 threads)
[2026-02-05T20:23:48.547+0000][696.175s][info ][safepoint   ] Safepoint "Cleanup", Time since last: 1000289714 ns, Reaching safepoint: 270510 ns, Cleanup: 10400 ns, At safepoint: 4101 ns, Total: 285011 ns
[2026-02-05T20:23:50.548+0000][698.176s][debug][safepoint   ] Safepoint synchronization initiated using futex wait barrier. (385 threads)
[2026-02-05T20:23:50.548+0000][698.176s][info ][safepoint   ] Safepoint "Cleanup", Time since last: 2000390421 ns, Reaching safepoint: 438916 ns, Cleanup: 21901 ns, At safepoint: 15000 ns, Total: 475817 ns
[2026-02-05T20:23:51.548+0000][699.177s][debug][safepoint   ] Safepoint synchronization initiated using futex wait barrier. (385 threads)
[2026-02-05T20:23:51.549+0000][699.177s][info ][safepoint   ] Safepoint "Cleanup", Time since last: 1000304715 ns, Reaching safepoint: 359413 ns, Cleanup: 12501 ns, At safepoint: 50202 ns, Total: 422116 ns
[2026-02-05T20:23:52.549+0000][700.177s][debug][safepoint   ] Safepoint synchronization initiated using futex wait barrier. (385 threads)
[2026-02-05T20:23:52.550+0000][700.178s][info ][safepoint   ] Safepoint "Cleanup", Time since last: 1000369217 ns, Reaching safepoint: 300711 ns, Cleanup: 18100 ns, At safepoint: 4401 ns, Total: 323212 ns
[2026-02-05T20:23:53.550+0000][701.178s][debug][safepoint   ] Safepoint synchronization initiated using futex wait barrier. (385 threads)
[2026-02-05T20:23:53.550+0000][701.178s][info ][safepoint   ] Safepoint "Cleanup", Time since last: 1000396318 ns, Reaching safepoint: 249109 ns, Cleanup: 19701 ns, At safepoint: 4200 ns, Total: 273010 ns
[2026-02-05T20:23:54.107+0000][701.735s][debug][safepoint   ] Safepoint synchronization initiated using futex wait barrier. (385 threads)
[2026-02-05T20:23:54.107+0000][701.736s][info ][gc,start    ] GC(88) Pause Young (Normal) (G1 Evacuation Pause)
[2026-02-05T20:23:54.108+0000][701.736s][info ][gc,task     ] GC(88) Using 10 workers of 10 for evacuation
[2026-02-05T20:23:54.114+0000][701.742s][info ][gc,phases   ] GC(88)   Pre Evacuate Collection Set: 0.4ms
[2026-02-05T20:23:54.116+0000][701.744s][info ][gc,phases   ] GC(88)   Merge Heap Roots: 0.2ms
[2026-02-05T20:23:54.116+0000][701.744s][info ][gc,phases   ] GC(88)   Evacuate Collection Set: 2.1ms
[2026-02-05T20:23:54.116+0000][701.744s][info ][gc,phases   ] GC(88)   Post Evacuate Collection Set: 2.9ms
[2026-02-05T20:23:54.117+0000][701.745s][info ][gc,phases   ] GC(88)   Other: 1.0ms
[2026-02-05T20:23:54.117+0000][701.745s][info ][gc,heap     ] GC(88) Eden regions: 92->0(92)
[2026-02-05T20:23:54.117+0000][701.745s][info ][gc,heap     ] GC(88) Survivor regions: 1->1(12)
[2026-02-05T20:23:54.117+0000][701.745s][info ][gc,heap     ] GC(88) Old regions: 81->81
[2026-02-05T20:23:54.117+0000][701.745s][info ][gc,heap     ] GC(88) Archive regions: 2->2
[2026-02-05T20:23:54.118+0000][701.746s][info ][gc,heap     ] GC(88) Humongous regions: 0->0
[2026-02-05T20:23:54.118+0000][701.746s][info ][gc,metaspace] GC(88) Metaspace: 194939K(197568K)->194939K(197568K) NonClass: 171353K(172736K)->171353K(172736K) Class: 23585K(24832K)->23585K(24832K)
[2026-02-05T20:23:54.118+0000][701.746s][info ][gc          ] GC(88) Pause Young (Normal) (G1 Evacuation Pause) 347M->163M(394M) 10.975ms
[2026-02-05T20:23:54.119+0000][701.747s][info ][gc,cpu      ] GC(88) User=0.02s Sys=0.00s Real=0.01s
[2026-02-05T20:23:54.119+0000][701.748s][info ][safepoint   ] Safepoint "G1CollectForAllocation", Time since last: 556682632 ns, Reaching safepoint: 366913 ns, Cleanup: 5401 ns, At safepoint: 12164546 ns, Total: 12536860 ns
[2026-02-05T20:23:55.121+0000][702.749s][debug][safepoint   ] Safepoint synchronization initiated using futex wait barrier. (385 threads)
[2026-02-05T20:23:55.121+0000][702.749s][info ][safepoint   ] Safepoint "Cleanup", Time since last: 1001433462 ns, Reaching safepoint: 284511 ns, Cleanup: 33502 ns, At safepoint: 7300 ns, Total: 325313 ns
[2026-02-05T20:23:57.122+0000][704.750s][debug][safepoint   ] Safepoint synchronization initiated using futex wait barrier. (385 threads)
[2026-02-05T20:23:57.122+0000][704.750s][info ][safepoint   ] Safepoint "Cleanup", Time since last: 2000616046 ns, Reaching safepoint: 249110 ns, Cleanup: 13500 ns, At safepoint: 4800 ns, Total: 267410 ns
[2026-02-05T20:24:01.123+0000][708.751s][debug][safepoint   ] Safepoint synchronization initiated using futex wait barrier. (384 threads)
[2026-02-05T20:24:01.123+0000][708.751s][info ][safepoint   ] Safepoint "Cleanup", Time since last: 4000612467 ns, Reaching safepoint: 251210 ns, Cleanup: 11200 ns, At safepoint: 4501 ns, Total: 266911 ns
[2026-02-05T20:24:04.124+0000][711.752s][debug][safepoint   ] Safepoint synchronization initiated using futex wait barrier. (384 threads)
[2026-02-05T20:24:04.124+0000][711.752s][info ][safepoint   ] Safepoint "Cleanup", Time since last: 3000718917 ns, Reaching safepoint: 360614 ns, Cleanup: 13601 ns, At safepoint: 4200 ns, Total: 378415 ns
[2026-02-05T20:24:05.124+0000][712.753s][debug][safepoint   ] Safepoint synchronization initiated using futex wait barrier. (384 threads)
[2026-02-05T20:24:05.125+0000][712.753s][info ][safepoint   ] Safepoint "Cleanup", Time since last: 1000379788 ns, Reaching safepoint: 387915 ns, Cleanup: 15401 ns, At safepoint: 6100 ns, Total: 409416 ns
[2026-02-05T20:24:07.126+0000][714.754s][debug][safepoint   ] Safepoint synchronization initiated using futex wait barrier. (384 threads)
[2026-02-05T20:24:07.127+0000][714.755s][info ][safepoint   ] Safepoint "Cleanup", Time since last: 2001496506 ns, Reaching safepoint: 449118 ns, Cleanup: 37201 ns, At safepoint: 43102 ns, Total: 529421 ns
[2026-02-05T20:24:08.127+0000][715.755s][debug][safepoint   ] Safepoint synchronization initiated using futex wait barrier. (384 threads)
[2026-02-05T20:24:08.128+0000][715.756s][info ][safepoint   ] Safepoint "Cleanup", Time since last: 1000322885 ns, Reaching safepoint: 431918 ns, Cleanup: 14801 ns, At safepoint: 7500 ns, Total: 454219 ns
[2026-02-05T20:24:10.128+0000][717.756s][debug][safepoint   ] Safepoint synchronization initiated using futex wait barrier. (384 threads)
[2026-02-05T20:24:10.129+0000][717.757s][info ][safepoint   ] Safepoint "Cleanup", Time since last: 2000768276 ns, Reaching safepoint: 334413 ns, Cleanup: 10001 ns, At safepoint: 5400 ns, Total: 349814 ns
[2026-02-05T20:24:11.129+0000][718.757s][debug][safepoint   ] Safepoint synchronization initiated using futex wait barrier. (384 threads)
[2026-02-05T20:24:11.129+0000][718.757s][info ][safepoint   ] Safepoint "Cleanup", Time since last: 1000303984 ns, Reaching safepoint: 286712 ns, Cleanup: 12700 ns, At safepoint: 4601 ns, Total: 304013 ns
[2026-02-05T20:24:14.689+0000][722.317s][debug][safepoint   ] Safepoint synchronization initiated using futex wait barrier. (384 threads)
[2026-02-05T20:24:14.689+0000][722.317s][info ][safepoint   ] Safepoint "Cleanup", Time since last: 3559217234 ns, Reaching safepoint: 265410 ns, Cleanup: 10700 ns, At safepoint: 3801 ns, Total: 279911 ns
[2026-02-05T20:24:16.689+0000][724.317s][debug][safepoint   ] Safepoint synchronization initiated using futex wait barrier. (384 threads)
[2026-02-05T20:24:16.690+0000][724.318s][info ][safepoint   ] Safepoint "Cleanup", Time since last: 2000401141 ns, Reaching safepoint: 326113 ns, Cleanup: 11200 ns, At safepoint: 7301 ns, Total: 344614 ns
[2026-02-05T20:24:27.362+0000][734.991s][debug][safepoint   ] Safepoint synchronization initiated using futex wait barrier. (384 threads)
[2026-02-05T20:24:27.363+0000][734.992s][info ][gc,start    ] GC(89) Pause Young (Normal) (G1 Evacuation Pause)
[2026-02-05T20:24:27.363+0000][734.992s][info ][gc,task     ] GC(89) Using 10 workers of 10 for evacuation
[2026-02-05T20:24:27.367+0000][734.996s][info ][gc,phases   ] GC(89)   Pre Evacuate Collection Set: 0.3ms
[2026-02-05T20:24:27.367+0000][734.996s][info ][gc,phases   ] GC(89)   Merge Heap Roots: 0.2ms
[2026-02-05T20:24:27.367+0000][734.997s][info ][gc,phases   ] GC(89)   Evacuate Collection Set: 1.4ms
[2026-02-05T20:24:27.367+0000][734.997s][info ][gc,phases   ] GC(89)   Post Evacuate Collection Set: 1.4ms
[2026-02-05T20:24:27.368+0000][734.997s][info ][gc,phases   ] GC(89)   Other: 1.0ms
[2026-02-05T20:24:27.368+0000][734.997s][info ][gc,heap     ] GC(89) Eden regions: 92->0(92)
[2026-02-05T20:24:27.368+0000][734.997s][info ][gc,heap     ] GC(89) Survivor regions: 1->1(12)
[2026-02-05T20:24:27.368+0000][734.997s][info ][gc,heap     ] GC(89) Old regions: 81->81
[2026-02-05T20:24:27.368+0000][734.997s][info ][gc,heap     ] GC(89) Archive regions: 2->2
[2026-02-05T20:24:27.368+0000][734.998s][info ][gc,heap     ] GC(89) Humongous regions: 0->0
[2026-02-05T20:24:27.368+0000][734.998s][info ][gc,metaspace] GC(89) Metaspace: 194974K(197568K)->194974K(197568K) NonClass: 171389K(172736K)->171389K(172736K) Class: 23585K(24832K)->23585K(24832K)
[2026-02-05T20:24:27.369+0000][734.998s][info ][gc          ] GC(89) Pause Young (Normal) (G1 Evacuation Pause) 347M->163M(394M) 5.900ms
[2026-02-05T20:24:27.369+0000][734.998s][info ][gc,cpu      ] GC(89) User=0.00s Sys=0.00s Real=0.00s
[2026-02-05T20:24:27.369+0000][734.998s][info ][safepoint   ] Safepoint "G1CollectForAllocation", Time since last: 10673536185 ns, Reaching safepoint: 537621 ns, Cleanup: 6500 ns, At safepoint: 6455248 ns, Total: 6999369 ns
[2026-02-05T20:24:28.370+0000][735.999s][debug][safepoint   ] Safepoint synchronization initiated using futex wait barrier. (384 threads)
[2026-02-05T20:24:28.370+0000][736.000s][info ][safepoint   ] Safepoint "Cleanup", Time since last: 1000912440 ns, Reaching safepoint: 612524 ns, Cleanup: 15301 ns, At safepoint: 7100 ns, Total: 634925 ns
[2026-02-05T20:24:30.371+0000][738.000s][debug][safepoint   ] Safepoint synchronization initiated using futex wait barrier. (384 threads)
[2026-02-05T20:24:30.372+0000][738.001s][info ][safepoint   ] Safepoint "Cleanup", Time since last: 2000558832 ns, Reaching safepoint: 449317 ns, Cleanup: 15001 ns, At safepoint: 5900 ns, Total: 470218 ns
[2026-02-05T20:24:31.372+0000][739.001s][debug][safepoint   ] Safepoint synchronization initiated using futex wait barrier. (384 threads)
[2026-02-05T20:24:31.372+0000][739.002s][info ][safepoint   ] Safepoint "Cleanup", Time since last: 1000359919 ns, Reaching safepoint: 331513 ns, Cleanup: 13700 ns, At safepoint: 5101 ns, Total: 350314 ns
[2026-02-05T20:24:36.373+0000][744.002s][debug][safepoint   ] Safepoint synchronization initiated using futex wait barrier. (384 threads)
[2026-02-05T20:24:36.373+0000][744.003s][debug][safepoint   ] ... found polling page loop exception at pc = 0x0000708551d65547, stub =0x0000708550b10400
[2026-02-05T20:24:36.374+0000][744.003s][info ][safepoint   ] Safepoint "Cleanup", Time since last: 5000780212 ns, Reaching safepoint: 601023 ns, Cleanup: 9401 ns, At safepoint: 66902 ns, Total: 677326 ns
[2026-02-05T20:24:38.374+0000][746.003s][debug][safepoint   ] Safepoint synchronization initiated using futex wait barrier. (384 threads)
[2026-02-05T20:24:38.374+0000][746.004s][info ][safepoint   ] Safepoint "Cleanup", Time since last: 2000341585 ns, Reaching safepoint: 356714 ns, Cleanup: 15800 ns, At safepoint: 8101 ns, Total: 380615 ns
[2026-02-05T20:24:40.375+0000][748.004s][debug][safepoint   ] Safepoint synchronization initiated using futex wait barrier. (384 threads)
[2026-02-05T20:24:40.375+0000][748.005s][info ][safepoint   ] Safepoint "Cleanup", Time since last: 2000585094 ns, Reaching safepoint: 314012 ns, Cleanup: 13300 ns, At safepoint: 5001 ns, Total: 332313 ns
[2026-02-05T20:24:41.376+0000][749.005s][debug][safepoint   ] Safepoint synchronization initiated using futex wait barrier. (384 threads)
[2026-02-05T20:24:41.376+0000][749.005s][info ][safepoint   ] Safepoint "Cleanup", Time since last: 1000419001 ns, Reaching safepoint: 241010 ns, Cleanup: 10900 ns, At safepoint: 4900 ns, Total: 256810 ns
[2026-02-05T20:24:46.377+0000][754.006s][debug][safepoint   ] Safepoint synchronization initiated using futex wait barrier. (384 threads)
[2026-02-05T20:24:46.377+0000][754.007s][info ][safepoint   ] Safepoint "Cleanup", Time since last: 5000891016 ns, Reaching safepoint: 308611 ns, Cleanup: 12300 ns, At safepoint: 4601 ns, Total: 325512 ns
[2026-02-05T20:24:51.376+0000][759.007s][debug][safepoint   ] Safepoint synchronization initiated using futex wait barrier. (384 threads)
[2026-02-05T20:24:51.378+0000][759.009s][info ][safepoint   ] Safepoint "Cleanup", Time since last: 5000678397 ns, Reaching safepoint: 1605560 ns, Cleanup: 16701 ns, At safepoint: 10100 ns, Total: 1632361 ns
[2026-02-05T20:24:53.379+0000][761.010s][debug][safepoint   ] Safepoint synchronization initiated using futex wait barrier. (384 threads)
[2026-02-05T20:24:53.379+0000][761.010s][info ][safepoint   ] Safepoint "Cleanup", Time since last: 2000932314 ns, Reaching safepoint: 431616 ns, Cleanup: 14000 ns, At safepoint: 4800 ns, Total: 450416 ns
[2026-02-05T20:24:54.379+0000][762.011s][debug][safepoint   ] Safepoint synchronization initiated using futex wait barrier. (384 threads)
[2026-02-05T20:24:54.380+0000][762.011s][info ][safepoint   ] Safepoint "Cleanup", Time since last: 1000497558 ns, Reaching safepoint: 376014 ns, Cleanup: 13801 ns, At safepoint: 5100 ns, Total: 394915 ns
[2026-02-05T20:24:55.380+0000][763.011s][debug][safepoint   ] Safepoint synchronization initiated using futex wait barrier. (384 threads)
[2026-02-05T20:24:55.381+0000][763.012s][info ][safepoint   ] Safepoint "Cleanup", Time since last: 1000316851 ns, Reaching safepoint: 311412 ns, Cleanup: 10400 ns, At safepoint: 37602 ns, Total: 359414 ns
[2026-02-05T20:24:58.381+0000][766.012s][debug][safepoint   ] Safepoint synchronization initiated using futex wait barrier. (383 threads)
[2026-02-05T20:24:58.382+0000][766.013s][info ][safepoint   ] Safepoint "Cleanup", Time since last: 3000725345 ns, Reaching safepoint: 481918 ns, Cleanup: 11900 ns, At safepoint: 44602 ns, Total: 538420 ns
[2026-02-05T20:24:59.240+0000][766.871s][debug][safepoint   ] Safepoint synchronization initiated using futex wait barrier. (383 threads)
[2026-02-05T20:24:59.240+0000][766.872s][info ][gc,start    ] GC(90) Pause Young (Normal) (G1 Evacuation Pause)
[2026-02-05T20:24:59.241+0000][766.872s][info ][gc,task     ] GC(90) Using 10 workers of 10 for evacuation
[2026-02-05T20:24:59.244+0000][766.876s][info ][gc,phases   ] GC(90)   Pre Evacuate Collection Set: 0.3ms
[2026-02-05T20:24:59.245+0000][766.876s][info ][gc,phases   ] GC(90)   Merge Heap Roots: 0.2ms
[2026-02-05T20:24:59.245+0000][766.876s][info ][gc,phases   ] GC(90)   Evacuate Collection Set: 1.2ms
[2026-02-05T20:24:59.245+0000][766.876s][info ][gc,phases   ] GC(90)   Post Evacuate Collection Set: 1.8ms
[2026-02-05T20:24:59.245+0000][766.876s][info ][gc,phases   ] GC(90)   Other: 0.5ms
[2026-02-05T20:24:59.245+0000][766.876s][info ][gc,heap     ] GC(90) Eden regions: 92->0(92)
[2026-02-05T20:24:59.245+0000][766.877s][info ][gc,heap     ] GC(90) Survivor regions: 1->1(12)
[2026-02-05T20:24:59.245+0000][766.877s][info ][gc,heap     ] GC(90) Old regions: 81->81
[2026-02-05T20:24:59.246+0000][766.877s][info ][gc,heap     ] GC(90) Archive regions: 2->2
[2026-02-05T20:24:59.246+0000][766.877s][info ][gc,heap     ] GC(90) Humongous regions: 0->0
[2026-02-05T20:24:59.246+0000][766.877s][info ][gc,metaspace] GC(90) Metaspace: 195009K(197632K)->195009K(197632K) NonClass: 171423K(172800K)->171423K(172800K) Class: 23586K(24832K)->23586K(24832K)
[2026-02-05T20:24:59.246+0000][766.877s][info ][gc          ] GC(90) Pause Young (Normal) (G1 Evacuation Pause) 347M->163M(394M) 5.699ms
[2026-02-05T20:24:59.246+0000][766.878s][info ][gc,cpu      ] GC(90) User=0.01s Sys=0.01s Real=0.00s
[2026-02-05T20:24:59.247+0000][766.878s][info ][safepoint   ] Safepoint "G1CollectForAllocation", Time since last: 858049367 ns, Reaching safepoint: 450818 ns, Cleanup: 74303 ns, At safepoint: 6337344 ns, Total: 6862465 ns
[2026-02-05T20:25:20.763+0000][788.396s][debug][safepoint   ] Safepoint synchronization initiated using futex wait barrier. (383 threads)
[2026-02-05T20:25:20.764+0000][788.396s][info ][safepoint   ] Safepoint "Cleanup", Time since last: 21518000967 ns, Reaching safepoint: 249610 ns, Cleanup: 34701 ns, At safepoint: 7501 ns, Total: 291812 ns
[2026-02-05T20:25:25.764+0000][793.397s][debug][safepoint   ] Safepoint synchronization initiated using futex wait barrier. (383 threads)
[2026-02-05T20:25:25.765+0000][793.397s][info ][safepoint   ] Safepoint "Cleanup", Time since last: 5000719240 ns, Reaching safepoint: 255310 ns, Cleanup: 11001 ns, At safepoint: 3900 ns, Total: 270211 ns
[2026-02-05T20:25:26.765+0000][794.398s][debug][safepoint   ] Safepoint synchronization initiated using futex wait barrier. (383 threads)
[2026-02-05T20:25:26.765+0000][794.398s][info ][safepoint   ] Safepoint "Cleanup", Time since last: 1000308636 ns, Reaching safepoint: 474319 ns, Cleanup: 15701 ns, At safepoint: 7100 ns, Total: 497120 ns
[2026-02-05T20:25:28.766+0000][796.398s][debug][safepoint   ] Safepoint synchronization initiated using futex wait barrier. (383 threads)
[2026-02-05T20:25:28.766+0000][796.399s][info ][safepoint   ] Safepoint "Cleanup", Time since last: 2000462167 ns, Reaching safepoint: 247110 ns, Cleanup: 17100 ns, At safepoint: 4401 ns, Total: 268611 ns
[2026-02-05T20:25:30.767+0000][798.399s][debug][safepoint   ] Safepoint synchronization initiated using futex wait barrier. (383 threads)
[2026-02-05T20:25:30.767+0000][798.400s][info ][safepoint   ] Safepoint "Cleanup", Time since last: 2000550870 ns, Reaching safepoint: 348514 ns, Cleanup: 14000 ns, At safepoint: 75303 ns, Total: 437817 ns
[2026-02-05T20:25:32.723+0000][800.356s][debug][safepoint   ] Safepoint synchronization initiated using futex wait barrier. (383 threads)
[2026-02-05T20:25:32.724+0000][800.356s][info ][gc,start    ] GC(91) Pause Young (Normal) (G1 Evacuation Pause)
[2026-02-05T20:25:32.724+0000][800.357s][info ][gc,task     ] GC(91) Using 10 workers of 10 for evacuation
[2026-02-05T20:25:32.727+0000][800.360s][info ][gc,phases   ] GC(91)   Pre Evacuate Collection Set: 0.3ms
[2026-02-05T20:25:32.728+0000][800.360s][info ][gc,phases   ] GC(91)   Merge Heap Roots: 0.2ms
[2026-02-05T20:25:32.728+0000][800.360s][info ][gc,phases   ] GC(91)   Evacuate Collection Set: 1.2ms
[2026-02-05T20:25:32.728+0000][800.361s][info ][gc,phases   ] GC(91)   Post Evacuate Collection Set: 1.3ms
[2026-02-05T20:25:32.728+0000][800.361s][info ][gc,phases   ] GC(91)   Other: 0.5ms
[2026-02-05T20:25:32.728+0000][800.361s][info ][gc,heap     ] GC(91) Eden regions: 92->0(92)
[2026-02-05T20:25:32.729+0000][800.361s][info ][gc,heap     ] GC(91) Survivor regions: 1->1(12)
[2026-02-05T20:25:32.729+0000][800.362s][info ][gc,heap     ] GC(91) Old regions: 81->81
[2026-02-05T20:25:32.729+0000][800.362s][info ][gc,heap     ] GC(91) Archive regions: 2->2
[2026-02-05T20:25:32.730+0000][800.362s][info ][gc,heap     ] GC(91) Humongous regions: 0->0
[2026-02-05T20:25:32.730+0000][800.363s][info ][gc,metaspace] GC(91) Metaspace: 195030K(197632K)->195030K(197632K) NonClass: 171444K(172800K)->171444K(172800K) Class: 23586K(24832K)->23586K(24832K)
[2026-02-05T20:25:32.730+0000][800.363s][info ][gc          ] GC(91) Pause Young (Normal) (G1 Evacuation Pause) 347M->163M(394M) 6.339ms
[2026-02-05T20:25:32.730+0000][800.363s][info ][gc,cpu      ] GC(91) User=0.01s Sys=0.01s Real=0.01s
[2026-02-05T20:25:32.731+0000][800.363s][info ][safepoint   ] Safepoint "G1CollectForAllocation", Time since last: 1956226955 ns, Reaching safepoint: 292312 ns, Cleanup: 4600 ns, At safepoint: 6904988 ns, Total: 7201900 ns
[2026-02-05T20:25:34.731+0000][802.364s][debug][safepoint   ] Safepoint synchronization initiated using futex wait barrier. (383 threads)
[2026-02-05T20:25:34.732+0000][802.364s][info ][safepoint   ] Safepoint "Cleanup", Time since last: 2000530039 ns, Reaching safepoint: 346815 ns, Cleanup: 12200 ns, At safepoint: 4401 ns, Total: 363416 ns
[2026-02-05T20:25:36.732+0000][804.364s][debug][safepoint   ] Safepoint synchronization initiated using futex wait barrier. (383 threads)
[2026-02-05T20:25:36.732+0000][804.365s][info ][safepoint   ] Safepoint "Cleanup", Time since last: 2000341531 ns, Reaching safepoint: 447619 ns, Cleanup: 8700 ns, At safepoint: 41502 ns, Total: 497821 ns
[2026-02-05T20:25:37.733+0000][805.365s][debug][safepoint   ] Safepoint synchronization initiated using futex wait barrier. (383 threads)
[2026-02-05T20:25:37.733+0000][805.366s][info ][safepoint   ] Safepoint "Cleanup", Time since last: 1000322422 ns, Reaching safepoint: 231009 ns, Cleanup: 9101 ns, At safepoint: 55802 ns, Total: 295912 ns
[2026-02-05T20:25:38.733+0000][806.366s][debug][safepoint   ] Safepoint synchronization initiated using futex wait barrier. (383 threads)
[2026-02-05T20:25:38.734+0000][806.366s][info ][safepoint   ] Safepoint "Cleanup", Time since last: 1000333922 ns, Reaching safepoint: 342615 ns, Cleanup: 12600 ns, At safepoint: 4300 ns, Total: 359515 ns
[2026-02-05T20:25:39.734+0000][807.367s][debug][safepoint   ] Safepoint synchronization initiated using futex wait barrier. (383 threads)
[2026-02-05T20:25:39.735+0000][807.367s][info ][safepoint   ] Safepoint "Cleanup", Time since last: 1000467576 ns, Reaching safepoint: 385416 ns, Cleanup: 9701 ns, At safepoint: 37001 ns, Total: 432118 ns
[2026-02-05T20:25:40.735+0000][808.368s][debug][safepoint   ] Safepoint synchronization initiated using futex wait barrier. (383 threads)
[2026-02-05T20:25:40.736+0000][808.368s][info ][safepoint   ] Safepoint "Cleanup", Time since last: 1000531896 ns, Reaching safepoint: 463619 ns, Cleanup: 40102 ns, At safepoint: 32501 ns, Total: 536222 ns
[2026-02-05T20:25:44.736+0000][812.369s][debug][safepoint   ] Safepoint synchronization initiated using futex wait barrier. (383 threads)
[2026-02-05T20:25:44.737+0000][812.369s][info ][safepoint   ] Safepoint "Cleanup", Time since last: 4000802532 ns, Reaching safepoint: 292112 ns, Cleanup: 15201 ns, At safepoint: 4900 ns, Total: 312213 ns
[2026-02-05T20:25:45.737+0000][813.370s][debug][safepoint   ] Safepoint synchronization initiated using futex wait barrier. (383 threads)
[2026-02-05T20:25:45.738+0000][813.370s][info ][safepoint   ] Safepoint "Cleanup", Time since last: 1000346989 ns, Reaching safepoint: 421617 ns, Cleanup: 11301 ns, At safepoint: 22601 ns, Total: 455519 ns
[2026-02-05T20:25:49.737+0000][817.371s][debug][safepoint   ] Safepoint synchronization initiated using futex wait barrier. (383 threads)
[2026-02-05T20:25:49.738+0000][817.372s][info ][safepoint   ] Safepoint "Cleanup", Time since last: 4000855278 ns, Reaching safepoint: 650225 ns, Cleanup: 14901 ns, At safepoint: 5800 ns, Total: 670926 ns
[2026-02-05T20:25:50.740+0000][818.374s][debug][safepoint   ] Safepoint synchronization initiated using futex wait barrier. (383 threads)
[2026-02-05T20:25:50.744+0000][818.378s][info ][safepoint   ] Safepoint "Cleanup", Time since last: 1002431088 ns, Reaching safepoint: 3792146 ns, Cleanup: 42502 ns, At safepoint: 25701 ns, Total: 3860349 ns
[2026-02-05T20:25:51.745+0000][819.379s][debug][safepoint   ] Safepoint synchronization initiated using futex wait barrier. (383 threads)
[2026-02-05T20:25:51.745+0000][819.379s][info ][safepoint   ] Safepoint "Cleanup", Time since last: 1000692020 ns, Reaching safepoint: 356314 ns, Cleanup: 24301 ns, At safepoint: 29401 ns, Total: 410016 ns
[2026-02-05T20:25:53.746+0000][821.380s][debug][safepoint   ] Safepoint synchronization initiated using futex wait barrier. (383 threads)
[2026-02-05T20:25:53.746+0000][821.380s][info ][safepoint   ] Safepoint "Cleanup", Time since last: 2000575108 ns, Reaching safepoint: 406516 ns, Cleanup: 17701 ns, At safepoint: 5500 ns, Total: 429717 ns
[2026-02-05T20:26:03.748+0000][831.382s][debug][safepoint   ] Safepoint synchronization initiated using futex wait barrier. (383 threads)
[2026-02-05T20:26:03.749+0000][831.383s][info ][safepoint   ] Safepoint "Cleanup", Time since last: 10002319248 ns, Reaching safepoint: 273413 ns, Cleanup: 13900 ns, At safepoint: 5100 ns, Total: 292413 ns
[2026-02-05T20:26:05.692+0000][833.326s][debug][safepoint   ] Safepoint synchronization initiated using futex wait barrier. (383 threads)
[2026-02-05T20:26:05.693+0000][833.327s][info ][gc,start    ] GC(92) Pause Young (Normal) (G1 Evacuation Pause)
[2026-02-05T20:26:05.693+0000][833.327s][info ][gc,task     ] GC(92) Using 10 workers of 10 for evacuation
[2026-02-05T20:26:05.698+0000][833.332s][info ][gc,phases   ] GC(92)   Pre Evacuate Collection Set: 0.4ms
[2026-02-05T20:26:05.698+0000][833.332s][info ][gc,phases   ] GC(92)   Merge Heap Roots: 0.2ms
[2026-02-05T20:26:05.698+0000][833.332s][info ][gc,phases   ] GC(92)   Evacuate Collection Set: 1.4ms
[2026-02-05T20:26:05.698+0000][833.332s][info ][gc,phases   ] GC(92)   Post Evacuate Collection Set: 1.9ms
[2026-02-05T20:26:05.698+0000][833.332s][info ][gc,phases   ] GC(92)   Other: 0.7ms
[2026-02-05T20:26:05.699+0000][833.333s][info ][gc,heap     ] GC(92) Eden regions: 92->0(92)
[2026-02-05T20:26:05.699+0000][833.333s][info ][gc,heap     ] GC(92) Survivor regions: 1->1(12)
[2026-02-05T20:26:05.699+0000][833.333s][info ][gc,heap     ] GC(92) Old regions: 81->81
[2026-02-05T20:26:05.699+0000][833.333s][info ][gc,heap     ] GC(92) Archive regions: 2->2
[2026-02-05T20:26:05.699+0000][833.333s][info ][gc,heap     ] GC(92) Humongous regions: 0->0
[2026-02-05T20:26:05.699+0000][833.333s][info ][gc,metaspace] GC(92) Metaspace: 195062K(197632K)->195062K(197632K) NonClass: 171476K(172800K)->171476K(172800K) Class: 23586K(24832K)->23586K(24832K)
[2026-02-05T20:26:05.699+0000][833.333s][info ][gc          ] GC(92) Pause Young (Normal) (G1 Evacuation Pause) 347M->163M(394M) 6.355ms
[2026-02-05T20:26:05.700+0000][833.334s][info ][gc,cpu      ] GC(92) User=0.01s Sys=0.00s Real=0.01s
[2026-02-05T20:26:05.700+0000][833.334s][info ][safepoint   ] Safepoint "G1CollectForAllocation", Time since last: 1943825857 ns, Reaching safepoint: 482722 ns, Cleanup: 4401 ns, At safepoint: 6984722 ns, Total: 7471845 ns
[2026-02-05T20:26:06.700+0000][834.334s][debug][safepoint   ] Safepoint synchronization initiated using futex wait barrier. (383 threads)
[2026-02-05T20:26:06.701+0000][834.335s][info ][safepoint   ] Safepoint "Cleanup", Time since last: 1000344491 ns, Reaching safepoint: 407219 ns, Cleanup: 40202 ns, At safepoint: 76303 ns, Total: 523724 ns
[2026-02-05T20:26:09.701+0000][837.335s][debug][safepoint   ] Safepoint synchronization initiated using futex wait barrier. (383 threads)
[2026-02-05T20:26:09.702+0000][837.336s][info ][safepoint   ] Safepoint "Cleanup", Time since last: 3000606754 ns, Reaching safepoint: 297914 ns, Cleanup: 11100 ns, At safepoint: 4401 ns, Total: 313415 ns
[2026-02-05T20:26:11.702+0000][839.336s][debug][safepoint   ] Safepoint synchronization initiated using futex wait barrier. (383 threads)
[2026-02-05T20:26:11.702+0000][839.336s][info ][safepoint   ] Safepoint "Cleanup", Time since last: 2000353563 ns, Reaching safepoint: 391315 ns, Cleanup: 18901 ns, At safepoint: 5000 ns, Total: 415216 ns
[2026-02-05T20:26:13.703+0000][841.337s][debug][safepoint   ] Safepoint synchronization initiated using futex wait barrier. (383 threads)
[2026-02-05T20:26:13.704+0000][841.338s][info ][safepoint   ] Safepoint "Cleanup", Time since last: 2000423181 ns, Reaching safepoint: 933438 ns, Cleanup: 14101 ns, At safepoint: 44601 ns, Total: 992140 ns
[2026-02-05T20:26:16.845+0000][844.479s][debug][safepoint   ] Safepoint synchronization initiated using futex wait barrier. (383 threads)
[2026-02-05T20:26:16.845+0000][844.479s][info ][safepoint   ] Safepoint "Cleanup", Time since last: 3140733972 ns, Reaching safepoint: 313213 ns, Cleanup: 14401 ns, At safepoint: 4700 ns, Total: 332314 ns
[2026-02-05T20:26:22.845+0000][850.480s][debug][safepoint   ] Safepoint synchronization initiated using futex wait barrier. (383 threads)
[2026-02-05T20:26:22.846+0000][850.481s][info ][safepoint   ] Safepoint "Cleanup", Time since last: 6001138059 ns, Reaching safepoint: 709428 ns, Cleanup: 77803 ns, At safepoint: 45902 ns, Total: 833133 ns
[2026-02-05T20:26:25.847+0000][853.482s][debug][safepoint   ] Safepoint synchronization initiated using futex wait barrier. (383 threads)
[2026-02-05T20:26:25.847+0000][853.482s][info ][safepoint   ] Safepoint "Cleanup", Time since last: 3000837316 ns, Reaching safepoint: 261811 ns, Cleanup: 14700 ns, At safepoint: 4401 ns, Total: 280912 ns
[2026-02-05T20:26:27.848+0000][855.483s][debug][safepoint   ] Safepoint synchronization initiated using futex wait barrier. (383 threads)
[2026-02-05T20:26:27.848+0000][855.483s][info ][safepoint   ] Safepoint "Cleanup", Time since last: 2000561770 ns, Reaching safepoint: 269711 ns, Cleanup: 10100 ns, At safepoint: 4200 ns, Total: 284011 ns
[2026-02-05T20:26:28.848+0000][856.483s][debug][safepoint   ] Safepoint synchronization initiated using futex wait barrier. (383 threads)
[2026-02-05T20:26:28.849+0000][856.484s][info ][safepoint   ] Safepoint "Cleanup", Time since last: 1000288167 ns, Reaching safepoint: 550922 ns, Cleanup: 12200 ns, At safepoint: 26502 ns, Total: 589624 ns
[2026-02-05T20:26:32.850+0000][860.485s][debug][safepoint   ] Safepoint synchronization initiated using futex wait barrier. (383 threads)
[2026-02-05T20:26:32.850+0000][860.485s][info ][safepoint   ] Safepoint "Cleanup", Time since last: 4000864253 ns, Reaching safepoint: 262211 ns, Cleanup: 10800 ns, At safepoint: 4200 ns, Total: 277211 ns
[2026-02-05T20:26:33.850+0000][861.485s][debug][safepoint   ] Safepoint synchronization initiated using futex wait barrier. (383 threads)
[2026-02-05T20:26:33.851+0000][861.486s][info ][safepoint   ] Safepoint "Cleanup", Time since last: 1000286167 ns, Reaching safepoint: 365414 ns, Cleanup: 12801 ns, At safepoint: 5700 ns, Total: 383915 ns
[2026-02-05T20:26:37.540+0000][865.175s][debug][safepoint   ] Safepoint synchronization initiated using futex wait barrier. (383 threads)
[2026-02-05T20:26:37.540+0000][865.175s][info ][gc,start    ] GC(93) Pause Young (Normal) (G1 Evacuation Pause)
[2026-02-05T20:26:37.540+0000][865.175s][info ][gc,task     ] GC(93) Using 10 workers of 10 for evacuation
[2026-02-05T20:26:37.547+0000][865.183s][info ][gc,phases   ] GC(93)   Pre Evacuate Collection Set: 0.7ms
[2026-02-05T20:26:37.548+0000][865.183s][info ][gc,phases   ] GC(93)   Merge Heap Roots: 0.2ms
[2026-02-05T20:26:37.548+0000][865.183s][info ][gc,phases   ] GC(93)   Evacuate Collection Set: 1.7ms
[2026-02-05T20:26:37.549+0000][865.184s][info ][gc,phases   ] GC(93)   Post Evacuate Collection Set: 2.4ms
[2026-02-05T20:26:37.549+0000][865.184s][info ][gc,phases   ] GC(93)   Other: 2.4ms
[2026-02-05T20:26:37.549+0000][865.185s][info ][gc,heap     ] GC(93) Eden regions: 92->0(92)
[2026-02-05T20:26:37.550+0000][865.185s][info ][gc,heap     ] GC(93) Survivor regions: 1->1(12)
[2026-02-05T20:26:37.550+0000][865.185s][info ][gc,heap     ] GC(93) Old regions: 81->81
[2026-02-05T20:26:37.550+0000][865.185s][info ][gc,heap     ] GC(93) Archive regions: 2->2
[2026-02-05T20:26:37.551+0000][865.186s][info ][gc,heap     ] GC(93) Humongous regions: 0->0
[2026-02-05T20:26:37.551+0000][865.186s][info ][gc,metaspace] GC(93) Metaspace: 195095K(197696K)->195095K(197696K) NonClass: 171509K(172864K)->171509K(172864K) Class: 23586K(24832K)->23586K(24832K)
[2026-02-05T20:26:37.551+0000][865.186s][info ][gc          ] GC(93) Pause Young (Normal) (G1 Evacuation Pause) 347M->163M(394M) 11.254ms
[2026-02-05T20:26:37.552+0000][865.187s][info ][gc,cpu      ] GC(93) User=0.01s Sys=0.00s Real=0.01s
[2026-02-05T20:26:37.553+0000][865.188s][info ][safepoint   ] Safepoint "G1CollectForAllocation", Time since last: 3689037765 ns, Reaching safepoint: 447618 ns, Cleanup: 5800 ns, At safepoint: 12517092 ns, Total: 12970510 ns
[2026-02-05T20:26:38.553+0000][866.188s][debug][safepoint   ] Safepoint synchronization initiated using futex wait barrier. (383 threads)
[2026-02-05T20:26:38.554+0000][866.189s][info ][safepoint   ] Safepoint "Cleanup", Time since last: 1000533515 ns, Reaching safepoint: 476419 ns, Cleanup: 18301 ns, At safepoint: 25101 ns, Total: 519821 ns
[2026-02-05T20:26:50.554+0000][878.191s][debug][safepoint   ] Safepoint synchronization initiated using futex wait barrier. (383 threads)
[2026-02-05T20:26:50.555+0000][878.191s][info ][safepoint   ] Safepoint "Cleanup", Time since last: 12001940523 ns, Reaching safepoint: 345613 ns, Cleanup: 59002 ns, At safepoint: 9401 ns, Total: 414016 ns
[2026-02-05T20:27:07.557+0000][895.194s][debug][safepoint   ] Safepoint synchronization initiated using futex wait barrier. (383 threads)
[2026-02-05T20:27:07.557+0000][895.194s][info ][safepoint   ] Safepoint "Cleanup", Time since last: 17002553658 ns, Reaching safepoint: 290911 ns, Cleanup: 11700 ns, At safepoint: 40002 ns, Total: 342613 ns
[2026-02-05T20:27:08.558+0000][896.194s][debug][safepoint   ] Safepoint synchronization initiated using futex wait barrier. (383 threads)
[2026-02-05T20:27:08.558+0000][896.194s][info ][safepoint   ] Safepoint "Cleanup", Time since last: 1000284809 ns, Reaching safepoint: 241209 ns, Cleanup: 13201 ns, At safepoint: 4400 ns, Total: 258810 ns
[2026-02-05T20:27:09.558+0000][897.195s][debug][safepoint   ] Safepoint synchronization initiated using futex wait barrier. (383 threads)
[2026-02-05T20:27:09.559+0000][897.195s][info ][safepoint   ] Safepoint "Cleanup", Time since last: 1000284409 ns, Reaching safepoint: 352613 ns, Cleanup: 17801 ns, At safepoint: 4900 ns, Total: 375314 ns
[2026-02-05T20:27:10.559+0000][898.195s][debug][safepoint   ] Safepoint synchronization initiated using futex wait barrier. (383 threads)
[2026-02-05T20:27:10.559+0000][898.196s][info ][safepoint   ] Safepoint "Cleanup", Time since last: 1000335811 ns, Reaching safepoint: 289011 ns, Cleanup: 8800 ns, At safepoint: 47902 ns, Total: 345713 ns
[2026-02-05T20:27:10.986+0000][898.622s][debug][safepoint   ] Safepoint synchronization initiated using futex wait barrier. (383 threads)
[2026-02-05T20:27:10.986+0000][898.623s][info ][gc,start    ] GC(94) Pause Young (Normal) (G1 Evacuation Pause)
[2026-02-05T20:27:10.986+0000][898.623s][info ][gc,task     ] GC(94) Using 10 workers of 10 for evacuation
[2026-02-05T20:27:10.991+0000][898.627s][info ][gc,phases   ] GC(94)   Pre Evacuate Collection Set: 0.5ms
[2026-02-05T20:27:10.991+0000][898.627s][info ][gc,phases   ] GC(94)   Merge Heap Roots: 0.2ms
[2026-02-05T20:27:10.991+0000][898.627s][info ][gc,phases   ] GC(94)   Evacuate Collection Set: 1.3ms
[2026-02-05T20:27:10.991+0000][898.628s][info ][gc,phases   ] GC(94)   Post Evacuate Collection Set: 1.8ms
[2026-02-05T20:27:10.991+0000][898.628s][info ][gc,phases   ] GC(94)   Other: 0.7ms
[2026-02-05T20:27:10.991+0000][898.628s][info ][gc,heap     ] GC(94) Eden regions: 92->0(92)
[2026-02-05T20:27:10.992+0000][898.628s][info ][gc,heap     ] GC(94) Survivor regions: 1->1(12)
[2026-02-05T20:27:10.992+0000][898.628s][info ][gc,heap     ] GC(94) Old regions: 81->81
[2026-02-05T20:27:10.992+0000][898.628s][info ][gc,heap     ] GC(94) Archive regions: 2->2
[2026-02-05T20:27:10.992+0000][898.629s][info ][gc,heap     ] GC(94) Humongous regions: 0->0
[2026-02-05T20:27:10.992+0000][898.629s][info ][gc,metaspace] GC(94) Metaspace: 195098K(197696K)->195098K(197696K) NonClass: 171512K(172864K)->171512K(172864K) Class: 23586K(24832K)->23586K(24832K)
[2026-02-05T20:27:10.992+0000][898.629s][info ][gc          ] GC(94) Pause Young (Normal) (G1 Evacuation Pause) 347M->163M(394M) 6.184ms
[2026-02-05T20:27:10.993+0000][898.629s][info ][gc,cpu      ] GC(94) User=0.01s Sys=0.01s Real=0.00s
[2026-02-05T20:27:10.993+0000][898.630s][info ][safepoint   ] Safepoint "G1CollectForAllocation", Time since last: 426177122 ns, Reaching safepoint: 573122 ns, Cleanup: 6700 ns, At safepoint: 7003869 ns, Total: 7583691 ns
[2026-02-05T20:27:13.936+0000][901.572s][debug][safepoint   ] Safepoint synchronization initiated using futex wait barrier. (383 threads)
[2026-02-05T20:27:13.936+0000][901.573s][info ][safepoint   ] Safepoint "Cleanup", Time since last: 2942714500 ns, Reaching safepoint: 300711 ns, Cleanup: 81104 ns, At safepoint: 49001 ns, Total: 430816 ns
[2026-02-05T20:27:14.937+0000][902.573s][debug][safepoint   ] Safepoint synchronization initiated using futex wait barrier. (383 threads)
[2026-02-05T20:27:14.938+0000][902.574s][info ][safepoint   ] Safepoint "Cleanup", Time since last: 1000393414 ns, Reaching safepoint: 822231 ns, Cleanup: 51602 ns, At safepoint: 30301 ns, Total: 904134 ns
[2026-02-05T20:27:16.938+0000][904.574s][debug][safepoint   ] Safepoint synchronization initiated using futex wait barrier. (383 threads)
[2026-02-05T20:27:16.938+0000][904.575s][info ][safepoint   ] Safepoint "Cleanup", Time since last: 2000426421 ns, Reaching safepoint: 284110 ns, Cleanup: 13700 ns, At safepoint: 4301 ns, Total: 302111 ns
[2026-02-05T20:27:17.936+0000][905.575s][debug][safepoint   ] Safepoint synchronization initiated using futex wait barrier. (383 threads)
[2026-02-05T20:27:17.937+0000][905.575s][info ][safepoint   ] Safepoint "Cleanup", Time since last: 1000263861 ns, Reaching safepoint: 290510 ns, Cleanup: 17501 ns, At safepoint: 4500 ns, Total: 312511 ns
[2026-02-05T20:27:18.937+0000][906.576s][debug][safepoint   ] Safepoint synchronization initiated using futex wait barrier. (383 threads)
[2026-02-05T20:27:18.938+0000][906.576s][info ][safepoint   ] Safepoint "Cleanup", Time since last: 1000325464 ns, Reaching safepoint: 673823 ns, Cleanup: 23901 ns, At safepoint: 15000 ns, Total: 712724 ns
[2026-02-05T20:27:21.939+0000][909.577s][debug][safepoint   ] Safepoint synchronization initiated using futex wait barrier. (383 threads)
[2026-02-05T20:27:21.939+0000][909.578s][info ][safepoint   ] Safepoint "Cleanup", Time since last: 3000680982 ns, Reaching safepoint: 549019 ns, Cleanup: 13401 ns, At safepoint: 73002 ns, Total: 635422 ns
[2026-02-05T20:27:22.940+0000][910.578s][debug][safepoint   ] Safepoint synchronization initiated using futex wait barrier. (383 threads)
[2026-02-05T20:27:22.940+0000][910.578s][info ][safepoint   ] Safepoint "Cleanup", Time since last: 1000365166 ns, Reaching safepoint: 259308 ns, Cleanup: 10701 ns, At safepoint: 4200 ns, Total: 274209 ns
[2026-02-05T20:27:28.941+0000][916.579s][debug][safepoint   ] Safepoint synchronization initiated using futex wait barrier. (383 threads)
[2026-02-05T20:27:28.941+0000][916.580s][info ][safepoint   ] Safepoint "Cleanup", Time since last: 6000842646 ns, Reaching safepoint: 733835 ns, Cleanup: 42002 ns, At safepoint: 71803 ns, Total: 847640 ns
[2026-02-05T20:27:29.942+0000][917.581s][debug][safepoint   ] Safepoint synchronization initiated using futex wait barrier. (383 threads)
[2026-02-05T20:27:29.942+0000][917.581s][info ][safepoint   ] Safepoint "Cleanup", Time since last: 1000571851 ns, Reaching safepoint: 349117 ns, Cleanup: 28701 ns, At safepoint: 44102 ns, Total: 421920 ns
[2026-02-05T20:27:32.943+0000][920.582s][debug][safepoint   ] Safepoint synchronization initiated using futex wait barrier. (383 threads)
[2026-02-05T20:27:32.943+0000][920.582s][info ][safepoint   ] Safepoint "Cleanup", Time since last: 3000618481 ns, Reaching safepoint: 262815 ns, Cleanup: 11100 ns, At safepoint: 4300 ns, Total: 278215 ns
[2026-02-05T20:27:33.944+0000][921.582s][debug][safepoint   ] Safepoint synchronization initiated using futex wait barrier. (383 threads)
[2026-02-05T20:27:33.944+0000][921.582s][info ][safepoint   ] Safepoint "Cleanup", Time since last: 1000256482 ns, Reaching safepoint: 305617 ns, Cleanup: 14901 ns, At safepoint: 23801 ns, Total: 344319 ns
[2026-02-05T20:27:34.944+0000][922.583s][debug][safepoint   ] Safepoint synchronization initiated using futex wait barrier. (383 threads)
[2026-02-05T20:27:34.945+0000][922.583s][info ][safepoint   ] Safepoint "Cleanup", Time since last: 1000341386 ns, Reaching safepoint: 268315 ns, Cleanup: 12301 ns, At safepoint: 4000 ns, Total: 284616 ns
[2026-02-05T20:27:37.945+0000][925.584s][debug][safepoint   ] Safepoint synchronization initiated using futex wait barrier. (383 threads)
[2026-02-05T20:27:37.945+0000][925.584s][info ][safepoint   ] Safepoint "Cleanup", Time since last: 3000581835 ns, Reaching safepoint: 288916 ns, Cleanup: 11500 ns, At safepoint: 4101 ns, Total: 304517 ns
[2026-02-05T20:27:44.247+0000][931.886s][debug][safepoint   ] Safepoint synchronization initiated using futex wait barrier. (383 threads)
[2026-02-05T20:27:44.248+0000][931.887s][info ][gc,start    ] GC(95) Pause Young (Normal) (G1 Evacuation Pause)
[2026-02-05T20:27:44.249+0000][931.887s][info ][gc,task     ] GC(95) Using 10 workers of 10 for evacuation
[2026-02-05T20:27:44.253+0000][931.891s][info ][gc,phases   ] GC(95)   Pre Evacuate Collection Set: 0.4ms
[2026-02-05T20:27:44.253+0000][931.892s][info ][gc,phases   ] GC(95)   Merge Heap Roots: 0.2ms
[2026-02-05T20:27:44.253+0000][931.892s][info ][gc,phases   ] GC(95)   Evacuate Collection Set: 1.3ms
[2026-02-05T20:27:44.253+0000][931.892s][info ][gc,phases   ] GC(95)   Post Evacuate Collection Set: 1.8ms
[2026-02-05T20:27:44.254+0000][931.892s][info ][gc,phases   ] GC(95)   Other: 0.8ms
[2026-02-05T20:27:44.254+0000][931.892s][info ][gc,heap     ] GC(95) Eden regions: 92->0(92)
[2026-02-05T20:27:44.254+0000][931.892s][info ][gc,heap     ] GC(95) Survivor regions: 1->1(12)
[2026-02-05T20:27:44.254+0000][931.893s][info ][gc,heap     ] GC(95) Old regions: 81->81
[2026-02-05T20:27:44.254+0000][931.893s][info ][gc,heap     ] GC(95) Archive regions: 2->2
[2026-02-05T20:27:44.254+0000][931.893s][info ][gc,heap     ] GC(95) Humongous regions: 0->0
[2026-02-05T20:27:44.255+0000][931.893s][info ][gc,metaspace] GC(95) Metaspace: 195107K(197696K)->195107K(197696K) NonClass: 171521K(172864K)->171521K(172864K) Class: 23586K(24832K)->23586K(24832K)
[2026-02-05T20:27:44.255+0000][931.893s][info ][gc          ] GC(95) Pause Young (Normal) (G1 Evacuation Pause) 347M->163M(394M) 6.452ms
[2026-02-05T20:27:44.255+0000][931.893s][info ][gc,cpu      ] GC(95) User=0.02s Sys=0.01s Real=0.01s
[2026-02-05T20:27:44.256+0000][931.894s][info ][safepoint   ] Safepoint "G1CollectForAllocation", Time since last: 6301994952 ns, Reaching safepoint: 760832 ns, Cleanup: 5801 ns, At safepoint: 7393009 ns, Total: 8159642 ns
[2026-02-05T20:27:45.256+0000][932.895s][debug][safepoint   ] Safepoint synchronization initiated using futex wait barrier. (383 threads)
[2026-02-05T20:27:45.257+0000][932.895s][info ][safepoint   ] Safepoint "Cleanup", Time since last: 1000614943 ns, Reaching safepoint: 316714 ns, Cleanup: 9600 ns, At safepoint: 24701 ns, Total: 351015 ns
[2026-02-05T20:27:47.256+0000][934.896s][debug][safepoint   ] Safepoint synchronization initiated using futex wait barrier. (383 threads)
[2026-02-05T20:27:47.256+0000][934.896s][info ][safepoint   ] Safepoint "Cleanup", Time since last: 2000379350 ns, Reaching safepoint: 403117 ns, Cleanup: 15700 ns, At safepoint: 4601 ns, Total: 423418 ns
[2026-02-05T20:27:50.257+0000][937.896s][debug][safepoint   ] Safepoint synchronization initiated using futex wait barrier. (383 threads)
[2026-02-05T20:27:50.257+0000][937.897s][debug][safepoint   ] ... found polling page loop exception at pc = 0x0000708551bc5fd6, stub =0x0000708550b10400
[2026-02-05T20:27:50.258+0000][937.897s][info ][safepoint   ] Safepoint "Cleanup", Time since last: 3000461722 ns, Reaching safepoint: 719128 ns, Cleanup: 11900 ns, At safepoint: 245810 ns, Total: 976838 ns
[2026-02-05T20:27:52.258+0000][939.898s][debug][safepoint   ] Safepoint synchronization initiated using futex wait barrier. (383 threads)
[2026-02-05T20:27:52.259+0000][939.899s][debug][safepoint   ] ... found polling page loop exception at pc = 0x00007085524430ce, stub =0x0000708550b10400
[2026-02-05T20:27:52.259+0000][939.899s][info ][safepoint   ] Safepoint "Cleanup", Time since last: 2000793907 ns, Reaching safepoint: 773530 ns, Cleanup: 17600 ns, At safepoint: 92604 ns, Total: 883734 ns
[2026-02-05T20:27:54.260+0000][941.900s][debug][safepoint   ] Safepoint synchronization initiated using futex wait barrier. (383 threads)
[2026-02-05T20:27:54.260+0000][941.900s][info ][safepoint   ] Safepoint "Cleanup", Time since last: 2000746705 ns, Reaching safepoint: 294011 ns, Cleanup: 25601 ns, At safepoint: 12901 ns, Total: 332513 ns
[2026-02-05T20:27:56.261+0000][943.901s][debug][safepoint   ] Safepoint synchronization initiated using futex wait barrier. (383 threads)
[2026-02-05T20:27:56.261+0000][943.901s][info ][safepoint   ] Safepoint "Cleanup", Time since last: 2000419488 ns, Reaching safepoint: 248922 ns, Cleanup: 10201 ns, At safepoint: 4800 ns, Total: 263923 ns
[2026-02-05T20:27:57.261+0000][944.901s][debug][safepoint   ] Safepoint synchronization initiated using futex wait barrier. (383 threads)
[2026-02-05T20:27:57.262+0000][944.902s][info ][safepoint   ] Safepoint "Cleanup", Time since last: 1000248219 ns, Reaching safepoint: 445440 ns, Cleanup: 11801 ns, At safepoint: 45104 ns, Total: 502345 ns
[2026-02-05T20:27:58.262+0000][945.902s][debug][safepoint   ] Safepoint synchronization initiated using futex wait barrier. (383 threads)
[2026-02-05T20:27:58.263+0000][945.902s][info ][safepoint   ] Safepoint "Cleanup", Time since last: 1000505241 ns, Reaching safepoint: 387435 ns, Cleanup: 12801 ns, At safepoint: 24302 ns, Total: 424538 ns
[2026-02-05T20:27:59.263+0000][946.903s][debug][safepoint   ] Safepoint synchronization initiated using futex wait barrier. (383 threads)
[2026-02-05T20:27:59.264+0000][946.903s][info ][safepoint   ] Safepoint "Cleanup", Time since last: 1000303624 ns, Reaching safepoint: 391835 ns, Cleanup: 48304 ns, At safepoint: 29903 ns, Total: 470042 ns
[2026-02-05T20:28:05.264+0000][952.904s][debug][safepoint   ] Safepoint synchronization initiated using futex wait barrier. (383 threads)
[2026-02-05T20:28:05.265+0000][952.904s][info ][safepoint   ] Safepoint "Cleanup", Time since last: 6000770834 ns, Reaching safepoint: 210808 ns, Cleanup: 9901 ns, At safepoint: 3900 ns, Total: 224609 ns
[2026-02-05T20:28:07.265+0000][954.905s][debug][safepoint   ] Safepoint synchronization initiated using futex wait barrier. (383 threads)
[2026-02-05T20:28:07.265+0000][954.905s][info ][safepoint   ] Safepoint "Cleanup", Time since last: 2000456280 ns, Reaching safepoint: 253610 ns, Cleanup: 9200 ns, At safepoint: 4000 ns, Total: 266810 ns
[2026-02-05T20:28:15.026+0000][962.666s][debug][safepoint   ] Safepoint synchronization initiated using futex wait barrier. (383 threads)
[2026-02-05T20:28:15.028+0000][962.668s][info ][safepoint   ] Safepoint "Cleanup", Time since last: 7760597389 ns, Reaching safepoint: 2058655 ns, Cleanup: 15400 ns, At safepoint: 14400 ns, Total: 2088455 ns
[2026-02-05T20:28:16.231+0000][963.871s][debug][safepoint   ] Safepoint synchronization initiated using futex wait barrier. (383 threads)
[2026-02-05T20:28:16.232+0000][963.872s][info ][gc,start    ] GC(96) Pause Young (Normal) (G1 Evacuation Pause)
[2026-02-05T20:28:16.233+0000][963.872s][info ][gc,task     ] GC(96) Using 10 workers of 10 for evacuation
[2026-02-05T20:28:16.236+0000][963.876s][info ][gc,phases   ] GC(96)   Pre Evacuate Collection Set: 0.3ms
[2026-02-05T20:28:16.237+0000][963.876s][info ][gc,phases   ] GC(96)   Merge Heap Roots: 0.3ms
[2026-02-05T20:28:16.237+0000][963.876s][info ][gc,phases   ] GC(96)   Evacuate Collection Set: 1.5ms
[2026-02-05T20:28:16.237+0000][963.877s][info ][gc,phases   ] GC(96)   Post Evacuate Collection Set: 1.1ms
[2026-02-05T20:28:16.237+0000][963.877s][info ][gc,phases   ] GC(96)   Other: 0.9ms
[2026-02-05T20:28:16.237+0000][963.877s][info ][gc,heap     ] GC(96) Eden regions: 92->0(92)
[2026-02-05T20:28:16.238+0000][963.877s][info ][gc,heap     ] GC(96) Survivor regions: 1->1(12)
[2026-02-05T20:28:16.238+0000][963.878s][info ][gc,heap     ] GC(96) Old regions: 81->81
[2026-02-05T20:28:16.238+0000][963.878s][info ][gc,heap     ] GC(96) Archive regions: 2->2
[2026-02-05T20:28:16.238+0000][963.878s][info ][gc,heap     ] GC(96) Humongous regions: 0->0
[2026-02-05T20:28:16.238+0000][963.878s][info ][gc,metaspace] GC(96) Metaspace: 195137K(197696K)->195137K(197696K) NonClass: 171549K(172864K)->171549K(172864K) Class: 23588K(24832K)->23588K(24832K)
[2026-02-05T20:28:16.239+0000][963.878s][info ][gc          ] GC(96) Pause Young (Normal) (G1 Evacuation Pause) 347M->163M(394M) 6.505ms
[2026-02-05T20:28:16.239+0000][963.879s][info ][gc,cpu      ] GC(96) User=0.01s Sys=0.01s Real=0.00s
[2026-02-05T20:28:16.239+0000][963.879s][info ][safepoint   ] Safepoint "G1CollectForAllocation", Time since last: 1203385347 ns, Reaching safepoint: 760820 ns, Cleanup: 5400 ns, At safepoint: 7307595 ns, Total: 8073815 ns
[2026-02-05T20:28:17.238+0000][964.879s][debug][safepoint   ] Safepoint synchronization initiated using futex wait barrier. (383 threads)
[2026-02-05T20:28:17.239+0000][964.880s][info ][safepoint   ] Safepoint "Cleanup", Time since last: 1000360623 ns, Reaching safepoint: 741919 ns, Cleanup: 37801 ns, At safepoint: 35301 ns, Total: 815021 ns
[2026-02-05T20:28:20.240+0000][967.881s][debug][safepoint   ] Safepoint synchronization initiated using futex wait barrier. (383 threads)
[2026-02-05T20:28:20.240+0000][967.881s][info ][safepoint   ] Safepoint "Cleanup", Time since last: 3000500216 ns, Reaching safepoint: 273511 ns, Cleanup: 12100 ns, At safepoint: 4601 ns, Total: 290212 ns
[2026-02-05T20:28:44.243+0000][991.884s][debug][safepoint   ] Safepoint synchronization initiated using futex wait barrier. (383 threads)
[2026-02-05T20:28:44.243+0000][991.885s][info ][safepoint   ] Safepoint "Cleanup", Time since last: 24003037568 ns, Reaching safepoint: 381715 ns, Cleanup: 19101 ns, At safepoint: 53302 ns, Total: 454118 ns
[2026-02-05T20:28:46.244+0000][993.885s][debug][safepoint   ] Safepoint synchronization initiated using futex wait barrier. (383 threads)
[2026-02-05T20:28:46.244+0000][993.886s][info ][safepoint   ] Safepoint "Cleanup", Time since last: 2000838274 ns, Reaching safepoint: 280012 ns, Cleanup: 10400 ns, At safepoint: 4500 ns, Total: 294912 ns
[2026-02-05T20:28:47.243+0000][994.886s][debug][safepoint   ] Safepoint synchronization initiated using futex wait barrier. (383 threads)
[2026-02-05T20:28:47.244+0000][994.886s][info ][safepoint   ] Safepoint "Cleanup", Time since last: 1000273031 ns, Reaching safepoint: 378915 ns, Cleanup: 14301 ns, At safepoint: 10900 ns, Total: 404116 ns
[2026-02-05T20:28:49.244+0000][996.887s][debug][safepoint   ] Safepoint synchronization initiated using futex wait barrier. (383 threads)
[2026-02-05T20:28:49.245+0000][996.888s][info ][safepoint   ] Safepoint "Cleanup", Time since last: 2000750371 ns, Reaching safepoint: 543022 ns, Cleanup: 19001 ns, At safepoint: 12800 ns, Total: 574823 ns
[2026-02-05T20:28:49.692+0000][997.335s][debug][safepoint   ] Safepoint synchronization initiated using futex wait barrier. (383 threads)
[2026-02-05T20:28:49.693+0000][997.335s][info ][gc,start    ] GC(97) Pause Young (Normal) (G1 Evacuation Pause)
[2026-02-05T20:28:49.693+0000][997.336s][info ][gc,task     ] GC(97) Using 10 workers of 10 for evacuation
[2026-02-05T20:28:49.697+0000][997.340s][info ][gc,phases   ] GC(97)   Pre Evacuate Collection Set: 0.4ms
[2026-02-05T20:28:49.697+0000][997.340s][info ][gc,phases   ] GC(97)   Merge Heap Roots: 0.2ms
[2026-02-05T20:28:49.698+0000][997.340s][info ][gc,phases   ] GC(97)   Evacuate Collection Set: 1.4ms
[2026-02-05T20:28:49.698+0000][997.341s][info ][gc,phases   ] GC(97)   Post Evacuate Collection Set: 1.9ms
[2026-02-05T20:28:49.698+0000][997.341s][info ][gc,phases   ] GC(97)   Other: 0.6ms
[2026-02-05T20:28:49.698+0000][997.341s][info ][gc,heap     ] GC(97) Eden regions: 92->0(92)
[2026-02-05T20:28:49.698+0000][997.341s][info ][gc,heap     ] GC(97) Survivor regions: 1->1(12)
[2026-02-05T20:28:49.698+0000][997.341s][info ][gc,heap     ] GC(97) Old regions: 81->81
[2026-02-05T20:28:49.699+0000][997.341s][info ][gc,heap     ] GC(97) Archive regions: 2->2
[2026-02-05T20:28:49.699+0000][997.342s][info ][gc,heap     ] GC(97) Humongous regions: 0->0
[2026-02-05T20:28:49.699+0000][997.342s][info ][gc,metaspace] GC(97) Metaspace: 195200K(197760K)->195200K(197760K) NonClass: 171611K(172928K)->171611K(172928K) Class: 23589K(24832K)->23589K(24832K)
[2026-02-05T20:28:49.699+0000][997.342s][info ][gc          ] GC(97) Pause Young (Normal) (G1 Evacuation Pause) 347M->163M(394M) 6.492ms
[2026-02-05T20:28:49.699+0000][997.342s][info ][gc,cpu      ] GC(97) User=0.01s Sys=0.01s Real=0.01s
[2026-02-05T20:28:49.700+0000][997.342s][info ][safepoint   ] Safepoint "G1CollectForAllocation", Time since last: 447077548 ns, Reaching safepoint: 591024 ns, Cleanup: 6100 ns, At safepoint: 7017580 ns, Total: 7614704 ns
[2026-02-05T20:28:53.700+0000][1001.343s][debug][safepoint   ] Safepoint synchronization initiated using futex wait barrier. (383 threads)
[2026-02-05T20:28:53.701+0000][1001.344s][info ][safepoint   ] Safepoint "Cleanup", Time since last: 4000722640 ns, Reaching safepoint: 562123 ns, Cleanup: 19901 ns, At safepoint: 7200 ns, Total: 589224 ns
[2026-02-05T20:28:55.701+0000][1003.344s][debug][safepoint   ] Safepoint synchronization initiated using futex wait barrier. (383 threads)
[2026-02-05T20:28:55.702+0000][1003.345s][info ][safepoint   ] Safepoint "Cleanup", Time since last: 2000409256 ns, Reaching safepoint: 392915 ns, Cleanup: 13601 ns, At safepoint: 6500 ns, Total: 413016 ns
[2026-02-05T20:28:56.702+0000][1004.345s][debug][safepoint   ] Safepoint synchronization initiated using futex wait barrier. (383 threads)
[2026-02-05T20:28:56.702+0000][1004.345s][info ][safepoint   ] Safepoint "Cleanup", Time since last: 1000344284 ns, Reaching safepoint: 247410 ns, Cleanup: 11100 ns, At safepoint: 4400 ns, Total: 262910 ns
[2026-02-05T20:28:57.703+0000][1005.345s][debug][safepoint   ] Safepoint synchronization initiated using futex wait barrier. (383 threads)
[2026-02-05T20:28:57.703+0000][1005.346s][info ][safepoint   ] Safepoint "Cleanup", Time since last: 1000298882 ns, Reaching safepoint: 301712 ns, Cleanup: 12400 ns, At safepoint: 4501 ns, Total: 318613 ns
[2026-02-05T20:29:01.703+0000][1009.346s][debug][safepoint   ] Safepoint synchronization initiated using futex wait barrier. (383 threads)
[2026-02-05T20:29:01.704+0000][1009.347s][info ][safepoint   ] Safepoint "Cleanup", Time since last: 4000555748 ns, Reaching safepoint: 431417 ns, Cleanup: 10701 ns, At safepoint: 23601 ns, Total: 465719 ns
[2026-02-05T20:29:03.704+0000][1011.347s][debug][safepoint   ] Safepoint synchronization initiated using futex wait barrier. (383 threads)
[2026-02-05T20:29:03.705+0000][1011.348s][info ][safepoint   ] Safepoint "Cleanup", Time since last: 2000468437 ns, Reaching safepoint: 375815 ns, Cleanup: 11000 ns, At safepoint: 4501 ns, Total: 391316 ns
[2026-02-05T20:29:04.705+0000][1012.348s][debug][safepoint   ] Safepoint synchronization initiated using futex wait barrier. (383 threads)
[2026-02-05T20:29:04.705+0000][1012.348s][info ][safepoint   ] Safepoint "Cleanup", Time since last: 1000264419 ns, Reaching safepoint: 270211 ns, Cleanup: 11001 ns, At safepoint: 4000 ns, Total: 285212 ns
[2026-02-05T20:29:22.662+0000][1030.306s][debug][safepoint   ] Safepoint synchronization initiated using futex wait barrier. (383 threads)
[2026-02-05T20:29:22.663+0000][1030.306s][info ][gc,start    ] GC(98) Pause Young (Normal) (G1 Evacuation Pause)
[2026-02-05T20:29:22.663+0000][1030.307s][info ][gc,task     ] GC(98) Using 10 workers of 10 for evacuation
[2026-02-05T20:29:22.667+0000][1030.310s][info ][gc,phases   ] GC(98)   Pre Evacuate Collection Set: 0.4ms
[2026-02-05T20:29:22.667+0000][1030.310s][info ][gc,phases   ] GC(98)   Merge Heap Roots: 0.2ms
[2026-02-05T20:29:22.667+0000][1030.311s][info ][gc,phases   ] GC(98)   Evacuate Collection Set: 1.4ms
[2026-02-05T20:29:22.667+0000][1030.311s][info ][gc,phases   ] GC(98)   Post Evacuate Collection Set: 1.1ms
[2026-02-05T20:29:22.667+0000][1030.311s][info ][gc,phases   ] GC(98)   Other: 0.7ms
[2026-02-05T20:29:22.667+0000][1030.311s][info ][gc,heap     ] GC(98) Eden regions: 92->0(92)
[2026-02-05T20:29:22.667+0000][1030.311s][info ][gc,heap     ] GC(98) Survivor regions: 1->1(12)
[2026-02-05T20:29:22.668+0000][1030.311s][info ][gc,heap     ] GC(98) Old regions: 81->81
[2026-02-05T20:29:22.668+0000][1030.312s][info ][gc,heap     ] GC(98) Archive regions: 2->2
[2026-02-05T20:29:22.668+0000][1030.312s][info ][gc,heap     ] GC(98) Humongous regions: 0->0
[2026-02-05T20:29:22.668+0000][1030.312s][info ][gc,metaspace] GC(98) Metaspace: 195262K(197824K)->195262K(197824K) NonClass: 171672K(172992K)->171672K(172992K) Class: 23590K(24832K)->23590K(24832K)
[2026-02-05T20:29:22.669+0000][1030.312s][info ][gc          ] GC(98) Pause Young (Normal) (G1 Evacuation Pause) 347M->163M(394M) 5.909ms
[2026-02-05T20:29:22.669+0000][1030.313s][info ][gc,cpu      ] GC(98) User=0.01s Sys=0.00s Real=0.01s
[2026-02-05T20:29:22.670+0000][1030.313s][info ][safepoint   ] Safepoint "G1CollectForAllocation", Time since last: 17957497194 ns, Reaching safepoint: 606024 ns, Cleanup: 26601 ns, At safepoint: 7151388 ns, Total: 7784013 ns
[2026-02-05T20:29:31.671+0000][1039.315s][debug][safepoint   ] Safepoint synchronization initiated using futex wait barrier. (383 threads)
[2026-02-05T20:29:31.671+0000][1039.315s][info ][safepoint   ] Safepoint "Cleanup", Time since last: 9001200246 ns, Reaching safepoint: 276012 ns, Cleanup: 11000 ns, At safepoint: 4500 ns, Total: 291512 ns
[2026-02-05T20:29:33.672+0000][1041.315s][debug][safepoint   ] Safepoint synchronization initiated using futex wait barrier. (383 threads)
[2026-02-05T20:29:33.672+0000][1041.316s][info ][safepoint   ] Safepoint "Cleanup", Time since last: 2000362983 ns, Reaching safepoint: 619525 ns, Cleanup: 16000 ns, At safepoint: 7300 ns, Total: 642825 ns
[2026-02-05T20:29:34.673+0000][1042.316s][debug][safepoint   ] Safepoint synchronization initiated using futex wait barrier. (383 threads)
[2026-02-05T20:29:34.673+0000][1042.317s][info ][safepoint   ] Safepoint "Cleanup", Time since last: 1000455203 ns, Reaching safepoint: 312212 ns, Cleanup: 15001 ns, At safepoint: 26701 ns, Total: 353914 ns
[2026-02-05T20:29:38.674+0000][1046.318s][debug][safepoint   ] Safepoint synchronization initiated using futex wait barrier. (383 threads)
[2026-02-05T20:29:38.674+0000][1046.318s][info ][safepoint   ] Safepoint "Cleanup", Time since last: 4000771866 ns, Reaching safepoint: 476720 ns, Cleanup: 26201 ns, At safepoint: 33701 ns, Total: 536622 ns
[2026-02-05T20:29:39.675+0000][1047.318s][debug][safepoint   ] Safepoint synchronization initiated using futex wait barrier. (383 threads)
[2026-02-05T20:29:39.675+0000][1047.319s][info ][safepoint   ] Safepoint "Cleanup", Time since last: 1000398065 ns, Reaching safepoint: 421014 ns, Cleanup: 16101 ns, At safepoint: 4900 ns, Total: 442015 ns
[2026-02-05T20:29:41.676+0000][1049.319s][debug][safepoint   ] Safepoint synchronization initiated using futex wait barrier. (383 threads)
[2026-02-05T20:29:41.676+0000][1049.320s][info ][safepoint   ] Safepoint "Cleanup", Time since last: 2000435049 ns, Reaching safepoint: 245309 ns, Cleanup: 17600 ns, At safepoint: 4600 ns, Total: 267509 ns
[2026-02-05T20:29:42.676+0000][1050.320s][debug][safepoint   ] Safepoint synchronization initiated using futex wait barrier. (384 threads)
[2026-02-05T20:29:42.676+0000][1050.320s][info ][safepoint   ] Safepoint "Cleanup", Time since last: 1000293478 ns, Reaching safepoint: 238908 ns, Cleanup: 57502 ns, At safepoint: 8000 ns, Total: 304410 ns
[2026-02-05T20:29:43.677+0000][1051.321s][debug][safepoint   ] Safepoint synchronization initiated using futex wait barrier. (384 threads)
[2026-02-05T20:29:43.677+0000][1051.321s][info ][safepoint   ] Safepoint "Cleanup", Time since last: 1000278677 ns, Reaching safepoint: 288810 ns, Cleanup: 12500 ns, At safepoint: 4201 ns, Total: 305511 ns
[2026-02-05T20:29:47.676+0000][1055.322s][debug][safepoint   ] Safepoint synchronization initiated using futex wait barrier. (384 threads)
[2026-02-05T20:29:47.677+0000][1055.322s][info ][safepoint   ] Safepoint "Cleanup", Time since last: 4000898952 ns, Reaching safepoint: 355904 ns, Cleanup: 12101 ns, At safepoint: 4400 ns, Total: 372405 ns
[2026-02-05T20:29:48.677+0000][1056.322s][debug][safepoint   ] Safepoint synchronization initiated using futex wait barrier. (384 threads)
[2026-02-05T20:29:48.677+0000][1056.323s][info ][safepoint   ] Safepoint "Cleanup", Time since last: 1000298310 ns, Reaching safepoint: 303203 ns, Cleanup: 10800 ns, At safepoint: 4400 ns, Total: 318403 ns
[2026-02-05T20:29:53.678+0000][1061.324s][debug][safepoint   ] Safepoint synchronization initiated using futex wait barrier. (384 threads)
[2026-02-05T20:29:53.679+0000][1061.324s][info ][safepoint   ] Safepoint "Cleanup", Time since last: 5000926544 ns, Reaching safepoint: 418705 ns, Cleanup: 16400 ns, At safepoint: 6300 ns, Total: 441405 ns
[2026-02-05T20:29:54.679+0000][1062.324s][debug][safepoint   ] Safepoint synchronization initiated using futex wait barrier. (384 threads)
[2026-02-05T20:29:54.679+0000][1062.325s][info ][safepoint   ] Safepoint "Cleanup", Time since last: 1000296510 ns, Reaching safepoint: 427505 ns, Cleanup: 13700 ns, At safepoint: 24000 ns, Total: 465205 ns
[2026-02-05T20:29:54.890+0000][1062.535s][debug][safepoint   ] Safepoint synchronization initiated using futex wait barrier. (384 threads)
[2026-02-05T20:29:54.891+0000][1062.536s][info ][gc,start    ] GC(99) Pause Young (Normal) (G1 Evacuation Pause)
[2026-02-05T20:29:54.891+0000][1062.536s][info ][gc,task     ] GC(99) Using 10 workers of 10 for evacuation
[2026-02-05T20:29:54.897+0000][1062.543s][info ][gc,phases   ] GC(99)   Pre Evacuate Collection Set: 0.5ms
[2026-02-05T20:29:54.898+0000][1062.543s][info ][gc,phases   ] GC(99)   Merge Heap Roots: 0.2ms
[2026-02-05T20:29:54.898+0000][1062.543s][info ][gc,phases   ] GC(99)   Evacuate Collection Set: 1.8ms
[2026-02-05T20:29:54.898+0000][1062.543s][info ][gc,phases   ] GC(99)   Post Evacuate Collection Set: 2.3ms
[2026-02-05T20:29:54.898+0000][1062.544s][info ][gc,phases   ] GC(99)   Other: 2.2ms
[2026-02-05T20:29:54.898+0000][1062.544s][info ][gc,heap     ] GC(99) Eden regions: 92->0(92)
[2026-02-05T20:29:54.899+0000][1062.544s][info ][gc,heap     ] GC(99) Survivor regions: 1->1(12)
[2026-02-05T20:29:54.899+0000][1062.544s][info ][gc,heap     ] GC(99) Old regions: 81->81
[2026-02-05T20:29:54.899+0000][1062.544s][info ][gc,heap     ] GC(99) Archive regions: 2->2
[2026-02-05T20:29:54.899+0000][1062.545s][info ][gc,heap     ] GC(99) Humongous regions: 0->0
[2026-02-05T20:29:54.899+0000][1062.545s][info ][gc,metaspace] GC(99) Metaspace: 195300K(197824K)->195300K(197824K) NonClass: 171706K(172992K)->171706K(172992K) Class: 23594K(24832K)->23594K(24832K)
[2026-02-05T20:29:54.900+0000][1062.545s][info ][gc          ] GC(99) Pause Young (Normal) (G1 Evacuation Pause) 347M->163M(394M) 9.075ms
[2026-02-05T20:29:54.900+0000][1062.545s][info ][gc,cpu      ] GC(99) User=0.02s Sys=0.01s Real=0.01s
[2026-02-05T20:29:54.901+0000][1062.546s][info ][safepoint   ] Safepoint "G1CollectForAllocation", Time since last: 210604429 ns, Reaching safepoint: 423805 ns, Cleanup: 5400 ns, At safepoint: 10065921 ns, Total: 10495126 ns
[2026-02-05T20:29:55.901+0000][1063.546s][debug][safepoint   ] Safepoint synchronization initiated using futex wait barrier. (384 threads)
[2026-02-05T20:29:55.901+0000][1063.547s][info ][safepoint   ] Safepoint "Cleanup", Time since last: 1000391452 ns, Reaching safepoint: 436520 ns, Cleanup: 20501 ns, At safepoint: 13401 ns, Total: 470422 ns
[2026-02-05T20:29:56.902+0000][1064.547s][debug][safepoint   ] Safepoint synchronization initiated using futex wait barrier. (384 threads)
[2026-02-05T20:29:56.903+0000][1064.548s][info ][safepoint   ] Safepoint "Cleanup", Time since last: 1000595420 ns, Reaching safepoint: 493822 ns, Cleanup: 27602 ns, At safepoint: 10800 ns, Total: 532224 ns
[2026-02-05T20:29:57.903+0000][1065.549s][debug][safepoint   ] Safepoint synchronization initiated using futex wait barrier. (384 threads)
[2026-02-05T20:29:57.904+0000][1065.549s][info ][safepoint   ] Safepoint "Cleanup", Time since last: 1000603920 ns, Reaching safepoint: 625329 ns, Cleanup: 14701 ns, At safepoint: 27901 ns, Total: 667931 ns
[2026-02-05T20:29:58.905+0000][1066.550s][debug][safepoint   ] Safepoint synchronization initiated using futex wait barrier. (384 threads)
[2026-02-05T20:29:58.905+0000][1066.550s][info ][safepoint   ] Safepoint "Cleanup", Time since last: 1000775728 ns, Reaching safepoint: 411719 ns, Cleanup: 12401 ns, At safepoint: 4300 ns, Total: 428420 ns
[2026-02-05T20:30:00.906+0000][1068.551s][debug][safepoint   ] Safepoint synchronization initiated using futex wait barrier. (384 threads)
[2026-02-05T20:30:00.906+0000][1068.552s][info ][safepoint   ] Safepoint "Cleanup", Time since last: 2000603313 ns, Reaching safepoint: 754235 ns, Cleanup: 18401 ns, At safepoint: 16201 ns, Total: 788837 ns
[2026-02-05T20:30:04.907+0000][1072.553s][debug][safepoint   ] Safepoint synchronization initiated using futex wait barrier. (384 threads)
[2026-02-05T20:30:04.908+0000][1072.553s][info ][safepoint   ] Safepoint "Cleanup", Time since last: 4000918221 ns, Reaching safepoint: 473920 ns, Cleanup: 10601 ns, At safepoint: 6100 ns, Total: 490621 ns
[2026-02-05T20:30:05.908+0000][1073.554s][debug][safepoint   ] Safepoint synchronization initiated using futex wait barrier. (384 threads)
[2026-02-05T20:30:05.908+0000][1073.554s][info ][safepoint   ] Safepoint "Cleanup", Time since last: 1000339065 ns, Reaching safepoint: 261811 ns, Cleanup: 11700 ns, At safepoint: 4400 ns, Total: 277911 ns
[2026-02-05T20:30:06.909+0000][1074.554s][debug][safepoint   ] Safepoint synchronization initiated using futex wait barrier. (384 threads)
[2026-02-05T20:30:06.909+0000][1074.554s][info ][safepoint   ] Safepoint "Cleanup", Time since last: 1000259762 ns, Reaching safepoint: 262311 ns, Cleanup: 16000 ns, At safepoint: 4701 ns, Total: 283012 ns
[2026-02-05T20:30:07.909+0000][1075.555s][debug][safepoint   ] Safepoint synchronization initiated using futex wait barrier. (384 threads)
[2026-02-05T20:30:07.910+0000][1075.555s][info ][safepoint   ] Safepoint "Cleanup", Time since last: 1000390266 ns, Reaching safepoint: 304713 ns, Cleanup: 12101 ns, At safepoint: 6100 ns, Total: 322914 ns
[2026-02-05T20:30:17.192+0000][1084.838s][debug][safepoint   ] Safepoint synchronization initiated using futex wait barrier. (384 threads)
[2026-02-05T20:30:17.192+0000][1084.839s][info ][safepoint   ] Safepoint "Cleanup", Time since last: 9283425016 ns, Reaching safepoint: 237309 ns, Cleanup: 31902 ns, At safepoint: 24301 ns, Total: 293512 ns
[2026-02-05T20:30:25.193+0000][1092.840s][debug][safepoint   ] Safepoint synchronization initiated using futex wait barrier. (384 threads)
[2026-02-05T20:30:25.194+0000][1092.840s][info ][safepoint   ] Safepoint "Cleanup", Time since last: 8001120105 ns, Reaching safepoint: 372615 ns, Cleanup: 13100 ns, At safepoint: 4300 ns, Total: 390015 ns
[2026-02-05T20:30:26.280+0000][1093.927s][debug][safepoint   ] Safepoint synchronization initiated using futex wait barrier. (384 threads)
[2026-02-05T20:30:26.280+0000][1093.927s][info ][gc,start    ] GC(100) Pause Young (Normal) (G1 Evacuation Pause)
[2026-02-05T20:30:26.281+0000][1093.927s][info ][gc,task     ] GC(100) Using 10 workers of 10 for evacuation
[2026-02-05T20:30:26.284+0000][1093.931s][info ][gc,phases   ] GC(100)   Pre Evacuate Collection Set: 0.4ms
[2026-02-05T20:30:26.285+0000][1093.931s][info ][gc,phases   ] GC(100)   Merge Heap Roots: 0.2ms
[2026-02-05T20:30:26.285+0000][1093.931s][info ][gc,phases   ] GC(100)   Evacuate Collection Set: 1.4ms
[2026-02-05T20:30:26.285+0000][1093.932s][info ][gc,phases   ] GC(100)   Post Evacuate Collection Set: 1.5ms
[2026-02-05T20:30:26.285+0000][1093.932s][info ][gc,phases   ] GC(100)   Other: 0.5ms
[2026-02-05T20:30:26.285+0000][1093.932s][info ][gc,heap     ] GC(100) Eden regions: 92->0(92)
[2026-02-05T20:30:26.285+0000][1093.932s][info ][gc,heap     ] GC(100) Survivor regions: 1->1(12)
[2026-02-05T20:30:26.286+0000][1093.932s][info ][gc,heap     ] GC(100) Old regions: 81->81
[2026-02-05T20:30:26.286+0000][1093.933s][info ][gc,heap     ] GC(100) Archive regions: 2->2
[2026-02-05T20:30:26.286+0000][1093.933s][info ][gc,heap     ] GC(100) Humongous regions: 0->0
[2026-02-05T20:30:26.286+0000][1093.933s][info ][gc,metaspace] GC(100) Metaspace: 195327K(197888K)->195327K(197888K) NonClass: 171733K(173056K)->171733K(173056K) Class: 23594K(24832K)->23594K(24832K)
[2026-02-05T20:30:26.286+0000][1093.933s][info ][gc          ] GC(100) Pause Young (Normal) (G1 Evacuation Pause) 347M->163M(394M) 6.092ms
[2026-02-05T20:30:26.287+0000][1093.934s][info ][gc,cpu      ] GC(100) User=0.01s Sys=0.01s Real=0.01s
[2026-02-05T20:30:26.287+0000][1093.934s][info ][safepoint   ] Safepoint "G1CollectForAllocation", Time since last: 1086453827 ns, Reaching safepoint: 300111 ns, Cleanup: 9901 ns, At safepoint: 7163478 ns, Total: 7473490 ns
[2026-02-05T20:30:27.288+0000][1094.935s][debug][safepoint   ] Safepoint synchronization initiated using futex wait barrier. (384 threads)
[2026-02-05T20:30:27.289+0000][1094.935s][info ][safepoint   ] Safepoint "Cleanup", Time since last: 1000818198 ns, Reaching safepoint: 348614 ns, Cleanup: 36201 ns, At safepoint: 15301 ns, Total: 400116 ns
[2026-02-05T20:30:30.289+0000][1097.936s][debug][safepoint   ] Safepoint synchronization initiated using futex wait barrier. (384 threads)
[2026-02-05T20:30:30.290+0000][1097.936s][info ][safepoint   ] Safepoint "Cleanup", Time since last: 3000516151 ns, Reaching safepoint: 387515 ns, Cleanup: 11901 ns, At safepoint: 5000 ns, Total: 404416 ns
[2026-02-05T20:30:34.290+0000][1101.937s][debug][safepoint   ] Safepoint synchronization initiated using futex wait barrier. (384 threads)
[2026-02-05T20:30:34.291+0000][1101.937s][info ][safepoint   ] Safepoint "Cleanup", Time since last: 4000665584 ns, Reaching safepoint: 273611 ns, Cleanup: 28001 ns, At safepoint: 5000 ns, Total: 306612 ns
[2026-02-05T20:30:44.292+0000][1111.939s][debug][safepoint   ] Safepoint synchronization initiated using futex wait barrier. (384 threads)
[2026-02-05T20:30:44.292+0000][1111.939s][info ][safepoint   ] Safepoint "Cleanup", Time since last: 10001268741 ns, Reaching safepoint: 186507 ns, Cleanup: 12101 ns, At safepoint: 3600 ns, Total: 202208 ns
[2026-02-05T20:30:48.291+0000][1115.939s][debug][safepoint   ] Safepoint synchronization initiated using futex wait barrier. (384 threads)
[2026-02-05T20:30:48.291+0000][1115.940s][info ][safepoint   ] Safepoint "Cleanup", Time since last: 4000498373 ns, Reaching safepoint: 360314 ns, Cleanup: 13701 ns, At safepoint: 8600 ns, Total: 382615 ns
[2026-02-05T20:30:49.292+0000][1116.940s][debug][safepoint   ] Safepoint synchronization initiated using futex wait barrier. (384 threads)
[2026-02-05T20:30:49.292+0000][1116.940s][info ][safepoint   ] Safepoint "Cleanup", Time since last: 1000285925 ns, Reaching safepoint: 251810 ns, Cleanup: 11100 ns, At safepoint: 4600 ns, Total: 267510 ns
[2026-02-05T20:30:50.292+0000][1117.940s][debug][safepoint   ] Safepoint synchronization initiated using futex wait barrier. (384 threads)
[2026-02-05T20:30:50.292+0000][1117.941s][info ][safepoint   ] Safepoint "Cleanup", Time since last: 1000253024 ns, Reaching safepoint: 280710 ns, Cleanup: 17201 ns, At safepoint: 5000 ns, Total: 302911 ns
[2026-02-05T20:30:56.293+0000][1123.942s][debug][safepoint   ] Safepoint synchronization initiated using futex wait barrier. (384 threads)
[2026-02-05T20:30:56.294+0000][1123.942s][info ][safepoint   ] Safepoint "Cleanup", Time since last: 6000844952 ns, Reaching safepoint: 420917 ns, Cleanup: 14700 ns, At safepoint: 5100 ns, Total: 440717 ns
[2026-02-05T20:30:57.294+0000][1124.942s][debug][safepoint   ] Safepoint synchronization initiated using futex wait barrier. (384 threads)
[2026-02-05T20:30:57.294+0000][1124.943s][info ][safepoint   ] Safepoint "Cleanup", Time since last: 1000290648 ns, Reaching safepoint: 299612 ns, Cleanup: 15101 ns, At safepoint: 3300 ns, Total: 318013 ns
[2026-02-05T20:30:57.752+0000][1125.400s][debug][safepoint   ] Safepoint synchronization initiated using futex wait barrier. (384 threads)
[2026-02-05T20:30:57.752+0000][1125.401s][info ][gc,start    ] GC(101) Pause Young (Normal) (G1 Evacuation Pause)
[2026-02-05T20:30:57.753+0000][1125.401s][info ][gc,task     ] GC(101) Using 10 workers of 10 for evacuation
[2026-02-05T20:30:57.756+0000][1125.405s][info ][gc,phases   ] GC(101)   Pre Evacuate Collection Set: 0.4ms
[2026-02-05T20:30:57.757+0000][1125.405s][info ][gc,phases   ] GC(101)   Merge Heap Roots: 0.2ms
[2026-02-05T20:30:57.757+0000][1125.405s][info ][gc,phases   ] GC(101)   Evacuate Collection Set: 1.3ms
[2026-02-05T20:30:57.757+0000][1125.405s][info ][gc,phases   ] GC(101)   Post Evacuate Collection Set: 1.6ms
[2026-02-05T20:30:57.757+0000][1125.405s][info ][gc,phases   ] GC(101)   Other: 0.7ms
[2026-02-05T20:30:57.757+0000][1125.405s][info ][gc,heap     ] GC(101) Eden regions: 92->0(92)
[2026-02-05T20:30:57.757+0000][1125.406s][info ][gc,heap     ] GC(101) Survivor regions: 1->1(12)
[2026-02-05T20:30:57.757+0000][1125.406s][info ][gc,heap     ] GC(101) Old regions: 81->81
[2026-02-05T20:30:57.758+0000][1125.406s][info ][gc,heap     ] GC(101) Archive regions: 2->2
[2026-02-05T20:30:57.758+0000][1125.406s][info ][gc,heap     ] GC(101) Humongous regions: 0->0
[2026-02-05T20:30:57.758+0000][1125.406s][info ][gc,metaspace] GC(101) Metaspace: 195354K(197888K)->195354K(197888K) NonClass: 171759K(173056K)->171759K(173056K) Class: 23594K(24832K)->23594K(24832K)
[2026-02-05T20:30:57.758+0000][1125.406s][info ][gc          ] GC(101) Pause Young (Normal) (G1 Evacuation Pause) 347M->163M(394M) 5.746ms
[2026-02-05T20:30:57.758+0000][1125.407s][info ][gc,cpu      ] GC(101) User=0.01s Sys=0.00s Real=0.00s
[2026-02-05T20:30:57.758+0000][1125.407s][info ][safepoint   ] Safepoint "G1CollectForAllocation", Time since last: 457378763 ns, Reaching safepoint: 355014 ns, Cleanup: 38401 ns, At safepoint: 6350047 ns, Total: 6743462 ns
[2026-02-05T20:30:58.759+0000][1126.407s][debug][safepoint   ] Safepoint synchronization initiated using futex wait barrier. (384 threads)
[2026-02-05T20:30:58.760+0000][1126.408s][info ][safepoint   ] Safepoint "Cleanup", Time since last: 1000363551 ns, Reaching safepoint: 711927 ns, Cleanup: 21401 ns, At safepoint: 27201 ns, Total: 760529 ns
[2026-02-05T20:30:59.760+0000][1127.408s][debug][safepoint   ] Safepoint synchronization initiated using futex wait barrier. (384 threads)
[2026-02-05T20:30:59.761+0000][1127.409s][info ][safepoint   ] Safepoint "Cleanup", Time since last: 1000513596 ns, Reaching safepoint: 397615 ns, Cleanup: 17701 ns, At safepoint: 6800 ns, Total: 422116 ns
[2026-02-05T20:31:14.275+0000][1141.923s][debug][safepoint   ] Safepoint synchronization initiated using futex wait barrier. (384 threads)
[2026-02-05T20:31:14.275+0000][1141.923s][info ][safepoint   ] Safepoint "Cleanup", Time since last: 14514027297 ns, Reaching safepoint: 307112 ns, Cleanup: 55902 ns, At safepoint: 26501 ns, Total: 389515 ns
[2026-02-05T20:31:21.275+0000][1148.924s][debug][safepoint   ] Safepoint synchronization initiated using futex wait barrier. (384 threads)
[2026-02-05T20:31:21.275+0000][1148.925s][info ][safepoint   ] Safepoint "Cleanup", Time since last: 7001091638 ns, Reaching safepoint: 266411 ns, Cleanup: 34201 ns, At safepoint: 30701 ns, Total: 331313 ns
[2026-02-05T20:31:22.275+0000][1149.925s][debug][safepoint   ] Safepoint synchronization initiated using futex wait barrier. (384 threads)
[2026-02-05T20:31:22.276+0000][1149.925s][info ][safepoint   ] Safepoint "Cleanup", Time since last: 1000354590 ns, Reaching safepoint: 253910 ns, Cleanup: 14700 ns, At safepoint: 4400 ns, Total: 273010 ns
[2026-02-05T20:31:23.276+0000][1150.926s][debug][safepoint   ] Safepoint synchronization initiated using futex wait barrier. (384 threads)
[2026-02-05T20:31:23.276+0000][1150.926s][info ][safepoint   ] Safepoint "Cleanup", Time since last: 1000245686 ns, Reaching safepoint: 384215 ns, Cleanup: 16800 ns, At safepoint: 4501 ns, Total: 405516 ns
[2026-02-05T20:31:31.233+0000][1158.883s][debug][safepoint   ] Safepoint synchronization initiated using futex wait barrier. (384 threads)
[2026-02-05T20:31:31.234+0000][1158.884s][info ][gc,start    ] GC(102) Pause Young (Normal) (G1 Evacuation Pause)
[2026-02-05T20:31:31.234+0000][1158.884s][info ][gc,task     ] GC(102) Using 10 workers of 10 for evacuation
[2026-02-05T20:31:31.238+0000][1158.888s][info ][gc,phases   ] GC(102)   Pre Evacuate Collection Set: 0.5ms
[2026-02-05T20:31:31.238+0000][1158.888s][info ][gc,phases   ] GC(102)   Merge Heap Roots: 0.2ms
[2026-02-05T20:31:31.238+0000][1158.888s][info ][gc,phases   ] GC(102)   Evacuate Collection Set: 1.5ms
[2026-02-05T20:31:31.239+0000][1158.888s][info ][gc,phases   ] GC(102)   Post Evacuate Collection Set: 1.4ms
[2026-02-05T20:31:31.239+0000][1158.889s][info ][gc,phases   ] GC(102)   Other: 0.8ms
[2026-02-05T20:31:31.239+0000][1158.889s][info ][gc,heap     ] GC(102) Eden regions: 92->0(92)
[2026-02-05T20:31:31.239+0000][1158.889s][info ][gc,heap     ] GC(102) Survivor regions: 1->1(12)
[2026-02-05T20:31:31.239+0000][1158.889s][info ][gc,heap     ] GC(102) Old regions: 81->81
[2026-02-05T20:31:31.239+0000][1158.889s][info ][gc,heap     ] GC(102) Archive regions: 2->2
[2026-02-05T20:31:31.239+0000][1158.889s][info ][gc,heap     ] GC(102) Humongous regions: 0->0
[2026-02-05T20:31:31.240+0000][1158.889s][info ][gc,metaspace] GC(102) Metaspace: 195367K(197952K)->195367K(197952K) NonClass: 171772K(173120K)->171772K(173120K) Class: 23594K(24832K)->23594K(24832K)
[2026-02-05T20:31:31.240+0000][1158.890s][info ][gc          ] GC(102) Pause Young (Normal) (G1 Evacuation Pause) 347M->163M(394M) 5.835ms
[2026-02-05T20:31:31.240+0000][1158.890s][info ][gc,cpu      ] GC(102) User=0.01s Sys=0.01s Real=0.00s
[2026-02-05T20:31:31.240+0000][1158.890s][info ][safepoint   ] Safepoint "G1CollectForAllocation", Time since last: 7956943499 ns, Reaching safepoint: 520721 ns, Cleanup: 16101 ns, At safepoint: 6630472 ns, Total: 7167294 ns
[2026-02-05T20:31:32.241+0000][1159.890s][debug][safepoint   ] Safepoint synchronization initiated using futex wait barrier. (384 threads)
[2026-02-05T20:31:32.241+0000][1159.891s][info ][safepoint   ] Safepoint "Cleanup", Time since last: 1000304244 ns, Reaching safepoint: 289812 ns, Cleanup: 33302 ns, At safepoint: 7800 ns, Total: 330914 ns
[2026-02-05T20:31:33.241+0000][1160.891s][debug][safepoint   ] Safepoint synchronization initiated using futex wait barrier. (384 threads)
[2026-02-05T20:31:33.242+0000][1160.891s][info ][safepoint   ] Safepoint "Cleanup", Time since last: 1000271024 ns, Reaching safepoint: 286413 ns, Cleanup: 17900 ns, At safepoint: 5301 ns, Total: 309614 ns
[2026-02-05T20:31:41.242+0000][1168.892s][debug][safepoint   ] Safepoint synchronization initiated using futex wait barrier. (384 threads)
[2026-02-05T20:31:41.243+0000][1168.893s][info ][safepoint   ] Safepoint "Cleanup", Time since last: 8000964767 ns, Reaching safepoint: 317913 ns, Cleanup: 14400 ns, At safepoint: 12201 ns, Total: 344514 ns
[2026-02-05T20:31:49.243+0000][1176.894s][debug][safepoint   ] Safepoint synchronization initiated using futex wait barrier. (384 threads)
[2026-02-05T20:31:49.243+0000][1176.894s][info ][safepoint   ] Safepoint "Cleanup", Time since last: 8000966226 ns, Reaching safepoint: 459718 ns, Cleanup: 16201 ns, At safepoint: 5000 ns, Total: 480919 ns
[2026-02-05T20:31:50.244+0000][1177.894s][debug][safepoint   ] Safepoint synchronization initiated using futex wait barrier. (384 threads)
[2026-02-05T20:31:50.244+0000][1177.895s][info ][safepoint   ] Safepoint "Cleanup", Time since last: 1000300512 ns, Reaching safepoint: 316613 ns, Cleanup: 14200 ns, At safepoint: 4700 ns, Total: 335513 ns
[2026-02-05T20:31:52.244+0000][1179.895s][debug][safepoint   ] Safepoint synchronization initiated using futex wait barrier. (384 threads)
[2026-02-05T20:31:52.245+0000][1179.895s][info ][safepoint   ] Safepoint "Cleanup", Time since last: 2000372716 ns, Reaching safepoint: 299312 ns, Cleanup: 9000 ns, At safepoint: 21901 ns, Total: 330213 ns
[2026-02-05T20:31:58.245+0000][1185.896s][debug][safepoint   ] Safepoint synchronization initiated using futex wait barrier. (384 threads)
[2026-02-05T20:31:58.246+0000][1185.896s][info ][safepoint   ] Safepoint "Cleanup", Time since last: 6000737974 ns, Reaching safepoint: 253110 ns, Cleanup: 31701 ns, At safepoint: 56703 ns, Total: 341514 ns
[2026-02-05T20:32:01.246+0000][1188.897s][debug][safepoint   ] Safepoint synchronization initiated using futex wait barrier. (384 threads)
[2026-02-05T20:32:01.247+0000][1188.898s][info ][safepoint   ] Safepoint "Cleanup", Time since last: 3000495989 ns, Reaching safepoint: 517621 ns, Cleanup: 10500 ns, At safepoint: 81404 ns, Total: 609525 ns
[2026-02-05T20:32:04.364+0000][1192.015s][debug][safepoint   ] Safepoint synchronization initiated using futex wait barrier. (384 threads)
[2026-02-05T20:32:04.365+0000][1192.016s][info ][gc,start    ] GC(103) Pause Young (Normal) (G1 Evacuation Pause)
[2026-02-05T20:32:04.365+0000][1192.016s][info ][gc,task     ] GC(103) Using 10 workers of 10 for evacuation
[2026-02-05T20:32:04.370+0000][1192.021s][info ][gc,phases   ] GC(103)   Pre Evacuate Collection Set: 0.3ms
[2026-02-05T20:32:04.370+0000][1192.021s][info ][gc,phases   ] GC(103)   Merge Heap Roots: 0.2ms
[2026-02-05T20:32:04.370+0000][1192.021s][info ][gc,phases   ] GC(103)   Evacuate Collection Set: 1.3ms
[2026-02-05T20:32:04.371+0000][1192.021s][info ][gc,phases   ] GC(103)   Post Evacuate Collection Set: 2.1ms
[2026-02-05T20:32:04.371+0000][1192.022s][info ][gc,phases   ] GC(103)   Other: 1.0ms
[2026-02-05T20:32:04.371+0000][1192.022s][info ][gc,heap     ] GC(103) Eden regions: 92->0(92)
[2026-02-05T20:32:04.371+0000][1192.022s][info ][gc,heap     ] GC(103) Survivor regions: 1->1(12)
[2026-02-05T20:32:04.371+0000][1192.022s][info ][gc,heap     ] GC(103) Old regions: 81->81
[2026-02-05T20:32:04.371+0000][1192.022s][info ][gc,heap     ] GC(103) Archive regions: 2->2
[2026-02-05T20:32:04.372+0000][1192.022s][info ][gc,heap     ] GC(103) Humongous regions: 0->0
[2026-02-05T20:32:04.372+0000][1192.023s][info ][gc,metaspace] GC(103) Metaspace: 195389K(197952K)->195389K(197952K) NonClass: 171794K(173120K)->171794K(173120K) Class: 23594K(24832K)->23594K(24832K)
[2026-02-05T20:32:04.372+0000][1192.023s][info ][gc          ] GC(103) Pause Young (Normal) (G1 Evacuation Pause) 347M->163M(394M) 6.916ms
[2026-02-05T20:32:04.372+0000][1192.023s][info ][gc,cpu      ] GC(103) User=0.02s Sys=0.00s Real=0.01s
[2026-02-05T20:32:04.372+0000][1192.023s][info ][safepoint   ] Safepoint "G1CollectForAllocation", Time since last: 3117225517 ns, Reaching safepoint: 849634 ns, Cleanup: 7300 ns, At safepoint: 7569299 ns, Total: 8426233 ns
[2026-02-05T20:32:14.374+0000][1202.025s][debug][safepoint   ] Safepoint synchronization initiated using futex wait barrier. (384 threads)
[2026-02-05T20:32:14.374+0000][1202.025s][info ][safepoint   ] Safepoint "Cleanup", Time since last: 10001302555 ns, Reaching safepoint: 482414 ns, Cleanup: 30000 ns, At safepoint: 45002 ns, Total: 557416 ns
[2026-02-05T20:32:21.385+0000][1209.037s][debug][safepoint   ] Safepoint synchronization initiated using futex wait barrier. (384 threads)
[2026-02-05T20:32:21.385+0000][1209.038s][info ][safepoint   ] Safepoint "Cleanup", Time since last: 7012355816 ns, Reaching safepoint: 271510 ns, Cleanup: 12301 ns, At safepoint: 4600 ns, Total: 288411 ns
[2026-02-05T20:32:25.386+0000][1213.039s][debug][safepoint   ] Safepoint synchronization initiated using futex wait barrier. (384 threads)
[2026-02-05T20:32:25.387+0000][1213.039s][info ][safepoint   ] Safepoint "Cleanup", Time since last: 4000802774 ns, Reaching safepoint: 416816 ns, Cleanup: 9401 ns, At safepoint: 73503 ns, Total: 499720 ns
[2026-02-05T20:32:32.387+0000][1220.040s][debug][safepoint   ] Safepoint synchronization initiated using futex wait barrier. (384 threads)
[2026-02-05T20:32:32.388+0000][1220.040s][info ][safepoint   ] Safepoint "Cleanup", Time since last: 7000766207 ns, Reaching safepoint: 284611 ns, Cleanup: 35701 ns, At safepoint: 11001 ns, Total: 331313 ns
[2026-02-05T20:32:33.388+0000][1221.041s][debug][safepoint   ] Safepoint synchronization initiated using futex wait barrier. (384 threads)
[2026-02-05T20:32:33.388+0000][1221.041s][info ][safepoint   ] Safepoint "Cleanup", Time since last: 1000364302 ns, Reaching safepoint: 308312 ns, Cleanup: 20301 ns, At safepoint: 5100 ns, Total: 333713 ns
[2026-02-05T20:32:36.315+0000][1223.967s][debug][safepoint   ] Safepoint synchronization initiated using futex wait barrier. (384 threads)
[2026-02-05T20:32:36.315+0000][1223.968s][info ][gc,start    ] GC(104) Pause Young (Normal) (G1 Evacuation Pause)
[2026-02-05T20:32:36.315+0000][1223.968s][info ][gc,task     ] GC(104) Using 10 workers of 10 for evacuation
[2026-02-05T20:32:36.319+0000][1223.971s][info ][gc,phases   ] GC(104)   Pre Evacuate Collection Set: 0.3ms
[2026-02-05T20:32:36.319+0000][1223.972s][info ][gc,phases   ] GC(104)   Merge Heap Roots: 0.2ms
[2026-02-05T20:32:36.319+0000][1223.972s][info ][gc,phases   ] GC(104)   Evacuate Collection Set: 1.2ms
[2026-02-05T20:32:36.320+0000][1223.972s][info ][gc,phases   ] GC(104)   Post Evacuate Collection Set: 1.5ms
[2026-02-05T20:32:36.320+0000][1223.972s][info ][gc,phases   ] GC(104)   Other: 0.5ms
[2026-02-05T20:32:36.320+0000][1223.972s][info ][gc,heap     ] GC(104) Eden regions: 92->0(92)
[2026-02-05T20:32:36.320+0000][1223.973s][info ][gc,heap     ] GC(104) Survivor regions: 1->1(12)
[2026-02-05T20:32:36.320+0000][1223.973s][info ][gc,heap     ] GC(104) Old regions: 81->81
[2026-02-05T20:32:36.320+0000][1223.973s][info ][gc,heap     ] GC(104) Archive regions: 2->2
[2026-02-05T20:32:36.321+0000][1223.973s][info ][gc,heap     ] GC(104) Humongous regions: 0->0
[2026-02-05T20:32:36.321+0000][1223.973s][info ][gc,metaspace] GC(104) Metaspace: 195405K(197952K)->195405K(197952K) NonClass: 171810K(173120K)->171810K(173120K) Class: 23594K(24832K)->23594K(24832K)
[2026-02-05T20:32:36.321+0000][1223.973s][info ][gc          ] GC(104) Pause Young (Normal) (G1 Evacuation Pause) 347M->163M(394M) 5.749ms
[2026-02-05T20:32:36.321+0000][1223.974s][info ][gc,cpu      ] GC(104) User=0.01s Sys=0.01s Real=0.01s
[2026-02-05T20:32:36.321+0000][1223.974s][info ][safepoint   ] Safepoint "G1CollectForAllocation", Time since last: 2926429929 ns, Reaching safepoint: 233109 ns, Cleanup: 4700 ns, At safepoint: 6367149 ns, Total: 6604958 ns
[2026-02-05T20:32:39.322+0000][1226.974s][debug][safepoint   ] Safepoint synchronization initiated using futex wait barrier. (384 threads)
[2026-02-05T20:32:39.322+0000][1226.975s][info ][safepoint   ] Safepoint "Cleanup", Time since last: 3000495367 ns, Reaching safepoint: 374714 ns, Cleanup: 64003 ns, At safepoint: 13901 ns, Total: 452618 ns
[2026-02-05T20:32:48.322+0000][1235.976s][debug][safepoint   ] Safepoint synchronization initiated using futex wait barrier. (384 threads)
[2026-02-05T20:32:48.323+0000][1235.977s][info ][safepoint   ] Safepoint "Cleanup", Time since last: 9001203422 ns, Reaching safepoint: 435017 ns, Cleanup: 11601 ns, At safepoint: 27301 ns, Total: 473919 ns
[2026-02-05T20:32:51.323+0000][1238.977s][debug][safepoint   ] Safepoint synchronization initiated using futex wait barrier. (384 threads)
[2026-02-05T20:32:51.324+0000][1238.977s][info ][safepoint   ] Safepoint "Cleanup", Time since last: 3000508628 ns, Reaching safepoint: 385615 ns, Cleanup: 10200 ns, At safepoint: 25101 ns, Total: 420916 ns
[2026-02-05T20:33:00.325+0000][1247.979s][debug][safepoint   ] Safepoint synchronization initiated using futex wait barrier. (384 threads)
[2026-02-05T20:33:00.326+0000][1247.979s][info ][safepoint   ] Safepoint "Cleanup", Time since last: 9001085909 ns, Reaching safepoint: 638325 ns, Cleanup: 21101 ns, At safepoint: 57502 ns, Total: 716928 ns
[2026-02-05T20:33:02.326+0000][1249.980s][debug][safepoint   ] Safepoint synchronization initiated using futex wait barrier. (384 threads)
[2026-02-05T20:33:02.327+0000][1249.980s][info ][safepoint   ] Safepoint "Cleanup", Time since last: 2000648750 ns, Reaching safepoint: 352114 ns, Cleanup: 15400 ns, At safepoint: 7001 ns, Total: 374515 ns
[2026-02-05T20:33:09.751+0000][1257.405s][debug][safepoint   ] Safepoint synchronization initiated using futex wait barrier. (384 threads)
[2026-02-05T20:33:09.752+0000][1257.406s][info ][gc,start    ] GC(105) Pause Young (Normal) (G1 Evacuation Pause)
[2026-02-05T20:33:09.752+0000][1257.406s][info ][gc,task     ] GC(105) Using 10 workers of 10 for evacuation
[2026-02-05T20:33:09.757+0000][1257.411s][info ][gc,phases   ] GC(105)   Pre Evacuate Collection Set: 0.4ms
[2026-02-05T20:33:09.758+0000][1257.411s][info ][gc,phases   ] GC(105)   Merge Heap Roots: 0.2ms
[2026-02-05T20:33:09.758+0000][1257.412s][info ][gc,phases   ] GC(105)   Evacuate Collection Set: 2.1ms
[2026-02-05T20:33:09.758+0000][1257.412s][info ][gc,phases   ] GC(105)   Post Evacuate Collection Set: 1.9ms
[2026-02-05T20:33:09.758+0000][1257.412s][info ][gc,phases   ] GC(105)   Other: 0.6ms
[2026-02-05T20:33:09.758+0000][1257.412s][info ][gc,heap     ] GC(105) Eden regions: 92->0(92)
[2026-02-05T20:33:09.759+0000][1257.412s][info ][gc,heap     ] GC(105) Survivor regions: 1->1(12)
[2026-02-05T20:33:09.759+0000][1257.412s][info ][gc,heap     ] GC(105) Old regions: 81->81
[2026-02-05T20:33:09.759+0000][1257.413s][info ][gc,heap     ] GC(105) Archive regions: 2->2
[2026-02-05T20:33:09.759+0000][1257.413s][info ][gc,heap     ] GC(105) Humongous regions: 0->0
[2026-02-05T20:33:09.759+0000][1257.413s][info ][gc,metaspace] GC(105) Metaspace: 195407K(197952K)->195407K(197952K) NonClass: 171812K(173120K)->171812K(173120K) Class: 23594K(24832K)->23594K(24832K)
[2026-02-05T20:33:09.759+0000][1257.413s][info ][gc          ] GC(105) Pause Young (Normal) (G1 Evacuation Pause) 347M->163M(394M) 7.182ms
[2026-02-05T20:33:09.760+0000][1257.413s][info ][gc,cpu      ] GC(105) User=0.03s Sys=0.00s Real=0.01s
[2026-02-05T20:33:09.760+0000][1257.414s][info ][safepoint   ] Safepoint "G1CollectForAllocation", Time since last: 7424839711 ns, Reaching safepoint: 705927 ns, Cleanup: 5901 ns, At safepoint: 7769903 ns, Total: 8481731 ns
[2026-02-05T20:33:10.761+0000][1258.414s][debug][safepoint   ] Safepoint synchronization initiated using futex wait barrier. (384 threads)
[2026-02-05T20:33:10.761+0000][1258.415s][info ][safepoint   ] Safepoint "Cleanup", Time since last: 1000791630 ns, Reaching safepoint: 348214 ns, Cleanup: 14300 ns, At safepoint: 6401 ns, Total: 368915 ns
[2026-02-05T20:33:11.761+0000][1259.415s][debug][safepoint   ] Safepoint synchronization initiated using futex wait barrier. (384 threads)
[2026-02-05T20:33:11.762+0000][1259.415s][info ][safepoint   ] Safepoint "Cleanup", Time since last: 1000428716 ns, Reaching safepoint: 257710 ns, Cleanup: 11201 ns, At safepoint: 4200 ns, Total: 273111 ns
[2026-02-05T20:33:15.478+0000][1263.131s][debug][safepoint   ] Safepoint synchronization initiated using futex wait barrier. (384 threads)
[2026-02-05T20:33:15.478+0000][1263.132s][info ][safepoint   ] Safepoint "Cleanup", Time since last: 3715819416 ns, Reaching safepoint: 368715 ns, Cleanup: 14900 ns, At safepoint: 5501 ns, Total: 389116 ns
[2026-02-05T20:33:26.478+0000][1274.133s][debug][safepoint   ] Safepoint synchronization initiated using futex wait barrier. (384 threads)
[2026-02-05T20:33:26.479+0000][1274.134s][info ][safepoint   ] Safepoint "Cleanup", Time since last: 11001614590 ns, Reaching safepoint: 527320 ns, Cleanup: 44002 ns, At safepoint: 68303 ns, Total: 639625 ns
[2026-02-05T20:33:29.480+0000][1277.135s][debug][safepoint   ] Safepoint synchronization initiated using futex wait barrier. (384 threads)
[2026-02-05T20:33:29.480+0000][1277.135s][info ][safepoint   ] Safepoint "Cleanup", Time since last: 3000660438 ns, Reaching safepoint: 239809 ns, Cleanup: 14401 ns, At safepoint: 4300 ns, Total: 258510 ns
[2026-02-05T20:33:42.921+0000][1290.576s][debug][safepoint   ] Safepoint synchronization initiated using futex wait barrier. (384 threads)
[2026-02-05T20:33:42.922+0000][1290.577s][info ][gc,start    ] GC(106) Pause Young (Normal) (G1 Evacuation Pause)
[2026-02-05T20:33:42.922+0000][1290.577s][info ][gc,task     ] GC(106) Using 10 workers of 10 for evacuation
[2026-02-05T20:33:42.926+0000][1290.581s][info ][gc,phases   ] GC(106)   Pre Evacuate Collection Set: 0.5ms
[2026-02-05T20:33:42.926+0000][1290.581s][info ][gc,phases   ] GC(106)   Merge Heap Roots: 0.2ms
[2026-02-05T20:33:42.926+0000][1290.581s][info ][gc,phases   ] GC(106)   Evacuate Collection Set: 1.4ms
[2026-02-05T20:33:42.926+0000][1290.581s][info ][gc,phases   ] GC(106)   Post Evacuate Collection Set: 1.7ms
[2026-02-05T20:33:42.927+0000][1290.582s][info ][gc,phases   ] GC(106)   Other: 0.6ms
[2026-02-05T20:33:42.927+0000][1290.582s][info ][gc,heap     ] GC(106) Eden regions: 92->0(92)
[2026-02-05T20:33:42.927+0000][1290.582s][info ][gc,heap     ] GC(106) Survivor regions: 1->1(12)
[2026-02-05T20:33:42.927+0000][1290.582s][info ][gc,heap     ] GC(106) Old regions: 81->81
[2026-02-05T20:33:42.927+0000][1290.582s][info ][gc,heap     ] GC(106) Archive regions: 2->2
[2026-02-05T20:33:42.927+0000][1290.582s][info ][gc,heap     ] GC(106) Humongous regions: 0->0
[2026-02-05T20:33:42.928+0000][1290.583s][info ][gc,metaspace] GC(106) Metaspace: 195421K(197952K)->195421K(197952K) NonClass: 171827K(173120K)->171827K(173120K) Class: 23594K(24832K)->23594K(24832K)
[2026-02-05T20:33:42.928+0000][1290.583s][info ][gc          ] GC(106) Pause Young (Normal) (G1 Evacuation Pause) 347M->163M(394M) 6.323ms
[2026-02-05T20:33:42.928+0000][1290.583s][info ][gc,cpu      ] GC(106) User=0.02s Sys=0.00s Real=0.01s
[2026-02-05T20:33:42.929+0000][1290.584s][info ][safepoint   ] Safepoint "G1CollectForAllocation", Time since last: 13441421191 ns, Reaching safepoint: 296412 ns, Cleanup: 9400 ns, At safepoint: 7072371 ns, Total: 7378183 ns
[2026-02-05T20:33:50.928+0000][1298.585s][debug][safepoint   ] Safepoint synchronization initiated using futex wait barrier. (384 threads)
[2026-02-05T20:33:50.929+0000][1298.585s][info ][safepoint   ] Safepoint "Cleanup", Time since last: 8000978980 ns, Reaching safepoint: 419012 ns, Cleanup: 74003 ns, At safepoint: 9200 ns, Total: 502215 ns
[2026-02-05T20:33:54.930+0000][1302.586s][debug][safepoint   ] Safepoint synchronization initiated using futex wait barrier. (384 threads)
[2026-02-05T20:33:54.930+0000][1302.586s][info ][safepoint   ] Safepoint "Cleanup", Time since last: 4000803184 ns, Reaching safepoint: 282309 ns, Cleanup: 12200 ns, At safepoint: 5000 ns, Total: 299509 ns
[2026-02-05T20:34:01.931+0000][1309.587s][debug][safepoint   ] Safepoint synchronization initiated using futex wait barrier. (384 threads)
[2026-02-05T20:34:01.931+0000][1309.587s][info ][safepoint   ] Safepoint "Cleanup", Time since last: 7000883700 ns, Reaching safepoint: 317012 ns, Cleanup: 11801 ns, At safepoint: 23001 ns, Total: 351814 ns
[2026-02-05T20:34:08.932+0000][1316.588s][debug][safepoint   ] Safepoint synchronization initiated using futex wait barrier. (384 threads)
[2026-02-05T20:34:08.932+0000][1316.589s][info ][safepoint   ] Safepoint "Cleanup", Time since last: 7000869535 ns, Reaching safepoint: 367814 ns, Cleanup: 39302 ns, At safepoint: 13600 ns, Total: 420716 ns
[2026-02-05T20:34:14.560+0000][1322.216s][debug][safepoint   ] Safepoint synchronization initiated using futex wait barrier. (384 threads)
[2026-02-05T20:34:14.560+0000][1322.217s][info ][safepoint   ] Safepoint "Cleanup", Time since last: 5627528762 ns, Reaching safepoint: 238806 ns, Cleanup: 9200 ns, At safepoint: 38601 ns, Total: 286607 ns
[2026-02-05T20:34:15.085+0000][1322.741s][debug][safepoint   ] Safepoint synchronization initiated using futex wait barrier. (384 threads)
[2026-02-05T20:34:15.086+0000][1322.742s][info ][gc,start    ] GC(107) Pause Young (Normal) (G1 Evacuation Pause)
[2026-02-05T20:34:15.086+0000][1322.742s][info ][gc,task     ] GC(107) Using 10 workers of 10 for evacuation
[2026-02-05T20:34:15.089+0000][1322.745s][info ][gc,phases   ] GC(107)   Pre Evacuate Collection Set: 0.3ms
[2026-02-05T20:34:15.089+0000][1322.745s][info ][gc,phases   ] GC(107)   Merge Heap Roots: 0.2ms
[2026-02-05T20:34:15.089+0000][1322.746s][info ][gc,phases   ] GC(107)   Evacuate Collection Set: 1.3ms
[2026-02-05T20:34:15.089+0000][1322.746s][info ][gc,phases   ] GC(107)   Post Evacuate Collection Set: 1.1ms
[2026-02-05T20:34:15.090+0000][1322.746s][info ][gc,phases   ] GC(107)   Other: 0.6ms
[2026-02-05T20:34:15.090+0000][1322.746s][info ][gc,heap     ] GC(107) Eden regions: 92->0(92)
[2026-02-05T20:34:15.090+0000][1322.746s][info ][gc,heap     ] GC(107) Survivor regions: 1->1(12)
[2026-02-05T20:34:15.090+0000][1322.746s][info ][gc,heap     ] GC(107) Old regions: 81->81
[2026-02-05T20:34:15.090+0000][1322.746s][info ][gc,heap     ] GC(107) Archive regions: 2->2
[2026-02-05T20:34:15.090+0000][1322.747s][info ][gc,heap     ] GC(107) Humongous regions: 0->0
[2026-02-05T20:34:15.090+0000][1322.747s][info ][gc,metaspace] GC(107) Metaspace: 195431K(198016K)->195431K(198016K) NonClass: 171836K(173184K)->171836K(173184K) Class: 23594K(24832K)->23594K(24832K)
[2026-02-05T20:34:15.091+0000][1322.747s][info ][gc          ] GC(107) Pause Young (Normal) (G1 Evacuation Pause) 347M->163M(394M) 5.004ms
[2026-02-05T20:34:15.091+0000][1322.747s][info ][gc,cpu      ] GC(107) User=0.01s Sys=0.00s Real=0.00s
[2026-02-05T20:34:15.091+0000][1322.747s][info ][safepoint   ] Safepoint "G1CollectForAllocation", Time since last: 524855680 ns, Reaching safepoint: 346108 ns, Cleanup: 4400 ns, At safepoint: 5508118 ns, Total: 5858626 ns
[2026-02-05T20:34:20.091+0000][1327.748s][debug][safepoint   ] Safepoint synchronization initiated using futex wait barrier. (384 threads)
[2026-02-05T20:34:20.091+0000][1327.749s][info ][safepoint   ] Safepoint "Cleanup", Time since last: 5001063916 ns, Reaching safepoint: 310112 ns, Cleanup: 14200 ns, At safepoint: 4600 ns, Total: 328912 ns
[2026-02-05T20:34:23.092+0000][1330.749s][debug][safepoint   ] Safepoint synchronization initiated using futex wait barrier. (384 threads)
[2026-02-05T20:34:23.092+0000][1330.750s][info ][safepoint   ] Safepoint "Cleanup", Time since last: 3000607795 ns, Reaching safepoint: 290311 ns, Cleanup: 13501 ns, At safepoint: 5500 ns, Total: 309312 ns
[2026-02-05T20:34:41.094+0000][1348.752s][debug][safepoint   ] Safepoint synchronization initiated using futex wait barrier. (384 threads)
[2026-02-05T20:34:41.095+0000][1348.752s][info ][safepoint   ] Safepoint "Cleanup", Time since last: 18002328456 ns, Reaching safepoint: 338813 ns, Cleanup: 21801 ns, At safepoint: 5400 ns, Total: 366014 ns
[2026-02-05T20:34:45.095+0000][1352.753s][debug][safepoint   ] Safepoint synchronization initiated using futex wait barrier. (384 threads)
[2026-02-05T20:34:45.096+0000][1352.753s][info ][safepoint   ] Safepoint "Cleanup", Time since last: 4000539128 ns, Reaching safepoint: 588022 ns, Cleanup: 22301 ns, At safepoint: 64002 ns, Total: 674325 ns
[2026-02-05T20:34:48.540+0000][1356.199s][debug][safepoint   ] Safepoint synchronization initiated using futex wait barrier. (384 threads)
[2026-02-05T20:34:48.541+0000][1356.200s][info ][gc,start    ] GC(108) Pause Young (Normal) (G1 Evacuation Pause)
[2026-02-05T20:34:48.541+0000][1356.200s][info ][gc,task     ] GC(108) Using 10 workers of 10 for evacuation
[2026-02-05T20:34:48.545+0000][1356.205s][info ][gc,phases   ] GC(108)   Pre Evacuate Collection Set: 0.3ms
[2026-02-05T20:34:48.546+0000][1356.205s][info ][gc,phases   ] GC(108)   Merge Heap Roots: 0.2ms
[2026-02-05T20:34:48.546+0000][1356.205s][info ][gc,phases   ] GC(108)   Evacuate Collection Set: 1.4ms
[2026-02-05T20:34:48.547+0000][1356.206s][info ][gc,phases   ] GC(108)   Post Evacuate Collection Set: 1.9ms
[2026-02-05T20:34:48.547+0000][1356.206s][info ][gc,phases   ] GC(108)   Other: 0.6ms
[2026-02-05T20:34:48.547+0000][1356.206s][info ][gc,heap     ] GC(108) Eden regions: 92->0(92)
[2026-02-05T20:34:48.547+0000][1356.207s][info ][gc,heap     ] GC(108) Survivor regions: 1->1(12)
[2026-02-05T20:34:48.548+0000][1356.207s][info ][gc,heap     ] GC(108) Old regions: 81->81
[2026-02-05T20:34:48.548+0000][1356.207s][info ][gc,heap     ] GC(108) Archive regions: 2->2
[2026-02-05T20:34:48.548+0000][1356.207s][info ][gc,heap     ] GC(108) Humongous regions: 0->0
[2026-02-05T20:34:48.548+0000][1356.207s][info ][gc,metaspace] GC(108) Metaspace: 195454K(198080K)->195454K(198080K) NonClass: 171859K(173248K)->171859K(173248K) Class: 23594K(24832K)->23594K(24832K)
[2026-02-05T20:34:48.548+0000][1356.208s][info ][gc          ] GC(108) Pause Young (Normal) (G1 Evacuation Pause) 347M->163M(394M) 7.391ms
[2026-02-05T20:34:48.549+0000][1356.208s][info ][gc,cpu      ] GC(108) User=0.02s Sys=0.00s Real=0.00s
[2026-02-05T20:34:48.550+0000][1356.209s][info ][safepoint   ] Safepoint "G1CollectForAllocation", Time since last: 3445915674 ns, Reaching safepoint: 700826 ns, Cleanup: 13401 ns, At safepoint: 8553124 ns, Total: 9267351 ns
[2026-02-05T20:34:52.550+0000][1360.209s][debug][safepoint   ] Safepoint synchronization initiated using futex wait barrier. (384 threads)
[2026-02-05T20:34:52.551+0000][1360.210s][info ][safepoint   ] Safepoint "Cleanup", Time since last: 4000754228 ns, Reaching safepoint: 355713 ns, Cleanup: 46202 ns, At safepoint: 12201 ns, Total: 414116 ns
[2026-02-05T20:35:04.552+0000][1372.211s][debug][safepoint   ] Safepoint synchronization initiated using futex wait barrier. (384 threads)
[2026-02-05T20:35:04.553+0000][1372.212s][info ][safepoint   ] Safepoint "Cleanup", Time since last: 12001517138 ns, Reaching safepoint: 437317 ns, Cleanup: 14101 ns, At safepoint: 4900 ns, Total: 456318 ns
[2026-02-05T20:35:05.553+0000][1373.212s][debug][safepoint   ] Safepoint synchronization initiated using futex wait barrier. (384 threads)
[2026-02-05T20:35:05.553+0000][1373.213s][info ][safepoint   ] Safepoint "Cleanup", Time since last: 1000484212 ns, Reaching safepoint: 231609 ns, Cleanup: 12901 ns, At safepoint: 4000 ns, Total: 248510 ns
[2026-02-05T20:35:08.554+0000][1376.213s][debug][safepoint   ] Safepoint synchronization initiated using futex wait barrier. (384 threads)
[2026-02-05T20:35:08.554+0000][1376.214s][info ][safepoint   ] Safepoint "Cleanup", Time since last: 3000508019 ns, Reaching safepoint: 447617 ns, Cleanup: 19901 ns, At safepoint: 11800 ns, Total: 479318 ns
[2026-02-05T20:35:20.640+0000][1388.300s][debug][safepoint   ] Safepoint synchronization initiated using futex wait barrier. (384 threads)
[2026-02-05T20:35:20.640+0000][1388.301s][info ][safepoint   ] Safepoint "Cleanup", Time since last: 12086625108 ns, Reaching safepoint: 458118 ns, Cleanup: 20100 ns, At safepoint: 12801 ns, Total: 491019 ns
[2026-02-05T20:35:21.405+0000][1389.066s][debug][safepoint   ] Safepoint synchronization initiated using futex wait barrier. (384 threads)
[2026-02-05T20:35:21.406+0000][1389.067s][info ][gc,start    ] GC(109) Pause Young (Normal) (G1 Evacuation Pause)
[2026-02-05T20:35:21.406+0000][1389.067s][info ][gc,task     ] GC(109) Using 10 workers of 10 for evacuation
[2026-02-05T20:35:21.411+0000][1389.071s][info ][gc,phases   ] GC(109)   Pre Evacuate Collection Set: 0.5ms
[2026-02-05T20:35:21.411+0000][1389.071s][info ][gc,phases   ] GC(109)   Merge Heap Roots: 0.2ms
[2026-02-05T20:35:21.411+0000][1389.072s][info ][gc,phases   ] GC(109)   Evacuate Collection Set: 1.7ms
[2026-02-05T20:35:21.411+0000][1389.072s][info ][gc,phases   ] GC(109)   Post Evacuate Collection Set: 1.4ms
[2026-02-05T20:35:21.411+0000][1389.072s][info ][gc,phases   ] GC(109)   Other: 0.7ms
[2026-02-05T20:35:21.412+0000][1389.072s][info ][gc,heap     ] GC(109) Eden regions: 92->0(92)
[2026-02-05T20:35:21.412+0000][1389.072s][info ][gc,heap     ] GC(109) Survivor regions: 1->1(12)
[2026-02-05T20:35:21.412+0000][1389.072s][info ][gc,heap     ] GC(109) Old regions: 81->81
[2026-02-05T20:35:21.412+0000][1389.072s][info ][gc,heap     ] GC(109) Archive regions: 2->2
[2026-02-05T20:35:21.412+0000][1389.073s][info ][gc,heap     ] GC(109) Humongous regions: 0->0
[2026-02-05T20:35:21.412+0000][1389.073s][info ][gc,metaspace] GC(109) Metaspace: 195471K(198080K)->195471K(198080K) NonClass: 171877K(173248K)->171877K(173248K) Class: 23594K(24832K)->23594K(24832K)
[2026-02-05T20:35:21.412+0000][1389.073s][info ][gc          ] GC(109) Pause Young (Normal) (G1 Evacuation Pause) 347M->163M(394M) 6.181ms
[2026-02-05T20:35:21.413+0000][1389.073s][info ][gc,cpu      ] GC(109) User=0.01s Sys=0.01s Real=0.01s
[2026-02-05T20:35:21.413+0000][1389.073s][info ][safepoint   ] Safepoint "G1CollectForAllocation", Time since last: 765209327 ns, Reaching safepoint: 739528 ns, Cleanup: 5301 ns, At safepoint: 6804459 ns, Total: 7549288 ns
[2026-02-05T20:35:23.413+0000][1391.074s][debug][safepoint   ] Safepoint synchronization initiated using futex wait barrier. (384 threads)
[2026-02-05T20:35:23.414+0000][1391.074s][info ][safepoint   ] Safepoint "Cleanup", Time since last: 2000501748 ns, Reaching safepoint: 323312 ns, Cleanup: 15801 ns, At safepoint: 5300 ns, Total: 344413 ns
[2026-02-05T20:35:28.414+0000][1396.075s][debug][safepoint   ] Safepoint synchronization initiated using futex wait barrier. (384 threads)
[2026-02-05T20:35:28.415+0000][1396.075s][info ][safepoint   ] Safepoint "Cleanup", Time since last: 5000680547 ns, Reaching safepoint: 303612 ns, Cleanup: 15301 ns, At safepoint: 5100 ns, Total: 324013 ns
[2026-02-05T20:35:30.415+0000][1398.076s][debug][safepoint   ] Safepoint synchronization initiated using futex wait barrier. (384 threads)
[2026-02-05T20:35:30.426+0000][1398.086s][info ][safepoint   ] Safepoint "Cleanup", Time since last: 2000353867 ns, Reaching safepoint: 10463110 ns, Cleanup: 14400 ns, At safepoint: 351114 ns, Total: 10828624 ns
[2026-02-05T20:35:32.427+0000][1400.087s][debug][safepoint   ] Safepoint synchronization initiated using futex wait barrier. (384 threads)
[2026-02-05T20:35:32.427+0000][1400.087s][info ][safepoint   ] Safepoint "Cleanup", Time since last: 2000548401 ns, Reaching safepoint: 451119 ns, Cleanup: 13000 ns, At safepoint: 5100 ns, Total: 469219 ns
[2026-02-05T20:35:38.428+0000][1406.088s][debug][safepoint   ] Safepoint synchronization initiated using futex wait barrier. (384 threads)
[2026-02-05T20:35:38.428+0000][1406.089s][info ][safepoint   ] Safepoint "Cleanup", Time since last: 6000904645 ns, Reaching safepoint: 280512 ns, Cleanup: 12600 ns, At safepoint: 4201 ns, Total: 297313 ns
[2026-02-05T20:35:50.429+0000][1418.090s][debug][safepoint   ] Safepoint synchronization initiated using futex wait barrier. (384 threads)
[2026-02-05T20:35:50.429+0000][1418.091s][info ][safepoint   ] Safepoint "Cleanup", Time since last: 12001642462 ns, Reaching safepoint: 485619 ns, Cleanup: 16500 ns, At safepoint: 73703 ns, Total: 575822 ns
[2026-02-05T20:35:51.430+0000][1419.091s][debug][safepoint   ] Safepoint synchronization initiated using futex wait barrier. (384 threads)
[2026-02-05T20:35:51.430+0000][1419.092s][info ][safepoint   ] Safepoint "Cleanup", Time since last: 1000457389 ns, Reaching safepoint: 541321 ns, Cleanup: 33301 ns, At safepoint: 43902 ns, Total: 618524 ns
[2026-02-05T20:35:53.794+0000][1421.456s][debug][safepoint   ] Safepoint synchronization initiated using futex wait barrier. (384 threads)
[2026-02-05T20:35:53.796+0000][1421.457s][info ][gc,start    ] GC(110) Pause Young (Normal) (G1 Evacuation Pause)
[2026-02-05T20:35:53.796+0000][1421.458s][info ][gc,task     ] GC(110) Using 10 workers of 10 for evacuation
[2026-02-05T20:35:53.800+0000][1421.462s][info ][gc,phases   ] GC(110)   Pre Evacuate Collection Set: 0.4ms
[2026-02-05T20:35:53.800+0000][1421.462s][info ][gc,phases   ] GC(110)   Merge Heap Roots: 0.2ms
[2026-02-05T20:35:53.801+0000][1421.462s][info ][gc,phases   ] GC(110)   Evacuate Collection Set: 1.0ms
[2026-02-05T20:35:53.801+0000][1421.463s][info ][gc,phases   ] GC(110)   Post Evacuate Collection Set: 2.0ms
[2026-02-05T20:35:53.801+0000][1421.463s][info ][gc,phases   ] GC(110)   Other: 0.9ms
[2026-02-05T20:35:53.801+0000][1421.463s][info ][gc,heap     ] GC(110) Eden regions: 92->0(92)
[2026-02-05T20:35:53.802+0000][1421.463s][info ][gc,heap     ] GC(110) Survivor regions: 1->1(12)
[2026-02-05T20:35:53.802+0000][1421.463s][info ][gc,heap     ] GC(110) Old regions: 81->81
[2026-02-05T20:35:53.802+0000][1421.464s][info ][gc,heap     ] GC(110) Archive regions: 2->2
[2026-02-05T20:35:53.802+0000][1421.464s][info ][gc,heap     ] GC(110) Humongous regions: 0->0
[2026-02-05T20:35:53.802+0000][1421.464s][info ][gc,metaspace] GC(110) Metaspace: 195479K(198080K)->195479K(198080K) NonClass: 171884K(173248K)->171884K(173248K) Class: 23594K(24832K)->23594K(24832K)
[2026-02-05T20:35:53.803+0000][1421.464s][info ][gc          ] GC(110) Pause Young (Normal) (G1 Evacuation Pause) 347M->163M(394M) 7.024ms
[2026-02-05T20:35:53.803+0000][1421.465s][info ][gc,cpu      ] GC(110) User=0.01s Sys=0.01s Real=0.01s
[2026-02-05T20:35:53.804+0000][1421.465s][info ][safepoint   ] Safepoint "G1CollectForAllocation", Time since last: 2364017575 ns, Reaching safepoint: 1399054 ns, Cleanup: 6800 ns, At safepoint: 7929903 ns, Total: 9335757 ns
[2026-02-05T20:36:27.355+0000][1455.019s][debug][safepoint   ] Safepoint synchronization initiated using futex wait barrier. (384 threads)
[2026-02-05T20:36:27.356+0000][1455.019s][info ][gc,start    ] GC(111) Pause Young (Normal) (G1 Evacuation Pause)
[2026-02-05T20:36:27.356+0000][1455.019s][info ][gc,task     ] GC(111) Using 10 workers of 10 for evacuation
[2026-02-05T20:36:27.359+0000][1455.022s][info ][gc,phases   ] GC(111)   Pre Evacuate Collection Set: 0.3ms
[2026-02-05T20:36:27.359+0000][1455.022s][info ][gc,phases   ] GC(111)   Merge Heap Roots: 0.1ms
[2026-02-05T20:36:27.359+0000][1455.023s][info ][gc,phases   ] GC(111)   Evacuate Collection Set: 1.1ms
[2026-02-05T20:36:27.360+0000][1455.023s][info ][gc,phases   ] GC(111)   Post Evacuate Collection Set: 1.1ms
[2026-02-05T20:36:27.360+0000][1455.023s][info ][gc,phases   ] GC(111)   Other: 0.6ms
[2026-02-05T20:36:27.360+0000][1455.023s][info ][gc,heap     ] GC(111) Eden regions: 92->0(92)
[2026-02-05T20:36:27.360+0000][1455.023s][info ][gc,heap     ] GC(111) Survivor regions: 1->1(12)
[2026-02-05T20:36:27.360+0000][1455.024s][info ][gc,heap     ] GC(111) Old regions: 81->81
[2026-02-05T20:36:27.361+0000][1455.024s][info ][gc,heap     ] GC(111) Archive regions: 2->2
[2026-02-05T20:36:27.361+0000][1455.024s][info ][gc,heap     ] GC(111) Humongous regions: 0->0
[2026-02-05T20:36:27.361+0000][1455.024s][info ][gc,metaspace] GC(111) Metaspace: 195485K(198080K)->195485K(198080K) NonClass: 171889K(173248K)->171889K(173248K) Class: 23595K(24832K)->23595K(24832K)
[2026-02-05T20:36:27.361+0000][1455.024s][info ][gc          ] GC(111) Pause Young (Normal) (G1 Evacuation Pause) 347M->164M(394M) 5.472ms
[2026-02-05T20:36:27.361+0000][1455.025s][info ][gc,cpu      ] GC(111) User=0.01s Sys=0.00s Real=0.01s
[2026-02-05T20:36:27.362+0000][1455.025s][info ][safepoint   ] Safepoint "G1CollectForAllocation", Time since last: 33553284973 ns, Reaching safepoint: 271210 ns, Cleanup: 26301 ns, At safepoint: 6038132 ns, Total: 6335643 ns
[2026-02-05T20:36:30.362+0000][1458.025s][debug][safepoint   ] Safepoint synchronization initiated using futex wait barrier. (384 threads)
[2026-02-05T20:36:30.363+0000][1458.026s][info ][safepoint   ] Safepoint "Cleanup", Time since last: 3000495746 ns, Reaching safepoint: 488319 ns, Cleanup: 53302 ns, At safepoint: 17200 ns, Total: 558821 ns
[2026-02-05T20:36:31.363+0000][1459.026s][debug][safepoint   ] Safepoint synchronization initiated using futex wait barrier. (384 threads)
[2026-02-05T20:36:31.364+0000][1459.027s][info ][safepoint   ] Safepoint "Cleanup", Time since last: 1000422863 ns, Reaching safepoint: 306512 ns, Cleanup: 8901 ns, At safepoint: 22400 ns, Total: 337813 ns
[2026-02-05T20:36:32.398+0000][1460.061s][debug][safepoint   ] Safepoint synchronization initiated using futex wait barrier. (388 threads)
[2026-02-05T20:36:32.398+0000][1460.062s][info ][safepoint   ] Safepoint "Cleanup", Time since last: 1034319970 ns, Reaching safepoint: 365214 ns, Cleanup: 115305 ns, At safepoint: 32901 ns, Total: 513420 ns
[2026-02-05T20:36:33.399+0000][1461.062s][debug][safepoint   ] Safepoint synchronization initiated using futex wait barrier. (387 threads)
[2026-02-05T20:36:33.399+0000][1461.062s][info ][safepoint   ] Safepoint "Cleanup", Time since last: 1000339160 ns, Reaching safepoint: 449017 ns, Cleanup: 16701 ns, At safepoint: 32401 ns, Total: 498119 ns
[2026-02-05T20:36:34.400+0000][1462.063s][debug][safepoint   ] Safepoint synchronization initiated using futex wait barrier. (387 threads)
[2026-02-05T20:36:34.400+0000][1462.063s][info ][safepoint   ] Safepoint "Cleanup", Time since last: 1000582069 ns, Reaching safepoint: 456918 ns, Cleanup: 22700 ns, At safepoint: 8801 ns, Total: 488419 ns
[2026-02-05T20:36:36.401+0000][1464.064s][debug][safepoint   ] Safepoint synchronization initiated using futex wait barrier. (387 threads)
[2026-02-05T20:36:36.401+0000][1464.064s][info ][safepoint   ] Safepoint "Cleanup", Time since last: 2000398639 ns, Reaching safepoint: 396816 ns, Cleanup: 14600 ns, At safepoint: 5401 ns, Total: 416817 ns
[2026-02-05T20:36:37.401+0000][1465.065s][debug][safepoint   ] Safepoint synchronization initiated using futex wait barrier. (387 threads)
[2026-02-05T20:36:37.402+0000][1465.065s][info ][safepoint   ] Safepoint "Cleanup", Time since last: 1000342556 ns, Reaching safepoint: 260110 ns, Cleanup: 11901 ns, At safepoint: 4500 ns, Total: 276511 ns
[2026-02-05T20:36:44.403+0000][1472.066s][debug][safepoint   ] Safepoint synchronization initiated using futex wait barrier. (387 threads)
[2026-02-05T20:36:44.403+0000][1472.066s][info ][safepoint   ] Safepoint "Cleanup", Time since last: 7000961323 ns, Reaching safepoint: 303611 ns, Cleanup: 14601 ns, At safepoint: 4200 ns, Total: 322412 ns
[2026-02-05T20:36:47.402+0000][1475.067s][debug][safepoint   ] Safepoint synchronization initiated using futex wait barrier. (388 threads)
[2026-02-05T20:36:47.403+0000][1475.067s][info ][safepoint   ] Safepoint "Cleanup", Time since last: 3000553964 ns, Reaching safepoint: 254210 ns, Cleanup: 9700 ns, At safepoint: 4300 ns, Total: 268210 ns
[2026-02-05T20:36:57.404+0000][1485.068s][debug][safepoint   ] Safepoint synchronization initiated using futex wait barrier. (387 threads)
[2026-02-05T20:36:57.404+0000][1485.069s][info ][safepoint   ] Safepoint "Cleanup", Time since last: 10001177392 ns, Reaching safepoint: 314712 ns, Cleanup: 11500 ns, At safepoint: 24901 ns, Total: 351113 ns
[2026-02-05T20:36:58.864+0000][1486.528s][debug][safepoint   ] Safepoint synchronization initiated using futex wait barrier. (387 threads)
[2026-02-05T20:36:58.865+0000][1486.529s][info ][gc,start    ] GC(112) Pause Young (Normal) (G1 Evacuation Pause)
[2026-02-05T20:36:58.865+0000][1486.529s][info ][gc,task     ] GC(112) Using 10 workers of 10 for evacuation
[2026-02-05T20:36:58.870+0000][1486.534s][info ][gc,phases   ] GC(112)   Pre Evacuate Collection Set: 0.5ms
[2026-02-05T20:36:58.871+0000][1486.535s][info ][gc,phases   ] GC(112)   Merge Heap Roots: 0.2ms
[2026-02-05T20:36:58.871+0000][1486.535s][info ][gc,phases   ] GC(112)   Evacuate Collection Set: 1.7ms
[2026-02-05T20:36:58.871+0000][1486.536s][info ][gc,phases   ] GC(112)   Post Evacuate Collection Set: 2.0ms
[2026-02-05T20:36:58.872+0000][1486.536s][info ][gc,phases   ] GC(112)   Other: 0.9ms
[2026-02-05T20:36:58.872+0000][1486.536s][info ][gc,heap     ] GC(112) Eden regions: 92->0(92)
[2026-02-05T20:36:58.872+0000][1486.537s][info ][gc,heap     ] GC(112) Survivor regions: 1->1(12)
[2026-02-05T20:36:58.873+0000][1486.537s][info ][gc,heap     ] GC(112) Old regions: 81->81
[2026-02-05T20:36:58.873+0000][1486.537s][info ][gc,heap     ] GC(112) Archive regions: 2->2
[2026-02-05T20:36:58.873+0000][1486.538s][info ][gc,heap     ] GC(112) Humongous regions: 0->0
[2026-02-05T20:36:58.873+0000][1486.538s][info ][gc,metaspace] GC(112) Metaspace: 195644K(198272K)->195644K(198272K) NonClass: 172023K(173376K)->172023K(173376K) Class: 23620K(24896K)->23620K(24896K)
[2026-02-05T20:36:58.873+0000][1486.538s][info ][gc          ] GC(112) Pause Young (Normal) (G1 Evacuation Pause) 348M->164M(394M) 8.812ms
[2026-02-05T20:36:58.874+0000][1486.538s][info ][gc,cpu      ] GC(112) User=0.02s Sys=0.00s Real=0.01s
[2026-02-05T20:36:58.874+0000][1486.539s][info ][safepoint   ] Safepoint "G1CollectForAllocation", Time since last: 1459620751 ns, Reaching safepoint: 776830 ns, Cleanup: 9901 ns, At safepoint: 9619671 ns, Total: 10406402 ns
[2026-02-05T20:36:59.875+0000][1487.539s][debug][safepoint   ] Safepoint synchronization initiated using futex wait barrier. (387 threads)
[2026-02-05T20:36:59.875+0000][1487.539s][info ][safepoint   ] Safepoint "Cleanup", Time since last: 1000393022 ns, Reaching safepoint: 284611 ns, Cleanup: 32901 ns, At safepoint: 6701 ns, Total: 324213 ns
[2026-02-05T20:37:05.876+0000][1493.540s][debug][safepoint   ] Safepoint synchronization initiated using futex wait barrier. (387 threads)
[2026-02-05T20:37:05.876+0000][1493.541s][info ][safepoint   ] Safepoint "Cleanup", Time since last: 6001024110 ns, Reaching safepoint: 389816 ns, Cleanup: 16800 ns, At safepoint: 9101 ns, Total: 415717 ns
[2026-02-05T20:37:09.877+0000][1497.541s][debug][safepoint   ] Safepoint synchronization initiated using futex wait barrier. (387 threads)
[2026-02-05T20:37:09.877+0000][1497.542s][info ][safepoint   ] Safepoint "Cleanup", Time since last: 4000663651 ns, Reaching safepoint: 428917 ns, Cleanup: 17301 ns, At safepoint: 26001 ns, Total: 472219 ns
[2026-02-05T20:37:10.878+0000][1498.542s][debug][safepoint   ] Safepoint synchronization initiated using futex wait barrier. (387 threads)
[2026-02-05T20:37:10.879+0000][1498.543s][info ][safepoint   ] Safepoint "Cleanup", Time since last: 1000567033 ns, Reaching safepoint: 483819 ns, Cleanup: 17500 ns, At safepoint: 80004 ns, Total: 581323 ns
[2026-02-05T20:37:13.879+0000][1501.544s][debug][safepoint   ] Safepoint synchronization initiated using futex wait barrier. (387 threads)
[2026-02-05T20:37:13.879+0000][1501.544s][info ][safepoint   ] Safepoint "Cleanup", Time since last: 3000574455 ns, Reaching safepoint: 300212 ns, Cleanup: 15200 ns, At safepoint: 4901 ns, Total: 320313 ns
[2026-02-05T20:37:23.359+0000][1511.025s][debug][safepoint   ] Safepoint synchronization initiated using futex wait barrier. (387 threads)
[2026-02-05T20:37:23.360+0000][1511.026s][info ][safepoint   ] Safepoint "Cleanup", Time since last: 9480825376 ns, Reaching safepoint: 764129 ns, Cleanup: 22701 ns, At safepoint: 30001 ns, Total: 816831 ns
[2026-02-05T20:37:24.360+0000][1512.026s][debug][safepoint   ] Safepoint synchronization initiated using futex wait barrier. (390 threads)
[2026-02-05T20:37:24.361+0000][1512.026s][info ][safepoint   ] Safepoint "Cleanup", Time since last: 1000351482 ns, Reaching safepoint: 349113 ns, Cleanup: 66103 ns, At safepoint: 23801 ns, Total: 439017 ns
[2026-02-05T20:37:25.361+0000][1513.027s][debug][safepoint   ] Safepoint synchronization initiated using futex wait barrier. (390 threads)
[2026-02-05T20:37:25.361+0000][1513.027s][info ][safepoint   ] Safepoint "Cleanup", Time since last: 1000327003 ns, Reaching safepoint: 239909 ns, Cleanup: 13701 ns, At safepoint: 4000 ns, Total: 257610 ns
[2026-02-05T20:37:27.362+0000][1515.027s][debug][safepoint   ] Safepoint synchronization initiated using futex wait barrier. (390 threads)
[2026-02-05T20:37:27.362+0000][1515.028s][info ][safepoint   ] Safepoint "Cleanup", Time since last: 2000353694 ns, Reaching safepoint: 338313 ns, Cleanup: 13501 ns, At safepoint: 4000 ns, Total: 355814 ns
[2026-02-05T20:37:28.209+0000][1515.875s][debug][safepoint   ] Safepoint synchronization initiated using futex wait barrier. (390 threads)
[2026-02-05T20:37:28.210+0000][1515.875s][info ][gc,start    ] GC(113) Pause Young (Normal) (G1 Evacuation Pause)
[2026-02-05T20:37:28.210+0000][1515.876s][info ][gc,task     ] GC(113) Using 10 workers of 10 for evacuation
[2026-02-05T20:37:28.214+0000][1515.880s][info ][gc,phases   ] GC(113)   Pre Evacuate Collection Set: 0.3ms
[2026-02-05T20:37:28.215+0000][1515.880s][info ][gc,phases   ] GC(113)   Merge Heap Roots: 0.2ms
[2026-02-05T20:37:28.215+0000][1515.880s][info ][gc,phases   ] GC(113)   Evacuate Collection Set: 1.7ms
[2026-02-05T20:37:28.215+0000][1515.880s][info ][gc,phases   ] GC(113)   Post Evacuate Collection Set: 1.8ms
[2026-02-05T20:37:28.215+0000][1515.880s][info ][gc,phases   ] GC(113)   Other: 0.6ms
[2026-02-05T20:37:28.215+0000][1515.881s][info ][gc,heap     ] GC(113) Eden regions: 92->0(92)
[2026-02-05T20:37:28.215+0000][1515.881s][info ][gc,heap     ] GC(113) Survivor regions: 1->1(12)
[2026-02-05T20:37:28.215+0000][1515.881s][info ][gc,heap     ] GC(113) Old regions: 81->81
[2026-02-05T20:37:28.216+0000][1515.881s][info ][gc,heap     ] GC(113) Archive regions: 2->2
[2026-02-05T20:37:28.216+0000][1515.881s][info ][gc,heap     ] GC(113) Humongous regions: 0->0
[2026-02-05T20:37:28.216+0000][1515.881s][info ][gc,metaspace] GC(113) Metaspace: 195961K(198592K)->195961K(198592K) NonClass: 172318K(173696K)->172318K(173696K) Class: 23643K(24896K)->23643K(24896K)
[2026-02-05T20:37:28.216+0000][1515.881s][info ][gc          ] GC(113) Pause Young (Normal) (G1 Evacuation Pause) 348M->165M(394M) 6.091ms
[2026-02-05T20:37:28.216+0000][1515.882s][info ][gc,cpu      ] GC(113) User=0.01s Sys=0.01s Real=0.01s
[2026-02-05T20:37:28.216+0000][1515.882s][info ][safepoint   ] Safepoint "G1CollectForAllocation", Time since last: 846985024 ns, Reaching safepoint: 565322 ns, Cleanup: 14501 ns, At safepoint: 6734462 ns, Total: 7314285 ns
[2026-02-05T20:37:32.217+0000][1519.883s][debug][safepoint   ] Safepoint synchronization initiated using futex wait barrier. (389 threads)
[2026-02-05T20:37:32.217+0000][1519.883s][info ][safepoint   ] Safepoint "Cleanup", Time since last: 4000613881 ns, Reaching safepoint: 223809 ns, Cleanup: 18201 ns, At safepoint: 5000 ns, Total: 247010 ns
[2026-02-05T20:37:35.218+0000][1522.883s][debug][safepoint   ] Safepoint synchronization initiated using futex wait barrier. (389 threads)
[2026-02-05T20:37:35.218+0000][1522.884s][info ][safepoint   ] Safepoint "Cleanup", Time since last: 3000472210 ns, Reaching safepoint: 221809 ns, Cleanup: 14900 ns, At safepoint: 4600 ns, Total: 241309 ns
[2026-02-05T20:37:37.219+0000][1524.884s][debug][safepoint   ] Safepoint synchronization initiated using futex wait barrier. (389 threads)
[2026-02-05T20:37:37.219+0000][1524.885s][info ][safepoint   ] Safepoint "Cleanup", Time since last: 2000525382 ns, Reaching safepoint: 519020 ns, Cleanup: 17401 ns, At safepoint: 28201 ns, Total: 564622 ns
[2026-02-05T20:37:38.219+0000][1525.885s][debug][safepoint   ] Safepoint synchronization initiated using futex wait barrier. (389 threads)
[2026-02-05T20:37:38.220+0000][1525.885s][info ][safepoint   ] Safepoint "Cleanup", Time since last: 1000326543 ns, Reaching safepoint: 246910 ns, Cleanup: 15800 ns, At safepoint: 3700 ns, Total: 266410 ns
[2026-02-05T20:38:01.221+0000][1548.888s][debug][safepoint   ] Safepoint synchronization initiated using futex wait barrier. (389 threads)
[2026-02-05T20:38:01.222+0000][1548.890s][info ][safepoint   ] Safepoint "Cleanup", Time since last: 23002994401 ns, Reaching safepoint: 1382172 ns, Cleanup: 12501 ns, At safepoint: 5900 ns, Total: 1400573 ns
[2026-02-05T20:38:02.033+0000][1549.701s][debug][safepoint   ] Safepoint synchronization initiated using futex wait barrier. (389 threads)
[2026-02-05T20:38:02.034+0000][1549.701s][info ][gc,start    ] GC(114) Pause Young (Normal) (G1 Evacuation Pause)
[2026-02-05T20:38:02.034+0000][1549.701s][info ][gc,task     ] GC(114) Using 10 workers of 10 for evacuation
[2026-02-05T20:38:02.038+0000][1549.705s][info ][gc,phases   ] GC(114)   Pre Evacuate Collection Set: 0.3ms
[2026-02-05T20:38:02.038+0000][1549.706s][info ][gc,phases   ] GC(114)   Merge Heap Roots: 0.2ms
[2026-02-05T20:38:02.038+0000][1549.706s][info ][gc,phases   ] GC(114)   Evacuate Collection Set: 1.5ms
[2026-02-05T20:38:02.038+0000][1549.706s][info ][gc,phases   ] GC(114)   Post Evacuate Collection Set: 1.9ms
[2026-02-05T20:38:02.039+0000][1549.706s][info ][gc,phases   ] GC(114)   Other: 0.5ms
[2026-02-05T20:38:02.039+0000][1549.706s][info ][gc,heap     ] GC(114) Eden regions: 92->0(92)
[2026-02-05T20:38:02.039+0000][1549.706s][info ][gc,heap     ] GC(114) Survivor regions: 1->1(12)
[2026-02-05T20:38:02.039+0000][1549.707s][info ][gc,heap     ] GC(114) Old regions: 81->81
[2026-02-05T20:38:02.039+0000][1549.707s][info ][gc,heap     ] GC(114) Archive regions: 2->2
[2026-02-05T20:38:02.039+0000][1549.707s][info ][gc,heap     ] GC(114) Humongous regions: 0->0
[2026-02-05T20:38:02.039+0000][1549.707s][info ][gc,metaspace] GC(114) Metaspace: 195994K(198592K)->195994K(198592K) NonClass: 172350K(173696K)->172350K(173696K) Class: 23644K(24896K)->23644K(24896K)
[2026-02-05T20:38:02.040+0000][1549.707s][info ][gc          ] GC(114) Pause Young (Normal) (G1 Evacuation Pause) 349M->165M(394M) 5.982ms
[2026-02-05T20:38:02.040+0000][1549.707s][info ][gc,cpu      ] GC(114) User=0.01s Sys=0.01s Real=0.00s
[2026-02-05T20:38:02.040+0000][1549.708s][info ][safepoint   ] Safepoint "G1CollectForAllocation", Time since last: 811024339 ns, Reaching safepoint: 365919 ns, Cleanup: 5301 ns, At safepoint: 6681848 ns, Total: 7053068 ns
[2026-02-05T20:38:04.041+0000][1551.708s][debug][safepoint   ] Safepoint synchronization initiated using futex wait barrier. (389 threads)
[2026-02-05T20:38:04.041+0000][1551.709s][info ][safepoint   ] Safepoint "Cleanup", Time since last: 2000634443 ns, Reaching safepoint: 291515 ns, Cleanup: 36302 ns, At safepoint: 8400 ns, Total: 336217 ns
[2026-02-05T20:38:07.042+0000][1554.709s][debug][safepoint   ] Safepoint synchronization initiated using futex wait barrier. (389 threads)
[2026-02-05T20:38:07.042+0000][1554.710s][info ][safepoint   ] Safepoint "Cleanup", Time since last: 3000482795 ns, Reaching safepoint: 370419 ns, Cleanup: 10700 ns, At safepoint: 4300 ns, Total: 385419 ns
[2026-02-05T20:38:10.043+0000][1557.710s][debug][safepoint   ] Safepoint synchronization initiated using futex wait barrier. (389 threads)
[2026-02-05T20:38:10.043+0000][1557.710s][info ][safepoint   ] Safepoint "Cleanup", Time since last: 3000541743 ns, Reaching safepoint: 274514 ns, Cleanup: 12101 ns, At safepoint: 4400 ns, Total: 291015 ns
[2026-02-05T20:38:20.883+0000][1568.552s][debug][safepoint   ] Safepoint synchronization initiated using futex wait barrier. (389 threads)
[2026-02-05T20:38:20.884+0000][1568.553s][info ][safepoint   ] Safepoint "Cleanup", Time since last: 10841777362 ns, Reaching safepoint: 500220 ns, Cleanup: 25801 ns, At safepoint: 79303 ns, Total: 605324 ns
[2026-02-05T20:38:21.884+0000][1569.553s][debug][safepoint   ] Safepoint synchronization initiated using futex wait barrier. (389 threads)
[2026-02-05T20:38:21.885+0000][1569.553s][info ][safepoint   ] Safepoint "Cleanup", Time since last: 1000442015 ns, Reaching safepoint: 287111 ns, Cleanup: 17201 ns, At safepoint: 4500 ns, Total: 308812 ns
[2026-02-05T20:38:23.885+0000][1571.554s][debug][safepoint   ] Safepoint synchronization initiated using futex wait barrier. (386 threads)
[2026-02-05T20:38:23.886+0000][1571.554s][info ][safepoint   ] Safepoint "Cleanup", Time since last: 2000458813 ns, Reaching safepoint: 358814 ns, Cleanup: 10001 ns, At safepoint: 3900 ns, Total: 372715 ns
[2026-02-05T20:38:29.066+0000][1576.734s][debug][safepoint   ] Safepoint synchronization initiated using futex wait barrier. (386 threads)
[2026-02-05T20:38:29.066+0000][1576.735s][info ][safepoint   ] Safepoint "Cleanup", Time since last: 5180030279 ns, Reaching safepoint: 410616 ns, Cleanup: 11601 ns, At safepoint: 4500 ns, Total: 426717 ns
[2026-02-05T20:38:33.926+0000][1581.595s][debug][safepoint   ] Safepoint synchronization initiated using futex wait barrier. (386 threads)
[2026-02-05T20:38:33.927+0000][1581.595s][info ][gc,start    ] GC(115) Pause Young (Normal) (G1 Evacuation Pause)
[2026-02-05T20:38:33.927+0000][1581.595s][info ][gc,task     ] GC(115) Using 10 workers of 10 for evacuation
[2026-02-05T20:38:33.930+0000][1581.599s][info ][gc,phases   ] GC(115)   Pre Evacuate Collection Set: 0.3ms
[2026-02-05T20:38:33.931+0000][1581.599s][info ][gc,phases   ] GC(115)   Merge Heap Roots: 0.2ms
[2026-02-05T20:38:33.931+0000][1581.600s][info ][gc,phases   ] GC(115)   Evacuate Collection Set: 1.5ms
[2026-02-05T20:38:33.931+0000][1581.600s][info ][gc,phases   ] GC(115)   Post Evacuate Collection Set: 1.3ms
[2026-02-05T20:38:33.931+0000][1581.600s][info ][gc,phases   ] GC(115)   Other: 0.6ms
[2026-02-05T20:38:33.932+0000][1581.600s][info ][gc,heap     ] GC(115) Eden regions: 92->0(91)
[2026-02-05T20:38:33.932+0000][1581.600s][info ][gc,heap     ] GC(115) Survivor regions: 1->1(12)
[2026-02-05T20:38:33.932+0000][1581.601s][info ][gc,heap     ] GC(115) Old regions: 81->82
[2026-02-05T20:38:33.932+0000][1581.601s][info ][gc,heap     ] GC(115) Archive regions: 2->2
[2026-02-05T20:38:33.932+0000][1581.601s][info ][gc,heap     ] GC(115) Humongous regions: 0->0
[2026-02-05T20:38:33.933+0000][1581.601s][info ][gc,metaspace] GC(115) Metaspace: 196017K(198656K)->196017K(198656K) NonClass: 172372K(173760K)->172372K(173760K) Class: 23644K(24896K)->23644K(24896K)
[2026-02-05T20:38:33.933+0000][1581.602s][info ][gc          ] GC(115) Pause Young (Normal) (G1 Evacuation Pause) 349M->165M(394M) 6.411ms
[2026-02-05T20:38:33.933+0000][1581.602s][info ][gc,cpu      ] GC(115) User=0.01s Sys=0.01s Real=0.01s
[2026-02-05T20:38:33.934+0000][1581.602s][info ][safepoint   ] Safepoint "G1CollectForAllocation", Time since last: 4859920353 ns, Reaching safepoint: 473519 ns, Cleanup: 5601 ns, At safepoint: 7252594 ns, Total: 7731714 ns
[2026-02-05T20:38:37.935+0000][1585.603s][debug][safepoint   ] Safepoint synchronization initiated using futex wait barrier. (386 threads)
[2026-02-05T20:38:37.935+0000][1585.604s][info ][safepoint   ] Safepoint "Cleanup", Time since last: 4000780112 ns, Reaching safepoint: 480419 ns, Cleanup: 12801 ns, At safepoint: 4200 ns, Total: 497420 ns
[2026-02-05T20:38:38.935+0000][1586.604s][debug][safepoint   ] Safepoint synchronization initiated using futex wait barrier. (386 threads)
[2026-02-05T20:38:38.936+0000][1586.604s][info ][safepoint   ] Safepoint "Cleanup", Time since last: 1000324828 ns, Reaching safepoint: 342814 ns, Cleanup: 23201 ns, At safepoint: 5900 ns, Total: 371915 ns
[2026-02-05T20:38:51.936+0000][1599.606s][debug][safepoint   ] Safepoint synchronization initiated using futex wait barrier. (386 threads)
[2026-02-05T20:38:51.937+0000][1599.606s][info ][safepoint   ] Safepoint "Cleanup", Time since last: 13001688522 ns, Reaching safepoint: 258410 ns, Cleanup: 10300 ns, At safepoint: 3900 ns, Total: 272610 ns
[2026-02-05T20:38:52.937+0000][1600.607s][debug][safepoint   ] Safepoint synchronization initiated using futex wait barrier. (386 threads)
[2026-02-05T20:38:52.938+0000][1600.607s][info ][safepoint   ] Safepoint "Cleanup", Time since last: 1000312186 ns, Reaching safepoint: 637725 ns, Cleanup: 12200 ns, At safepoint: 4500 ns, Total: 654425 ns
[2026-02-05T20:38:55.938+0000][1603.608s][debug][safepoint   ] Safepoint synchronization initiated using futex wait barrier. (386 threads)
[2026-02-05T20:38:55.938+0000][1603.608s][info ][safepoint   ] Safepoint "Cleanup", Time since last: 3000457801 ns, Reaching safepoint: 257310 ns, Cleanup: 8001 ns, At safepoint: 49402 ns, Total: 314713 ns
[2026-02-05T20:38:56.939+0000][1604.608s][debug][safepoint   ] Safepoint synchronization initiated using futex wait barrier. (386 threads)
[2026-02-05T20:38:56.939+0000][1604.609s][info ][safepoint   ] Safepoint "Cleanup", Time since last: 1000363775 ns, Reaching safepoint: 298312 ns, Cleanup: 14000 ns, At safepoint: 4900 ns, Total: 317212 ns
[2026-02-05T20:38:58.940+0000][1606.609s][debug][safepoint   ] Safepoint synchronization initiated using futex wait barrier. (386 threads)
[2026-02-05T20:38:58.940+0000][1606.610s][info ][safepoint   ] Safepoint "Cleanup", Time since last: 2000385238 ns, Reaching safepoint: 325812 ns, Cleanup: 14801 ns, At safepoint: 6700 ns, Total: 347313 ns
[2026-02-05T20:39:03.941+0000][1611.610s][debug][safepoint   ] Safepoint synchronization initiated using futex wait barrier. (386 threads)
[2026-02-05T20:39:03.941+0000][1611.611s][info ][safepoint   ] Safepoint "Cleanup", Time since last: 5000744293 ns, Reaching safepoint: 279911 ns, Cleanup: 10901 ns, At safepoint: 4200 ns, Total: 295012 ns
[2026-02-05T20:39:05.941+0000][1613.611s][debug][safepoint   ] Safepoint synchronization initiated using futex wait barrier. (386 threads)
[2026-02-05T20:39:05.942+0000][1613.611s][info ][safepoint   ] Safepoint "Cleanup", Time since last: 2000421097 ns, Reaching safepoint: 305112 ns, Cleanup: 15001 ns, At safepoint: 3900 ns, Total: 324013 ns
[2026-02-05T20:39:06.635+0000][1614.305s][debug][safepoint   ] Safepoint synchronization initiated using futex wait barrier. (386 threads)
[2026-02-05T20:39:06.635+0000][1614.305s][info ][gc,start    ] GC(116) Pause Young (Normal) (G1 Evacuation Pause)
[2026-02-05T20:39:06.636+0000][1614.306s][info ][gc,task     ] GC(116) Using 10 workers of 10 for evacuation
[2026-02-05T20:39:06.641+0000][1614.311s][info ][gc,phases   ] GC(116)   Pre Evacuate Collection Set: 0.6ms
[2026-02-05T20:39:06.641+0000][1614.311s][info ][gc,phases   ] GC(116)   Merge Heap Roots: 0.3ms
[2026-02-05T20:39:06.641+0000][1614.311s][info ][gc,phases   ] GC(116)   Evacuate Collection Set: 1.6ms
[2026-02-05T20:39:06.642+0000][1614.311s][info ][gc,phases   ] GC(116)   Post Evacuate Collection Set: 1.9ms
[2026-02-05T20:39:06.642+0000][1614.311s][info ][gc,phases   ] GC(116)   Other: 1.1ms
[2026-02-05T20:39:06.642+0000][1614.312s][info ][gc,heap     ] GC(116) Eden regions: 91->0(91)
[2026-02-05T20:39:06.642+0000][1614.312s][info ][gc,heap     ] GC(116) Survivor regions: 1->1(12)
[2026-02-05T20:39:06.642+0000][1614.312s][info ][gc,heap     ] GC(116) Old regions: 82->82
[2026-02-05T20:39:06.642+0000][1614.312s][info ][gc,heap     ] GC(116) Archive regions: 2->2
[2026-02-05T20:39:06.643+0000][1614.312s][info ][gc,heap     ] GC(116) Humongous regions: 0->0
[2026-02-05T20:39:06.643+0000][1614.312s][info ][gc,metaspace] GC(116) Metaspace: 196045K(198656K)->196045K(198656K) NonClass: 172400K(173760K)->172400K(173760K) Class: 23644K(24896K)->23644K(24896K)
[2026-02-05T20:39:06.643+0000][1614.313s][info ][gc          ] GC(116) Pause Young (Normal) (G1 Evacuation Pause) 347M->165M(394M) 7.435ms
[2026-02-05T20:39:06.643+0000][1614.313s][info ][gc,cpu      ] GC(116) User=0.02s Sys=0.00s Real=0.01s
[2026-02-05T20:39:06.643+0000][1614.313s][info ][safepoint   ] Safepoint "G1CollectForAllocation", Time since last: 693236610 ns, Reaching safepoint: 473919 ns, Cleanup: 6900 ns, At safepoint: 8061519 ns, Total: 8542338 ns
[2026-02-05T20:39:08.644+0000][1616.314s][debug][safepoint   ] Safepoint synchronization initiated using futex wait barrier. (386 threads)
[2026-02-05T20:39:08.644+0000][1616.314s][info ][safepoint   ] Safepoint "Cleanup", Time since last: 2000438382 ns, Reaching safepoint: 299711 ns, Cleanup: 31902 ns, At safepoint: 6200 ns, Total: 337813 ns
[2026-02-05T20:39:11.645+0000][1619.315s][debug][safepoint   ] Safepoint synchronization initiated using futex wait barrier. (386 threads)
[2026-02-05T20:39:11.645+0000][1619.315s][info ][safepoint   ] Safepoint "Cleanup", Time since last: 3000670998 ns, Reaching safepoint: 306912 ns, Cleanup: 11001 ns, At safepoint: 4900 ns, Total: 322813 ns
[2026-02-05T20:39:17.976+0000][1625.647s][debug][safepoint   ] Safepoint synchronization initiated using futex wait barrier. (386 threads)
[2026-02-05T20:39:17.976+0000][1625.647s][info ][safepoint   ] Safepoint "Cleanup", Time since last: 6331916117 ns, Reaching safepoint: 275611 ns, Cleanup: 10300 ns, At safepoint: 4200 ns, Total: 290111 ns
[2026-02-05T20:39:18.976+0000][1626.647s][debug][safepoint   ] Safepoint synchronization initiated using futex wait barrier. (386 threads)
[2026-02-05T20:39:18.977+0000][1626.648s][info ][safepoint   ] Safepoint "Cleanup", Time since last: 1000267285 ns, Reaching safepoint: 382014 ns, Cleanup: 12601 ns, At safepoint: 4200 ns, Total: 398815 ns
[2026-02-05T20:39:40.079+0000][1647.751s][debug][safepoint   ] Safepoint synchronization initiated using futex wait barrier. (386 threads)
[2026-02-05T20:39:40.080+0000][1647.751s][info ][gc,start    ] GC(117) Pause Young (Normal) (G1 Evacuation Pause)
[2026-02-05T20:39:40.080+0000][1647.752s][info ][gc,task     ] GC(117) Using 10 workers of 10 for evacuation
[2026-02-05T20:39:40.084+0000][1647.755s][info ][gc,phases   ] GC(117)   Pre Evacuate Collection Set: 0.4ms
[2026-02-05T20:39:40.085+0000][1647.756s][info ][gc,phases   ] GC(117)   Merge Heap Roots: 0.2ms
[2026-02-05T20:39:40.085+0000][1647.756s][info ][gc,phases   ] GC(117)   Evacuate Collection Set: 1.3ms
[2026-02-05T20:39:40.085+0000][1647.756s][info ][gc,phases   ] GC(117)   Post Evacuate Collection Set: 1.6ms
[2026-02-05T20:39:40.085+0000][1647.756s][info ][gc,phases   ] GC(117)   Other: 0.6ms
[2026-02-05T20:39:40.085+0000][1647.756s][info ][gc,heap     ] GC(117) Eden regions: 91->0(91)
[2026-02-05T20:39:40.085+0000][1647.756s][info ][gc,heap     ] GC(117) Survivor regions: 1->1(12)
[2026-02-05T20:39:40.085+0000][1647.757s][info ][gc,heap     ] GC(117) Old regions: 82->82
[2026-02-05T20:39:40.086+0000][1647.757s][info ][gc,heap     ] GC(117) Archive regions: 2->2
[2026-02-05T20:39:40.086+0000][1647.757s][info ][gc,heap     ] GC(117) Humongous regions: 0->0
[2026-02-05T20:39:40.086+0000][1647.757s][info ][gc,metaspace] GC(117) Metaspace: 196066K(198656K)->196066K(198656K) NonClass: 172421K(173760K)->172421K(173760K) Class: 23644K(24896K)->23644K(24896K)
[2026-02-05T20:39:40.086+0000][1647.757s][info ][gc          ] GC(117) Pause Young (Normal) (G1 Evacuation Pause) 347M->165M(394M) 5.863ms
[2026-02-05T20:39:40.086+0000][1647.757s][info ][gc,cpu      ] GC(117) User=0.01s Sys=0.01s Real=0.01s
[2026-02-05T20:39:40.087+0000][1647.758s][info ][safepoint   ] Safepoint "G1CollectForAllocation", Time since last: 21102848132 ns, Reaching safepoint: 724329 ns, Cleanup: 5700 ns, At safepoint: 6615964 ns, Total: 7345993 ns
[2026-02-05T20:39:43.088+0000][1650.759s][debug][safepoint   ] Safepoint synchronization initiated using futex wait barrier. (386 threads)
[2026-02-05T20:39:43.088+0000][1650.759s][info ][safepoint   ] Safepoint "Cleanup", Time since last: 3000888030 ns, Reaching safepoint: 365514 ns, Cleanup: 13201 ns, At safepoint: 26001 ns, Total: 404716 ns
[2026-02-05T20:39:44.088+0000][1651.760s][debug][safepoint   ] Safepoint synchronization initiated using futex wait barrier. (386 threads)
[2026-02-05T20:39:44.089+0000][1651.760s][info ][safepoint   ] Safepoint "Cleanup", Time since last: 1000347888 ns, Reaching safepoint: 403716 ns, Cleanup: 12100 ns, At safepoint: 26801 ns, Total: 442617 ns
[2026-02-05T20:39:56.089+0000][1663.762s][debug][safepoint   ] Safepoint synchronization initiated using futex wait barrier. (386 threads)
[2026-02-05T20:39:56.089+0000][1663.762s][info ][safepoint   ] Safepoint "Cleanup", Time since last: 12001548408 ns, Reaching safepoint: 298410 ns, Cleanup: 13100 ns, At safepoint: 4801 ns, Total: 316311 ns
[2026-02-05T20:40:00.090+0000][1667.763s][debug][safepoint   ] Safepoint synchronization initiated using futex wait barrier. (386 threads)
[2026-02-05T20:40:00.090+0000][1667.763s][info ][safepoint   ] Safepoint "Cleanup", Time since last: 4000712137 ns, Reaching safepoint: 294413 ns, Cleanup: 13800 ns, At safepoint: 3901 ns, Total: 312114 ns
[2026-02-05T20:40:03.091+0000][1670.763s][debug][safepoint   ] Safepoint synchronization initiated using futex wait barrier. (386 threads)
[2026-02-05T20:40:03.091+0000][1670.764s][info ][safepoint   ] Safepoint "Cleanup", Time since last: 3000555681 ns, Reaching safepoint: 391517 ns, Cleanup: 20101 ns, At safepoint: 6700 ns, Total: 418318 ns
[2026-02-05T20:40:04.092+0000][1671.764s][debug][safepoint   ] Safepoint synchronization initiated using futex wait barrier. (386 threads)
[2026-02-05T20:40:04.092+0000][1671.765s][info ][safepoint   ] Safepoint "Cleanup", Time since last: 1000362902 ns, Reaching safepoint: 529923 ns, Cleanup: 14701 ns, At safepoint: 25101 ns, Total: 569725 ns
[2026-02-05T20:40:07.093+0000][1674.765s][debug][safepoint   ] Safepoint synchronization initiated using futex wait barrier. (386 threads)
[2026-02-05T20:40:07.093+0000][1674.766s][info ][safepoint   ] Safepoint "Cleanup", Time since last: 3000594972 ns, Reaching safepoint: 355315 ns, Cleanup: 11701 ns, At safepoint: 5500 ns, Total: 372516 ns
[2026-02-05T20:40:11.266+0000][1678.938s][debug][safepoint   ] Safepoint synchronization initiated using futex wait barrier. (386 threads)
[2026-02-05T20:40:11.266+0000][1678.939s][info ][gc,start    ] GC(118) Pause Young (Normal) (G1 Evacuation Pause)
[2026-02-05T20:40:11.267+0000][1678.939s][info ][gc,task     ] GC(118) Using 10 workers of 10 for evacuation
[2026-02-05T20:40:11.271+0000][1678.943s][info ][gc,phases   ] GC(118)   Pre Evacuate Collection Set: 0.3ms
[2026-02-05T20:40:11.271+0000][1678.943s][info ][gc,phases   ] GC(118)   Merge Heap Roots: 0.2ms
[2026-02-05T20:40:11.271+0000][1678.944s][info ][gc,phases   ] GC(118)   Evacuate Collection Set: 1.4ms
[2026-02-05T20:40:11.271+0000][1678.944s][info ][gc,phases   ] GC(118)   Post Evacuate Collection Set: 1.9ms
[2026-02-05T20:40:11.271+0000][1678.944s][info ][gc,phases   ] GC(118)   Other: 0.5ms
[2026-02-05T20:40:11.272+0000][1678.944s][info ][gc,heap     ] GC(118) Eden regions: 91->0(91)
[2026-02-05T20:40:11.272+0000][1678.944s][info ][gc,heap     ] GC(118) Survivor regions: 1->1(12)
[2026-02-05T20:40:11.272+0000][1678.944s][info ][gc,heap     ] GC(118) Old regions: 82->82
[2026-02-05T20:40:11.272+0000][1678.945s][info ][gc,heap     ] GC(118) Archive regions: 2->2
[2026-02-05T20:40:11.272+0000][1678.945s][info ][gc,heap     ] GC(118) Humongous regions: 0->0
[2026-02-05T20:40:11.272+0000][1678.945s][info ][gc,metaspace] GC(118) Metaspace: 196067K(198656K)->196067K(198656K) NonClass: 172422K(173760K)->172422K(173760K) Class: 23644K(24896K)->23644K(24896K)
[2026-02-05T20:40:11.272+0000][1678.945s][info ][gc          ] GC(118) Pause Young (Normal) (G1 Evacuation Pause) 347M->165M(394M) 6.153ms
[2026-02-05T20:40:11.273+0000][1678.945s][info ][gc,cpu      ] GC(118) User=0.02s Sys=0.01s Real=0.01s
[2026-02-05T20:40:11.273+0000][1678.946s][info ][safepoint   ] Safepoint "G1CollectForAllocation", Time since last: 4172694973 ns, Reaching safepoint: 368616 ns, Cleanup: 10200 ns, At safepoint: 6820296 ns, Total: 7199112 ns
[2026-02-05T20:40:14.274+0000][1681.947s][debug][safepoint   ] Safepoint synchronization initiated using futex wait barrier. (386 threads)
[2026-02-05T20:40:14.275+0000][1681.947s][info ][safepoint   ] Safepoint "Cleanup", Time since last: 3001106812 ns, Reaching safepoint: 331113 ns, Cleanup: 36702 ns, At safepoint: 10600 ns, Total: 378415 ns
[2026-02-05T20:40:20.056+0000][1687.730s][debug][safepoint   ] Safepoint synchronization initiated using futex wait barrier. (386 threads)
[2026-02-05T20:40:20.056+0000][1687.731s][info ][safepoint   ] Safepoint "Cleanup", Time since last: 5783279622 ns, Reaching safepoint: 373615 ns, Cleanup: 15100 ns, At safepoint: 5500 ns, Total: 394215 ns
[2026-02-05T20:40:22.057+0000][1689.731s][debug][safepoint   ] Safepoint synchronization initiated using futex wait barrier. (386 threads)
[2026-02-05T20:40:22.057+0000][1689.732s][info ][safepoint   ] Safepoint "Cleanup", Time since last: 2000537606 ns, Reaching safepoint: 264210 ns, Cleanup: 9901 ns, At safepoint: 3700 ns, Total: 277811 ns
[2026-02-05T20:40:23.058+0000][1690.732s][debug][safepoint   ] Safepoint synchronization initiated using futex wait barrier. (386 threads)
[2026-02-05T20:40:23.058+0000][1690.732s][info ][safepoint   ] Safepoint "Cleanup", Time since last: 1000309510 ns, Reaching safepoint: 349514 ns, Cleanup: 13900 ns, At safepoint: 4800 ns, Total: 368214 ns
[2026-02-05T20:40:34.059+0000][1701.734s][debug][safepoint   ] Safepoint synchronization initiated using futex wait barrier. (386 threads)
[2026-02-05T20:40:34.061+0000][1701.735s][info ][safepoint   ] Safepoint "Cleanup", Time since last: 11001386976 ns, Reaching safepoint: 1338553 ns, Cleanup: 14301 ns, At safepoint: 6300 ns, Total: 1359154 ns
[2026-02-05T20:40:44.320+0000][1711.994s][debug][safepoint   ] Safepoint synchronization initiated using futex wait barrier. (386 threads)
[2026-02-05T20:40:44.321+0000][1711.995s][info ][gc,start    ] GC(119) Pause Young (Normal) (G1 Evacuation Pause)
[2026-02-05T20:40:44.321+0000][1711.996s][info ][gc,task     ] GC(119) Using 10 workers of 10 for evacuation
[2026-02-05T20:40:44.326+0000][1712.000s][info ][gc,phases   ] GC(119)   Pre Evacuate Collection Set: 0.3ms
[2026-02-05T20:40:44.326+0000][1712.000s][info ][gc,phases   ] GC(119)   Merge Heap Roots: 0.2ms
[2026-02-05T20:40:44.326+0000][1712.001s][info ][gc,phases   ] GC(119)   Evacuate Collection Set: 1.7ms
[2026-02-05T20:40:44.326+0000][1712.001s][info ][gc,phases   ] GC(119)   Post Evacuate Collection Set: 1.7ms
[2026-02-05T20:40:44.327+0000][1712.001s][info ][gc,phases   ] GC(119)   Other: 0.7ms
[2026-02-05T20:40:44.327+0000][1712.001s][info ][gc,heap     ] GC(119) Eden regions: 91->0(91)
[2026-02-05T20:40:44.327+0000][1712.001s][info ][gc,heap     ] GC(119) Survivor regions: 1->1(12)
[2026-02-05T20:40:44.327+0000][1712.002s][info ][gc,heap     ] GC(119) Old regions: 82->82
[2026-02-05T20:40:44.328+0000][1712.002s][info ][gc,heap     ] GC(119) Archive regions: 2->2
[2026-02-05T20:40:44.328+0000][1712.002s][info ][gc,heap     ] GC(119) Humongous regions: 0->0
[2026-02-05T20:40:44.328+0000][1712.002s][info ][gc,metaspace] GC(119) Metaspace: 196067K(198656K)->196067K(198656K) NonClass: 172423K(173760K)->172423K(173760K) Class: 23644K(24896K)->23644K(24896K)
[2026-02-05T20:40:44.328+0000][1712.003s][info ][gc          ] GC(119) Pause Young (Normal) (G1 Evacuation Pause) 347M->165M(394M) 7.409ms
[2026-02-05T20:40:44.329+0000][1712.003s][info ][gc,cpu      ] GC(119) User=0.00s Sys=0.01s Real=0.01s
[2026-02-05T20:40:44.329+0000][1712.003s][info ][safepoint   ] Safepoint "G1CollectForAllocation", Time since last: 10259083805 ns, Reaching safepoint: 1102244 ns, Cleanup: 5800 ns, At safepoint: 8060522 ns, Total: 9168566 ns
[2026-02-05T20:40:45.329+0000][1713.004s][debug][safepoint   ] Safepoint synchronization initiated using futex wait barrier. (386 threads)
[2026-02-05T20:40:45.330+0000][1713.005s][info ][safepoint   ] Safepoint "Cleanup", Time since last: 1000366981 ns, Reaching safepoint: 1146945 ns, Cleanup: 17901 ns, At safepoint: 7600 ns, Total: 1172446 ns
[2026-02-05T20:40:46.331+0000][1714.005s][debug][safepoint   ] Safepoint synchronization initiated using futex wait barrier. (386 threads)
[2026-02-05T20:40:46.331+0000][1714.006s][info ][safepoint   ] Safepoint "Cleanup", Time since last: 1000619886 ns, Reaching safepoint: 344713 ns, Cleanup: 32602 ns, At safepoint: 6800 ns, Total: 384115 ns
[2026-02-05T20:40:47.331+0000][1715.006s][debug][safepoint   ] Safepoint synchronization initiated using futex wait barrier. (386 threads)
[2026-02-05T20:40:47.331+0000][1715.006s][info ][safepoint   ] Safepoint "Cleanup", Time since last: 1000328673 ns, Reaching safepoint: 289111 ns, Cleanup: 16801 ns, At safepoint: 4200 ns, Total: 310112 ns
[2026-02-05T20:41:17.482+0000][1745.158s][debug][safepoint   ] Safepoint synchronization initiated using futex wait barrier. (386 threads)
[2026-02-05T20:41:17.483+0000][1745.159s][info ][gc,start    ] GC(120) Pause Young (Normal) (G1 Evacuation Pause)
[2026-02-05T20:41:17.483+0000][1745.160s][info ][gc,task     ] GC(120) Using 10 workers of 10 for evacuation
[2026-02-05T20:41:17.487+0000][1745.163s][info ][gc,phases   ] GC(120)   Pre Evacuate Collection Set: 0.3ms
[2026-02-05T20:41:17.487+0000][1745.164s][info ][gc,phases   ] GC(120)   Merge Heap Roots: 0.2ms
[2026-02-05T20:41:17.487+0000][1745.164s][info ][gc,phases   ] GC(120)   Evacuate Collection Set: 1.6ms
[2026-02-05T20:41:17.487+0000][1745.164s][info ][gc,phases   ] GC(120)   Post Evacuate Collection Set: 1.3ms
[2026-02-05T20:41:17.487+0000][1745.164s][info ][gc,phases   ] GC(120)   Other: 0.8ms
[2026-02-05T20:41:17.488+0000][1745.164s][info ][gc,heap     ] GC(120) Eden regions: 91->0(91)
[2026-02-05T20:41:17.488+0000][1745.164s][info ][gc,heap     ] GC(120) Survivor regions: 1->1(12)
[2026-02-05T20:41:17.488+0000][1745.165s][info ][gc,heap     ] GC(120) Old regions: 82->82
[2026-02-05T20:41:17.488+0000][1745.165s][info ][gc,heap     ] GC(120) Archive regions: 2->2
[2026-02-05T20:41:17.488+0000][1745.165s][info ][gc,heap     ] GC(120) Humongous regions: 0->0
[2026-02-05T20:41:17.488+0000][1745.165s][info ][gc,metaspace] GC(120) Metaspace: 196097K(198720K)->196097K(198720K) NonClass: 172452K(173824K)->172452K(173824K) Class: 23644K(24896K)->23644K(24896K)
[2026-02-05T20:41:17.489+0000][1745.165s][info ][gc          ] GC(120) Pause Young (Normal) (G1 Evacuation Pause) 347M->165M(394M) 5.972ms
[2026-02-05T20:41:17.489+0000][1745.165s][info ][gc,cpu      ] GC(120) User=0.01s Sys=0.01s Real=0.01s
[2026-02-05T20:41:17.489+0000][1745.166s][info ][safepoint   ] Safepoint "G1CollectForAllocation", Time since last: 30151870127 ns, Reaching safepoint: 755029 ns, Cleanup: 27701 ns, At safepoint: 6621560 ns, Total: 7404290 ns
[2026-02-05T20:41:20.490+0000][1748.167s][debug][safepoint   ] Safepoint synchronization initiated using futex wait barrier. (386 threads)
[2026-02-05T20:41:20.491+0000][1748.168s][info ][safepoint   ] Safepoint "Cleanup", Time since last: 3001214318 ns, Reaching safepoint: 791331 ns, Cleanup: 24701 ns, At safepoint: 4100 ns, Total: 820132 ns
[2026-02-05T20:41:21.491+0000][1749.168s][debug][safepoint   ] Safepoint synchronization initiated using futex wait barrier. (386 threads)
[2026-02-05T20:41:21.492+0000][1749.169s][info ][safepoint   ] Safepoint "Cleanup", Time since last: 1000314869 ns, Reaching safepoint: 390315 ns, Cleanup: 13600 ns, At safepoint: 47402 ns, Total: 451317 ns
[2026-02-05T20:41:33.494+0000][1761.170s][debug][safepoint   ] Safepoint synchronization initiated using futex wait barrier. (386 threads)
[2026-02-05T20:41:33.494+0000][1761.171s][info ][safepoint   ] Safepoint "Cleanup", Time since last: 12001909294 ns, Reaching safepoint: 590524 ns, Cleanup: 38102 ns, At safepoint: 35401 ns, Total: 664027 ns
[2026-02-05T20:41:36.495+0000][1764.172s][debug][safepoint   ] Safepoint synchronization initiated using futex wait barrier. (386 threads)
[2026-02-05T20:41:36.495+0000][1764.172s][info ][safepoint   ] Safepoint "Cleanup", Time since last: 3000750763 ns, Reaching safepoint: 258110 ns, Cleanup: 10301 ns, At safepoint: 4200 ns, Total: 272611 ns
[2026-02-05T20:41:38.496+0000][1766.172s][debug][safepoint   ] Safepoint synchronization initiated using futex wait barrier. (386 threads)
[2026-02-05T20:41:38.496+0000][1766.173s][info ][safepoint   ] Safepoint "Cleanup", Time since last: 2000338968 ns, Reaching safepoint: 259311 ns, Cleanup: 11000 ns, At safepoint: 4100 ns, Total: 274411 ns
[2026-02-05T20:41:41.497+0000][1769.173s][debug][safepoint   ] Safepoint synchronization initiated using futex wait barrier. (386 threads)
[2026-02-05T20:41:41.497+0000][1769.174s][info ][safepoint   ] Safepoint "Cleanup", Time since last: 3000579519 ns, Reaching safepoint: 487619 ns, Cleanup: 27001 ns, At safepoint: 12001 ns, Total: 526621 ns
[2026-02-05T20:41:45.498+0000][1773.175s][debug][safepoint   ] Safepoint synchronization initiated using futex wait barrier. (388 threads)
[2026-02-05T20:41:45.498+0000][1773.175s][info ][safepoint   ] Safepoint "Cleanup", Time since last: 4000654309 ns, Reaching safepoint: 297511 ns, Cleanup: 70003 ns, At safepoint: 52002 ns, Total: 419516 ns
[2026-02-05T20:41:46.499+0000][1774.175s][debug][safepoint   ] Safepoint synchronization initiated using futex wait barrier. (388 threads)
[2026-02-05T20:41:46.499+0000][1774.176s][info ][safepoint   ] Safepoint "Cleanup", Time since last: 1000301483 ns, Reaching safepoint: 547122 ns, Cleanup: 14700 ns, At safepoint: 6901 ns, Total: 568723 ns
[2026-02-05T20:41:47.498+0000][1775.176s][debug][safepoint   ] Safepoint synchronization initiated using futex wait barrier. (388 threads)
[2026-02-05T20:41:47.499+0000][1775.177s][info ][safepoint   ] Safepoint "Cleanup", Time since last: 1000382385 ns, Reaching safepoint: 594824 ns, Cleanup: 22200 ns, At safepoint: 13701 ns, Total: 630725 ns
[2026-02-05T20:41:48.638+0000][1776.316s][debug][safepoint   ] Safepoint synchronization initiated using futex wait barrier. (388 threads)
[2026-02-05T20:41:48.639+0000][1776.317s][info ][gc,start    ] GC(121) Pause Young (Normal) (G1 Evacuation Pause)
[2026-02-05T20:41:48.639+0000][1776.317s][info ][gc,task     ] GC(121) Using 10 workers of 10 for evacuation
[2026-02-05T20:41:48.643+0000][1776.321s][info ][gc,phases   ] GC(121)   Pre Evacuate Collection Set: 0.3ms
[2026-02-05T20:41:48.643+0000][1776.322s][info ][gc,phases   ] GC(121)   Merge Heap Roots: 0.2ms
[2026-02-05T20:41:48.644+0000][1776.322s][info ][gc,phases   ] GC(121)   Evacuate Collection Set: 1.4ms
[2026-02-05T20:41:48.644+0000][1776.322s][info ][gc,phases   ] GC(121)   Post Evacuate Collection Set: 1.6ms
[2026-02-05T20:41:48.644+0000][1776.322s][info ][gc,phases   ] GC(121)   Other: 1.2ms
[2026-02-05T20:41:48.644+0000][1776.322s][info ][gc,heap     ] GC(121) Eden regions: 91->0(91)
[2026-02-05T20:41:48.644+0000][1776.322s][info ][gc,heap     ] GC(121) Survivor regions: 1->1(12)
[2026-02-05T20:41:48.644+0000][1776.323s][info ][gc,heap     ] GC(121) Old regions: 82->82
[2026-02-05T20:41:48.645+0000][1776.323s][info ][gc,heap     ] GC(121) Archive regions: 2->2
[2026-02-05T20:41:48.645+0000][1776.323s][info ][gc,heap     ] GC(121) Humongous regions: 0->0
[2026-02-05T20:41:48.645+0000][1776.323s][info ][gc,metaspace] GC(121) Metaspace: 196142K(198720K)->196142K(198720K) NonClass: 172497K(173824K)->172497K(173824K) Class: 23645K(24896K)->23645K(24896K)
[2026-02-05T20:41:48.645+0000][1776.323s][info ][gc          ] GC(121) Pause Young (Normal) (G1 Evacuation Pause) 347M->165M(394M) 6.430ms
[2026-02-05T20:41:48.645+0000][1776.323s][info ][gc,cpu      ] GC(121) User=0.01s Sys=0.02s Real=0.01s
[2026-02-05T20:41:48.646+0000][1776.324s][info ][safepoint   ] Safepoint "G1CollectForAllocation", Time since last: 1139368553 ns, Reaching safepoint: 469418 ns, Cleanup: 6600 ns, At safepoint: 7353181 ns, Total: 7829199 ns
[2026-02-05T20:41:55.614+0000][1783.292s][debug][safepoint   ] Safepoint synchronization initiated using futex wait barrier. (388 threads)
[2026-02-05T20:41:55.614+0000][1783.292s][info ][safepoint   ] Safepoint "Cleanup", Time since last: 6967763073 ns, Reaching safepoint: 309112 ns, Cleanup: 43902 ns, At safepoint: 6900 ns, Total: 359914 ns
[2026-02-05T20:41:58.614+0000][1786.293s][debug][safepoint   ] Safepoint synchronization initiated using futex wait barrier. (388 threads)
[2026-02-05T20:41:58.615+0000][1786.293s][info ][safepoint   ] Safepoint "Cleanup", Time since last: 3000449327 ns, Reaching safepoint: 335215 ns, Cleanup: 18100 ns, At safepoint: 5701 ns, Total: 359016 ns
[2026-02-05T20:42:09.616+0000][1797.294s][debug][safepoint   ] Safepoint synchronization initiated using futex wait barrier. (388 threads)
[2026-02-05T20:42:09.617+0000][1797.295s][info ][safepoint   ] Safepoint "Cleanup", Time since last: 11001380825 ns, Reaching safepoint: 286613 ns, Cleanup: 13400 ns, At safepoint: 24602 ns, Total: 324615 ns
[2026-02-05T20:42:20.233+0000][1807.913s][debug][safepoint   ] Safepoint synchronization initiated using futex wait barrier. (388 threads)
[2026-02-05T20:42:20.234+0000][1807.913s][info ][safepoint   ] Safepoint "Cleanup", Time since last: 10618056526 ns, Reaching safepoint: 412517 ns, Cleanup: 33001 ns, At safepoint: 4300 ns, Total: 449818 ns
[2026-02-05T20:42:21.830+0000][1809.509s][debug][safepoint   ] Safepoint synchronization initiated using futex wait barrier. (388 threads)
[2026-02-05T20:42:21.830+0000][1809.510s][info ][gc,start    ] GC(122) Pause Young (Normal) (G1 Evacuation Pause)
[2026-02-05T20:42:21.830+0000][1809.510s][info ][gc,task     ] GC(122) Using 10 workers of 10 for evacuation
[2026-02-05T20:42:21.835+0000][1809.515s][info ][gc,phases   ] GC(122)   Pre Evacuate Collection Set: 0.5ms
[2026-02-05T20:42:21.835+0000][1809.515s][info ][gc,phases   ] GC(122)   Merge Heap Roots: 0.2ms
[2026-02-05T20:42:21.836+0000][1809.515s][info ][gc,phases   ] GC(122)   Evacuate Collection Set: 1.8ms
[2026-02-05T20:42:21.836+0000][1809.515s][info ][gc,phases   ] GC(122)   Post Evacuate Collection Set: 1.7ms
[2026-02-05T20:42:21.836+0000][1809.516s][info ][gc,phases   ] GC(122)   Other: 0.9ms
[2026-02-05T20:42:21.836+0000][1809.516s][info ][gc,heap     ] GC(122) Eden regions: 91->0(91)
[2026-02-05T20:42:21.836+0000][1809.516s][info ][gc,heap     ] GC(122) Survivor regions: 1->1(12)
[2026-02-05T20:42:21.837+0000][1809.516s][info ][gc,heap     ] GC(122) Old regions: 82->82
[2026-02-05T20:42:21.837+0000][1809.516s][info ][gc,heap     ] GC(122) Archive regions: 2->2
[2026-02-05T20:42:21.837+0000][1809.517s][info ][gc,heap     ] GC(122) Humongous regions: 0->0
[2026-02-05T20:42:21.837+0000][1809.517s][info ][gc,metaspace] GC(122) Metaspace: 196156K(198720K)->196156K(198720K) NonClass: 172510K(173824K)->172510K(173824K) Class: 23645K(24896K)->23645K(24896K)
[2026-02-05T20:42:21.837+0000][1809.517s][info ][gc          ] GC(122) Pause Young (Normal) (G1 Evacuation Pause) 347M->166M(394M) 7.410ms
[2026-02-05T20:42:21.838+0000][1809.517s][info ][gc,cpu      ] GC(122) User=0.02s Sys=0.00s Real=0.01s
[2026-02-05T20:42:21.839+0000][1809.518s][info ][safepoint   ] Safepoint "G1CollectForAllocation", Time since last: 1595831044 ns, Reaching safepoint: 412716 ns, Cleanup: 16801 ns, At safepoint: 8637941 ns, Total: 9067458 ns
[2026-02-05T20:42:23.839+0000][1811.519s][debug][safepoint   ] Safepoint synchronization initiated using futex wait barrier. (388 threads)
[2026-02-05T20:42:23.839+0000][1811.519s][info ][safepoint   ] Safepoint "Cleanup", Time since last: 2000509715 ns, Reaching safepoint: 299111 ns, Cleanup: 36802 ns, At safepoint: 13000 ns, Total: 348913 ns
[2026-02-05T20:42:24.840+0000][1812.519s][debug][safepoint   ] Safepoint synchronization initiated using futex wait barrier. (388 threads)
[2026-02-05T20:42:24.840+0000][1812.520s][info ][safepoint   ] Safepoint "Cleanup", Time since last: 1000308660 ns, Reaching safepoint: 270311 ns, Cleanup: 10900 ns, At safepoint: 4100 ns, Total: 285311 ns
[2026-02-05T20:42:26.840+0000][1814.520s][debug][safepoint   ] Safepoint synchronization initiated using futex wait barrier. (387 threads)
[2026-02-05T20:42:26.841+0000][1814.520s][info ][safepoint   ] Safepoint "Cleanup", Time since last: 2000402311 ns, Reaching safepoint: 260410 ns, Cleanup: 9600 ns, At safepoint: 3801 ns, Total: 273811 ns
[2026-02-05T20:42:27.841+0000][1815.520s][debug][safepoint   ] Safepoint synchronization initiated using futex wait barrier. (388 threads)
[2026-02-05T20:42:27.841+0000][1815.521s][info ][safepoint   ] Safepoint "Cleanup", Time since last: 1000271058 ns, Reaching safepoint: 451117 ns, Cleanup: 17401 ns, At safepoint: 30301 ns, Total: 498819 ns
[2026-02-05T20:42:28.842+0000][1816.521s][debug][safepoint   ] Safepoint synchronization initiated using futex wait barrier. (388 threads)
[2026-02-05T20:42:28.842+0000][1816.522s][info ][safepoint   ] Safepoint "Cleanup", Time since last: 1000374133 ns, Reaching safepoint: 339913 ns, Cleanup: 12701 ns, At safepoint: 4500 ns, Total: 357114 ns
[2026-02-05T20:42:37.843+0000][1825.523s][debug][safepoint   ] Safepoint synchronization initiated using futex wait barrier. (386 threads)
[2026-02-05T20:42:37.844+0000][1825.523s][info ][safepoint   ] Safepoint "Cleanup", Time since last: 9001210158 ns, Reaching safepoint: 278611 ns, Cleanup: 11200 ns, At safepoint: 4000 ns, Total: 293811 ns
[2026-02-05T20:42:38.844+0000][1826.524s][debug][safepoint   ] Safepoint synchronization initiated using futex wait barrier. (386 threads)
[2026-02-05T20:42:38.845+0000][1826.524s][info ][safepoint   ] Safepoint "Cleanup", Time since last: 1000387120 ns, Reaching safepoint: 420216 ns, Cleanup: 19101 ns, At safepoint: 10900 ns, Total: 450217 ns
[2026-02-05T20:42:54.508+0000][1842.189s][debug][safepoint   ] Safepoint synchronization initiated using futex wait barrier. (386 threads)
[2026-02-05T20:42:54.509+0000][1842.190s][info ][gc,start    ] GC(123) Pause Young (Normal) (G1 Evacuation Pause)
[2026-02-05T20:42:54.509+0000][1842.190s][info ][gc,task     ] GC(123) Using 10 workers of 10 for evacuation
[2026-02-05T20:42:54.514+0000][1842.195s][info ][gc,phases   ] GC(123)   Pre Evacuate Collection Set: 0.4ms
[2026-02-05T20:42:54.514+0000][1842.195s][info ][gc,phases   ] GC(123)   Merge Heap Roots: 0.2ms
[2026-02-05T20:42:54.514+0000][1842.195s][info ][gc,phases   ] GC(123)   Evacuate Collection Set: 1.7ms
[2026-02-05T20:42:54.514+0000][1842.195s][info ][gc,phases   ] GC(123)   Post Evacuate Collection Set: 1.9ms
[2026-02-05T20:42:54.515+0000][1842.196s][info ][gc,phases   ] GC(123)   Other: 0.8ms
[2026-02-05T20:42:54.515+0000][1842.196s][info ][gc,heap     ] GC(123) Eden regions: 91->0(91)
[2026-02-05T20:42:54.515+0000][1842.196s][info ][gc,heap     ] GC(123) Survivor regions: 1->1(12)
[2026-02-05T20:42:54.515+0000][1842.196s][info ][gc,heap     ] GC(123) Old regions: 82->82
[2026-02-05T20:42:54.515+0000][1842.196s][info ][gc,heap     ] GC(123) Archive regions: 2->2
[2026-02-05T20:42:54.515+0000][1842.196s][info ][gc,heap     ] GC(123) Humongous regions: 0->0
[2026-02-05T20:42:54.516+0000][1842.196s][info ][gc,metaspace] GC(123) Metaspace: 196171K(198784K)->196171K(198784K) NonClass: 172526K(173888K)->172526K(173888K) Class: 23645K(24896K)->23645K(24896K)
[2026-02-05T20:42:54.516+0000][1842.197s][info ][gc          ] GC(123) Pause Young (Normal) (G1 Evacuation Pause) 348M->166M(394M) 7.069ms
[2026-02-05T20:42:54.516+0000][1842.197s][info ][gc,cpu      ] GC(123) User=0.03s Sys=0.00s Real=0.01s
[2026-02-05T20:42:54.516+0000][1842.197s][info ][safepoint   ] Safepoint "G1CollectForAllocation", Time since last: 15665058666 ns, Reaching safepoint: 430317 ns, Cleanup: 27402 ns, At safepoint: 7730706 ns, Total: 8188425 ns
[2026-02-05T20:42:55.517+0000][1843.198s][debug][safepoint   ] Safepoint synchronization initiated using futex wait barrier. (386 threads)
[2026-02-05T20:42:55.517+0000][1843.198s][info ][safepoint   ] Safepoint "Cleanup", Time since last: 1000410718 ns, Reaching safepoint: 552922 ns, Cleanup: 13300 ns, At safepoint: 81303 ns, Total: 647525 ns
[2026-02-05T20:43:02.519+0000][1850.200s][debug][safepoint   ] Safepoint synchronization initiated using futex wait barrier. (386 threads)
[2026-02-05T20:43:02.520+0000][1850.201s][info ][safepoint   ] Safepoint "Cleanup", Time since last: 7001992842 ns, Reaching safepoint: 289111 ns, Cleanup: 11601 ns, At safepoint: 4300 ns, Total: 305012 ns
[2026-02-05T20:43:05.520+0000][1853.201s][debug][safepoint   ] Safepoint synchronization initiated using futex wait barrier. (386 threads)
[2026-02-05T20:43:05.521+0000][1853.201s][info ][safepoint   ] Safepoint "Cleanup", Time since last: 3000451256 ns, Reaching safepoint: 306812 ns, Cleanup: 14901 ns, At safepoint: 21300 ns, Total: 343013 ns
[2026-02-05T20:43:26.151+0000][1873.833s][debug][safepoint   ] Safepoint synchronization initiated using futex wait barrier. (386 threads)
[2026-02-05T20:43:26.151+0000][1873.833s][info ][gc,start    ] GC(124) Pause Young (Normal) (G1 Evacuation Pause)
[2026-02-05T20:43:26.151+0000][1873.833s][info ][gc,task     ] GC(124) Using 10 workers of 10 for evacuation
[2026-02-05T20:43:26.155+0000][1873.837s][info ][gc,phases   ] GC(124)   Pre Evacuate Collection Set: 0.4ms
[2026-02-05T20:43:26.156+0000][1873.838s][info ][gc,phases   ] GC(124)   Merge Heap Roots: 0.2ms
[2026-02-05T20:43:26.156+0000][1873.838s][info ][gc,phases   ] GC(124)   Evacuate Collection Set: 1.7ms
[2026-02-05T20:43:26.156+0000][1873.838s][info ][gc,phases   ] GC(124)   Post Evacuate Collection Set: 1.4ms
[2026-02-05T20:43:26.157+0000][1873.839s][info ][gc,phases   ] GC(124)   Other: 0.5ms
[2026-02-05T20:43:26.157+0000][1873.839s][info ][gc,heap     ] GC(124) Eden regions: 91->0(91)
[2026-02-05T20:43:26.157+0000][1873.839s][info ][gc,heap     ] GC(124) Survivor regions: 1->1(12)
[2026-02-05T20:43:26.157+0000][1873.839s][info ][gc,heap     ] GC(124) Old regions: 82->82
[2026-02-05T20:43:26.158+0000][1873.840s][info ][gc,heap     ] GC(124) Archive regions: 2->2
[2026-02-05T20:43:26.158+0000][1873.840s][info ][gc,heap     ] GC(124) Humongous regions: 0->0
[2026-02-05T20:43:26.158+0000][1873.840s][info ][gc,metaspace] GC(124) Metaspace: 196173K(198784K)->196173K(198784K) NonClass: 172527K(173888K)->172527K(173888K) Class: 23645K(24896K)->23645K(24896K)
[2026-02-05T20:43:26.158+0000][1873.840s][info ][gc          ] GC(124) Pause Young (Normal) (G1 Evacuation Pause) 348M->166M(394M) 7.026ms
[2026-02-05T20:43:26.158+0000][1873.840s][info ][gc,cpu      ] GC(124) User=0.00s Sys=0.01s Real=0.01s
[2026-02-05T20:43:26.159+0000][1873.841s][info ][safepoint   ] Safepoint "G1CollectForAllocation", Time since last: 20631270406 ns, Reaching safepoint: 398416 ns, Cleanup: 22601 ns, At safepoint: 7952316 ns, Total: 8373333 ns
[2026-02-05T20:43:29.161+0000][1876.843s][debug][safepoint   ] Safepoint synchronization initiated using futex wait barrier. (386 threads)
[2026-02-05T20:43:29.161+0000][1876.843s][info ][safepoint   ] Safepoint "Cleanup", Time since last: 3001646888 ns, Reaching safepoint: 378515 ns, Cleanup: 37002 ns, At safepoint: 29401 ns, Total: 444918 ns
[2026-02-05T20:43:47.162+0000][1894.846s][debug][safepoint   ] Safepoint synchronization initiated using futex wait barrier. (386 threads)
[2026-02-05T20:43:47.163+0000][1894.846s][info ][safepoint   ] Safepoint "Cleanup", Time since last: 18002368381 ns, Reaching safepoint: 739429 ns, Cleanup: 80704 ns, At safepoint: 59102 ns, Total: 879235 ns
[2026-02-05T20:43:51.163+0000][1898.847s][debug][safepoint   ] Safepoint synchronization initiated using futex wait barrier. (386 threads)
[2026-02-05T20:43:51.164+0000][1898.848s][info ][safepoint   ] Safepoint "Cleanup", Time since last: 4000720061 ns, Reaching safepoint: 446417 ns, Cleanup: 12201 ns, At safepoint: 5800 ns, Total: 464418 ns
[2026-02-05T20:43:56.167+0000][1903.851s][debug][safepoint   ] Safepoint synchronization initiated using futex wait barrier. (386 threads)
[2026-02-05T20:43:56.167+0000][1903.851s][info ][safepoint   ] Safepoint "Cleanup", Time since last: 5002927079 ns, Reaching safepoint: 321913 ns, Cleanup: 13201 ns, At safepoint: 4500 ns, Total: 339614 ns
[2026-02-05T20:43:59.715+0000][1907.399s][debug][safepoint   ] Safepoint synchronization initiated using futex wait barrier. (386 threads)
[2026-02-05T20:43:59.716+0000][1907.400s][info ][gc,start    ] GC(125) Pause Young (Normal) (G1 Evacuation Pause)
[2026-02-05T20:43:59.717+0000][1907.400s][info ][gc,task     ] GC(125) Using 10 workers of 10 for evacuation
[2026-02-05T20:43:59.724+0000][1907.407s][info ][gc,phases   ] GC(125)   Pre Evacuate Collection Set: 0.6ms
[2026-02-05T20:43:59.724+0000][1907.408s][info ][gc,phases   ] GC(125)   Merge Heap Roots: 0.2ms
[2026-02-05T20:43:59.724+0000][1907.408s][info ][gc,phases   ] GC(125)   Evacuate Collection Set: 3.4ms
[2026-02-05T20:43:59.725+0000][1907.408s][info ][gc,phases   ] GC(125)   Post Evacuate Collection Set: 2.2ms
[2026-02-05T20:43:59.725+0000][1907.409s][info ][gc,phases   ] GC(125)   Other: 0.9ms
[2026-02-05T20:43:59.725+0000][1907.409s][info ][gc,heap     ] GC(125) Eden regions: 91->0(91)
[2026-02-05T20:43:59.725+0000][1907.409s][info ][gc,heap     ] GC(125) Survivor regions: 1->1(12)
[2026-02-05T20:43:59.726+0000][1907.409s][info ][gc,heap     ] GC(125) Old regions: 82->82
[2026-02-05T20:43:59.726+0000][1907.409s][info ][gc,heap     ] GC(125) Archive regions: 2->2
[2026-02-05T20:43:59.726+0000][1907.410s][info ][gc,heap     ] GC(125) Humongous regions: 0->0
[2026-02-05T20:43:59.726+0000][1907.410s][info ][gc,metaspace] GC(125) Metaspace: 196174K(198784K)->196174K(198784K) NonClass: 172529K(173888K)->172529K(173888K) Class: 23645K(24896K)->23645K(24896K)
[2026-02-05T20:43:59.726+0000][1907.410s][info ][gc          ] GC(125) Pause Young (Normal) (G1 Evacuation Pause) 348M->166M(394M) 9.972ms
[2026-02-05T20:43:59.727+0000][1907.410s][info ][gc,cpu      ] GC(125) User=0.02s Sys=0.01s Real=0.00s
[2026-02-05T20:43:59.727+0000][1907.411s][info ][safepoint   ] Safepoint "G1CollectForAllocation", Time since last: 3548197125 ns, Reaching safepoint: 897636 ns, Cleanup: 6000 ns, At safepoint: 11068539 ns, Total: 11972175 ns
[2026-02-05T20:44:05.728+0000][1913.412s][debug][safepoint   ] Safepoint synchronization initiated using futex wait barrier. (386 threads)
[2026-02-05T20:44:05.729+0000][1913.412s][info ][safepoint   ] Safepoint "Cleanup", Time since last: 6000852523 ns, Reaching safepoint: 329713 ns, Cleanup: 11400 ns, At safepoint: 5801 ns, Total: 346914 ns
[2026-02-05T20:44:14.730+0000][1922.414s][debug][safepoint   ] Safepoint synchronization initiated using futex wait barrier. (386 threads)
[2026-02-05T20:44:14.730+0000][1922.414s][info ][safepoint   ] Safepoint "Cleanup", Time since last: 9001587221 ns, Reaching safepoint: 297912 ns, Cleanup: 18001 ns, At safepoint: 4600 ns, Total: 320513 ns
[2026-02-05T20:44:17.411+0000][1925.095s][debug][safepoint   ] Safepoint synchronization initiated using futex wait barrier. (386 threads)
[2026-02-05T20:44:17.411+0000][1925.096s][info ][safepoint   ] Safepoint "Cleanup", Time since last: 2681099717 ns, Reaching safepoint: 417216 ns, Cleanup: 15701 ns, At safepoint: 6100 ns, Total: 439017 ns
[2026-02-05T20:44:18.411+0000][1926.096s][debug][safepoint   ] Safepoint synchronization initiated using futex wait barrier. (386 threads)
[2026-02-05T20:44:18.412+0000][1926.096s][info ][safepoint   ] Safepoint "Cleanup", Time since last: 1000302304 ns, Reaching safepoint: 301912 ns, Cleanup: 17100 ns, At safepoint: 5701 ns, Total: 324713 ns
[2026-02-05T20:44:19.412+0000][1927.097s][debug][safepoint   ] Safepoint synchronization initiated using futex wait barrier. (386 threads)
[2026-02-05T20:44:19.412+0000][1927.097s][info ][safepoint   ] Safepoint "Cleanup", Time since last: 1000474210 ns, Reaching safepoint: 230909 ns, Cleanup: 10501 ns, At safepoint: 21400 ns, Total: 262810 ns
[2026-02-05T20:44:20.413+0000][1928.097s][debug][safepoint   ] Safepoint synchronization initiated using futex wait barrier. (386 threads)
[2026-02-05T20:44:20.413+0000][1928.098s][info ][safepoint   ] Safepoint "Cleanup", Time since last: 1000352406 ns, Reaching safepoint: 227909 ns, Cleanup: 34502 ns, At safepoint: 4300 ns, Total: 266711 ns
[2026-02-05T20:44:30.414+0000][1938.099s][debug][safepoint   ] Safepoint synchronization initiated using futex wait barrier. (386 threads)
[2026-02-05T20:44:30.415+0000][1938.099s][info ][safepoint   ] Safepoint "Cleanup", Time since last: 10001343439 ns, Reaching safepoint: 350014 ns, Cleanup: 27801 ns, At safepoint: 39001 ns, Total: 416816 ns
[2026-02-05T20:44:31.873+0000][1939.558s][debug][safepoint   ] Safepoint synchronization initiated using futex wait barrier. (386 threads)
[2026-02-05T20:44:31.873+0000][1939.558s][info ][gc,start    ] GC(126) Pause Young (Normal) (G1 Evacuation Pause)
[2026-02-05T20:44:31.874+0000][1939.558s][info ][gc,task     ] GC(126) Using 10 workers of 10 for evacuation
[2026-02-05T20:44:31.879+0000][1939.564s][info ][gc,phases   ] GC(126)   Pre Evacuate Collection Set: 0.4ms
[2026-02-05T20:44:31.879+0000][1939.564s][info ][gc,phases   ] GC(126)   Merge Heap Roots: 0.2ms
[2026-02-05T20:44:31.880+0000][1939.564s][info ][gc,phases   ] GC(126)   Evacuate Collection Set: 2.5ms
[2026-02-05T20:44:31.880+0000][1939.564s][info ][gc,phases   ] GC(126)   Post Evacuate Collection Set: 1.7ms
[2026-02-05T20:44:31.880+0000][1939.565s][info ][gc,phases   ] GC(126)   Other: 0.8ms
[2026-02-05T20:44:31.880+0000][1939.565s][info ][gc,heap     ] GC(126) Eden regions: 91->0(91)
[2026-02-05T20:44:31.880+0000][1939.565s][info ][gc,heap     ] GC(126) Survivor regions: 1->1(12)
[2026-02-05T20:44:31.880+0000][1939.565s][info ][gc,heap     ] GC(126) Old regions: 82->82
[2026-02-05T20:44:31.880+0000][1939.565s][info ][gc,heap     ] GC(126) Archive regions: 2->2
[2026-02-05T20:44:31.881+0000][1939.565s][info ][gc,heap     ] GC(126) Humongous regions: 0->0
[2026-02-05T20:44:31.881+0000][1939.565s][info ][gc,metaspace] GC(126) Metaspace: 196178K(198784K)->196178K(198784K) NonClass: 172532K(173888K)->172532K(173888K) Class: 23645K(24896K)->23645K(24896K)
[2026-02-05T20:44:31.881+0000][1939.565s][info ][gc          ] GC(126) Pause Young (Normal) (G1 Evacuation Pause) 348M->166M(394M) 7.429ms
[2026-02-05T20:44:31.881+0000][1939.566s][info ][gc,cpu      ] GC(126) User=0.02s Sys=0.00s Real=0.01s
[2026-02-05T20:44:31.881+0000][1939.566s][info ][safepoint   ] Safepoint "G1CollectForAllocation", Time since last: 1458102632 ns, Reaching safepoint: 445917 ns, Cleanup: 5401 ns, At safepoint: 7976817 ns, Total: 8428135 ns
[2026-02-05T20:44:42.883+0000][1950.568s][debug][safepoint   ] Safepoint synchronization initiated using futex wait barrier. (386 threads)
[2026-02-05T20:44:42.884+0000][1950.568s][info ][safepoint   ] Safepoint "Cleanup", Time since last: 11001948005 ns, Reaching safepoint: 310212 ns, Cleanup: 49402 ns, At safepoint: 8301 ns, Total: 367915 ns
[2026-02-05T20:44:47.884+0000][1955.570s][debug][safepoint   ] Safepoint synchronization initiated using futex wait barrier. (386 threads)
[2026-02-05T20:44:47.885+0000][1955.571s][info ][safepoint   ] Safepoint "Cleanup", Time since last: 5002088485 ns, Reaching safepoint: 266210 ns, Cleanup: 9801 ns, At safepoint: 3800 ns, Total: 279811 ns
[2026-02-05T20:44:57.886+0000][1965.572s][debug][safepoint   ] Safepoint synchronization initiated using futex wait barrier. (386 threads)
[2026-02-05T20:44:57.886+0000][1965.572s][info ][safepoint   ] Safepoint "Cleanup", Time since last: 10001201388 ns, Reaching safepoint: 394015 ns, Cleanup: 12501 ns, At safepoint: 5200 ns, Total: 411716 ns
[2026-02-05T20:44:59.887+0000][1967.573s][debug][safepoint   ] Safepoint synchronization initiated using futex wait barrier. (386 threads)
[2026-02-05T20:44:59.887+0000][1967.573s][info ][safepoint   ] Safepoint "Cleanup", Time since last: 2000360938 ns, Reaching safepoint: 344413 ns, Cleanup: 14601 ns, At safepoint: 4700 ns, Total: 363714 ns
[2026-02-05T20:45:02.887+0000][1970.574s][debug][safepoint   ] Safepoint synchronization initiated using futex wait barrier. (386 threads)
[2026-02-05T20:45:02.888+0000][1970.574s][info ][safepoint   ] Safepoint "Cleanup", Time since last: 3000571675 ns, Reaching safepoint: 363614 ns, Cleanup: 48602 ns, At safepoint: 26801 ns, Total: 439017 ns
[2026-02-05T20:45:03.830+0000][1971.517s][debug][safepoint   ] Safepoint synchronization initiated using futex wait barrier. (386 threads)
[2026-02-05T20:45:03.831+0000][1971.517s][info ][gc,start    ] GC(127) Pause Young (Normal) (G1 Evacuation Pause)
[2026-02-05T20:45:03.832+0000][1971.518s][info ][gc,task     ] GC(127) Using 10 workers of 10 for evacuation
[2026-02-05T20:45:03.836+0000][1971.522s][info ][gc,phases   ] GC(127)   Pre Evacuate Collection Set: 0.5ms
[2026-02-05T20:45:03.837+0000][1971.523s][info ][gc,phases   ] GC(127)   Merge Heap Roots: 0.2ms
[2026-02-05T20:45:03.837+0000][1971.523s][info ][gc,phases   ] GC(127)   Evacuate Collection Set: 1.9ms
[2026-02-05T20:45:03.837+0000][1971.523s][info ][gc,phases   ] GC(127)   Post Evacuate Collection Set: 1.8ms
[2026-02-05T20:45:03.837+0000][1971.523s][info ][gc,phases   ] GC(127)   Other: 0.8ms
[2026-02-05T20:45:03.838+0000][1971.524s][info ][gc,heap     ] GC(127) Eden regions: 91->0(91)
[2026-02-05T20:45:03.838+0000][1971.524s][info ][gc,heap     ] GC(127) Survivor regions: 1->1(12)
[2026-02-05T20:45:03.838+0000][1971.524s][info ][gc,heap     ] GC(127) Old regions: 82->82
[2026-02-05T20:45:03.838+0000][1971.524s][info ][gc,heap     ] GC(127) Archive regions: 2->2
[2026-02-05T20:45:03.838+0000][1971.524s][info ][gc,heap     ] GC(127) Humongous regions: 0->0
[2026-02-05T20:45:03.838+0000][1971.524s][info ][gc,metaspace] GC(127) Metaspace: 196209K(198784K)->196209K(198784K) NonClass: 172563K(173888K)->172563K(173888K) Class: 23645K(24896K)->23645K(24896K)
[2026-02-05T20:45:03.838+0000][1971.525s][info ][gc          ] GC(127) Pause Young (Normal) (G1 Evacuation Pause) 348M->166M(394M) 7.191ms
[2026-02-05T20:45:03.839+0000][1971.525s][info ][gc,cpu      ] GC(127) User=0.01s Sys=0.01s Real=0.01s
[2026-02-05T20:45:03.839+0000][1971.525s][info ][safepoint   ] Safepoint "G1CollectForAllocation", Time since last: 942556790 ns, Reaching safepoint: 641225 ns, Cleanup: 16001 ns, At safepoint: 8093618 ns, Total: 8750844 ns
[2026-02-05T20:45:04.840+0000][1972.526s][debug][safepoint   ] Safepoint synchronization initiated using futex wait barrier. (386 threads)
[2026-02-05T20:45:04.840+0000][1972.526s][info ][safepoint   ] Safepoint "Cleanup", Time since last: 1000702371 ns, Reaching safepoint: 300812 ns, Cleanup: 35802 ns, At safepoint: 13400 ns, Total: 350014 ns
[2026-02-05T20:45:05.841+0000][1973.527s][debug][safepoint   ] Safepoint synchronization initiated using futex wait barrier. (386 threads)
[2026-02-05T20:45:05.846+0000][1973.532s][info ][safepoint   ] Safepoint "Cleanup", Time since last: 1000313857 ns, Reaching safepoint: 4963594 ns, Cleanup: 15201 ns, At safepoint: 5600 ns, Total: 4984395 ns
[2026-02-05T20:45:07.846+0000][1975.532s][debug][safepoint   ] Safepoint synchronization initiated using futex wait barrier. (386 threads)
[2026-02-05T20:45:07.846+0000][1975.532s][info ][safepoint   ] Safepoint "Cleanup", Time since last: 2000432805 ns, Reaching safepoint: 280011 ns, Cleanup: 10801 ns, At safepoint: 4100 ns, Total: 294912 ns
[2026-02-05T20:45:13.847+0000][1981.533s][debug][safepoint   ] Safepoint synchronization initiated using futex wait barrier. (386 threads)
[2026-02-05T20:45:13.847+0000][1981.533s][info ][safepoint   ] Safepoint "Cleanup", Time since last: 6000768421 ns, Reaching safepoint: 277011 ns, Cleanup: 16800 ns, At safepoint: 6101 ns, Total: 299912 ns
[2026-02-05T20:45:28.511+0000][1996.199s][debug][safepoint   ] Safepoint synchronization initiated using futex wait barrier. (386 threads)
[2026-02-05T20:45:28.512+0000][1996.199s][info ][safepoint   ] Safepoint "Cleanup", Time since last: 14665437086 ns, Reaching safepoint: 361114 ns, Cleanup: 40302 ns, At safepoint: 29701 ns, Total: 431117 ns
[2026-02-05T20:45:29.514+0000][1997.202s][debug][safepoint   ] Safepoint synchronization initiated using futex wait barrier. (386 threads)
[2026-02-05T20:45:29.514+0000][1997.202s][info ][safepoint   ] Safepoint "Cleanup", Time since last: 1002317252 ns, Reaching safepoint: 284511 ns, Cleanup: 14401 ns, At safepoint: 4200 ns, Total: 303112 ns
[2026-02-05T20:45:33.515+0000][2001.203s][debug][safepoint   ] Safepoint synchronization initiated using futex wait barrier. (386 threads)
[2026-02-05T20:45:33.515+0000][2001.203s][info ][safepoint   ] Safepoint "Cleanup", Time since last: 4000625636 ns, Reaching safepoint: 421217 ns, Cleanup: 21001 ns, At safepoint: 5600 ns, Total: 447818 ns
[2026-02-05T20:45:36.516+0000][2004.204s][debug][safepoint   ] Safepoint synchronization initiated using futex wait barrier. (386 threads)
[2026-02-05T20:45:36.516+0000][2004.204s][info ][safepoint   ] Safepoint "Cleanup", Time since last: 3000570291 ns, Reaching safepoint: 400716 ns, Cleanup: 25702 ns, At safepoint: 7900 ns, Total: 434318 ns
[2026-02-05T20:45:36.966+0000][2004.653s][debug][safepoint   ] Safepoint synchronization initiated using futex wait barrier. (386 threads)
[2026-02-05T20:45:36.966+0000][2004.654s][info ][gc,start    ] GC(128) Pause Young (Normal) (G1 Evacuation Pause)
[2026-02-05T20:45:36.966+0000][2004.654s][info ][gc,task     ] GC(128) Using 10 workers of 10 for evacuation
[2026-02-05T20:45:36.972+0000][2004.660s][info ][gc,phases   ] GC(128)   Pre Evacuate Collection Set: 0.4ms
[2026-02-05T20:45:36.972+0000][2004.660s][info ][gc,phases   ] GC(128)   Merge Heap Roots: 0.1ms
[2026-02-05T20:45:36.972+0000][2004.660s][info ][gc,phases   ] GC(128)   Evacuate Collection Set: 2.6ms
[2026-02-05T20:45:36.973+0000][2004.660s][info ][gc,phases   ] GC(128)   Post Evacuate Collection Set: 1.9ms
[2026-02-05T20:45:36.973+0000][2004.661s][info ][gc,phases   ] GC(128)   Other: 0.7ms
[2026-02-05T20:45:36.973+0000][2004.661s][info ][gc,heap     ] GC(128) Eden regions: 91->0(91)
[2026-02-05T20:45:36.973+0000][2004.661s][info ][gc,heap     ] GC(128) Survivor regions: 1->1(12)
[2026-02-05T20:45:36.974+0000][2004.661s][info ][gc,heap     ] GC(128) Old regions: 82->82
[2026-02-05T20:45:36.974+0000][2004.661s][info ][gc,heap     ] GC(128) Archive regions: 2->2
[2026-02-05T20:45:36.974+0000][2004.662s][info ][gc,heap     ] GC(128) Humongous regions: 0->0
[2026-02-05T20:45:36.974+0000][2004.662s][info ][gc,metaspace] GC(128) Metaspace: 196218K(198784K)->196218K(198784K) NonClass: 172573K(173888K)->172573K(173888K) Class: 23645K(24896K)->23645K(24896K)
[2026-02-05T20:45:36.974+0000][2004.662s][info ][gc          ] GC(128) Pause Young (Normal) (G1 Evacuation Pause) 348M->166M(394M) 7.869ms
[2026-02-05T20:45:36.974+0000][2004.662s][info ][gc,cpu      ] GC(128) User=0.02s Sys=0.00s Real=0.01s
[2026-02-05T20:45:36.975+0000][2004.662s][info ][safepoint   ] Safepoint "G1CollectForAllocation", Time since last: 449318058 ns, Reaching safepoint: 507220 ns, Cleanup: 5100 ns, At safepoint: 8511842 ns, Total: 9024162 ns
[2026-02-05T20:45:38.975+0000][2006.663s][debug][safepoint   ] Safepoint synchronization initiated using futex wait barrier. (386 threads)
[2026-02-05T20:45:38.976+0000][2006.663s][info ][safepoint   ] Safepoint "Cleanup", Time since last: 2000445797 ns, Reaching safepoint: 367215 ns, Cleanup: 16201 ns, At safepoint: 16401 ns, Total: 399817 ns
[2026-02-05T20:45:45.977+0000][2013.665s][debug][safepoint   ] Safepoint synchronization initiated using futex wait barrier. (386 threads)
[2026-02-05T20:45:45.977+0000][2013.665s][info ][safepoint   ] Safepoint "Cleanup", Time since last: 7001332306 ns, Reaching safepoint: 331513 ns, Cleanup: 18201 ns, At safepoint: 5600 ns, Total: 355314 ns
[2026-02-05T20:45:47.977+0000][2015.665s][debug][safepoint   ] Safepoint synchronization initiated using futex wait barrier. (386 threads)
[2026-02-05T20:45:47.978+0000][2015.666s][info ][safepoint   ] Safepoint "Cleanup", Time since last: 2000443990 ns, Reaching safepoint: 971238 ns, Cleanup: 15801 ns, At safepoint: 5500 ns, Total: 992539 ns
[2026-02-05T20:45:55.979+0000][2023.667s][debug][safepoint   ] Safepoint synchronization initiated using futex wait barrier. (386 threads)
[2026-02-05T20:45:55.980+0000][2023.669s][info ][safepoint   ] Safepoint "Cleanup", Time since last: 8001138442 ns, Reaching safepoint: 1396655 ns, Cleanup: 11001 ns, At safepoint: 66202 ns, Total: 1473858 ns
[2026-02-05T20:45:58.981+0000][2026.670s][debug][safepoint   ] Safepoint synchronization initiated using futex wait barrier. (386 threads)
[2026-02-05T20:45:58.981+0000][2026.670s][info ][safepoint   ] Safepoint "Cleanup", Time since last: 3000661381 ns, Reaching safepoint: 334813 ns, Cleanup: 13300 ns, At safepoint: 4601 ns, Total: 352714 ns
[2026-02-05T20:46:09.171+0000][2036.859s][debug][safepoint   ] Safepoint synchronization initiated using futex wait barrier. (386 threads)
[2026-02-05T20:46:09.171+0000][2036.860s][info ][gc,start    ] GC(129) Pause Young (Normal) (G1 Evacuation Pause)
[2026-02-05T20:46:09.172+0000][2036.860s][info ][gc,task     ] GC(129) Using 10 workers of 10 for evacuation
[2026-02-05T20:46:09.177+0000][2036.865s][info ][gc,phases   ] GC(129)   Pre Evacuate Collection Set: 0.4ms
[2026-02-05T20:46:09.177+0000][2036.866s][info ][gc,phases   ] GC(129)   Merge Heap Roots: 0.2ms
[2026-02-05T20:46:09.177+0000][2036.866s][info ][gc,phases   ] GC(129)   Evacuate Collection Set: 2.2ms
[2026-02-05T20:46:09.177+0000][2036.866s][info ][gc,phases   ] GC(129)   Post Evacuate Collection Set: 1.9ms
[2026-02-05T20:46:09.178+0000][2036.866s][info ][gc,phases   ] GC(129)   Other: 0.7ms
[2026-02-05T20:46:09.178+0000][2036.866s][info ][gc,heap     ] GC(129) Eden regions: 91->0(91)
[2026-02-05T20:46:09.178+0000][2036.867s][info ][gc,heap     ] GC(129) Survivor regions: 1->1(12)
[2026-02-05T20:46:09.178+0000][2036.867s][info ][gc,heap     ] GC(129) Old regions: 82->82
[2026-02-05T20:46:09.179+0000][2036.867s][info ][gc,heap     ] GC(129) Archive regions: 2->2
[2026-02-05T20:46:09.179+0000][2036.867s][info ][gc,heap     ] GC(129) Humongous regions: 0->0
[2026-02-05T20:46:09.179+0000][2036.868s][info ][gc,metaspace] GC(129) Metaspace: 196220K(198784K)->196220K(198784K) NonClass: 172575K(173888K)->172575K(173888K) Class: 23645K(24896K)->23645K(24896K)
[2026-02-05T20:46:09.179+0000][2036.868s][info ][gc          ] GC(129) Pause Young (Normal) (G1 Evacuation Pause) 348M->166M(394M) 7.769ms
[2026-02-05T20:46:09.179+0000][2036.868s][info ][gc,cpu      ] GC(129) User=0.01s Sys=0.01s Real=0.00s
[2026-02-05T20:46:09.180+0000][2036.868s][info ][safepoint   ] Safepoint "G1CollectForAllocation", Time since last: 10189449770 ns, Reaching safepoint: 518820 ns, Cleanup: 5401 ns, At safepoint: 8476935 ns, Total: 9001156 ns
[2026-02-05T20:46:16.599+0000][2044.288s][debug][safepoint   ] Safepoint synchronization initiated using futex wait barrier. (386 threads)
[2026-02-05T20:46:16.600+0000][2044.288s][info ][safepoint   ] Safepoint "Cleanup", Time since last: 7419609637 ns, Reaching safepoint: 416615 ns, Cleanup: 42502 ns, At safepoint: 16300 ns, Total: 475417 ns
[2026-02-05T20:46:21.601+0000][2049.291s][debug][safepoint   ] Safepoint synchronization initiated using futex wait barrier. (386 threads)
[2026-02-05T20:46:21.602+0000][2049.292s][info ][safepoint   ] Safepoint "Cleanup", Time since last: 5002808622 ns, Reaching safepoint: 376212 ns, Cleanup: 25201 ns, At safepoint: 5000 ns, Total: 406413 ns
[2026-02-05T20:46:22.602+0000][2050.292s][debug][safepoint   ] Safepoint synchronization initiated using futex wait barrier. (387 threads)
[2026-02-05T20:46:22.602+0000][2050.292s][info ][safepoint   ] Safepoint "Cleanup", Time since last: 1000293663 ns, Reaching safepoint: 276909 ns, Cleanup: 23800 ns, At safepoint: 5000 ns, Total: 305709 ns
[2026-02-05T20:46:27.603+0000][2055.293s][debug][safepoint   ] Safepoint synchronization initiated using futex wait barrier. (387 threads)
[2026-02-05T20:46:27.603+0000][2055.293s][info ][safepoint   ] Safepoint "Cleanup", Time since last: 5000663792 ns, Reaching safepoint: 432413 ns, Cleanup: 12801 ns, At safepoint: 5900 ns, Total: 451114 ns
[2026-02-05T20:46:34.605+0000][2062.295s][debug][safepoint   ] Safepoint synchronization initiated using futex wait barrier. (387 threads)
[2026-02-05T20:46:34.605+0000][2062.295s][info ][safepoint   ] Safepoint "Cleanup", Time since last: 7001116680 ns, Reaching safepoint: 686127 ns, Cleanup: 21101 ns, At safepoint: 12700 ns, Total: 719928 ns
[2026-02-05T20:46:37.606+0000][2065.296s][debug][safepoint   ] Safepoint synchronization initiated using futex wait barrier. (387 threads)
[2026-02-05T20:46:37.606+0000][2065.296s][info ][safepoint   ] Safepoint "Cleanup", Time since last: 3000580462 ns, Reaching safepoint: 390117 ns, Cleanup: 21401 ns, At safepoint: 155706 ns, Total: 567224 ns
[2026-02-05T20:46:41.398+0000][2069.088s][debug][safepoint   ] Safepoint synchronization initiated using futex wait barrier. (387 threads)
[2026-02-05T20:46:41.399+0000][2069.089s][info ][gc,start    ] GC(130) Pause Young (Normal) (G1 Evacuation Pause)
[2026-02-05T20:46:41.399+0000][2069.089s][info ][gc,task     ] GC(130) Using 10 workers of 10 for evacuation
[2026-02-05T20:46:41.404+0000][2069.094s][info ][gc,phases   ] GC(130)   Pre Evacuate Collection Set: 0.4ms
[2026-02-05T20:46:41.404+0000][2069.094s][info ][gc,phases   ] GC(130)   Merge Heap Roots: 0.2ms
[2026-02-05T20:46:41.404+0000][2069.094s][info ][gc,phases   ] GC(130)   Evacuate Collection Set: 1.8ms
[2026-02-05T20:46:41.404+0000][2069.094s][info ][gc,phases   ] GC(130)   Post Evacuate Collection Set: 1.7ms
[2026-02-05T20:46:41.405+0000][2069.094s][info ][gc,phases   ] GC(130)   Other: 0.6ms
[2026-02-05T20:46:41.405+0000][2069.095s][info ][gc,heap     ] GC(130) Eden regions: 91->0(91)
[2026-02-05T20:46:41.405+0000][2069.095s][info ][gc,heap     ] GC(130) Survivor regions: 1->1(12)
[2026-02-05T20:46:41.405+0000][2069.095s][info ][gc,heap     ] GC(130) Old regions: 82->82
[2026-02-05T20:46:41.405+0000][2069.095s][info ][gc,heap     ] GC(130) Archive regions: 2->2
[2026-02-05T20:46:41.405+0000][2069.095s][info ][gc,heap     ] GC(130) Humongous regions: 0->0
[2026-02-05T20:46:41.406+0000][2069.096s][info ][gc,metaspace] GC(130) Metaspace: 196251K(198784K)->196251K(198784K) NonClass: 172605K(173888K)->172605K(173888K) Class: 23645K(24896K)->23645K(24896K)
[2026-02-05T20:46:41.406+0000][2069.096s][info ][gc          ] GC(130) Pause Young (Normal) (G1 Evacuation Pause) 348M->166M(394M) 6.739ms
[2026-02-05T20:46:41.406+0000][2069.096s][info ][gc,cpu      ] GC(130) User=0.01s Sys=0.01s Real=0.01s
[2026-02-05T20:46:41.407+0000][2069.097s][info ][safepoint   ] Safepoint "G1CollectForAllocation", Time since last: 3791841717 ns, Reaching safepoint: 813834 ns, Cleanup: 6800 ns, At safepoint: 7546819 ns, Total: 8367453 ns
[2026-02-05T20:46:42.407+0000][2070.097s][debug][safepoint   ] Safepoint synchronization initiated using futex wait barrier. (387 threads)
[2026-02-05T20:46:42.408+0000][2070.098s][info ][safepoint   ] Safepoint "Cleanup", Time since last: 1000382043 ns, Reaching safepoint: 463719 ns, Cleanup: 40602 ns, At safepoint: 57802 ns, Total: 562123 ns
[2026-02-05T20:46:45.408+0000][2073.098s][debug][safepoint   ] Safepoint synchronization initiated using futex wait barrier. (387 threads)
[2026-02-05T20:46:45.409+0000][2073.099s][info ][safepoint   ] Safepoint "Cleanup", Time since last: 3000630375 ns, Reaching safepoint: 360714 ns, Cleanup: 13901 ns, At safepoint: 6300 ns, Total: 380915 ns
[2026-02-05T20:46:46.409+0000][2074.099s][debug][safepoint   ] Safepoint synchronization initiated using futex wait barrier. (387 threads)
[2026-02-05T20:46:46.409+0000][2074.099s][info ][safepoint   ] Safepoint "Cleanup", Time since last: 1000362750 ns, Reaching safepoint: 375314 ns, Cleanup: 37302 ns, At safepoint: 11700 ns, Total: 424316 ns
[2026-02-05T20:46:47.408+0000][2075.100s][debug][safepoint   ] Safepoint synchronization initiated using futex wait barrier. (387 threads)
[2026-02-05T20:46:47.409+0000][2075.100s][info ][safepoint   ] Safepoint "Cleanup", Time since last: 1000360350 ns, Reaching safepoint: 302311 ns, Cleanup: 13701 ns, At safepoint: 4900 ns, Total: 320912 ns
[2026-02-05T20:46:48.409+0000][2076.100s][debug][safepoint   ] Safepoint synchronization initiated using futex wait barrier. (387 threads)
[2026-02-05T20:46:48.409+0000][2076.101s][info ][safepoint   ] Safepoint "Cleanup", Time since last: 1000319348 ns, Reaching safepoint: 391315 ns, Cleanup: 13601 ns, At safepoint: 5000 ns, Total: 409916 ns
[2026-02-05T20:47:08.412+0000][2096.103s][debug][safepoint   ] Safepoint synchronization initiated using futex wait barrier. (387 threads)
[2026-02-05T20:47:08.412+0000][2096.103s][info ][safepoint   ] Safepoint "Cleanup", Time since last: 20002419122 ns, Reaching safepoint: 249810 ns, Cleanup: 9900 ns, At safepoint: 4201 ns, Total: 263911 ns
[2026-02-05T20:47:10.413+0000][2098.104s][debug][safepoint   ] Safepoint synchronization initiated using futex wait barrier. (387 threads)
[2026-02-05T20:47:10.413+0000][2098.104s][info ][safepoint   ] Safepoint "Cleanup", Time since last: 2000373275 ns, Reaching safepoint: 308612 ns, Cleanup: 17501 ns, At safepoint: 6000 ns, Total: 332113 ns
[2026-02-05T20:47:14.414+0000][2102.105s][debug][safepoint   ] Safepoint synchronization initiated using futex wait barrier. (387 threads)
[2026-02-05T20:47:14.414+0000][2102.105s][info ][safepoint   ] Safepoint "Cleanup", Time since last: 4000893372 ns, Reaching safepoint: 311212 ns, Cleanup: 16601 ns, At safepoint: 5800 ns, Total: 333613 ns
[2026-02-05T20:47:14.655+0000][2102.346s][debug][safepoint   ] Safepoint synchronization initiated using futex wait barrier. (387 threads)
[2026-02-05T20:47:14.655+0000][2102.346s][info ][gc,start    ] GC(131) Pause Young (Normal) (G1 Evacuation Pause)
[2026-02-05T20:47:14.655+0000][2102.346s][info ][gc,task     ] GC(131) Using 10 workers of 10 for evacuation
[2026-02-05T20:47:14.660+0000][2102.351s][info ][gc,phases   ] GC(131)   Pre Evacuate Collection Set: 0.3ms
[2026-02-05T20:47:14.660+0000][2102.351s][info ][gc,phases   ] GC(131)   Merge Heap Roots: 0.2ms
[2026-02-05T20:47:14.660+0000][2102.351s][info ][gc,phases   ] GC(131)   Evacuate Collection Set: 2.0ms
[2026-02-05T20:47:14.660+0000][2102.351s][info ][gc,phases   ] GC(131)   Post Evacuate Collection Set: 1.8ms
[2026-02-05T20:47:14.660+0000][2102.352s][info ][gc,phases   ] GC(131)   Other: 0.4ms
[2026-02-05T20:47:14.660+0000][2102.352s][info ][gc,heap     ] GC(131) Eden regions: 91->0(91)
[2026-02-05T20:47:14.661+0000][2102.352s][info ][gc,heap     ] GC(131) Survivor regions: 1->1(12)
[2026-02-05T20:47:14.661+0000][2102.352s][info ][gc,heap     ] GC(131) Old regions: 82->82
[2026-02-05T20:47:14.661+0000][2102.352s][info ][gc,heap     ] GC(131) Archive regions: 2->2
[2026-02-05T20:47:14.661+0000][2102.352s][info ][gc,heap     ] GC(131) Humongous regions: 0->0
[2026-02-05T20:47:14.661+0000][2102.352s][info ][gc,metaspace] GC(131) Metaspace: 196263K(198848K)->196263K(198848K) NonClass: 172618K(173952K)->172618K(173952K) Class: 23645K(24896K)->23645K(24896K)
[2026-02-05T20:47:14.661+0000][2102.352s][info ][gc          ] GC(131) Pause Young (Normal) (G1 Evacuation Pause) 348M->166M(394M) 6.005ms
[2026-02-05T20:47:14.661+0000][2102.352s][info ][gc,cpu      ] GC(131) User=0.02s Sys=0.00s Real=0.01s
[2026-02-05T20:47:14.661+0000][2102.353s][info ][safepoint   ] Safepoint "G1CollectForAllocation", Time since last: 240538603 ns, Reaching safepoint: 302312 ns, Cleanup: 4601 ns, At safepoint: 6439654 ns, Total: 6746567 ns
[2026-02-05T20:47:37.682+0000][2125.375s][debug][safepoint   ] Safepoint synchronization initiated using futex wait barrier. (387 threads)
[2026-02-05T20:47:37.683+0000][2125.375s][info ][safepoint   ] Safepoint "Cleanup", Time since last: 23022284190 ns, Reaching safepoint: 272411 ns, Cleanup: 59002 ns, At safepoint: 11801 ns, Total: 343214 ns
[2026-02-05T20:47:46.469+0000][2134.162s][debug][safepoint   ] Safepoint synchronization initiated using futex wait barrier. (387 threads)
[2026-02-05T20:47:46.470+0000][2134.162s][info ][gc,start    ] GC(132) Pause Young (Normal) (G1 Evacuation Pause)
[2026-02-05T20:47:46.470+0000][2134.162s][info ][gc,task     ] GC(132) Using 10 workers of 10 for evacuation
[2026-02-05T20:47:46.474+0000][2134.166s][info ][gc,phases   ] GC(132)   Pre Evacuate Collection Set: 0.3ms
[2026-02-05T20:47:46.474+0000][2134.166s][info ][gc,phases   ] GC(132)   Merge Heap Roots: 0.2ms
[2026-02-05T20:47:46.474+0000][2134.167s][info ][gc,phases   ] GC(132)   Evacuate Collection Set: 1.3ms
[2026-02-05T20:47:46.474+0000][2134.167s][info ][gc,phases   ] GC(132)   Post Evacuate Collection Set: 1.8ms
[2026-02-05T20:47:46.474+0000][2134.167s][info ][gc,phases   ] GC(132)   Other: 0.5ms
[2026-02-05T20:47:46.474+0000][2134.167s][info ][gc,heap     ] GC(132) Eden regions: 91->0(90)
[2026-02-05T20:47:46.474+0000][2134.167s][info ][gc,heap     ] GC(132) Survivor regions: 1->1(12)
[2026-02-05T20:47:46.475+0000][2134.167s][info ][gc,heap     ] GC(132) Old regions: 82->83
[2026-02-05T20:47:46.475+0000][2134.167s][info ][gc,heap     ] GC(132) Archive regions: 2->2
[2026-02-05T20:47:46.475+0000][2134.168s][info ][gc,heap     ] GC(132) Humongous regions: 0->0
[2026-02-05T20:47:46.475+0000][2134.168s][info ][gc,metaspace] GC(132) Metaspace: 196264K(198848K)->196264K(198848K) NonClass: 172619K(173952K)->172619K(173952K) Class: 23645K(24896K)->23645K(24896K)
[2026-02-05T20:47:46.475+0000][2134.168s][info ][gc          ] GC(132) Pause Young (Normal) (G1 Evacuation Pause) 348M->166M(394M) 5.774ms
[2026-02-05T20:47:46.475+0000][2134.168s][info ][gc,cpu      ] GC(132) User=0.02s Sys=0.00s Real=0.00s
[2026-02-05T20:47:46.476+0000][2134.168s][info ][safepoint   ] Safepoint "G1CollectForAllocation", Time since last: 8786444315 ns, Reaching safepoint: 303611 ns, Cleanup: 5500 ns, At safepoint: 6360735 ns, Total: 6669846 ns
[2026-02-05T20:48:00.475+0000][2148.170s][debug][safepoint   ] Safepoint synchronization initiated using futex wait barrier. (387 threads)
[2026-02-05T20:48:00.476+0000][2148.171s][info ][safepoint   ] Safepoint "Cleanup", Time since last: 14001646176 ns, Reaching safepoint: 666226 ns, Cleanup: 23501 ns, At safepoint: 25401 ns, Total: 715128 ns
[2026-02-05T20:48:03.380+0000][2151.075s][debug][safepoint   ] Safepoint synchronization initiated using futex wait barrier. (387 threads)
[2026-02-05T20:48:03.381+0000][2151.075s][info ][safepoint   ] Safepoint "Cleanup", Time since last: 2904236674 ns, Reaching safepoint: 315412 ns, Cleanup: 30201 ns, At safepoint: 5301 ns, Total: 350914 ns
[2026-02-05T20:48:10.382+0000][2158.076s][debug][safepoint   ] Safepoint synchronization initiated using futex wait barrier. (387 threads)
[2026-02-05T20:48:10.382+0000][2158.077s][info ][safepoint   ] Safepoint "Cleanup", Time since last: 7001018462 ns, Reaching safepoint: 372114 ns, Cleanup: 15501 ns, At safepoint: 4800 ns, Total: 392415 ns
[2026-02-05T20:48:11.383+0000][2159.077s][debug][safepoint   ] Safepoint synchronization initiated using futex wait barrier. (387 threads)
[2026-02-05T20:48:11.383+0000][2159.077s][info ][safepoint   ] Safepoint "Cleanup", Time since last: 1000334935 ns, Reaching safepoint: 322813 ns, Cleanup: 14201 ns, At safepoint: 4400 ns, Total: 341414 ns
[2026-02-05T20:48:12.383+0000][2160.078s][debug][safepoint   ] Safepoint synchronization initiated using futex wait barrier. (387 threads)
[2026-02-05T20:48:12.384+0000][2160.078s][info ][safepoint   ] Safepoint "Cleanup", Time since last: 1000431339 ns, Reaching safepoint: 467618 ns, Cleanup: 10601 ns, At safepoint: 45802 ns, Total: 524021 ns
[2026-02-05T20:48:18.652+0000][2166.348s][debug][safepoint   ] Safepoint synchronization initiated using futex wait barrier. (387 threads)
[2026-02-05T20:48:18.652+0000][2166.348s][info ][gc,start    ] GC(133) Pause Young (Normal) (G1 Evacuation Pause)
[2026-02-05T20:48:18.653+0000][2166.349s][info ][gc,task     ] GC(133) Using 10 workers of 10 for evacuation
[2026-02-05T20:48:18.656+0000][2166.352s][info ][gc,phases   ] GC(133)   Pre Evacuate Collection Set: 0.3ms
[2026-02-05T20:48:18.657+0000][2166.353s][info ][gc,phases   ] GC(133)   Merge Heap Roots: 0.1ms
[2026-02-05T20:48:18.657+0000][2166.353s][info ][gc,phases   ] GC(133)   Evacuate Collection Set: 1.3ms
[2026-02-05T20:48:18.657+0000][2166.353s][info ][gc,phases   ] GC(133)   Post Evacuate Collection Set: 1.3ms
[2026-02-05T20:48:18.657+0000][2166.353s][info ][gc,phases   ] GC(133)   Other: 0.8ms
[2026-02-05T20:48:18.657+0000][2166.353s][info ][gc,heap     ] GC(133) Eden regions: 90->0(90)
[2026-02-05T20:48:18.657+0000][2166.354s][info ][gc,heap     ] GC(133) Survivor regions: 1->1(12)
[2026-02-05T20:48:18.658+0000][2166.354s][info ][gc,heap     ] GC(133) Old regions: 83->83
[2026-02-05T20:48:18.658+0000][2166.354s][info ][gc,heap     ] GC(133) Archive regions: 2->2
[2026-02-05T20:48:18.658+0000][2166.354s][info ][gc,heap     ] GC(133) Humongous regions: 0->0
[2026-02-05T20:48:18.658+0000][2166.354s][info ][gc,metaspace] GC(133) Metaspace: 196272K(198848K)->196272K(198848K) NonClass: 172626K(173952K)->172626K(173952K) Class: 23645K(24896K)->23645K(24896K)
[2026-02-05T20:48:18.658+0000][2166.354s][info ][gc          ] GC(133) Pause Young (Normal) (G1 Evacuation Pause) 346M->166M(394M) 6.149ms
[2026-02-05T20:48:18.658+0000][2166.355s][info ][gc,cpu      ] GC(133) User=0.01s Sys=0.01s Real=0.01s
[2026-02-05T20:48:18.659+0000][2166.355s][info ][safepoint   ] Safepoint "G1CollectForAllocation", Time since last: 6269360395 ns, Reaching safepoint: 330413 ns, Cleanup: 5801 ns, At safepoint: 6872469 ns, Total: 7208683 ns
[2026-02-05T20:48:19.660+0000][2167.356s][debug][safepoint   ] Safepoint synchronization initiated using futex wait barrier. (387 threads)
[2026-02-05T20:48:19.660+0000][2167.356s][info ][safepoint   ] Safepoint "Cleanup", Time since last: 1000757188 ns, Reaching safepoint: 368615 ns, Cleanup: 48701 ns, At safepoint: 11701 ns, Total: 429017 ns
[2026-02-05T20:48:23.662+0000][2171.359s][debug][safepoint   ] Safepoint synchronization initiated using futex wait barrier. (387 threads)
[2026-02-05T20:48:23.663+0000][2171.359s][info ][safepoint   ] Safepoint "Cleanup", Time since last: 4002428779 ns, Reaching safepoint: 560220 ns, Cleanup: 31801 ns, At safepoint: 180907 ns, Total: 772928 ns
[2026-02-05T20:48:26.664+0000][2174.360s][debug][safepoint   ] Safepoint synchronization initiated using futex wait barrier. (387 threads)
[2026-02-05T20:48:26.664+0000][2174.361s][info ][safepoint   ] Safepoint "Cleanup", Time since last: 3000691521 ns, Reaching safepoint: 427316 ns, Cleanup: 16300 ns, At safepoint: 6901 ns, Total: 450517 ns
[2026-02-05T20:48:35.666+0000][2183.362s][debug][safepoint   ] Safepoint synchronization initiated using futex wait barrier. (387 threads)
[2026-02-05T20:48:35.666+0000][2183.362s][info ][safepoint   ] Safepoint "Cleanup", Time since last: 9001260437 ns, Reaching safepoint: 490820 ns, Cleanup: 42602 ns, At safepoint: 8800 ns, Total: 542222 ns
[2026-02-05T20:48:36.667+0000][2184.363s][debug][safepoint   ] Safepoint synchronization initiated using futex wait barrier. (387 threads)
[2026-02-05T20:48:36.667+0000][2184.363s][info ][safepoint   ] Safepoint "Cleanup", Time since last: 1000346661 ns, Reaching safepoint: 318312 ns, Cleanup: 17101 ns, At safepoint: 23901 ns, Total: 359314 ns
[2026-02-05T20:48:51.514+0000][2199.211s][debug][safepoint   ] Safepoint synchronization initiated using futex wait barrier. (387 threads)
[2026-02-05T20:48:51.514+0000][2199.211s][info ][gc,start    ] GC(134) Pause Young (Normal) (G1 Evacuation Pause)
[2026-02-05T20:48:51.515+0000][2199.212s][info ][gc,task     ] GC(134) Using 10 workers of 10 for evacuation
[2026-02-05T20:48:51.520+0000][2199.217s][info ][gc,phases   ] GC(134)   Pre Evacuate Collection Set: 0.4ms
[2026-02-05T20:48:51.520+0000][2199.217s][info ][gc,phases   ] GC(134)   Merge Heap Roots: 0.3ms
[2026-02-05T20:48:51.520+0000][2199.217s][info ][gc,phases   ] GC(134)   Evacuate Collection Set: 2.0ms
[2026-02-05T20:48:51.520+0000][2199.217s][info ][gc,phases   ] GC(134)   Post Evacuate Collection Set: 1.9ms
[2026-02-05T20:48:51.521+0000][2199.217s][info ][gc,phases   ] GC(134)   Other: 0.7ms
[2026-02-05T20:48:51.521+0000][2199.218s][info ][gc,heap     ] GC(134) Eden regions: 90->0(90)
[2026-02-05T20:48:51.521+0000][2199.218s][info ][gc,heap     ] GC(134) Survivor regions: 1->1(12)
[2026-02-05T20:48:51.521+0000][2199.218s][info ][gc,heap     ] GC(134) Old regions: 83->83
[2026-02-05T20:48:51.521+0000][2199.218s][info ][gc,heap     ] GC(134) Archive regions: 2->2
[2026-02-05T20:48:51.521+0000][2199.218s][info ][gc,heap     ] GC(134) Humongous regions: 0->0
[2026-02-05T20:48:51.521+0000][2199.218s][info ][gc,metaspace] GC(134) Metaspace: 196274K(198848K)->196274K(198848K) NonClass: 172628K(173952K)->172628K(173952K) Class: 23645K(24896K)->23645K(24896K)
[2026-02-05T20:48:51.522+0000][2199.219s][info ][gc          ] GC(134) Pause Young (Normal) (G1 Evacuation Pause) 346M->166M(394M) 7.260ms
[2026-02-05T20:48:51.522+0000][2199.219s][info ][gc,cpu      ] GC(134) User=0.02s Sys=0.00s Real=0.01s
[2026-02-05T20:48:51.522+0000][2199.219s][info ][safepoint   ] Safepoint "G1CollectForAllocation", Time since last: 14847530398 ns, Reaching safepoint: 602022 ns, Cleanup: 75202 ns, At safepoint: 8085698 ns, Total: 8762922 ns
[2026-02-05T20:49:12.525+0000][2220.222s][debug][safepoint   ] Safepoint synchronization initiated using futex wait barrier. (387 threads)
[2026-02-05T20:49:12.526+0000][2220.223s][info ][safepoint   ] Safepoint "Cleanup", Time since last: 21002663972 ns, Reaching safepoint: 631525 ns, Cleanup: 32201 ns, At safepoint: 49102 ns, Total: 712828 ns
[2026-02-05T20:49:18.873+0000][2226.571s][debug][safepoint   ] Safepoint synchronization initiated using futex wait barrier. (387 threads)
[2026-02-05T20:49:18.874+0000][2226.572s][info ][safepoint   ] Safepoint "Cleanup", Time since last: 6348627739 ns, Reaching safepoint: 424416 ns, Cleanup: 18801 ns, At safepoint: 128605 ns, Total: 571822 ns
[2026-02-05T20:49:22.731+0000][2230.429s][debug][safepoint   ] Safepoint synchronization initiated using futex wait barrier. (387 threads)
[2026-02-05T20:49:22.732+0000][2230.430s][info ][gc,start    ] GC(135) Pause Young (Normal) (G1 Evacuation Pause)
[2026-02-05T20:49:22.732+0000][2230.430s][info ][gc,task     ] GC(135) Using 10 workers of 10 for evacuation
[2026-02-05T20:49:22.737+0000][2230.435s][info ][gc,phases   ] GC(135)   Pre Evacuate Collection Set: 0.5ms
[2026-02-05T20:49:22.738+0000][2230.436s][info ][gc,phases   ] GC(135)   Merge Heap Roots: 0.2ms
[2026-02-05T20:49:22.738+0000][2230.436s][info ][gc,phases   ] GC(135)   Evacuate Collection Set: 1.9ms
[2026-02-05T20:49:22.738+0000][2230.436s][info ][gc,phases   ] GC(135)   Post Evacuate Collection Set: 1.7ms
[2026-02-05T20:49:22.739+0000][2230.437s][info ][gc,phases   ] GC(135)   Other: 1.1ms
[2026-02-05T20:49:22.739+0000][2230.437s][info ][gc,heap     ] GC(135) Eden regions: 90->0(90)
[2026-02-05T20:49:22.739+0000][2230.437s][info ][gc,heap     ] GC(135) Survivor regions: 1->1(12)
[2026-02-05T20:49:22.739+0000][2230.437s][info ][gc,heap     ] GC(135) Old regions: 83->83
[2026-02-05T20:49:22.739+0000][2230.437s][info ][gc,heap     ] GC(135) Archive regions: 2->2
[2026-02-05T20:49:22.740+0000][2230.437s][info ][gc,heap     ] GC(135) Humongous regions: 0->0
[2026-02-05T20:49:22.740+0000][2230.438s][info ][gc,metaspace] GC(135) Metaspace: 196287K(198848K)->196287K(198848K) NonClass: 172641K(173952K)->172641K(173952K) Class: 23645K(24896K)->23645K(24896K)
[2026-02-05T20:49:22.740+0000][2230.438s][info ][gc          ] GC(135) Pause Young (Normal) (G1 Evacuation Pause) 346M->166M(394M) 8.196ms
[2026-02-05T20:49:22.740+0000][2230.438s][info ][gc,cpu      ] GC(135) User=0.01s Sys=0.01s Real=0.01s
[2026-02-05T20:49:22.741+0000][2230.439s][info ][safepoint   ] Safepoint "G1CollectForAllocation", Time since last: 3857146025 ns, Reaching safepoint: 546621 ns, Cleanup: 4800 ns, At safepoint: 9282458 ns, Total: 9833879 ns
[2026-02-05T20:49:23.741+0000][2231.439s][debug][safepoint   ] Safepoint synchronization initiated using futex wait barrier. (387 threads)
[2026-02-05T20:49:23.742+0000][2231.440s][info ][safepoint   ] Safepoint "Cleanup", Time since last: 1000419701 ns, Reaching safepoint: 301611 ns, Cleanup: 29602 ns, At safepoint: 24401 ns, Total: 355614 ns
[2026-02-05T20:49:39.744+0000][2247.442s][debug][safepoint   ] Safepoint synchronization initiated using futex wait barrier. (387 threads)
[2026-02-05T20:49:39.744+0000][2247.442s][info ][safepoint   ] Safepoint "Cleanup", Time since last: 16002090804 ns, Reaching safepoint: 372515 ns, Cleanup: 41201 ns, At safepoint: 8601 ns, Total: 422317 ns
[2026-02-05T20:49:41.745+0000][2249.443s][debug][safepoint   ] Safepoint synchronization initiated using futex wait barrier. (387 threads)
[2026-02-05T20:49:41.745+0000][2249.443s][info ][safepoint   ] Safepoint "Cleanup", Time since last: 2000485222 ns, Reaching safepoint: 261008 ns, Cleanup: 18501 ns, At safepoint: 9500 ns, Total: 289009 ns
[2026-02-05T20:49:47.744+0000][2255.444s][debug][safepoint   ] Safepoint synchronization initiated using futex wait barrier. (387 threads)
[2026-02-05T20:49:47.744+0000][2255.444s][info ][safepoint   ] Safepoint "Cleanup", Time since last: 6000764779 ns, Reaching safepoint: 278508 ns, Cleanup: 19301 ns, At safepoint: 4200 ns, Total: 302009 ns
[2026-02-05T20:49:50.745+0000][2258.445s][debug][safepoint   ] Safepoint synchronization initiated using futex wait barrier. (387 threads)
[2026-02-05T20:49:50.746+0000][2258.446s][info ][safepoint   ] Safepoint "Cleanup", Time since last: 3001093108 ns, Reaching safepoint: 879634 ns, Cleanup: 16001 ns, At safepoint: 17700 ns, Total: 913335 ns
[2026-02-05T20:49:53.747+0000][2261.447s][debug][safepoint   ] Safepoint synchronization initiated using futex wait barrier. (387 threads)
[2026-02-05T20:49:53.747+0000][2261.447s][info ][safepoint   ] Safepoint "Cleanup", Time since last: 3000620425 ns, Reaching safepoint: 482918 ns, Cleanup: 11101 ns, At safepoint: 25101 ns, Total: 519120 ns
[2026-02-05T20:49:54.747+0000][2262.447s][debug][safepoint   ] Safepoint synchronization initiated using futex wait barrier. (387 threads)
[2026-02-05T20:49:54.748+0000][2262.448s][info ][safepoint   ] Safepoint "Cleanup", Time since last: 1000294378 ns, Reaching safepoint: 389515 ns, Cleanup: 10700 ns, At safepoint: 5400 ns, Total: 405615 ns
[2026-02-05T20:49:55.259+0000][2262.959s][debug][safepoint   ] Safepoint synchronization initiated using futex wait barrier. (387 threads)
[2026-02-05T20:49:55.260+0000][2262.960s][info ][gc,start    ] GC(136) Pause Young (Normal) (G1 Evacuation Pause)
[2026-02-05T20:49:55.260+0000][2262.960s][info ][gc,task     ] GC(136) Using 10 workers of 10 for evacuation
[2026-02-05T20:49:55.265+0000][2262.965s][info ][gc,phases   ] GC(136)   Pre Evacuate Collection Set: 0.8ms
[2026-02-05T20:49:55.265+0000][2262.965s][info ][gc,phases   ] GC(136)   Merge Heap Roots: 0.2ms
[2026-02-05T20:49:55.265+0000][2262.965s][info ][gc,phases   ] GC(136)   Evacuate Collection Set: 1.4ms
[2026-02-05T20:49:55.266+0000][2262.966s][info ][gc,phases   ] GC(136)   Post Evacuate Collection Set: 2.0ms
[2026-02-05T20:49:55.266+0000][2262.966s][info ][gc,phases   ] GC(136)   Other: 0.8ms
[2026-02-05T20:49:55.266+0000][2262.966s][info ][gc,heap     ] GC(136) Eden regions: 90->0(90)
[2026-02-05T20:49:55.266+0000][2262.966s][info ][gc,heap     ] GC(136) Survivor regions: 1->1(12)
[2026-02-05T20:49:55.266+0000][2262.966s][info ][gc,heap     ] GC(136) Old regions: 83->83
[2026-02-05T20:49:55.266+0000][2262.966s][info ][gc,heap     ] GC(136) Archive regions: 2->2
[2026-02-05T20:49:55.266+0000][2262.967s][info ][gc,heap     ] GC(136) Humongous regions: 0->0
[2026-02-05T20:49:55.267+0000][2262.967s][info ][gc,metaspace] GC(136) Metaspace: 196287K(198848K)->196287K(198848K) NonClass: 172642K(173952K)->172642K(173952K) Class: 23645K(24896K)->23645K(24896K)
[2026-02-05T20:49:55.267+0000][2262.967s][info ][gc          ] GC(136) Pause Young (Normal) (G1 Evacuation Pause) 346M->166M(394M) 6.877ms
[2026-02-05T20:49:55.267+0000][2262.967s][info ][gc,cpu      ] GC(136) User=0.03s Sys=0.00s Real=0.00s
[2026-02-05T20:49:55.267+0000][2262.967s][info ][safepoint   ] Safepoint "G1CollectForAllocation", Time since last: 511571125 ns, Reaching safepoint: 388615 ns, Cleanup: 7901 ns, At safepoint: 7537887 ns, Total: 7934403 ns
[2026-02-05T20:50:00.268+0000][2267.968s][debug][safepoint   ] Safepoint synchronization initiated using futex wait barrier. (387 threads)
[2026-02-05T20:50:00.268+0000][2267.969s][info ][safepoint   ] Safepoint "Cleanup", Time since last: 5000598188 ns, Reaching safepoint: 532121 ns, Cleanup: 23301 ns, At safepoint: 7300 ns, Total: 562722 ns
[2026-02-05T20:50:01.269+0000][2268.969s][debug][safepoint   ] Safepoint synchronization initiated using futex wait barrier. (387 threads)
[2026-02-05T20:50:01.269+0000][2268.969s][info ][safepoint   ] Safepoint "Cleanup", Time since last: 1000437183 ns, Reaching safepoint: 297812 ns, Cleanup: 17600 ns, At safepoint: 12001 ns, Total: 327413 ns
[2026-02-05T20:50:05.319+0000][2273.019s][debug][safepoint   ] Safepoint synchronization initiated using futex wait barrier. (387 threads)
[2026-02-05T20:50:05.319+0000][2273.019s][info ][safepoint   ] Safepoint "Cleanup", Time since last: 4049358514 ns, Reaching safepoint: 301312 ns, Cleanup: 33901 ns, At safepoint: 27101 ns, Total: 362314 ns
[2026-02-05T20:50:23.959+0000][2291.660s][debug][safepoint   ] Safepoint synchronization initiated using futex wait barrier. (387 threads)
[2026-02-05T20:50:23.959+0000][2291.660s][info ][safepoint   ] Safepoint "Cleanup", Time since last: 18640560787 ns, Reaching safepoint: 689727 ns, Cleanup: 34002 ns, At safepoint: 10000 ns, Total: 733729 ns
[2026-02-05T20:50:24.960+0000][2292.661s][debug][safepoint   ] Safepoint synchronization initiated using futex wait barrier. (387 threads)
[2026-02-05T20:50:24.960+0000][2292.661s][info ][safepoint   ] Safepoint "Cleanup", Time since last: 1000518135 ns, Reaching safepoint: 480219 ns, Cleanup: 18201 ns, At safepoint: 62402 ns, Total: 560822 ns
[2026-02-05T20:50:28.156+0000][2295.857s][debug][safepoint   ] Safepoint synchronization initiated using futex wait barrier. (387 threads)
[2026-02-05T20:50:28.157+0000][2295.858s][info ][gc,start    ] GC(137) Pause Young (Normal) (G1 Evacuation Pause)
[2026-02-05T20:50:28.157+0000][2295.858s][info ][gc,task     ] GC(137) Using 10 workers of 10 for evacuation
[2026-02-05T20:50:28.162+0000][2295.863s][info ][gc,phases   ] GC(137)   Pre Evacuate Collection Set: 0.6ms
[2026-02-05T20:50:28.163+0000][2295.864s][info ][gc,phases   ] GC(137)   Merge Heap Roots: 0.2ms
[2026-02-05T20:50:28.163+0000][2295.864s][info ][gc,phases   ] GC(137)   Evacuate Collection Set: 1.8ms
[2026-02-05T20:50:28.163+0000][2295.864s][info ][gc,phases   ] GC(137)   Post Evacuate Collection Set: 1.8ms
[2026-02-05T20:50:28.163+0000][2295.864s][info ][gc,phases   ] GC(137)   Other: 0.8ms
[2026-02-05T20:50:28.163+0000][2295.864s][info ][gc,heap     ] GC(137) Eden regions: 90->0(90)
[2026-02-05T20:50:28.164+0000][2295.864s][info ][gc,heap     ] GC(137) Survivor regions: 1->1(12)
[2026-02-05T20:50:28.164+0000][2295.865s][info ][gc,heap     ] GC(137) Old regions: 83->83
[2026-02-05T20:50:28.164+0000][2295.865s][info ][gc,heap     ] GC(137) Archive regions: 2->2
[2026-02-05T20:50:28.164+0000][2295.865s][info ][gc,heap     ] GC(137) Humongous regions: 0->0
[2026-02-05T20:50:28.164+0000][2295.865s][info ][gc,metaspace] GC(137) Metaspace: 196288K(198848K)->196288K(198848K) NonClass: 172642K(173952K)->172642K(173952K) Class: 23645K(24896K)->23645K(24896K)
[2026-02-05T20:50:28.164+0000][2295.865s][info ][gc          ] GC(137) Pause Young (Normal) (G1 Evacuation Pause) 346M->166M(394M) 7.082ms
[2026-02-05T20:50:28.165+0000][2295.865s][info ][gc,cpu      ] GC(137) User=0.01s Sys=0.01s Real=0.01s
[2026-02-05T20:50:28.166+0000][2295.867s][info ][safepoint   ] Safepoint "G1CollectForAllocation", Time since last: 3196036691 ns, Reaching safepoint: 610124 ns, Cleanup: 4700 ns, At safepoint: 9346370 ns, Total: 9961194 ns
[2026-02-05T20:50:36.168+0000][2303.869s][debug][safepoint   ] Safepoint synchronization initiated using futex wait barrier. (387 threads)
[2026-02-05T20:50:36.168+0000][2303.869s][info ][safepoint   ] Safepoint "Cleanup", Time since last: 8001152770 ns, Reaching safepoint: 257610 ns, Cleanup: 28702 ns, At safepoint: 23101 ns, Total: 309413 ns
[2026-02-05T20:50:43.169+0000][2310.870s][debug][safepoint   ] Safepoint synchronization initiated using futex wait barrier. (387 threads)
[2026-02-05T20:50:43.169+0000][2310.870s][info ][safepoint   ] Safepoint "Cleanup", Time since last: 7001051994 ns, Reaching safepoint: 464519 ns, Cleanup: 17300 ns, At safepoint: 14701 ns, Total: 496520 ns
[2026-02-05T20:50:44.170+0000][2311.871s][debug][safepoint   ] Safepoint synchronization initiated using futex wait barrier. (387 threads)
[2026-02-05T20:50:44.170+0000][2311.871s][info ][safepoint   ] Safepoint "Cleanup", Time since last: 1000377084 ns, Reaching safepoint: 285311 ns, Cleanup: 12001 ns, At safepoint: 4400 ns, Total: 301712 ns
[2026-02-05T20:50:48.170+0000][2315.872s][debug][safepoint   ] Safepoint synchronization initiated using futex wait barrier. (387 threads)
[2026-02-05T20:50:48.171+0000][2315.873s][info ][safepoint   ] Safepoint "Cleanup", Time since last: 4000983758 ns, Reaching safepoint: 735028 ns, Cleanup: 41401 ns, At safepoint: 15501 ns, Total: 791930 ns
[2026-02-05T20:50:49.171+0000][2316.873s][debug][safepoint   ] Safepoint synchronization initiated using futex wait barrier. (387 threads)
[2026-02-05T20:50:49.172+0000][2316.874s][info ][safepoint   ] Safepoint "Cleanup", Time since last: 1000432937 ns, Reaching safepoint: 343114 ns, Cleanup: 28301 ns, At safepoint: 7900 ns, Total: 379315 ns
[2026-02-05T20:50:54.172+0000][2321.874s][debug][safepoint   ] Safepoint synchronization initiated using futex wait barrier. (387 threads)
[2026-02-05T20:50:54.173+0000][2321.875s][info ][safepoint   ] Safepoint "Cleanup", Time since last: 5000772649 ns, Reaching safepoint: 335613 ns, Cleanup: 36901 ns, At safepoint: 5200 ns, Total: 377714 ns
[2026-02-05T20:50:58.931+0000][2326.633s][debug][safepoint   ] Safepoint synchronization initiated using futex wait barrier. (387 threads)
[2026-02-05T20:50:58.932+0000][2326.634s][info ][gc,start    ] GC(138) Pause Young (Normal) (G1 Evacuation Pause)
[2026-02-05T20:50:58.932+0000][2326.635s][info ][gc,task     ] GC(138) Using 10 workers of 10 for evacuation
[2026-02-05T20:50:58.938+0000][2326.640s][info ][gc,phases   ] GC(138)   Pre Evacuate Collection Set: 0.5ms
[2026-02-05T20:50:58.938+0000][2326.640s][info ][gc,phases   ] GC(138)   Merge Heap Roots: 0.3ms
[2026-02-05T20:50:58.938+0000][2326.640s][info ][gc,phases   ] GC(138)   Evacuate Collection Set: 1.9ms
[2026-02-05T20:50:58.939+0000][2326.641s][info ][gc,phases   ] GC(138)   Post Evacuate Collection Set: 2.2ms
[2026-02-05T20:50:58.939+0000][2326.641s][info ][gc,phases   ] GC(138)   Other: 0.8ms
[2026-02-05T20:50:58.939+0000][2326.641s][info ][gc,heap     ] GC(138) Eden regions: 90->0(90)
[2026-02-05T20:50:58.939+0000][2326.641s][info ][gc,heap     ] GC(138) Survivor regions: 1->1(12)
[2026-02-05T20:50:58.939+0000][2326.641s][info ][gc,heap     ] GC(138) Old regions: 83->83
[2026-02-05T20:50:58.939+0000][2326.642s][info ][gc,heap     ] GC(138) Archive regions: 2->2
[2026-02-05T20:50:58.940+0000][2326.642s][info ][gc,heap     ] GC(138) Humongous regions: 0->0
[2026-02-05T20:50:58.940+0000][2326.642s][info ][gc,metaspace] GC(138) Metaspace: 196335K(198912K)->196335K(198912K) NonClass: 172690K(174016K)->172690K(174016K) Class: 23645K(24896K)->23645K(24896K)
[2026-02-05T20:50:58.940+0000][2326.642s][info ][gc          ] GC(138) Pause Young (Normal) (G1 Evacuation Pause) 346M->166M(394M) 7.963ms
[2026-02-05T20:50:58.940+0000][2326.642s][info ][gc,cpu      ] GC(138) User=0.01s Sys=0.01s Real=0.01s
[2026-02-05T20:50:58.941+0000][2326.643s][info ][safepoint   ] Safepoint "G1CollectForAllocation", Time since last: 4758475744 ns, Reaching safepoint: 809232 ns, Cleanup: 22400 ns, At safepoint: 8677336 ns, Total: 9508968 ns
[2026-02-05T20:51:27.054+0000][2354.757s][debug][safepoint   ] Safepoint synchronization initiated using futex wait barrier. (387 threads)
[2026-02-05T20:51:27.055+0000][2354.758s][info ][safepoint   ] Safepoint "Cleanup", Time since last: 28114220786 ns, Reaching safepoint: 732829 ns, Cleanup: 21301 ns, At safepoint: 38101 ns, Total: 792231 ns
[2026-02-05T20:51:28.055+0000][2355.758s][debug][safepoint   ] Safepoint synchronization initiated using futex wait barrier. (387 threads)
[2026-02-05T20:51:28.056+0000][2355.759s][info ][safepoint   ] Safepoint "Cleanup", Time since last: 1000388042 ns, Reaching safepoint: 417416 ns, Cleanup: 8901 ns, At safepoint: 101704 ns, Total: 528021 ns
[2026-02-05T20:51:32.037+0000][2359.740s][debug][safepoint   ] Safepoint synchronization initiated using futex wait barrier. (387 threads)
[2026-02-05T20:51:32.038+0000][2359.741s][info ][gc,start    ] GC(139) Pause Young (Normal) (G1 Evacuation Pause)
[2026-02-05T20:51:32.038+0000][2359.741s][info ][gc,task     ] GC(139) Using 10 workers of 10 for evacuation
[2026-02-05T20:51:32.042+0000][2359.745s][info ][gc,phases   ] GC(139)   Pre Evacuate Collection Set: 0.4ms
[2026-02-05T20:51:32.042+0000][2359.745s][info ][gc,phases   ] GC(139)   Merge Heap Roots: 0.2ms
[2026-02-05T20:51:32.042+0000][2359.745s][info ][gc,phases   ] GC(139)   Evacuate Collection Set: 1.3ms
[2026-02-05T20:51:32.042+0000][2359.746s][info ][gc,phases   ] GC(139)   Post Evacuate Collection Set: 1.6ms
[2026-02-05T20:51:32.043+0000][2359.746s][info ][gc,phases   ] GC(139)   Other: 0.7ms
[2026-02-05T20:51:32.043+0000][2359.746s][info ][gc,heap     ] GC(139) Eden regions: 90->0(90)
[2026-02-05T20:51:32.043+0000][2359.746s][info ][gc,heap     ] GC(139) Survivor regions: 1->1(12)
[2026-02-05T20:51:32.043+0000][2359.746s][info ][gc,heap     ] GC(139) Old regions: 83->83
[2026-02-05T20:51:32.043+0000][2359.746s][info ][gc,heap     ] GC(139) Archive regions: 2->2
[2026-02-05T20:51:32.043+0000][2359.747s][info ][gc,heap     ] GC(139) Humongous regions: 0->0
[2026-02-05T20:51:32.044+0000][2359.747s][info ][gc,metaspace] GC(139) Metaspace: 196335K(198912K)->196335K(198912K) NonClass: 172690K(174016K)->172690K(174016K) Class: 23645K(24896K)->23645K(24896K)
[2026-02-05T20:51:32.044+0000][2359.747s][info ][gc          ] GC(139) Pause Young (Normal) (G1 Evacuation Pause) 346M->166M(394M) 6.125ms
[2026-02-05T20:51:32.044+0000][2359.747s][info ][gc,cpu      ] GC(139) User=0.02s Sys=0.00s Real=0.00s
[2026-02-05T20:51:32.044+0000][2359.748s][info ][safepoint   ] Safepoint "G1CollectForAllocation", Time since last: 3981407079 ns, Reaching safepoint: 613924 ns, Cleanup: 5600 ns, At safepoint: 6890369 ns, Total: 7509893 ns
[2026-02-05T20:51:34.045+0000][2361.748s][debug][safepoint   ] Safepoint synchronization initiated using futex wait barrier. (387 threads)
[2026-02-05T20:51:34.046+0000][2361.749s][info ][safepoint   ] Safepoint "Cleanup", Time since last: 2000777527 ns, Reaching safepoint: 451017 ns, Cleanup: 42202 ns, At safepoint: 9100 ns, Total: 502319 ns
[2026-02-05T20:51:48.046+0000][2375.751s][debug][safepoint   ] Safepoint synchronization initiated using futex wait barrier. (387 threads)
[2026-02-05T20:51:48.048+0000][2375.752s][info ][safepoint   ] Safepoint "Cleanup", Time since last: 14001979082 ns, Reaching safepoint: 1237944 ns, Cleanup: 12900 ns, At safepoint: 5100 ns, Total: 1255944 ns
[2026-02-05T20:51:57.049+0000][2384.753s][debug][safepoint   ] Safepoint synchronization initiated using futex wait barrier. (387 threads)
[2026-02-05T20:51:57.049+0000][2384.754s][info ][safepoint   ] Safepoint "Cleanup", Time since last: 9001187935 ns, Reaching safepoint: 382715 ns, Cleanup: 10400 ns, At safepoint: 5601 ns, Total: 398716 ns
[2026-02-05T20:52:04.368+0000][2392.073s][debug][safepoint   ] Safepoint synchronization initiated using futex wait barrier. (387 threads)
[2026-02-05T20:52:04.369+0000][2392.073s][info ][gc,start    ] GC(140) Pause Young (Normal) (G1 Evacuation Pause)
[2026-02-05T20:52:04.369+0000][2392.074s][info ][gc,task     ] GC(140) Using 10 workers of 10 for evacuation
[2026-02-05T20:52:04.375+0000][2392.080s][info ][gc,phases   ] GC(140)   Pre Evacuate Collection Set: 0.7ms
[2026-02-05T20:52:04.376+0000][2392.081s][info ][gc,phases   ] GC(140)   Merge Heap Roots: 0.2ms
[2026-02-05T20:52:04.376+0000][2392.081s][info ][gc,phases   ] GC(140)   Evacuate Collection Set: 2.2ms
[2026-02-05T20:52:04.377+0000][2392.081s][info ][gc,phases   ] GC(140)   Post Evacuate Collection Set: 2.4ms
[2026-02-05T20:52:04.377+0000][2392.081s][info ][gc,phases   ] GC(140)   Other: 1.2ms
[2026-02-05T20:52:04.377+0000][2392.081s][info ][gc,heap     ] GC(140) Eden regions: 90->0(90)
[2026-02-05T20:52:04.377+0000][2392.082s][info ][gc,heap     ] GC(140) Survivor regions: 1->1(12)
[2026-02-05T20:52:04.377+0000][2392.082s][info ][gc,heap     ] GC(140) Old regions: 83->83
[2026-02-05T20:52:04.378+0000][2392.082s][info ][gc,heap     ] GC(140) Archive regions: 2->2
[2026-02-05T20:52:04.378+0000][2392.082s][info ][gc,heap     ] GC(140) Humongous regions: 0->0
[2026-02-05T20:52:04.378+0000][2392.082s][info ][gc,metaspace] GC(140) Metaspace: 196335K(198912K)->196335K(198912K) NonClass: 172690K(174016K)->172690K(174016K) Class: 23645K(24896K)->23645K(24896K)
[2026-02-05T20:52:04.378+0000][2392.083s][info ][gc          ] GC(140) Pause Young (Normal) (G1 Evacuation Pause) 346M->166M(394M) 9.228ms
[2026-02-05T20:52:04.378+0000][2392.083s][info ][gc,cpu      ] GC(140) User=0.03s Sys=0.00s Real=0.01s
[2026-02-05T20:52:04.379+0000][2392.083s][info ][safepoint   ] Safepoint "G1CollectForAllocation", Time since last: 7318856974 ns, Reaching safepoint: 602224 ns, Cleanup: 6100 ns, At safepoint: 10111192 ns, Total: 10719516 ns
[2026-02-05T20:52:25.148+0000][2412.854s][debug][safepoint   ] Safepoint synchronization initiated using futex wait barrier. (387 threads)
[2026-02-05T20:52:25.149+0000][2412.855s][info ][safepoint   ] Safepoint "Cleanup", Time since last: 20770503343 ns, Reaching safepoint: 811931 ns, Cleanup: 67602 ns, At safepoint: 42902 ns, Total: 922435 ns
[2026-02-05T20:52:35.721+0000][2423.427s][debug][safepoint   ] Safepoint synchronization initiated using futex wait barrier. (387 threads)
[2026-02-05T20:52:35.722+0000][2423.428s][info ][gc,start    ] GC(141) Pause Young (Normal) (G1 Evacuation Pause)
[2026-02-05T20:52:35.722+0000][2423.428s][info ][gc,task     ] GC(141) Using 10 workers of 10 for evacuation
[2026-02-05T20:52:35.727+0000][2423.433s][info ][gc,phases   ] GC(141)   Pre Evacuate Collection Set: 0.7ms
[2026-02-05T20:52:35.727+0000][2423.433s][info ][gc,phases   ] GC(141)   Merge Heap Roots: 0.2ms
[2026-02-05T20:52:35.728+0000][2423.434s][info ][gc,phases   ] GC(141)   Evacuate Collection Set: 1.4ms
[2026-02-05T20:52:35.728+0000][2423.434s][info ][gc,phases   ] GC(141)   Post Evacuate Collection Set: 1.8ms
[2026-02-05T20:52:35.728+0000][2423.434s][info ][gc,phases   ] GC(141)   Other: 0.8ms
[2026-02-05T20:52:35.728+0000][2423.434s][info ][gc,heap     ] GC(141) Eden regions: 90->0(90)
[2026-02-05T20:52:35.728+0000][2423.434s][info ][gc,heap     ] GC(141) Survivor regions: 1->1(12)
[2026-02-05T20:52:35.729+0000][2423.435s][info ][gc,heap     ] GC(141) Old regions: 83->83
[2026-02-05T20:52:35.729+0000][2423.435s][info ][gc,heap     ] GC(141) Archive regions: 2->2
[2026-02-05T20:52:35.729+0000][2423.435s][info ][gc,heap     ] GC(141) Humongous regions: 0->0
[2026-02-05T20:52:35.729+0000][2423.435s][info ][gc,metaspace] GC(141) Metaspace: 196346K(198976K)->196346K(198976K) NonClass: 172701K(174080K)->172701K(174080K) Class: 23645K(24896K)->23645K(24896K)
[2026-02-05T20:52:35.729+0000][2423.435s][info ][gc          ] GC(141) Pause Young (Normal) (G1 Evacuation Pause) 346M->166M(394M) 7.221ms
[2026-02-05T20:52:35.730+0000][2423.435s][info ][gc,cpu      ] GC(141) User=0.02s Sys=0.00s Real=0.01s
[2026-02-05T20:52:35.730+0000][2423.436s][info ][safepoint   ] Safepoint "G1CollectForAllocation", Time since last: 10572695585 ns, Reaching safepoint: 507220 ns, Cleanup: 6400 ns, At safepoint: 8131516 ns, Total: 8645136 ns
[2026-02-05T20:52:43.732+0000][2431.438s][debug][safepoint   ] Safepoint synchronization initiated using futex wait barrier. (387 threads)
[2026-02-05T20:52:43.732+0000][2431.438s][info ][safepoint   ] Safepoint "Cleanup", Time since last: 8001565540 ns, Reaching safepoint: 327013 ns, Cleanup: 36901 ns, At safepoint: 6900 ns, Total: 370814 ns
[2026-02-05T20:52:58.733+0000][2446.440s][debug][safepoint   ] Safepoint synchronization initiated using futex wait barrier. (387 threads)
[2026-02-05T20:52:58.742+0000][2446.449s][info ][safepoint   ] Safepoint "Cleanup", Time since last: 15002242730 ns, Reaching safepoint: 8311722 ns, Cleanup: 43201 ns, At safepoint: 355114 ns, Total: 8710037 ns
[2026-02-05T20:52:59.742+0000][2447.449s][debug][safepoint   ] Safepoint synchronization initiated using futex wait barrier. (387 threads)
[2026-02-05T20:52:59.743+0000][2447.450s][info ][safepoint   ] Safepoint "Cleanup", Time since last: 1000424170 ns, Reaching safepoint: 871133 ns, Cleanup: 56702 ns, At safepoint: 35002 ns, Total: 962837 ns
[2026-02-05T20:53:02.744+0000][2450.451s][debug][safepoint   ] Safepoint synchronization initiated using futex wait barrier. (387 threads)
[2026-02-05T20:53:02.744+0000][2450.451s][info ][safepoint   ] Safepoint "Cleanup", Time since last: 3000597737 ns, Reaching safepoint: 326713 ns, Cleanup: 12300 ns, At safepoint: 4301 ns, Total: 343314 ns
[2026-02-05T20:53:04.745+0000][2452.452s][debug][safepoint   ] Safepoint synchronization initiated using futex wait barrier. (387 threads)
[2026-02-05T20:53:04.745+0000][2452.452s][info ][safepoint   ] Safepoint "Cleanup", Time since last: 2000383683 ns, Reaching safepoint: 255810 ns, Cleanup: 10301 ns, At safepoint: 4300 ns, Total: 270411 ns
[2026-02-05T20:53:08.496+0000][2456.203s][debug][safepoint   ] Safepoint synchronization initiated using futex wait barrier. (387 threads)
[2026-02-05T20:53:08.497+0000][2456.204s][info ][gc,start    ] GC(142) Pause Young (Normal) (G1 Evacuation Pause)
[2026-02-05T20:53:08.497+0000][2456.204s][info ][gc,task     ] GC(142) Using 10 workers of 10 for evacuation
[2026-02-05T20:53:08.501+0000][2456.208s][info ][gc,phases   ] GC(142)   Pre Evacuate Collection Set: 0.4ms
[2026-02-05T20:53:08.501+0000][2456.208s][info ][gc,phases   ] GC(142)   Merge Heap Roots: 0.2ms
[2026-02-05T20:53:08.501+0000][2456.209s][info ][gc,phases   ] GC(142)   Evacuate Collection Set: 1.0ms
[2026-02-05T20:53:08.502+0000][2456.209s][info ][gc,phases   ] GC(142)   Post Evacuate Collection Set: 1.8ms
[2026-02-05T20:53:08.502+0000][2456.209s][info ][gc,phases   ] GC(142)   Other: 1.0ms
[2026-02-05T20:53:08.502+0000][2456.209s][info ][gc,heap     ] GC(142) Eden regions: 90->0(90)
[2026-02-05T20:53:08.502+0000][2456.209s][info ][gc,heap     ] GC(142) Survivor regions: 1->1(12)
[2026-02-05T20:53:08.502+0000][2456.209s][info ][gc,heap     ] GC(142) Old regions: 83->83
[2026-02-05T20:53:08.502+0000][2456.210s][info ][gc,heap     ] GC(142) Archive regions: 2->2
[2026-02-05T20:53:08.503+0000][2456.210s][info ][gc,heap     ] GC(142) Humongous regions: 0->0
[2026-02-05T20:53:08.503+0000][2456.210s][info ][gc,metaspace] GC(142) Metaspace: 196348K(198976K)->196348K(198976K) NonClass: 172703K(174080K)->172703K(174080K) Class: 23645K(24896K)->23645K(24896K)
[2026-02-05T20:53:08.503+0000][2456.210s][info ][gc          ] GC(142) Pause Young (Normal) (G1 Evacuation Pause) 346M->166M(394M) 6.183ms
[2026-02-05T20:53:08.503+0000][2456.210s][info ][gc,cpu      ] GC(142) User=0.01s Sys=0.00s Real=0.00s
[2026-02-05T20:53:08.503+0000][2456.210s][info ][safepoint   ] Safepoint "G1CollectForAllocation", Time since last: 3750853362 ns, Reaching safepoint: 864234 ns, Cleanup: 5100 ns, At safepoint: 6763463 ns, Total: 7632797 ns
[2026-02-05T20:53:18.236+0000][2465.946s][debug][safepoint   ] Safepoint synchronization initiated using futex wait barrier. (387 threads)
[2026-02-05T20:53:18.237+0000][2465.946s][info ][safepoint   ] Safepoint "Cleanup", Time since last: 9735208850 ns, Reaching safepoint: 537118 ns, Cleanup: 10700 ns, At safepoint: 66202 ns, Total: 614020 ns
[2026-02-05T20:53:21.237+0000][2468.947s][debug][safepoint   ] Safepoint synchronization initiated using futex wait barrier. (387 threads)
[2026-02-05T20:53:21.238+0000][2468.947s][info ][safepoint   ] Safepoint "Cleanup", Time since last: 3000516951 ns, Reaching safepoint: 332511 ns, Cleanup: 14301 ns, At safepoint: 6100 ns, Total: 352912 ns
[2026-02-05T20:53:29.239+0000][2476.948s][debug][safepoint   ] Safepoint synchronization initiated using futex wait barrier. (387 threads)
[2026-02-05T20:53:29.239+0000][2476.948s][info ][safepoint   ] Safepoint "Cleanup", Time since last: 8001013451 ns, Reaching safepoint: 329716 ns, Cleanup: 9601 ns, At safepoint: 25401 ns, Total: 364718 ns
[2026-02-05T20:53:37.240+0000][2484.950s][debug][safepoint   ] Safepoint synchronization initiated using futex wait barrier. (387 threads)
[2026-02-05T20:53:37.241+0000][2484.950s][info ][safepoint   ] Safepoint "Cleanup", Time since last: 8001158133 ns, Reaching safepoint: 520820 ns, Cleanup: 9400 ns, At safepoint: 9401 ns, Total: 539621 ns
[2026-02-05T20:53:40.547+0000][2488.256s][debug][safepoint   ] Safepoint synchronization initiated using futex wait barrier. (387 threads)
[2026-02-05T20:53:40.547+0000][2488.256s][info ][gc,start    ] GC(143) Pause Young (Normal) (G1 Evacuation Pause)
[2026-02-05T20:53:40.547+0000][2488.257s][info ][gc,task     ] GC(143) Using 10 workers of 10 for evacuation
[2026-02-05T20:53:40.554+0000][2488.264s][info ][gc,phases   ] GC(143)   Pre Evacuate Collection Set: 0.5ms
[2026-02-05T20:53:40.555+0000][2488.264s][info ][gc,phases   ] GC(143)   Merge Heap Roots: 0.2ms
[2026-02-05T20:53:40.555+0000][2488.264s][info ][gc,phases   ] GC(143)   Evacuate Collection Set: 3.9ms
[2026-02-05T20:53:40.555+0000][2488.265s][info ][gc,phases   ] GC(143)   Post Evacuate Collection Set: 2.2ms
[2026-02-05T20:53:40.555+0000][2488.265s][info ][gc,phases   ] GC(143)   Other: 0.7ms
[2026-02-05T20:53:40.556+0000][2488.265s][info ][gc,heap     ] GC(143) Eden regions: 90->0(90)
[2026-02-05T20:53:40.556+0000][2488.265s][info ][gc,heap     ] GC(143) Survivor regions: 1->1(12)
[2026-02-05T20:53:40.556+0000][2488.265s][info ][gc,heap     ] GC(143) Old regions: 83->83
[2026-02-05T20:53:40.556+0000][2488.265s][info ][gc,heap     ] GC(143) Archive regions: 2->2
[2026-02-05T20:53:40.556+0000][2488.266s][info ][gc,heap     ] GC(143) Humongous regions: 0->0
[2026-02-05T20:53:40.556+0000][2488.266s][info ][gc,metaspace] GC(143) Metaspace: 196353K(198976K)->196353K(198976K) NonClass: 172707K(174080K)->172707K(174080K) Class: 23645K(24896K)->23645K(24896K)
[2026-02-05T20:53:40.557+0000][2488.266s][info ][gc          ] GC(143) Pause Young (Normal) (G1 Evacuation Pause) 346M->166M(394M) 9.681ms
[2026-02-05T20:53:40.557+0000][2488.266s][info ][gc,cpu      ] GC(143) User=0.01s Sys=0.02s Real=0.01s
[2026-02-05T20:53:40.557+0000][2488.267s][info ][safepoint   ] Safepoint "G1CollectForAllocation", Time since last: 3305786137 ns, Reaching safepoint: 289111 ns, Cleanup: 5801 ns, At safepoint: 10392104 ns, Total: 10687016 ns
[2026-02-05T20:53:53.557+0000][2501.268s][debug][safepoint   ] Safepoint synchronization initiated using futex wait barrier. (387 threads)
[2026-02-05T20:53:53.557+0000][2501.269s][info ][safepoint   ] Safepoint "Cleanup", Time since last: 13001653481 ns, Reaching safepoint: 308213 ns, Cleanup: 40001 ns, At safepoint: 18401 ns, Total: 366615 ns
[2026-02-05T20:53:54.558+0000][2502.269s][debug][safepoint   ] Safepoint synchronization initiated using futex wait barrier. (387 threads)
[2026-02-05T20:53:54.558+0000][2502.269s][info ][safepoint   ] Safepoint "Cleanup", Time since last: 1000342963 ns, Reaching safepoint: 341515 ns, Cleanup: 12000 ns, At safepoint: 4500 ns, Total: 358015 ns
[2026-02-05T20:53:57.559+0000][2505.270s][debug][safepoint   ] Safepoint synchronization initiated using futex wait barrier. (387 threads)
[2026-02-05T20:53:57.559+0000][2505.270s][info ][safepoint   ] Safepoint "Cleanup", Time since last: 3000443972 ns, Reaching safepoint: 253718 ns, Cleanup: 36202 ns, At safepoint: 12401 ns, Total: 302321 ns
[2026-02-05T20:53:58.559+0000][2506.270s][debug][safepoint   ] Safepoint synchronization initiated using futex wait barrier. (387 threads)
[2026-02-05T20:53:58.560+0000][2506.271s][info ][safepoint   ] Safepoint "Cleanup", Time since last: 1000238591 ns, Reaching safepoint: 451130 ns, Cleanup: 14901 ns, At safepoint: 24102 ns, Total: 490133 ns
[2026-02-05T20:54:06.561+0000][2514.272s][debug][safepoint   ] Safepoint synchronization initiated using futex wait barrier. (387 threads)
[2026-02-05T20:54:06.562+0000][2514.273s][info ][safepoint   ] Safepoint "Cleanup", Time since last: 8001271802 ns, Reaching safepoint: 665046 ns, Cleanup: 15201 ns, At safepoint: 6101 ns, Total: 686348 ns
[2026-02-05T20:54:07.562+0000][2515.273s][debug][safepoint   ] Safepoint synchronization initiated using futex wait barrier. (387 threads)
[2026-02-05T20:54:07.562+0000][2515.274s][info ][safepoint   ] Safepoint "Cleanup", Time since last: 1000397594 ns, Reaching safepoint: 313722 ns, Cleanup: 10501 ns, At safepoint: 4200 ns, Total: 328423 ns
[2026-02-05T20:54:12.270+0000][2519.982s][debug][safepoint   ] Safepoint synchronization initiated using futex wait barrier. (387 threads)
[2026-02-05T20:54:12.271+0000][2519.982s][info ][gc,start    ] GC(144) Pause Young (Normal) (G1 Evacuation Pause)
[2026-02-05T20:54:12.271+0000][2519.982s][info ][gc,task     ] GC(144) Using 10 workers of 10 for evacuation
[2026-02-05T20:54:12.274+0000][2519.986s][info ][gc,phases   ] GC(144)   Pre Evacuate Collection Set: 0.3ms
[2026-02-05T20:54:12.274+0000][2519.986s][info ][gc,phases   ] GC(144)   Merge Heap Roots: 0.2ms
[2026-02-05T20:54:12.275+0000][2519.986s][info ][gc,phases   ] GC(144)   Evacuate Collection Set: 1.1ms
[2026-02-05T20:54:12.275+0000][2519.986s][info ][gc,phases   ] GC(144)   Post Evacuate Collection Set: 1.5ms
[2026-02-05T20:54:12.275+0000][2519.986s][info ][gc,phases   ] GC(144)   Other: 0.5ms
[2026-02-05T20:54:12.275+0000][2519.986s][info ][gc,heap     ] GC(144) Eden regions: 90->0(90)
[2026-02-05T20:54:12.275+0000][2519.986s][info ][gc,heap     ] GC(144) Survivor regions: 1->1(12)
[2026-02-05T20:54:12.275+0000][2519.987s][info ][gc,heap     ] GC(144) Old regions: 83->83
[2026-02-05T20:54:12.275+0000][2519.987s][info ][gc,heap     ] GC(144) Archive regions: 2->2
[2026-02-05T20:54:12.276+0000][2519.987s][info ][gc,heap     ] GC(144) Humongous regions: 0->0
[2026-02-05T20:54:12.276+0000][2519.987s][info ][gc,metaspace] GC(144) Metaspace: 196361K(198976K)->196361K(198976K) NonClass: 172715K(174080K)->172715K(174080K) Class: 23645K(24896K)->23645K(24896K)
[2026-02-05T20:54:12.276+0000][2519.987s][info ][gc          ] GC(144) Pause Young (Normal) (G1 Evacuation Pause) 346M->166M(394M) 5.149ms
[2026-02-05T20:54:12.276+0000][2519.987s][info ][gc,cpu      ] GC(144) User=0.02s Sys=0.00s Real=0.00s
[2026-02-05T20:54:12.276+0000][2519.988s][info ][safepoint   ] Safepoint "G1CollectForAllocation", Time since last: 4708193192 ns, Reaching safepoint: 266019 ns, Cleanup: 4100 ns, At safepoint: 5716797 ns, Total: 5986916 ns
[2026-02-05T20:54:40.328+0000][2548.041s][debug][safepoint   ] Safepoint synchronization initiated using futex wait barrier. (387 threads)
[2026-02-05T20:54:40.329+0000][2548.042s][info ][safepoint   ] Safepoint "Cleanup", Time since last: 28052783419 ns, Reaching safepoint: 1235164 ns, Cleanup: 39502 ns, At safepoint: 51202 ns, Total: 1325868 ns
[2026-02-05T20:54:45.198+0000][2552.910s][debug][safepoint   ] Safepoint synchronization initiated using futex wait barrier. (387 threads)
[2026-02-05T20:54:45.198+0000][2552.911s][info ][gc,start    ] GC(145) Pause Young (Normal) (G1 Evacuation Pause)
[2026-02-05T20:54:45.199+0000][2552.911s][info ][gc,task     ] GC(145) Using 10 workers of 10 for evacuation
[2026-02-05T20:54:45.203+0000][2552.915s][info ][gc,phases   ] GC(145)   Pre Evacuate Collection Set: 0.4ms
[2026-02-05T20:54:45.203+0000][2552.915s][info ][gc,phases   ] GC(145)   Merge Heap Roots: 0.2ms
[2026-02-05T20:54:45.203+0000][2552.915s][info ][gc,phases   ] GC(145)   Evacuate Collection Set: 1.2ms
[2026-02-05T20:54:45.203+0000][2552.916s][info ][gc,phases   ] GC(145)   Post Evacuate Collection Set: 1.7ms
[2026-02-05T20:54:45.203+0000][2552.916s][info ][gc,phases   ] GC(145)   Other: 0.9ms
[2026-02-05T20:54:45.203+0000][2552.916s][info ][gc,heap     ] GC(145) Eden regions: 90->0(90)
[2026-02-05T20:54:45.204+0000][2552.916s][info ][gc,heap     ] GC(145) Survivor regions: 1->1(12)
[2026-02-05T20:54:45.204+0000][2552.916s][info ][gc,heap     ] GC(145) Old regions: 83->83
[2026-02-05T20:54:45.204+0000][2552.916s][info ][gc,heap     ] GC(145) Archive regions: 2->2
[2026-02-05T20:54:45.204+0000][2552.917s][info ][gc,heap     ] GC(145) Humongous regions: 0->0
[2026-02-05T20:54:45.204+0000][2552.917s][info ][gc,metaspace] GC(145) Metaspace: 196376K(198976K)->196376K(198976K) NonClass: 172730K(174080K)->172730K(174080K) Class: 23645K(24896K)->23645K(24896K)
[2026-02-05T20:54:45.204+0000][2552.917s][info ][gc          ] GC(145) Pause Young (Normal) (G1 Evacuation Pause) 346M->166M(394M) 6.170ms
[2026-02-05T20:54:45.205+0000][2552.917s][info ][gc,cpu      ] GC(145) User=0.01s Sys=0.01s Real=0.01s
[2026-02-05T20:54:45.205+0000][2552.918s][info ][safepoint   ] Safepoint "G1CollectForAllocation", Time since last: 4868348078 ns, Reaching safepoint: 483024 ns, Cleanup: 4901 ns, At safepoint: 6836350 ns, Total: 7324275 ns
[2026-02-05T20:54:54.205+0000][2561.919s][debug][safepoint   ] Safepoint synchronization initiated using futex wait barrier. (387 threads)
[2026-02-05T20:54:54.205+0000][2561.919s][info ][safepoint   ] Safepoint "Cleanup", Time since last: 9001370956 ns, Reaching safepoint: 508741 ns, Cleanup: 33103 ns, At safepoint: 16501 ns, Total: 558345 ns
[2026-02-05T20:54:58.206+0000][2565.920s][debug][safepoint   ] Safepoint synchronization initiated using futex wait barrier. (387 threads)
[2026-02-05T20:54:58.206+0000][2565.921s][info ][safepoint   ] Safepoint "Cleanup", Time since last: 4000865912 ns, Reaching safepoint: 450037 ns, Cleanup: 44104 ns, At safepoint: 8100 ns, Total: 502241 ns
[2026-02-05T20:55:05.208+0000][2572.923s][debug][safepoint   ] Safepoint synchronization initiated using futex wait barrier. (387 threads)
[2026-02-05T20:55:05.209+0000][2572.923s][info ][safepoint   ] Safepoint "Cleanup", Time since last: 7001730439 ns, Reaching safepoint: 758347 ns, Cleanup: 19702 ns, At safepoint: 18601 ns, Total: 796650 ns
[2026-02-05T20:55:06.209+0000][2573.924s][debug][safepoint   ] Safepoint synchronization initiated using futex wait barrier. (387 threads)
[2026-02-05T20:55:06.210+0000][2573.924s][info ][safepoint   ] Safepoint "Cleanup", Time since last: 1000478847 ns, Reaching safepoint: 290218 ns, Cleanup: 12901 ns, At safepoint: 4200 ns, Total: 307319 ns
[2026-02-05T20:55:09.210+0000][2576.925s][debug][safepoint   ] Safepoint synchronization initiated using futex wait barrier. (387 threads)
[2026-02-05T20:55:09.211+0000][2576.925s][info ][safepoint   ] Safepoint "Cleanup", Time since last: 3000518384 ns, Reaching safepoint: 609438 ns, Cleanup: 47003 ns, At safepoint: 34002 ns, Total: 690443 ns
[2026-02-05T20:55:16.811+0000][2584.525s][debug][safepoint   ] Safepoint synchronization initiated using futex wait barrier. (387 threads)
[2026-02-05T20:55:16.812+0000][2584.526s][info ][gc,start    ] GC(146) Pause Young (Normal) (G1 Evacuation Pause)
[2026-02-05T20:55:16.812+0000][2584.526s][info ][gc,task     ] GC(146) Using 10 workers of 10 for evacuation
[2026-02-05T20:55:16.816+0000][2584.531s][info ][gc,phases   ] GC(146)   Pre Evacuate Collection Set: 0.5ms
[2026-02-05T20:55:16.817+0000][2584.531s][info ][gc,phases   ] GC(146)   Merge Heap Roots: 0.2ms
[2026-02-05T20:55:16.817+0000][2584.531s][info ][gc,phases   ] GC(146)   Evacuate Collection Set: 2.0ms
[2026-02-05T20:55:16.817+0000][2584.532s][info ][gc,phases   ] GC(146)   Post Evacuate Collection Set: 1.3ms
[2026-02-05T20:55:16.818+0000][2584.532s][info ][gc,phases   ] GC(146)   Other: 1.0ms
[2026-02-05T20:55:16.818+0000][2584.532s][info ][gc,heap     ] GC(146) Eden regions: 90->0(90)
[2026-02-05T20:55:16.818+0000][2584.532s][info ][gc,heap     ] GC(146) Survivor regions: 1->1(12)
[2026-02-05T20:55:16.818+0000][2584.533s][info ][gc,heap     ] GC(146) Old regions: 83->83
[2026-02-05T20:55:16.819+0000][2584.533s][info ][gc,heap     ] GC(146) Archive regions: 2->2
[2026-02-05T20:55:16.819+0000][2584.533s][info ][gc,heap     ] GC(146) Humongous regions: 0->0
[2026-02-05T20:55:16.819+0000][2584.533s][info ][gc,metaspace] GC(146) Metaspace: 196390K(199040K)->196390K(199040K) NonClass: 172744K(174144K)->172744K(174144K) Class: 23645K(24896K)->23645K(24896K)
[2026-02-05T20:55:16.819+0000][2584.533s][info ][gc          ] GC(146) Pause Young (Normal) (G1 Evacuation Pause) 346M->166M(394M) 7.433ms
[2026-02-05T20:55:16.819+0000][2584.534s][info ][gc,cpu      ] GC(146) User=0.01s Sys=0.00s Real=0.01s
[2026-02-05T20:55:16.820+0000][2584.534s][info ][safepoint   ] Safepoint "G1CollectForAllocation", Time since last: 7600107818 ns, Reaching safepoint: 391420 ns, Cleanup: 8100 ns, At safepoint: 8306127 ns, Total: 8705647 ns
[2026-02-05T20:55:23.820+0000][2591.536s][debug][safepoint   ] Safepoint synchronization initiated using futex wait barrier. (387 threads)
[2026-02-05T20:55:23.821+0000][2591.536s][info ][safepoint   ] Safepoint "Cleanup", Time since last: 7001573358 ns, Reaching safepoint: 563602 ns, Cleanup: 53700 ns, At safepoint: 24600 ns, Total: 641902 ns
[2026-02-05T20:55:33.822+0000][2601.538s][debug][safepoint   ] Safepoint synchronization initiated using futex wait barrier. (387 threads)
[2026-02-05T20:55:33.823+0000][2601.538s][info ][safepoint   ] Safepoint "Cleanup", Time since last: 10001604664 ns, Reaching safepoint: 302615 ns, Cleanup: 31602 ns, At safepoint: 6800 ns, Total: 341017 ns
[2026-02-05T20:55:36.823+0000][2604.539s][debug][safepoint   ] Safepoint synchronization initiated using futex wait barrier. (387 threads)
[2026-02-05T20:55:36.824+0000][2604.539s][info ][safepoint   ] Safepoint "Cleanup", Time since last: 3000625166 ns, Reaching safepoint: 519627 ns, Cleanup: 11601 ns, At safepoint: 8300 ns, Total: 539528 ns
[2026-02-05T20:55:37.824+0000][2605.540s][debug][safepoint   ] Safepoint synchronization initiated using futex wait barrier. (387 threads)
[2026-02-05T20:55:37.824+0000][2605.540s][info ][safepoint   ] Safepoint "Cleanup", Time since last: 1000357363 ns, Reaching safepoint: 254113 ns, Cleanup: 11401 ns, At safepoint: 4600 ns, Total: 270114 ns
[2026-02-05T20:55:39.825+0000][2607.540s][debug][safepoint   ] Safepoint synchronization initiated using futex wait barrier. (387 threads)
[2026-02-05T20:55:39.825+0000][2607.541s][info ][safepoint   ] Safepoint "Cleanup", Time since last: 2000338006 ns, Reaching safepoint: 277215 ns, Cleanup: 14201 ns, At safepoint: 5100 ns, Total: 296516 ns
[2026-02-05T20:55:42.826+0000][2610.541s][debug][safepoint   ] Safepoint synchronization initiated using futex wait barrier. (388 threads)
[2026-02-05T20:55:42.826+0000][2610.541s][info ][safepoint   ] Safepoint "Cleanup", Time since last: 3000496676 ns, Reaching safepoint: 217704 ns, Cleanup: 18200 ns, At safepoint: 4700 ns, Total: 240604 ns
[2026-02-05T20:55:43.826+0000][2611.542s][debug][safepoint   ] Safepoint synchronization initiated using futex wait barrier. (387 threads)
[2026-02-05T20:55:43.827+0000][2611.542s][info ][safepoint   ] Safepoint "Cleanup", Time since last: 1000344302 ns, Reaching safepoint: 503509 ns, Cleanup: 20200 ns, At safepoint: 52201 ns, Total: 575910 ns
[2026-02-05T20:55:48.831+0000][2616.548s][debug][safepoint   ] Safepoint synchronization initiated using futex wait barrier. (387 threads)
[2026-02-05T20:55:48.832+0000][2616.550s][info ][gc,start    ] GC(147) Pause Young (Normal) (G1 Evacuation Pause)
[2026-02-05T20:55:48.833+0000][2616.550s][info ][gc,task     ] GC(147) Using 10 workers of 10 for evacuation
[2026-02-05T20:55:48.838+0000][2616.555s][info ][gc,phases   ] GC(147)   Pre Evacuate Collection Set: 0.5ms
[2026-02-05T20:55:48.838+0000][2616.555s][info ][gc,phases   ] GC(147)   Merge Heap Roots: 0.3ms
[2026-02-05T20:55:48.838+0000][2616.555s][info ][gc,phases   ] GC(147)   Evacuate Collection Set: 1.9ms
[2026-02-05T20:55:48.838+0000][2616.555s][info ][gc,phases   ] GC(147)   Post Evacuate Collection Set: 1.7ms
[2026-02-05T20:55:48.838+0000][2616.555s][info ][gc,phases   ] GC(147)   Other: 0.9ms
[2026-02-05T20:55:48.838+0000][2616.555s][info ][gc,heap     ] GC(147) Eden regions: 90->0(90)
[2026-02-05T20:55:48.839+0000][2616.556s][info ][gc,heap     ] GC(147) Survivor regions: 1->1(12)
[2026-02-05T20:55:48.839+0000][2616.556s][info ][gc,heap     ] GC(147) Old regions: 83->83
[2026-02-05T20:55:48.839+0000][2616.556s][info ][gc,heap     ] GC(147) Archive regions: 2->2
[2026-02-05T20:55:48.839+0000][2616.556s][info ][gc,heap     ] GC(147) Humongous regions: 0->0
[2026-02-05T20:55:48.839+0000][2616.556s][info ][gc,metaspace] GC(147) Metaspace: 196416K(199040K)->196416K(199040K) NonClass: 172771K(174144K)->172771K(174144K) Class: 23645K(24896K)->23645K(24896K)
[2026-02-05T20:55:48.839+0000][2616.556s][info ][gc          ] GC(147) Pause Young (Normal) (G1 Evacuation Pause) 346M->166M(394M) 6.751ms
[2026-02-05T20:55:48.839+0000][2616.556s][info ][gc,cpu      ] GC(147) User=0.02s Sys=0.00s Real=0.01s
[2026-02-05T20:55:48.840+0000][2616.557s][info ][safepoint   ] Safepoint "G1CollectForAllocation", Time since last: 5005978666 ns, Reaching safepoint: 1037752 ns, Cleanup: 6201 ns, At safepoint: 7457974 ns, Total: 8501927 ns
[2026-02-05T20:56:19.505+0000][2647.224s][debug][safepoint   ] Safepoint synchronization initiated using futex wait barrier. (387 threads)
[2026-02-05T20:56:19.506+0000][2647.225s][info ][safepoint   ] Safepoint "Cleanup", Time since last: 30667341167 ns, Reaching safepoint: 479422 ns, Cleanup: 34602 ns, At safepoint: 8701 ns, Total: 522725 ns
[2026-02-05T20:56:21.803+0000][2649.522s][debug][safepoint   ] Safepoint synchronization initiated using futex wait barrier. (387 threads)
[2026-02-05T20:56:21.803+0000][2649.522s][info ][gc,start    ] GC(148) Pause Young (Normal) (G1 Evacuation Pause)
[2026-02-05T20:56:21.804+0000][2649.523s][info ][gc,task     ] GC(148) Using 10 workers of 10 for evacuation
[2026-02-05T20:56:21.807+0000][2649.526s][info ][gc,phases   ] GC(148)   Pre Evacuate Collection Set: 0.3ms
[2026-02-05T20:56:21.807+0000][2649.526s][info ][gc,phases   ] GC(148)   Merge Heap Roots: 0.2ms
[2026-02-05T20:56:21.808+0000][2649.526s][info ][gc,phases   ] GC(148)   Evacuate Collection Set: 1.7ms
[2026-02-05T20:56:21.808+0000][2649.527s][info ][gc,phases   ] GC(148)   Post Evacuate Collection Set: 1.1ms
[2026-02-05T20:56:21.808+0000][2649.527s][info ][gc,phases   ] GC(148)   Other: 0.6ms
[2026-02-05T20:56:21.808+0000][2649.527s][info ][gc,heap     ] GC(148) Eden regions: 90->0(90)
[2026-02-05T20:56:21.808+0000][2649.527s][info ][gc,heap     ] GC(148) Survivor regions: 1->1(12)
[2026-02-05T20:56:21.808+0000][2649.527s][info ][gc,heap     ] GC(148) Old regions: 83->83
[2026-02-05T20:56:21.809+0000][2649.527s][info ][gc,heap     ] GC(148) Archive regions: 2->2
[2026-02-05T20:56:21.809+0000][2649.528s][info ][gc,heap     ] GC(148) Humongous regions: 0->0
[2026-02-05T20:56:21.809+0000][2649.528s][info ][gc,metaspace] GC(148) Metaspace: 196418K(199040K)->196418K(199040K) NonClass: 172772K(174144K)->172772K(174144K) Class: 23645K(24896K)->23645K(24896K)
[2026-02-05T20:56:21.809+0000][2649.528s][info ][gc          ] GC(148) Pause Young (Normal) (G1 Evacuation Pause) 346M->166M(394M) 5.673ms
[2026-02-05T20:56:21.809+0000][2649.528s][info ][gc,cpu      ] GC(148) User=0.02s Sys=0.00s Real=0.00s
[2026-02-05T20:56:21.810+0000][2649.529s][info ][safepoint   ] Safepoint "G1CollectForAllocation", Time since last: 2297167408 ns, Reaching safepoint: 311914 ns, Cleanup: 4201 ns, At safepoint: 6333303 ns, Total: 6649418 ns
[2026-02-05T20:56:35.812+0000][2663.530s][debug][safepoint   ] Safepoint synchronization initiated using futex wait barrier. (387 threads)
[2026-02-05T20:56:35.812+0000][2663.531s][info ][safepoint   ] Safepoint "Cleanup", Time since last: 14001859948 ns, Reaching safepoint: 317416 ns, Cleanup: 39602 ns, At safepoint: 9400 ns, Total: 366418 ns
[2026-02-05T20:56:36.812+0000][2664.531s][debug][safepoint   ] Safepoint synchronization initiated using futex wait barrier. (387 threads)
[2026-02-05T20:56:36.813+0000][2664.531s][info ][safepoint   ] Safepoint "Cleanup", Time since last: 1000284586 ns, Reaching safepoint: 306915 ns, Cleanup: 13901 ns, At safepoint: 5600 ns, Total: 326416 ns
[2026-02-05T20:56:37.813+0000][2665.532s][debug][safepoint   ] Safepoint synchronization initiated using futex wait barrier. (387 threads)
[2026-02-05T20:56:37.813+0000][2665.532s][info ][safepoint   ] Safepoint "Cleanup", Time since last: 1000278653 ns, Reaching safepoint: 348217 ns, Cleanup: 33902 ns, At safepoint: 30802 ns, Total: 412921 ns
[2026-02-05T20:56:41.260+0000][2668.979s][debug][safepoint   ] Safepoint synchronization initiated using futex wait barrier. (387 threads)
[2026-02-05T20:56:41.260+0000][2668.979s][info ][safepoint   ] Safepoint "Cleanup", Time since last: 3446821861 ns, Reaching safepoint: 236312 ns, Cleanup: 23801 ns, At safepoint: 31001 ns, Total: 291114 ns
[2026-02-05T20:56:53.025+0000][2680.745s][debug][safepoint   ] Safepoint synchronization initiated using futex wait barrier. (387 threads)
[2026-02-05T20:56:53.026+0000][2680.746s][info ][gc,start    ] GC(149) Pause Young (Normal) (G1 Evacuation Pause)
[2026-02-05T20:56:53.026+0000][2680.746s][info ][gc,task     ] GC(149) Using 10 workers of 10 for evacuation
[2026-02-05T20:56:53.030+0000][2680.751s][info ][gc,phases   ] GC(149)   Pre Evacuate Collection Set: 0.5ms
[2026-02-05T20:56:53.031+0000][2680.751s][info ][gc,phases   ] GC(149)   Merge Heap Roots: 0.2ms
[2026-02-05T20:56:53.031+0000][2680.751s][info ][gc,phases   ] GC(149)   Evacuate Collection Set: 1.9ms
[2026-02-05T20:56:53.031+0000][2680.751s][info ][gc,phases   ] GC(149)   Post Evacuate Collection Set: 1.6ms
[2026-02-05T20:56:53.031+0000][2680.751s][info ][gc,phases   ] GC(149)   Other: 0.8ms
[2026-02-05T20:56:53.031+0000][2680.752s][info ][gc,heap     ] GC(149) Eden regions: 90->0(90)
[2026-02-05T20:56:53.031+0000][2680.752s][info ][gc,heap     ] GC(149) Survivor regions: 1->1(12)
[2026-02-05T20:56:53.031+0000][2680.752s][info ][gc,heap     ] GC(149) Old regions: 83->83
[2026-02-05T20:56:53.032+0000][2680.752s][info ][gc,heap     ] GC(149) Archive regions: 2->2
[2026-02-05T20:56:53.032+0000][2680.752s][info ][gc,heap     ] GC(149) Humongous regions: 0->0
[2026-02-05T20:56:53.032+0000][2680.752s][info ][gc,metaspace] GC(149) Metaspace: 196418K(199040K)->196418K(199040K) NonClass: 172772K(174144K)->172772K(174144K) Class: 23645K(24896K)->23645K(24896K)
[2026-02-05T20:56:53.032+0000][2680.753s][info ][gc          ] GC(149) Pause Young (Normal) (G1 Evacuation Pause) 346M->167M(394M) 6.524ms
[2026-02-05T20:56:53.032+0000][2680.753s][info ][gc,cpu      ] GC(149) User=0.02s Sys=0.00s Real=0.01s
[2026-02-05T20:56:53.033+0000][2680.753s][info ][safepoint   ] Safepoint "G1CollectForAllocation", Time since last: 11765566218 ns, Reaching safepoint: 1149353 ns, Cleanup: 8601 ns, At safepoint: 7201134 ns, Total: 8359088 ns
[2026-02-05T20:56:54.033+0000][2681.753s][debug][safepoint   ] Safepoint synchronization initiated using futex wait barrier. (387 threads)
[2026-02-05T20:56:54.034+0000][2681.754s][info ][safepoint   ] Safepoint "Cleanup", Time since last: 1000325198 ns, Reaching safepoint: 1018850 ns, Cleanup: 15601 ns, At safepoint: 8900 ns, Total: 1043351 ns
[2026-02-05T20:57:10.036+0000][2697.757s][debug][safepoint   ] Safepoint synchronization initiated using futex wait barrier. (387 threads)
[2026-02-05T20:57:10.037+0000][2697.758s][info ][safepoint   ] Safepoint "Cleanup", Time since last: 16002171341 ns, Reaching safepoint: 1167657 ns, Cleanup: 15701 ns, At safepoint: 7400 ns, Total: 1190758 ns
[2026-02-05T20:57:15.038+0000][2702.759s][debug][safepoint   ] Safepoint synchronization initiated using futex wait barrier. (387 threads)
[2026-02-05T20:57:15.039+0000][2702.759s][info ][safepoint   ] Safepoint "Cleanup", Time since last: 5000890670 ns, Reaching safepoint: 349518 ns, Cleanup: 15600 ns, At safepoint: 6401 ns, Total: 371519 ns
[2026-02-05T20:57:17.586+0000][2705.308s][debug][safepoint   ] Safepoint synchronization initiated using futex wait barrier. (387 threads)
[2026-02-05T20:57:17.587+0000][2705.308s][info ][safepoint   ] Safepoint "Cleanup", Time since last: 2548914517 ns, Reaching safepoint: 279914 ns, Cleanup: 13600 ns, At safepoint: 4301 ns, Total: 297815 ns
[2026-02-05T20:57:20.587+0000][2708.309s][debug][safepoint   ] Safepoint synchronization initiated using futex wait barrier. (387 threads)
[2026-02-05T20:57:20.587+0000][2708.309s][info ][safepoint   ] Safepoint "Cleanup", Time since last: 3000521689 ns, Reaching safepoint: 295812 ns, Cleanup: 12800 ns, At safepoint: 5000 ns, Total: 313612 ns
[2026-02-05T20:57:22.588+0000][2710.309s][debug][safepoint   ] Safepoint synchronization initiated using futex wait barrier. (387 threads)
[2026-02-05T20:57:22.588+0000][2710.310s][info ][safepoint   ] Safepoint "Cleanup", Time since last: 2000343469 ns, Reaching safepoint: 320312 ns, Cleanup: 10901 ns, At safepoint: 4000 ns, Total: 335213 ns
[2026-02-05T20:57:23.588+0000][2711.310s][debug][safepoint   ] Safepoint synchronization initiated using futex wait barrier. (387 threads)
[2026-02-05T20:57:23.589+0000][2711.310s][info ][safepoint   ] Safepoint "Cleanup", Time since last: 1000278788 ns, Reaching safepoint: 304812 ns, Cleanup: 10801 ns, At safepoint: 4100 ns, Total: 319713 ns
[2026-02-05T20:57:25.361+0000][2713.082s][debug][safepoint   ] Safepoint synchronization initiated using futex wait barrier. (387 threads)
[2026-02-05T20:57:25.361+0000][2713.083s][info ][gc,start    ] GC(150) Pause Young (Normal) (G1 Evacuation Pause)
[2026-02-05T20:57:25.362+0000][2713.083s][info ][gc,task     ] GC(150) Using 10 workers of 10 for evacuation
[2026-02-05T20:57:25.365+0000][2713.087s][info ][gc,phases   ] GC(150)   Pre Evacuate Collection Set: 0.3ms
[2026-02-05T20:57:25.365+0000][2713.087s][info ][gc,phases   ] GC(150)   Merge Heap Roots: 0.2ms
[2026-02-05T20:57:25.366+0000][2713.087s][info ][gc,phases   ] GC(150)   Evacuate Collection Set: 1.4ms
[2026-02-05T20:57:25.366+0000][2713.088s][info ][gc,phases   ] GC(150)   Post Evacuate Collection Set: 1.2ms
[2026-02-05T20:57:25.366+0000][2713.088s][info ][gc,phases   ] GC(150)   Other: 0.7ms
[2026-02-05T20:57:25.366+0000][2713.088s][info ][gc,heap     ] GC(150) Eden regions: 90->0(90)
[2026-02-05T20:57:25.366+0000][2713.088s][info ][gc,heap     ] GC(150) Survivor regions: 1->1(12)
[2026-02-05T20:57:25.366+0000][2713.088s][info ][gc,heap     ] GC(150) Old regions: 83->83
[2026-02-05T20:57:25.367+0000][2713.088s][info ][gc,heap     ] GC(150) Archive regions: 2->2
[2026-02-05T20:57:25.367+0000][2713.088s][info ][gc,heap     ] GC(150) Humongous regions: 0->0
[2026-02-05T20:57:25.367+0000][2713.089s][info ][gc,metaspace] GC(150) Metaspace: 196420K(199040K)->196420K(199040K) NonClass: 172774K(174144K)->172774K(174144K) Class: 23645K(24896K)->23645K(24896K)
[2026-02-05T20:57:25.367+0000][2713.089s][info ][gc          ] GC(150) Pause Young (Normal) (G1 Evacuation Pause) 347M->167M(394M) 5.668ms
[2026-02-05T20:57:25.367+0000][2713.089s][info ][gc,cpu      ] GC(150) User=0.01s Sys=0.00s Real=0.00s
[2026-02-05T20:57:25.368+0000][2713.089s][info ][safepoint   ] Safepoint "G1CollectForAllocation", Time since last: 1771895110 ns, Reaching safepoint: 747429 ns, Cleanup: 5400 ns, At safepoint: 6299444 ns, Total: 7052273 ns
[2026-02-05T20:57:34.369+0000][2722.090s][debug][safepoint   ] Safepoint synchronization initiated using futex wait barrier. (387 threads)
[2026-02-05T20:57:34.369+0000][2722.091s][info ][safepoint   ] Safepoint "Cleanup", Time since last: 9001114602 ns, Reaching safepoint: 312715 ns, Cleanup: 36302 ns, At safepoint: 23501 ns, Total: 372518 ns
[2026-02-05T20:57:39.370+0000][2727.092s][debug][safepoint   ] Safepoint synchronization initiated using futex wait barrier. (387 threads)
[2026-02-05T20:57:39.370+0000][2727.092s][info ][safepoint   ] Safepoint "Cleanup", Time since last: 5000707810 ns, Reaching safepoint: 365118 ns, Cleanup: 29101 ns, At safepoint: 4901 ns, Total: 399120 ns
[2026-02-05T20:57:44.371+0000][2732.093s][debug][safepoint   ] Safepoint synchronization initiated using futex wait barrier. (387 threads)
[2026-02-05T20:57:44.371+0000][2732.093s][info ][safepoint   ] Safepoint "Cleanup", Time since last: 5000776271 ns, Reaching safepoint: 402814 ns, Cleanup: 12500 ns, At safepoint: 5500 ns, Total: 420814 ns
[2026-02-05T20:57:45.372+0000][2733.093s][debug][safepoint   ] Safepoint synchronization initiated using futex wait barrier. (387 threads)
[2026-02-05T20:57:45.372+0000][2733.094s][info ][safepoint   ] Safepoint "Cleanup", Time since last: 1000299587 ns, Reaching safepoint: 470615 ns, Cleanup: 9601 ns, At safepoint: 35701 ns, Total: 515917 ns
[2026-02-05T20:57:46.373+0000][2734.094s][debug][safepoint   ] Safepoint synchronization initiated using futex wait barrier. (387 threads)
[2026-02-05T20:57:46.373+0000][2734.095s][info ][safepoint   ] Safepoint "Cleanup", Time since last: 1000318087 ns, Reaching safepoint: 361512 ns, Cleanup: 16800 ns, At safepoint: 32601 ns, Total: 410913 ns
[2026-02-05T20:57:47.372+0000][2735.095s][debug][safepoint   ] Safepoint synchronization initiated using futex wait barrier. (387 threads)
[2026-02-05T20:57:47.372+0000][2735.095s][info ][safepoint   ] Safepoint "Cleanup", Time since last: 1000384289 ns, Reaching safepoint: 250808 ns, Cleanup: 12401 ns, At safepoint: 4500 ns, Total: 267709 ns
[2026-02-05T20:57:49.373+0000][2737.096s][debug][safepoint   ] Safepoint synchronization initiated using futex wait barrier. (387 threads)
[2026-02-05T20:57:49.373+0000][2737.096s][info ][safepoint   ] Safepoint "Cleanup", Time since last: 2000383465 ns, Reaching safepoint: 325311 ns, Cleanup: 13300 ns, At safepoint: 4401 ns, Total: 343012 ns
[2026-02-05T20:57:58.344+0000][2746.067s][debug][safepoint   ] Safepoint synchronization initiated using futex wait barrier. (387 threads)
[2026-02-05T20:57:58.345+0000][2746.068s][info ][gc,start    ] GC(151) Pause Young (Normal) (G1 Evacuation Pause)
[2026-02-05T20:57:58.346+0000][2746.069s][info ][gc,task     ] GC(151) Using 10 workers of 10 for evacuation
[2026-02-05T20:57:58.355+0000][2746.078s][info ][gc,phases   ] GC(151)   Pre Evacuate Collection Set: 0.9ms
[2026-02-05T20:57:58.356+0000][2746.079s][info ][gc,phases   ] GC(151)   Merge Heap Roots: 0.4ms
[2026-02-05T20:57:58.356+0000][2746.079s][info ][gc,phases   ] GC(151)   Evacuate Collection Set: 4.1ms
[2026-02-05T20:57:58.356+0000][2746.079s][info ][gc,phases   ] GC(151)   Post Evacuate Collection Set: 3.2ms
[2026-02-05T20:57:58.356+0000][2746.080s][info ][gc,phases   ] GC(151)   Other: 1.6ms
[2026-02-05T20:57:58.357+0000][2746.080s][info ][gc,heap     ] GC(151) Eden regions: 90->0(90)
[2026-02-05T20:57:58.357+0000][2746.080s][info ][gc,heap     ] GC(151) Survivor regions: 1->1(12)
[2026-02-05T20:57:58.357+0000][2746.081s][info ][gc,heap     ] GC(151) Old regions: 83->83
[2026-02-05T20:57:58.358+0000][2746.081s][info ][gc,heap     ] GC(151) Archive regions: 2->2
[2026-02-05T20:57:58.358+0000][2746.081s][info ][gc,heap     ] GC(151) Humongous regions: 0->0
[2026-02-05T20:57:58.358+0000][2746.081s][info ][gc,metaspace] GC(151) Metaspace: 196420K(199040K)->196420K(199040K) NonClass: 172774K(174144K)->172774K(174144K) Class: 23645K(24896K)->23645K(24896K)
[2026-02-05T20:57:58.359+0000][2746.082s][info ][gc          ] GC(151) Pause Young (Normal) (G1 Evacuation Pause) 347M->167M(394M) 13.655ms
[2026-02-05T20:57:58.359+0000][2746.082s][info ][gc,cpu      ] GC(151) User=0.04s Sys=0.00s Real=0.02s
[2026-02-05T20:57:58.360+0000][2746.083s][info ][safepoint   ] Safepoint "G1CollectForAllocation", Time since last: 8970523228 ns, Reaching safepoint: 1539874 ns, Cleanup: 9500 ns, At safepoint: 14763103 ns, Total: 16312477 ns
[2026-02-05T20:58:03.361+0000][2751.084s][debug][safepoint   ] Safepoint synchronization initiated using futex wait barrier. (387 threads)
[2026-02-05T20:58:03.361+0000][2751.084s][info ][safepoint   ] Safepoint "Cleanup", Time since last: 5000785710 ns, Reaching safepoint: 431920 ns, Cleanup: 19601 ns, At safepoint: 16301 ns, Total: 467822 ns
[2026-02-05T20:58:11.362+0000][2759.085s][debug][safepoint   ] Safepoint synchronization initiated using futex wait barrier. (387 threads)
[2026-02-05T20:58:11.362+0000][2759.086s][info ][safepoint   ] Safepoint "Cleanup", Time since last: 8001025700 ns, Reaching safepoint: 375818 ns, Cleanup: 34902 ns, At safepoint: 10600 ns, Total: 421320 ns
[2026-02-05T20:58:24.673+0000][2772.398s][debug][safepoint   ] Safepoint synchronization initiated using futex wait barrier. (387 threads)
[2026-02-05T20:58:24.673+0000][2772.398s][info ][safepoint   ] Safepoint "Cleanup", Time since last: 13312293330 ns, Reaching safepoint: 289213 ns, Cleanup: 33402 ns, At safepoint: 23301 ns, Total: 345916 ns
[2026-02-05T20:58:29.274+0000][2776.999s][debug][safepoint   ] Safepoint synchronization initiated using futex wait barrier. (387 threads)
[2026-02-05T20:58:29.275+0000][2777.000s][info ][gc,start    ] GC(152) Pause Young (Normal) (G1 Evacuation Pause)
[2026-02-05T20:58:29.276+0000][2777.001s][info ][gc,task     ] GC(152) Using 10 workers of 10 for evacuation
[2026-02-05T20:58:29.281+0000][2777.007s][info ][gc,phases   ] GC(152)   Pre Evacuate Collection Set: 0.5ms
[2026-02-05T20:58:29.282+0000][2777.007s][info ][gc,phases   ] GC(152)   Merge Heap Roots: 0.1ms
[2026-02-05T20:58:29.282+0000][2777.007s][info ][gc,phases   ] GC(152)   Evacuate Collection Set: 3.2ms
[2026-02-05T20:58:29.282+0000][2777.007s][info ][gc,phases   ] GC(152)   Post Evacuate Collection Set: 1.5ms
[2026-02-05T20:58:29.282+0000][2777.007s][info ][gc,phases   ] GC(152)   Other: 1.0ms
[2026-02-05T20:58:29.282+0000][2777.007s][info ][gc,heap     ] GC(152) Eden regions: 90->0(90)
[2026-02-05T20:58:29.282+0000][2777.008s][info ][gc,heap     ] GC(152) Survivor regions: 1->1(12)
[2026-02-05T20:58:29.283+0000][2777.008s][info ][gc,heap     ] GC(152) Old regions: 83->83
[2026-02-05T20:58:29.283+0000][2777.008s][info ][gc,heap     ] GC(152) Archive regions: 2->2
[2026-02-05T20:58:29.283+0000][2777.008s][info ][gc,heap     ] GC(152) Humongous regions: 0->0
[2026-02-05T20:58:29.283+0000][2777.008s][info ][gc,metaspace] GC(152) Metaspace: 196424K(199040K)->196424K(199040K) NonClass: 172778K(174144K)->172778K(174144K) Class: 23645K(24896K)->23645K(24896K)
[2026-02-05T20:58:29.284+0000][2777.009s][info ][gc          ] GC(152) Pause Young (Normal) (G1 Evacuation Pause) 347M->167M(394M) 8.374ms
[2026-02-05T20:58:29.284+0000][2777.009s][info ][gc,cpu      ] GC(152) User=0.01s Sys=0.01s Real=0.00s
[2026-02-05T20:58:29.284+0000][2777.009s][info ][safepoint   ] Safepoint "G1CollectForAllocation", Time since last: 4601083769 ns, Reaching safepoint: 897142 ns, Cleanup: 6400 ns, At safepoint: 9068620 ns, Total: 9972162 ns
[2026-02-05T20:58:35.285+0000][2783.010s][debug][safepoint   ] Safepoint synchronization initiated using futex wait barrier. (388 threads)
[2026-02-05T20:58:35.285+0000][2783.011s][info ][safepoint   ] Safepoint "Cleanup", Time since last: 6000876800 ns, Reaching safepoint: 325115 ns, Cleanup: 37802 ns, At safepoint: 9100 ns, Total: 372017 ns
[2026-02-05T20:58:36.286+0000][2784.011s][debug][safepoint   ] Safepoint synchronization initiated using futex wait barrier. (388 threads)
[2026-02-05T20:58:36.286+0000][2784.011s][info ][safepoint   ] Safepoint "Cleanup", Time since last: 1000405341 ns, Reaching safepoint: 460422 ns, Cleanup: 12200 ns, At safepoint: 4000 ns, Total: 476622 ns
[2026-02-05T20:58:37.287+0000][2785.012s][debug][safepoint   ] Safepoint synchronization initiated using futex wait barrier. (388 threads)
[2026-02-05T20:58:37.287+0000][2785.012s][info ][safepoint   ] Safepoint "Cleanup", Time since last: 1000385540 ns, Reaching safepoint: 288214 ns, Cleanup: 11500 ns, At safepoint: 22901 ns, Total: 322615 ns
[2026-02-05T20:58:45.288+0000][2793.013s][debug][safepoint   ] Safepoint synchronization initiated using futex wait barrier. (387 threads)
[2026-02-05T20:58:45.288+0000][2793.014s][info ][safepoint   ] Safepoint "Cleanup", Time since last: 8001039345 ns, Reaching safepoint: 288414 ns, Cleanup: 11800 ns, At safepoint: 3900 ns, Total: 304114 ns
[2026-02-05T20:58:49.287+0000][2797.014s][debug][safepoint   ] Safepoint synchronization initiated using futex wait barrier. (387 threads)
[2026-02-05T20:58:49.287+0000][2797.015s][info ][safepoint   ] Safepoint "Cleanup", Time since last: 4000860799 ns, Reaching safepoint: 300014 ns, Cleanup: 12201 ns, At safepoint: 73803 ns, Total: 386018 ns
[2026-02-05T20:58:50.287+0000][2798.015s][debug][safepoint   ] Safepoint synchronization initiated using futex wait barrier. (387 threads)
[2026-02-05T20:58:50.288+0000][2798.016s][info ][safepoint   ] Safepoint "Cleanup", Time since last: 1000462407 ns, Reaching safepoint: 392818 ns, Cleanup: 14301 ns, At safepoint: 19801 ns, Total: 426920 ns
[2026-02-05T20:58:52.288+0000][2800.016s][debug][safepoint   ] Safepoint synchronization initiated using futex wait barrier. (387 threads)
[2026-02-05T20:58:52.289+0000][2800.016s][info ][safepoint   ] Safepoint "Cleanup", Time since last: 2000462390 ns, Reaching safepoint: 327316 ns, Cleanup: 12100 ns, At safepoint: 47603 ns, Total: 387019 ns
[2026-02-05T20:58:53.289+0000][2801.017s][debug][safepoint   ] Safepoint synchronization initiated using futex wait barrier. (387 threads)
[2026-02-05T20:58:53.289+0000][2801.017s][info ][safepoint   ] Safepoint "Cleanup", Time since last: 1000270397 ns, Reaching safepoint: 294114 ns, Cleanup: 11200 ns, At safepoint: 24101 ns, Total: 329415 ns
[2026-02-05T20:58:55.290+0000][2803.018s][debug][safepoint   ] Safepoint synchronization initiated using futex wait barrier. (387 threads)
[2026-02-05T20:58:55.290+0000][2803.018s][info ][safepoint   ] Safepoint "Cleanup", Time since last: 2000472744 ns, Reaching safepoint: 321617 ns, Cleanup: 14101 ns, At safepoint: 22801 ns, Total: 358519 ns
[2026-02-05T20:59:02.150+0000][2809.877s][debug][safepoint   ] Safepoint synchronization initiated using futex wait barrier. (387 threads)
[2026-02-05T20:59:02.151+0000][2809.878s][info ][gc,start    ] GC(153) Pause Young (Normal) (G1 Evacuation Pause)
[2026-02-05T20:59:02.151+0000][2809.879s][info ][gc,task     ] GC(153) Using 10 workers of 10 for evacuation
[2026-02-05T20:59:02.156+0000][2809.883s][info ][gc,phases   ] GC(153)   Pre Evacuate Collection Set: 0.3ms
[2026-02-05T20:59:02.156+0000][2809.884s][info ][gc,phases   ] GC(153)   Merge Heap Roots: 0.2ms
[2026-02-05T20:59:02.156+0000][2809.884s][info ][gc,phases   ] GC(153)   Evacuate Collection Set: 1.7ms
[2026-02-05T20:59:02.156+0000][2809.884s][info ][gc,phases   ] GC(153)   Post Evacuate Collection Set: 2.0ms
[2026-02-05T20:59:02.157+0000][2809.885s][info ][gc,phases   ] GC(153)   Other: 0.9ms
[2026-02-05T20:59:02.157+0000][2809.885s][info ][gc,heap     ] GC(153) Eden regions: 90->0(90)
[2026-02-05T20:59:02.157+0000][2809.885s][info ][gc,heap     ] GC(153) Survivor regions: 1->1(12)
[2026-02-05T20:59:02.157+0000][2809.885s][info ][gc,heap     ] GC(153) Old regions: 83->83
[2026-02-05T20:59:02.158+0000][2809.886s][info ][gc,heap     ] GC(153) Archive regions: 2->2
[2026-02-05T20:59:02.158+0000][2809.886s][info ][gc,heap     ] GC(153) Humongous regions: 0->0
[2026-02-05T20:59:02.158+0000][2809.886s][info ][gc,metaspace] GC(153) Metaspace: 196424K(199040K)->196424K(199040K) NonClass: 172778K(174144K)->172778K(174144K) Class: 23645K(24896K)->23645K(24896K)
[2026-02-05T20:59:02.159+0000][2809.887s][info ][gc          ] GC(153) Pause Young (Normal) (G1 Evacuation Pause) 347M->167M(394M) 8.554ms
[2026-02-05T20:59:02.160+0000][2809.887s][info ][gc,cpu      ] GC(153) User=0.01s Sys=0.02s Real=0.01s
[2026-02-05T20:59:02.160+0000][2809.888s][info ][safepoint   ] Safepoint "G1CollectForAllocation", Time since last: 6859463880 ns, Reaching safepoint: 823351 ns, Cleanup: 7000 ns, At safepoint: 9647100 ns, Total: 10477451 ns
[2026-02-05T20:59:16.770+0000][2824.498s][debug][safepoint   ] ... found polling page loop exception at pc = 0x00007085519e4258, stub =0x0000708550b10400
[2026-02-05T20:59:34.596+0000][2842.324s][debug][safepoint   ] Safepoint synchronization initiated using futex wait barrier. (387 threads)
[2026-02-05T20:59:34.596+0000][2842.325s][info ][gc,start    ] GC(154) Pause Young (Normal) (G1 Evacuation Pause)
[2026-02-05T20:59:34.597+0000][2842.325s][info ][gc,task     ] GC(154) Using 10 workers of 10 for evacuation
[2026-02-05T20:59:34.602+0000][2842.330s][info ][gc,phases   ] GC(154)   Pre Evacuate Collection Set: 0.5ms
[2026-02-05T20:59:34.602+0000][2842.330s][info ][gc,phases   ] GC(154)   Merge Heap Roots: 0.2ms
[2026-02-05T20:59:34.602+0000][2842.331s][info ][gc,phases   ] GC(154)   Evacuate Collection Set: 2.1ms
[2026-02-05T20:59:34.602+0000][2842.331s][info ][gc,phases   ] GC(154)   Post Evacuate Collection Set: 1.7ms
[2026-02-05T20:59:34.603+0000][2842.331s][info ][gc,phases   ] GC(154)   Other: 0.9ms
[2026-02-05T20:59:34.603+0000][2842.331s][info ][gc,heap     ] GC(154) Eden regions: 90->0(90)
[2026-02-05T20:59:34.603+0000][2842.331s][info ][gc,heap     ] GC(154) Survivor regions: 1->1(12)
[2026-02-05T20:59:34.603+0000][2842.331s][info ][gc,heap     ] GC(154) Old regions: 83->83
[2026-02-05T20:59:34.603+0000][2842.331s][info ][gc,heap     ] GC(154) Archive regions: 2->2
[2026-02-05T20:59:34.603+0000][2842.332s][info ][gc,heap     ] GC(154) Humongous regions: 0->0
[2026-02-05T20:59:34.603+0000][2842.332s][info ][gc,metaspace] GC(154) Metaspace: 196424K(199040K)->196424K(199040K) NonClass: 172779K(174144K)->172779K(174144K) Class: 23645K(24896K)->23645K(24896K)
[2026-02-05T20:59:34.604+0000][2842.332s][info ][gc          ] GC(154) Pause Young (Normal) (G1 Evacuation Pause) 347M->167M(394M) 7.222ms
[2026-02-05T20:59:34.604+0000][2842.332s][info ][gc,cpu      ] GC(154) User=0.01s Sys=0.01s Real=0.01s
[2026-02-05T20:59:34.605+0000][2842.333s][info ][safepoint   ] Safepoint "G1CollectForAllocation", Time since last: 32436415147 ns, Reaching safepoint: 342417 ns, Cleanup: 5200 ns, At safepoint: 8357523 ns, Total: 8705140 ns
[2026-02-05T20:59:42.606+0000][2850.334s][debug][safepoint   ] Safepoint synchronization initiated using futex wait barrier. (387 threads)
[2026-02-05T20:59:42.606+0000][2850.334s][info ][safepoint   ] Safepoint "Cleanup", Time since last: 8001116909 ns, Reaching safepoint: 300514 ns, Cleanup: 36301 ns, At safepoint: 8601 ns, Total: 345416 ns
[2026-02-05T20:59:57.607+0000][2865.337s][debug][safepoint   ] Safepoint synchronization initiated using futex wait barrier. (387 threads)
[2026-02-05T20:59:57.607+0000][2865.337s][info ][safepoint   ] Safepoint "Cleanup", Time since last: 15002398991 ns, Reaching safepoint: 366015 ns, Cleanup: 15801 ns, At safepoint: 4300 ns, Total: 386116 ns
[2026-02-05T21:00:05.804+0000][2873.533s][debug][safepoint   ] Safepoint synchronization initiated using futex wait barrier. (387 threads)
[2026-02-05T21:00:05.805+0000][2873.534s][info ][gc,start    ] GC(155) Pause Young (Normal) (G1 Evacuation Pause)
[2026-02-05T21:00:05.805+0000][2873.534s][info ][gc,task     ] GC(155) Using 10 workers of 10 for evacuation
[2026-02-05T21:00:05.809+0000][2873.538s][info ][gc,phases   ] GC(155)   Pre Evacuate Collection Set: 0.3ms
[2026-02-05T21:00:05.809+0000][2873.539s][info ][gc,phases   ] GC(155)   Merge Heap Roots: 0.3ms
[2026-02-05T21:00:05.809+0000][2873.539s][info ][gc,phases   ] GC(155)   Evacuate Collection Set: 1.0ms
[2026-02-05T21:00:05.809+0000][2873.539s][info ][gc,phases   ] GC(155)   Post Evacuate Collection Set: 1.9ms
[2026-02-05T21:00:05.809+0000][2873.539s][info ][gc,phases   ] GC(155)   Other: 0.6ms
[2026-02-05T21:00:05.810+0000][2873.539s][info ][gc,heap     ] GC(155) Eden regions: 90->0(90)
[2026-02-05T21:00:05.810+0000][2873.539s][info ][gc,heap     ] GC(155) Survivor regions: 1->1(12)
[2026-02-05T21:00:05.810+0000][2873.540s][info ][gc,heap     ] GC(155) Old regions: 83->83
[2026-02-05T21:00:05.810+0000][2873.540s][info ][gc,heap     ] GC(155) Archive regions: 2->2
[2026-02-05T21:00:05.810+0000][2873.540s][info ][gc,heap     ] GC(155) Humongous regions: 0->0
[2026-02-05T21:00:05.811+0000][2873.540s][info ][gc,metaspace] GC(155) Metaspace: 196430K(199040K)->196430K(199040K) NonClass: 172785K(174144K)->172785K(174144K) Class: 23645K(24896K)->23645K(24896K)
[2026-02-05T21:00:05.811+0000][2873.541s][info ][gc          ] GC(155) Pause Young (Normal) (G1 Evacuation Pause) 347M->167M(394M) 6.284ms
[2026-02-05T21:00:05.811+0000][2873.541s][info ][gc,cpu      ] GC(155) User=0.01s Sys=0.00s Real=0.01s
[2026-02-05T21:00:05.812+0000][2873.541s][info ][safepoint   ] Safepoint "G1CollectForAllocation", Time since last: 8196021916 ns, Reaching safepoint: 908243 ns, Cleanup: 45202 ns, At safepoint: 7128539 ns, Total: 8081984 ns
[2026-02-05T21:00:30.861+0000][2898.594s][debug][safepoint   ] Safepoint synchronization initiated using futex wait barrier. (387 threads)
[2026-02-05T21:00:30.862+0000][2898.594s][info ][safepoint   ] Safepoint "Cleanup", Time since last: 25052341970 ns, Reaching safepoint: 302114 ns, Cleanup: 13101 ns, At safepoint: 5500 ns, Total: 320715 ns
[2026-02-05T21:00:38.636+0000][2906.368s][debug][safepoint   ] Safepoint synchronization initiated using futex wait barrier. (389 threads)
[2026-02-05T21:00:38.637+0000][2906.369s][info ][gc,start    ] GC(156) Pause Young (Normal) (G1 Evacuation Pause)
[2026-02-05T21:00:38.637+0000][2906.369s][info ][gc,task     ] GC(156) Using 10 workers of 10 for evacuation
[2026-02-05T21:00:38.640+0000][2906.372s][info ][gc,phases   ] GC(156)   Pre Evacuate Collection Set: 0.3ms
[2026-02-05T21:00:38.640+0000][2906.373s][info ][gc,phases   ] GC(156)   Merge Heap Roots: 0.2ms
[2026-02-05T21:00:38.640+0000][2906.373s][info ][gc,phases   ] GC(156)   Evacuate Collection Set: 0.8ms
[2026-02-05T21:00:38.641+0000][2906.373s][info ][gc,phases   ] GC(156)   Post Evacuate Collection Set: 1.4ms
[2026-02-05T21:00:38.641+0000][2906.373s][info ][gc,phases   ] GC(156)   Other: 0.8ms
[2026-02-05T21:00:38.641+0000][2906.373s][info ][gc,heap     ] GC(156) Eden regions: 90->0(90)
[2026-02-05T21:00:38.641+0000][2906.373s][info ][gc,heap     ] GC(156) Survivor regions: 1->1(12)
[2026-02-05T21:00:38.641+0000][2906.374s][info ][gc,heap     ] GC(156) Old regions: 83->83
[2026-02-05T21:00:38.641+0000][2906.374s][info ][gc,heap     ] GC(156) Archive regions: 2->2
[2026-02-05T21:00:38.641+0000][2906.374s][info ][gc,heap     ] GC(156) Humongous regions: 0->0
[2026-02-05T21:00:38.642+0000][2906.374s][info ][gc,metaspace] GC(156) Metaspace: 196433K(199040K)->196433K(199040K) NonClass: 172787K(174144K)->172787K(174144K) Class: 23645K(24896K)->23645K(24896K)
[2026-02-05T21:00:38.642+0000][2906.374s][info ][gc          ] GC(156) Pause Young (Normal) (G1 Evacuation Pause) 347M->167M(394M) 5.265ms
[2026-02-05T21:00:38.642+0000][2906.375s][info ][gc,cpu      ] GC(156) User=0.01s Sys=0.00s Real=0.01s
[2026-02-05T21:00:38.643+0000][2906.375s][info ][safepoint   ] Safepoint "G1CollectForAllocation", Time since last: 7774467796 ns, Reaching safepoint: 418720 ns, Cleanup: 46502 ns, At safepoint: 6057294 ns, Total: 6522516 ns
[2026-02-05T21:00:39.643+0000][2907.375s][debug][safepoint   ] Safepoint synchronization initiated using futex wait barrier. (389 threads)
[2026-02-05T21:00:39.643+0000][2907.376s][info ][safepoint   ] Safepoint "Cleanup", Time since last: 1000446560 ns, Reaching safepoint: 368918 ns, Cleanup: 36702 ns, At safepoint: 46002 ns, Total: 451622 ns
[2026-02-05T21:00:40.644+0000][2908.376s][debug][safepoint   ] Safepoint synchronization initiated using futex wait barrier. (389 threads)
[2026-02-05T21:00:40.644+0000][2908.377s][info ][safepoint   ] Safepoint "Cleanup", Time since last: 1000475761 ns, Reaching safepoint: 263113 ns, Cleanup: 10301 ns, At safepoint: 4100 ns, Total: 277514 ns
[2026-02-05T21:00:48.645+0000][2916.378s][debug][safepoint   ] Safepoint synchronization initiated using futex wait barrier. (389 threads)
[2026-02-05T21:00:48.645+0000][2916.378s][info ][safepoint   ] Safepoint "Cleanup", Time since last: 8000977758 ns, Reaching safepoint: 391619 ns, Cleanup: 15001 ns, At safepoint: 5400 ns, Total: 412020 ns
[2026-02-05T21:00:56.646+0000][2924.379s][debug][safepoint   ] Safepoint synchronization initiated using futex wait barrier. (389 threads)
[2026-02-05T21:00:56.647+0000][2924.380s][info ][safepoint   ] Safepoint "Cleanup", Time since last: 8000974698 ns, Reaching safepoint: 1241161 ns, Cleanup: 15700 ns, At safepoint: 7201 ns, Total: 1264062 ns
[2026-02-05T21:01:10.581+0000][2938.314s][debug][safepoint   ] Safepoint synchronization initiated using futex wait barrier. (389 threads)
[2026-02-05T21:01:10.582+0000][2938.315s][info ][gc,start    ] GC(157) Pause Young (Normal) (G1 Evacuation Pause)
[2026-02-05T21:01:10.582+0000][2938.315s][info ][gc,task     ] GC(157) Using 10 workers of 10 for evacuation
[2026-02-05T21:01:10.586+0000][2938.319s][info ][gc,phases   ] GC(157)   Pre Evacuate Collection Set: 0.6ms
[2026-02-05T21:01:10.586+0000][2938.319s][info ][gc,phases   ] GC(157)   Merge Heap Roots: 0.2ms
[2026-02-05T21:01:10.587+0000][2938.320s][info ][gc,phases   ] GC(157)   Evacuate Collection Set: 1.2ms
[2026-02-05T21:01:10.587+0000][2938.320s][info ][gc,phases   ] GC(157)   Post Evacuate Collection Set: 1.8ms
[2026-02-05T21:01:10.587+0000][2938.320s][info ][gc,phases   ] GC(157)   Other: 0.8ms
[2026-02-05T21:01:10.587+0000][2938.320s][info ][gc,heap     ] GC(157) Eden regions: 90->0(90)
[2026-02-05T21:01:10.587+0000][2938.320s][info ][gc,heap     ] GC(157) Survivor regions: 1->1(12)
[2026-02-05T21:01:10.587+0000][2938.320s][info ][gc,heap     ] GC(157) Old regions: 83->83
[2026-02-05T21:01:10.588+0000][2938.320s][info ][gc,heap     ] GC(157) Archive regions: 2->2
[2026-02-05T21:01:10.588+0000][2938.321s][info ][gc,heap     ] GC(157) Humongous regions: 0->0
[2026-02-05T21:01:10.588+0000][2938.321s][info ][gc,metaspace] GC(157) Metaspace: 196434K(199040K)->196434K(199040K) NonClass: 172788K(174144K)->172788K(174144K) Class: 23645K(24896K)->23645K(24896K)
[2026-02-05T21:01:10.588+0000][2938.321s][info ][gc          ] GC(157) Pause Young (Normal) (G1 Evacuation Pause) 347M->167M(394M) 6.355ms
[2026-02-05T21:01:10.588+0000][2938.321s][info ][gc,cpu      ] GC(157) User=0.01s Sys=0.01s Real=0.01s
[2026-02-05T21:01:10.589+0000][2938.322s][info ][safepoint   ] Safepoint "G1CollectForAllocation", Time since last: 13933647343 ns, Reaching safepoint: 551027 ns, Cleanup: 5300 ns, At safepoint: 7050443 ns, Total: 7606770 ns
[2026-02-05T21:01:24.947+0000][2952.682s][debug][safepoint   ] Safepoint synchronization initiated using futex wait barrier. (390 threads)
[2026-02-05T21:01:24.948+0000][2952.682s][info ][safepoint   ] Safepoint "Cleanup", Time since last: 14360377847 ns, Reaching safepoint: 464021 ns, Cleanup: 48603 ns, At safepoint: 10000 ns, Total: 522624 ns
[2026-02-05T21:01:41.952+0000][2969.686s][debug][safepoint   ] Safepoint synchronization initiated using futex wait barrier. (390 threads)
[2026-02-05T21:01:41.952+0000][2969.687s][info ][safepoint   ] Safepoint "Cleanup", Time since last: 17003639226 ns, Reaching safepoint: 509725 ns, Cleanup: 38201 ns, At safepoint: 15601 ns, Total: 563527 ns
[2026-02-05T21:01:42.315+0000][2970.050s][debug][safepoint   ] Safepoint synchronization initiated using futex wait barrier. (390 threads)
[2026-02-05T21:01:42.316+0000][2970.050s][info ][gc,start    ] GC(158) Pause Young (Normal) (G1 Evacuation Pause)
[2026-02-05T21:01:42.316+0000][2970.051s][info ][gc,task     ] GC(158) Using 10 workers of 10 for evacuation
[2026-02-05T21:01:42.320+0000][2970.054s][info ][gc,phases   ] GC(158)   Pre Evacuate Collection Set: 0.3ms
[2026-02-05T21:01:42.320+0000][2970.054s][info ][gc,phases   ] GC(158)   Merge Heap Roots: 0.2ms
[2026-02-05T21:01:42.320+0000][2970.055s][info ][gc,phases   ] GC(158)   Evacuate Collection Set: 1.2ms
[2026-02-05T21:01:42.320+0000][2970.055s][info ][gc,phases   ] GC(158)   Post Evacuate Collection Set: 1.5ms
[2026-02-05T21:01:42.320+0000][2970.055s][info ][gc,phases   ] GC(158)   Other: 0.8ms
[2026-02-05T21:01:42.321+0000][2970.055s][info ][gc,heap     ] GC(158) Eden regions: 90->0(90)
[2026-02-05T21:01:42.321+0000][2970.055s][info ][gc,heap     ] GC(158) Survivor regions: 1->1(12)
[2026-02-05T21:01:42.321+0000][2970.055s][info ][gc,heap     ] GC(158) Old regions: 83->83
[2026-02-05T21:01:42.321+0000][2970.056s][info ][gc,heap     ] GC(158) Archive regions: 2->2
[2026-02-05T21:01:42.321+0000][2970.056s][info ][gc,heap     ] GC(158) Humongous regions: 0->0
[2026-02-05T21:01:42.321+0000][2970.056s][info ][gc,metaspace] GC(158) Metaspace: 196437K(199040K)->196437K(199040K) NonClass: 172791K(174144K)->172791K(174144K) Class: 23645K(24896K)->23645K(24896K)
[2026-02-05T21:01:42.322+0000][2970.056s][info ][gc          ] GC(158) Pause Young (Normal) (G1 Evacuation Pause) 347M->167M(394M) 5.648ms
[2026-02-05T21:01:42.322+0000][2970.056s][info ][gc,cpu      ] GC(158) User=0.01s Sys=0.00s Real=0.01s
[2026-02-05T21:01:42.322+0000][2970.056s][info ][safepoint   ] Safepoint "G1CollectForAllocation", Time since last: 362932698 ns, Reaching safepoint: 668929 ns, Cleanup: 5901 ns, At safepoint: 6234975 ns, Total: 6909805 ns
[2026-02-05T21:02:15.083+0000][3002.819s][debug][safepoint   ] Safepoint synchronization initiated using futex wait barrier. (390 threads)
[2026-02-05T21:02:15.084+0000][3002.820s][info ][gc,start    ] GC(159) Pause Young (Normal) (G1 Evacuation Pause)
[2026-02-05T21:02:15.084+0000][3002.820s][info ][gc,task     ] GC(159) Using 10 workers of 10 for evacuation
[2026-02-05T21:02:15.088+0000][3002.824s][info ][gc,phases   ] GC(159)   Pre Evacuate Collection Set: 0.3ms
[2026-02-05T21:02:15.088+0000][3002.825s][info ][gc,phases   ] GC(159)   Merge Heap Roots: 0.1ms
[2026-02-05T21:02:15.089+0000][3002.825s][info ][gc,phases   ] GC(159)   Evacuate Collection Set: 1.6ms
[2026-02-05T21:02:15.089+0000][3002.825s][info ][gc,phases   ] GC(159)   Post Evacuate Collection Set: 1.9ms
[2026-02-05T21:02:15.089+0000][3002.825s][info ][gc,phases   ] GC(159)   Other: 0.6ms
[2026-02-05T21:02:15.089+0000][3002.825s][info ][gc,heap     ] GC(159) Eden regions: 90->0(90)
[2026-02-05T21:02:15.089+0000][3002.825s][info ][gc,heap     ] GC(159) Survivor regions: 1->1(12)
[2026-02-05T21:02:15.089+0000][3002.826s][info ][gc,heap     ] GC(159) Old regions: 83->83
[2026-02-05T21:02:15.090+0000][3002.826s][info ][gc,heap     ] GC(159) Archive regions: 2->2
[2026-02-05T21:02:15.090+0000][3002.826s][info ][gc,heap     ] GC(159) Humongous regions: 0->0
[2026-02-05T21:02:15.090+0000][3002.826s][info ][gc,metaspace] GC(159) Metaspace: 196438K(199040K)->196438K(199040K) NonClass: 172791K(174144K)->172791K(174144K) Class: 23646K(24896K)->23646K(24896K)
[2026-02-05T21:02:15.090+0000][3002.826s][info ][gc          ] GC(159) Pause Young (Normal) (G1 Evacuation Pause) 347M->167M(394M) 6.305ms
[2026-02-05T21:02:15.090+0000][3002.826s][info ][gc,cpu      ] GC(159) User=0.02s Sys=0.00s Real=0.00s
[2026-02-05T21:02:15.091+0000][3002.827s][info ][safepoint   ] Safepoint "G1CollectForAllocation", Time since last: 32762909603 ns, Reaching safepoint: 477523 ns, Cleanup: 5700 ns, At safepoint: 7074236 ns, Total: 7557459 ns
[2026-02-05T21:02:23.031+0000][3010.768s][debug][safepoint   ] Safepoint synchronization initiated using futex wait barrier. (390 threads)
[2026-02-05T21:02:23.031+0000][3010.769s][info ][safepoint   ] Safepoint "Cleanup", Time since last: 7941490530 ns, Reaching safepoint: 508524 ns, Cleanup: 39402 ns, At safepoint: 9400 ns, Total: 557326 ns
[2026-02-05T21:02:46.707+0000][3034.445s][debug][safepoint   ] Safepoint synchronization initiated using futex wait barrier. (387 threads)
[2026-02-05T21:02:46.708+0000][3034.446s][info ][gc,start    ] GC(160) Pause Young (Normal) (G1 Evacuation Pause)
[2026-02-05T21:02:46.708+0000][3034.446s][info ][gc,task     ] GC(160) Using 10 workers of 10 for evacuation
[2026-02-05T21:02:46.713+0000][3034.451s][info ][gc,phases   ] GC(160)   Pre Evacuate Collection Set: 0.4ms
[2026-02-05T21:02:46.713+0000][3034.451s][info ][gc,phases   ] GC(160)   Merge Heap Roots: 0.2ms
[2026-02-05T21:02:46.713+0000][3034.451s][info ][gc,phases   ] GC(160)   Evacuate Collection Set: 1.5ms
[2026-02-05T21:02:46.713+0000][3034.451s][info ][gc,phases   ] GC(160)   Post Evacuate Collection Set: 1.7ms
[2026-02-05T21:02:46.713+0000][3034.451s][info ][gc,phases   ] GC(160)   Other: 0.7ms
[2026-02-05T21:02:46.713+0000][3034.451s][info ][gc,heap     ] GC(160) Eden regions: 90->0(90)
[2026-02-05T21:02:46.714+0000][3034.451s][info ][gc,heap     ] GC(160) Survivor regions: 1->1(12)
[2026-02-05T21:02:46.714+0000][3034.452s][info ][gc,heap     ] GC(160) Old regions: 83->83
[2026-02-05T21:02:46.714+0000][3034.452s][info ][gc,heap     ] GC(160) Archive regions: 2->2
[2026-02-05T21:02:46.714+0000][3034.452s][info ][gc,heap     ] GC(160) Humongous regions: 0->0
[2026-02-05T21:02:46.714+0000][3034.452s][info ][gc,metaspace] GC(160) Metaspace: 196438K(199040K)->196438K(199040K) NonClass: 172791K(174144K)->172791K(174144K) Class: 23646K(24896K)->23646K(24896K)
[2026-02-05T21:02:46.714+0000][3034.452s][info ][gc          ] GC(160) Pause Young (Normal) (G1 Evacuation Pause) 347M->167M(394M) 6.165ms
[2026-02-05T21:02:46.715+0000][3034.452s][info ][gc,cpu      ] GC(160) User=0.02s Sys=0.00s Real=0.01s
[2026-02-05T21:02:46.715+0000][3034.453s][info ][safepoint   ] Safepoint "G1CollectForAllocation", Time since last: 23676104676 ns, Reaching safepoint: 868942 ns, Cleanup: 5700 ns, At safepoint: 7071442 ns, Total: 7946084 ns
[2026-02-05T21:02:49.715+0000][3037.454s][debug][safepoint   ] Safepoint synchronization initiated using futex wait barrier. (387 threads)
[2026-02-05T21:02:49.715+0000][3037.454s][info ][safepoint   ] Safepoint "Cleanup", Time since last: 3000652746 ns, Reaching safepoint: 394320 ns, Cleanup: 17700 ns, At safepoint: 23001 ns, Total: 435021 ns
[2026-02-05T21:03:01.337+0000][3049.076s][debug][safepoint   ] Safepoint synchronization initiated using futex wait barrier. (387 threads)
[2026-02-05T21:03:01.337+0000][3049.076s][debug][safepoint   ] ... found polling page loop exception at pc = 0x000070855204cdc9, stub =0x0000708550b10400
[2026-02-05T21:03:01.338+0000][3049.077s][info ][safepoint   ] Safepoint "Cleanup", Time since last: 11621867825 ns, Reaching safepoint: 605729 ns, Cleanup: 12601 ns, At safepoint: 76504 ns, Total: 694834 ns
[2026-02-05T21:03:02.339+0000][3050.078s][debug][safepoint   ] Safepoint synchronization initiated using futex wait barrier. (388 threads)
[2026-02-05T21:03:02.339+0000][3050.078s][info ][safepoint   ] Safepoint "Cleanup", Time since last: 1001295165 ns, Reaching safepoint: 286114 ns, Cleanup: 22101 ns, At safepoint: 11800 ns, Total: 320015 ns
[2026-02-05T21:03:15.341+0000][3063.080s][debug][safepoint   ] Safepoint synchronization initiated using futex wait barrier. (388 threads)
[2026-02-05T21:03:15.342+0000][3063.080s][info ][safepoint   ] Safepoint "Cleanup", Time since last: 13001600887 ns, Reaching safepoint: 478621 ns, Cleanup: 48803 ns, At safepoint: 11500 ns, Total: 538924 ns
[2026-02-05T21:03:18.759+0000][3066.500s][debug][safepoint   ] Safepoint synchronization initiated using futex wait barrier. (388 threads)
[2026-02-05T21:03:18.761+0000][3066.502s][info ][gc,start    ] GC(161) Pause Young (Normal) (G1 Evacuation Pause)
[2026-02-05T21:03:18.761+0000][3066.502s][info ][gc,task     ] GC(161) Using 10 workers of 10 for evacuation
[2026-02-05T21:03:18.766+0000][3066.506s][info ][gc,phases   ] GC(161)   Pre Evacuate Collection Set: 0.6ms
[2026-02-05T21:03:18.766+0000][3066.507s][info ][gc,phases   ] GC(161)   Merge Heap Roots: 0.2ms
[2026-02-05T21:03:18.766+0000][3066.507s][info ][gc,phases   ] GC(161)   Evacuate Collection Set: 2.0ms
[2026-02-05T21:03:18.766+0000][3066.507s][info ][gc,phases   ] GC(161)   Post Evacuate Collection Set: 1.2ms
[2026-02-05T21:03:18.766+0000][3066.507s][info ][gc,phases   ] GC(161)   Other: 1.0ms
[2026-02-05T21:03:18.767+0000][3066.507s][info ][gc,heap     ] GC(161) Eden regions: 90->0(90)
[2026-02-05T21:03:18.767+0000][3066.508s][info ][gc,heap     ] GC(161) Survivor regions: 1->1(12)
[2026-02-05T21:03:18.767+0000][3066.508s][info ][gc,heap     ] GC(161) Old regions: 83->83
[2026-02-05T21:03:18.767+0000][3066.508s][info ][gc,heap     ] GC(161) Archive regions: 2->2
[2026-02-05T21:03:18.767+0000][3066.508s][info ][gc,heap     ] GC(161) Humongous regions: 0->0
[2026-02-05T21:03:18.767+0000][3066.508s][info ][gc,metaspace] GC(161) Metaspace: 196442K(199040K)->196442K(199040K) NonClass: 172795K(174144K)->172795K(174144K) Class: 23646K(24896K)->23646K(24896K)
[2026-02-05T21:03:18.767+0000][3066.508s][info ][gc          ] GC(161) Pause Young (Normal) (G1 Evacuation Pause) 347M->167M(394M) 6.754ms
[2026-02-05T21:03:18.768+0000][3066.508s][info ][gc,cpu      ] GC(161) User=0.02s Sys=0.00s Real=0.00s
[2026-02-05T21:03:18.768+0000][3066.509s][info ][safepoint   ] Safepoint "G1CollectForAllocation", Time since last: 3419168989 ns, Reaching safepoint: 1748356 ns, Cleanup: 40301 ns, At safepoint: 7489539 ns, Total: 9278196 ns
[2026-02-05T21:03:25.769+0000][3073.510s][debug][safepoint   ] Safepoint synchronization initiated using futex wait barrier. (390 threads)
[2026-02-05T21:03:25.769+0000][3073.510s][info ][safepoint   ] Safepoint "Cleanup", Time since last: 7001061638 ns, Reaching safepoint: 248908 ns, Cleanup: 14401 ns, At safepoint: 4500 ns, Total: 267809 ns
[2026-02-05T21:03:34.771+0000][3082.511s][debug][safepoint   ] Safepoint synchronization initiated using futex wait barrier. (390 threads)
[2026-02-05T21:03:34.771+0000][3082.512s][info ][safepoint   ] Safepoint "Cleanup", Time since last: 9001210799 ns, Reaching safepoint: 383721 ns, Cleanup: 32801 ns, At safepoint: 12701 ns, Total: 429223 ns
[2026-02-05T21:03:50.772+0000][3098.514s][debug][safepoint   ] Safepoint synchronization initiated using futex wait barrier. (390 threads)
[2026-02-05T21:03:50.772+0000][3098.514s][info ][safepoint   ] Safepoint "Cleanup", Time since last: 16002191394 ns, Reaching safepoint: 397019 ns, Cleanup: 26101 ns, At safepoint: 9800 ns, Total: 432920 ns
[2026-02-05T21:03:51.524+0000][3099.266s][debug][safepoint   ] Safepoint synchronization initiated using futex wait barrier. (390 threads)
[2026-02-05T21:03:51.525+0000][3099.267s][info ][gc,start    ] GC(162) Pause Young (Normal) (G1 Evacuation Pause)
[2026-02-05T21:03:51.525+0000][3099.267s][info ][gc,task     ] GC(162) Using 10 workers of 10 for evacuation
[2026-02-05T21:03:51.531+0000][3099.273s][info ][gc,phases   ] GC(162)   Pre Evacuate Collection Set: 0.5ms
[2026-02-05T21:03:51.531+0000][3099.274s][info ][gc,phases   ] GC(162)   Merge Heap Roots: 0.2ms
[2026-02-05T21:03:51.531+0000][3099.274s][info ][gc,phases   ] GC(162)   Evacuate Collection Set: 2.8ms
[2026-02-05T21:03:51.532+0000][3099.274s][info ][gc,phases   ] GC(162)   Post Evacuate Collection Set: 2.0ms
[2026-02-05T21:03:51.532+0000][3099.274s][info ][gc,phases   ] GC(162)   Other: 0.8ms
[2026-02-05T21:03:51.532+0000][3099.274s][info ][gc,heap     ] GC(162) Eden regions: 90->0(90)
[2026-02-05T21:03:51.532+0000][3099.274s][info ][gc,heap     ] GC(162) Survivor regions: 1->1(12)
[2026-02-05T21:03:51.532+0000][3099.275s][info ][gc,heap     ] GC(162) Old regions: 83->83
[2026-02-05T21:03:51.532+0000][3099.275s][info ][gc,heap     ] GC(162) Archive regions: 2->2
[2026-02-05T21:03:51.532+0000][3099.275s][info ][gc,heap     ] GC(162) Humongous regions: 0->0
[2026-02-05T21:03:51.533+0000][3099.275s][info ][gc,metaspace] GC(162) Metaspace: 196458K(199040K)->196458K(199040K) NonClass: 172811K(174144K)->172811K(174144K) Class: 23646K(24896K)->23646K(24896K)
[2026-02-05T21:03:51.533+0000][3099.275s][info ][gc          ] GC(162) Pause Young (Normal) (G1 Evacuation Pause) 347M->167M(394M) 7.983ms
[2026-02-05T21:03:51.533+0000][3099.275s][info ][gc,cpu      ] GC(162) User=0.02s Sys=0.01s Real=0.01s
[2026-02-05T21:03:51.533+0000][3099.276s][info ][safepoint   ] Safepoint "G1CollectForAllocation", Time since last: 751848632 ns, Reaching safepoint: 636330 ns, Cleanup: 6001 ns, At safepoint: 8697412 ns, Total: 9339743 ns
[2026-02-05T21:03:54.534+0000][3102.276s][debug][safepoint   ] Safepoint synchronization initiated using futex wait barrier. (390 threads)
[2026-02-05T21:03:54.535+0000][3102.277s][info ][safepoint   ] Safepoint "Cleanup", Time since last: 3000804016 ns, Reaching safepoint: 408119 ns, Cleanup: 51602 ns, At safepoint: 33202 ns, Total: 492923 ns
[2026-02-05T21:03:55.535+0000][3103.277s][debug][safepoint   ] Safepoint synchronization initiated using futex wait barrier. (390 threads)
[2026-02-05T21:03:55.536+0000][3103.278s][info ][safepoint   ] Safepoint "Cleanup", Time since last: 1000357309 ns, Reaching safepoint: 884242 ns, Cleanup: 11501 ns, At safepoint: 189009 ns, Total: 1084752 ns
[2026-02-05T21:03:57.537+0000][3105.279s][debug][safepoint   ] Safepoint synchronization initiated using futex wait barrier. (390 threads)
[2026-02-05T21:03:57.537+0000][3105.280s][info ][safepoint   ] Safepoint "Cleanup", Time since last: 2000758821 ns, Reaching safepoint: 489123 ns, Cleanup: 21701 ns, At safepoint: 42602 ns, Total: 553426 ns
[2026-02-05T21:04:02.538+0000][3110.281s][debug][safepoint   ] Safepoint synchronization initiated using futex wait barrier. (390 threads)
[2026-02-05T21:04:02.539+0000][3110.281s][info ][safepoint   ] Safepoint "Cleanup", Time since last: 5000905954 ns, Reaching safepoint: 628931 ns, Cleanup: 32801 ns, At safepoint: 50703 ns, Total: 712435 ns
[2026-02-05T21:04:07.540+0000][3115.283s][debug][safepoint   ] Safepoint synchronization initiated using futex wait barrier. (392 threads)
[2026-02-05T21:04:07.541+0000][3115.283s][info ][safepoint   ] Safepoint "Cleanup", Time since last: 5001255009 ns, Reaching safepoint: 326416 ns, Cleanup: 20901 ns, At safepoint: 27701 ns, Total: 375018 ns
[2026-02-05T21:04:08.541+0000][3116.283s][debug][safepoint   ] Safepoint synchronization initiated using futex wait barrier. (392 threads)
[2026-02-05T21:04:08.541+0000][3116.284s][info ][safepoint   ] Safepoint "Cleanup", Time since last: 1000318226 ns, Reaching safepoint: 337117 ns, Cleanup: 14101 ns, At safepoint: 6100 ns, Total: 357318 ns
[2026-02-05T21:04:09.542+0000][3117.284s][debug][safepoint   ] Safepoint synchronization initiated using futex wait barrier. (392 threads)
[2026-02-05T21:04:09.542+0000][3117.285s][info ][safepoint   ] Safepoint "Cleanup", Time since last: 1000370729 ns, Reaching safepoint: 717135 ns, Cleanup: 34002 ns, At safepoint: 13901 ns, Total: 765038 ns
[2026-02-05T21:04:11.543+0000][3119.285s][debug][safepoint   ] Safepoint synchronization initiated using futex wait barrier. (392 threads)
[2026-02-05T21:04:11.543+0000][3119.286s][info ][safepoint   ] Safepoint "Cleanup", Time since last: 2000445042 ns, Reaching safepoint: 382119 ns, Cleanup: 36602 ns, At safepoint: 4800 ns, Total: 423521 ns
[2026-02-05T21:04:14.544+0000][3122.286s][debug][safepoint   ] Safepoint synchronization initiated using futex wait barrier. (392 threads)
[2026-02-05T21:04:14.545+0000][3122.287s][info ][safepoint   ] Safepoint "Cleanup", Time since last: 3000551163 ns, Reaching safepoint: 763536 ns, Cleanup: 16100 ns, At safepoint: 88104 ns, Total: 867740 ns
[2026-02-05T21:04:22.699+0000][3130.443s][debug][safepoint   ] Safepoint synchronization initiated using futex wait barrier. (392 threads)
[2026-02-05T21:04:22.700+0000][3130.444s][info ][gc,start    ] GC(163) Pause Young (Normal) (G1 Evacuation Pause)
[2026-02-05T21:04:22.700+0000][3130.445s][info ][gc,task     ] GC(163) Using 10 workers of 10 for evacuation
[2026-02-05T21:04:22.705+0000][3130.449s][info ][gc,phases   ] GC(163)   Pre Evacuate Collection Set: 0.5ms
[2026-02-05T21:04:22.705+0000][3130.449s][info ][gc,phases   ] GC(163)   Merge Heap Roots: 0.2ms
[2026-02-05T21:04:22.705+0000][3130.450s][info ][gc,phases   ] GC(163)   Evacuate Collection Set: 2.0ms
[2026-02-05T21:04:22.706+0000][3130.450s][info ][gc,phases   ] GC(163)   Post Evacuate Collection Set: 1.5ms
[2026-02-05T21:04:22.706+0000][3130.450s][info ][gc,phases   ] GC(163)   Other: 0.8ms
[2026-02-05T21:04:22.706+0000][3130.450s][info ][gc,heap     ] GC(163) Eden regions: 90->0(90)
[2026-02-05T21:04:22.706+0000][3130.450s][info ][gc,heap     ] GC(163) Survivor regions: 1->1(12)
[2026-02-05T21:04:22.706+0000][3130.450s][info ][gc,heap     ] GC(163) Old regions: 83->83
[2026-02-05T21:04:22.706+0000][3130.451s][info ][gc,heap     ] GC(163) Archive regions: 2->2
[2026-02-05T21:04:22.707+0000][3130.451s][info ][gc,heap     ] GC(163) Humongous regions: 0->0
[2026-02-05T21:04:22.707+0000][3130.451s][info ][gc,metaspace] GC(163) Metaspace: 196516K(199104K)->196516K(199104K) NonClass: 172869K(174208K)->172869K(174208K) Class: 23646K(24896K)->23646K(24896K)
[2026-02-05T21:04:22.707+0000][3130.451s][info ][gc          ] GC(163) Pause Young (Normal) (G1 Evacuation Pause) 347M->167M(394M) 6.816ms
[2026-02-05T21:04:22.707+0000][3130.451s][info ][gc,cpu      ] GC(163) User=0.02s Sys=0.01s Real=0.00s
[2026-02-05T21:04:22.708+0000][3130.452s][info ][safepoint   ] Safepoint "G1CollectForAllocation", Time since last: 8156266900 ns, Reaching safepoint: 820439 ns, Cleanup: 41802 ns, At safepoint: 7624962 ns, Total: 8487203 ns
[2026-02-05T21:04:41.710+0000][3149.454s][debug][safepoint   ] Safepoint synchronization initiated using futex wait barrier. (391 threads)
[2026-02-05T21:04:41.710+0000][3149.455s][info ][safepoint   ] Safepoint "Cleanup", Time since last: 19002489310 ns, Reaching safepoint: 267113 ns, Cleanup: 18301 ns, At safepoint: 5200 ns, Total: 290614 ns
[2026-02-05T21:04:42.711+0000][3150.455s][debug][safepoint   ] Safepoint synchronization initiated using futex wait barrier. (391 threads)
[2026-02-05T21:04:42.711+0000][3150.455s][info ][safepoint   ] Safepoint "Cleanup", Time since last: 1000334802 ns, Reaching safepoint: 321115 ns, Cleanup: 24902 ns, At safepoint: 10200 ns, Total: 356217 ns
[2026-02-05T21:04:46.712+0000][3154.456s][debug][safepoint   ] Safepoint synchronization initiated using futex wait barrier. (391 threads)
[2026-02-05T21:04:46.712+0000][3154.456s][info ][safepoint   ] Safepoint "Cleanup", Time since last: 4000559297 ns, Reaching safepoint: 516425 ns, Cleanup: 16701 ns, At safepoint: 7400 ns, Total: 540526 ns
[2026-02-05T21:04:47.711+0000][3155.457s][debug][safepoint   ] Safepoint synchronization initiated using futex wait barrier. (391 threads)
[2026-02-05T21:04:47.712+0000][3155.457s][info ][safepoint   ] Safepoint "Cleanup", Time since last: 1000354533 ns, Reaching safepoint: 347616 ns, Cleanup: 12701 ns, At safepoint: 4300 ns, Total: 364617 ns
[2026-02-05T21:04:55.255+0000][3163.000s][debug][safepoint   ] Safepoint synchronization initiated using futex wait barrier. (391 threads)
[2026-02-05T21:04:55.255+0000][3163.001s][info ][gc,start    ] GC(164) Pause Young (Normal) (G1 Evacuation Pause)
[2026-02-05T21:04:55.256+0000][3163.001s][info ][gc,task     ] GC(164) Using 10 workers of 10 for evacuation
[2026-02-05T21:04:55.260+0000][3163.006s][info ][gc,phases   ] GC(164)   Pre Evacuate Collection Set: 0.4ms
[2026-02-05T21:04:55.261+0000][3163.006s][info ][gc,phases   ] GC(164)   Merge Heap Roots: 0.2ms
[2026-02-05T21:04:55.261+0000][3163.006s][info ][gc,phases   ] GC(164)   Evacuate Collection Set: 1.9ms
[2026-02-05T21:04:55.261+0000][3163.006s][info ][gc,phases   ] GC(164)   Post Evacuate Collection Set: 2.0ms
[2026-02-05T21:04:55.261+0000][3163.007s][info ][gc,phases   ] GC(164)   Other: 0.7ms
[2026-02-05T21:04:55.262+0000][3163.007s][info ][gc,heap     ] GC(164) Eden regions: 90->0(90)
[2026-02-05T21:04:55.262+0000][3163.007s][info ][gc,heap     ] GC(164) Survivor regions: 1->1(12)
[2026-02-05T21:04:55.262+0000][3163.007s][info ][gc,heap     ] GC(164) Old regions: 83->83
[2026-02-05T21:04:55.262+0000][3163.008s][info ][gc,heap     ] GC(164) Archive regions: 2->2
[2026-02-05T21:04:55.263+0000][3163.008s][info ][gc,heap     ] GC(164) Humongous regions: 0->0
[2026-02-05T21:04:55.263+0000][3163.008s][info ][gc,metaspace] GC(164) Metaspace: 196516K(199104K)->196516K(199104K) NonClass: 172869K(174208K)->172869K(174208K) Class: 23646K(24896K)->23646K(24896K)
[2026-02-05T21:04:55.263+0000][3163.009s][info ][gc          ] GC(164) Pause Young (Normal) (G1 Evacuation Pause) 347M->167M(394M) 8.025ms
[2026-02-05T21:04:55.264+0000][3163.009s][info ][gc,cpu      ] GC(164) User=0.00s Sys=0.02s Real=0.00s
[2026-02-05T21:04:55.264+0000][3163.009s][info ][safepoint   ] Safepoint "G1CollectForAllocation", Time since last: 7543041945 ns, Reaching safepoint: 406920 ns, Cleanup: 5600 ns, At safepoint: 8887127 ns, Total: 9299647 ns
[2026-02-05T21:05:28.148+0000][3195.894s][debug][safepoint   ] Safepoint synchronization initiated using futex wait barrier. (388 threads)
[2026-02-05T21:05:28.149+0000][3195.895s][info ][gc,start    ] GC(165) Pause Young (Normal) (G1 Evacuation Pause)
[2026-02-05T21:05:28.149+0000][3195.896s][info ][gc,task     ] GC(165) Using 10 workers of 10 for evacuation
[2026-02-05T21:05:28.153+0000][3195.900s][info ][gc,phases   ] GC(165)   Pre Evacuate Collection Set: 0.5ms
[2026-02-05T21:05:28.154+0000][3195.901s][info ][gc,phases   ] GC(165)   Merge Heap Roots: 0.2ms
[2026-02-05T21:05:28.154+0000][3195.901s][info ][gc,phases   ] GC(165)   Evacuate Collection Set: 1.5ms
[2026-02-05T21:05:28.155+0000][3195.901s][info ][gc,phases   ] GC(165)   Post Evacuate Collection Set: 1.8ms
[2026-02-05T21:05:28.155+0000][3195.902s][info ][gc,phases   ] GC(165)   Other: 1.0ms
[2026-02-05T21:05:28.155+0000][3195.902s][info ][gc,heap     ] GC(165) Eden regions: 90->0(90)
[2026-02-05T21:05:28.155+0000][3195.902s][info ][gc,heap     ] GC(165) Survivor regions: 1->1(12)
[2026-02-05T21:05:28.155+0000][3195.902s][info ][gc,heap     ] GC(165) Old regions: 83->83
[2026-02-05T21:05:28.156+0000][3195.902s][info ][gc,heap     ] GC(165) Archive regions: 2->2
[2026-02-05T21:05:28.156+0000][3195.903s][info ][gc,heap     ] GC(165) Humongous regions: 0->0
[2026-02-05T21:05:28.156+0000][3195.903s][info ][gc,metaspace] GC(165) Metaspace: 196516K(199104K)->196516K(199104K) NonClass: 172870K(174208K)->172870K(174208K) Class: 23646K(24896K)->23646K(24896K)
[2026-02-05T21:05:28.156+0000][3195.903s][info ][gc          ] GC(165) Pause Young (Normal) (G1 Evacuation Pause) 347M->167M(394M) 7.550ms
[2026-02-05T21:05:28.157+0000][3195.903s][info ][gc,cpu      ] GC(165) User=0.01s Sys=0.01s Real=0.01s
[2026-02-05T21:05:28.158+0000][3195.905s][info ][safepoint   ] Safepoint "G1CollectForAllocation", Time since last: 32884913545 ns, Reaching safepoint: 1018849 ns, Cleanup: 5701 ns, At safepoint: 9182042 ns, Total: 10206592 ns
[2026-02-05T21:05:29.159+0000][3196.905s][debug][safepoint   ] Safepoint synchronization initiated using futex wait barrier. (388 threads)
[2026-02-05T21:05:29.160+0000][3196.907s][info ][safepoint   ] Safepoint "Cleanup", Time since last: 1000859342 ns, Reaching safepoint: 1202258 ns, Cleanup: 14901 ns, At safepoint: 9901 ns, Total: 1227060 ns
[2026-02-05T21:05:50.161+0000][3217.909s][debug][safepoint   ] Safepoint synchronization initiated using futex wait barrier. (388 threads)
[2026-02-05T21:05:50.161+0000][3217.910s][info ][safepoint   ] Safepoint "Cleanup", Time since last: 21002390315 ns, Reaching safepoint: 417619 ns, Cleanup: 22001 ns, At safepoint: 85203 ns, Total: 524823 ns
[2026-02-05T21:05:59.030+0000][3226.779s][debug][safepoint   ] Safepoint synchronization initiated using futex wait barrier. (388 threads)
[2026-02-05T21:05:59.031+0000][3226.779s][info ][gc,start    ] GC(166) Pause Young (Normal) (G1 Evacuation Pause)
[2026-02-05T21:05:59.031+0000][3226.780s][info ][gc,task     ] GC(166) Using 10 workers of 10 for evacuation
[2026-02-05T21:05:59.037+0000][3226.785s][info ][gc,phases   ] GC(166)   Pre Evacuate Collection Set: 0.3ms
[2026-02-05T21:05:59.037+0000][3226.786s][info ][gc,phases   ] GC(166)   Merge Heap Roots: 0.2ms
[2026-02-05T21:05:59.037+0000][3226.786s][info ][gc,phases   ] GC(166)   Evacuate Collection Set: 2.3ms
[2026-02-05T21:05:59.038+0000][3226.786s][info ][gc,phases   ] GC(166)   Post Evacuate Collection Set: 2.2ms
[2026-02-05T21:05:59.038+0000][3226.786s][info ][gc,phases   ] GC(166)   Other: 0.8ms
[2026-02-05T21:05:59.038+0000][3226.786s][info ][gc,heap     ] GC(166) Eden regions: 90->0(90)
[2026-02-05T21:05:59.038+0000][3226.787s][info ][gc,heap     ] GC(166) Survivor regions: 1->1(12)
[2026-02-05T21:05:59.039+0000][3226.787s][info ][gc,heap     ] GC(166) Old regions: 83->83
[2026-02-05T21:05:59.039+0000][3226.787s][info ][gc,heap     ] GC(166) Archive regions: 2->2
[2026-02-05T21:05:59.039+0000][3226.788s][info ][gc,heap     ] GC(166) Humongous regions: 0->0
[2026-02-05T21:05:59.040+0000][3226.788s][info ][gc,metaspace] GC(166) Metaspace: 196526K(199104K)->196526K(199104K) NonClass: 172879K(174208K)->172879K(174208K) Class: 23646K(24896K)->23646K(24896K)
[2026-02-05T21:05:59.040+0000][3226.788s][info ][gc          ] GC(166) Pause Young (Normal) (G1 Evacuation Pause) 347M->167M(394M) 8.895ms
[2026-02-05T21:05:59.040+0000][3226.789s][info ][gc,cpu      ] GC(166) User=0.02s Sys=0.00s Real=0.01s
[2026-02-05T21:05:59.041+0000][3226.789s][info ][safepoint   ] Safepoint "G1CollectForAllocation", Time since last: 8869056234 ns, Reaching safepoint: 672932 ns, Cleanup: 27502 ns, At safepoint: 9818167 ns, Total: 10518601 ns
[2026-02-05T21:06:07.043+0000][3234.791s][debug][safepoint   ] Safepoint synchronization initiated using futex wait barrier. (388 threads)
[2026-02-05T21:06:07.043+0000][3234.791s][info ][safepoint   ] Safepoint "Cleanup", Time since last: 8001764240 ns, Reaching safepoint: 335416 ns, Cleanup: 9101 ns, At safepoint: 54702 ns, Total: 399219 ns
[2026-02-05T21:06:24.412+0000][3252.162s][debug][safepoint   ] Safepoint synchronization initiated using futex wait barrier. (388 threads)
[2026-02-05T21:06:24.412+0000][3252.162s][info ][safepoint   ] Safepoint "Cleanup", Time since last: 17370480646 ns, Reaching safepoint: 350716 ns, Cleanup: 47703 ns, At safepoint: 20301 ns, Total: 418720 ns
[2026-02-05T21:06:32.073+0000][3259.824s][debug][safepoint   ] Safepoint synchronization initiated using futex wait barrier. (388 threads)
[2026-02-05T21:06:32.074+0000][3259.824s][info ][gc,start    ] GC(167) Pause Young (Normal) (G1 Evacuation Pause)
[2026-02-05T21:06:32.074+0000][3259.825s][info ][gc,task     ] GC(167) Using 10 workers of 10 for evacuation
[2026-02-05T21:06:32.078+0000][3259.828s][info ][gc,phases   ] GC(167)   Pre Evacuate Collection Set: 0.3ms
[2026-02-05T21:06:32.078+0000][3259.828s][info ][gc,phases   ] GC(167)   Merge Heap Roots: 0.2ms
[2026-02-05T21:06:32.079+0000][3259.829s][info ][gc,phases   ] GC(167)   Evacuate Collection Set: 1.3ms
[2026-02-05T21:06:32.079+0000][3259.829s][info ][gc,phases   ] GC(167)   Post Evacuate Collection Set: 1.3ms
[2026-02-05T21:06:32.079+0000][3259.829s][info ][gc,phases   ] GC(167)   Other: 0.8ms
[2026-02-05T21:06:32.079+0000][3259.830s][info ][gc,heap     ] GC(167) Eden regions: 90->0(90)
[2026-02-05T21:06:32.080+0000][3259.830s][info ][gc,heap     ] GC(167) Survivor regions: 1->1(12)
[2026-02-05T21:06:32.080+0000][3259.830s][info ][gc,heap     ] GC(167) Old regions: 83->83
[2026-02-05T21:06:32.080+0000][3259.830s][info ][gc,heap     ] GC(167) Archive regions: 2->2
[2026-02-05T21:06:32.080+0000][3259.831s][info ][gc,heap     ] GC(167) Humongous regions: 0->0
[2026-02-05T21:06:32.080+0000][3259.831s][info ][gc,metaspace] GC(167) Metaspace: 196528K(199104K)->196528K(199104K) NonClass: 172882K(174208K)->172882K(174208K) Class: 23646K(24896K)->23646K(24896K)
[2026-02-05T21:06:32.081+0000][3259.831s][info ][gc          ] GC(167) Pause Young (Normal) (G1 Evacuation Pause) 347M->167M(394M) 6.657ms
[2026-02-05T21:06:32.081+0000][3259.831s][info ][gc,cpu      ] GC(167) User=0.00s Sys=0.01s Real=0.00s
[2026-02-05T21:06:32.081+0000][3259.832s][info ][safepoint   ] Safepoint "G1CollectForAllocation", Time since last: 7661473604 ns, Reaching safepoint: 560026 ns, Cleanup: 6401 ns, At safepoint: 7469553 ns, Total: 8035980 ns
[2026-02-05T21:06:35.082+0000][3262.832s][debug][safepoint   ] Safepoint synchronization initiated using futex wait barrier. (388 threads)
[2026-02-05T21:06:35.082+0000][3262.833s][info ][safepoint   ] Safepoint "Cleanup", Time since last: 3000478139 ns, Reaching safepoint: 326315 ns, Cleanup: 17201 ns, At safepoint: 4000 ns, Total: 347516 ns
[2026-02-05T21:06:46.084+0000][3273.834s][debug][safepoint   ] Safepoint synchronization initiated using futex wait barrier. (388 threads)
[2026-02-05T21:06:46.085+0000][3273.835s][info ][safepoint   ] Safepoint "Cleanup", Time since last: 11001598308 ns, Reaching safepoint: 613129 ns, Cleanup: 52002 ns, At safepoint: 10301 ns, Total: 675432 ns
[2026-02-05T21:06:48.084+0000][3275.835s][debug][safepoint   ] Safepoint synchronization initiated using futex wait barrier. (388 threads)
[2026-02-05T21:06:48.085+0000][3275.836s][info ][safepoint   ] Safepoint "Cleanup", Time since last: 2000445420 ns, Reaching safepoint: 415019 ns, Cleanup: 13401 ns, At safepoint: 5000 ns, Total: 433420 ns
[2026-02-05T21:07:04.302+0000][3292.053s][debug][safepoint   ] Safepoint synchronization initiated using futex wait barrier. (388 threads)
[2026-02-05T21:07:04.302+0000][3292.054s][info ][gc,start    ] GC(168) Pause Young (Normal) (G1 Evacuation Pause)
[2026-02-05T21:07:04.303+0000][3292.054s][info ][gc,task     ] GC(168) Using 10 workers of 10 for evacuation
[2026-02-05T21:07:04.307+0000][3292.059s][info ][gc,phases   ] GC(168)   Pre Evacuate Collection Set: 0.4ms
[2026-02-05T21:07:04.308+0000][3292.059s][info ][gc,phases   ] GC(168)   Merge Heap Roots: 0.2ms
[2026-02-05T21:07:04.308+0000][3292.059s][info ][gc,phases   ] GC(168)   Evacuate Collection Set: 2.3ms
[2026-02-05T21:07:04.308+0000][3292.059s][info ][gc,phases   ] GC(168)   Post Evacuate Collection Set: 1.7ms
[2026-02-05T21:07:04.308+0000][3292.059s][info ][gc,phases   ] GC(168)   Other: 0.6ms
[2026-02-05T21:07:04.308+0000][3292.059s][info ][gc,heap     ] GC(168) Eden regions: 90->0(90)
[2026-02-05T21:07:04.308+0000][3292.060s][info ][gc,heap     ] GC(168) Survivor regions: 1->1(12)
[2026-02-05T21:07:04.309+0000][3292.060s][info ][gc,heap     ] GC(168) Old regions: 83->83
[2026-02-05T21:07:04.309+0000][3292.060s][info ][gc,heap     ] GC(168) Archive regions: 2->2
[2026-02-05T21:07:04.309+0000][3292.060s][info ][gc,heap     ] GC(168) Humongous regions: 0->0
[2026-02-05T21:07:04.309+0000][3292.060s][info ][gc,metaspace] GC(168) Metaspace: 196531K(199104K)->196531K(199104K) NonClass: 172885K(174208K)->172885K(174208K) Class: 23646K(24896K)->23646K(24896K)
[2026-02-05T21:07:04.309+0000][3292.060s][info ][gc          ] GC(168) Pause Young (Normal) (G1 Evacuation Pause) 347M->167M(394M) 6.742ms
[2026-02-05T21:07:04.309+0000][3292.061s][info ][gc,cpu      ] GC(168) User=0.01s Sys=0.01s Real=0.01s
[2026-02-05T21:07:04.310+0000][3292.061s][info ][safepoint   ] Safepoint "G1CollectForAllocation", Time since last: 16217299693 ns, Reaching safepoint: 419820 ns, Cleanup: 5600 ns, At safepoint: 7366050 ns, Total: 7791470 ns
[2026-02-05T21:07:17.309+0000][3305.062s][debug][safepoint   ] Safepoint synchronization initiated using futex wait barrier. (388 threads)
[2026-02-05T21:07:17.309+0000][3305.063s][info ][safepoint   ] Safepoint "Cleanup", Time since last: 13001661131 ns, Reaching safepoint: 250612 ns, Cleanup: 35901 ns, At safepoint: 7200 ns, Total: 293713 ns
[2026-02-05T21:07:24.491+0000][3312.245s][debug][safepoint   ] Safepoint synchronization initiated using futex wait barrier. (388 threads)
[2026-02-05T21:07:24.492+0000][3312.245s][info ][safepoint   ] Safepoint "Cleanup", Time since last: 7181978704 ns, Reaching safepoint: 267001 ns, Cleanup: 13800 ns, At safepoint: 4200 ns, Total: 285001 ns
[2026-02-05T21:07:26.492+0000][3314.245s][debug][safepoint   ] Safepoint synchronization initiated using futex wait barrier. (388 threads)
[2026-02-05T21:07:26.493+0000][3314.246s][info ][safepoint   ] Safepoint "Cleanup", Time since last: 2000379209 ns, Reaching safepoint: 415728 ns, Cleanup: 32803 ns, At safepoint: 6900 ns, Total: 455431 ns
[2026-02-05T21:07:28.493+0000][3316.246s][debug][safepoint   ] Safepoint synchronization initiated using futex wait barrier. (388 threads)
[2026-02-05T21:07:28.493+0000][3316.247s][info ][safepoint   ] Safepoint "Cleanup", Time since last: 2000505544 ns, Reaching safepoint: 255217 ns, Cleanup: 12701 ns, At safepoint: 4400 ns, Total: 272318 ns
[2026-02-05T21:07:29.494+0000][3317.247s][debug][safepoint   ] Safepoint synchronization initiated using futex wait barrier. (388 threads)
[2026-02-05T21:07:29.494+0000][3317.247s][info ][safepoint   ] Safepoint "Cleanup", Time since last: 1000325677 ns, Reaching safepoint: 281819 ns, Cleanup: 32703 ns, At safepoint: 4400 ns, Total: 318922 ns
[2026-02-05T21:07:35.540+0000][3323.293s][debug][safepoint   ] Safepoint synchronization initiated using futex wait barrier. (388 threads)
[2026-02-05T21:07:35.540+0000][3323.294s][info ][gc,start    ] GC(169) Pause Young (Normal) (G1 Evacuation Pause)
[2026-02-05T21:07:35.541+0000][3323.294s][info ][gc,task     ] GC(169) Using 10 workers of 10 for evacuation
[2026-02-05T21:07:35.545+0000][3323.299s][info ][gc,phases   ] GC(169)   Pre Evacuate Collection Set: 0.5ms
[2026-02-05T21:07:35.546+0000][3323.299s][info ][gc,phases   ] GC(169)   Merge Heap Roots: 0.2ms
[2026-02-05T21:07:35.546+0000][3323.299s][info ][gc,phases   ] GC(169)   Evacuate Collection Set: 1.9ms
[2026-02-05T21:07:35.546+0000][3323.300s][info ][gc,phases   ] GC(169)   Post Evacuate Collection Set: 1.7ms
[2026-02-05T21:07:35.547+0000][3323.300s][info ][gc,phases   ] GC(169)   Other: 0.8ms
[2026-02-05T21:07:35.547+0000][3323.300s][info ][gc,heap     ] GC(169) Eden regions: 90->0(90)
[2026-02-05T21:07:35.547+0000][3323.300s][info ][gc,heap     ] GC(169) Survivor regions: 1->1(12)
[2026-02-05T21:07:35.547+0000][3323.301s][info ][gc,heap     ] GC(169) Old regions: 83->83
[2026-02-05T21:07:35.547+0000][3323.301s][info ][gc,heap     ] GC(169) Archive regions: 2->2
[2026-02-05T21:07:35.548+0000][3323.301s][info ][gc,heap     ] GC(169) Humongous regions: 0->0
[2026-02-05T21:07:35.548+0000][3323.301s][info ][gc,metaspace] GC(169) Metaspace: 196534K(199104K)->196534K(199104K) NonClass: 172888K(174208K)->172888K(174208K) Class: 23646K(24896K)->23646K(24896K)
[2026-02-05T21:07:35.548+0000][3323.301s][info ][gc          ] GC(169) Pause Young (Normal) (G1 Evacuation Pause) 347M->167M(394M) 7.660ms
[2026-02-05T21:07:35.548+0000][3323.301s][info ][gc,cpu      ] GC(169) User=0.01s Sys=0.01s Real=0.01s
[2026-02-05T21:07:35.549+0000][3323.302s][info ][safepoint   ] Safepoint "G1CollectForAllocation", Time since last: 6045317554 ns, Reaching safepoint: 822847 ns, Cleanup: 5100 ns, At safepoint: 8364273 ns, Total: 9192220 ns
[2026-02-05T21:07:39.549+0000][3327.302s][debug][safepoint   ] Safepoint synchronization initiated using futex wait barrier. (388 threads)
[2026-02-05T21:07:39.549+0000][3327.303s][info ][safepoint   ] Safepoint "Cleanup", Time since last: 4000620783 ns, Reaching safepoint: 274316 ns, Cleanup: 31902 ns, At safepoint: 7500 ns, Total: 313718 ns
[2026-02-05T21:08:00.550+0000][3348.305s][debug][safepoint   ] Safepoint synchronization initiated using futex wait barrier. (388 threads)
[2026-02-05T21:08:00.551+0000][3348.305s][info ][safepoint   ] Safepoint "Cleanup", Time since last: 21002171116 ns, Reaching safepoint: 411620 ns, Cleanup: 18801 ns, At safepoint: 11501 ns, Total: 441922 ns
[2026-02-05T21:08:01.551+0000][3349.306s][debug][safepoint   ] Safepoint synchronization initiated using futex wait barrier. (388 threads)
[2026-02-05T21:08:01.552+0000][3349.307s][info ][safepoint   ] Safepoint "Cleanup", Time since last: 1000382665 ns, Reaching safepoint: 742036 ns, Cleanup: 116106 ns, At safepoint: 94205 ns, Total: 952347 ns
[2026-02-05T21:08:02.553+0000][3350.307s][debug][safepoint   ] Safepoint synchronization initiated using futex wait barrier. (388 threads)
[2026-02-05T21:08:02.554+0000][3350.308s][info ][safepoint   ] Safepoint "Cleanup", Time since last: 1000695680 ns, Reaching safepoint: 791539 ns, Cleanup: 18401 ns, At safepoint: 35002 ns, Total: 844942 ns
[2026-02-05T21:08:08.601+0000][3356.356s][debug][safepoint   ] Safepoint synchronization initiated using futex wait barrier. (388 threads)
[2026-02-05T21:08:08.602+0000][3356.357s][info ][gc,start    ] GC(170) Pause Young (Normal) (G1 Evacuation Pause)
[2026-02-05T21:08:08.602+0000][3356.357s][info ][gc,task     ] GC(170) Using 10 workers of 10 for evacuation
[2026-02-05T21:08:08.607+0000][3356.362s][info ][gc,phases   ] GC(170)   Pre Evacuate Collection Set: 0.4ms
[2026-02-05T21:08:08.607+0000][3356.362s][info ][gc,phases   ] GC(170)   Merge Heap Roots: 0.2ms
[2026-02-05T21:08:08.607+0000][3356.362s][info ][gc,phases   ] GC(170)   Evacuate Collection Set: 1.5ms
[2026-02-05T21:08:08.608+0000][3356.362s][info ][gc,phases   ] GC(170)   Post Evacuate Collection Set: 2.2ms
[2026-02-05T21:08:08.608+0000][3356.362s][info ][gc,phases   ] GC(170)   Other: 0.9ms
[2026-02-05T21:08:08.608+0000][3356.362s][info ][gc,heap     ] GC(170) Eden regions: 90->0(90)
[2026-02-05T21:08:08.608+0000][3356.362s][info ][gc,heap     ] GC(170) Survivor regions: 1->1(12)
[2026-02-05T21:08:08.608+0000][3356.363s][info ][gc,heap     ] GC(170) Old regions: 83->83
[2026-02-05T21:08:08.608+0000][3356.363s][info ][gc,heap     ] GC(170) Archive regions: 2->2
[2026-02-05T21:08:08.608+0000][3356.363s][info ][gc,heap     ] GC(170) Humongous regions: 0->0
[2026-02-05T21:08:08.609+0000][3356.363s][info ][gc,metaspace] GC(170) Metaspace: 196538K(199104K)->196538K(199104K) NonClass: 172892K(174208K)->172892K(174208K) Class: 23646K(24896K)->23646K(24896K)
[2026-02-05T21:08:08.609+0000][3356.363s][info ][gc          ] GC(170) Pause Young (Normal) (G1 Evacuation Pause) 347M->167M(394M) 6.663ms
[2026-02-05T21:08:08.609+0000][3356.363s][info ][gc,cpu      ] GC(170) User=0.01s Sys=0.00s Real=0.01s
[2026-02-05T21:08:08.609+0000][3356.364s][info ][safepoint   ] Safepoint "G1CollectForAllocation", Time since last: 6047685748 ns, Reaching safepoint: 442322 ns, Cleanup: 19200 ns, At safepoint: 7474959 ns, Total: 7936481 ns
[2026-02-05T21:08:13.610+0000][3361.365s][debug][safepoint   ] Safepoint synchronization initiated using futex wait barrier. (388 threads)
[2026-02-05T21:08:13.610+0000][3361.365s][info ][safepoint   ] Safepoint "Cleanup", Time since last: 5000789947 ns, Reaching safepoint: 253413 ns, Cleanup: 17800 ns, At safepoint: 36402 ns, Total: 307615 ns
[2026-02-05T21:08:20.575+0000][3368.331s][debug][safepoint   ] Safepoint synchronization initiated using futex wait barrier. (388 threads)
[2026-02-05T21:08:20.576+0000][3368.332s][info ][safepoint   ] Safepoint "Cleanup", Time since last: 6966372855 ns, Reaching safepoint: 392919 ns, Cleanup: 49802 ns, At safepoint: 10400 ns, Total: 453121 ns
[2026-02-05T21:08:22.576+0000][3370.332s][debug][safepoint   ] Safepoint synchronization initiated using futex wait barrier. (388 threads)
[2026-02-05T21:08:22.577+0000][3370.333s][info ][safepoint   ] Safepoint "Cleanup", Time since last: 2000462901 ns, Reaching safepoint: 470022 ns, Cleanup: 30402 ns, At safepoint: 45202 ns, Total: 545626 ns
[2026-02-05T21:08:28.578+0000][3376.334s][debug][safepoint   ] Safepoint synchronization initiated using futex wait barrier. (388 threads)
[2026-02-05T21:08:28.578+0000][3376.334s][info ][safepoint   ] Safepoint "Cleanup", Time since last: 6000907660 ns, Reaching safepoint: 346716 ns, Cleanup: 42702 ns, At safepoint: 11501 ns, Total: 400919 ns
[2026-02-05T21:08:40.547+0000][3388.303s][debug][safepoint   ] Safepoint synchronization initiated using futex wait barrier. (388 threads)
[2026-02-05T21:08:40.549+0000][3388.305s][info ][gc,start    ] GC(171) Pause Young (Normal) (G1 Evacuation Pause)
[2026-02-05T21:08:40.549+0000][3388.305s][info ][gc,task     ] GC(171) Using 10 workers of 10 for evacuation
[2026-02-05T21:08:40.553+0000][3388.309s][info ][gc,phases   ] GC(171)   Pre Evacuate Collection Set: 0.3ms
[2026-02-05T21:08:40.554+0000][3388.310s][info ][gc,phases   ] GC(171)   Merge Heap Roots: 0.2ms
[2026-02-05T21:08:40.554+0000][3388.310s][info ][gc,phases   ] GC(171)   Evacuate Collection Set: 1.6ms
[2026-02-05T21:08:40.554+0000][3388.310s][info ][gc,phases   ] GC(171)   Post Evacuate Collection Set: 1.8ms
[2026-02-05T21:08:40.554+0000][3388.310s][info ][gc,phases   ] GC(171)   Other: 0.7ms
[2026-02-05T21:08:40.555+0000][3388.311s][info ][gc,heap     ] GC(171) Eden regions: 90->0(90)
[2026-02-05T21:08:40.555+0000][3388.311s][info ][gc,heap     ] GC(171) Survivor regions: 1->1(12)
[2026-02-05T21:08:40.555+0000][3388.311s][info ][gc,heap     ] GC(171) Old regions: 83->83
[2026-02-05T21:08:40.555+0000][3388.311s][info ][gc,heap     ] GC(171) Archive regions: 2->2
[2026-02-05T21:08:40.555+0000][3388.311s][info ][gc,heap     ] GC(171) Humongous regions: 0->0
[2026-02-05T21:08:40.556+0000][3388.311s][info ][gc,metaspace] GC(171) Metaspace: 196542K(199104K)->196542K(199104K) NonClass: 172895K(174208K)->172895K(174208K) Class: 23646K(24896K)->23646K(24896K)
[2026-02-05T21:08:40.556+0000][3388.312s][info ][gc          ] GC(171) Pause Young (Normal) (G1 Evacuation Pause) 347M->167M(394M) 7.051ms
[2026-02-05T21:08:40.556+0000][3388.312s][info ][gc,cpu      ] GC(171) User=0.01s Sys=0.02s Real=0.01s
[2026-02-05T21:08:40.557+0000][3388.312s][info ][safepoint   ] Safepoint "G1CollectForAllocation", Time since last: 11969115884 ns, Reaching safepoint: 1401066 ns, Cleanup: 30401 ns, At safepoint: 7833267 ns, Total: 9264734 ns
[2026-02-05T21:09:12.276+0000][3420.034s][debug][safepoint   ] Safepoint synchronization initiated using futex wait barrier. (388 threads)
[2026-02-05T21:09:12.276+0000][3420.034s][info ][gc,start    ] GC(172) Pause Young (Normal) (G1 Evacuation Pause)
[2026-02-05T21:09:12.276+0000][3420.034s][info ][gc,task     ] GC(172) Using 10 workers of 10 for evacuation
[2026-02-05T21:09:12.281+0000][3420.039s][info ][gc,phases   ] GC(172)   Pre Evacuate Collection Set: 0.3ms
[2026-02-05T21:09:12.281+0000][3420.039s][info ][gc,phases   ] GC(172)   Merge Heap Roots: 0.2ms
[2026-02-05T21:09:12.281+0000][3420.039s][info ][gc,phases   ] GC(172)   Evacuate Collection Set: 2.0ms
[2026-02-05T21:09:12.282+0000][3420.040s][info ][gc,phases   ] GC(172)   Post Evacuate Collection Set: 1.9ms
[2026-02-05T21:09:12.282+0000][3420.040s][info ][gc,phases   ] GC(172)   Other: 0.5ms
[2026-02-05T21:09:12.282+0000][3420.040s][info ][gc,heap     ] GC(172) Eden regions: 90->0(90)
[2026-02-05T21:09:12.282+0000][3420.040s][info ][gc,heap     ] GC(172) Survivor regions: 1->1(12)
[2026-02-05T21:09:12.282+0000][3420.040s][info ][gc,heap     ] GC(172) Old regions: 83->83
[2026-02-05T21:09:12.282+0000][3420.040s][info ][gc,heap     ] GC(172) Archive regions: 2->2
[2026-02-05T21:09:12.282+0000][3420.040s][info ][gc,heap     ] GC(172) Humongous regions: 0->0
[2026-02-05T21:09:12.283+0000][3420.041s][info ][gc,metaspace] GC(172) Metaspace: 196545K(199104K)->196545K(199104K) NonClass: 172899K(174208K)->172899K(174208K) Class: 23646K(24896K)->23646K(24896K)
[2026-02-05T21:09:12.283+0000][3420.041s][info ][gc          ] GC(172) Pause Young (Normal) (G1 Evacuation Pause) 347M->167M(394M) 6.574ms
[2026-02-05T21:09:12.283+0000][3420.041s][info ][gc,cpu      ] GC(172) User=0.02s Sys=0.00s Real=0.01s
[2026-02-05T21:09:12.283+0000][3420.041s][info ][safepoint   ] Safepoint "G1CollectForAllocation", Time since last: 31721193013 ns, Reaching safepoint: 410720 ns, Cleanup: 22201 ns, At safepoint: 7233567 ns, Total: 7666488 ns
[2026-02-05T21:09:28.673+0000][3436.432s][debug][safepoint   ] Safepoint synchronization initiated using futex wait barrier. (388 threads)
[2026-02-05T21:09:28.673+0000][3436.433s][info ][safepoint   ] Safepoint "Cleanup", Time since last: 16390691058 ns, Reaching safepoint: 494029 ns, Cleanup: 74704 ns, At safepoint: 12801 ns, Total: 581534 ns
[2026-02-05T21:09:34.674+0000][3442.434s][debug][safepoint   ] Safepoint synchronization initiated using futex wait barrier. (388 threads)
[2026-02-05T21:09:34.675+0000][3442.434s][info ][safepoint   ] Safepoint "Cleanup", Time since last: 6001017653 ns, Reaching safepoint: 266613 ns, Cleanup: 11901 ns, At safepoint: 4500 ns, Total: 283014 ns
[2026-02-05T21:09:45.484+0000][3453.243s][debug][safepoint   ] Safepoint synchronization initiated using futex wait barrier. (388 threads)
[2026-02-05T21:09:45.485+0000][3453.244s][info ][gc,start    ] GC(173) Pause Young (Normal) (G1 Evacuation Pause)
[2026-02-05T21:09:45.486+0000][3453.245s][info ][gc,task     ] GC(173) Using 10 workers of 10 for evacuation
[2026-02-05T21:09:45.492+0000][3453.251s][info ][gc,phases   ] GC(173)   Pre Evacuate Collection Set: 0.5ms
[2026-02-05T21:09:45.493+0000][3453.252s][info ][gc,phases   ] GC(173)   Merge Heap Roots: 0.2ms
[2026-02-05T21:09:45.493+0000][3453.252s][info ][gc,phases   ] GC(173)   Evacuate Collection Set: 3.1ms
[2026-02-05T21:09:45.493+0000][3453.253s][info ][gc,phases   ] GC(173)   Post Evacuate Collection Set: 2.4ms
[2026-02-05T21:09:45.494+0000][3453.253s][info ][gc,phases   ] GC(173)   Other: 1.0ms
[2026-02-05T21:09:45.494+0000][3453.253s][info ][gc,heap     ] GC(173) Eden regions: 90->0(90)
[2026-02-05T21:09:45.494+0000][3453.253s][info ][gc,heap     ] GC(173) Survivor regions: 1->1(12)
[2026-02-05T21:09:45.494+0000][3453.253s][info ][gc,heap     ] GC(173) Old regions: 83->83
[2026-02-05T21:09:45.494+0000][3453.254s][info ][gc,heap     ] GC(173) Archive regions: 2->2
[2026-02-05T21:09:45.495+0000][3453.254s][info ][gc,heap     ] GC(173) Humongous regions: 0->0
[2026-02-05T21:09:45.495+0000][3453.254s][info ][gc,metaspace] GC(173) Metaspace: 196546K(199104K)->196546K(199104K) NonClass: 172899K(174208K)->172899K(174208K) Class: 23646K(24896K)->23646K(24896K)
[2026-02-05T21:09:45.495+0000][3453.254s][info ][gc          ] GC(173) Pause Young (Normal) (G1 Evacuation Pause) 347M->167M(394M) 9.634ms
[2026-02-05T21:09:45.495+0000][3453.254s][info ][gc,cpu      ] GC(173) User=0.01s Sys=0.01s Real=0.01s
[2026-02-05T21:09:45.495+0000][3453.255s][info ][safepoint   ] Safepoint "G1CollectForAllocation", Time since last: 10809487271 ns, Reaching safepoint: 824138 ns, Cleanup: 6001 ns, At safepoint: 10508588 ns, Total: 11338727 ns
[2026-02-05T21:09:48.495+0000][3456.256s][debug][safepoint   ] Safepoint synchronization initiated using futex wait barrier. (388 threads)
[2026-02-05T21:09:48.496+0000][3456.256s][info ][safepoint   ] Safepoint "Cleanup", Time since last: 3000894334 ns, Reaching safepoint: 619929 ns, Cleanup: 61003 ns, At safepoint: 80104 ns, Total: 761036 ns
[2026-02-05T21:10:16.866+0000][3484.627s][debug][safepoint   ] Safepoint synchronization initiated using futex wait barrier. (388 threads)
[2026-02-05T21:10:16.867+0000][3484.628s][info ][gc,start    ] GC(174) Pause Young (Normal) (G1 Evacuation Pause)
[2026-02-05T21:10:16.867+0000][3484.628s][info ][gc,task     ] GC(174) Using 10 workers of 10 for evacuation
[2026-02-05T21:10:16.874+0000][3484.634s][info ][gc,phases   ] GC(174)   Pre Evacuate Collection Set: 0.4ms
[2026-02-05T21:10:16.874+0000][3484.634s][info ][gc,phases   ] GC(174)   Merge Heap Roots: 0.2ms
[2026-02-05T21:10:16.874+0000][3484.635s][info ][gc,phases   ] GC(174)   Evacuate Collection Set: 2.8ms
[2026-02-05T21:10:16.874+0000][3484.635s][info ][gc,phases   ] GC(174)   Post Evacuate Collection Set: 2.4ms
[2026-02-05T21:10:16.874+0000][3484.635s][info ][gc,phases   ] GC(174)   Other: 0.7ms
[2026-02-05T21:10:16.874+0000][3484.635s][info ][gc,heap     ] GC(174) Eden regions: 90->0(90)
[2026-02-05T21:10:16.875+0000][3484.635s][info ][gc,heap     ] GC(174) Survivor regions: 1->1(12)
[2026-02-05T21:10:16.875+0000][3484.635s][info ][gc,heap     ] GC(174) Old regions: 83->83
[2026-02-05T21:10:16.875+0000][3484.635s][info ][gc,heap     ] GC(174) Archive regions: 2->2
[2026-02-05T21:10:16.875+0000][3484.636s][info ][gc,heap     ] GC(174) Humongous regions: 0->0
[2026-02-05T21:10:16.875+0000][3484.636s][info ][gc,metaspace] GC(174) Metaspace: 196546K(199104K)->196546K(199104K) NonClass: 172899K(174208K)->172899K(174208K) Class: 23646K(24896K)->23646K(24896K)
[2026-02-05T21:10:16.875+0000][3484.636s][info ][gc          ] GC(174) Pause Young (Normal) (G1 Evacuation Pause) 347M->167M(394M) 8.057ms
[2026-02-05T21:10:16.875+0000][3484.636s][info ][gc,cpu      ] GC(174) User=0.01s Sys=0.02s Real=0.01s
[2026-02-05T21:10:16.876+0000][3484.636s][info ][safepoint   ] Safepoint "G1CollectForAllocation", Time since last: 28370451577 ns, Reaching safepoint: 839639 ns, Cleanup: 23001 ns, At safepoint: 8770008 ns, Total: 9632648 ns
[2026-02-05T21:10:48.890+0000][3516.653s][debug][safepoint   ] Safepoint synchronization initiated using futex wait barrier. (388 threads)
[2026-02-05T21:10:48.891+0000][3516.654s][info ][gc,start    ] GC(175) Pause Young (Normal) (G1 Evacuation Pause)
[2026-02-05T21:10:48.891+0000][3516.654s][info ][gc,task     ] GC(175) Using 10 workers of 10 for evacuation
[2026-02-05T21:10:48.895+0000][3516.658s][info ][gc,phases   ] GC(175)   Pre Evacuate Collection Set: 0.3ms
[2026-02-05T21:10:48.895+0000][3516.658s][info ][gc,phases   ] GC(175)   Merge Heap Roots: 0.1ms
[2026-02-05T21:10:48.895+0000][3516.658s][info ][gc,phases   ] GC(175)   Evacuate Collection Set: 1.2ms
[2026-02-05T21:10:48.895+0000][3516.659s][info ][gc,phases   ] GC(175)   Post Evacuate Collection Set: 1.6ms
[2026-02-05T21:10:48.895+0000][3516.659s][info ][gc,phases   ] GC(175)   Other: 0.8ms
[2026-02-05T21:10:48.896+0000][3516.659s][info ][gc,heap     ] GC(175) Eden regions: 90->0(90)
[2026-02-05T21:10:48.896+0000][3516.659s][info ][gc,heap     ] GC(175) Survivor regions: 1->1(12)
[2026-02-05T21:10:48.896+0000][3516.659s][info ][gc,heap     ] GC(175) Old regions: 83->83
[2026-02-05T21:10:48.896+0000][3516.659s][info ][gc,heap     ] GC(175) Archive regions: 2->2
[2026-02-05T21:10:48.896+0000][3516.660s][info ][gc,heap     ] GC(175) Humongous regions: 0->0
[2026-02-05T21:10:48.896+0000][3516.660s][info ][gc,metaspace] GC(175) Metaspace: 196546K(199104K)->196546K(199104K) NonClass: 172899K(174208K)->172899K(174208K) Class: 23646K(24896K)->23646K(24896K)
[2026-02-05T21:10:48.896+0000][3516.660s][info ][gc          ] GC(175) Pause Young (Normal) (G1 Evacuation Pause) 347M->167M(394M) 5.824ms
[2026-02-05T21:10:48.897+0000][3516.660s][info ][gc,cpu      ] GC(175) User=0.02s Sys=0.00s Real=0.01s
[2026-02-05T21:10:48.897+0000][3516.661s][info ][safepoint   ] Safepoint "G1CollectForAllocation", Time since last: 32016664559 ns, Reaching safepoint: 843340 ns, Cleanup: 6100 ns, At safepoint: 6622511 ns, Total: 7471951 ns
[2026-02-05T21:10:53.898+0000][3521.661s][debug][safepoint   ] Safepoint synchronization initiated using futex wait barrier. (388 threads)
[2026-02-05T21:10:53.898+0000][3521.662s][info ][safepoint   ] Safepoint "Cleanup", Time since last: 5000820084 ns, Reaching safepoint: 298114 ns, Cleanup: 39302 ns, At safepoint: 7200 ns, Total: 344616 ns
[2026-02-05T21:11:22.015+0000][3549.779s][debug][safepoint   ] Safepoint synchronization initiated using futex wait barrier. (388 threads)
[2026-02-05T21:11:22.015+0000][3549.780s][info ][gc,start    ] GC(176) Pause Young (Normal) (G1 Evacuation Pause)
[2026-02-05T21:11:22.016+0000][3549.780s][info ][gc,task     ] GC(176) Using 10 workers of 10 for evacuation
[2026-02-05T21:11:22.022+0000][3549.787s][info ][gc,phases   ] GC(176)   Pre Evacuate Collection Set: 0.6ms
[2026-02-05T21:11:22.022+0000][3549.787s][info ][gc,phases   ] GC(176)   Merge Heap Roots: 0.2ms
[2026-02-05T21:11:22.023+0000][3549.788s][info ][gc,phases   ] GC(176)   Evacuate Collection Set: 3.2ms
[2026-02-05T21:11:22.023+0000][3549.788s][info ][gc,phases   ] GC(176)   Post Evacuate Collection Set: 1.7ms
[2026-02-05T21:11:22.023+0000][3549.788s][info ][gc,phases   ] GC(176)   Other: 0.9ms
[2026-02-05T21:11:22.023+0000][3549.788s][info ][gc,heap     ] GC(176) Eden regions: 90->0(90)
[2026-02-05T21:11:22.024+0000][3549.789s][info ][gc,heap     ] GC(176) Survivor regions: 1->1(12)
[2026-02-05T21:11:22.024+0000][3549.789s][info ][gc,heap     ] GC(176) Old regions: 83->83
[2026-02-05T21:11:22.024+0000][3549.789s][info ][gc,heap     ] GC(176) Archive regions: 2->2
[2026-02-05T21:11:22.025+0000][3549.789s][info ][gc,heap     ] GC(176) Humongous regions: 0->0
[2026-02-05T21:11:22.025+0000][3549.790s][info ][gc,metaspace] GC(176) Metaspace: 196546K(199104K)->196546K(199104K) NonClass: 172899K(174208K)->172899K(174208K) Class: 23646K(24896K)->23646K(24896K)
[2026-02-05T21:11:22.025+0000][3549.790s][info ][gc          ] GC(176) Pause Young (Normal) (G1 Evacuation Pause) 347M->167M(394M) 9.955ms
[2026-02-05T21:11:22.026+0000][3549.791s][info ][gc,cpu      ] GC(176) User=0.01s Sys=0.01s Real=0.00s
[2026-02-05T21:11:22.026+0000][3549.791s][info ][safepoint   ] Safepoint "G1CollectForAllocation", Time since last: 28117708215 ns, Reaching safepoint: 572426 ns, Cleanup: 27401 ns, At safepoint: 11035713 ns, Total: 11635540 ns
[2026-02-05T21:11:23.027+0000][3550.792s][debug][safepoint   ] Safepoint synchronization initiated using futex wait barrier. (390 threads)
[2026-02-05T21:11:23.028+0000][3550.792s][info ][safepoint   ] Safepoint "Cleanup", Time since last: 1000513956 ns, Reaching safepoint: 829138 ns, Cleanup: 20501 ns, At safepoint: 15401 ns, Total: 865040 ns
[2026-02-05T21:11:25.028+0000][3552.793s][debug][safepoint   ] Safepoint synchronization initiated using futex wait barrier. (390 threads)
[2026-02-05T21:11:25.031+0000][3552.796s][info ][safepoint   ] Safepoint "Cleanup", Time since last: 2000736498 ns, Reaching safepoint: 2742028 ns, Cleanup: 28201 ns, At safepoint: 71803 ns, Total: 2842032 ns
[2026-02-05T21:11:39.035+0000][3566.799s][debug][safepoint   ] Safepoint synchronization initiated using futex wait barrier. (388 threads)
[2026-02-05T21:11:39.036+0000][3566.800s][info ][safepoint   ] Safepoint "Cleanup", Time since last: 14003366217 ns, Reaching safepoint: 901642 ns, Cleanup: 70604 ns, At safepoint: 66103 ns, Total: 1038349 ns
[2026-02-05T21:11:47.038+0000][3574.803s][debug][safepoint   ] Safepoint synchronization initiated using futex wait barrier. (390 threads)
[2026-02-05T21:11:47.038+0000][3574.803s][info ][safepoint   ] Safepoint "Cleanup", Time since last: 8002070052 ns, Reaching safepoint: 385117 ns, Cleanup: 9400 ns, At safepoint: 35402 ns, Total: 429919 ns
[2026-02-05T21:11:53.043+0000][3580.810s][debug][safepoint   ] Safepoint synchronization initiated using futex wait barrier. (390 threads)
[2026-02-05T21:11:53.043+0000][3580.810s][info ][gc,start    ] GC(177) Pause Young (Normal) (G1 Evacuation Pause)
[2026-02-05T21:11:53.044+0000][3580.810s][info ][gc,task     ] GC(177) Using 10 workers of 10 for evacuation
[2026-02-05T21:11:53.050+0000][3580.817s][info ][gc,phases   ] GC(177)   Pre Evacuate Collection Set: 0.4ms
[2026-02-05T21:11:53.051+0000][3580.817s][info ][gc,phases   ] GC(177)   Merge Heap Roots: 0.2ms
[2026-02-05T21:11:53.051+0000][3580.818s][info ][gc,phases   ] GC(177)   Evacuate Collection Set: 3.1ms
[2026-02-05T21:11:53.051+0000][3580.818s][info ][gc,phases   ] GC(177)   Post Evacuate Collection Set: 2.4ms
[2026-02-05T21:11:53.051+0000][3580.818s][info ][gc,phases   ] GC(177)   Other: 1.0ms
[2026-02-05T21:11:53.051+0000][3580.818s][info ][gc,heap     ] GC(177) Eden regions: 90->0(90)
[2026-02-05T21:11:53.052+0000][3580.818s][info ][gc,heap     ] GC(177) Survivor regions: 1->1(12)
[2026-02-05T21:11:53.052+0000][3580.819s][info ][gc,heap     ] GC(177) Old regions: 83->83
[2026-02-05T21:11:53.052+0000][3580.819s][info ][gc,heap     ] GC(177) Archive regions: 2->2
[2026-02-05T21:11:53.052+0000][3580.819s][info ][gc,heap     ] GC(177) Humongous regions: 0->0
[2026-02-05T21:11:53.052+0000][3580.819s][info ][gc,metaspace] GC(177) Metaspace: 196554K(199104K)->196554K(199104K) NonClass: 172907K(174208K)->172907K(174208K) Class: 23646K(24896K)->23646K(24896K)
[2026-02-05T21:11:53.052+0000][3580.819s][info ][gc          ] GC(177) Pause Young (Normal) (G1 Evacuation Pause) 347M->168M(394M) 9.077ms
[2026-02-05T21:11:53.053+0000][3580.820s][info ][gc,cpu      ] GC(177) User=0.04s Sys=0.00s Real=0.02s
[2026-02-05T21:11:53.053+0000][3580.820s][info ][safepoint   ] Safepoint "G1CollectForAllocation", Time since last: 6006731976 ns, Reaching safepoint: 345814 ns, Cleanup: 30802 ns, At safepoint: 10192434 ns, Total: 10569050 ns
[2026-02-05T21:12:17.057+0000][3604.823s][debug][safepoint   ] Safepoint synchronization initiated using futex wait barrier. (390 threads)
[2026-02-05T21:12:17.057+0000][3604.824s][info ][safepoint   ] Safepoint "Cleanup", Time since last: 24003124848 ns, Reaching safepoint: 584428 ns, Cleanup: 45002 ns, At safepoint: 14700 ns, Total: 644130 ns
[2026-02-05T21:12:25.463+0000][3613.231s][debug][safepoint   ] Safepoint synchronization initiated using futex wait barrier. (388 threads)
[2026-02-05T21:12:25.464+0000][3613.232s][info ][gc,start    ] GC(178) Pause Young (Normal) (G1 Evacuation Pause)
[2026-02-05T21:12:25.465+0000][3613.233s][info ][gc,task     ] GC(178) Using 10 workers of 10 for evacuation
[2026-02-05T21:12:25.471+0000][3613.239s][info ][gc,phases   ] GC(178)   Pre Evacuate Collection Set: 0.5ms
[2026-02-05T21:12:25.472+0000][3613.240s][info ][gc,phases   ] GC(178)   Merge Heap Roots: 0.2ms
[2026-02-05T21:12:25.472+0000][3613.240s][info ][gc,phases   ] GC(178)   Evacuate Collection Set: 3.9ms
[2026-02-05T21:12:25.472+0000][3613.240s][info ][gc,phases   ] GC(178)   Post Evacuate Collection Set: 1.6ms
[2026-02-05T21:12:25.472+0000][3613.240s][info ][gc,phases   ] GC(178)   Other: 1.2ms
[2026-02-05T21:12:25.472+0000][3613.240s][info ][gc,heap     ] GC(178) Eden regions: 90->0(90)
[2026-02-05T21:12:25.473+0000][3613.241s][info ][gc,heap     ] GC(178) Survivor regions: 1->1(12)
[2026-02-05T21:12:25.473+0000][3613.241s][info ][gc,heap     ] GC(178) Old regions: 83->83
[2026-02-05T21:12:25.473+0000][3613.241s][info ][gc,heap     ] GC(178) Archive regions: 2->2
[2026-02-05T21:12:25.473+0000][3613.241s][info ][gc,heap     ] GC(178) Humongous regions: 0->0
[2026-02-05T21:12:25.473+0000][3613.241s][info ][gc,metaspace] GC(178) Metaspace: 196575K(199168K)->196575K(199168K) NonClass: 172928K(174272K)->172928K(174272K) Class: 23646K(24896K)->23646K(24896K)
[2026-02-05T21:12:25.473+0000][3613.241s][info ][gc          ] GC(178) Pause Young (Normal) (G1 Evacuation Pause) 348M->168M(394M) 9.257ms
[2026-02-05T21:12:25.474+0000][3613.242s][info ][gc,cpu      ] GC(178) User=0.02s Sys=0.01s Real=0.01s
[2026-02-05T21:12:25.474+0000][3613.242s][info ][safepoint   ] Safepoint "G1CollectForAllocation", Time since last: 8407192253 ns, Reaching safepoint: 702433 ns, Cleanup: 33202 ns, At safepoint: 9999275 ns, Total: 10734910 ns
[2026-02-05T21:12:42.476+0000][3630.244s][debug][safepoint   ] Safepoint synchronization initiated using futex wait barrier. (388 threads)
[2026-02-05T21:12:42.476+0000][3630.244s][info ][safepoint   ] Safepoint "Cleanup", Time since last: 17002224002 ns, Reaching safepoint: 217210 ns, Cleanup: 32302 ns, At safepoint: 7200 ns, Total: 256712 ns
[2026-02-05T21:12:57.477+0000][3645.247s][debug][safepoint   ] Safepoint synchronization initiated using futex wait barrier. (388 threads)
[2026-02-05T21:12:57.478+0000][3645.247s][info ][safepoint   ] Safepoint "Cleanup", Time since last: 15002102321 ns, Reaching safepoint: 640531 ns, Cleanup: 33601 ns, At safepoint: 32602 ns, Total: 706734 ns
[2026-02-05T21:12:58.138+0000][3645.908s][debug][safepoint   ] Safepoint synchronization initiated using futex wait barrier. (388 threads)
[2026-02-05T21:12:58.139+0000][3645.909s][info ][gc,start    ] GC(179) Pause Young (Normal) (G1 Evacuation Pause)
[2026-02-05T21:12:58.140+0000][3645.909s][info ][gc,task     ] GC(179) Using 10 workers of 10 for evacuation
[2026-02-05T21:12:58.148+0000][3645.917s][info ][gc,phases   ] GC(179)   Pre Evacuate Collection Set: 0.6ms
[2026-02-05T21:12:58.148+0000][3645.917s][info ][gc,phases   ] GC(179)   Merge Heap Roots: 0.2ms
[2026-02-05T21:12:58.148+0000][3645.917s][info ][gc,phases   ] GC(179)   Evacuate Collection Set: 3.7ms
[2026-02-05T21:12:58.148+0000][3645.918s][info ][gc,phases   ] GC(179)   Post Evacuate Collection Set: 2.7ms
[2026-02-05T21:12:58.148+0000][3645.918s][info ][gc,phases   ] GC(179)   Other: 1.2ms
[2026-02-05T21:12:58.148+0000][3645.918s][info ][gc,heap     ] GC(179) Eden regions: 90->0(90)
[2026-02-05T21:12:58.149+0000][3645.918s][info ][gc,heap     ] GC(179) Survivor regions: 1->1(12)
[2026-02-05T21:12:58.149+0000][3645.918s][info ][gc,heap     ] GC(179) Old regions: 83->83
[2026-02-05T21:12:58.149+0000][3645.918s][info ][gc,heap     ] GC(179) Archive regions: 2->2
[2026-02-05T21:12:58.149+0000][3645.918s][info ][gc,heap     ] GC(179) Humongous regions: 0->0
[2026-02-05T21:12:58.149+0000][3645.919s][info ][gc,metaspace] GC(179) Metaspace: 196594K(199168K)->196594K(199168K) NonClass: 172944K(174272K)->172944K(174272K) Class: 23649K(24896K)->23649K(24896K)
[2026-02-05T21:12:58.149+0000][3645.919s][info ][gc          ] GC(179) Pause Young (Normal) (G1 Evacuation Pause) 348M->168M(394M) 10.026ms
[2026-02-05T21:12:58.150+0000][3645.919s][info ][gc,cpu      ] GC(179) User=0.04s Sys=0.00s Real=0.01s
[2026-02-05T21:12:58.150+0000][3645.919s][info ][safepoint   ] Safepoint "G1CollectForAllocation", Time since last: 660511907 ns, Reaching safepoint: 752435 ns, Cleanup: 4700 ns, At safepoint: 10897517 ns, Total: 11654652 ns
[2026-02-05T21:13:11.151+0000][3658.921s][debug][safepoint   ] Safepoint synchronization initiated using futex wait barrier. (388 threads)
[2026-02-05T21:13:11.152+0000][3658.921s][info ][safepoint   ] Safepoint "Cleanup", Time since last: 13001418664 ns, Reaching safepoint: 483921 ns, Cleanup: 47702 ns, At safepoint: 48702 ns, Total: 580325 ns
[2026-02-05T21:13:13.152+0000][3660.922s][debug][safepoint   ] Safepoint synchronization initiated using futex wait barrier. (388 threads)
[2026-02-05T21:13:13.153+0000][3660.922s][info ][safepoint   ] Safepoint "Cleanup", Time since last: 2000390275 ns, Reaching safepoint: 256411 ns, Cleanup: 13301 ns, At safepoint: 4700 ns, Total: 274412 ns
[2026-02-05T21:13:16.153+0000][3663.922s][debug][safepoint   ] Safepoint synchronization initiated using futex wait barrier. (388 threads)
[2026-02-05T21:13:16.153+0000][3663.923s][info ][safepoint   ] Safepoint "Cleanup", Time since last: 3000396005 ns, Reaching safepoint: 303613 ns, Cleanup: 16501 ns, At safepoint: 6300 ns, Total: 326414 ns
[2026-02-05T21:13:28.037+0000][3675.808s][debug][safepoint   ] Safepoint synchronization initiated using futex wait barrier. (388 threads)
[2026-02-05T21:13:28.038+0000][3675.808s][info ][safepoint   ] Safepoint "Cleanup", Time since last: 11885407926 ns, Reaching safepoint: 266712 ns, Cleanup: 13901 ns, At safepoint: 23601 ns, Total: 304214 ns
[2026-02-05T21:13:28.973+0000][3676.744s][debug][safepoint   ] Safepoint synchronization initiated using futex wait barrier. (388 threads)
[2026-02-05T21:13:28.974+0000][3676.745s][info ][gc,start    ] GC(180) Pause Young (Normal) (G1 Evacuation Pause)
[2026-02-05T21:13:28.974+0000][3676.745s][info ][gc,task     ] GC(180) Using 10 workers of 10 for evacuation
[2026-02-05T21:13:28.978+0000][3676.749s][info ][gc,phases   ] GC(180)   Pre Evacuate Collection Set: 0.3ms
[2026-02-05T21:13:28.979+0000][3676.749s][info ][gc,phases   ] GC(180)   Merge Heap Roots: 0.2ms
[2026-02-05T21:13:28.979+0000][3676.750s][info ][gc,phases   ] GC(180)   Evacuate Collection Set: 2.0ms
[2026-02-05T21:13:28.979+0000][3676.750s][info ][gc,phases   ] GC(180)   Post Evacuate Collection Set: 1.5ms
[2026-02-05T21:13:28.979+0000][3676.750s][info ][gc,phases   ] GC(180)   Other: 0.6ms
[2026-02-05T21:13:28.979+0000][3676.750s][info ][gc,heap     ] GC(180) Eden regions: 90->0(90)
[2026-02-05T21:13:28.979+0000][3676.750s][info ][gc,heap     ] GC(180) Survivor regions: 1->1(12)
[2026-02-05T21:13:28.980+0000][3676.750s][info ][gc,heap     ] GC(180) Old regions: 83->83
[2026-02-05T21:13:28.980+0000][3676.751s][info ][gc,heap     ] GC(180) Archive regions: 2->2
[2026-02-05T21:13:28.980+0000][3676.751s][info ][gc,heap     ] GC(180) Humongous regions: 0->0
[2026-02-05T21:13:28.980+0000][3676.751s][info ][gc,metaspace] GC(180) Metaspace: 196599K(199232K)->196599K(199232K) NonClass: 172950K(174336K)->172950K(174336K) Class: 23649K(24896K)->23649K(24896K)
[2026-02-05T21:13:28.980+0000][3676.751s][info ][gc          ] GC(180) Pause Young (Normal) (G1 Evacuation Pause) 348M->168M(394M) 6.259ms
[2026-02-05T21:13:28.980+0000][3676.751s][info ][gc,cpu      ] GC(180) User=0.00s Sys=0.02s Real=0.00s
[2026-02-05T21:13:28.981+0000][3676.752s][info ][safepoint   ] Safepoint "G1CollectForAllocation", Time since last: 935279704 ns, Reaching safepoint: 910743 ns, Cleanup: 5200 ns, At safepoint: 7326645 ns, Total: 8242588 ns
[2026-02-05T21:14:01.783+0000][3709.556s][debug][safepoint   ] Safepoint synchronization initiated using futex wait barrier. (388 threads)
[2026-02-05T21:14:01.784+0000][3709.557s][info ][gc,start    ] GC(181) Pause Young (Normal) (G1 Evacuation Pause)
[2026-02-05T21:14:01.785+0000][3709.558s][info ][gc,task     ] GC(181) Using 10 workers of 10 for evacuation
[2026-02-05T21:14:01.793+0000][3709.566s][info ][gc,phases   ] GC(181)   Pre Evacuate Collection Set: 0.5ms
[2026-02-05T21:14:01.793+0000][3709.566s][info ][gc,phases   ] GC(181)   Merge Heap Roots: 0.2ms
[2026-02-05T21:14:01.793+0000][3709.566s][info ][gc,phases   ] GC(181)   Evacuate Collection Set: 4.4ms
[2026-02-05T21:14:01.793+0000][3709.566s][info ][gc,phases   ] GC(181)   Post Evacuate Collection Set: 2.8ms
[2026-02-05T21:14:01.794+0000][3709.566s][info ][gc,phases   ] GC(181)   Other: 1.1ms
[2026-02-05T21:14:01.794+0000][3709.567s][info ][gc,heap     ] GC(181) Eden regions: 90->0(90)
[2026-02-05T21:14:01.794+0000][3709.567s][info ][gc,heap     ] GC(181) Survivor regions: 1->1(12)
[2026-02-05T21:14:01.794+0000][3709.567s][info ][gc,heap     ] GC(181) Old regions: 83->83
[2026-02-05T21:14:01.794+0000][3709.567s][info ][gc,heap     ] GC(181) Archive regions: 2->2
[2026-02-05T21:14:01.794+0000][3709.567s][info ][gc,heap     ] GC(181) Humongous regions: 0->0
[2026-02-05T21:14:01.794+0000][3709.567s][info ][gc,metaspace] GC(181) Metaspace: 196599K(199232K)->196599K(199232K) NonClass: 172950K(174336K)->172950K(174336K) Class: 23649K(24896K)->23649K(24896K)
[2026-02-05T21:14:01.794+0000][3709.567s][info ][gc          ] GC(181) Pause Young (Normal) (G1 Evacuation Pause) 348M->168M(394M) 10.350ms
[2026-02-05T21:14:01.795+0000][3709.568s][info ][gc,cpu      ] GC(181) User=0.04s Sys=0.00s Real=0.01s
[2026-02-05T21:14:01.795+0000][3709.568s][info ][safepoint   ] Safepoint "G1CollectForAllocation", Time since last: 32803985530 ns, Reaching safepoint: 773437 ns, Cleanup: 68603 ns, At safepoint: 11133128 ns, Total: 11975168 ns
[2026-02-05T21:14:34.351+0000][3742.125s][debug][safepoint   ] Safepoint synchronization initiated using futex wait barrier. (388 threads)
[2026-02-05T21:14:34.352+0000][3742.126s][info ][gc,start    ] GC(182) Pause Young (Normal) (G1 Evacuation Pause)
[2026-02-05T21:14:34.352+0000][3742.126s][info ][gc,task     ] GC(182) Using 10 workers of 10 for evacuation
[2026-02-05T21:14:34.356+0000][3742.130s][info ][gc,phases   ] GC(182)   Pre Evacuate Collection Set: 0.4ms
[2026-02-05T21:14:34.357+0000][3742.131s][info ][gc,phases   ] GC(182)   Merge Heap Roots: 0.2ms
[2026-02-05T21:14:34.357+0000][3742.131s][info ][gc,phases   ] GC(182)   Evacuate Collection Set: 1.5ms
[2026-02-05T21:14:34.357+0000][3742.132s][info ][gc,phases   ] GC(182)   Post Evacuate Collection Set: 1.7ms
[2026-02-05T21:14:34.358+0000][3742.132s][info ][gc,phases   ] GC(182)   Other: 0.8ms
[2026-02-05T21:14:34.358+0000][3742.132s][info ][gc,heap     ] GC(182) Eden regions: 90->0(90)
[2026-02-05T21:14:34.358+0000][3742.132s][info ][gc,heap     ] GC(182) Survivor regions: 1->1(12)
[2026-02-05T21:14:34.358+0000][3742.133s][info ][gc,heap     ] GC(182) Old regions: 83->83
[2026-02-05T21:14:34.359+0000][3742.133s][info ][gc,heap     ] GC(182) Archive regions: 2->2
[2026-02-05T21:14:34.359+0000][3742.133s][info ][gc,heap     ] GC(182) Humongous regions: 0->0
[2026-02-05T21:14:34.359+0000][3742.133s][info ][gc,metaspace] GC(182) Metaspace: 196606K(199232K)->196606K(199232K) NonClass: 172957K(174336K)->172957K(174336K) Class: 23649K(24896K)->23649K(24896K)
[2026-02-05T21:14:34.359+0000][3742.133s][info ][gc          ] GC(182) Pause Young (Normal) (G1 Evacuation Pause) 348M->168M(394M) 7.288ms
[2026-02-05T21:14:34.359+0000][3742.134s][info ][gc,cpu      ] GC(182) User=0.02s Sys=0.00s Real=0.01s
[2026-02-05T21:14:34.360+0000][3742.134s][info ][safepoint   ] Safepoint "G1CollectForAllocation", Time since last: 32557116409 ns, Reaching safepoint: 849940 ns, Cleanup: 6501 ns, At safepoint: 8225887 ns, Total: 9082328 ns
[2026-02-05T21:14:41.361+0000][3749.135s][debug][safepoint   ] Safepoint synchronization initiated using futex wait barrier. (388 threads)
[2026-02-05T21:14:41.361+0000][3749.135s][info ][safepoint   ] Safepoint "Cleanup", Time since last: 7000943582 ns, Reaching safepoint: 238512 ns, Cleanup: 34601 ns, At safepoint: 9901 ns, Total: 283014 ns
[2026-02-05T21:14:53.361+0000][3761.137s][debug][safepoint   ] Safepoint synchronization initiated using futex wait barrier. (388 threads)
[2026-02-05T21:14:53.362+0000][3761.137s][info ][safepoint   ] Safepoint "Cleanup", Time since last: 12001240137 ns, Reaching safepoint: 337414 ns, Cleanup: 16401 ns, At safepoint: 4500 ns, Total: 358315 ns
[2026-02-05T21:14:55.362+0000][3763.138s][debug][safepoint   ] Safepoint synchronization initiated using futex wait barrier. (388 threads)
[2026-02-05T21:14:55.363+0000][3763.138s][info ][safepoint   ] Safepoint "Cleanup", Time since last: 2000636567 ns, Reaching safepoint: 527225 ns, Cleanup: 11400 ns, At safepoint: 43302 ns, Total: 581927 ns
[2026-02-05T21:14:56.363+0000][3764.139s][debug][safepoint   ] Safepoint synchronization initiated using futex wait barrier. (388 threads)
[2026-02-05T21:14:56.364+0000][3764.139s][info ][safepoint   ] Safepoint "Cleanup", Time since last: 1000639456 ns, Reaching safepoint: 448721 ns, Cleanup: 12201 ns, At safepoint: 43702 ns, Total: 504624 ns
[2026-02-05T21:14:57.364+0000][3765.140s][debug][safepoint   ] Safepoint synchronization initiated using futex wait barrier. (388 threads)
[2026-02-05T21:14:57.365+0000][3765.140s][info ][safepoint   ] Safepoint "Cleanup", Time since last: 1000297039 ns, Reaching safepoint: 354417 ns, Cleanup: 27601 ns, At safepoint: 4200 ns, Total: 386218 ns
[2026-02-05T21:15:02.365+0000][3770.141s][debug][safepoint   ] Safepoint synchronization initiated using futex wait barrier. (388 threads)
[2026-02-05T21:15:02.366+0000][3770.141s][info ][safepoint   ] Safepoint "Cleanup", Time since last: 5000883870 ns, Reaching safepoint: 278713 ns, Cleanup: 12900 ns, At safepoint: 4501 ns, Total: 296114 ns
[2026-02-05T21:15:05.655+0000][3773.430s][debug][safepoint   ] Safepoint synchronization initiated using futex wait barrier. (388 threads)
[2026-02-05T21:15:05.655+0000][3773.431s][info ][gc,start    ] GC(183) Pause Young (Normal) (G1 Evacuation Pause)
[2026-02-05T21:15:05.655+0000][3773.431s][info ][gc,task     ] GC(183) Using 10 workers of 10 for evacuation
[2026-02-05T21:15:05.660+0000][3773.435s][info ][gc,phases   ] GC(183)   Pre Evacuate Collection Set: 0.3ms
[2026-02-05T21:15:05.660+0000][3773.435s][info ][gc,phases   ] GC(183)   Merge Heap Roots: 0.8ms
[2026-02-05T21:15:05.660+0000][3773.435s][info ][gc,phases   ] GC(183)   Evacuate Collection Set: 1.2ms
[2026-02-05T21:15:05.660+0000][3773.436s][info ][gc,phases   ] GC(183)   Post Evacuate Collection Set: 1.6ms
[2026-02-05T21:15:05.660+0000][3773.436s][info ][gc,phases   ] GC(183)   Other: 0.5ms
[2026-02-05T21:15:05.660+0000][3773.436s][info ][gc,heap     ] GC(183) Eden regions: 90->0(90)
[2026-02-05T21:15:05.661+0000][3773.436s][info ][gc,heap     ] GC(183) Survivor regions: 1->1(12)
[2026-02-05T21:15:05.661+0000][3773.436s][info ][gc,heap     ] GC(183) Old regions: 83->83
[2026-02-05T21:15:05.661+0000][3773.437s][info ][gc,heap     ] GC(183) Archive regions: 2->2
[2026-02-05T21:15:05.661+0000][3773.437s][info ][gc,heap     ] GC(183) Humongous regions: 0->0
[2026-02-05T21:15:05.661+0000][3773.437s][info ][gc,metaspace] GC(183) Metaspace: 196614K(199232K)->196614K(199232K) NonClass: 172964K(174336K)->172964K(174336K) Class: 23649K(24896K)->23649K(24896K)
[2026-02-05T21:15:05.662+0000][3773.437s][info ][gc          ] GC(183) Pause Young (Normal) (G1 Evacuation Pause) 348M->168M(394M) 6.353ms
[2026-02-05T21:15:05.662+0000][3773.437s][info ][gc,cpu      ] GC(183) User=0.01s Sys=0.01s Real=0.01s
[2026-02-05T21:15:05.662+0000][3773.438s][info ][safepoint   ] Safepoint "G1CollectForAllocation", Time since last: 3289000598 ns, Reaching safepoint: 413120 ns, Cleanup: 5100 ns, At safepoint: 6917928 ns, Total: 7336148 ns
[2026-02-05T21:15:26.204+0000][3793.981s][debug][safepoint   ] Safepoint synchronization initiated using futex wait barrier. (388 threads)
[2026-02-05T21:15:26.204+0000][3793.982s][info ][safepoint   ] Safepoint "Cleanup", Time since last: 20543679243 ns, Reaching safepoint: 255811 ns, Cleanup: 31002 ns, At safepoint: 7000 ns, Total: 293813 ns
[2026-02-05T21:15:35.205+0000][3802.983s][debug][safepoint   ] Safepoint synchronization initiated using futex wait barrier. (388 threads)
[2026-02-05T21:15:35.206+0000][3802.983s][info ][safepoint   ] Safepoint "Cleanup", Time since last: 9001030113 ns, Reaching safepoint: 293114 ns, Cleanup: 14401 ns, At safepoint: 4700 ns, Total: 312215 ns
[2026-02-05T21:15:38.554+0000][3806.332s][debug][safepoint   ] Safepoint synchronization initiated using futex wait barrier. (388 threads)
[2026-02-05T21:15:38.557+0000][3806.334s][info ][gc,start    ] GC(184) Pause Young (Normal) (G1 Evacuation Pause)
[2026-02-05T21:15:38.557+0000][3806.334s][info ][gc,task     ] GC(184) Using 10 workers of 10 for evacuation
[2026-02-05T21:15:38.567+0000][3806.345s][info ][gc,phases   ] GC(184)   Pre Evacuate Collection Set: 1.1ms
[2026-02-05T21:15:38.568+0000][3806.345s][info ][gc,phases   ] GC(184)   Merge Heap Roots: 0.3ms
[2026-02-05T21:15:38.568+0000][3806.345s][info ][gc,phases   ] GC(184)   Evacuate Collection Set: 5.5ms
[2026-02-05T21:15:38.568+0000][3806.345s][info ][gc,phases   ] GC(184)   Post Evacuate Collection Set: 2.7ms
[2026-02-05T21:15:38.568+0000][3806.346s][info ][gc,phases   ] GC(184)   Other: 1.4ms
[2026-02-05T21:15:38.569+0000][3806.346s][info ][gc,heap     ] GC(184) Eden regions: 90->0(90)
[2026-02-05T21:15:38.569+0000][3806.346s][info ][gc,heap     ] GC(184) Survivor regions: 1->1(12)
[2026-02-05T21:15:38.569+0000][3806.346s][info ][gc,heap     ] GC(184) Old regions: 83->83
[2026-02-05T21:15:38.569+0000][3806.346s][info ][gc,heap     ] GC(184) Archive regions: 2->2
[2026-02-05T21:15:38.569+0000][3806.347s][info ][gc,heap     ] GC(184) Humongous regions: 0->0
[2026-02-05T21:15:38.570+0000][3806.347s][info ][gc,metaspace] GC(184) Metaspace: 196614K(199232K)->196614K(199232K) NonClass: 172965K(174336K)->172965K(174336K) Class: 23649K(24896K)->23649K(24896K)
[2026-02-05T21:15:38.570+0000][3806.348s][info ][gc          ] GC(184) Pause Young (Normal) (G1 Evacuation Pause) 348M->168M(394M) 13.731ms
[2026-02-05T21:15:38.571+0000][3806.348s][info ][gc,cpu      ] GC(184) User=0.03s Sys=0.01s Real=0.01s
[2026-02-05T21:15:38.571+0000][3806.349s][info ][safepoint   ] Safepoint "G1CollectForAllocation", Time since last: 3348707772 ns, Reaching safepoint: 1903390 ns, Cleanup: 34501 ns, At safepoint: 15064608 ns, Total: 17002499 ns
[2026-02-05T21:15:47.572+0000][3815.350s][debug][safepoint   ] Safepoint synchronization initiated using futex wait barrier. (388 threads)
[2026-02-05T21:15:47.573+0000][3815.351s][info ][safepoint   ] Safepoint "Cleanup", Time since last: 9001686501 ns, Reaching safepoint: 554225 ns, Cleanup: 9301 ns, At safepoint: 159007 ns, Total: 722533 ns
[2026-02-05T21:16:10.563+0000][3838.342s][debug][safepoint   ] Safepoint synchronization initiated using futex wait barrier. (388 threads)
[2026-02-05T21:16:10.564+0000][3838.342s][info ][gc,start    ] GC(185) Pause Young (Normal) (G1 Evacuation Pause)
[2026-02-05T21:16:10.564+0000][3838.342s][info ][gc,task     ] GC(185) Using 10 workers of 10 for evacuation
[2026-02-05T21:16:10.568+0000][3838.346s][info ][gc,phases   ] GC(185)   Pre Evacuate Collection Set: 0.3ms
[2026-02-05T21:16:10.568+0000][3838.346s][info ][gc,phases   ] GC(185)   Merge Heap Roots: 0.2ms
[2026-02-05T21:16:10.568+0000][3838.346s][info ][gc,phases   ] GC(185)   Evacuate Collection Set: 1.2ms
[2026-02-05T21:16:10.568+0000][3838.346s][info ][gc,phases   ] GC(185)   Post Evacuate Collection Set: 1.6ms
[2026-02-05T21:16:10.568+0000][3838.347s][info ][gc,phases   ] GC(185)   Other: 0.4ms
[2026-02-05T21:16:10.568+0000][3838.347s][info ][gc,heap     ] GC(185) Eden regions: 90->0(90)
[2026-02-05T21:16:10.569+0000][3838.347s][info ][gc,heap     ] GC(185) Survivor regions: 1->1(12)
[2026-02-05T21:16:10.569+0000][3838.347s][info ][gc,heap     ] GC(185) Old regions: 83->83
[2026-02-05T21:16:10.569+0000][3838.347s][info ][gc,heap     ] GC(185) Archive regions: 2->2
[2026-02-05T21:16:10.569+0000][3838.347s][info ][gc,heap     ] GC(185) Humongous regions: 0->0
[2026-02-05T21:16:10.569+0000][3838.348s][info ][gc,metaspace] GC(185) Metaspace: 196624K(199232K)->196624K(199232K) NonClass: 172975K(174336K)->172975K(174336K) Class: 23649K(24896K)->23649K(24896K)
[2026-02-05T21:16:10.570+0000][3838.348s][info ][gc          ] GC(185) Pause Young (Normal) (G1 Evacuation Pause) 348M->168M(394M) 5.561ms
[2026-02-05T21:16:10.570+0000][3838.348s][info ][gc,cpu      ] GC(185) User=0.02s Sys=0.00s Real=0.00s
[2026-02-05T21:16:10.570+0000][3838.348s][info ][safepoint   ] Safepoint "G1CollectForAllocation", Time since last: 22990769901 ns, Reaching safepoint: 383518 ns, Cleanup: 44102 ns, At safepoint: 6171089 ns, Total: 6598709 ns
[2026-02-05T21:16:25.286+0000][3853.066s][debug][safepoint   ] Safepoint synchronization initiated using futex wait barrier. (388 threads)
[2026-02-05T21:16:25.287+0000][3853.067s][info ][safepoint   ] Safepoint "Cleanup", Time since last: 14717910863 ns, Reaching safepoint: 495023 ns, Cleanup: 38402 ns, At safepoint: 23001 ns, Total: 556426 ns
[2026-02-05T21:16:42.250+0000][3870.030s][debug][safepoint   ] Safepoint synchronization initiated using futex wait barrier. (388 threads)
[2026-02-05T21:16:42.251+0000][3870.030s][info ][gc,start    ] GC(186) Pause Young (Normal) (G1 Evacuation Pause)
[2026-02-05T21:16:42.251+0000][3870.031s][info ][gc,task     ] GC(186) Using 10 workers of 10 for evacuation
[2026-02-05T21:16:42.260+0000][3870.040s][info ][gc,phases   ] GC(186)   Pre Evacuate Collection Set: 0.7ms
[2026-02-05T21:16:42.260+0000][3870.040s][info ][gc,phases   ] GC(186)   Merge Heap Roots: 0.2ms
[2026-02-05T21:16:42.260+0000][3870.040s][info ][gc,phases   ] GC(186)   Evacuate Collection Set: 5.2ms
[2026-02-05T21:16:42.260+0000][3870.040s][info ][gc,phases   ] GC(186)   Post Evacuate Collection Set: 2.5ms
[2026-02-05T21:16:42.261+0000][3870.040s][info ][gc,phases   ] GC(186)   Other: 0.8ms
[2026-02-05T21:16:42.261+0000][3870.041s][info ][gc,heap     ] GC(186) Eden regions: 90->0(90)
[2026-02-05T21:16:42.261+0000][3870.041s][info ][gc,heap     ] GC(186) Survivor regions: 1->1(12)
[2026-02-05T21:16:42.261+0000][3870.041s][info ][gc,heap     ] GC(186) Old regions: 83->83
[2026-02-05T21:16:42.261+0000][3870.041s][info ][gc,heap     ] GC(186) Archive regions: 2->2
[2026-02-05T21:16:42.261+0000][3870.041s][info ][gc,heap     ] GC(186) Humongous regions: 0->0
[2026-02-05T21:16:42.262+0000][3870.041s][info ][gc,metaspace] GC(186) Metaspace: 196629K(199232K)->196629K(199232K) NonClass: 172980K(174336K)->172980K(174336K) Class: 23649K(24896K)->23649K(24896K)
[2026-02-05T21:16:42.262+0000][3870.042s][info ][gc          ] GC(186) Pause Young (Normal) (G1 Evacuation Pause) 348M->168M(394M) 11.226ms
[2026-02-05T21:16:42.262+0000][3870.042s][info ][gc,cpu      ] GC(186) User=0.03s Sys=0.01s Real=0.02s
[2026-02-05T21:16:42.263+0000][3870.043s][info ][safepoint   ] Safepoint "G1CollectForAllocation", Time since last: 16962678367 ns, Reaching safepoint: 725233 ns, Cleanup: 27302 ns, At safepoint: 12245860 ns, Total: 12998395 ns
[2026-02-05T21:16:43.263+0000][3871.043s][debug][safepoint   ] Safepoint synchronization initiated using futex wait barrier. (388 threads)
[2026-02-05T21:16:43.264+0000][3871.043s][info ][safepoint   ] Safepoint "Cleanup", Time since last: 1000540658 ns, Reaching safepoint: 291414 ns, Cleanup: 44702 ns, At safepoint: 14100 ns, Total: 350216 ns
[2026-02-05T21:17:02.264+0000][3890.046s][debug][safepoint   ] Safepoint synchronization initiated using futex wait barrier. (389 threads)
[2026-02-05T21:17:02.264+0000][3890.046s][info ][safepoint   ] Safepoint "Cleanup", Time since last: 19002156756 ns, Reaching safepoint: 509324 ns, Cleanup: 54802 ns, At safepoint: 19301 ns, Total: 583427 ns
[2026-02-05T21:17:15.215+0000][3902.997s][debug][safepoint   ] Safepoint synchronization initiated using futex wait barrier. (388 threads)
[2026-02-05T21:17:15.216+0000][3902.997s][info ][gc,start    ] GC(187) Pause Young (Normal) (G1 Evacuation Pause)
[2026-02-05T21:17:15.216+0000][3902.998s][info ][gc,task     ] GC(187) Using 10 workers of 10 for evacuation
[2026-02-05T21:17:15.227+0000][3903.008s][info ][gc,phases   ] GC(187)   Pre Evacuate Collection Set: 0.6ms
[2026-02-05T21:17:15.227+0000][3903.009s][info ][gc,phases   ] GC(187)   Merge Heap Roots: 0.2ms
[2026-02-05T21:17:15.227+0000][3903.009s][info ][gc,phases   ] GC(187)   Evacuate Collection Set: 5.9ms
[2026-02-05T21:17:15.228+0000][3903.009s][info ][gc,phases   ] GC(187)   Post Evacuate Collection Set: 3.2ms
[2026-02-05T21:17:15.228+0000][3903.010s][info ][gc,phases   ] GC(187)   Other: 1.1ms
[2026-02-05T21:17:15.228+0000][3903.010s][info ][gc,heap     ] GC(187) Eden regions: 90->0(89)
[2026-02-05T21:17:15.228+0000][3903.010s][info ][gc,heap     ] GC(187) Survivor regions: 1->1(12)
[2026-02-05T21:17:15.229+0000][3903.010s][info ][gc,heap     ] GC(187) Old regions: 83->84
[2026-02-05T21:17:15.229+0000][3903.010s][info ][gc,heap     ] GC(187) Archive regions: 2->2
[2026-02-05T21:17:15.229+0000][3903.011s][info ][gc,heap     ] GC(187) Humongous regions: 0->0
[2026-02-05T21:17:15.229+0000][3903.011s][info ][gc,metaspace] GC(187) Metaspace: 196641K(199232K)->196641K(199232K) NonClass: 172991K(174336K)->172991K(174336K) Class: 23649K(24896K)->23649K(24896K)
[2026-02-05T21:17:15.229+0000][3903.011s][info ][gc          ] GC(187) Pause Young (Normal) (G1 Evacuation Pause) 348M->168M(394M) 13.535ms
[2026-02-05T21:17:15.230+0000][3903.011s][info ][gc,cpu      ] GC(187) User=0.05s Sys=0.00s Real=0.01s
[2026-02-05T21:17:15.230+0000][3903.012s][info ][safepoint   ] Safepoint "G1CollectForAllocation", Time since last: 12950424116 ns, Reaching safepoint: 655431 ns, Cleanup: 40102 ns, At safepoint: 14305385 ns, Total: 15000918 ns
[2026-02-05T21:17:18.373+0000][3906.156s][debug][safepoint   ] Safepoint synchronization initiated using futex wait barrier. (388 threads)
[2026-02-05T21:17:18.373+0000][3906.156s][info ][safepoint   ] Safepoint "Cleanup", Time since last: 3144340035 ns, Reaching safepoint: 267413 ns, Cleanup: 14601 ns, At safepoint: 25901 ns, Total: 307915 ns
[2026-02-05T21:17:46.363+0000][3934.145s][debug][safepoint   ] Safepoint synchronization initiated using futex wait barrier. (388 threads)
[2026-02-05T21:17:46.363+0000][3934.146s][info ][gc,start    ] GC(188) Pause Young (Normal) (G1 Evacuation Pause)
[2026-02-05T21:17:46.364+0000][3934.147s][info ][gc,task     ] GC(188) Using 10 workers of 10 for evacuation
[2026-02-05T21:17:46.369+0000][3934.152s][info ][gc,phases   ] GC(188)   Pre Evacuate Collection Set: 0.4ms
[2026-02-05T21:17:46.369+0000][3934.152s][info ][gc,phases   ] GC(188)   Merge Heap Roots: 0.3ms
[2026-02-05T21:17:46.370+0000][3934.152s][info ][gc,phases   ] GC(188)   Evacuate Collection Set: 1.9ms
[2026-02-05T21:17:46.370+0000][3934.153s][info ][gc,phases   ] GC(188)   Post Evacuate Collection Set: 2.0ms
[2026-02-05T21:17:46.370+0000][3934.153s][info ][gc,phases   ] GC(188)   Other: 1.0ms
[2026-02-05T21:17:46.370+0000][3934.153s][info ][gc,heap     ] GC(188) Eden regions: 89->0(89)
[2026-02-05T21:17:46.371+0000][3934.154s][info ][gc,heap     ] GC(188) Survivor regions: 1->1(12)
[2026-02-05T21:17:46.371+0000][3934.154s][info ][gc,heap     ] GC(188) Old regions: 84->84
[2026-02-05T21:17:46.371+0000][3934.154s][info ][gc,heap     ] GC(188) Archive regions: 2->2
[2026-02-05T21:17:46.372+0000][3934.154s][info ][gc,heap     ] GC(188) Humongous regions: 0->0
[2026-02-05T21:17:46.372+0000][3934.155s][info ][gc,metaspace] GC(188) Metaspace: 196644K(199232K)->196644K(199232K) NonClass: 172995K(174336K)->172995K(174336K) Class: 23649K(24896K)->23649K(24896K)
[2026-02-05T21:17:46.372+0000][3934.155s][info ][gc          ] GC(188) Pause Young (Normal) (G1 Evacuation Pause) 346M->168M(394M) 8.712ms
[2026-02-05T21:17:46.372+0000][3934.155s][info ][gc,cpu      ] GC(188) User=0.01s Sys=0.02s Real=0.01s
[2026-02-05T21:17:46.373+0000][3934.156s][info ][safepoint   ] Safepoint "G1CollectForAllocation", Time since last: 27989094498 ns, Reaching safepoint: 776036 ns, Cleanup: 64003 ns, At safepoint: 9476836 ns, Total: 10316875 ns
[2026-02-05T21:18:01.373+0000][3949.158s][debug][safepoint   ] Safepoint synchronization initiated using futex wait barrier. (388 threads)
[2026-02-05T21:18:01.374+0000][3949.158s][info ][safepoint   ] Safepoint "Cleanup", Time since last: 15001956417 ns, Reaching safepoint: 302915 ns, Cleanup: 12501 ns, At safepoint: 5200 ns, Total: 320616 ns
[2026-02-05T21:18:06.375+0000][3954.159s][debug][safepoint   ] Safepoint synchronization initiated using futex wait barrier. (388 threads)
[2026-02-05T21:18:06.375+0000][3954.160s][info ][safepoint   ] Safepoint "Cleanup", Time since last: 5001063442 ns, Reaching safepoint: 554427 ns, Cleanup: 39702 ns, At safepoint: 12900 ns, Total: 607029 ns
[2026-02-05T21:18:18.239+0000][3966.024s][debug][safepoint   ] Safepoint synchronization initiated using futex wait barrier. (388 threads)
[2026-02-05T21:18:18.239+0000][3966.025s][info ][gc,start    ] GC(189) Pause Young (Normal) (G1 Evacuation Pause)
[2026-02-05T21:18:18.239+0000][3966.025s][info ][gc,task     ] GC(189) Using 10 workers of 10 for evacuation
[2026-02-05T21:18:18.246+0000][3966.032s][info ][gc,phases   ] GC(189)   Pre Evacuate Collection Set: 0.6ms
[2026-02-05T21:18:18.246+0000][3966.032s][info ][gc,phases   ] GC(189)   Merge Heap Roots: 0.2ms
[2026-02-05T21:18:18.246+0000][3966.032s][info ][gc,phases   ] GC(189)   Evacuate Collection Set: 2.7ms
[2026-02-05T21:18:18.247+0000][3966.032s][info ][gc,phases   ] GC(189)   Post Evacuate Collection Set: 2.7ms
[2026-02-05T21:18:18.247+0000][3966.032s][info ][gc,phases   ] GC(189)   Other: 0.8ms
[2026-02-05T21:18:18.247+0000][3966.033s][info ][gc,heap     ] GC(189) Eden regions: 89->0(89)
[2026-02-05T21:18:18.247+0000][3966.033s][info ][gc,heap     ] GC(189) Survivor regions: 1->1(12)
[2026-02-05T21:18:18.247+0000][3966.033s][info ][gc,heap     ] GC(189) Old regions: 84->84
[2026-02-05T21:18:18.247+0000][3966.033s][info ][gc,heap     ] GC(189) Archive regions: 2->2
[2026-02-05T21:18:18.247+0000][3966.033s][info ][gc,heap     ] GC(189) Humongous regions: 0->0
[2026-02-05T21:18:18.247+0000][3966.033s][info ][gc,metaspace] GC(189) Metaspace: 196644K(199232K)->196644K(199232K) NonClass: 172995K(174336K)->172995K(174336K) Class: 23649K(24896K)->23649K(24896K)
[2026-02-05T21:18:18.248+0000][3966.033s][info ][gc          ] GC(189) Pause Young (Normal) (G1 Evacuation Pause) 346M->168M(394M) 8.422ms
[2026-02-05T21:18:18.248+0000][3966.034s][info ][gc,cpu      ] GC(189) User=0.01s Sys=0.02s Real=0.01s
[2026-02-05T21:18:18.248+0000][3966.034s][info ][safepoint   ] Safepoint "G1CollectForAllocation", Time since last: 11864770190 ns, Reaching safepoint: 423719 ns, Cleanup: 45002 ns, At safepoint: 9116900 ns, Total: 9585621 ns
[2026-02-05T21:18:22.456+0000][3970.242s][debug][safepoint   ] Safepoint synchronization initiated using futex wait barrier. (388 threads)
[2026-02-05T21:18:22.456+0000][3970.242s][info ][safepoint   ] Safepoint "Cleanup", Time since last: 4207808753 ns, Reaching safepoint: 298713 ns, Cleanup: 16001 ns, At safepoint: 5500 ns, Total: 320214 ns
[2026-02-05T21:18:36.761+0000][3984.547s][debug][safepoint   ] Safepoint synchronization initiated using futex wait barrier. (388 threads)
[2026-02-05T21:18:36.762+0000][3984.547s][info ][safepoint   ] Safepoint "Cleanup", Time since last: 14304677618 ns, Reaching safepoint: 484422 ns, Cleanup: 29402 ns, At safepoint: 96404 ns, Total: 610228 ns
[2026-02-05T21:18:37.451+0000][3985.236s][debug][safepoint   ] Safepoint synchronization initiated using futex wait barrier. (390 threads)
[2026-02-05T21:18:37.451+0000][3985.237s][debug][safepoint   ] ... found polling page loop exception at pc = 0x000070855204cdc9, stub =0x0000708550b10400
[2026-02-05T21:18:37.452+0000][3985.238s][info ][safepoint   ] Safepoint "ICBufferFull", Time since last: 689025424 ns, Reaching safepoint: 1169555 ns, Cleanup: 293814 ns, At safepoint: 151007 ns, Total: 1614376 ns
[2026-02-05T21:18:38.546+0000][3986.332s][debug][safepoint   ] Safepoint synchronization initiated using futex wait barrier. (391 threads)
[2026-02-05T21:18:38.547+0000][3986.333s][info ][safepoint   ] Safepoint "Cleanup", Time since last: 1094230974 ns, Reaching safepoint: 257512 ns, Cleanup: 62003 ns, At safepoint: 5200 ns, Total: 324715 ns
[2026-02-05T21:18:42.547+0000][3990.333s][debug][safepoint   ] Safepoint synchronization initiated using futex wait barrier. (390 threads)
[2026-02-05T21:18:42.548+0000][3990.333s][info ][safepoint   ] Safepoint "Cleanup", Time since last: 4000586547 ns, Reaching safepoint: 206509 ns, Cleanup: 11801 ns, At safepoint: 22201 ns, Total: 240511 ns
[2026-02-05T21:18:44.508+0000][3992.294s][debug][safepoint   ] Safepoint synchronization initiated using futex wait barrier. (390 threads)
[2026-02-05T21:18:44.509+0000][3992.295s][info ][gc,start    ] GC(190) Pause Young (Normal) (G1 Evacuation Pause)
[2026-02-05T21:18:44.510+0000][3992.295s][info ][gc,task     ] GC(190) Using 10 workers of 10 for evacuation
[2026-02-05T21:18:44.514+0000][3992.300s][info ][gc,phases   ] GC(190)   Pre Evacuate Collection Set: 0.3ms
[2026-02-05T21:18:44.514+0000][3992.300s][info ][gc,phases   ] GC(190)   Merge Heap Roots: 0.2ms
[2026-02-05T21:18:44.514+0000][3992.300s][info ][gc,phases   ] GC(190)   Evacuate Collection Set: 2.1ms
[2026-02-05T21:18:44.515+0000][3992.300s][info ][gc,phases   ] GC(190)   Post Evacuate Collection Set: 1.4ms
[2026-02-05T21:18:44.515+0000][3992.301s][info ][gc,phases   ] GC(190)   Other: 0.7ms
[2026-02-05T21:18:44.515+0000][3992.301s][info ][gc,heap     ] GC(190) Eden regions: 89->0(89)
[2026-02-05T21:18:44.515+0000][3992.301s][info ][gc,heap     ] GC(190) Survivor regions: 1->1(12)
[2026-02-05T21:18:44.515+0000][3992.301s][info ][gc,heap     ] GC(190) Old regions: 84->84
[2026-02-05T21:18:44.515+0000][3992.301s][info ][gc,heap     ] GC(190) Archive regions: 2->2
[2026-02-05T21:18:44.516+0000][3992.301s][info ][gc,heap     ] GC(190) Humongous regions: 0->0
[2026-02-05T21:18:44.516+0000][3992.301s][info ][gc,metaspace] GC(190) Metaspace: 197679K(200320K)->197679K(200320K) NonClass: 173893K(175232K)->173893K(175232K) Class: 23786K(25088K)->23786K(25088K)
[2026-02-05T21:18:44.516+0000][3992.302s][info ][gc          ] GC(190) Pause Young (Normal) (G1 Evacuation Pause) 346M->169M(394M) 6.547ms
[2026-02-05T21:18:44.516+0000][3992.302s][info ][gc,cpu      ] GC(190) User=0.00s Sys=0.01s Real=0.01s
[2026-02-05T21:18:44.517+0000][3992.302s][info ][safepoint   ] Safepoint "G1CollectForAllocation", Time since last: 1960857273 ns, Reaching safepoint: 754736 ns, Cleanup: 5500 ns, At safepoint: 7314042 ns, Total: 8074278 ns
[2026-02-05T21:18:49.516+0000][3997.303s][debug][safepoint   ] Safepoint synchronization initiated using futex wait barrier. (389 threads)
[2026-02-05T21:18:49.517+0000][3997.304s][info ][safepoint   ] Safepoint "Cleanup", Time since last: 5000963496 ns, Reaching safepoint: 661627 ns, Cleanup: 16201 ns, At safepoint: 117004 ns, Total: 794832 ns
[2026-02-05T21:18:52.518+0000][4000.305s][debug][safepoint   ] Safepoint synchronization initiated using futex wait barrier. (389 threads)
[2026-02-05T21:18:52.519+0000][4000.306s][info ][safepoint   ] Safepoint "Cleanup", Time since last: 3000673798 ns, Reaching safepoint: 770232 ns, Cleanup: 14800 ns, At safepoint: 79103 ns, Total: 864135 ns
[2026-02-05T21:18:54.519+0000][4002.307s][debug][safepoint   ] Safepoint synchronization initiated using futex wait barrier. (389 threads)
[2026-02-05T21:18:54.520+0000][4002.307s][info ][safepoint   ] Safepoint "Cleanup", Time since last: 2000969853 ns, Reaching safepoint: 369316 ns, Cleanup: 15600 ns, At safepoint: 13101 ns, Total: 398017 ns
[2026-02-05T21:18:56.521+0000][4004.308s][debug][safepoint   ] Safepoint synchronization initiated using futex wait barrier. (389 threads)
[2026-02-05T21:18:56.521+0000][4004.309s][info ][safepoint   ] Safepoint "Cleanup", Time since last: 2000754156 ns, Reaching safepoint: 808738 ns, Cleanup: 19501 ns, At safepoint: 6100 ns, Total: 834339 ns
[2026-02-05T21:18:57.522+0000][4005.309s][debug][safepoint   ] Safepoint synchronization initiated using futex wait barrier. (389 threads)
[2026-02-05T21:18:57.522+0000][4005.309s][info ][safepoint   ] Safepoint "Cleanup", Time since last: 1000431630 ns, Reaching safepoint: 486023 ns, Cleanup: 13401 ns, At safepoint: 6400 ns, Total: 505824 ns
[2026-02-05T21:19:01.523+0000][4009.310s][debug][safepoint   ] Safepoint synchronization initiated using futex wait barrier. (389 threads)
[2026-02-05T21:19:01.523+0000][4009.311s][info ][safepoint   ] Safepoint "Cleanup", Time since last: 4000803279 ns, Reaching safepoint: 250611 ns, Cleanup: 12701 ns, At safepoint: 3600 ns, Total: 266912 ns
[2026-02-05T21:19:06.524+0000][4014.311s][debug][safepoint   ] Safepoint synchronization initiated using futex wait barrier. (389 threads)
[2026-02-05T21:19:06.525+0000][4014.312s][info ][safepoint   ] Safepoint "Cleanup", Time since last: 5000759901 ns, Reaching safepoint: 277413 ns, Cleanup: 11501 ns, At safepoint: 3800 ns, Total: 292714 ns
[2026-02-05T21:19:07.525+0000][4015.312s][debug][safepoint   ] Safepoint synchronization initiated using futex wait barrier. (389 threads)
[2026-02-05T21:19:07.525+0000][4015.312s][info ][safepoint   ] Safepoint "Cleanup", Time since last: 1000287628 ns, Reaching safepoint: 364317 ns, Cleanup: 8800 ns, At safepoint: 117506 ns, Total: 490623 ns
[2026-02-05T21:19:15.253+0000][4023.040s][debug][safepoint   ] Safepoint synchronization initiated using futex wait barrier. (389 threads)
[2026-02-05T21:19:15.253+0000][4023.040s][info ][gc,start    ] GC(191) Pause Young (Normal) (G1 Evacuation Pause)
[2026-02-05T21:19:15.254+0000][4023.041s][info ][gc,task     ] GC(191) Using 10 workers of 10 for evacuation
[2026-02-05T21:19:15.258+0000][4023.045s][info ][gc,phases   ] GC(191)   Pre Evacuate Collection Set: 0.3ms
[2026-02-05T21:19:15.258+0000][4023.045s][info ][gc,phases   ] GC(191)   Merge Heap Roots: 0.2ms
[2026-02-05T21:19:15.259+0000][4023.046s][info ][gc,phases   ] GC(191)   Evacuate Collection Set: 1.9ms
[2026-02-05T21:19:15.259+0000][4023.046s][info ][gc,phases   ] GC(191)   Post Evacuate Collection Set: 1.9ms
[2026-02-05T21:19:15.259+0000][4023.046s][info ][gc,phases   ] GC(191)   Other: 0.5ms
[2026-02-05T21:19:15.259+0000][4023.046s][info ][gc,heap     ] GC(191) Eden regions: 89->0(89)
[2026-02-05T21:19:15.259+0000][4023.046s][info ][gc,heap     ] GC(191) Survivor regions: 1->1(12)
[2026-02-05T21:19:15.259+0000][4023.046s][info ][gc,heap     ] GC(191) Old regions: 84->84
[2026-02-05T21:19:15.259+0000][4023.047s][info ][gc,heap     ] GC(191) Archive regions: 2->2
[2026-02-05T21:19:15.260+0000][4023.047s][info ][gc,heap     ] GC(191) Humongous regions: 0->0
[2026-02-05T21:19:15.260+0000][4023.047s][info ][gc,metaspace] GC(191) Metaspace: 197684K(200384K)->197684K(200384K) NonClass: 173897K(175296K)->173897K(175296K) Class: 23786K(25088K)->23786K(25088K)
[2026-02-05T21:19:15.260+0000][4023.047s][info ][gc          ] GC(191) Pause Young (Normal) (G1 Evacuation Pause) 347M->170M(394M) 6.598ms
[2026-02-05T21:19:15.260+0000][4023.047s][info ][gc,cpu      ] GC(191) User=0.02s Sys=0.00s Real=0.00s
[2026-02-05T21:19:15.260+0000][4023.048s][info ][safepoint   ] Safepoint "G1CollectForAllocation", Time since last: 7727577209 ns, Reaching safepoint: 376516 ns, Cleanup: 4500 ns, At safepoint: 7149996 ns, Total: 7531012 ns
[2026-02-05T21:19:19.408+0000][4027.197s][debug][safepoint   ] Safepoint synchronization initiated using futex wait barrier. (390 threads)
[2026-02-05T21:19:19.411+0000][4027.200s][info ][safepoint   ] Safepoint "Cleanup", Time since last: 4149121590 ns, Reaching safepoint: 3188042 ns, Cleanup: 39202 ns, At safepoint: 164407 ns, Total: 3391651 ns
[2026-02-05T21:19:21.007+0000][4028.796s][debug][safepoint   ] Safepoint synchronization initiated using futex wait barrier. (391 threads)
[2026-02-05T21:19:21.008+0000][4028.797s][info ][safepoint   ] Safepoint "Cleanup", Time since last: 1595976700 ns, Reaching safepoint: 476821 ns, Cleanup: 96304 ns, At safepoint: 99905 ns, Total: 673030 ns
[2026-02-05T21:19:21.496+0000][4029.285s][debug][safepoint   ] Safepoint synchronization initiated using futex wait barrier. (392 threads)
[2026-02-05T21:19:21.497+0000][4029.285s][info ][safepoint   ] Safepoint "ICBufferFull", Time since last: 487936106 ns, Reaching safepoint: 482622 ns, Cleanup: 188908 ns, At safepoint: 190109 ns, Total: 861639 ns
[2026-02-05T21:19:23.012+0000][4030.801s][debug][safepoint   ] Safepoint synchronization initiated using futex wait barrier. (391 threads)
[2026-02-05T21:19:23.012+0000][4030.801s][info ][safepoint   ] Safepoint "Cleanup", Time since last: 1515151304 ns, Reaching safepoint: 471921 ns, Cleanup: 98804 ns, At safepoint: 26201 ns, Total: 596926 ns
[2026-02-05T21:19:24.013+0000][4031.802s][debug][safepoint   ] Safepoint synchronization initiated using futex wait barrier. (390 threads)
[2026-02-05T21:19:24.013+0000][4031.802s][info ][safepoint   ] Safepoint "Cleanup", Time since last: 1000378504 ns, Reaching safepoint: 304913 ns, Cleanup: 12601 ns, At safepoint: 4200 ns, Total: 321714 ns
[2026-02-05T21:19:27.014+0000][4034.802s][debug][safepoint   ] Safepoint synchronization initiated using futex wait barrier. (390 threads)
[2026-02-05T21:19:27.014+0000][4034.803s][info ][safepoint   ] Safepoint "Cleanup", Time since last: 3000480082 ns, Reaching safepoint: 512123 ns, Cleanup: 16200 ns, At safepoint: 108505 ns, Total: 636828 ns
[2026-02-05T21:19:31.637+0000][4039.426s][debug][safepoint   ] Safepoint synchronization initiated using futex wait barrier. (390 threads)
[2026-02-05T21:19:31.639+0000][4039.428s][info ][gc,start    ] GC(192) Pause Young (Normal) (G1 Evacuation Pause)
[2026-02-05T21:19:31.640+0000][4039.429s][info ][gc,task     ] GC(192) Using 10 workers of 10 for evacuation
[2026-02-05T21:19:31.654+0000][4039.443s][info ][gc,phases   ] GC(192)   Pre Evacuate Collection Set: 1.1ms
[2026-02-05T21:19:31.655+0000][4039.444s][info ][gc,phases   ] GC(192)   Merge Heap Roots: 0.4ms
[2026-02-05T21:19:31.656+0000][4039.444s][info ][gc,phases   ] GC(192)   Evacuate Collection Set: 9.2ms
[2026-02-05T21:19:31.656+0000][4039.445s][info ][gc,phases   ] GC(192)   Post Evacuate Collection Set: 2.8ms
[2026-02-05T21:19:31.656+0000][4039.445s][info ][gc,phases   ] GC(192)   Other: 1.8ms
[2026-02-05T21:19:31.657+0000][4039.445s][info ][gc,heap     ] GC(192) Eden regions: 89->0(83)
[2026-02-05T21:19:31.657+0000][4039.446s][info ][gc,heap     ] GC(192) Survivor regions: 1->4(12)
[2026-02-05T21:19:31.658+0000][4039.446s][info ][gc,heap     ] GC(192) Old regions: 84->84
[2026-02-05T21:19:31.658+0000][4039.447s][info ][gc,heap     ] GC(192) Archive regions: 2->2
[2026-02-05T21:19:31.659+0000][4039.447s][info ][gc,heap     ] GC(192) Humongous regions: 0->0
[2026-02-05T21:19:31.659+0000][4039.448s][info ][gc,metaspace] GC(192) Metaspace: 198348K(201024K)->198348K(201024K) NonClass: 174485K(175872K)->174485K(175872K) Class: 23862K(25152K)->23862K(25152K)
[2026-02-05T21:19:31.659+0000][4039.448s][info ][gc          ] GC(192) Pause Young (Normal) (G1 Evacuation Pause) 348M->174M(394M) 20.278ms
[2026-02-05T21:19:31.660+0000][4039.449s][info ][gc,cpu      ] GC(192) User=0.10s Sys=0.01s Real=0.02s
[2026-02-05T21:19:31.660+0000][4039.449s][info ][safepoint   ] Safepoint "G1CollectForAllocation", Time since last: 4622977394 ns, Reaching safepoint: 1789583 ns, Cleanup: 20301 ns, At safepoint: 21453197 ns, Total: 23263081 ns
[2026-02-05T21:19:32.662+0000][4040.451s][debug][safepoint   ] Safepoint synchronization initiated using futex wait barrier. (390 threads)
[2026-02-05T21:19:32.662+0000][4040.451s][info ][safepoint   ] Safepoint "Cleanup", Time since last: 1001519420 ns, Reaching safepoint: 291014 ns, Cleanup: 42702 ns, At safepoint: 8100 ns, Total: 341816 ns
[2026-02-05T21:19:33.877+0000][4041.666s][debug][safepoint   ] Safepoint synchronization initiated using futex wait barrier. (390 threads)
[2026-02-05T21:19:33.877+0000][4041.666s][info ][safepoint   ] Safepoint "Cleanup", Time since last: 1214435511 ns, Reaching safepoint: 376618 ns, Cleanup: 35502 ns, At safepoint: 30001 ns, Total: 442121 ns
[2026-02-05T21:19:34.877+0000][4042.666s][debug][safepoint   ] Safepoint synchronization initiated using futex wait barrier. (391 threads)
[2026-02-05T21:19:34.878+0000][4042.667s][info ][safepoint   ] Safepoint "Cleanup", Time since last: 1000312165 ns, Reaching safepoint: 291013 ns, Cleanup: 31502 ns, At safepoint: 4800 ns, Total: 327315 ns
[2026-02-05T21:19:35.878+0000][4043.667s][debug][safepoint   ] Safepoint synchronization initiated using futex wait barrier. (391 threads)
[2026-02-05T21:19:35.878+0000][4043.667s][info ][safepoint   ] Safepoint "Cleanup", Time since last: 1000278486 ns, Reaching safepoint: 351916 ns, Cleanup: 12001 ns, At safepoint: 6200 ns, Total: 370117 ns
[2026-02-05T21:19:38.879+0000][4046.668s][debug][safepoint   ] Safepoint synchronization initiated using futex wait barrier. (391 threads)
[2026-02-05T21:19:38.879+0000][4046.668s][info ][safepoint   ] Safepoint "Cleanup", Time since last: 3000482001 ns, Reaching safepoint: 238311 ns, Cleanup: 9700 ns, At safepoint: 4400 ns, Total: 252411 ns
[2026-02-05T21:19:41.880+0000][4049.668s][debug][safepoint   ] Safepoint synchronization initiated using futex wait barrier. (392 threads)
[2026-02-05T21:19:41.880+0000][4049.669s][info ][safepoint   ] Safepoint "Cleanup", Time since last: 3000421098 ns, Reaching safepoint: 353017 ns, Cleanup: 39902 ns, At safepoint: 45002 ns, Total: 437921 ns
[2026-02-05T21:19:42.880+0000][4050.669s][debug][safepoint   ] Safepoint synchronization initiated using futex wait barrier. (393 threads)
[2026-02-05T21:19:42.881+0000][4050.669s][info ][safepoint   ] Safepoint "Cleanup", Time since last: 1000281906 ns, Reaching safepoint: 211609 ns, Cleanup: 16001 ns, At safepoint: 5000 ns, Total: 232610 ns
[2026-02-05T21:19:44.881+0000][4052.670s][debug][safepoint   ] Safepoint synchronization initiated using futex wait barrier. (393 threads)
[2026-02-05T21:19:44.881+0000][4052.670s][info ][safepoint   ] Safepoint "Cleanup", Time since last: 2000384895 ns, Reaching safepoint: 279712 ns, Cleanup: 12401 ns, At safepoint: 5600 ns, Total: 297713 ns
[2026-02-05T21:19:45.882+0000][4053.670s][debug][safepoint   ] Safepoint synchronization initiated using futex wait barrier. (393 threads)
[2026-02-05T21:19:45.882+0000][4053.671s][info ][safepoint   ] Safepoint "Cleanup", Time since last: 1000349858 ns, Reaching safepoint: 812236 ns, Cleanup: 16201 ns, At safepoint: 10000 ns, Total: 838437 ns
[2026-02-05T21:19:46.883+0000][4054.672s][debug][safepoint   ] Safepoint synchronization initiated using futex wait barrier. (393 threads)
[2026-02-05T21:19:46.883+0000][4054.672s][info ][safepoint   ] Safepoint "Cleanup", Time since last: 1000410561 ns, Reaching safepoint: 406518 ns, Cleanup: 13201 ns, At safepoint: 5700 ns, Total: 425419 ns
[2026-02-05T21:19:47.882+0000][4055.672s][debug][safepoint   ] Safepoint synchronization initiated using futex wait barrier. (393 threads)
[2026-02-05T21:19:47.882+0000][4055.673s][info ][safepoint   ] Safepoint "Cleanup", Time since last: 1000266154 ns, Reaching safepoint: 255312 ns, Cleanup: 10600 ns, At safepoint: 4100 ns, Total: 270012 ns
[2026-02-05T21:19:48.882+0000][4056.673s][debug][safepoint   ] Safepoint synchronization initiated using futex wait barrier. (393 threads)
[2026-02-05T21:19:48.883+0000][4056.673s][info ][safepoint   ] Safepoint "Cleanup", Time since last: 1000253054 ns, Reaching safepoint: 269412 ns, Cleanup: 9800 ns, At safepoint: 21801 ns, Total: 301013 ns
[2026-02-05T21:19:49.883+0000][4057.673s][debug][safepoint   ] Safepoint synchronization initiated using futex wait barrier. (393 threads)
[2026-02-05T21:19:49.883+0000][4057.674s][info ][safepoint   ] Safepoint "Cleanup", Time since last: 1000279455 ns, Reaching safepoint: 252912 ns, Cleanup: 11700 ns, At safepoint: 4300 ns, Total: 268912 ns
[2026-02-05T21:19:54.884+0000][4062.675s][debug][safepoint   ] Safepoint synchronization initiated using futex wait barrier. (393 threads)
[2026-02-05T21:19:54.885+0000][4062.675s][info ][safepoint   ] Safepoint "Cleanup", Time since last: 5000733236 ns, Reaching safepoint: 613928 ns, Cleanup: 18301 ns, At safepoint: 19001 ns, Total: 651230 ns
[2026-02-05T21:19:56.885+0000][4064.676s][debug][safepoint   ] Safepoint synchronization initiated using futex wait barrier. (393 threads)
[2026-02-05T21:19:56.886+0000][4064.676s][info ][safepoint   ] Safepoint "Cleanup", Time since last: 2000768924 ns, Reaching safepoint: 440520 ns, Cleanup: 11000 ns, At safepoint: 28702 ns, Total: 480222 ns
[2026-02-05T21:19:57.886+0000][4065.677s][debug][safepoint   ] Safepoint synchronization initiated using futex wait barrier. (393 threads)
[2026-02-05T21:19:57.887+0000][4065.677s][info ][safepoint   ] Safepoint "Cleanup", Time since last: 1000413813 ns, Reaching safepoint: 350716 ns, Cleanup: 14201 ns, At safepoint: 5900 ns, Total: 370817 ns
[2026-02-05T21:19:59.887+0000][4067.678s][debug][safepoint   ] Safepoint synchronization initiated using futex wait barrier. (393 threads)
[2026-02-05T21:19:59.887+0000][4067.678s][info ][safepoint   ] Safepoint "Cleanup", Time since last: 2000428655 ns, Reaching safepoint: 301814 ns, Cleanup: 10301 ns, At safepoint: 4200 ns, Total: 316315 ns
[2026-02-05T21:20:00.187+0000][4067.977s][debug][safepoint   ] Safepoint synchronization initiated using futex wait barrier. (393 threads)
[2026-02-05T21:20:00.187+0000][4067.978s][info ][gc,start    ] GC(193) Pause Young (Normal) (G1 Evacuation Pause)
[2026-02-05T21:20:00.188+0000][4067.978s][info ][gc,task     ] GC(193) Using 10 workers of 10 for evacuation
[2026-02-05T21:20:00.195+0000][4067.985s][info ][gc,phases   ] GC(193)   Pre Evacuate Collection Set: 1.1ms
[2026-02-05T21:20:00.195+0000][4067.986s][info ][gc,phases   ] GC(193)   Merge Heap Roots: 0.3ms
[2026-02-05T21:20:00.195+0000][4067.986s][info ][gc,phases   ] GC(193)   Evacuate Collection Set: 3.5ms
[2026-02-05T21:20:00.195+0000][4067.986s][info ][gc,phases   ] GC(193)   Post Evacuate Collection Set: 1.9ms
[2026-02-05T21:20:00.195+0000][4067.986s][info ][gc,phases   ] GC(193)   Other: 0.7ms
[2026-02-05T21:20:00.196+0000][4067.986s][info ][gc,heap     ] GC(193) Eden regions: 83->0(83)
[2026-02-05T21:20:00.196+0000][4067.986s][info ][gc,heap     ] GC(193) Survivor regions: 4->4(11)
[2026-02-05T21:20:00.196+0000][4067.986s][info ][gc,heap     ] GC(193) Old regions: 84->84
[2026-02-05T21:20:00.196+0000][4067.987s][info ][gc,heap     ] GC(193) Archive regions: 2->2
[2026-02-05T21:20:00.196+0000][4067.987s][info ][gc,heap     ] GC(193) Humongous regions: 0->0
[2026-02-05T21:20:00.196+0000][4067.987s][info ][gc,metaspace] GC(193) Metaspace: 198505K(201216K)->198505K(201216K) NonClass: 174618K(176000K)->174618K(176000K) Class: 23886K(25216K)->23886K(25216K)
[2026-02-05T21:20:00.196+0000][4067.987s][info ][gc          ] GC(193) Pause Young (Normal) (G1 Evacuation Pause) 340M->175M(394M) 9.066ms
[2026-02-05T21:20:00.197+0000][4067.987s][info ][gc,cpu      ] GC(193) User=0.01s Sys=0.04s Real=0.01s
[2026-02-05T21:20:00.197+0000][4067.988s][info ][safepoint   ] Safepoint "G1CollectForAllocation", Time since last: 299406488 ns, Reaching safepoint: 470222 ns, Cleanup: 5500 ns, At safepoint: 9918460 ns, Total: 10394182 ns
[2026-02-05T21:20:01.198+0000][4068.988s][debug][safepoint   ] Safepoint synchronization initiated using futex wait barrier. (393 threads)
[2026-02-05T21:20:01.198+0000][4068.988s][info ][safepoint   ] Safepoint "Cleanup", Time since last: 1000471807 ns, Reaching safepoint: 280313 ns, Cleanup: 22101 ns, At safepoint: 6200 ns, Total: 308614 ns
[2026-02-05T21:20:05.199+0000][4072.989s][debug][safepoint   ] Safepoint synchronization initiated using futex wait barrier. (393 threads)
[2026-02-05T21:20:05.199+0000][4072.990s][info ][safepoint   ] Safepoint "Cleanup", Time since last: 4000866579 ns, Reaching safepoint: 314715 ns, Cleanup: 13100 ns, At safepoint: 7601 ns, Total: 335416 ns
[2026-02-05T21:20:07.200+0000][4074.990s][debug][safepoint   ] Safepoint synchronization initiated using futex wait barrier. (393 threads)
[2026-02-05T21:20:07.200+0000][4074.991s][info ][safepoint   ] Safepoint "Cleanup", Time since last: 2000390187 ns, Reaching safepoint: 452521 ns, Cleanup: 13001 ns, At safepoint: 4400 ns, Total: 469922 ns
[2026-02-05T21:20:08.200+0000][4075.991s][debug][safepoint   ] Safepoint synchronization initiated using futex wait barrier. (393 threads)
[2026-02-05T21:20:08.201+0000][4075.991s][info ][safepoint   ] Safepoint "Cleanup", Time since last: 1000229082 ns, Reaching safepoint: 224411 ns, Cleanup: 11300 ns, At safepoint: 3700 ns, Total: 239411 ns
[2026-02-05T21:20:10.201+0000][4077.991s][debug][safepoint   ] Safepoint synchronization initiated using futex wait barrier. (393 threads)
[2026-02-05T21:20:10.201+0000][4077.992s][info ][safepoint   ] Safepoint "Cleanup", Time since last: 2000367651 ns, Reaching safepoint: 226510 ns, Cleanup: 11201 ns, At safepoint: 4400 ns, Total: 242111 ns
[2026-02-05T21:20:13.202+0000][4080.992s][debug][safepoint   ] Safepoint synchronization initiated using futex wait barrier. (393 threads)
[2026-02-05T21:20:13.202+0000][4080.993s][info ][safepoint   ] Safepoint "Cleanup", Time since last: 3000473872 ns, Reaching safepoint: 368317 ns, Cleanup: 47902 ns, At safepoint: 66303 ns, Total: 482522 ns
[2026-02-05T21:20:18.202+0000][4085.994s][debug][safepoint   ] Safepoint synchronization initiated using futex wait barrier. (393 threads)
[2026-02-05T21:20:18.202+0000][4085.994s][info ][safepoint   ] Safepoint "Cleanup", Time since last: 5000971191 ns, Reaching safepoint: 244711 ns, Cleanup: 34302 ns, At safepoint: 7500 ns, Total: 286513 ns
[2026-02-05T21:20:21.617+0000][4089.409s][debug][safepoint   ] Safepoint synchronization initiated using futex wait barrier. (393 threads)
[2026-02-05T21:20:21.618+0000][4089.409s][info ][safepoint   ] Safepoint "Cleanup", Time since last: 3415145160 ns, Reaching safepoint: 230110 ns, Cleanup: 15101 ns, At safepoint: 4400 ns, Total: 249611 ns
[2026-02-05T21:20:31.261+0000][4099.052s][debug][safepoint   ] Safepoint synchronization initiated using futex wait barrier. (393 threads)
[2026-02-05T21:20:31.261+0000][4099.053s][info ][gc,start    ] GC(194) Pause Young (Normal) (G1 Evacuation Pause)
[2026-02-05T21:20:31.262+0000][4099.053s][info ][gc,task     ] GC(194) Using 10 workers of 10 for evacuation
[2026-02-05T21:20:31.271+0000][4099.062s][info ][gc,phases   ] GC(194)   Pre Evacuate Collection Set: 0.9ms
[2026-02-05T21:20:31.271+0000][4099.063s][info ][gc,phases   ] GC(194)   Merge Heap Roots: 0.2ms
[2026-02-05T21:20:31.271+0000][4099.063s][info ][gc,phases   ] GC(194)   Evacuate Collection Set: 5.5ms
[2026-02-05T21:20:31.271+0000][4099.063s][info ][gc,phases   ] GC(194)   Post Evacuate Collection Set: 2.3ms
[2026-02-05T21:20:31.272+0000][4099.063s][info ][gc,phases   ] GC(194)   Other: 0.7ms
[2026-02-05T21:20:31.272+0000][4099.064s][info ][gc,heap     ] GC(194) Eden regions: 83->0(83)
[2026-02-05T21:20:31.272+0000][4099.064s][info ][gc,heap     ] GC(194) Survivor regions: 4->4(11)
[2026-02-05T21:20:31.272+0000][4099.064s][info ][gc,heap     ] GC(194) Old regions: 84->84
[2026-02-05T21:20:31.273+0000][4099.064s][info ][gc,heap     ] GC(194) Archive regions: 2->2
[2026-02-05T21:20:31.273+0000][4099.065s][info ][gc,heap     ] GC(194) Humongous regions: 0->0
[2026-02-05T21:20:31.273+0000][4099.065s][info ][gc,metaspace] GC(194) Metaspace: 198510K(201216K)->198510K(201216K) NonClass: 174622K(176000K)->174622K(176000K) Class: 23888K(25216K)->23888K(25216K)
[2026-02-05T21:20:31.273+0000][4099.065s][info ][gc          ] GC(194) Pause Young (Normal) (G1 Evacuation Pause) 341M->175M(394M) 12.093ms
[2026-02-05T21:20:31.274+0000][4099.065s][info ][gc,cpu      ] GC(194) User=0.05s Sys=0.00s Real=0.01s
[2026-02-05T21:20:31.274+0000][4099.066s][info ][safepoint   ] Safepoint "G1CollectForAllocation", Time since last: 9642456621 ns, Reaching safepoint: 1140553 ns, Cleanup: 26601 ns, At safepoint: 12748399 ns, Total: 13915553 ns
[2026-02-05T21:20:35.275+0000][4103.066s][debug][safepoint   ] Safepoint synchronization initiated using futex wait barrier. (391 threads)
[2026-02-05T21:20:35.275+0000][4103.067s][info ][safepoint   ] Safepoint "Cleanup", Time since last: 4000589783 ns, Reaching safepoint: 480823 ns, Cleanup: 15701 ns, At safepoint: 6201 ns, Total: 502725 ns
[2026-02-05T21:20:36.276+0000][4104.067s][debug][safepoint   ] Safepoint synchronization initiated using futex wait barrier. (391 threads)
[2026-02-05T21:20:36.276+0000][4104.068s][info ][safepoint   ] Safepoint "Cleanup", Time since last: 1000571693 ns, Reaching safepoint: 466323 ns, Cleanup: 19801 ns, At safepoint: 68603 ns, Total: 554727 ns
[2026-02-05T21:20:43.277+0000][4111.069s][debug][safepoint   ] Safepoint synchronization initiated using futex wait barrier. (391 threads)
[2026-02-05T21:20:43.277+0000][4111.069s][info ][safepoint   ] Safepoint "Cleanup", Time since last: 7000945183 ns, Reaching safepoint: 250812 ns, Cleanup: 14101 ns, At safepoint: 4900 ns, Total: 269813 ns
[2026-02-05T21:20:50.277+0000][4118.070s][debug][safepoint   ] Safepoint synchronization initiated using futex wait barrier. (391 threads)
[2026-02-05T21:20:50.278+0000][4118.071s][info ][safepoint   ] Safepoint "Cleanup", Time since last: 7001130038 ns, Reaching safepoint: 489216 ns, Cleanup: 19701 ns, At safepoint: 10100 ns, Total: 519017 ns
[2026-02-05T21:20:51.278+0000][4119.071s][debug][safepoint   ] Safepoint synchronization initiated using futex wait barrier. (391 threads)
[2026-02-05T21:20:51.280+0000][4119.072s][info ][safepoint   ] Safepoint "Cleanup", Time since last: 1000422406 ns, Reaching safepoint: 1159737 ns, Cleanup: 14800 ns, At safepoint: 51202 ns, Total: 1225739 ns
[2026-02-05T21:20:58.281+0000][4126.074s][debug][safepoint   ] Safepoint synchronization initiated using futex wait barrier. (391 threads)
[2026-02-05T21:20:58.281+0000][4126.074s][info ][safepoint   ] Safepoint "Cleanup", Time since last: 7001476932 ns, Reaching safepoint: 288014 ns, Cleanup: 13600 ns, At safepoint: 4400 ns, Total: 306014 ns
[2026-02-05T21:20:59.282+0000][4127.074s][debug][safepoint   ] Safepoint synchronization initiated using futex wait barrier. (391 threads)
[2026-02-05T21:20:59.282+0000][4127.075s][info ][safepoint   ] Safepoint "Cleanup", Time since last: 1000315802 ns, Reaching safepoint: 365717 ns, Cleanup: 36802 ns, At safepoint: 49902 ns, Total: 452421 ns
[2026-02-05T21:21:00.067+0000][4127.860s][debug][safepoint   ] Safepoint synchronization initiated using futex wait barrier. (391 threads)
[2026-02-05T21:21:00.068+0000][4127.861s][debug][safepoint   ] ... found polling page loop exception at pc = 0x00007085519e4277, stub =0x0000708550b10400
[2026-02-05T21:21:00.068+0000][4127.861s][info ][gc,start    ] GC(195) Pause Young (Normal) (G1 Evacuation Pause)
[2026-02-05T21:21:00.068+0000][4127.861s][info ][gc,task     ] GC(195) Using 10 workers of 10 for evacuation
[2026-02-05T21:21:00.074+0000][4127.867s][info ][gc,phases   ] GC(195)   Pre Evacuate Collection Set: 0.3ms
[2026-02-05T21:21:00.074+0000][4127.867s][info ][gc,phases   ] GC(195)   Merge Heap Roots: 0.2ms
[2026-02-05T21:21:00.074+0000][4127.867s][info ][gc,phases   ] GC(195)   Evacuate Collection Set: 3.1ms
[2026-02-05T21:21:00.075+0000][4127.867s][info ][gc,phases   ] GC(195)   Post Evacuate Collection Set: 1.7ms
[2026-02-05T21:21:00.075+0000][4127.868s][info ][gc,phases   ] GC(195)   Other: 0.6ms
[2026-02-05T21:21:00.075+0000][4127.868s][info ][gc,heap     ] GC(195) Eden regions: 83->0(83)
[2026-02-05T21:21:00.075+0000][4127.868s][info ][gc,heap     ] GC(195) Survivor regions: 4->4(11)
[2026-02-05T21:21:00.075+0000][4127.868s][info ][gc,heap     ] GC(195) Old regions: 84->84
[2026-02-05T21:21:00.075+0000][4127.868s][info ][gc,heap     ] GC(195) Archive regions: 2->2
[2026-02-05T21:21:00.076+0000][4127.868s][info ][gc,heap     ] GC(195) Humongous regions: 0->0
[2026-02-05T21:21:00.076+0000][4127.868s][info ][gc,metaspace] GC(195) Metaspace: 198529K(201216K)->198529K(201216K) NonClass: 174638K(176000K)->174638K(176000K) Class: 23890K(25216K)->23890K(25216K)
[2026-02-05T21:21:00.076+0000][4127.869s][info ][gc          ] GC(195) Pause Young (Normal) (G1 Evacuation Pause) 341M->175M(394M) 7.672ms
[2026-02-05T21:21:00.076+0000][4127.869s][info ][gc,cpu      ] GC(195) User=0.04s Sys=0.00s Real=0.00s
[2026-02-05T21:21:00.076+0000][4127.869s][info ][safepoint   ] Safepoint "G1CollectForAllocation", Time since last: 785257383 ns, Reaching safepoint: 689833 ns, Cleanup: 5200 ns, At safepoint: 8355289 ns, Total: 9050322 ns
[2026-02-05T21:21:15.079+0000][4142.872s][debug][safepoint   ] Safepoint synchronization initiated using futex wait barrier. (391 threads)
[2026-02-05T21:21:15.079+0000][4142.872s][info ][safepoint   ] Safepoint "Cleanup", Time since last: 15002550616 ns, Reaching safepoint: 387405 ns, Cleanup: 32600 ns, At safepoint: 23300 ns, Total: 443305 ns
[2026-02-05T21:21:27.733+0000][4155.527s][debug][safepoint   ] Safepoint synchronization initiated using futex wait barrier. (391 threads)
[2026-02-05T21:21:27.733+0000][4155.527s][info ][safepoint   ] Safepoint "Cleanup", Time since last: 12654757972 ns, Reaching safepoint: 243010 ns, Cleanup: 32502 ns, At safepoint: 8300 ns, Total: 283812 ns
[2026-02-05T21:21:31.188+0000][4158.982s][debug][safepoint   ] Safepoint synchronization initiated using futex wait barrier. (391 threads)
[2026-02-05T21:21:31.188+0000][4158.982s][info ][gc,start    ] GC(196) Pause Young (Normal) (G1 Evacuation Pause)
[2026-02-05T21:21:31.188+0000][4158.983s][info ][gc,task     ] GC(196) Using 10 workers of 10 for evacuation
[2026-02-05T21:21:31.194+0000][4158.988s][info ][gc,phases   ] GC(196)   Pre Evacuate Collection Set: 0.4ms
[2026-02-05T21:21:31.194+0000][4158.988s][info ][gc,phases   ] GC(196)   Merge Heap Roots: 0.4ms
[2026-02-05T21:21:31.194+0000][4158.988s][info ][gc,phases   ] GC(196)   Evacuate Collection Set: 2.9ms
[2026-02-05T21:21:31.194+0000][4158.989s][info ][gc,phases   ] GC(196)   Post Evacuate Collection Set: 1.3ms
[2026-02-05T21:21:31.195+0000][4158.989s][info ][gc,phases   ] GC(196)   Other: 0.7ms
[2026-02-05T21:21:31.195+0000][4158.989s][info ][gc,heap     ] GC(196) Eden regions: 83->0(83)
[2026-02-05T21:21:31.195+0000][4158.989s][info ][gc,heap     ] GC(196) Survivor regions: 4->4(11)
[2026-02-05T21:21:31.195+0000][4158.989s][info ][gc,heap     ] GC(196) Old regions: 84->84
[2026-02-05T21:21:31.195+0000][4158.989s][info ][gc,heap     ] GC(196) Archive regions: 2->2
[2026-02-05T21:21:31.196+0000][4158.990s][info ][gc,heap     ] GC(196) Humongous regions: 0->0
[2026-02-05T21:21:31.196+0000][4158.990s][info ][gc,metaspace] GC(196) Metaspace: 198530K(201216K)->198530K(201216K) NonClass: 174640K(176000K)->174640K(176000K) Class: 23890K(25216K)->23890K(25216K)
[2026-02-05T21:21:31.196+0000][4158.990s][info ][gc          ] GC(196) Pause Young (Normal) (G1 Evacuation Pause) 341M->175M(394M) 8.047ms
[2026-02-05T21:21:31.197+0000][4158.991s][info ][gc,cpu      ] GC(196) User=0.02s Sys=0.01s Real=0.00s
[2026-02-05T21:21:31.197+0000][4158.991s][info ][safepoint   ] Safepoint "G1CollectForAllocation", Time since last: 3454595504 ns, Reaching safepoint: 475621 ns, Cleanup: 5500 ns, At safepoint: 9144105 ns, Total: 9625226 ns
[2026-02-05T21:21:32.198+0000][4159.992s][debug][safepoint   ] Safepoint synchronization initiated using futex wait barrier. (391 threads)
[2026-02-05T21:21:32.198+0000][4159.992s][info ][safepoint   ] Safepoint "Cleanup", Time since last: 1000401020 ns, Reaching safepoint: 476821 ns, Cleanup: 43602 ns, At safepoint: 19601 ns, Total: 540024 ns
[2026-02-05T21:21:34.199+0000][4161.993s][debug][safepoint   ] Safepoint synchronization initiated using futex wait barrier. (391 threads)
[2026-02-05T21:21:34.199+0000][4161.993s][info ][safepoint   ] Safepoint "Cleanup", Time since last: 2000427725 ns, Reaching safepoint: 292013 ns, Cleanup: 15001 ns, At safepoint: 4600 ns, Total: 311614 ns
[2026-02-05T21:22:01.249+0000][4189.045s][debug][safepoint   ] Safepoint synchronization initiated using futex wait barrier. (391 threads)
[2026-02-05T21:22:01.250+0000][4189.046s][info ][gc,start    ] GC(197) Pause Young (Normal) (G1 Evacuation Pause)
[2026-02-05T21:22:01.250+0000][4189.046s][info ][gc,task     ] GC(197) Using 10 workers of 10 for evacuation
[2026-02-05T21:22:01.257+0000][4189.052s][info ][gc,phases   ] GC(197)   Pre Evacuate Collection Set: 0.4ms
[2026-02-05T21:22:01.257+0000][4189.053s][info ][gc,phases   ] GC(197)   Merge Heap Roots: 0.2ms
[2026-02-05T21:22:01.257+0000][4189.053s][info ][gc,phases   ] GC(197)   Evacuate Collection Set: 3.5ms
[2026-02-05T21:22:01.258+0000][4189.054s][info ][gc,phases   ] GC(197)   Post Evacuate Collection Set: 2.2ms
[2026-02-05T21:22:01.258+0000][4189.054s][info ][gc,phases   ] GC(197)   Other: 0.6ms
[2026-02-05T21:22:01.259+0000][4189.054s][info ][gc,heap     ] GC(197) Eden regions: 83->0(83)
[2026-02-05T21:22:01.259+0000][4189.055s][info ][gc,heap     ] GC(197) Survivor regions: 4->4(11)
[2026-02-05T21:22:01.259+0000][4189.055s][info ][gc,heap     ] GC(197) Old regions: 84->84
[2026-02-05T21:22:01.259+0000][4189.055s][info ][gc,heap     ] GC(197) Archive regions: 2->2
[2026-02-05T21:22:01.259+0000][4189.055s][info ][gc,heap     ] GC(197) Humongous regions: 0->0
[2026-02-05T21:22:01.259+0000][4189.055s][info ][gc,metaspace] GC(197) Metaspace: 198539K(201216K)->198539K(201216K) NonClass: 174649K(176000K)->174649K(176000K) Class: 23890K(25216K)->23890K(25216K)
[2026-02-05T21:22:01.260+0000][4189.056s][info ][gc          ] GC(197) Pause Young (Normal) (G1 Evacuation Pause) 341M->175M(394M) 9.978ms
[2026-02-05T21:22:01.260+0000][4189.056s][info ][gc,cpu      ] GC(197) User=0.04s Sys=0.01s Real=0.01s
[2026-02-05T21:22:01.261+0000][4189.057s][info ][safepoint   ] Safepoint "G1CollectForAllocation", Time since last: 27051849703 ns, Reaching safepoint: 562725 ns, Cleanup: 5201 ns, At safepoint: 11142295 ns, Total: 11710221 ns
[2026-02-05T21:22:22.835+0000][4210.632s][debug][safepoint   ] Safepoint synchronization initiated using futex wait barrier. (391 threads)
[2026-02-05T21:22:22.835+0000][4210.632s][info ][safepoint   ] Safepoint "Cleanup", Time since last: 21575416570 ns, Reaching safepoint: 345115 ns, Cleanup: 26301 ns, At safepoint: 6501 ns, Total: 377917 ns
[2026-02-05T21:22:25.836+0000][4213.633s][debug][safepoint   ] Safepoint synchronization initiated using futex wait barrier. (391 threads)
[2026-02-05T21:22:25.836+0000][4213.633s][info ][safepoint   ] Safepoint "Cleanup", Time since last: 3000614424 ns, Reaching safepoint: 269112 ns, Cleanup: 10601 ns, At safepoint: 4400 ns, Total: 284113 ns
[2026-02-05T21:22:31.143+0000][4218.940s][debug][safepoint   ] Safepoint synchronization initiated using futex wait barrier. (391 threads)
[2026-02-05T21:22:31.143+0000][4218.940s][info ][gc,start    ] GC(198) Pause Young (Normal) (G1 Evacuation Pause)
[2026-02-05T21:22:31.143+0000][4218.940s][info ][gc,task     ] GC(198) Using 10 workers of 10 for evacuation
[2026-02-05T21:22:31.148+0000][4218.945s][info ][gc,phases   ] GC(198)   Pre Evacuate Collection Set: 0.3ms
[2026-02-05T21:22:31.149+0000][4218.946s][info ][gc,phases   ] GC(198)   Merge Heap Roots: 0.2ms
[2026-02-05T21:22:31.149+0000][4218.946s][info ][gc,phases   ] GC(198)   Evacuate Collection Set: 2.7ms
[2026-02-05T21:22:31.149+0000][4218.946s][info ][gc,phases   ] GC(198)   Post Evacuate Collection Set: 1.4ms
[2026-02-05T21:22:31.149+0000][4218.946s][info ][gc,phases   ] GC(198)   Other: 0.5ms
[2026-02-05T21:22:31.149+0000][4218.946s][info ][gc,heap     ] GC(198) Eden regions: 83->0(83)
[2026-02-05T21:22:31.150+0000][4218.947s][info ][gc,heap     ] GC(198) Survivor regions: 4->4(11)
[2026-02-05T21:22:31.150+0000][4218.947s][info ][gc,heap     ] GC(198) Old regions: 84->84
[2026-02-05T21:22:31.150+0000][4218.947s][info ][gc,heap     ] GC(198) Archive regions: 2->2
[2026-02-05T21:22:31.150+0000][4218.947s][info ][gc,heap     ] GC(198) Humongous regions: 0->0
[2026-02-05T21:22:31.150+0000][4218.947s][info ][gc,metaspace] GC(198) Metaspace: 198560K(201216K)->198560K(201216K) NonClass: 174669K(176000K)->174669K(176000K) Class: 23891K(25216K)->23891K(25216K)
[2026-02-05T21:22:31.150+0000][4218.947s][info ][gc          ] GC(198) Pause Young (Normal) (G1 Evacuation Pause) 341M->175M(394M) 7.054ms
[2026-02-05T21:22:31.151+0000][4218.948s][info ][gc,cpu      ] GC(198) User=0.00s Sys=0.03s Real=0.00s
[2026-02-05T21:22:31.151+0000][4218.948s][info ][safepoint   ] Safepoint "G1CollectForAllocation", Time since last: 5306451074 ns, Reaching safepoint: 387517 ns, Cleanup: 5100 ns, At safepoint: 7672349 ns, Total: 8064966 ns
[2026-02-05T21:22:37.152+0000][4224.949s][debug][safepoint   ] Safepoint synchronization initiated using futex wait barrier. (391 threads)
[2026-02-05T21:22:37.152+0000][4224.949s][info ][safepoint   ] Safepoint "Cleanup", Time since last: 6000785531 ns, Reaching safepoint: 328715 ns, Cleanup: 29702 ns, At safepoint: 25401 ns, Total: 383818 ns
[2026-02-05T21:22:39.152+0000][4226.949s][debug][safepoint   ] Safepoint synchronization initiated using futex wait barrier. (391 threads)
[2026-02-05T21:22:39.153+0000][4226.950s][info ][safepoint   ] Safepoint "Cleanup", Time since last: 2000364442 ns, Reaching safepoint: 803936 ns, Cleanup: 15001 ns, At safepoint: 42302 ns, Total: 861239 ns
[2026-02-05T21:23:02.499+0000][4250.297s][debug][safepoint   ] Safepoint synchronization initiated using futex wait barrier. (391 threads)
[2026-02-05T21:23:02.500+0000][4250.298s][info ][gc,start    ] GC(199) Pause Young (Normal) (G1 Evacuation Pause)
[2026-02-05T21:23:02.500+0000][4250.298s][info ][gc,task     ] GC(199) Using 10 workers of 10 for evacuation
[2026-02-05T21:23:02.506+0000][4250.304s][info ][gc,phases   ] GC(199)   Pre Evacuate Collection Set: 0.4ms
[2026-02-05T21:23:02.506+0000][4250.305s][info ][gc,phases   ] GC(199)   Merge Heap Roots: 0.2ms
[2026-02-05T21:23:02.506+0000][4250.305s][info ][gc,phases   ] GC(199)   Evacuate Collection Set: 3.1ms
[2026-02-05T21:23:02.507+0000][4250.305s][info ][gc,phases   ] GC(199)   Post Evacuate Collection Set: 1.9ms
[2026-02-05T21:23:02.507+0000][4250.305s][info ][gc,phases   ] GC(199)   Other: 0.7ms
[2026-02-05T21:23:02.507+0000][4250.305s][info ][gc,heap     ] GC(199) Eden regions: 83->0(83)
[2026-02-05T21:23:02.507+0000][4250.306s][info ][gc,heap     ] GC(199) Survivor regions: 4->4(11)
[2026-02-05T21:23:02.508+0000][4250.306s][info ][gc,heap     ] GC(199) Old regions: 84->84
[2026-02-05T21:23:02.508+0000][4250.306s][info ][gc,heap     ] GC(199) Archive regions: 2->2
[2026-02-05T21:23:02.508+0000][4250.306s][info ][gc,heap     ] GC(199) Humongous regions: 0->0
[2026-02-05T21:23:02.508+0000][4250.306s][info ][gc,metaspace] GC(199) Metaspace: 198560K(201216K)->198560K(201216K) NonClass: 174669K(176000K)->174669K(176000K) Class: 23891K(25216K)->23891K(25216K)
[2026-02-05T21:23:02.508+0000][4250.307s][info ][gc          ] GC(199) Pause Young (Normal) (G1 Evacuation Pause) 341M->175M(394M) 8.601ms
[2026-02-05T21:23:02.508+0000][4250.307s][info ][gc,cpu      ] GC(199) User=0.04s Sys=0.00s Real=0.01s
[2026-02-05T21:23:02.509+0000][4250.307s][info ][safepoint   ] Safepoint "G1CollectForAllocation", Time since last: 23346769533 ns, Reaching safepoint: 796540 ns, Cleanup: 26601 ns, At safepoint: 9203156 ns, Total: 10026297 ns
[2026-02-05T21:23:17.509+0000][4265.309s][debug][safepoint   ] Safepoint synchronization initiated using futex wait barrier. (391 threads)
[2026-02-05T21:23:17.509+0000][4265.309s][info ][safepoint   ] Safepoint "Cleanup", Time since last: 15001890564 ns, Reaching safepoint: 355813 ns, Cleanup: 30801 ns, At safepoint: 8500 ns, Total: 395114 ns
[2026-02-05T21:23:28.927+0000][4276.727s][debug][safepoint   ] Safepoint synchronization initiated using futex wait barrier. (391 threads)
[2026-02-05T21:23:28.927+0000][4276.727s][info ][safepoint   ] Safepoint "Cleanup", Time since last: 11417408031 ns, Reaching safepoint: 468321 ns, Cleanup: 18800 ns, At safepoint: 8201 ns, Total: 495322 ns
[2026-02-05T21:23:32.357+0000][4280.157s][debug][safepoint   ] Safepoint synchronization initiated using futex wait barrier. (391 threads)
[2026-02-05T21:23:32.357+0000][4280.157s][info ][gc,start    ] GC(200) Pause Young (Normal) (G1 Evacuation Pause)
[2026-02-05T21:23:32.358+0000][4280.158s][info ][gc,task     ] GC(200) Using 10 workers of 10 for evacuation
[2026-02-05T21:23:32.365+0000][4280.165s][info ][gc,phases   ] GC(200)   Pre Evacuate Collection Set: 0.5ms
[2026-02-05T21:23:32.366+0000][4280.166s][info ][gc,phases   ] GC(200)   Merge Heap Roots: 0.2ms
[2026-02-05T21:23:32.366+0000][4280.166s][info ][gc,phases   ] GC(200)   Evacuate Collection Set: 5.4ms
[2026-02-05T21:23:32.366+0000][4280.166s][info ][gc,phases   ] GC(200)   Post Evacuate Collection Set: 1.5ms
[2026-02-05T21:23:32.366+0000][4280.166s][info ][gc,phases   ] GC(200)   Other: 0.7ms
[2026-02-05T21:23:32.366+0000][4280.166s][info ][gc,heap     ] GC(200) Eden regions: 83->0(85)
[2026-02-05T21:23:32.366+0000][4280.166s][info ][gc,heap     ] GC(200) Survivor regions: 4->3(11)
[2026-02-05T21:23:32.367+0000][4280.167s][info ][gc,heap     ] GC(200) Old regions: 84->84
[2026-02-05T21:23:32.367+0000][4280.167s][info ][gc,heap     ] GC(200) Archive regions: 2->2
[2026-02-05T21:23:32.367+0000][4280.167s][info ][gc,heap     ] GC(200) Humongous regions: 0->0
[2026-02-05T21:23:32.367+0000][4280.167s][info ][gc,metaspace] GC(200) Metaspace: 198561K(201216K)->198561K(201216K) NonClass: 174669K(176000K)->174669K(176000K) Class: 23891K(25216K)->23891K(25216K)
[2026-02-05T21:23:32.367+0000][4280.167s][info ][gc          ] GC(200) Pause Young (Normal) (G1 Evacuation Pause) 341M->175M(394M) 9.894ms
[2026-02-05T21:23:32.368+0000][4280.167s][info ][gc,cpu      ] GC(200) User=0.05s Sys=0.01s Real=0.01s
[2026-02-05T21:23:32.368+0000][4280.168s][info ][safepoint   ] Safepoint "G1CollectForAllocation", Time since last: 3429607670 ns, Reaching safepoint: 376016 ns, Cleanup: 5200 ns, At safepoint: 10717370 ns, Total: 11098586 ns
[2026-02-05T21:23:38.369+0000][4286.169s][debug][safepoint   ] Safepoint synchronization initiated using futex wait barrier. (391 threads)
[2026-02-05T21:23:38.369+0000][4286.169s][info ][safepoint   ] Safepoint "Cleanup", Time since last: 6000845380 ns, Reaching safepoint: 271612 ns, Cleanup: 29201 ns, At safepoint: 24201 ns, Total: 325014 ns
[2026-02-05T21:23:55.370+0000][4303.171s][debug][safepoint   ] Safepoint synchronization initiated using futex wait barrier. (391 threads)
[2026-02-05T21:23:55.370+0000][4303.171s][info ][safepoint   ] Safepoint "Cleanup", Time since last: 17001944318 ns, Reaching safepoint: 346915 ns, Cleanup: 7600 ns, At safepoint: 5700 ns, Total: 360215 ns
[2026-02-05T21:24:03.056+0000][4310.857s][debug][safepoint   ] Safepoint synchronization initiated using futex wait barrier. (391 threads)
[2026-02-05T21:24:03.057+0000][4310.858s][info ][gc,start    ] GC(201) Pause Young (Normal) (G1 Evacuation Pause)
[2026-02-05T21:24:03.057+0000][4310.858s][info ][gc,task     ] GC(201) Using 10 workers of 10 for evacuation
[2026-02-05T21:24:03.065+0000][4310.866s][info ][gc,phases   ] GC(201)   Pre Evacuate Collection Set: 0.4ms
[2026-02-05T21:24:03.065+0000][4310.866s][info ][gc,phases   ] GC(201)   Merge Heap Roots: 0.2ms
[2026-02-05T21:24:03.065+0000][4310.866s][info ][gc,phases   ] GC(201)   Evacuate Collection Set: 3.9ms
[2026-02-05T21:24:03.065+0000][4310.867s][info ][gc,phases   ] GC(201)   Post Evacuate Collection Set: 2.5ms
[2026-02-05T21:24:03.066+0000][4310.867s][info ][gc,phases   ] GC(201)   Other: 1.0ms
[2026-02-05T21:24:03.066+0000][4310.867s][info ][gc,heap     ] GC(201) Eden regions: 85->0(85)
[2026-02-05T21:24:03.066+0000][4310.867s][info ][gc,heap     ] GC(201) Survivor regions: 3->3(11)
[2026-02-05T21:24:03.066+0000][4310.868s][info ][gc,heap     ] GC(201) Old regions: 84->84
[2026-02-05T21:24:03.066+0000][4310.868s][info ][gc,heap     ] GC(201) Archive regions: 2->2
[2026-02-05T21:24:03.067+0000][4310.868s][info ][gc,heap     ] GC(201) Humongous regions: 0->0
[2026-02-05T21:24:03.067+0000][4310.868s][info ][gc,metaspace] GC(201) Metaspace: 198562K(201216K)->198562K(201216K) NonClass: 174670K(176000K)->174670K(176000K) Class: 23891K(25216K)->23891K(25216K)
[2026-02-05T21:24:03.067+0000][4310.868s][info ][gc          ] GC(201) Pause Young (Normal) (G1 Evacuation Pause) 345M->175M(394M) 10.215ms
[2026-02-05T21:24:03.067+0000][4310.868s][info ][gc,cpu      ] GC(201) User=0.05s Sys=0.00s Real=0.01s
[2026-02-05T21:24:03.069+0000][4310.871s][info ][safepoint   ] Safepoint "G1CollectForAllocation", Time since last: 7685786182 ns, Reaching safepoint: 565225 ns, Cleanup: 36901 ns, At safepoint: 12638656 ns, Total: 13240782 ns
[2026-02-05T21:24:13.071+0000][4320.872s][debug][safepoint   ] Safepoint synchronization initiated using futex wait barrier. (391 threads)
[2026-02-05T21:24:13.071+0000][4320.873s][info ][safepoint   ] Safepoint "Cleanup", Time since last: 10001930583 ns, Reaching safepoint: 293613 ns, Cleanup: 22901 ns, At safepoint: 5900 ns, Total: 322414 ns
[2026-02-05T21:24:19.015+0000][4326.818s][debug][safepoint   ] Safepoint synchronization initiated using futex wait barrier. (391 threads)
[2026-02-05T21:24:19.016+0000][4326.818s][info ][safepoint   ] Safepoint "Cleanup", Time since last: 5945084409 ns, Reaching safepoint: 454020 ns, Cleanup: 33302 ns, At safepoint: 38601 ns, Total: 525923 ns
[2026-02-05T21:24:22.016+0000][4329.819s][debug][safepoint   ] Safepoint synchronization initiated using futex wait barrier. (391 threads)
[2026-02-05T21:24:22.017+0000][4329.819s][info ][safepoint   ] Safepoint "Cleanup", Time since last: 3000637270 ns, Reaching safepoint: 339315 ns, Cleanup: 11400 ns, At safepoint: 38602 ns, Total: 389317 ns
[2026-02-05T21:24:31.018+0000][4338.821s][debug][safepoint   ] Safepoint synchronization initiated using futex wait barrier. (391 threads)
[2026-02-05T21:24:31.018+0000][4338.821s][info ][safepoint   ] Safepoint "Cleanup", Time since last: 9001430286 ns, Reaching safepoint: 301814 ns, Cleanup: 14400 ns, At safepoint: 5301 ns, Total: 321515 ns
[2026-02-05T21:24:34.129+0000][4341.932s][debug][safepoint   ] Safepoint synchronization initiated using futex wait barrier. (391 threads)
[2026-02-05T21:24:34.130+0000][4341.932s][info ][gc,start    ] GC(202) Pause Young (Normal) (G1 Evacuation Pause)
[2026-02-05T21:24:34.130+0000][4341.933s][info ][gc,task     ] GC(202) Using 10 workers of 10 for evacuation
[2026-02-05T21:24:34.143+0000][4341.946s][info ][gc,phases   ] GC(202)   Pre Evacuate Collection Set: 0.4ms
[2026-02-05T21:24:34.144+0000][4341.947s][info ][gc,phases   ] GC(202)   Merge Heap Roots: 0.2ms
[2026-02-05T21:24:34.144+0000][4341.947s][info ][gc,phases   ] GC(202)   Evacuate Collection Set: 10.8ms
[2026-02-05T21:24:34.144+0000][4341.947s][info ][gc,phases   ] GC(202)   Post Evacuate Collection Set: 1.6ms
[2026-02-05T21:24:34.145+0000][4341.947s][info ][gc,phases   ] GC(202)   Other: 0.9ms
[2026-02-05T21:24:34.145+0000][4341.948s][info ][gc,heap     ] GC(202) Eden regions: 85->0(86)
[2026-02-05T21:24:34.145+0000][4341.948s][info ][gc,heap     ] GC(202) Survivor regions: 3->1(11)
[2026-02-05T21:24:34.146+0000][4341.948s][info ][gc,heap     ] GC(202) Old regions: 84->87
[2026-02-05T21:24:34.146+0000][4341.949s][info ][gc,heap     ] GC(202) Archive regions: 2->2
[2026-02-05T21:24:34.146+0000][4341.949s][info ][gc,heap     ] GC(202) Humongous regions: 0->0
[2026-02-05T21:24:34.146+0000][4341.949s][info ][gc,metaspace] GC(202) Metaspace: 198562K(201216K)->198562K(201216K) NonClass: 174670K(176000K)->174670K(176000K) Class: 23891K(25216K)->23891K(25216K)
[2026-02-05T21:24:34.147+0000][4341.949s][info ][gc          ] GC(202) Pause Young (Normal) (G1 Evacuation Pause) 345M->175M(394M) 17.064ms
[2026-02-05T21:24:34.147+0000][4341.950s][info ][gc,cpu      ] GC(202) User=0.09s Sys=0.01s Real=0.01s
[2026-02-05T21:24:34.148+0000][4341.951s][info ][safepoint   ] Safepoint "G1CollectForAllocation", Time since last: 3110572580 ns, Reaching safepoint: 573427 ns, Cleanup: 5100 ns, At safepoint: 18294353 ns, Total: 18872880 ns
[2026-02-05T21:24:54.150+0000][4361.954s][debug][safepoint   ] Safepoint synchronization initiated using futex wait barrier. (391 threads)
[2026-02-05T21:24:54.151+0000][4361.955s][info ][safepoint   ] Safepoint "Cleanup", Time since last: 20003555595 ns, Reaching safepoint: 578224 ns, Cleanup: 50002 ns, At safepoint: 38702 ns, Total: 666928 ns
[2026-02-05T21:25:02.152+0000][4369.956s][debug][safepoint   ] Safepoint synchronization initiated using futex wait barrier. (391 threads)
[2026-02-05T21:25:02.153+0000][4369.957s][info ][safepoint   ] Safepoint "Cleanup", Time since last: 8001320144 ns, Reaching safepoint: 531524 ns, Cleanup: 22601 ns, At safepoint: 13200 ns, Total: 567325 ns
[2026-02-05T21:25:04.802+0000][4372.606s][debug][safepoint   ] Safepoint synchronization initiated using futex wait barrier. (391 threads)
[2026-02-05T21:25:04.802+0000][4372.606s][info ][gc,start    ] GC(203) Pause Young (Normal) (G1 Evacuation Pause)
[2026-02-05T21:25:04.802+0000][4372.606s][info ][gc,task     ] GC(203) Using 10 workers of 10 for evacuation
[2026-02-05T21:25:04.807+0000][4372.611s][info ][gc,phases   ] GC(203)   Pre Evacuate Collection Set: 0.4ms
[2026-02-05T21:25:04.807+0000][4372.611s][info ][gc,phases   ] GC(203)   Merge Heap Roots: 0.2ms
[2026-02-05T21:25:04.807+0000][4372.611s][info ][gc,phases   ] GC(203)   Evacuate Collection Set: 1.6ms
[2026-02-05T21:25:04.807+0000][4372.611s][info ][gc,phases   ] GC(203)   Post Evacuate Collection Set: 1.6ms
[2026-02-05T21:25:04.807+0000][4372.611s][info ][gc,phases   ] GC(203)   Other: 0.7ms
[2026-02-05T21:25:04.807+0000][4372.611s][info ][gc,heap     ] GC(203) Eden regions: 86->0(86)
[2026-02-05T21:25:04.808+0000][4372.611s][info ][gc,heap     ] GC(203) Survivor regions: 1->1(11)
[2026-02-05T21:25:04.808+0000][4372.612s][info ][gc,heap     ] GC(203) Old regions: 87->87
[2026-02-05T21:25:04.808+0000][4372.612s][info ][gc,heap     ] GC(203) Archive regions: 2->2
[2026-02-05T21:25:04.808+0000][4372.612s][info ][gc,heap     ] GC(203) Humongous regions: 0->0
[2026-02-05T21:25:04.808+0000][4372.612s][info ][gc,metaspace] GC(203) Metaspace: 198565K(201216K)->198565K(201216K) NonClass: 174673K(176000K)->174673K(176000K) Class: 23891K(25216K)->23891K(25216K)
[2026-02-05T21:25:04.808+0000][4372.612s][info ][gc          ] GC(203) Pause Young (Normal) (G1 Evacuation Pause) 347M->175M(394M) 6.027ms
[2026-02-05T21:25:04.808+0000][4372.612s][info ][gc,cpu      ] GC(203) User=0.02s Sys=0.00s Real=0.01s
[2026-02-05T21:25:04.809+0000][4372.613s][info ][safepoint   ] Safepoint "G1CollectForAllocation", Time since last: 2648817255 ns, Reaching safepoint: 538724 ns, Cleanup: 4900 ns, At safepoint: 6608092 ns, Total: 7151716 ns
[2026-02-05T21:25:05.809+0000][4373.613s][debug][safepoint   ] Safepoint synchronization initiated using futex wait barrier. (391 threads)
[2026-02-05T21:25:05.810+0000][4373.613s][info ][safepoint   ] Safepoint "Cleanup", Time since last: 1000391586 ns, Reaching safepoint: 394018 ns, Cleanup: 30801 ns, At safepoint: 5100 ns, Total: 429919 ns
[2026-02-05T21:25:27.102+0000][4394.907s][debug][safepoint   ] Safepoint synchronization initiated using futex wait barrier. (391 threads)
[2026-02-05T21:25:27.102+0000][4394.908s][info ][safepoint   ] Safepoint "Cleanup", Time since last: 21293442217 ns, Reaching safepoint: 563325 ns, Cleanup: 16001 ns, At safepoint: 83703 ns, Total: 663029 ns
[2026-02-05T21:25:36.965+0000][4404.771s][debug][safepoint   ] Safepoint synchronization initiated using futex wait barrier. (393 threads)
[2026-02-05T21:25:36.966+0000][4404.771s][info ][gc,start    ] GC(204) Pause Young (Normal) (G1 Evacuation Pause)
[2026-02-05T21:25:36.966+0000][4404.771s][info ][gc,task     ] GC(204) Using 10 workers of 10 for evacuation
[2026-02-05T21:25:36.971+0000][4404.776s][info ][gc,phases   ] GC(204)   Pre Evacuate Collection Set: 0.5ms
[2026-02-05T21:25:36.971+0000][4404.776s][info ][gc,phases   ] GC(204)   Merge Heap Roots: 0.2ms
[2026-02-05T21:25:36.971+0000][4404.776s][info ][gc,phases   ] GC(204)   Evacuate Collection Set: 1.9ms
[2026-02-05T21:25:36.971+0000][4404.777s][info ][gc,phases   ] GC(204)   Post Evacuate Collection Set: 1.4ms
[2026-02-05T21:25:36.971+0000][4404.777s][info ][gc,phases   ] GC(204)   Other: 0.8ms
[2026-02-05T21:25:36.972+0000][4404.777s][info ][gc,heap     ] GC(204) Eden regions: 86->0(86)
[2026-02-05T21:25:36.972+0000][4404.777s][info ][gc,heap     ] GC(204) Survivor regions: 1->1(11)
[2026-02-05T21:25:36.972+0000][4404.777s][info ][gc,heap     ] GC(204) Old regions: 87->87
[2026-02-05T21:25:36.972+0000][4404.777s][info ][gc,heap     ] GC(204) Archive regions: 2->2
[2026-02-05T21:25:36.972+0000][4404.777s][info ][gc,heap     ] GC(204) Humongous regions: 0->0
[2026-02-05T21:25:36.972+0000][4404.778s][info ][gc,metaspace] GC(204) Metaspace: 198566K(201216K)->198566K(201216K) NonClass: 174674K(176000K)->174674K(176000K) Class: 23892K(25216K)->23892K(25216K)
[2026-02-05T21:25:36.972+0000][4404.778s][info ][gc          ] GC(204) Pause Young (Normal) (G1 Evacuation Pause) 347M->175M(394M) 6.518ms
[2026-02-05T21:25:36.973+0000][4404.778s][info ][gc,cpu      ] GC(204) User=0.01s Sys=0.01s Real=0.01s
[2026-02-05T21:25:36.973+0000][4404.778s][info ][safepoint   ] Safepoint "G1CollectForAllocation", Time since last: 9863043114 ns, Reaching safepoint: 482821 ns, Cleanup: 3901 ns, At safepoint: 7152613 ns, Total: 7639335 ns
[2026-02-05T21:25:49.974+0000][4417.780s][debug][safepoint   ] Safepoint synchronization initiated using futex wait barrier. (391 threads)
[2026-02-05T21:25:49.974+0000][4417.781s][info ][safepoint   ] Safepoint "Cleanup", Time since last: 13001814422 ns, Reaching safepoint: 476721 ns, Cleanup: 13000 ns, At safepoint: 28502 ns, Total: 518223 ns
[2026-02-05T21:25:50.975+0000][4418.781s][debug][safepoint   ] Safepoint synchronization initiated using futex wait barrier. (391 threads)
[2026-02-05T21:25:50.975+0000][4418.782s][info ][safepoint   ] Safepoint "Cleanup", Time since last: 1000489348 ns, Reaching safepoint: 621627 ns, Cleanup: 23001 ns, At safepoint: 151606 ns, Total: 796234 ns
[2026-02-05T21:26:07.715+0000][4435.522s][debug][safepoint   ] Safepoint synchronization initiated using futex wait barrier. (391 threads)
[2026-02-05T21:26:07.716+0000][4435.522s][info ][gc,start    ] GC(205) Pause Young (Normal) (G1 Evacuation Pause)
[2026-02-05T21:26:07.716+0000][4435.523s][info ][gc,task     ] GC(205) Using 10 workers of 10 for evacuation
[2026-02-05T21:26:07.721+0000][4435.528s][info ][gc,phases   ] GC(205)   Pre Evacuate Collection Set: 0.4ms
[2026-02-05T21:26:07.721+0000][4435.528s][info ][gc,phases   ] GC(205)   Merge Heap Roots: 0.3ms
[2026-02-05T21:26:07.722+0000][4435.528s][info ][gc,phases   ] GC(205)   Evacuate Collection Set: 1.9ms
[2026-02-05T21:26:07.722+0000][4435.528s][info ][gc,phases   ] GC(205)   Post Evacuate Collection Set: 1.8ms
[2026-02-05T21:26:07.722+0000][4435.529s][info ][gc,phases   ] GC(205)   Other: 1.0ms
[2026-02-05T21:26:07.722+0000][4435.529s][info ][gc,heap     ] GC(205) Eden regions: 86->0(86)
[2026-02-05T21:26:07.722+0000][4435.529s][info ][gc,heap     ] GC(205) Survivor regions: 1->1(11)
[2026-02-05T21:26:07.723+0000][4435.529s][info ][gc,heap     ] GC(205) Old regions: 87->87
[2026-02-05T21:26:07.723+0000][4435.529s][info ][gc,heap     ] GC(205) Archive regions: 2->2
[2026-02-05T21:26:07.723+0000][4435.529s][info ][gc,heap     ] GC(205) Humongous regions: 0->0
[2026-02-05T21:26:07.723+0000][4435.530s][info ][gc,metaspace] GC(205) Metaspace: 198566K(201216K)->198566K(201216K) NonClass: 174674K(176000K)->174674K(176000K) Class: 23892K(25216K)->23892K(25216K)
[2026-02-05T21:26:07.723+0000][4435.530s][info ][gc          ] GC(205) Pause Young (Normal) (G1 Evacuation Pause) 347M->175M(394M) 7.516ms
[2026-02-05T21:26:07.724+0000][4435.530s][info ][gc,cpu      ] GC(205) User=0.02s Sys=0.00s Real=0.00s
[2026-02-05T21:26:07.724+0000][4435.530s][info ][safepoint   ] Safepoint "G1CollectForAllocation", Time since last: 16739649502 ns, Reaching safepoint: 507822 ns, Cleanup: 40902 ns, At safepoint: 8400566 ns, Total: 8949290 ns
[2026-02-05T21:26:08.724+0000][4436.531s][debug][safepoint   ] Safepoint synchronization initiated using futex wait barrier. (391 threads)
[2026-02-05T21:26:08.725+0000][4436.531s][info ][safepoint   ] Safepoint "Cleanup", Time since last: 1000285979 ns, Reaching safepoint: 341512 ns, Cleanup: 11701 ns, At safepoint: 4500 ns, Total: 357713 ns
[2026-02-05T21:26:09.725+0000][4437.531s][debug][safepoint   ] Safepoint synchronization initiated using futex wait barrier. (391 threads)
[2026-02-05T21:26:09.731+0000][4437.538s][info ][safepoint   ] Safepoint "Cleanup", Time since last: 1000291898 ns, Reaching safepoint: 6393328 ns, Cleanup: 16800 ns, At safepoint: 18101 ns, Total: 6428229 ns
[2026-02-05T21:26:39.163+0000][4466.971s][debug][safepoint   ] Safepoint synchronization initiated using futex wait barrier. (391 threads)
[2026-02-05T21:26:39.163+0000][4466.972s][info ][gc,start    ] GC(206) Pause Young (Normal) (G1 Evacuation Pause)
[2026-02-05T21:26:39.164+0000][4466.972s][info ][gc,task     ] GC(206) Using 10 workers of 10 for evacuation
[2026-02-05T21:26:39.169+0000][4466.978s][info ][gc,phases   ] GC(206)   Pre Evacuate Collection Set: 0.5ms
[2026-02-05T21:26:39.170+0000][4466.978s][info ][gc,phases   ] GC(206)   Merge Heap Roots: 0.2ms
[2026-02-05T21:26:39.170+0000][4466.978s][info ][gc,phases   ] GC(206)   Evacuate Collection Set: 3.0ms
[2026-02-05T21:26:39.170+0000][4466.978s][info ][gc,phases   ] GC(206)   Post Evacuate Collection Set: 1.7ms
[2026-02-05T21:26:39.170+0000][4466.978s][info ][gc,phases   ] GC(206)   Other: 0.8ms
[2026-02-05T21:26:39.170+0000][4466.979s][info ][gc,heap     ] GC(206) Eden regions: 86->0(86)
[2026-02-05T21:26:39.170+0000][4466.979s][info ][gc,heap     ] GC(206) Survivor regions: 1->1(11)
[2026-02-05T21:26:39.171+0000][4466.979s][info ][gc,heap     ] GC(206) Old regions: 87->87
[2026-02-05T21:26:39.171+0000][4466.979s][info ][gc,heap     ] GC(206) Archive regions: 2->2
[2026-02-05T21:26:39.171+0000][4466.979s][info ][gc,heap     ] GC(206) Humongous regions: 0->0
[2026-02-05T21:26:39.171+0000][4466.979s][info ][gc,metaspace] GC(206) Metaspace: 198569K(201216K)->198569K(201216K) NonClass: 174676K(176000K)->174676K(176000K) Class: 23892K(25216K)->23892K(25216K)
[2026-02-05T21:26:39.171+0000][4466.979s][info ][gc          ] GC(206) Pause Young (Normal) (G1 Evacuation Pause) 347M->175M(394M) 7.882ms
[2026-02-05T21:26:39.171+0000][4466.980s][info ][gc,cpu      ] GC(206) User=0.01s Sys=0.01s Real=0.01s
[2026-02-05T21:26:39.172+0000][4466.980s][info ][safepoint   ] Safepoint "G1CollectForAllocation", Time since last: 29433062145 ns, Reaching safepoint: 624030 ns, Cleanup: 5101 ns, At safepoint: 8621417 ns, Total: 9250548 ns
[2026-02-05T21:26:48.173+0000][4475.982s][debug][safepoint   ] Safepoint synchronization initiated using futex wait barrier. (391 threads)
[2026-02-05T21:26:48.173+0000][4475.983s][info ][safepoint   ] Safepoint "Cleanup", Time since last: 9001989941 ns, Reaching safepoint: 540724 ns, Cleanup: 56302 ns, At safepoint: 11601 ns, Total: 608627 ns
[2026-02-05T21:26:50.174+0000][4477.983s][debug][safepoint   ] Safepoint synchronization initiated using futex wait barrier. (391 threads)
[2026-02-05T21:26:50.175+0000][4477.984s][info ][safepoint   ] Safepoint "Cleanup", Time since last: 2000523850 ns, Reaching safepoint: 662029 ns, Cleanup: 84304 ns, At safepoint: 32601 ns, Total: 778934 ns
[2026-02-05T21:27:11.206+0000][4499.016s][debug][safepoint   ] Safepoint synchronization initiated using futex wait barrier. (391 threads)
[2026-02-05T21:27:11.207+0000][4499.016s][info ][gc,start    ] GC(207) Pause Young (Normal) (G1 Evacuation Pause)
[2026-02-05T21:27:11.207+0000][4499.017s][info ][gc,task     ] GC(207) Using 10 workers of 10 for evacuation
[2026-02-05T21:27:11.212+0000][4499.022s][info ][gc,phases   ] GC(207)   Pre Evacuate Collection Set: 0.4ms
[2026-02-05T21:27:11.213+0000][4499.022s][info ][gc,phases   ] GC(207)   Merge Heap Roots: 0.2ms
[2026-02-05T21:27:11.213+0000][4499.022s][info ][gc,phases   ] GC(207)   Evacuate Collection Set: 2.4ms
[2026-02-05T21:27:11.213+0000][4499.022s][info ][gc,phases   ] GC(207)   Post Evacuate Collection Set: 1.8ms
[2026-02-05T21:27:11.213+0000][4499.022s][info ][gc,phases   ] GC(207)   Other: 0.9ms
[2026-02-05T21:27:11.213+0000][4499.023s][info ][gc,heap     ] GC(207) Eden regions: 86->0(86)
[2026-02-05T21:27:11.213+0000][4499.023s][info ][gc,heap     ] GC(207) Survivor regions: 1->1(11)
[2026-02-05T21:27:11.213+0000][4499.023s][info ][gc,heap     ] GC(207) Old regions: 87->87
[2026-02-05T21:27:11.213+0000][4499.023s][info ][gc,heap     ] GC(207) Archive regions: 2->2
[2026-02-05T21:27:11.213+0000][4499.023s][info ][gc,heap     ] GC(207) Humongous regions: 0->0
[2026-02-05T21:27:11.214+0000][4499.023s][info ][gc,metaspace] GC(207) Metaspace: 198569K(201216K)->198569K(201216K) NonClass: 174676K(176000K)->174676K(176000K) Class: 23892K(25216K)->23892K(25216K)
[2026-02-05T21:27:11.214+0000][4499.023s][info ][gc          ] GC(207) Pause Young (Normal) (G1 Evacuation Pause) 347M->175M(394M) 6.962ms
[2026-02-05T21:27:11.214+0000][4499.023s][info ][gc,cpu      ] GC(207) User=0.02s Sys=0.01s Real=0.01s
[2026-02-05T21:27:11.214+0000][4499.024s][info ][safepoint   ] Safepoint "G1CollectForAllocation", Time since last: 21031569112 ns, Reaching safepoint: 539225 ns, Cleanup: 4600 ns, At safepoint: 7458148 ns, Total: 8001973 ns
[2026-02-05T21:27:23.270+0000][4511.082s][debug][safepoint   ] Safepoint synchronization initiated using futex wait barrier. (391 threads)
[2026-02-05T21:27:23.270+0000][4511.082s][info ][safepoint   ] Safepoint "Cleanup", Time since last: 12058238061 ns, Reaching safepoint: 311113 ns, Cleanup: 14801 ns, At safepoint: 5800 ns, Total: 331714 ns
[2026-02-05T21:27:29.271+0000][4517.083s][debug][safepoint   ] Safepoint synchronization initiated using futex wait barrier. (391 threads)
[2026-02-05T21:27:29.272+0000][4517.084s][info ][safepoint   ] Safepoint "Cleanup", Time since last: 6000780803 ns, Reaching safepoint: 527923 ns, Cleanup: 36402 ns, At safepoint: 37701 ns, Total: 602026 ns
[2026-02-05T21:27:34.272+0000][4522.084s][debug][safepoint   ] Safepoint synchronization initiated using futex wait barrier. (391 threads)
[2026-02-05T21:27:34.273+0000][4522.085s][info ][safepoint   ] Safepoint "Cleanup", Time since last: 5000792683 ns, Reaching safepoint: 344715 ns, Cleanup: 10400 ns, At safepoint: 6201 ns, Total: 361316 ns
[2026-02-05T21:27:35.273+0000][4523.085s][debug][safepoint   ] Safepoint synchronization initiated using futex wait barrier. (391 threads)
[2026-02-05T21:27:35.273+0000][4523.085s][info ][safepoint   ] Safepoint "Cleanup", Time since last: 1000403787 ns, Reaching safepoint: 224710 ns, Cleanup: 11000 ns, At safepoint: 5601 ns, Total: 241311 ns
[2026-02-05T21:27:41.337+0000][4529.149s][debug][safepoint   ] Safepoint synchronization initiated using futex wait barrier. (391 threads)
[2026-02-05T21:27:41.337+0000][4529.149s][info ][gc,start    ] GC(208) Pause Young (Normal) (G1 Evacuation Pause)
[2026-02-05T21:27:41.338+0000][4529.150s][info ][gc,task     ] GC(208) Using 10 workers of 10 for evacuation
[2026-02-05T21:27:41.343+0000][4529.155s][info ][gc,phases   ] GC(208)   Pre Evacuate Collection Set: 0.4ms
[2026-02-05T21:27:41.343+0000][4529.155s][info ][gc,phases   ] GC(208)   Merge Heap Roots: 0.2ms
[2026-02-05T21:27:41.343+0000][4529.155s][info ][gc,phases   ] GC(208)   Evacuate Collection Set: 2.4ms
[2026-02-05T21:27:41.343+0000][4529.156s][info ][gc,phases   ] GC(208)   Post Evacuate Collection Set: 1.8ms
[2026-02-05T21:27:41.344+0000][4529.156s][info ][gc,phases   ] GC(208)   Other: 0.6ms
[2026-02-05T21:27:41.344+0000][4529.156s][info ][gc,heap     ] GC(208) Eden regions: 86->0(86)
[2026-02-05T21:27:41.344+0000][4529.156s][info ][gc,heap     ] GC(208) Survivor regions: 1->1(11)
[2026-02-05T21:27:41.344+0000][4529.156s][info ][gc,heap     ] GC(208) Old regions: 87->87
[2026-02-05T21:27:41.344+0000][4529.156s][info ][gc,heap     ] GC(208) Archive regions: 2->2
[2026-02-05T21:27:41.344+0000][4529.156s][info ][gc,heap     ] GC(208) Humongous regions: 0->0
[2026-02-05T21:27:41.345+0000][4529.157s][info ][gc,metaspace] GC(208) Metaspace: 198573K(201280K)->198573K(201280K) NonClass: 174681K(176064K)->174681K(176064K) Class: 23892K(25216K)->23892K(25216K)
[2026-02-05T21:27:41.345+0000][4529.157s][info ][gc          ] GC(208) Pause Young (Normal) (G1 Evacuation Pause) 347M->175M(394M) 7.287ms
[2026-02-05T21:27:41.345+0000][4529.157s][info ][gc,cpu      ] GC(208) User=0.01s Sys=0.01s Real=0.01s
[2026-02-05T21:27:41.345+0000][4529.157s][info ][safepoint   ] Safepoint "G1CollectForAllocation", Time since last: 6063617607 ns, Reaching safepoint: 347115 ns, Cleanup: 6000 ns, At safepoint: 7965150 ns, Total: 8318265 ns
[2026-02-05T21:28:13.220+0000][4561.032s][debug][safepoint   ] Safepoint synchronization initiated using futex wait barrier. (391 threads)
[2026-02-05T21:28:13.220+0000][4561.032s][info ][gc,start    ] GC(209) Pause Young (Normal) (G1 Evacuation Pause)
[2026-02-05T21:28:13.221+0000][4561.033s][info ][gc,task     ] GC(209) Using 10 workers of 10 for evacuation
[2026-02-05T21:28:13.229+0000][4561.041s][info ][gc,phases   ] GC(209)   Pre Evacuate Collection Set: 0.8ms
[2026-02-05T21:28:13.229+0000][4561.041s][info ][gc,phases   ] GC(209)   Merge Heap Roots: 0.3ms
[2026-02-05T21:28:13.229+0000][4561.041s][info ][gc,phases   ] GC(209)   Evacuate Collection Set: 3.9ms
[2026-02-05T21:28:13.229+0000][4561.041s][info ][gc,phases   ] GC(209)   Post Evacuate Collection Set: 2.2ms
[2026-02-05T21:28:13.229+0000][4561.041s][info ][gc,phases   ] GC(209)   Other: 0.9ms
[2026-02-05T21:28:13.230+0000][4561.042s][info ][gc,heap     ] GC(209) Eden regions: 86->0(86)
[2026-02-05T21:28:13.230+0000][4561.042s][info ][gc,heap     ] GC(209) Survivor regions: 1->1(11)
[2026-02-05T21:28:13.230+0000][4561.042s][info ][gc,heap     ] GC(209) Old regions: 87->87
[2026-02-05T21:28:13.230+0000][4561.042s][info ][gc,heap     ] GC(209) Archive regions: 2->2
[2026-02-05T21:28:13.230+0000][4561.042s][info ][gc,heap     ] GC(209) Humongous regions: 0->0
[2026-02-05T21:28:13.231+0000][4561.043s][info ][gc,metaspace] GC(209) Metaspace: 198574K(201280K)->198574K(201280K) NonClass: 174681K(176064K)->174681K(176064K) Class: 23892K(25216K)->23892K(25216K)
[2026-02-05T21:28:13.231+0000][4561.043s][info ][gc          ] GC(209) Pause Young (Normal) (G1 Evacuation Pause) 347M->175M(394M) 10.357ms
[2026-02-05T21:28:13.231+0000][4561.043s][info ][gc,cpu      ] GC(209) User=0.03s Sys=0.00s Real=0.01s
[2026-02-05T21:28:13.231+0000][4561.044s][info ][safepoint   ] Safepoint "G1CollectForAllocation", Time since last: 31874495715 ns, Reaching safepoint: 532324 ns, Cleanup: 26701 ns, At safepoint: 11198192 ns, Total: 11757217 ns
[2026-02-05T21:28:45.150+0000][4592.964s][debug][safepoint   ] Safepoint synchronization initiated using futex wait barrier. (391 threads)
[2026-02-05T21:28:45.151+0000][4592.965s][info ][gc,start    ] GC(210) Pause Young (Normal) (G1 Evacuation Pause)
[2026-02-05T21:28:45.151+0000][4592.966s][info ][gc,task     ] GC(210) Using 10 workers of 10 for evacuation
[2026-02-05T21:28:45.159+0000][4592.973s][info ][gc,phases   ] GC(210)   Pre Evacuate Collection Set: 0.6ms
[2026-02-05T21:28:45.160+0000][4592.974s][info ][gc,phases   ] GC(210)   Merge Heap Roots: 0.2ms
[2026-02-05T21:28:45.160+0000][4592.975s][info ][gc,phases   ] GC(210)   Evacuate Collection Set: 4.2ms
[2026-02-05T21:28:45.161+0000][4592.975s][info ][gc,phases   ] GC(210)   Post Evacuate Collection Set: 2.3ms
[2026-02-05T21:28:45.161+0000][4592.975s][info ][gc,phases   ] GC(210)   Other: 1.1ms
[2026-02-05T21:28:45.161+0000][4592.975s][info ][gc,heap     ] GC(210) Eden regions: 86->0(86)
[2026-02-05T21:28:45.161+0000][4592.975s][info ][gc,heap     ] GC(210) Survivor regions: 1->1(11)
[2026-02-05T21:28:45.161+0000][4592.976s][info ][gc,heap     ] GC(210) Old regions: 87->87
[2026-02-05T21:28:45.162+0000][4592.976s][info ][gc,heap     ] GC(210) Archive regions: 2->2
[2026-02-05T21:28:45.162+0000][4592.976s][info ][gc,heap     ] GC(210) Humongous regions: 0->0
[2026-02-05T21:28:45.163+0000][4592.977s][info ][gc,metaspace] GC(210) Metaspace: 198574K(201280K)->198574K(201280K) NonClass: 174682K(176064K)->174682K(176064K) Class: 23892K(25216K)->23892K(25216K)
[2026-02-05T21:28:45.163+0000][4592.977s][info ][gc          ] GC(210) Pause Young (Normal) (G1 Evacuation Pause) 347M->175M(394M) 12.052ms
[2026-02-05T21:28:45.163+0000][4592.978s][info ][gc,cpu      ] GC(210) User=0.04s Sys=0.00s Real=0.01s
[2026-02-05T21:28:45.164+0000][4592.978s][info ][safepoint   ] Safepoint "G1CollectForAllocation", Time since last: 31920818957 ns, Reaching safepoint: 732635 ns, Cleanup: 6400 ns, At safepoint: 13041223 ns, Total: 13780258 ns
[2026-02-05T21:28:48.164+0000][4595.979s][debug][safepoint   ] Safepoint synchronization initiated using futex wait barrier. (391 threads)
[2026-02-05T21:28:48.175+0000][4595.990s][info ][safepoint   ] Safepoint "Cleanup", Time since last: 3001122834 ns, Reaching safepoint: 10478171 ns, Cleanup: 49202 ns, At safepoint: 46202 ns, Total: 10573575 ns
[2026-02-05T21:28:56.176+0000][4603.991s][debug][safepoint   ] Safepoint synchronization initiated using futex wait barrier. (391 threads)
[2026-02-05T21:28:56.176+0000][4603.991s][info ][safepoint   ] Safepoint "Cleanup", Time since last: 8001145807 ns, Reaching safepoint: 346417 ns, Cleanup: 10700 ns, At safepoint: 23401 ns, Total: 380518 ns
[2026-02-05T21:29:15.338+0000][4623.153s][debug][safepoint   ] Safepoint synchronization initiated using futex wait barrier. (391 threads)
[2026-02-05T21:29:15.338+0000][4623.153s][info ][gc,start    ] GC(211) Pause Young (Normal) (G1 Evacuation Pause)
[2026-02-05T21:29:15.339+0000][4623.154s][info ][gc,task     ] GC(211) Using 10 workers of 10 for evacuation
[2026-02-05T21:29:15.344+0000][4623.159s][info ][gc,phases   ] GC(211)   Pre Evacuate Collection Set: 0.5ms
[2026-02-05T21:29:15.345+0000][4623.160s][info ][gc,phases   ] GC(211)   Merge Heap Roots: 0.3ms
[2026-02-05T21:29:15.345+0000][4623.160s][info ][gc,phases   ] GC(211)   Evacuate Collection Set: 1.8ms
[2026-02-05T21:29:15.345+0000][4623.160s][info ][gc,phases   ] GC(211)   Post Evacuate Collection Set: 1.7ms
[2026-02-05T21:29:15.345+0000][4623.160s][info ][gc,phases   ] GC(211)   Other: 1.5ms
[2026-02-05T21:29:15.345+0000][4623.160s][info ][gc,heap     ] GC(211) Eden regions: 86->0(86)
[2026-02-05T21:29:15.346+0000][4623.161s][info ][gc,heap     ] GC(211) Survivor regions: 1->1(11)
[2026-02-05T21:29:15.346+0000][4623.161s][info ][gc,heap     ] GC(211) Old regions: 87->87
[2026-02-05T21:29:15.346+0000][4623.161s][info ][gc,heap     ] GC(211) Archive regions: 2->2
[2026-02-05T21:29:15.346+0000][4623.161s][info ][gc,heap     ] GC(211) Humongous regions: 0->0
[2026-02-05T21:29:15.346+0000][4623.161s][info ][gc,metaspace] GC(211) Metaspace: 198577K(201280K)->198577K(201280K) NonClass: 174684K(176064K)->174684K(176064K) Class: 23892K(25216K)->23892K(25216K)
[2026-02-05T21:29:15.347+0000][4623.162s][info ][gc          ] GC(211) Pause Young (Normal) (G1 Evacuation Pause) 347M->175M(394M) 8.604ms
[2026-02-05T21:29:15.347+0000][4623.162s][info ][gc,cpu      ] GC(211) User=0.02s Sys=0.00s Real=0.01s
[2026-02-05T21:29:15.347+0000][4623.162s][info ][safepoint   ] Safepoint "G1CollectForAllocation", Time since last: 19161115552 ns, Reaching safepoint: 360713 ns, Cleanup: 7201 ns, At safepoint: 9508863 ns, Total: 9876777 ns
[2026-02-05T21:29:47.868+0000][4655.686s][debug][safepoint   ] Safepoint synchronization initiated using futex wait barrier. (391 threads)
[2026-02-05T21:29:47.869+0000][4655.687s][info ][gc,start    ] GC(212) Pause Young (Normal) (G1 Evacuation Pause)
[2026-02-05T21:29:47.869+0000][4655.687s][info ][gc,task     ] GC(212) Using 10 workers of 10 for evacuation
[2026-02-05T21:29:47.873+0000][4655.691s][info ][gc,phases   ] GC(212)   Pre Evacuate Collection Set: 0.5ms
[2026-02-05T21:29:47.874+0000][4655.691s][info ][gc,phases   ] GC(212)   Merge Heap Roots: 0.2ms
[2026-02-05T21:29:47.874+0000][4655.692s][info ][gc,phases   ] GC(212)   Evacuate Collection Set: 1.4ms
[2026-02-05T21:29:47.874+0000][4655.692s][info ][gc,phases   ] GC(212)   Post Evacuate Collection Set: 1.6ms
[2026-02-05T21:29:47.874+0000][4655.692s][info ][gc,phases   ] GC(212)   Other: 0.7ms
[2026-02-05T21:29:47.875+0000][4655.692s][info ][gc,heap     ] GC(212) Eden regions: 86->0(86)
[2026-02-05T21:29:47.875+0000][4655.692s][info ][gc,heap     ] GC(212) Survivor regions: 1->1(11)
[2026-02-05T21:29:47.875+0000][4655.692s][info ][gc,heap     ] GC(212) Old regions: 87->87
[2026-02-05T21:29:47.875+0000][4655.693s][info ][gc,heap     ] GC(212) Archive regions: 2->2
[2026-02-05T21:29:47.875+0000][4655.693s][info ][gc,heap     ] GC(212) Humongous regions: 0->0
[2026-02-05T21:29:47.875+0000][4655.693s][info ][gc,metaspace] GC(212) Metaspace: 198577K(201280K)->198577K(201280K) NonClass: 174685K(176064K)->174685K(176064K) Class: 23892K(25216K)->23892K(25216K)
[2026-02-05T21:29:47.875+0000][4655.693s][info ][gc          ] GC(212) Pause Young (Normal) (G1 Evacuation Pause) 347M->175M(394M) 6.507ms
[2026-02-05T21:29:47.876+0000][4655.693s][info ][gc,cpu      ] GC(212) User=0.01s Sys=0.02s Real=0.01s
[2026-02-05T21:29:47.877+0000][4655.694s][info ][safepoint   ] Safepoint "G1CollectForAllocation", Time since last: 32523688103 ns, Reaching safepoint: 440819 ns, Cleanup: 28301 ns, At safepoint: 7703124 ns, Total: 8172244 ns
[2026-02-05T21:29:52.877+0000][4660.695s][debug][safepoint   ] Safepoint synchronization initiated using futex wait barrier. (391 threads)
[2026-02-05T21:29:52.878+0000][4660.695s][info ][safepoint   ] Safepoint "Cleanup", Time since last: 5000855753 ns, Reaching safepoint: 280212 ns, Cleanup: 13801 ns, At safepoint: 4300 ns, Total: 298313 ns
[2026-02-05T21:29:53.878+0000][4661.696s][debug][safepoint   ] Safepoint synchronization initiated using futex wait barrier. (391 threads)
[2026-02-05T21:29:53.878+0000][4661.696s][info ][safepoint   ] Safepoint "Cleanup", Time since last: 1000277912 ns, Reaching safepoint: 361615 ns, Cleanup: 15401 ns, At safepoint: 15101 ns, Total: 392117 ns
[2026-02-05T21:30:00.880+0000][4668.697s][debug][safepoint   ] Safepoint synchronization initiated using futex wait barrier. (391 threads)
[2026-02-05T21:30:00.880+0000][4668.698s][info ][safepoint   ] Safepoint "Cleanup", Time since last: 7001203246 ns, Reaching safepoint: 341314 ns, Cleanup: 12201 ns, At safepoint: 3900 ns, Total: 357415 ns
[2026-02-05T21:30:03.881+0000][4671.698s][debug][safepoint   ] Safepoint synchronization initiated using futex wait barrier. (391 threads)
[2026-02-05T21:30:03.881+0000][4671.699s][info ][safepoint   ] Safepoint "Cleanup", Time since last: 3000727448 ns, Reaching safepoint: 458320 ns, Cleanup: 12501 ns, At safepoint: 103704 ns, Total: 574525 ns
[2026-02-05T21:30:10.883+0000][4678.700s][debug][safepoint   ] Safepoint synchronization initiated using futex wait barrier. (391 threads)
[2026-02-05T21:30:10.883+0000][4678.701s][info ][safepoint   ] Safepoint "Cleanup", Time since last: 7001318075 ns, Reaching safepoint: 253811 ns, Cleanup: 9600 ns, At safepoint: 3601 ns, Total: 267012 ns
[2026-02-05T21:30:18.821+0000][4686.640s][debug][safepoint   ] Safepoint synchronization initiated using futex wait barrier. (391 threads)
[2026-02-05T21:30:18.822+0000][4686.641s][info ][gc,start    ] GC(213) Pause Young (Normal) (G1 Evacuation Pause)
[2026-02-05T21:30:18.822+0000][4686.641s][info ][gc,task     ] GC(213) Using 10 workers of 10 for evacuation
[2026-02-05T21:30:18.826+0000][4686.645s][info ][gc,phases   ] GC(213)   Pre Evacuate Collection Set: 0.3ms
[2026-02-05T21:30:18.827+0000][4686.646s][info ][gc,phases   ] GC(213)   Merge Heap Roots: 0.2ms
[2026-02-05T21:30:18.827+0000][4686.646s][info ][gc,phases   ] GC(213)   Evacuate Collection Set: 1.4ms
[2026-02-05T21:30:18.827+0000][4686.646s][info ][gc,phases   ] GC(213)   Post Evacuate Collection Set: 1.7ms
[2026-02-05T21:30:18.827+0000][4686.646s][info ][gc,phases   ] GC(213)   Other: 0.8ms
[2026-02-05T21:30:18.828+0000][4686.647s][info ][gc,heap     ] GC(213) Eden regions: 86->0(86)
[2026-02-05T21:30:18.828+0000][4686.647s][info ][gc,heap     ] GC(213) Survivor regions: 1->1(11)
[2026-02-05T21:30:18.828+0000][4686.647s][info ][gc,heap     ] GC(213) Old regions: 87->87
[2026-02-05T21:30:18.828+0000][4686.647s][info ][gc,heap     ] GC(213) Archive regions: 2->2
[2026-02-05T21:30:18.828+0000][4686.647s][info ][gc,heap     ] GC(213) Humongous regions: 0->0
[2026-02-05T21:30:18.828+0000][4686.647s][info ][gc,metaspace] GC(213) Metaspace: 198585K(201280K)->198585K(201280K) NonClass: 174693K(176064K)->174693K(176064K) Class: 23892K(25216K)->23892K(25216K)
[2026-02-05T21:30:18.828+0000][4686.648s][info ][gc          ] GC(213) Pause Young (Normal) (G1 Evacuation Pause) 347M->175M(394M) 6.376ms
[2026-02-05T21:30:18.829+0000][4686.648s][info ][gc,cpu      ] GC(213) User=0.01s Sys=0.01s Real=0.00s
[2026-02-05T21:30:18.829+0000][4686.648s][info ][safepoint   ] Safepoint "G1CollectForAllocation", Time since last: 7939582076 ns, Reaching safepoint: 927140 ns, Cleanup: 24701 ns, At safepoint: 6968599 ns, Total: 7920440 ns
[2026-02-05T21:30:23.547+0000][4691.366s][debug][safepoint   ] Safepoint synchronization initiated using futex wait barrier. (391 threads)
[2026-02-05T21:30:23.547+0000][4691.366s][info ][safepoint   ] Safepoint "Cleanup", Time since last: 4717659464 ns, Reaching safepoint: 261712 ns, Cleanup: 34501 ns, At safepoint: 11401 ns, Total: 307614 ns
[2026-02-05T21:30:33.548+0000][4701.367s][debug][safepoint   ] Safepoint synchronization initiated using futex wait barrier. (391 threads)
[2026-02-05T21:30:33.549+0000][4701.368s][info ][safepoint   ] Safepoint "Cleanup", Time since last: 10001249645 ns, Reaching safepoint: 367116 ns, Cleanup: 40302 ns, At safepoint: 8901 ns, Total: 416319 ns
[2026-02-05T21:30:35.549+0000][4703.368s][debug][safepoint   ] Safepoint synchronization initiated using futex wait barrier. (391 threads)
[2026-02-05T21:30:35.549+0000][4703.368s][info ][safepoint   ] Safepoint "Cleanup", Time since last: 2000418754 ns, Reaching safepoint: 296113 ns, Cleanup: 14001 ns, At safepoint: 4900 ns, Total: 315014 ns
[2026-02-05T21:30:45.551+0000][4713.370s][debug][safepoint   ] Safepoint synchronization initiated using futex wait barrier. (391 threads)
[2026-02-05T21:30:45.551+0000][4713.370s][info ][safepoint   ] Safepoint "Cleanup", Time since last: 10001329208 ns, Reaching safepoint: 683830 ns, Cleanup: 10800 ns, At safepoint: 7601 ns, Total: 702231 ns
[2026-02-05T21:30:49.878+0000][4717.698s][debug][safepoint   ] Safepoint synchronization initiated using futex wait barrier. (391 threads)
[2026-02-05T21:30:49.878+0000][4717.699s][info ][gc,start    ] GC(214) Pause Young (Normal) (G1 Evacuation Pause)
[2026-02-05T21:30:49.879+0000][4717.699s][info ][gc,task     ] GC(214) Using 10 workers of 10 for evacuation
[2026-02-05T21:30:49.885+0000][4717.705s][info ][gc,phases   ] GC(214)   Pre Evacuate Collection Set: 0.6ms
[2026-02-05T21:30:49.885+0000][4717.705s][info ][gc,phases   ] GC(214)   Merge Heap Roots: 0.2ms
[2026-02-05T21:30:49.885+0000][4717.705s][info ][gc,phases   ] GC(214)   Evacuate Collection Set: 2.5ms
[2026-02-05T21:30:49.885+0000][4717.706s][info ][gc,phases   ] GC(214)   Post Evacuate Collection Set: 2.1ms
[2026-02-05T21:30:49.885+0000][4717.706s][info ][gc,phases   ] GC(214)   Other: 0.8ms
[2026-02-05T21:30:49.886+0000][4717.706s][info ][gc,heap     ] GC(214) Eden regions: 86->0(86)
[2026-02-05T21:30:49.886+0000][4717.706s][info ][gc,heap     ] GC(214) Survivor regions: 1->1(11)
[2026-02-05T21:30:49.886+0000][4717.707s][info ][gc,heap     ] GC(214) Old regions: 87->87
[2026-02-05T21:30:49.886+0000][4717.707s][info ][gc,heap     ] GC(214) Archive regions: 2->2
[2026-02-05T21:30:49.886+0000][4717.707s][info ][gc,heap     ] GC(214) Humongous regions: 0->0
[2026-02-05T21:30:49.887+0000][4717.707s][info ][gc,metaspace] GC(214) Metaspace: 198598K(201280K)->198598K(201280K) NonClass: 174706K(176064K)->174706K(176064K) Class: 23892K(25216K)->23892K(25216K)
[2026-02-05T21:30:49.887+0000][4717.707s][info ][gc          ] GC(214) Pause Young (Normal) (G1 Evacuation Pause) 347M->175M(394M) 8.390ms
[2026-02-05T21:30:49.888+0000][4717.708s][info ][gc,cpu      ] GC(214) User=0.03s Sys=0.00s Real=0.01s
[2026-02-05T21:30:49.888+0000][4717.709s][info ][safepoint   ] Safepoint "G1CollectForAllocation", Time since last: 4327941928 ns, Reaching safepoint: 414116 ns, Cleanup: 5600 ns, At safepoint: 9826995 ns, Total: 10246711 ns
[2026-02-05T21:30:51.889+0000][4719.709s][debug][safepoint   ] Safepoint synchronization initiated using futex wait barrier. (391 threads)
[2026-02-05T21:30:51.889+0000][4719.709s][info ][safepoint   ] Safepoint "Cleanup", Time since last: 2000373848 ns, Reaching safepoint: 355614 ns, Cleanup: 42002 ns, At safepoint: 9300 ns, Total: 406916 ns
[2026-02-05T21:31:03.891+0000][4731.711s][debug][safepoint   ] Safepoint synchronization initiated using futex wait barrier. (391 threads)
[2026-02-05T21:31:03.891+0000][4731.712s][info ][safepoint   ] Safepoint "Cleanup", Time since last: 12001636054 ns, Reaching safepoint: 817536 ns, Cleanup: 19101 ns, At safepoint: 22701 ns, Total: 859338 ns
[2026-02-05T21:31:11.893+0000][4739.713s][debug][safepoint   ] Safepoint synchronization initiated using futex wait barrier. (391 threads)
[2026-02-05T21:31:11.893+0000][4739.713s][info ][safepoint   ] Safepoint "Cleanup", Time since last: 8001253693 ns, Reaching safepoint: 275012 ns, Cleanup: 11900 ns, At safepoint: 4501 ns, Total: 291413 ns
[2026-02-05T21:31:22.171+0000][4749.993s][debug][safepoint   ] Safepoint synchronization initiated using futex wait barrier. (391 threads)
[2026-02-05T21:31:22.172+0000][4749.994s][info ][gc,start    ] GC(215) Pause Young (Normal) (G1 Evacuation Pause)
[2026-02-05T21:31:22.173+0000][4749.994s][info ][gc,task     ] GC(215) Using 10 workers of 10 for evacuation
[2026-02-05T21:31:22.176+0000][4749.998s][info ][gc,phases   ] GC(215)   Pre Evacuate Collection Set: 0.3ms
[2026-02-05T21:31:22.176+0000][4749.998s][info ][gc,phases   ] GC(215)   Merge Heap Roots: 0.2ms
[2026-02-05T21:31:22.176+0000][4749.998s][info ][gc,phases   ] GC(215)   Evacuate Collection Set: 1.0ms
[2026-02-05T21:31:22.177+0000][4749.998s][info ][gc,phases   ] GC(215)   Post Evacuate Collection Set: 1.2ms
[2026-02-05T21:31:22.177+0000][4749.999s][info ][gc,phases   ] GC(215)   Other: 0.7ms
[2026-02-05T21:31:22.177+0000][4749.999s][info ][gc,heap     ] GC(215) Eden regions: 86->0(86)
[2026-02-05T21:31:22.177+0000][4749.999s][info ][gc,heap     ] GC(215) Survivor regions: 1->1(11)
[2026-02-05T21:31:22.177+0000][4749.999s][info ][gc,heap     ] GC(215) Old regions: 87->87
[2026-02-05T21:31:22.178+0000][4750.000s][info ][gc,heap     ] GC(215) Archive regions: 2->2
[2026-02-05T21:31:22.178+0000][4750.000s][info ][gc,heap     ] GC(215) Humongous regions: 0->0
[2026-02-05T21:31:22.178+0000][4750.000s][info ][gc,metaspace] GC(215) Metaspace: 198601K(201344K)->198601K(201344K) NonClass: 174709K(176128K)->174709K(176128K) Class: 23892K(25216K)->23892K(25216K)
[2026-02-05T21:31:22.179+0000][4750.000s][info ][gc          ] GC(215) Pause Young (Normal) (G1 Evacuation Pause) 347M->175M(394M) 6.214ms
[2026-02-05T21:31:22.179+0000][4750.001s][info ][gc,cpu      ] GC(215) User=0.01s Sys=0.00s Real=0.01s
[2026-02-05T21:31:22.179+0000][4750.001s][info ][safepoint   ] Safepoint "G1CollectForAllocation", Time since last: 10279467589 ns, Reaching safepoint: 1139547 ns, Cleanup: 5900 ns, At safepoint: 6991088 ns, Total: 8136535 ns
[2026-02-05T21:31:24.180+0000][4752.001s][debug][safepoint   ] Safepoint synchronization initiated using futex wait barrier. (391 threads)
[2026-02-05T21:31:24.182+0000][4752.004s][info ][safepoint   ] Safepoint "Cleanup", Time since last: 2000385990 ns, Reaching safepoint: 2295594 ns, Cleanup: 19001 ns, At safepoint: 9400 ns, Total: 2323995 ns
[2026-02-05T21:31:52.564+0000][4780.387s][debug][safepoint   ] Safepoint synchronization initiated using futex wait barrier. (391 threads)
[2026-02-05T21:31:52.564+0000][4780.387s][info ][gc,start    ] GC(216) Pause Young (Normal) (G1 Evacuation Pause)
[2026-02-05T21:31:52.565+0000][4780.388s][info ][gc,task     ] GC(216) Using 10 workers of 10 for evacuation
[2026-02-05T21:31:52.569+0000][4780.392s][info ][gc,phases   ] GC(216)   Pre Evacuate Collection Set: 0.5ms
[2026-02-05T21:31:52.569+0000][4780.392s][info ][gc,phases   ] GC(216)   Merge Heap Roots: 0.3ms
[2026-02-05T21:31:52.569+0000][4780.392s][info ][gc,phases   ] GC(216)   Evacuate Collection Set: 1.0ms
[2026-02-05T21:31:52.569+0000][4780.393s][info ][gc,phases   ] GC(216)   Post Evacuate Collection Set: 1.8ms
[2026-02-05T21:31:52.570+0000][4780.393s][info ][gc,phases   ] GC(216)   Other: 0.8ms
[2026-02-05T21:31:52.570+0000][4780.393s][info ][gc,heap     ] GC(216) Eden regions: 86->0(86)
[2026-02-05T21:31:52.570+0000][4780.393s][info ][gc,heap     ] GC(216) Survivor regions: 1->1(11)
[2026-02-05T21:31:52.570+0000][4780.393s][info ][gc,heap     ] GC(216) Old regions: 87->87
[2026-02-05T21:31:52.570+0000][4780.394s][info ][gc,heap     ] GC(216) Archive regions: 2->2
[2026-02-05T21:31:52.571+0000][4780.394s][info ][gc,heap     ] GC(216) Humongous regions: 0->0
[2026-02-05T21:31:52.571+0000][4780.394s][info ][gc,metaspace] GC(216) Metaspace: 198604K(201344K)->198604K(201344K) NonClass: 174711K(176128K)->174711K(176128K) Class: 23892K(25216K)->23892K(25216K)
[2026-02-05T21:31:52.571+0000][4780.394s][info ][gc          ] GC(216) Pause Young (Normal) (G1 Evacuation Pause) 347M->175M(394M) 6.753ms
[2026-02-05T21:31:52.571+0000][4780.394s][info ][gc,cpu      ] GC(216) User=0.01s Sys=0.01s Real=0.01s
[2026-02-05T21:31:52.572+0000][4780.395s][info ][safepoint   ] Safepoint "G1CollectForAllocation", Time since last: 28383287012 ns, Reaching safepoint: 323313 ns, Cleanup: 11801 ns, At safepoint: 7661826 ns, Total: 7996940 ns
[2026-02-05T21:32:13.575+0000][4801.398s][debug][safepoint   ] Safepoint synchronization initiated using futex wait barrier. (391 threads)
[2026-02-05T21:32:13.575+0000][4801.398s][info ][safepoint   ] Safepoint "Cleanup", Time since last: 21003080407 ns, Reaching safepoint: 237110 ns, Cleanup: 38402 ns, At safepoint: 7900 ns, Total: 283412 ns
[2026-02-05T21:32:24.249+0000][4812.073s][debug][safepoint   ] Safepoint synchronization initiated using futex wait barrier. (391 threads)
[2026-02-05T21:32:24.249+0000][4812.074s][info ][gc,start    ] GC(217) Pause Young (Normal) (G1 Evacuation Pause)
[2026-02-05T21:32:24.249+0000][4812.074s][info ][gc,task     ] GC(217) Using 10 workers of 10 for evacuation
[2026-02-05T21:32:24.253+0000][4812.077s][info ][gc,phases   ] GC(217)   Pre Evacuate Collection Set: 0.3ms
[2026-02-05T21:32:24.253+0000][4812.077s][info ][gc,phases   ] GC(217)   Merge Heap Roots: 0.2ms
[2026-02-05T21:32:24.253+0000][4812.078s][info ][gc,phases   ] GC(217)   Evacuate Collection Set: 1.2ms
[2026-02-05T21:32:24.253+0000][4812.078s][info ][gc,phases   ] GC(217)   Post Evacuate Collection Set: 1.3ms
[2026-02-05T21:32:24.254+0000][4812.078s][info ][gc,phases   ] GC(217)   Other: 0.5ms
[2026-02-05T21:32:24.254+0000][4812.078s][info ][gc,heap     ] GC(217) Eden regions: 86->0(86)
[2026-02-05T21:32:24.254+0000][4812.079s][info ][gc,heap     ] GC(217) Survivor regions: 1->1(11)
[2026-02-05T21:32:24.255+0000][4812.079s][info ][gc,heap     ] GC(217) Old regions: 87->87
[2026-02-05T21:32:24.255+0000][4812.079s][info ][gc,heap     ] GC(217) Archive regions: 2->2
[2026-02-05T21:32:24.255+0000][4812.079s][info ][gc,heap     ] GC(217) Humongous regions: 0->0
[2026-02-05T21:32:24.255+0000][4812.079s][info ][gc,metaspace] GC(217) Metaspace: 198625K(201344K)->198625K(201344K) NonClass: 174733K(176128K)->174733K(176128K) Class: 23892K(25216K)->23892K(25216K)
[2026-02-05T21:32:24.255+0000][4812.080s][info ][gc          ] GC(217) Pause Young (Normal) (G1 Evacuation Pause) 347M->175M(394M) 5.891ms
[2026-02-05T21:32:24.255+0000][4812.080s][info ][gc,cpu      ] GC(217) User=0.01s Sys=0.00s Real=0.01s
[2026-02-05T21:32:24.256+0000][4812.080s][info ][safepoint   ] Safepoint "G1CollectForAllocation", Time since last: 10674894955 ns, Reaching safepoint: 302113 ns, Cleanup: 4300 ns, At safepoint: 6463976 ns, Total: 6770389 ns
[2026-02-05T21:32:56.285+0000][4844.111s][debug][safepoint   ] Safepoint synchronization initiated using futex wait barrier. (391 threads)
[2026-02-05T21:32:56.287+0000][4844.114s][info ][gc,start    ] GC(218) Pause Young (Normal) (G1 Evacuation Pause)
[2026-02-05T21:32:56.288+0000][4844.114s][info ][gc,task     ] GC(218) Using 10 workers of 10 for evacuation
[2026-02-05T21:32:56.301+0000][4844.127s][info ][gc,phases   ] GC(218)   Pre Evacuate Collection Set: 3.5ms
[2026-02-05T21:32:56.301+0000][4844.127s][info ][gc,phases   ] GC(218)   Merge Heap Roots: 0.3ms
[2026-02-05T21:32:56.301+0000][4844.127s][info ][gc,phases   ] GC(218)   Evacuate Collection Set: 4.5ms
[2026-02-05T21:32:56.302+0000][4844.128s][info ][gc,phases   ] GC(218)   Post Evacuate Collection Set: 4.4ms
[2026-02-05T21:32:56.302+0000][4844.128s][info ][gc,phases   ] GC(218)   Other: 0.8ms
[2026-02-05T21:32:56.302+0000][4844.128s][info ][gc,heap     ] GC(218) Eden regions: 86->0(86)
[2026-02-05T21:32:56.302+0000][4844.128s][info ][gc,heap     ] GC(218) Survivor regions: 1->1(11)
[2026-02-05T21:32:56.302+0000][4844.128s][info ][gc,heap     ] GC(218) Old regions: 87->87
[2026-02-05T21:32:56.302+0000][4844.129s][info ][gc,heap     ] GC(218) Archive regions: 2->2
[2026-02-05T21:32:56.303+0000][4844.129s][info ][gc,heap     ] GC(218) Humongous regions: 0->0
[2026-02-05T21:32:56.303+0000][4844.129s][info ][gc,metaspace] GC(218) Metaspace: 198625K(201344K)->198625K(201344K) NonClass: 174733K(176128K)->174733K(176128K) Class: 23892K(25216K)->23892K(25216K)
[2026-02-05T21:32:56.303+0000][4844.129s][info ][gc          ] GC(218) Pause Young (Normal) (G1 Evacuation Pause) 347M->175M(394M) 15.810ms
[2026-02-05T21:32:56.304+0000][4844.130s][info ][gc,cpu      ] GC(218) User=0.07s Sys=0.00s Real=0.01s
[2026-02-05T21:32:56.304+0000][4844.130s][info ][safepoint   ] Safepoint "G1CollectForAllocation", Time since last: 32030818957 ns, Reaching safepoint: 2515594 ns, Cleanup: 36902 ns, At safepoint: 16955931 ns, Total: 19508427 ns
[2026-02-05T21:33:05.308+0000][4853.134s][debug][safepoint   ] Safepoint synchronization initiated using futex wait barrier. (391 threads)
[2026-02-05T21:33:05.309+0000][4853.135s][info ][safepoint   ] Safepoint "Cleanup", Time since last: 9003499655 ns, Reaching safepoint: 896343 ns, Cleanup: 12000 ns, At safepoint: 61903 ns, Total: 970246 ns
[2026-02-05T21:33:10.310+0000][4858.136s][debug][safepoint   ] Safepoint synchronization initiated using futex wait barrier. (391 threads)
[2026-02-05T21:33:10.310+0000][4858.136s][info ][safepoint   ] Safepoint "Cleanup", Time since last: 5000756577 ns, Reaching safepoint: 514725 ns, Cleanup: 25401 ns, At safepoint: 33002 ns, Total: 573128 ns
[2026-02-05T21:33:14.311+0000][4862.137s][debug][safepoint   ] Safepoint synchronization initiated using futex wait barrier. (391 threads)
[2026-02-05T21:33:14.311+0000][4862.137s][info ][safepoint   ] Safepoint "Cleanup", Time since last: 4000743427 ns, Reaching safepoint: 220609 ns, Cleanup: 16001 ns, At safepoint: 4600 ns, Total: 241210 ns
[2026-02-05T21:33:26.503+0000][4874.331s][debug][safepoint   ] Safepoint synchronization initiated using futex wait barrier. (391 threads)
[2026-02-05T21:33:26.504+0000][4874.331s][info ][gc,start    ] GC(219) Pause Young (Normal) (G1 Evacuation Pause)
[2026-02-05T21:33:26.505+0000][4874.332s][info ][gc,task     ] GC(219) Using 10 workers of 10 for evacuation
[2026-02-05T21:33:26.509+0000][4874.336s][info ][gc,phases   ] GC(219)   Pre Evacuate Collection Set: 0.4ms
[2026-02-05T21:33:26.509+0000][4874.336s][info ][gc,phases   ] GC(219)   Merge Heap Roots: 0.2ms
[2026-02-05T21:33:26.509+0000][4874.336s][info ][gc,phases   ] GC(219)   Evacuate Collection Set: 1.7ms
[2026-02-05T21:33:26.509+0000][4874.336s][info ][gc,phases   ] GC(219)   Post Evacuate Collection Set: 1.4ms
[2026-02-05T21:33:26.509+0000][4874.336s][info ][gc,phases   ] GC(219)   Other: 0.8ms
[2026-02-05T21:33:26.509+0000][4874.337s][info ][gc,heap     ] GC(219) Eden regions: 86->0(86)
[2026-02-05T21:33:26.510+0000][4874.337s][info ][gc,heap     ] GC(219) Survivor regions: 1->1(11)
[2026-02-05T21:33:26.510+0000][4874.337s][info ][gc,heap     ] GC(219) Old regions: 87->87
[2026-02-05T21:33:26.510+0000][4874.337s][info ][gc,heap     ] GC(219) Archive regions: 2->2
[2026-02-05T21:33:26.510+0000][4874.337s][info ][gc,heap     ] GC(219) Humongous regions: 0->0
[2026-02-05T21:33:26.510+0000][4874.337s][info ][gc,metaspace] GC(219) Metaspace: 198627K(201344K)->198627K(201344K) NonClass: 174735K(176128K)->174735K(176128K) Class: 23892K(25216K)->23892K(25216K)
[2026-02-05T21:33:26.510+0000][4874.337s][info ][gc          ] GC(219) Pause Young (Normal) (G1 Evacuation Pause) 347M->175M(394M) 5.906ms
[2026-02-05T21:33:26.510+0000][4874.337s][info ][gc,cpu      ] GC(219) User=0.01s Sys=0.00s Real=0.01s
[2026-02-05T21:33:26.511+0000][4874.338s][info ][safepoint   ] Safepoint "G1CollectForAllocation", Time since last: 12193282715 ns, Reaching safepoint: 811336 ns, Cleanup: 5300 ns, At safepoint: 6695191 ns, Total: 7511827 ns
[2026-02-05T21:33:57.513+0000][4905.342s][debug][safepoint   ] Safepoint synchronization initiated using futex wait barrier. (391 threads)
[2026-02-05T21:33:57.514+0000][4905.343s][info ][safepoint   ] Safepoint "Cleanup", Time since last: 31004501352 ns, Reaching safepoint: 668429 ns, Cleanup: 88503 ns, At safepoint: 24302 ns, Total: 781234 ns
[2026-02-05T21:33:58.514+0000][4906.344s][debug][safepoint   ] Safepoint synchronization initiated using futex wait barrier. (391 threads)
[2026-02-05T21:33:58.515+0000][4906.344s][info ][safepoint   ] Safepoint "Cleanup", Time since last: 1000360235 ns, Reaching safepoint: 361615 ns, Cleanup: 11701 ns, At safepoint: 37402 ns, Total: 410718 ns
[2026-02-05T21:33:58.808+0000][4906.637s][debug][safepoint   ] Safepoint synchronization initiated using futex wait barrier. (391 threads)
[2026-02-05T21:33:58.808+0000][4906.638s][info ][gc,start    ] GC(220) Pause Young (Normal) (G1 Evacuation Pause)
[2026-02-05T21:33:58.809+0000][4906.638s][info ][gc,task     ] GC(220) Using 10 workers of 10 for evacuation
[2026-02-05T21:33:58.813+0000][4906.642s][info ][gc,phases   ] GC(220)   Pre Evacuate Collection Set: 0.6ms
[2026-02-05T21:33:58.813+0000][4906.642s][info ][gc,phases   ] GC(220)   Merge Heap Roots: 0.2ms
[2026-02-05T21:33:58.813+0000][4906.643s][info ][gc,phases   ] GC(220)   Evacuate Collection Set: 1.0ms
[2026-02-05T21:33:58.814+0000][4906.643s][info ][gc,phases   ] GC(220)   Post Evacuate Collection Set: 1.8ms
[2026-02-05T21:33:58.814+0000][4906.643s][info ][gc,phases   ] GC(220)   Other: 0.8ms
[2026-02-05T21:33:58.814+0000][4906.644s][info ][gc,heap     ] GC(220) Eden regions: 86->0(86)
[2026-02-05T21:33:58.815+0000][4906.644s][info ][gc,heap     ] GC(220) Survivor regions: 1->1(11)
[2026-02-05T21:33:58.815+0000][4906.644s][info ][gc,heap     ] GC(220) Old regions: 87->87
[2026-02-05T21:33:58.815+0000][4906.645s][info ][gc,heap     ] GC(220) Archive regions: 2->2
[2026-02-05T21:33:58.816+0000][4906.645s][info ][gc,heap     ] GC(220) Humongous regions: 0->0
[2026-02-05T21:33:58.816+0000][4906.645s][info ][gc,metaspace] GC(220) Metaspace: 198637K(201344K)->198637K(201344K) NonClass: 174744K(176128K)->174744K(176128K) Class: 23892K(25216K)->23892K(25216K)
[2026-02-05T21:33:58.816+0000][4906.646s][info ][gc          ] GC(220) Pause Young (Normal) (G1 Evacuation Pause) 347M->175M(394M) 8.002ms
[2026-02-05T21:33:58.817+0000][4906.646s][info ][gc,cpu      ] GC(220) User=0.02s Sys=0.00s Real=0.01s
[2026-02-05T21:33:58.818+0000][4906.647s][info ][safepoint   ] Safepoint "G1CollectForAllocation", Time since last: 293244598 ns, Reaching safepoint: 431918 ns, Cleanup: 7600 ns, At safepoint: 9164691 ns, Total: 9604209 ns
[2026-02-05T21:34:00.818+0000][4908.647s][debug][safepoint   ] Safepoint synchronization initiated using futex wait barrier. (391 threads)
[2026-02-05T21:34:00.818+0000][4908.648s][info ][safepoint   ] Safepoint "Cleanup", Time since last: 2000550199 ns, Reaching safepoint: 355215 ns, Cleanup: 13101 ns, At safepoint: 4200 ns, Total: 372516 ns
[2026-02-05T21:34:06.819+0000][4914.649s][debug][safepoint   ] Safepoint synchronization initiated using futex wait barrier. (391 threads)
[2026-02-05T21:34:06.820+0000][4914.649s][info ][safepoint   ] Safepoint "Cleanup", Time since last: 6000786771 ns, Reaching safepoint: 692330 ns, Cleanup: 16601 ns, At safepoint: 50102 ns, Total: 759033 ns
[2026-02-05T21:34:10.821+0000][4918.650s][debug][safepoint   ] Safepoint synchronization initiated using futex wait barrier. (391 threads)
[2026-02-05T21:34:10.821+0000][4918.651s][info ][safepoint   ] Safepoint "Cleanup", Time since last: 4000818548 ns, Reaching safepoint: 348415 ns, Cleanup: 13800 ns, At safepoint: 5000 ns, Total: 367215 ns
[2026-02-05T21:34:11.821+0000][4919.651s][debug][safepoint   ] Safepoint synchronization initiated using futex wait barrier. (391 threads)
[2026-02-05T21:34:11.822+0000][4919.651s][info ][safepoint   ] Safepoint "Cleanup", Time since last: 1000264667 ns, Reaching safepoint: 338615 ns, Cleanup: 10300 ns, At safepoint: 47902 ns, Total: 396817 ns
[2026-02-05T21:34:30.008+0000][4937.838s][debug][safepoint   ] Safepoint synchronization initiated using futex wait barrier. (391 threads)
[2026-02-05T21:34:30.009+0000][4937.839s][info ][gc,start    ] GC(221) Pause Young (Normal) (G1 Evacuation Pause)
[2026-02-05T21:34:30.009+0000][4937.839s][info ][gc,task     ] GC(221) Using 10 workers of 10 for evacuation
[2026-02-05T21:34:30.013+0000][4937.843s][info ][gc,phases   ] GC(221)   Pre Evacuate Collection Set: 0.5ms
[2026-02-05T21:34:30.013+0000][4937.843s][info ][gc,phases   ] GC(221)   Merge Heap Roots: 0.2ms
[2026-02-05T21:34:30.013+0000][4937.843s][info ][gc,phases   ] GC(221)   Evacuate Collection Set: 1.4ms
[2026-02-05T21:34:30.014+0000][4937.844s][info ][gc,phases   ] GC(221)   Post Evacuate Collection Set: 1.3ms
[2026-02-05T21:34:30.014+0000][4937.844s][info ][gc,phases   ] GC(221)   Other: 0.7ms
[2026-02-05T21:34:30.014+0000][4937.844s][info ][gc,heap     ] GC(221) Eden regions: 86->0(86)
[2026-02-05T21:34:30.014+0000][4937.844s][info ][gc,heap     ] GC(221) Survivor regions: 1->1(11)
[2026-02-05T21:34:30.014+0000][4937.844s][info ][gc,heap     ] GC(221) Old regions: 87->87
[2026-02-05T21:34:30.014+0000][4937.844s][info ][gc,heap     ] GC(221) Archive regions: 2->2
[2026-02-05T21:34:30.014+0000][4937.844s][info ][gc,heap     ] GC(221) Humongous regions: 0->0
[2026-02-05T21:34:30.014+0000][4937.845s][info ][gc,metaspace] GC(221) Metaspace: 198656K(201408K)->198656K(201408K) NonClass: 174761K(176192K)->174761K(176192K) Class: 23894K(25216K)->23894K(25216K)
[2026-02-05T21:34:30.015+0000][4937.845s][info ][gc          ] GC(221) Pause Young (Normal) (G1 Evacuation Pause) 347M->175M(394M) 5.799ms
[2026-02-05T21:34:30.015+0000][4937.845s][info ][gc,cpu      ] GC(221) User=0.01s Sys=0.00s Real=0.01s
[2026-02-05T21:34:30.015+0000][4937.845s][info ][safepoint   ] Safepoint "G1CollectForAllocation", Time since last: 18187157707 ns, Reaching safepoint: 425518 ns, Cleanup: 25701 ns, At safepoint: 6491379 ns, Total: 6942598 ns
[2026-02-05T21:34:56.017+0000][4963.848s][debug][safepoint   ] Safepoint synchronization initiated using futex wait barrier. (393 threads)
[2026-02-05T21:34:56.018+0000][4963.849s][info ][safepoint   ] Safepoint "Cleanup", Time since last: 26003080175 ns, Reaching safepoint: 342914 ns, Cleanup: 41002 ns, At safepoint: 39301 ns, Total: 423217 ns
[2026-02-05T21:35:00.701+0000][4968.532s][debug][safepoint   ] Safepoint synchronization initiated using futex wait barrier. (393 threads)
[2026-02-05T21:35:00.701+0000][4968.532s][info ][gc,start    ] GC(222) Pause Young (Normal) (G1 Evacuation Pause)
[2026-02-05T21:35:00.702+0000][4968.533s][info ][gc,task     ] GC(222) Using 10 workers of 10 for evacuation
[2026-02-05T21:35:00.706+0000][4968.537s][info ][gc,phases   ] GC(222)   Pre Evacuate Collection Set: 0.4ms
[2026-02-05T21:35:00.706+0000][4968.537s][info ][gc,phases   ] GC(222)   Merge Heap Roots: 0.2ms
[2026-02-05T21:35:00.706+0000][4968.537s][info ][gc,phases   ] GC(222)   Evacuate Collection Set: 1.5ms
[2026-02-05T21:35:00.706+0000][4968.538s][info ][gc,phases   ] GC(222)   Post Evacuate Collection Set: 1.8ms
[2026-02-05T21:35:00.707+0000][4968.538s][info ][gc,phases   ] GC(222)   Other: 0.7ms
[2026-02-05T21:35:00.707+0000][4968.538s][info ][gc,heap     ] GC(222) Eden regions: 86->0(86)
[2026-02-05T21:35:00.707+0000][4968.538s][info ][gc,heap     ] GC(222) Survivor regions: 1->1(11)
[2026-02-05T21:35:00.707+0000][4968.538s][info ][gc,heap     ] GC(222) Old regions: 87->87
[2026-02-05T21:35:00.707+0000][4968.538s][info ][gc,heap     ] GC(222) Archive regions: 2->2
[2026-02-05T21:35:00.707+0000][4968.538s][info ][gc,heap     ] GC(222) Humongous regions: 0->0
[2026-02-05T21:35:00.707+0000][4968.538s][info ][gc,metaspace] GC(222) Metaspace: 198681K(201408K)->198681K(201408K) NonClass: 174787K(176192K)->174787K(176192K) Class: 23894K(25216K)->23894K(25216K)
[2026-02-05T21:35:00.708+0000][4968.539s][info ][gc          ] GC(222) Pause Young (Normal) (G1 Evacuation Pause) 347M->175M(394M) 6.298ms
[2026-02-05T21:35:00.708+0000][4968.539s][info ][gc,cpu      ] GC(222) User=0.02s Sys=0.00s Real=0.00s
[2026-02-05T21:35:00.708+0000][4968.539s][info ][safepoint   ] Safepoint "G1CollectForAllocation", Time since last: 4683070407 ns, Reaching safepoint: 375216 ns, Cleanup: 5500 ns, At safepoint: 7073305 ns, Total: 7454021 ns
[2026-02-05T21:35:02.709+0000][4970.540s][debug][safepoint   ] Safepoint synchronization initiated using futex wait barrier. (393 threads)
[2026-02-05T21:35:02.709+0000][4970.540s][info ][safepoint   ] Safepoint "Cleanup", Time since last: 2000457775 ns, Reaching safepoint: 291312 ns, Cleanup: 11701 ns, At safepoint: 4100 ns, Total: 307113 ns
[2026-02-05T21:35:14.711+0000][4982.542s][debug][safepoint   ] Safepoint synchronization initiated using futex wait barrier. (393 threads)
[2026-02-05T21:35:14.712+0000][4982.543s][info ][safepoint   ] Safepoint "Cleanup", Time since last: 12002157229 ns, Reaching safepoint: 709828 ns, Cleanup: 18901 ns, At safepoint: 9900 ns, Total: 738629 ns
[2026-02-05T21:35:31.985+0000][4999.818s][debug][safepoint   ] Safepoint synchronization initiated using futex wait barrier. (393 threads)
[2026-02-05T21:35:31.986+0000][4999.818s][info ][safepoint   ] Safepoint "Cleanup", Time since last: 17274593469 ns, Reaching safepoint: 587025 ns, Cleanup: 21501 ns, At safepoint: 117405 ns, Total: 725931 ns
[2026-02-05T21:35:33.134+0000][5000.966s][debug][safepoint   ] Safepoint synchronization initiated using futex wait barrier. (393 threads)
[2026-02-05T21:35:33.135+0000][5000.967s][info ][gc,start    ] GC(223) Pause Young (Normal) (G1 Evacuation Pause)
[2026-02-05T21:35:33.135+0000][5000.967s][info ][gc,task     ] GC(223) Using 10 workers of 10 for evacuation
[2026-02-05T21:35:33.141+0000][5000.973s][info ][gc,phases   ] GC(223)   Pre Evacuate Collection Set: 0.7ms
[2026-02-05T21:35:33.141+0000][5000.973s][info ][gc,phases   ] GC(223)   Merge Heap Roots: 0.2ms
[2026-02-05T21:35:33.141+0000][5000.973s][info ][gc,phases   ] GC(223)   Evacuate Collection Set: 2.3ms
[2026-02-05T21:35:33.141+0000][5000.974s][info ][gc,phases   ] GC(223)   Post Evacuate Collection Set: 1.9ms
[2026-02-05T21:35:33.141+0000][5000.974s][info ][gc,phases   ] GC(223)   Other: 1.1ms
[2026-02-05T21:35:33.142+0000][5000.974s][info ][gc,heap     ] GC(223) Eden regions: 86->0(86)
[2026-02-05T21:35:33.142+0000][5000.974s][info ][gc,heap     ] GC(223) Survivor regions: 1->1(11)
[2026-02-05T21:35:33.142+0000][5000.974s][info ][gc,heap     ] GC(223) Old regions: 87->87
[2026-02-05T21:35:33.142+0000][5000.974s][info ][gc,heap     ] GC(223) Archive regions: 2->2
[2026-02-05T21:35:33.142+0000][5000.975s][info ][gc,heap     ] GC(223) Humongous regions: 0->0
[2026-02-05T21:35:33.142+0000][5000.975s][info ][gc,metaspace] GC(223) Metaspace: 198683K(201408K)->198683K(201408K) NonClass: 174788K(176192K)->174788K(176192K) Class: 23894K(25216K)->23894K(25216K)
[2026-02-05T21:35:33.143+0000][5000.975s][info ][gc          ] GC(223) Pause Young (Normal) (G1 Evacuation Pause) 347M->175M(394M) 7.960ms
[2026-02-05T21:35:33.143+0000][5000.975s][info ][gc,cpu      ] GC(223) User=0.02s Sys=0.00s Real=0.01s
[2026-02-05T21:35:33.143+0000][5000.976s][info ][safepoint   ] Safepoint "G1CollectForAllocation", Time since last: 1147902368 ns, Reaching safepoint: 627727 ns, Cleanup: 9401 ns, At safepoint: 8728870 ns, Total: 9365998 ns
[2026-02-05T21:35:35.144+0000][5002.977s][debug][safepoint   ] Safepoint synchronization initiated using futex wait barrier. (393 threads)
[2026-02-05T21:35:35.145+0000][5002.977s][info ][safepoint   ] Safepoint "Cleanup", Time since last: 2001043615 ns, Reaching safepoint: 728931 ns, Cleanup: 59802 ns, At safepoint: 25601 ns, Total: 814334 ns
[2026-02-05T21:35:36.146+0000][5003.978s][debug][safepoint   ] Safepoint synchronization initiated using futex wait barrier. (393 threads)
[2026-02-05T21:35:36.148+0000][5003.980s][info ][safepoint   ] Safepoint "Cleanup", Time since last: 1000583910 ns, Reaching safepoint: 1926282 ns, Cleanup: 42902 ns, At safepoint: 54602 ns, Total: 2023786 ns
[2026-02-05T21:35:44.150+0000][5011.982s][debug][safepoint   ] Safepoint synchronization initiated using futex wait barrier. (393 threads)
[2026-02-05T21:35:44.150+0000][5011.983s][info ][safepoint   ] Safepoint "Cleanup", Time since last: 8002013114 ns, Reaching safepoint: 515122 ns, Cleanup: 23101 ns, At safepoint: 18800 ns, Total: 557023 ns
[2026-02-05T21:35:56.151+0000][5023.985s][debug][safepoint   ] Safepoint synchronization initiated using futex wait barrier. (393 threads)
[2026-02-05T21:35:56.151+0000][5023.986s][info ][safepoint   ] Safepoint "Cleanup", Time since last: 12002323218 ns, Reaching safepoint: 521622 ns, Cleanup: 29701 ns, At safepoint: 36901 ns, Total: 588224 ns
[2026-02-05T21:35:57.152+0000][5024.986s][debug][safepoint   ] Safepoint synchronization initiated using futex wait barrier. (393 threads)
[2026-02-05T21:35:57.152+0000][5024.987s][info ][safepoint   ] Safepoint "Cleanup", Time since last: 1000500782 ns, Reaching safepoint: 473119 ns, Cleanup: 12701 ns, At safepoint: 6100 ns, Total: 491920 ns
[2026-02-05T21:36:03.501+0000][5031.335s][debug][safepoint   ] Safepoint synchronization initiated using futex wait barrier. (393 threads)
[2026-02-05T21:36:03.502+0000][5031.336s][info ][gc,start    ] GC(224) Pause Young (Normal) (G1 Evacuation Pause)
[2026-02-05T21:36:03.502+0000][5031.337s][info ][gc,task     ] GC(224) Using 10 workers of 10 for evacuation
[2026-02-05T21:36:03.507+0000][5031.341s][info ][gc,phases   ] GC(224)   Pre Evacuate Collection Set: 0.6ms
[2026-02-05T21:36:03.507+0000][5031.342s][info ][gc,phases   ] GC(224)   Merge Heap Roots: 0.2ms
[2026-02-05T21:36:03.507+0000][5031.342s][info ][gc,phases   ] GC(224)   Evacuate Collection Set: 1.5ms
[2026-02-05T21:36:03.508+0000][5031.342s][info ][gc,phases   ] GC(224)   Post Evacuate Collection Set: 1.8ms
[2026-02-05T21:36:03.508+0000][5031.342s][info ][gc,phases   ] GC(224)   Other: 1.2ms
[2026-02-05T21:36:03.508+0000][5031.342s][info ][gc,heap     ] GC(224) Eden regions: 86->0(86)
[2026-02-05T21:36:03.508+0000][5031.343s][info ][gc,heap     ] GC(224) Survivor regions: 1->1(11)
[2026-02-05T21:36:03.508+0000][5031.343s][info ][gc,heap     ] GC(224) Old regions: 87->87
[2026-02-05T21:36:03.509+0000][5031.343s][info ][gc,heap     ] GC(224) Archive regions: 2->2
[2026-02-05T21:36:03.509+0000][5031.343s][info ][gc,heap     ] GC(224) Humongous regions: 0->0
[2026-02-05T21:36:03.509+0000][5031.343s][info ][gc,metaspace] GC(224) Metaspace: 198747K(201472K)->198747K(201472K) NonClass: 174845K(176256K)->174845K(176256K) Class: 23901K(25216K)->23901K(25216K)
[2026-02-05T21:36:03.509+0000][5031.344s][info ][gc          ] GC(224) Pause Young (Normal) (G1 Evacuation Pause) 347M->175M(394M) 7.572ms
[2026-02-05T21:36:03.510+0000][5031.344s][info ][gc,cpu      ] GC(224) User=0.01s Sys=0.01s Real=0.01s
[2026-02-05T21:36:03.510+0000][5031.344s][info ][safepoint   ] Safepoint "G1CollectForAllocation", Time since last: 6348341232 ns, Reaching safepoint: 1118148 ns, Cleanup: 6300 ns, At safepoint: 8439859 ns, Total: 9564307 ns
[2026-02-05T21:36:22.079+0000][5049.914s][debug][safepoint   ] Safepoint synchronization initiated using futex wait barrier. (393 threads)
[2026-02-05T21:36:22.079+0000][5049.914s][info ][safepoint   ] Safepoint "Cleanup", Time since last: 18569642637 ns, Reaching safepoint: 283212 ns, Cleanup: 14200 ns, At safepoint: 4701 ns, Total: 302113 ns
[2026-02-05T21:36:23.080+0000][5050.915s][debug][safepoint   ] Safepoint synchronization initiated using futex wait barrier. (394 threads)
[2026-02-05T21:36:23.080+0000][5050.915s][info ][safepoint   ] Safepoint "Cleanup", Time since last: 1000372093 ns, Reaching safepoint: 259611 ns, Cleanup: 13601 ns, At safepoint: 21301 ns, Total: 294513 ns
[2026-02-05T21:36:35.264+0000][5063.099s][debug][safepoint   ] Safepoint synchronization initiated using futex wait barrier. (394 threads)
[2026-02-05T21:36:35.265+0000][5063.100s][info ][gc,start    ] GC(225) Pause Young (Normal) (G1 Evacuation Pause)
[2026-02-05T21:36:35.265+0000][5063.100s][info ][gc,task     ] GC(225) Using 10 workers of 10 for evacuation
[2026-02-05T21:36:35.270+0000][5063.105s][info ][gc,phases   ] GC(225)   Pre Evacuate Collection Set: 0.6ms
[2026-02-05T21:36:35.270+0000][5063.105s][info ][gc,phases   ] GC(225)   Merge Heap Roots: 0.3ms
[2026-02-05T21:36:35.270+0000][5063.105s][info ][gc,phases   ] GC(225)   Evacuate Collection Set: 1.5ms
[2026-02-05T21:36:35.271+0000][5063.106s][info ][gc,phases   ] GC(225)   Post Evacuate Collection Set: 1.7ms
[2026-02-05T21:36:35.271+0000][5063.106s][info ][gc,phases   ] GC(225)   Other: 0.8ms
[2026-02-05T21:36:35.271+0000][5063.106s][info ][gc,heap     ] GC(225) Eden regions: 86->0(86)
[2026-02-05T21:36:35.271+0000][5063.106s][info ][gc,heap     ] GC(225) Survivor regions: 1->1(11)
[2026-02-05T21:36:35.271+0000][5063.106s][info ][gc,heap     ] GC(225) Old regions: 87->87
[2026-02-05T21:36:35.271+0000][5063.106s][info ][gc,heap     ] GC(225) Archive regions: 2->2
[2026-02-05T21:36:35.272+0000][5063.107s][info ][gc,heap     ] GC(225) Humongous regions: 0->0
[2026-02-05T21:36:35.272+0000][5063.107s][info ][gc,metaspace] GC(225) Metaspace: 198752K(201472K)->198752K(201472K) NonClass: 174850K(176256K)->174850K(176256K) Class: 23901K(25216K)->23901K(25216K)
[2026-02-05T21:36:35.272+0000][5063.107s][info ][gc          ] GC(225) Pause Young (Normal) (G1 Evacuation Pause) 347M->175M(394M) 6.927ms
[2026-02-05T21:36:35.273+0000][5063.108s][info ][gc,cpu      ] GC(225) User=0.02s Sys=0.00s Real=0.00s
[2026-02-05T21:36:35.273+0000][5063.108s][info ][safepoint   ] Safepoint "G1CollectForAllocation", Time since last: 12184430941 ns, Reaching safepoint: 548324 ns, Cleanup: 5600 ns, At safepoint: 8204551 ns, Total: 8758475 ns
[2026-02-05T21:36:36.274+0000][5064.109s][debug][safepoint   ] Safepoint synchronization initiated using futex wait barrier. (392 threads)
[2026-02-05T21:36:36.274+0000][5064.109s][info ][safepoint   ] Safepoint "Cleanup", Time since last: 1000419277 ns, Reaching safepoint: 241511 ns, Cleanup: 10100 ns, At safepoint: 8100 ns, Total: 259711 ns
[2026-02-05T21:36:43.275+0000][5071.110s][debug][safepoint   ] Safepoint synchronization initiated using futex wait barrier. (392 threads)
[2026-02-05T21:36:43.275+0000][5071.110s][info ][safepoint   ] Safepoint "Cleanup", Time since last: 7000850438 ns, Reaching safepoint: 397317 ns, Cleanup: 10200 ns, At safepoint: 26001 ns, Total: 433518 ns
[2026-02-05T21:36:46.276+0000][5074.111s][debug][safepoint   ] Safepoint synchronization initiated using futex wait barrier. (394 threads)
[2026-02-05T21:36:46.276+0000][5074.111s][info ][safepoint   ] Safepoint "Cleanup", Time since last: 3000465644 ns, Reaching safepoint: 259710 ns, Cleanup: 17201 ns, At safepoint: 4500 ns, Total: 281411 ns
[2026-02-05T21:37:07.206+0000][5095.043s][debug][safepoint   ] Safepoint synchronization initiated using futex wait barrier. (394 threads)
[2026-02-05T21:37:07.207+0000][5095.043s][info ][gc,start    ] GC(226) Pause Young (Normal) (G1 Evacuation Pause)
[2026-02-05T21:37:07.207+0000][5095.044s][info ][gc,task     ] GC(226) Using 10 workers of 10 for evacuation
[2026-02-05T21:37:07.212+0000][5095.048s][info ][gc,phases   ] GC(226)   Pre Evacuate Collection Set: 0.5ms
[2026-02-05T21:37:07.212+0000][5095.049s][info ][gc,phases   ] GC(226)   Merge Heap Roots: 0.2ms
[2026-02-05T21:37:07.212+0000][5095.049s][info ][gc,phases   ] GC(226)   Evacuate Collection Set: 1.6ms
[2026-02-05T21:37:07.212+0000][5095.049s][info ][gc,phases   ] GC(226)   Post Evacuate Collection Set: 1.9ms
[2026-02-05T21:37:07.212+0000][5095.049s][info ][gc,phases   ] GC(226)   Other: 0.8ms
[2026-02-05T21:37:07.213+0000][5095.049s][info ][gc,heap     ] GC(226) Eden regions: 86->0(86)
[2026-02-05T21:37:07.213+0000][5095.050s][info ][gc,heap     ] GC(226) Survivor regions: 1->1(11)
[2026-02-05T21:37:07.213+0000][5095.050s][info ][gc,heap     ] GC(226) Old regions: 87->87
[2026-02-05T21:37:07.213+0000][5095.050s][info ][gc,heap     ] GC(226) Archive regions: 2->2
[2026-02-05T21:37:07.213+0000][5095.050s][info ][gc,heap     ] GC(226) Humongous regions: 0->0
[2026-02-05T21:37:07.213+0000][5095.050s][info ][gc,metaspace] GC(226) Metaspace: 198760K(201472K)->198760K(201472K) NonClass: 174858K(176256K)->174858K(176256K) Class: 23901K(25216K)->23901K(25216K)
[2026-02-05T21:37:07.214+0000][5095.050s][info ][gc          ] GC(226) Pause Young (Normal) (G1 Evacuation Pause) 347M->175M(394M) 6.961ms
[2026-02-05T21:37:07.214+0000][5095.051s][info ][gc,cpu      ] GC(226) User=0.00s Sys=0.01s Real=0.00s
[2026-02-05T21:37:07.214+0000][5095.051s][info ][safepoint   ] Safepoint "G1CollectForAllocation", Time since last: 20931703769 ns, Reaching safepoint: 607727 ns, Cleanup: 28001 ns, At safepoint: 7537030 ns, Total: 8172758 ns
[2026-02-05T21:37:08.214+0000][5096.051s][debug][safepoint   ] Safepoint synchronization initiated using futex wait barrier. (394 threads)
[2026-02-05T21:37:08.215+0000][5096.052s][info ][safepoint   ] Safepoint "Cleanup", Time since last: 1000279112 ns, Reaching safepoint: 827036 ns, Cleanup: 30902 ns, At safepoint: 5100 ns, Total: 863038 ns
[2026-02-05T21:37:22.169+0000][5110.007s][debug][safepoint   ] Safepoint synchronization initiated using futex wait barrier. (394 threads)
[2026-02-05T21:37:22.169+0000][5110.007s][info ][safepoint   ] Safepoint "Cleanup", Time since last: 13955137019 ns, Reaching safepoint: 280912 ns, Cleanup: 11801 ns, At safepoint: 5000 ns, Total: 297713 ns
[2026-02-05T21:37:37.301+0000][5125.139s][debug][safepoint   ] Safepoint synchronization initiated using futex wait barrier. (394 threads)
[2026-02-05T21:37:37.301+0000][5125.139s][info ][gc,start    ] GC(227) Pause Young (Normal) (G1 Evacuation Pause)
[2026-02-05T21:37:37.301+0000][5125.139s][info ][gc,task     ] GC(227) Using 10 workers of 10 for evacuation
[2026-02-05T21:37:37.306+0000][5125.144s][info ][gc,phases   ] GC(227)   Pre Evacuate Collection Set: 0.4ms
[2026-02-05T21:37:37.306+0000][5125.144s][info ][gc,phases   ] GC(227)   Merge Heap Roots: 0.2ms
[2026-02-05T21:37:37.306+0000][5125.144s][info ][gc,phases   ] GC(227)   Evacuate Collection Set: 1.9ms
[2026-02-05T21:37:37.306+0000][5125.145s][info ][gc,phases   ] GC(227)   Post Evacuate Collection Set: 1.6ms
[2026-02-05T21:37:37.307+0000][5125.145s][info ][gc,phases   ] GC(227)   Other: 0.7ms
[2026-02-05T21:37:37.307+0000][5125.145s][info ][gc,heap     ] GC(227) Eden regions: 86->0(86)
[2026-02-05T21:37:37.307+0000][5125.145s][info ][gc,heap     ] GC(227) Survivor regions: 1->1(11)
[2026-02-05T21:37:37.307+0000][5125.146s][info ][gc,heap     ] GC(227) Old regions: 87->87
[2026-02-05T21:37:37.308+0000][5125.146s][info ][gc,heap     ] GC(227) Archive regions: 2->2
[2026-02-05T21:37:37.308+0000][5125.146s][info ][gc,heap     ] GC(227) Humongous regions: 0->0
[2026-02-05T21:37:37.308+0000][5125.146s][info ][gc,metaspace] GC(227) Metaspace: 198765K(201472K)->198765K(201472K) NonClass: 174863K(176256K)->174863K(176256K) Class: 23901K(25216K)->23901K(25216K)
[2026-02-05T21:37:37.308+0000][5125.146s][info ][gc          ] GC(227) Pause Young (Normal) (G1 Evacuation Pause) 347M->175M(394M) 7.052ms
[2026-02-05T21:37:37.308+0000][5125.147s][info ][gc,cpu      ] GC(227) User=0.01s Sys=0.01s Real=0.01s
[2026-02-05T21:37:37.309+0000][5125.147s][info ][safepoint   ] Safepoint "G1CollectForAllocation", Time since last: 15131636729 ns, Reaching safepoint: 206210 ns, Cleanup: 23801 ns, At safepoint: 7870065 ns, Total: 8100076 ns
[2026-02-05T21:37:53.310+0000][5141.150s][debug][safepoint   ] Safepoint synchronization initiated using futex wait barrier. (392 threads)
[2026-02-05T21:37:53.311+0000][5141.150s][info ][safepoint   ] Safepoint "Cleanup", Time since last: 16002783592 ns, Reaching safepoint: 363915 ns, Cleanup: 20801 ns, At safepoint: 9200 ns, Total: 393916 ns
[2026-02-05T21:37:59.312+0000][5147.151s][debug][safepoint   ] Safepoint synchronization initiated using futex wait barrier. (392 threads)
[2026-02-05T21:37:59.312+0000][5147.152s][info ][safepoint   ] Safepoint "Cleanup", Time since last: 6000834558 ns, Reaching safepoint: 575724 ns, Cleanup: 19301 ns, At safepoint: 13400 ns, Total: 608425 ns
[2026-02-05T21:38:07.313+0000][5155.153s][debug][safepoint   ] Safepoint synchronization initiated using futex wait barrier. (392 threads)
[2026-02-05T21:38:07.314+0000][5155.153s][info ][safepoint   ] Safepoint "Cleanup", Time since last: 8000999888 ns, Reaching safepoint: 229809 ns, Cleanup: 11801 ns, At safepoint: 4700 ns, Total: 246310 ns
[2026-02-05T21:38:08.314+0000][5156.153s][debug][safepoint   ] Safepoint synchronization initiated using futex wait barrier. (392 threads)
[2026-02-05T21:38:08.314+0000][5156.154s][info ][safepoint   ] Safepoint "Cleanup", Time since last: 1000288300 ns, Reaching safepoint: 240511 ns, Cleanup: 11800 ns, At safepoint: 5300 ns, Total: 257611 ns
[2026-02-05T21:38:09.685+0000][5157.525s][debug][safepoint   ] Safepoint synchronization initiated using futex wait barrier. (392 threads)
[2026-02-05T21:38:09.686+0000][5157.525s][info ][gc,start    ] GC(228) Pause Young (Normal) (G1 Evacuation Pause)
[2026-02-05T21:38:09.686+0000][5157.526s][info ][gc,task     ] GC(228) Using 10 workers of 10 for evacuation
[2026-02-05T21:38:09.691+0000][5157.530s][info ][gc,phases   ] GC(228)   Pre Evacuate Collection Set: 0.5ms
[2026-02-05T21:38:09.691+0000][5157.530s][info ][gc,phases   ] GC(228)   Merge Heap Roots: 0.2ms
[2026-02-05T21:38:09.691+0000][5157.531s][info ][gc,phases   ] GC(228)   Evacuate Collection Set: 1.1ms
[2026-02-05T21:38:09.691+0000][5157.531s][info ][gc,phases   ] GC(228)   Post Evacuate Collection Set: 1.9ms
[2026-02-05T21:38:09.691+0000][5157.531s][info ][gc,phases   ] GC(228)   Other: 1.1ms
[2026-02-05T21:38:09.692+0000][5157.531s][info ][gc,heap     ] GC(228) Eden regions: 86->0(86)
[2026-02-05T21:38:09.692+0000][5157.531s][info ][gc,heap     ] GC(228) Survivor regions: 1->1(11)
[2026-02-05T21:38:09.692+0000][5157.531s][info ][gc,heap     ] GC(228) Old regions: 87->87
[2026-02-05T21:38:09.692+0000][5157.531s][info ][gc,heap     ] GC(228) Archive regions: 2->2
[2026-02-05T21:38:09.692+0000][5157.532s][info ][gc,heap     ] GC(228) Humongous regions: 0->0
[2026-02-05T21:38:09.692+0000][5157.532s][info ][gc,metaspace] GC(228) Metaspace: 198771K(201472K)->198771K(201472K) NonClass: 174869K(176256K)->174869K(176256K) Class: 23901K(25216K)->23901K(25216K)
[2026-02-05T21:38:09.693+0000][5157.532s][info ][gc          ] GC(228) Pause Young (Normal) (G1 Evacuation Pause) 347M->175M(394M) 6.571ms
[2026-02-05T21:38:09.693+0000][5157.532s][info ][gc,cpu      ] GC(228) User=0.02s Sys=0.00s Real=0.01s
[2026-02-05T21:38:09.693+0000][5157.533s][info ][safepoint   ] Safepoint "G1CollectForAllocation", Time since last: 1371196612 ns, Reaching safepoint: 628727 ns, Cleanup: 5900 ns, At safepoint: 7362915 ns, Total: 7997542 ns
[2026-02-05T21:38:20.258+0000][5168.098s][debug][safepoint   ] ... found polling page loop exception at pc = 0x000070855274b073, stub =0x0000708550b10400
[2026-02-05T21:38:24.259+0000][5172.100s][debug][safepoint   ] Safepoint synchronization initiated using futex wait barrier. (392 threads)
[2026-02-05T21:38:24.261+0000][5172.102s][info ][safepoint   ] Safepoint "Cleanup", Time since last: 14566983240 ns, Reaching safepoint: 2010077 ns, Cleanup: 22701 ns, At safepoint: 17100 ns, Total: 2049878 ns
[2026-02-05T21:38:40.263+0000][5188.104s][debug][safepoint   ] Safepoint synchronization initiated using futex wait barrier. (392 threads)
[2026-02-05T21:38:40.264+0000][5188.104s][info ][safepoint   ] Safepoint "Cleanup", Time since last: 16002116993 ns, Reaching safepoint: 345614 ns, Cleanup: 13801 ns, At safepoint: 25301 ns, Total: 384716 ns
[2026-02-05T21:38:41.137+0000][5188.978s][debug][safepoint   ] Safepoint synchronization initiated using futex wait barrier. (392 threads)
[2026-02-05T21:38:41.138+0000][5188.978s][info ][gc,start    ] GC(229) Pause Young (Normal) (G1 Evacuation Pause)
[2026-02-05T21:38:41.138+0000][5188.979s][info ][gc,task     ] GC(229) Using 10 workers of 10 for evacuation
[2026-02-05T21:38:41.142+0000][5188.982s][info ][gc,phases   ] GC(229)   Pre Evacuate Collection Set: 0.5ms
[2026-02-05T21:38:41.142+0000][5188.983s][info ][gc,phases   ] GC(229)   Merge Heap Roots: 0.2ms
[2026-02-05T21:38:41.142+0000][5188.983s][info ][gc,phases   ] GC(229)   Evacuate Collection Set: 1.2ms
[2026-02-05T21:38:41.143+0000][5188.983s][info ][gc,phases   ] GC(229)   Post Evacuate Collection Set: 1.5ms
[2026-02-05T21:38:41.143+0000][5188.983s][info ][gc,phases   ] GC(229)   Other: 0.9ms
[2026-02-05T21:38:41.143+0000][5188.983s][info ][gc,heap     ] GC(229) Eden regions: 86->0(86)
[2026-02-05T21:38:41.143+0000][5188.983s][info ][gc,heap     ] GC(229) Survivor regions: 1->1(11)
[2026-02-05T21:38:41.143+0000][5188.984s][info ][gc,heap     ] GC(229) Old regions: 87->87
[2026-02-05T21:38:41.143+0000][5188.984s][info ][gc,heap     ] GC(229) Archive regions: 2->2
[2026-02-05T21:38:41.143+0000][5188.984s][info ][gc,heap     ] GC(229) Humongous regions: 0->0
[2026-02-05T21:38:41.144+0000][5188.984s][info ][gc,metaspace] GC(229) Metaspace: 198775K(201472K)->198775K(201472K) NonClass: 174873K(176256K)->174873K(176256K) Class: 23901K(25216K)->23901K(25216K)
[2026-02-05T21:38:41.144+0000][5188.984s][info ][gc          ] GC(229) Pause Young (Normal) (G1 Evacuation Pause) 347M->175M(394M) 5.991ms
[2026-02-05T21:38:41.144+0000][5188.984s][info ][gc,cpu      ] GC(229) User=0.00s Sys=0.01s Real=0.01s
[2026-02-05T21:38:41.144+0000][5188.985s][info ][safepoint   ] Safepoint "G1CollectForAllocation", Time since last: 873452892 ns, Reaching safepoint: 353814 ns, Cleanup: 4800 ns, At safepoint: 6545555 ns, Total: 6904169 ns
[2026-02-05T21:39:00.145+0000][5207.987s][debug][safepoint   ] Safepoint synchronization initiated using futex wait barrier. (392 threads)
[2026-02-05T21:39:00.146+0000][5207.988s][info ][safepoint   ] Safepoint "Cleanup", Time since last: 19002464962 ns, Reaching safepoint: 688529 ns, Cleanup: 41202 ns, At safepoint: 71203 ns, Total: 800934 ns
[2026-02-05T21:39:11.943+0000][5219.785s][debug][safepoint   ] Safepoint synchronization initiated using futex wait barrier. (392 threads)
[2026-02-05T21:39:11.944+0000][5219.786s][info ][gc,start    ] GC(230) Pause Young (Normal) (G1 Evacuation Pause)
[2026-02-05T21:39:11.944+0000][5219.786s][info ][gc,task     ] GC(230) Using 10 workers of 10 for evacuation
[2026-02-05T21:39:11.949+0000][5219.791s][info ][gc,phases   ] GC(230)   Pre Evacuate Collection Set: 0.5ms
[2026-02-05T21:39:11.949+0000][5219.791s][info ][gc,phases   ] GC(230)   Merge Heap Roots: 0.2ms
[2026-02-05T21:39:11.949+0000][5219.791s][info ][gc,phases   ] GC(230)   Evacuate Collection Set: 1.6ms
[2026-02-05T21:39:11.949+0000][5219.791s][info ][gc,phases   ] GC(230)   Post Evacuate Collection Set: 2.0ms
[2026-02-05T21:39:11.950+0000][5219.792s][info ][gc,phases   ] GC(230)   Other: 1.0ms
[2026-02-05T21:39:11.950+0000][5219.792s][info ][gc,heap     ] GC(230) Eden regions: 86->0(86)
[2026-02-05T21:39:11.950+0000][5219.792s][info ][gc,heap     ] GC(230) Survivor regions: 1->1(11)
[2026-02-05T21:39:11.950+0000][5219.792s][info ][gc,heap     ] GC(230) Old regions: 87->87
[2026-02-05T21:39:11.950+0000][5219.792s][info ][gc,heap     ] GC(230) Archive regions: 2->2
[2026-02-05T21:39:11.950+0000][5219.792s][info ][gc,heap     ] GC(230) Humongous regions: 0->0
[2026-02-05T21:39:11.950+0000][5219.792s][info ][gc,metaspace] GC(230) Metaspace: 198775K(201472K)->198775K(201472K) NonClass: 174873K(176256K)->174873K(176256K) Class: 23901K(25216K)->23901K(25216K)
[2026-02-05T21:39:11.950+0000][5219.793s][info ][gc          ] GC(230) Pause Young (Normal) (G1 Evacuation Pause) 347M->175M(394M) 6.680ms
[2026-02-05T21:39:11.951+0000][5219.793s][info ][gc,cpu      ] GC(230) User=0.02s Sys=0.00s Real=0.01s
[2026-02-05T21:39:11.951+0000][5219.793s][info ][safepoint   ] Safepoint "G1CollectForAllocation", Time since last: 11797346649 ns, Reaching safepoint: 485219 ns, Cleanup: 6000 ns, At safepoint: 7305187 ns, Total: 7796406 ns
[2026-02-05T21:39:12.951+0000][5220.793s][debug][safepoint   ] Safepoint synchronization initiated using futex wait barrier. (392 threads)
[2026-02-05T21:39:12.952+0000][5220.794s][info ][safepoint   ] Safepoint "Cleanup", Time since last: 1000314590 ns, Reaching safepoint: 376115 ns, Cleanup: 14701 ns, At safepoint: 57102 ns, Total: 447918 ns
[2026-02-05T21:39:22.373+0000][5230.216s][debug][safepoint   ] Safepoint synchronization initiated using futex wait barrier. (392 threads)
[2026-02-05T21:39:22.373+0000][5230.216s][info ][safepoint   ] Safepoint "Cleanup", Time since last: 9422223587 ns, Reaching safepoint: 274011 ns, Cleanup: 31702 ns, At safepoint: 8400 ns, Total: 314113 ns
[2026-02-05T21:39:42.375+0000][5250.219s][debug][safepoint   ] Safepoint synchronization initiated using futex wait barrier. (392 threads)
[2026-02-05T21:39:42.376+0000][5250.219s][info ][safepoint   ] Safepoint "Cleanup", Time since last: 20002316643 ns, Reaching safepoint: 398316 ns, Cleanup: 11901 ns, At safepoint: 8000 ns, Total: 418217 ns
[2026-02-05T21:39:44.265+0000][5252.108s][debug][safepoint   ] Safepoint synchronization initiated using futex wait barrier. (392 threads)
[2026-02-05T21:39:44.265+0000][5252.109s][info ][gc,start    ] GC(231) Pause Young (Normal) (G1 Evacuation Pause)
[2026-02-05T21:39:44.266+0000][5252.109s][info ][gc,task     ] GC(231) Using 10 workers of 10 for evacuation
[2026-02-05T21:39:44.272+0000][5252.116s][info ][gc,phases   ] GC(231)   Pre Evacuate Collection Set: 0.6ms
[2026-02-05T21:39:44.273+0000][5252.116s][info ][gc,phases   ] GC(231)   Merge Heap Roots: 0.2ms
[2026-02-05T21:39:44.273+0000][5252.116s][info ][gc,phases   ] GC(231)   Evacuate Collection Set: 2.4ms
[2026-02-05T21:39:44.273+0000][5252.117s][info ][gc,phases   ] GC(231)   Post Evacuate Collection Set: 2.8ms
[2026-02-05T21:39:44.274+0000][5252.117s][info ][gc,phases   ] GC(231)   Other: 1.1ms
[2026-02-05T21:39:44.274+0000][5252.118s][info ][gc,heap     ] GC(231) Eden regions: 86->0(86)
[2026-02-05T21:39:44.275+0000][5252.118s][info ][gc,heap     ] GC(231) Survivor regions: 1->1(11)
[2026-02-05T21:39:44.275+0000][5252.118s][info ][gc,heap     ] GC(231) Old regions: 87->87
[2026-02-05T21:39:44.275+0000][5252.119s][info ][gc,heap     ] GC(231) Archive regions: 2->2
[2026-02-05T21:39:44.276+0000][5252.119s][info ][gc,heap     ] GC(231) Humongous regions: 0->0
[2026-02-05T21:39:44.276+0000][5252.120s][info ][gc,metaspace] GC(231) Metaspace: 198776K(201472K)->198776K(201472K) NonClass: 174874K(176256K)->174874K(176256K) Class: 23901K(25216K)->23901K(25216K)
[2026-02-05T21:39:44.277+0000][5252.120s][info ][gc          ] GC(231) Pause Young (Normal) (G1 Evacuation Pause) 347M->175M(394M) 11.274ms
[2026-02-05T21:39:44.277+0000][5252.120s][info ][gc,cpu      ] GC(231) User=0.03s Sys=0.00s Real=0.02s
[2026-02-05T21:39:44.277+0000][5252.121s][info ][safepoint   ] Safepoint "G1CollectForAllocation", Time since last: 1889030197 ns, Reaching safepoint: 440119 ns, Cleanup: 7000 ns, At safepoint: 12114014 ns, Total: 12561133 ns
[2026-02-05T21:40:11.280+0000][5279.125s][debug][safepoint   ] Safepoint synchronization initiated using futex wait barrier. (392 threads)
[2026-02-05T21:40:11.280+0000][5279.125s][info ][safepoint   ] Safepoint "Cleanup", Time since last: 27004241659 ns, Reaching safepoint: 312514 ns, Cleanup: 38001 ns, At safepoint: 10701 ns, Total: 361216 ns
[2026-02-05T21:40:15.172+0000][5283.018s][debug][safepoint   ] Safepoint synchronization initiated using futex wait barrier. (392 threads)
[2026-02-05T21:40:15.173+0000][5283.018s][info ][gc,start    ] GC(232) Pause Young (Normal) (G1 Evacuation Pause)
[2026-02-05T21:40:15.173+0000][5283.019s][info ][gc,task     ] GC(232) Using 10 workers of 10 for evacuation
[2026-02-05T21:40:15.177+0000][5283.022s][info ][gc,phases   ] GC(232)   Pre Evacuate Collection Set: 0.4ms
[2026-02-05T21:40:15.178+0000][5283.023s][info ][gc,phases   ] GC(232)   Merge Heap Roots: 0.2ms
[2026-02-05T21:40:15.178+0000][5283.023s][info ][gc,phases   ] GC(232)   Evacuate Collection Set: 1.0ms
[2026-02-05T21:40:15.178+0000][5283.023s][info ][gc,phases   ] GC(232)   Post Evacuate Collection Set: 1.9ms
[2026-02-05T21:40:15.178+0000][5283.023s][info ][gc,phases   ] GC(232)   Other: 0.7ms
[2026-02-05T21:40:15.178+0000][5283.023s][info ][gc,heap     ] GC(232) Eden regions: 86->0(86)
[2026-02-05T21:40:15.178+0000][5283.024s][info ][gc,heap     ] GC(232) Survivor regions: 1->1(11)
[2026-02-05T21:40:15.179+0000][5283.024s][info ][gc,heap     ] GC(232) Old regions: 87->87
[2026-02-05T21:40:15.179+0000][5283.024s][info ][gc,heap     ] GC(232) Archive regions: 2->2
[2026-02-05T21:40:15.179+0000][5283.024s][info ][gc,heap     ] GC(232) Humongous regions: 0->0
[2026-02-05T21:40:15.179+0000][5283.024s][info ][gc,metaspace] GC(232) Metaspace: 198776K(201472K)->198776K(201472K) NonClass: 174874K(176256K)->174874K(176256K) Class: 23901K(25216K)->23901K(25216K)
[2026-02-05T21:40:15.179+0000][5283.025s][info ][gc          ] GC(232) Pause Young (Normal) (G1 Evacuation Pause) 347M->175M(394M) 6.243ms
[2026-02-05T21:40:15.180+0000][5283.025s][info ][gc,cpu      ] GC(232) User=0.02s Sys=0.00s Real=0.01s
[2026-02-05T21:40:15.189+0000][5283.034s][info ][safepoint   ] Safepoint "G1CollectForAllocation", Time since last: 3892318118 ns, Reaching safepoint: 599725 ns, Cleanup: 6101 ns, At safepoint: 15737268 ns, Total: 16343094 ns
[2026-02-05T21:40:45.474+0000][5313.320s][debug][safepoint   ] Safepoint synchronization initiated using futex wait barrier. (394 threads)
[2026-02-05T21:40:45.474+0000][5313.320s][info ][safepoint   ] Safepoint "Cleanup", Time since last: 30285643713 ns, Reaching safepoint: 247610 ns, Cleanup: 15001 ns, At safepoint: 22901 ns, Total: 285512 ns
[2026-02-05T21:40:46.474+0000][5314.320s][debug][safepoint   ] Safepoint synchronization initiated using futex wait barrier. (394 threads)
[2026-02-05T21:40:46.475+0000][5314.320s][info ][safepoint   ] Safepoint "Cleanup", Time since last: 1000257351 ns, Reaching safepoint: 337615 ns, Cleanup: 10700 ns, At safepoint: 46202 ns, Total: 394517 ns
[2026-02-05T21:40:46.679+0000][5314.525s][debug][safepoint   ] Safepoint synchronization initiated using futex wait barrier. (394 threads)
[2026-02-05T21:40:46.679+0000][5314.525s][info ][gc,start    ] GC(233) Pause Young (Normal) (G1 Evacuation Pause)
[2026-02-05T21:40:46.679+0000][5314.525s][info ][gc,task     ] GC(233) Using 10 workers of 10 for evacuation
[2026-02-05T21:40:46.683+0000][5314.529s][info ][gc,phases   ] GC(233)   Pre Evacuate Collection Set: 0.4ms
[2026-02-05T21:40:46.683+0000][5314.529s][info ][gc,phases   ] GC(233)   Merge Heap Roots: 0.2ms
[2026-02-05T21:40:46.683+0000][5314.529s][info ][gc,phases   ] GC(233)   Evacuate Collection Set: 1.4ms
[2026-02-05T21:40:46.683+0000][5314.529s][info ][gc,phases   ] GC(233)   Post Evacuate Collection Set: 1.5ms
[2026-02-05T21:40:46.684+0000][5314.530s][info ][gc,phases   ] GC(233)   Other: 0.5ms
[2026-02-05T21:40:46.684+0000][5314.530s][info ][gc,heap     ] GC(233) Eden regions: 86->0(86)
[2026-02-05T21:40:46.684+0000][5314.530s][info ][gc,heap     ] GC(233) Survivor regions: 1->1(11)
[2026-02-05T21:40:46.684+0000][5314.530s][info ][gc,heap     ] GC(233) Old regions: 87->87
[2026-02-05T21:40:46.684+0000][5314.530s][info ][gc,heap     ] GC(233) Archive regions: 2->2
[2026-02-05T21:40:46.684+0000][5314.530s][info ][gc,heap     ] GC(233) Humongous regions: 0->0
[2026-02-05T21:40:46.685+0000][5314.531s][info ][gc,metaspace] GC(233) Metaspace: 198778K(201472K)->198778K(201472K) NonClass: 174877K(176256K)->174877K(176256K) Class: 23901K(25216K)->23901K(25216K)
[2026-02-05T21:40:46.685+0000][5314.531s][info ][gc          ] GC(233) Pause Young (Normal) (G1 Evacuation Pause) 347M->176M(394M) 5.747ms
[2026-02-05T21:40:46.685+0000][5314.531s][info ][gc,cpu      ] GC(233) User=0.02s Sys=0.00s Real=0.00s
[2026-02-05T21:40:46.685+0000][5314.531s][info ][safepoint   ] Safepoint "G1CollectForAllocation", Time since last: 204082582 ns, Reaching safepoint: 260611 ns, Cleanup: 5000 ns, At safepoint: 6319269 ns, Total: 6584880 ns
[2026-02-05T21:41:00.686+0000][5328.533s][debug][safepoint   ] Safepoint synchronization initiated using futex wait barrier. (392 threads)
[2026-02-05T21:41:00.686+0000][5328.533s][info ][safepoint   ] Safepoint "Cleanup", Time since last: 14001887524 ns, Reaching safepoint: 289213 ns, Cleanup: 15500 ns, At safepoint: 5801 ns, Total: 310514 ns
[2026-02-05T21:41:18.793+0000][5346.642s][debug][safepoint   ] Safepoint synchronization initiated using futex wait barrier. (394 threads)
[2026-02-05T21:41:18.794+0000][5346.643s][info ][gc,start    ] GC(234) Pause Young (Normal) (G1 Evacuation Pause)
[2026-02-05T21:41:18.794+0000][5346.643s][info ][gc,task     ] GC(234) Using 10 workers of 10 for evacuation
[2026-02-05T21:41:18.798+0000][5346.647s][info ][gc,phases   ] GC(234)   Pre Evacuate Collection Set: 0.4ms
[2026-02-05T21:41:18.798+0000][5346.647s][info ][gc,phases   ] GC(234)   Merge Heap Roots: 0.2ms
[2026-02-05T21:41:18.798+0000][5346.647s][info ][gc,phases   ] GC(234)   Evacuate Collection Set: 1.1ms
[2026-02-05T21:41:18.799+0000][5346.647s][info ][gc,phases   ] GC(234)   Post Evacuate Collection Set: 1.6ms
[2026-02-05T21:41:18.799+0000][5346.648s][info ][gc,phases   ] GC(234)   Other: 0.7ms
[2026-02-05T21:41:18.799+0000][5346.648s][info ][gc,heap     ] GC(234) Eden regions: 86->0(86)
[2026-02-05T21:41:18.799+0000][5346.648s][info ][gc,heap     ] GC(234) Survivor regions: 1->1(11)
[2026-02-05T21:41:18.799+0000][5346.648s][info ][gc,heap     ] GC(234) Old regions: 87->87
[2026-02-05T21:41:18.800+0000][5346.648s][info ][gc,heap     ] GC(234) Archive regions: 2->2
[2026-02-05T21:41:18.800+0000][5346.649s][info ][gc,heap     ] GC(234) Humongous regions: 0->0
[2026-02-05T21:41:18.800+0000][5346.649s][info ][gc,metaspace] GC(234) Metaspace: 198781K(201472K)->198781K(201472K) NonClass: 174879K(176256K)->174879K(176256K) Class: 23901K(25216K)->23901K(25216K)
[2026-02-05T21:41:18.800+0000][5346.649s][info ][gc          ] GC(234) Pause Young (Normal) (G1 Evacuation Pause) 348M->176M(394M) 6.088ms
[2026-02-05T21:41:18.800+0000][5346.649s][info ][gc,cpu      ] GC(234) User=0.00s Sys=0.01s Real=0.00s
[2026-02-05T21:41:18.801+0000][5346.649s][info ][safepoint   ] Safepoint "G1CollectForAllocation", Time since last: 18108942956 ns, Reaching safepoint: 471920 ns, Cleanup: 4100 ns, At safepoint: 6642984 ns, Total: 7119004 ns
[2026-02-05T21:41:19.801+0000][5347.650s][debug][safepoint   ] Safepoint synchronization initiated using futex wait barrier. (394 threads)
[2026-02-05T21:41:19.801+0000][5347.650s][debug][safepoint   ] ... found polling page loop exception at pc = 0x0000708551bce482, stub =0x0000708550b10400
[2026-02-05T21:41:19.802+0000][5347.651s][info ][safepoint   ] Safepoint "Cleanup", Time since last: 1000391026 ns, Reaching safepoint: 689130 ns, Cleanup: 16600 ns, At safepoint: 105705 ns, Total: 811435 ns
[2026-02-05T21:41:22.544+0000][5350.393s][debug][safepoint   ] Safepoint synchronization initiated using futex wait barrier. (392 threads)
[2026-02-05T21:41:22.545+0000][5350.393s][info ][safepoint   ] Safepoint "Cleanup", Time since last: 2742348270 ns, Reaching safepoint: 251511 ns, Cleanup: 12800 ns, At safepoint: 76703 ns, Total: 341014 ns
[2026-02-05T21:41:44.547+0000][5372.396s][debug][safepoint   ] Safepoint synchronization initiated using futex wait barrier. (392 threads)
[2026-02-05T21:41:44.547+0000][5372.396s][info ][safepoint   ] Safepoint "Cleanup", Time since last: 22002643073 ns, Reaching safepoint: 228612 ns, Cleanup: 9700 ns, At safepoint: 38302 ns, Total: 276614 ns
[2026-02-05T21:41:48.863+0000][5376.713s][debug][safepoint   ] Safepoint synchronization initiated using futex wait barrier. (394 threads)
[2026-02-05T21:41:48.863+0000][5376.713s][info ][gc,start    ] GC(235) Pause Young (Normal) (G1 Evacuation Pause)
[2026-02-05T21:41:48.863+0000][5376.713s][info ][gc,task     ] GC(235) Using 10 workers of 10 for evacuation
[2026-02-05T21:41:48.868+0000][5376.718s][info ][gc,phases   ] GC(235)   Pre Evacuate Collection Set: 0.3ms
[2026-02-05T21:41:48.868+0000][5376.718s][info ][gc,phases   ] GC(235)   Merge Heap Roots: 0.2ms
[2026-02-05T21:41:48.868+0000][5376.718s][info ][gc,phases   ] GC(235)   Evacuate Collection Set: 1.6ms
[2026-02-05T21:41:48.869+0000][5376.718s][info ][gc,phases   ] GC(235)   Post Evacuate Collection Set: 1.8ms
[2026-02-05T21:41:48.869+0000][5376.719s][info ][gc,phases   ] GC(235)   Other: 0.9ms
[2026-02-05T21:41:48.869+0000][5376.719s][info ][gc,heap     ] GC(235) Eden regions: 86->0(86)
[2026-02-05T21:41:48.869+0000][5376.719s][info ][gc,heap     ] GC(235) Survivor regions: 1->1(11)
[2026-02-05T21:41:48.869+0000][5376.719s][info ][gc,heap     ] GC(235) Old regions: 87->87
[2026-02-05T21:41:48.869+0000][5376.719s][info ][gc,heap     ] GC(235) Archive regions: 2->2
[2026-02-05T21:41:48.869+0000][5376.719s][info ][gc,heap     ] GC(235) Humongous regions: 0->0
[2026-02-05T21:41:48.869+0000][5376.719s][info ][gc,metaspace] GC(235) Metaspace: 198791K(201472K)->198791K(201472K) NonClass: 174889K(176256K)->174889K(176256K) Class: 23901K(25216K)->23901K(25216K)
[2026-02-05T21:41:48.870+0000][5376.719s][info ][gc          ] GC(235) Pause Young (Normal) (G1 Evacuation Pause) 348M->176M(394M) 6.408ms
[2026-02-05T21:41:48.870+0000][5376.720s][info ][gc,cpu      ] GC(235) User=0.03s Sys=0.00s Real=0.01s
[2026-02-05T21:41:48.870+0000][5376.720s][info ][safepoint   ] Safepoint "G1CollectForAllocation", Time since last: 4316446569 ns, Reaching safepoint: 321614 ns, Cleanup: 5100 ns, At safepoint: 7199812 ns, Total: 7526526 ns
[2026-02-05T21:41:51.871+0000][5379.721s][debug][safepoint   ] Safepoint synchronization initiated using futex wait barrier. (394 threads)
[2026-02-05T21:41:51.871+0000][5379.721s][info ][safepoint   ] Safepoint "Cleanup", Time since last: 3000715938 ns, Reaching safepoint: 404818 ns, Cleanup: 13400 ns, At safepoint: 6201 ns, Total: 424419 ns
[2026-02-05T21:41:59.873+0000][5387.722s][debug][safepoint   ] Safepoint synchronization initiated using futex wait barrier. (394 threads)
[2026-02-05T21:41:59.873+0000][5387.723s][info ][safepoint   ] Safepoint "Cleanup", Time since last: 8001071647 ns, Reaching safepoint: 288612 ns, Cleanup: 11601 ns, At safepoint: 4200 ns, Total: 304413 ns
[2026-02-05T21:42:12.875+0000][5400.725s][debug][safepoint   ] Safepoint synchronization initiated using futex wait barrier. (392 threads)
[2026-02-05T21:42:12.875+0000][5400.725s][info ][safepoint   ] Safepoint "Cleanup", Time since last: 13001842085 ns, Reaching safepoint: 376916 ns, Cleanup: 11701 ns, At safepoint: 4600 ns, Total: 393217 ns
[2026-02-05T21:42:13.875+0000][5401.725s][debug][safepoint   ] Safepoint synchronization initiated using futex wait barrier. (392 threads)
[2026-02-05T21:42:13.876+0000][5401.726s][info ][safepoint   ] Safepoint "Cleanup", Time since last: 1000310647 ns, Reaching safepoint: 309213 ns, Cleanup: 11301 ns, At safepoint: 4400 ns, Total: 324914 ns
[2026-02-05T21:42:20.986+0000][5408.838s][debug][safepoint   ] Safepoint synchronization initiated using futex wait barrier. (392 threads)
[2026-02-05T21:42:20.987+0000][5408.838s][info ][gc,start    ] GC(236) Pause Young (Normal) (G1 Evacuation Pause)
[2026-02-05T21:42:20.987+0000][5408.839s][info ][gc,task     ] GC(236) Using 10 workers of 10 for evacuation
[2026-02-05T21:42:20.990+0000][5408.841s][info ][gc,phases   ] GC(236)   Pre Evacuate Collection Set: 0.4ms
[2026-02-05T21:42:20.990+0000][5408.842s][info ][gc,phases   ] GC(236)   Merge Heap Roots: 0.2ms
[2026-02-05T21:42:20.990+0000][5408.842s][info ][gc,phases   ] GC(236)   Evacuate Collection Set: 1.0ms
[2026-02-05T21:42:20.990+0000][5408.842s][info ][gc,phases   ] GC(236)   Post Evacuate Collection Set: 1.0ms
[2026-02-05T21:42:20.991+0000][5408.842s][info ][gc,phases   ] GC(236)   Other: 0.7ms
[2026-02-05T21:42:20.991+0000][5408.842s][info ][gc,heap     ] GC(236) Eden regions: 86->0(86)
[2026-02-05T21:42:20.991+0000][5408.842s][info ][gc,heap     ] GC(236) Survivor regions: 1->1(11)
[2026-02-05T21:42:20.991+0000][5408.843s][info ][gc,heap     ] GC(236) Old regions: 87->87
[2026-02-05T21:42:20.991+0000][5408.843s][info ][gc,heap     ] GC(236) Archive regions: 2->2
[2026-02-05T21:42:20.991+0000][5408.843s][info ][gc,heap     ] GC(236) Humongous regions: 0->0
[2026-02-05T21:42:20.992+0000][5408.843s][info ][gc,metaspace] GC(236) Metaspace: 198797K(201472K)->198797K(201472K) NonClass: 174895K(176256K)->174895K(176256K) Class: 23901K(25216K)->23901K(25216K)
[2026-02-05T21:42:20.992+0000][5408.843s][info ][gc          ] GC(236) Pause Young (Normal) (G1 Evacuation Pause) 348M->176M(394M) 5.052ms
[2026-02-05T21:42:20.992+0000][5408.844s][info ][gc,cpu      ] GC(236) User=0.02s Sys=0.00s Real=0.01s
[2026-02-05T21:42:20.993+0000][5408.844s][info ][safepoint   ] Safepoint "G1CollectForAllocation", Time since last: 7111926831 ns, Reaching safepoint: 648121 ns, Cleanup: 6000 ns, At safepoint: 6160498 ns, Total: 6814619 ns
[2026-02-05T21:42:25.994+0000][5413.845s][debug][safepoint   ] Safepoint synchronization initiated using futex wait barrier. (392 threads)
[2026-02-05T21:42:25.994+0000][5413.846s][info ][safepoint   ] Safepoint "Cleanup", Time since last: 5000821287 ns, Reaching safepoint: 320415 ns, Cleanup: 33802 ns, At safepoint: 8900 ns, Total: 363117 ns
[2026-02-05T21:42:32.265+0000][5420.117s][debug][safepoint   ] Safepoint synchronization initiated using futex wait barrier. (392 threads)
[2026-02-05T21:42:32.265+0000][5420.117s][info ][safepoint   ] Safepoint "Cleanup", Time since last: 6271278383 ns, Reaching safepoint: 235911 ns, Cleanup: 38502 ns, At safepoint: 10301 ns, Total: 284714 ns
[2026-02-05T21:42:35.266+0000][5423.118s][debug][safepoint   ] Safepoint synchronization initiated using futex wait barrier. (392 threads)
[2026-02-05T21:42:35.266+0000][5423.118s][info ][safepoint   ] Safepoint "Cleanup", Time since last: 3000565884 ns, Reaching safepoint: 390820 ns, Cleanup: 11501 ns, At safepoint: 8000 ns, Total: 410321 ns
[2026-02-05T21:42:52.622+0000][5440.475s][debug][safepoint   ] Safepoint synchronization initiated using futex wait barrier. (392 threads)
[2026-02-05T21:42:52.622+0000][5440.476s][info ][gc,start    ] GC(237) Pause Young (Normal) (G1 Evacuation Pause)
[2026-02-05T21:42:52.623+0000][5440.476s][info ][gc,task     ] GC(237) Using 10 workers of 10 for evacuation
[2026-02-05T21:42:52.627+0000][5440.480s][info ][gc,phases   ] GC(237)   Pre Evacuate Collection Set: 0.4ms
[2026-02-05T21:42:52.627+0000][5440.481s][info ][gc,phases   ] GC(237)   Merge Heap Roots: 0.2ms
[2026-02-05T21:42:52.628+0000][5440.481s][info ][gc,phases   ] GC(237)   Evacuate Collection Set: 1.3ms
[2026-02-05T21:42:52.628+0000][5440.481s][info ][gc,phases   ] GC(237)   Post Evacuate Collection Set: 1.9ms
[2026-02-05T21:42:52.628+0000][5440.482s][info ][gc,phases   ] GC(237)   Other: 0.8ms
[2026-02-05T21:42:52.628+0000][5440.482s][info ][gc,heap     ] GC(237) Eden regions: 86->0(86)
[2026-02-05T21:42:52.629+0000][5440.482s][info ][gc,heap     ] GC(237) Survivor regions: 1->1(11)
[2026-02-05T21:42:52.629+0000][5440.482s][info ][gc,heap     ] GC(237) Old regions: 87->87
[2026-02-05T21:42:52.629+0000][5440.482s][info ][gc,heap     ] GC(237) Archive regions: 2->2
[2026-02-05T21:42:52.629+0000][5440.483s][info ][gc,heap     ] GC(237) Humongous regions: 0->0
[2026-02-05T21:42:52.629+0000][5440.483s][info ][gc,metaspace] GC(237) Metaspace: 198797K(201472K)->198797K(201472K) NonClass: 174895K(176256K)->174895K(176256K) Class: 23901K(25216K)->23901K(25216K)
[2026-02-05T21:42:52.630+0000][5440.483s][info ][gc          ] GC(237) Pause Young (Normal) (G1 Evacuation Pause) 348M->176M(394M) 7.141ms
[2026-02-05T21:42:52.630+0000][5440.483s][info ][gc,cpu      ] GC(237) User=0.02s Sys=0.00s Real=0.01s
[2026-02-05T21:42:52.630+0000][5440.483s][info ][safepoint   ] Safepoint "G1CollectForAllocation", Time since last: 17357271013 ns, Reaching safepoint: 383617 ns, Cleanup: 5100 ns, At safepoint: 7761139 ns, Total: 8149856 ns
[2026-02-05T21:42:53.630+0000][5441.484s][debug][safepoint   ] Safepoint synchronization initiated using futex wait barrier. (392 threads)
[2026-02-05T21:42:53.631+0000][5441.484s][info ][safepoint   ] Safepoint "Cleanup", Time since last: 1000307180 ns, Reaching safepoint: 354416 ns, Cleanup: 10500 ns, At safepoint: 5601 ns, Total: 370517 ns
[2026-02-05T21:43:21.705+0000][5469.559s][debug][safepoint   ] Safepoint synchronization initiated using futex wait barrier. (392 threads)
[2026-02-05T21:43:21.705+0000][5469.560s][info ][safepoint   ] Safepoint "Cleanup", Time since last: 28075191139 ns, Reaching safepoint: 458921 ns, Cleanup: 44902 ns, At safepoint: 54702 ns, Total: 558525 ns
[2026-02-05T21:43:23.379+0000][5471.233s][debug][safepoint   ] Safepoint synchronization initiated using futex wait barrier. (392 threads)
[2026-02-05T21:43:23.380+0000][5471.234s][info ][gc,start    ] GC(238) Pause Young (Normal) (G1 Evacuation Pause)
[2026-02-05T21:43:23.380+0000][5471.235s][info ][gc,task     ] GC(238) Using 10 workers of 10 for evacuation
[2026-02-05T21:43:23.383+0000][5471.237s][info ][gc,phases   ] GC(238)   Pre Evacuate Collection Set: 0.4ms
[2026-02-05T21:43:23.383+0000][5471.237s][info ][gc,phases   ] GC(238)   Merge Heap Roots: 0.2ms
[2026-02-05T21:43:23.383+0000][5471.238s][info ][gc,phases   ] GC(238)   Evacuate Collection Set: 0.9ms
[2026-02-05T21:43:23.383+0000][5471.238s][info ][gc,phases   ] GC(238)   Post Evacuate Collection Set: 0.9ms
[2026-02-05T21:43:23.383+0000][5471.238s][info ][gc,phases   ] GC(238)   Other: 0.7ms
[2026-02-05T21:43:23.384+0000][5471.238s][info ][gc,heap     ] GC(238) Eden regions: 86->0(86)
[2026-02-05T21:43:23.384+0000][5471.238s][info ][gc,heap     ] GC(238) Survivor regions: 1->1(11)
[2026-02-05T21:43:23.384+0000][5471.238s][info ][gc,heap     ] GC(238) Old regions: 87->87
[2026-02-05T21:43:23.384+0000][5471.238s][info ][gc,heap     ] GC(238) Archive regions: 2->2
[2026-02-05T21:43:23.384+0000][5471.239s][info ][gc,heap     ] GC(238) Humongous regions: 0->0
[2026-02-05T21:43:23.384+0000][5471.239s][info ][gc,metaspace] GC(238) Metaspace: 198799K(201472K)->198799K(201472K) NonClass: 174897K(176256K)->174897K(176256K) Class: 23901K(25216K)->23901K(25216K)
[2026-02-05T21:43:23.384+0000][5471.239s][info ][gc          ] GC(238) Pause Young (Normal) (G1 Evacuation Pause) 348M->176M(394M) 4.593ms
[2026-02-05T21:43:23.385+0000][5471.239s][info ][gc,cpu      ] GC(238) User=0.01s Sys=0.00s Real=0.00s
[2026-02-05T21:43:23.385+0000][5471.239s][info ][safepoint   ] Safepoint "G1CollectForAllocation", Time since last: 1673519029 ns, Reaching safepoint: 686931 ns, Cleanup: 5000 ns, At safepoint: 5123830 ns, Total: 5815761 ns
[2026-02-05T21:43:24.385+0000][5472.240s][debug][safepoint   ] Safepoint synchronization initiated using futex wait barrier. (392 threads)
[2026-02-05T21:43:24.386+0000][5472.241s][info ][safepoint   ] Safepoint "Cleanup", Time since last: 1000342708 ns, Reaching safepoint: 1039446 ns, Cleanup: 36102 ns, At safepoint: 41802 ns, Total: 1117350 ns
[2026-02-05T21:43:55.599+0000][5503.455s][debug][safepoint   ] Safepoint synchronization initiated using futex wait barrier. (392 threads)
[2026-02-05T21:43:55.600+0000][5503.456s][info ][gc,start    ] GC(239) Pause Young (Normal) (G1 Evacuation Pause)
[2026-02-05T21:43:55.601+0000][5503.456s][info ][gc,task     ] GC(239) Using 10 workers of 10 for evacuation
[2026-02-05T21:43:55.605+0000][5503.460s][info ][gc,phases   ] GC(239)   Pre Evacuate Collection Set: 0.4ms
[2026-02-05T21:43:55.605+0000][5503.460s][info ][gc,phases   ] GC(239)   Merge Heap Roots: 0.2ms
[2026-02-05T21:43:55.605+0000][5503.461s][info ][gc,phases   ] GC(239)   Evacuate Collection Set: 1.1ms
[2026-02-05T21:43:55.605+0000][5503.461s][info ][gc,phases   ] GC(239)   Post Evacuate Collection Set: 1.8ms
[2026-02-05T21:43:55.606+0000][5503.461s][info ][gc,phases   ] GC(239)   Other: 1.1ms
[2026-02-05T21:43:55.606+0000][5503.461s][info ][gc,heap     ] GC(239) Eden regions: 86->0(86)
[2026-02-05T21:43:55.606+0000][5503.461s][info ][gc,heap     ] GC(239) Survivor regions: 1->1(11)
[2026-02-05T21:43:55.606+0000][5503.461s][info ][gc,heap     ] GC(239) Old regions: 87->87
[2026-02-05T21:43:55.606+0000][5503.462s][info ][gc,heap     ] GC(239) Archive regions: 2->2
[2026-02-05T21:43:55.606+0000][5503.462s][info ][gc,heap     ] GC(239) Humongous regions: 0->0
[2026-02-05T21:43:55.607+0000][5503.462s][info ][gc,metaspace] GC(239) Metaspace: 198800K(201472K)->198800K(201472K) NonClass: 174898K(176256K)->174898K(176256K) Class: 23901K(25216K)->23901K(25216K)
[2026-02-05T21:43:55.607+0000][5503.462s][info ][gc          ] GC(239) Pause Young (Normal) (G1 Evacuation Pause) 348M->176M(394M) 6.438ms
[2026-02-05T21:43:55.607+0000][5503.462s][info ][gc,cpu      ] GC(239) User=0.01s Sys=0.01s Real=0.01s
[2026-02-05T21:43:55.607+0000][5503.463s][info ][safepoint   ] Safepoint "G1CollectForAllocation", Time since last: 31213974624 ns, Reaching safepoint: 723031 ns, Cleanup: 4300 ns, At safepoint: 7127912 ns, Total: 7855243 ns
[2026-02-05T21:44:17.608+0000][5525.465s][debug][safepoint   ] Safepoint synchronization initiated using futex wait barrier. (392 threads)
[2026-02-05T21:44:17.609+0000][5525.466s][info ][safepoint   ] Safepoint "Cleanup", Time since last: 22002595927 ns, Reaching safepoint: 376512 ns, Cleanup: 31601 ns, At safepoint: 8501 ns, Total: 416614 ns
[2026-02-05T21:44:26.575+0000][5534.432s][debug][safepoint   ] Safepoint synchronization initiated using futex wait barrier. (392 threads)
[2026-02-05T21:44:26.576+0000][5534.433s][info ][gc,start    ] GC(240) Pause Young (Normal) (G1 Evacuation Pause)
[2026-02-05T21:44:26.576+0000][5534.433s][info ][gc,task     ] GC(240) Using 10 workers of 10 for evacuation
[2026-02-05T21:44:26.581+0000][5534.437s][info ][gc,phases   ] GC(240)   Pre Evacuate Collection Set: 0.4ms
[2026-02-05T21:44:26.581+0000][5534.438s][info ][gc,phases   ] GC(240)   Merge Heap Roots: 0.2ms
[2026-02-05T21:44:26.581+0000][5534.438s][info ][gc,phases   ] GC(240)   Evacuate Collection Set: 2.0ms
[2026-02-05T21:44:26.581+0000][5534.438s][info ][gc,phases   ] GC(240)   Post Evacuate Collection Set: 1.3ms
[2026-02-05T21:44:26.581+0000][5534.438s][info ][gc,phases   ] GC(240)   Other: 1.0ms
[2026-02-05T21:44:26.581+0000][5534.438s][info ][gc,heap     ] GC(240) Eden regions: 86->0(86)
[2026-02-05T21:44:26.582+0000][5534.439s][info ][gc,heap     ] GC(240) Survivor regions: 1->1(11)
[2026-02-05T21:44:26.582+0000][5534.439s][info ][gc,heap     ] GC(240) Old regions: 87->87
[2026-02-05T21:44:26.582+0000][5534.439s][info ][gc,heap     ] GC(240) Archive regions: 2->2
[2026-02-05T21:44:26.582+0000][5534.439s][info ][gc,heap     ] GC(240) Humongous regions: 0->0
[2026-02-05T21:44:26.582+0000][5534.439s][info ][gc,metaspace] GC(240) Metaspace: 198827K(201536K)->198827K(201536K) NonClass: 174924K(176320K)->174924K(176320K) Class: 23902K(25216K)->23902K(25216K)
[2026-02-05T21:44:26.582+0000][5534.439s][info ][gc          ] GC(240) Pause Young (Normal) (G1 Evacuation Pause) 348M->176M(394M) 6.677ms
[2026-02-05T21:44:26.583+0000][5534.440s][info ][gc,cpu      ] GC(240) User=0.01s Sys=0.00s Real=0.01s
[2026-02-05T21:44:26.583+0000][5534.440s][info ][safepoint   ] Safepoint "G1CollectForAllocation", Time since last: 8966077661 ns, Reaching safepoint: 949947 ns, Cleanup: 6200 ns, At safepoint: 7470473 ns, Total: 8426620 ns
[2026-02-05T21:44:39.585+0000][5547.442s][debug][safepoint   ] Safepoint synchronization initiated using futex wait barrier. (392 threads)
[2026-02-05T21:44:39.585+0000][5547.442s][info ][safepoint   ] Safepoint "Cleanup", Time since last: 13001567490 ns, Reaching safepoint: 526625 ns, Cleanup: 78304 ns, At safepoint: 39402 ns, Total: 644331 ns
[2026-02-05T21:44:47.585+0000][5555.443s][debug][safepoint   ] Safepoint synchronization initiated using futex wait barrier. (392 threads)
[2026-02-05T21:44:47.586+0000][5555.444s][info ][safepoint   ] Safepoint "Cleanup", Time since last: 8001209988 ns, Reaching safepoint: 382816 ns, Cleanup: 11101 ns, At safepoint: 4000 ns, Total: 397917 ns
[2026-02-05T21:44:53.586+0000][5561.445s][debug][safepoint   ] Safepoint synchronization initiated using futex wait barrier. (392 threads)
[2026-02-05T21:44:53.587+0000][5561.445s][info ][safepoint   ] Safepoint "Cleanup", Time since last: 6000781503 ns, Reaching safepoint: 352815 ns, Cleanup: 11800 ns, At safepoint: 6501 ns, Total: 371116 ns
[2026-02-05T21:44:57.975+0000][5565.833s][debug][safepoint   ] Safepoint synchronization initiated using futex wait barrier. (392 threads)
[2026-02-05T21:44:57.975+0000][5565.834s][info ][gc,start    ] GC(241) Pause Young (Normal) (G1 Evacuation Pause)
[2026-02-05T21:44:57.976+0000][5565.834s][info ][gc,task     ] GC(241) Using 10 workers of 10 for evacuation
[2026-02-05T21:44:57.982+0000][5565.841s][info ][gc,phases   ] GC(241)   Pre Evacuate Collection Set: 0.5ms
[2026-02-05T21:44:57.983+0000][5565.841s][info ][gc,phases   ] GC(241)   Merge Heap Roots: 0.3ms
[2026-02-05T21:44:57.983+0000][5565.842s][info ][gc,phases   ] GC(241)   Evacuate Collection Set: 2.7ms
[2026-02-05T21:44:57.984+0000][5565.842s][info ][gc,phases   ] GC(241)   Post Evacuate Collection Set: 2.3ms
[2026-02-05T21:44:57.984+0000][5565.842s][info ][gc,phases   ] GC(241)   Other: 1.3ms
[2026-02-05T21:44:57.984+0000][5565.842s][info ][gc,heap     ] GC(241) Eden regions: 86->0(86)
[2026-02-05T21:44:57.984+0000][5565.843s][info ][gc,heap     ] GC(241) Survivor regions: 1->1(11)
[2026-02-05T21:44:57.984+0000][5565.843s][info ][gc,heap     ] GC(241) Old regions: 87->87
[2026-02-05T21:44:57.985+0000][5565.843s][info ][gc,heap     ] GC(241) Archive regions: 2->2
[2026-02-05T21:44:57.985+0000][5565.843s][info ][gc,heap     ] GC(241) Humongous regions: 0->0
[2026-02-05T21:44:57.985+0000][5565.843s][info ][gc,metaspace] GC(241) Metaspace: 198828K(201536K)->198828K(201536K) NonClass: 174925K(176320K)->174925K(176320K) Class: 23902K(25216K)->23902K(25216K)
[2026-02-05T21:44:57.985+0000][5565.844s][info ][gc          ] GC(241) Pause Young (Normal) (G1 Evacuation Pause) 348M->176M(394M) 9.829ms
[2026-02-05T21:44:57.986+0000][5565.844s][info ][gc,cpu      ] GC(241) User=0.03s Sys=0.00s Real=0.01s
[2026-02-05T21:44:57.986+0000][5565.844s][info ][safepoint   ] Safepoint "G1CollectForAllocation", Time since last: 4387952517 ns, Reaching safepoint: 736432 ns, Cleanup: 10601 ns, At safepoint: 10670963 ns, Total: 11417996 ns
[2026-02-05T21:45:30.233+0000][5598.093s][debug][safepoint   ] Safepoint synchronization initiated using futex wait barrier. (392 threads)
[2026-02-05T21:45:30.234+0000][5598.094s][info ][gc,start    ] GC(242) Pause Young (Normal) (G1 Evacuation Pause)
[2026-02-05T21:45:30.234+0000][5598.094s][info ][gc,task     ] GC(242) Using 10 workers of 10 for evacuation
[2026-02-05T21:45:30.241+0000][5598.101s][info ][gc,phases   ] GC(242)   Pre Evacuate Collection Set: 0.5ms
[2026-02-05T21:45:30.241+0000][5598.101s][info ][gc,phases   ] GC(242)   Merge Heap Roots: 0.2ms
[2026-02-05T21:45:30.241+0000][5598.101s][info ][gc,phases   ] GC(242)   Evacuate Collection Set: 4.1ms
[2026-02-05T21:45:30.241+0000][5598.101s][info ][gc,phases   ] GC(242)   Post Evacuate Collection Set: 1.6ms
[2026-02-05T21:45:30.242+0000][5598.101s][info ][gc,phases   ] GC(242)   Other: 1.0ms
[2026-02-05T21:45:30.242+0000][5598.102s][info ][gc,heap     ] GC(242) Eden regions: 86->0(86)
[2026-02-05T21:45:30.242+0000][5598.102s][info ][gc,heap     ] GC(242) Survivor regions: 1->1(11)
[2026-02-05T21:45:30.242+0000][5598.102s][info ][gc,heap     ] GC(242) Old regions: 87->87
[2026-02-05T21:45:30.242+0000][5598.102s][info ][gc,heap     ] GC(242) Archive regions: 2->2
[2026-02-05T21:45:30.242+0000][5598.102s][info ][gc,heap     ] GC(242) Humongous regions: 0->0
[2026-02-05T21:45:30.242+0000][5598.102s][info ][gc,metaspace] GC(242) Metaspace: 198828K(201536K)->198828K(201536K) NonClass: 174926K(176320K)->174926K(176320K) Class: 23902K(25216K)->23902K(25216K)
[2026-02-05T21:45:30.243+0000][5598.103s][info ][gc          ] GC(242) Pause Young (Normal) (G1 Evacuation Pause) 348M->176M(394M) 8.912ms
[2026-02-05T21:45:30.243+0000][5598.103s][info ][gc,cpu      ] GC(242) User=0.03s Sys=0.00s Real=0.01s
[2026-02-05T21:45:30.243+0000][5598.103s][info ][safepoint   ] Safepoint "G1CollectForAllocation", Time since last: 32248474677 ns, Reaching safepoint: 566825 ns, Cleanup: 83604 ns, At safepoint: 9706629 ns, Total: 10357058 ns
[2026-02-05T21:45:38.245+0000][5606.105s][debug][safepoint   ] Safepoint synchronization initiated using futex wait barrier. (392 threads)
[2026-02-05T21:45:38.245+0000][5606.105s][info ][safepoint   ] Safepoint "Cleanup", Time since last: 8001366908 ns, Reaching safepoint: 251111 ns, Cleanup: 11300 ns, At safepoint: 3901 ns, Total: 266312 ns
[2026-02-05T21:46:00.460+0000][5628.321s][debug][safepoint   ] Safepoint synchronization initiated using futex wait barrier. (392 threads)
[2026-02-05T21:46:00.461+0000][5628.322s][info ][gc,start    ] GC(243) Pause Young (Normal) (G1 Evacuation Pause)
[2026-02-05T21:46:00.462+0000][5628.322s][info ][gc,task     ] GC(243) Using 10 workers of 10 for evacuation
[2026-02-05T21:46:00.466+0000][5628.327s][info ][gc,phases   ] GC(243)   Pre Evacuate Collection Set: 0.4ms
[2026-02-05T21:46:00.466+0000][5628.327s][info ][gc,phases   ] GC(243)   Merge Heap Roots: 0.2ms
[2026-02-05T21:46:00.466+0000][5628.327s][info ][gc,phases   ] GC(243)   Evacuate Collection Set: 1.4ms
[2026-02-05T21:46:00.467+0000][5628.327s][info ][gc,phases   ] GC(243)   Post Evacuate Collection Set: 1.7ms
[2026-02-05T21:46:00.467+0000][5628.328s][info ][gc,phases   ] GC(243)   Other: 0.8ms
[2026-02-05T21:46:00.467+0000][5628.328s][info ][gc,heap     ] GC(243) Eden regions: 86->0(85)
[2026-02-05T21:46:00.467+0000][5628.328s][info ][gc,heap     ] GC(243) Survivor regions: 1->1(11)
[2026-02-05T21:46:00.467+0000][5628.328s][info ][gc,heap     ] GC(243) Old regions: 87->88
[2026-02-05T21:46:00.468+0000][5628.328s][info ][gc,heap     ] GC(243) Archive regions: 2->2
[2026-02-05T21:46:00.468+0000][5628.329s][info ][gc,heap     ] GC(243) Humongous regions: 0->0
[2026-02-05T21:46:00.468+0000][5628.329s][info ][gc,metaspace] GC(243) Metaspace: 198837K(201536K)->198837K(201536K) NonClass: 174935K(176320K)->174935K(176320K) Class: 23902K(25216K)->23902K(25216K)
[2026-02-05T21:46:00.468+0000][5628.329s][info ][gc          ] GC(243) Pause Young (Normal) (G1 Evacuation Pause) 348M->176M(394M) 6.818ms
[2026-02-05T21:46:00.468+0000][5628.329s][info ][gc,cpu      ] GC(243) User=0.02s Sys=0.00s Real=0.00s
[2026-02-05T21:46:00.469+0000][5628.329s][info ][safepoint   ] Safepoint "G1CollectForAllocation", Time since last: 22215998614 ns, Reaching safepoint: 1142350 ns, Cleanup: 19401 ns, At safepoint: 7456427 ns, Total: 8618178 ns
[2026-02-05T21:46:28.944+0000][5656.806s][debug][safepoint   ] Safepoint synchronization initiated using futex wait barrier. (392 threads)
[2026-02-05T21:46:28.944+0000][5656.806s][info ][safepoint   ] Safepoint "Cleanup", Time since last: 28476678139 ns, Reaching safepoint: 275114 ns, Cleanup: 31001 ns, At safepoint: 13101 ns, Total: 319216 ns
[2026-02-05T21:46:29.944+0000][5657.807s][debug][safepoint   ] Safepoint synchronization initiated using futex wait barrier. (392 threads)
[2026-02-05T21:46:29.945+0000][5657.807s][info ][safepoint   ] Safepoint "Cleanup", Time since last: 1000427969 ns, Reaching safepoint: 407921 ns, Cleanup: 12101 ns, At safepoint: 5300 ns, Total: 425322 ns
[2026-02-05T21:46:32.175+0000][5660.038s][debug][safepoint   ] Safepoint synchronization initiated using futex wait barrier. (392 threads)
[2026-02-05T21:46:32.177+0000][5660.039s][info ][gc,start    ] GC(244) Pause Young (Normal) (G1 Evacuation Pause)
[2026-02-05T21:46:32.177+0000][5660.040s][info ][gc,task     ] GC(244) Using 10 workers of 10 for evacuation
[2026-02-05T21:46:32.181+0000][5660.044s][info ][gc,phases   ] GC(244)   Pre Evacuate Collection Set: 0.3ms
[2026-02-05T21:46:32.181+0000][5660.044s][info ][gc,phases   ] GC(244)   Merge Heap Roots: 0.2ms
[2026-02-05T21:46:32.182+0000][5660.044s][info ][gc,phases   ] GC(244)   Evacuate Collection Set: 1.6ms
[2026-02-05T21:46:32.182+0000][5660.044s][info ][gc,phases   ] GC(244)   Post Evacuate Collection Set: 1.4ms
[2026-02-05T21:46:32.182+0000][5660.045s][info ][gc,phases   ] GC(244)   Other: 0.9ms
[2026-02-05T21:46:32.182+0000][5660.045s][info ][gc,heap     ] GC(244) Eden regions: 85->0(85)
[2026-02-05T21:46:32.182+0000][5660.045s][info ][gc,heap     ] GC(244) Survivor regions: 1->1(11)
[2026-02-05T21:46:32.182+0000][5660.045s][info ][gc,heap     ] GC(244) Old regions: 88->88
[2026-02-05T21:46:32.183+0000][5660.045s][info ][gc,heap     ] GC(244) Archive regions: 2->2
[2026-02-05T21:46:32.183+0000][5660.045s][info ][gc,heap     ] GC(244) Humongous regions: 0->0
[2026-02-05T21:46:32.183+0000][5660.046s][info ][gc,metaspace] GC(244) Metaspace: 198840K(201536K)->198840K(201536K) NonClass: 174938K(176320K)->174938K(176320K) Class: 23902K(25216K)->23902K(25216K)
[2026-02-05T21:46:32.183+0000][5660.046s][info ][gc          ] GC(244) Pause Young (Normal) (G1 Evacuation Pause) 346M->176M(394M) 6.491ms
[2026-02-05T21:46:32.183+0000][5660.046s][info ][gc,cpu      ] GC(244) User=0.01s Sys=0.01s Real=0.01s
[2026-02-05T21:46:32.184+0000][5660.046s][info ][safepoint   ] Safepoint "G1CollectForAllocation", Time since last: 2230408526 ns, Reaching safepoint: 1409872 ns, Cleanup: 8801 ns, At safepoint: 7239972 ns, Total: 8658645 ns
[2026-02-05T21:46:38.185+0000][5666.047s][debug][safepoint   ] Safepoint synchronization initiated using futex wait barrier. (392 threads)
[2026-02-05T21:46:38.185+0000][5666.048s][info ][safepoint   ] Safepoint "Cleanup", Time since last: 6001052682 ns, Reaching safepoint: 292517 ns, Cleanup: 31802 ns, At safepoint: 9600 ns, Total: 333919 ns
[2026-02-05T21:46:55.186+0000][5683.050s][debug][safepoint   ] Safepoint synchronization initiated using futex wait barrier. (392 threads)
[2026-02-05T21:46:55.187+0000][5683.050s][info ][safepoint   ] Safepoint "Cleanup", Time since last: 17002297724 ns, Reaching safepoint: 326815 ns, Cleanup: 11100 ns, At safepoint: 4600 ns, Total: 342515 ns
[2026-02-05T21:47:00.188+0000][5688.051s][debug][safepoint   ] Safepoint synchronization initiated using futex wait barrier. (392 threads)
[2026-02-05T21:47:00.188+0000][5688.052s][info ][safepoint   ] Safepoint "Cleanup", Time since last: 5000986955 ns, Reaching safepoint: 346915 ns, Cleanup: 14101 ns, At safepoint: 4800 ns, Total: 365816 ns
[2026-02-05T21:47:03.528+0000][5691.392s][debug][safepoint   ] Safepoint synchronization initiated using futex wait barrier. (392 threads)
[2026-02-05T21:47:03.529+0000][5691.393s][info ][gc,start    ] GC(245) Pause Young (Normal) (G1 Evacuation Pause)
[2026-02-05T21:47:03.529+0000][5691.393s][info ][gc,task     ] GC(245) Using 10 workers of 10 for evacuation
[2026-02-05T21:47:03.534+0000][5691.398s][info ][gc,phases   ] GC(245)   Pre Evacuate Collection Set: 0.3ms
[2026-02-05T21:47:03.534+0000][5691.398s][info ][gc,phases   ] GC(245)   Merge Heap Roots: 0.2ms
[2026-02-05T21:47:03.535+0000][5691.398s][info ][gc,phases   ] GC(245)   Evacuate Collection Set: 2.1ms
[2026-02-05T21:47:03.535+0000][5691.399s][info ][gc,phases   ] GC(245)   Post Evacuate Collection Set: 1.8ms
[2026-02-05T21:47:03.535+0000][5691.399s][info ][gc,phases   ] GC(245)   Other: 0.8ms
[2026-02-05T21:47:03.535+0000][5691.399s][info ][gc,heap     ] GC(245) Eden regions: 85->0(85)
[2026-02-05T21:47:03.536+0000][5691.399s][info ][gc,heap     ] GC(245) Survivor regions: 1->1(11)
[2026-02-05T21:47:03.536+0000][5691.400s][info ][gc,heap     ] GC(245) Old regions: 88->88
[2026-02-05T21:47:03.536+0000][5691.400s][info ][gc,heap     ] GC(245) Archive regions: 2->2
[2026-02-05T21:47:03.536+0000][5691.400s][info ][gc,heap     ] GC(245) Humongous regions: 0->0
[2026-02-05T21:47:03.536+0000][5691.400s][info ][gc,metaspace] GC(245) Metaspace: 198841K(201536K)->198841K(201536K) NonClass: 174938K(176320K)->174938K(176320K) Class: 23902K(25216K)->23902K(25216K)
[2026-02-05T21:47:03.536+0000][5691.400s][info ][gc          ] GC(245) Pause Young (Normal) (G1 Evacuation Pause) 346M->176M(394M) 7.517ms
[2026-02-05T21:47:03.537+0000][5691.400s][info ][gc,cpu      ] GC(245) User=0.03s Sys=0.00s Real=0.01s
[2026-02-05T21:47:03.537+0000][5691.401s][info ][safepoint   ] Safepoint "G1CollectForAllocation", Time since last: 3340287194 ns, Reaching safepoint: 559025 ns, Cleanup: 4800 ns, At safepoint: 8136362 ns, Total: 8700187 ns
[2026-02-05T21:47:09.538+0000][5697.402s][debug][safepoint   ] Safepoint synchronization initiated using futex wait barrier. (392 threads)
[2026-02-05T21:47:09.539+0000][5697.402s][info ][safepoint   ] Safepoint "Cleanup", Time since last: 6001044143 ns, Reaching safepoint: 470521 ns, Cleanup: 15001 ns, At safepoint: 4200 ns, Total: 489722 ns
[2026-02-05T21:47:10.539+0000][5698.403s][debug][safepoint   ] Safepoint synchronization initiated using futex wait barrier. (392 threads)
[2026-02-05T21:47:10.539+0000][5698.403s][info ][safepoint   ] Safepoint "Cleanup", Time since last: 1000426178 ns, Reaching safepoint: 316714 ns, Cleanup: 11601 ns, At safepoint: 4500 ns, Total: 332815 ns
[2026-02-05T21:47:11.540+0000][5699.403s][debug][safepoint   ] Safepoint synchronization initiated using futex wait barrier. (392 threads)
[2026-02-05T21:47:11.540+0000][5699.404s][info ][safepoint   ] Safepoint "Cleanup", Time since last: 1000329674 ns, Reaching safepoint: 430119 ns, Cleanup: 15401 ns, At safepoint: 16600 ns, Total: 462120 ns
[2026-02-05T21:47:17.539+0000][5705.405s][debug][safepoint   ] Safepoint synchronization initiated using futex wait barrier. (392 threads)
[2026-02-05T21:47:17.540+0000][5705.405s][info ][safepoint   ] Safepoint "Cleanup", Time since last: 6000826133 ns, Reaching safepoint: 481221 ns, Cleanup: 12101 ns, At safepoint: 29401 ns, Total: 522723 ns
[2026-02-05T21:47:33.682+0000][5721.547s][debug][safepoint   ] Safepoint synchronization initiated using futex wait barrier. (392 threads)
[2026-02-05T21:47:33.683+0000][5721.548s][info ][gc,start    ] GC(246) Pause Young (Normal) (G1 Evacuation Pause)
[2026-02-05T21:47:33.683+0000][5721.548s][info ][gc,task     ] GC(246) Using 10 workers of 10 for evacuation
[2026-02-05T21:47:33.687+0000][5721.552s][info ][gc,phases   ] GC(246)   Pre Evacuate Collection Set: 0.3ms
[2026-02-05T21:47:33.687+0000][5721.552s][info ][gc,phases   ] GC(246)   Merge Heap Roots: 0.2ms
[2026-02-05T21:47:33.687+0000][5721.552s][info ][gc,phases   ] GC(246)   Evacuate Collection Set: 1.5ms
[2026-02-05T21:47:33.687+0000][5721.553s][info ][gc,phases   ] GC(246)   Post Evacuate Collection Set: 1.5ms
[2026-02-05T21:47:33.687+0000][5721.553s][info ][gc,phases   ] GC(246)   Other: 0.7ms
[2026-02-05T21:47:33.687+0000][5721.553s][info ][gc,heap     ] GC(246) Eden regions: 85->0(85)
[2026-02-05T21:47:33.688+0000][5721.553s][info ][gc,heap     ] GC(246) Survivor regions: 1->1(11)
[2026-02-05T21:47:33.688+0000][5721.553s][info ][gc,heap     ] GC(246) Old regions: 88->88
[2026-02-05T21:47:33.688+0000][5721.553s][info ][gc,heap     ] GC(246) Archive regions: 2->2
[2026-02-05T21:47:33.688+0000][5721.553s][info ][gc,heap     ] GC(246) Humongous regions: 0->0
[2026-02-05T21:47:33.688+0000][5721.554s][info ][gc,metaspace] GC(246) Metaspace: 198842K(201536K)->198842K(201536K) NonClass: 174939K(176320K)->174939K(176320K) Class: 23903K(25216K)->23903K(25216K)
[2026-02-05T21:47:33.688+0000][5721.554s][info ][gc          ] GC(246) Pause Young (Normal) (G1 Evacuation Pause) 346M->176M(394M) 5.716ms
[2026-02-05T21:47:33.688+0000][5721.554s][info ][gc,cpu      ] GC(246) User=0.00s Sys=0.01s Real=0.01s
[2026-02-05T21:47:33.689+0000][5721.554s][info ][safepoint   ] Safepoint "G1CollectForAllocation", Time since last: 16142026705 ns, Reaching safepoint: 648629 ns, Cleanup: 26501 ns, At safepoint: 6265277 ns, Total: 6940407 ns
[2026-02-05T21:48:05.677+0000][5753.544s][debug][safepoint   ] Safepoint synchronization initiated using futex wait barrier. (392 threads)
[2026-02-05T21:48:05.678+0000][5753.544s][info ][gc,start    ] GC(247) Pause Young (Normal) (G1 Evacuation Pause)
[2026-02-05T21:48:05.678+0000][5753.545s][info ][gc,task     ] GC(247) Using 10 workers of 10 for evacuation
[2026-02-05T21:48:05.682+0000][5753.549s][info ][gc,phases   ] GC(247)   Pre Evacuate Collection Set: 0.4ms
[2026-02-05T21:48:05.683+0000][5753.549s][info ][gc,phases   ] GC(247)   Merge Heap Roots: 0.2ms
[2026-02-05T21:48:05.683+0000][5753.549s][info ][gc,phases   ] GC(247)   Evacuate Collection Set: 1.3ms
[2026-02-05T21:48:05.683+0000][5753.549s][info ][gc,phases   ] GC(247)   Post Evacuate Collection Set: 1.5ms
[2026-02-05T21:48:05.683+0000][5753.549s][info ][gc,phases   ] GC(247)   Other: 1.0ms
[2026-02-05T21:48:05.683+0000][5753.549s][info ][gc,heap     ] GC(247) Eden regions: 85->0(85)
[2026-02-05T21:48:05.683+0000][5753.549s][info ][gc,heap     ] GC(247) Survivor regions: 1->1(11)
[2026-02-05T21:48:05.683+0000][5753.550s][info ][gc,heap     ] GC(247) Old regions: 88->88
[2026-02-05T21:48:05.683+0000][5753.550s][info ][gc,heap     ] GC(247) Archive regions: 2->2
[2026-02-05T21:48:05.684+0000][5753.550s][info ][gc,heap     ] GC(247) Humongous regions: 0->0
[2026-02-05T21:48:05.684+0000][5753.550s][info ][gc,metaspace] GC(247) Metaspace: 198842K(201536K)->198842K(201536K) NonClass: 174939K(176320K)->174939K(176320K) Class: 23903K(25216K)->23903K(25216K)
[2026-02-05T21:48:05.684+0000][5753.550s][info ][gc          ] GC(247) Pause Young (Normal) (G1 Evacuation Pause) 346M->176M(394M) 5.808ms
[2026-02-05T21:48:05.684+0000][5753.550s][info ][gc,cpu      ] GC(247) User=0.02s Sys=0.00s Real=0.00s
[2026-02-05T21:48:05.685+0000][5753.551s][info ][safepoint   ] Safepoint "G1CollectForAllocation", Time since last: 31989429420 ns, Reaching safepoint: 539024 ns, Cleanup: 38901 ns, At safepoint: 6700096 ns, Total: 7278021 ns
[2026-02-05T21:48:08.686+0000][5756.552s][debug][safepoint   ] Safepoint synchronization initiated using futex wait barrier. (392 threads)
[2026-02-05T21:48:08.686+0000][5756.552s][info ][safepoint   ] Safepoint "Cleanup", Time since last: 3000946893 ns, Reaching safepoint: 251411 ns, Cleanup: 9800 ns, At safepoint: 3800 ns, Total: 265011 ns
[2026-02-05T21:48:36.289+0000][5784.157s][debug][safepoint   ] Safepoint synchronization initiated using futex wait barrier. (392 threads)
[2026-02-05T21:48:36.290+0000][5784.158s][info ][gc,start    ] GC(248) Pause Young (Normal) (G1 Evacuation Pause)
[2026-02-05T21:48:36.290+0000][5784.158s][info ][gc,task     ] GC(248) Using 10 workers of 10 for evacuation
[2026-02-05T21:48:36.295+0000][5784.163s][info ][gc,phases   ] GC(248)   Pre Evacuate Collection Set: 0.3ms
[2026-02-05T21:48:36.295+0000][5784.163s][info ][gc,phases   ] GC(248)   Merge Heap Roots: 0.3ms
[2026-02-05T21:48:36.295+0000][5784.163s][info ][gc,phases   ] GC(248)   Evacuate Collection Set: 1.7ms
[2026-02-05T21:48:36.295+0000][5784.163s][info ][gc,phases   ] GC(248)   Post Evacuate Collection Set: 1.7ms
[2026-02-05T21:48:36.296+0000][5784.164s][info ][gc,phases   ] GC(248)   Other: 0.9ms
[2026-02-05T21:48:36.296+0000][5784.164s][info ][gc,heap     ] GC(248) Eden regions: 85->0(85)
[2026-02-05T21:48:36.296+0000][5784.164s][info ][gc,heap     ] GC(248) Survivor regions: 1->1(11)
[2026-02-05T21:48:36.296+0000][5784.164s][info ][gc,heap     ] GC(248) Old regions: 88->88
[2026-02-05T21:48:36.296+0000][5784.164s][info ][gc,heap     ] GC(248) Archive regions: 2->2
[2026-02-05T21:48:36.296+0000][5784.164s][info ][gc,heap     ] GC(248) Humongous regions: 0->0
[2026-02-05T21:48:36.297+0000][5784.165s][info ][gc,metaspace] GC(248) Metaspace: 198847K(201536K)->198847K(201536K) NonClass: 174943K(176320K)->174943K(176320K) Class: 23903K(25216K)->23903K(25216K)
[2026-02-05T21:48:36.297+0000][5784.165s][info ][gc          ] GC(248) Pause Young (Normal) (G1 Evacuation Pause) 346M->177M(394M) 7.036ms
[2026-02-05T21:48:36.297+0000][5784.165s][info ][gc,cpu      ] GC(248) User=0.01s Sys=0.00s Real=0.01s
[2026-02-05T21:48:36.298+0000][5784.166s][info ][safepoint   ] Safepoint "G1CollectForAllocation", Time since last: 27604867196 ns, Reaching safepoint: 790938 ns, Cleanup: 4901 ns, At safepoint: 7945882 ns, Total: 8741721 ns
[2026-02-05T21:48:53.299+0000][5801.168s][debug][safepoint   ] Safepoint synchronization initiated using futex wait barrier. (392 threads)
[2026-02-05T21:48:53.299+0000][5801.168s][info ][safepoint   ] Safepoint "Cleanup", Time since last: 17002141930 ns, Reaching safepoint: 252011 ns, Cleanup: 29701 ns, At safepoint: 7101 ns, Total: 288813 ns
[2026-02-05T21:49:07.379+0000][5815.248s][debug][safepoint   ] Safepoint synchronization initiated using futex wait barrier. (392 threads)
[2026-02-05T21:49:07.380+0000][5815.249s][info ][gc,start    ] GC(249) Pause Young (Normal) (G1 Evacuation Pause)
[2026-02-05T21:49:07.380+0000][5815.249s][info ][gc,task     ] GC(249) Using 10 workers of 10 for evacuation
[2026-02-05T21:49:07.385+0000][5815.254s][info ][gc,phases   ] GC(249)   Pre Evacuate Collection Set: 0.3ms
[2026-02-05T21:49:07.385+0000][5815.254s][info ][gc,phases   ] GC(249)   Merge Heap Roots: 0.3ms
[2026-02-05T21:49:07.385+0000][5815.254s][info ][gc,phases   ] GC(249)   Evacuate Collection Set: 1.3ms
[2026-02-05T21:49:07.385+0000][5815.254s][info ][gc,phases   ] GC(249)   Post Evacuate Collection Set: 1.8ms
[2026-02-05T21:49:07.385+0000][5815.254s][info ][gc,phases   ] GC(249)   Other: 0.9ms
[2026-02-05T21:49:07.386+0000][5815.254s][info ][gc,heap     ] GC(249) Eden regions: 85->0(85)
[2026-02-05T21:49:07.386+0000][5815.255s][info ][gc,heap     ] GC(249) Survivor regions: 1->1(11)
[2026-02-05T21:49:07.386+0000][5815.255s][info ][gc,heap     ] GC(249) Old regions: 88->88
[2026-02-05T21:49:07.386+0000][5815.255s][info ][gc,heap     ] GC(249) Archive regions: 2->2
[2026-02-05T21:49:07.386+0000][5815.255s][info ][gc,heap     ] GC(249) Humongous regions: 0->0
[2026-02-05T21:49:07.386+0000][5815.255s][info ][gc,metaspace] GC(249) Metaspace: 198861K(201536K)->198861K(201536K) NonClass: 174957K(176320K)->174957K(176320K) Class: 23903K(25216K)->23903K(25216K)
[2026-02-05T21:49:07.386+0000][5815.255s][info ][gc          ] GC(249) Pause Young (Normal) (G1 Evacuation Pause) 347M->177M(394M) 6.390ms
[2026-02-05T21:49:07.387+0000][5815.255s][info ][gc,cpu      ] GC(249) User=0.01s Sys=0.02s Real=0.01s
[2026-02-05T21:49:07.387+0000][5815.256s][info ][safepoint   ] Safepoint "G1CollectForAllocation", Time since last: 14080277012 ns, Reaching safepoint: 437519 ns, Cleanup: 5000 ns, At safepoint: 7021508 ns, Total: 7464027 ns
[2026-02-05T21:49:39.312+0000][5847.183s][debug][safepoint   ] Safepoint synchronization initiated using futex wait barrier. (392 threads)
[2026-02-05T21:49:39.313+0000][5847.184s][info ][gc,start    ] GC(250) Pause Young (Normal) (G1 Evacuation Pause)
[2026-02-05T21:49:39.313+0000][5847.184s][info ][gc,task     ] GC(250) Using 10 workers of 10 for evacuation
[2026-02-05T21:49:39.317+0000][5847.188s][info ][gc,phases   ] GC(250)   Pre Evacuate Collection Set: 0.4ms
[2026-02-05T21:49:39.318+0000][5847.188s][info ][gc,phases   ] GC(250)   Merge Heap Roots: 0.2ms
[2026-02-05T21:49:39.318+0000][5847.189s][info ][gc,phases   ] GC(250)   Evacuate Collection Set: 1.6ms
[2026-02-05T21:49:39.318+0000][5847.189s][info ][gc,phases   ] GC(250)   Post Evacuate Collection Set: 1.4ms
[2026-02-05T21:49:39.318+0000][5847.189s][info ][gc,phases   ] GC(250)   Other: 0.8ms
[2026-02-05T21:49:39.319+0000][5847.189s][info ][gc,heap     ] GC(250) Eden regions: 85->0(85)
[2026-02-05T21:49:39.319+0000][5847.189s][info ][gc,heap     ] GC(250) Survivor regions: 1->1(11)
[2026-02-05T21:49:39.319+0000][5847.189s][info ][gc,heap     ] GC(250) Old regions: 88->88
[2026-02-05T21:49:39.319+0000][5847.190s][info ][gc,heap     ] GC(250) Archive regions: 2->2
[2026-02-05T21:49:39.319+0000][5847.190s][info ][gc,heap     ] GC(250) Humongous regions: 0->0
[2026-02-05T21:49:39.319+0000][5847.190s][info ][gc,metaspace] GC(250) Metaspace: 198864K(201536K)->198864K(201536K) NonClass: 174960K(176320K)->174960K(176320K) Class: 23903K(25216K)->23903K(25216K)
[2026-02-05T21:49:39.319+0000][5847.190s][info ][gc          ] GC(250) Pause Young (Normal) (G1 Evacuation Pause) 347M->177M(394M) 6.436ms
[2026-02-05T21:49:39.320+0000][5847.190s][info ][gc,cpu      ] GC(250) User=0.00s Sys=0.01s Real=0.00s
[2026-02-05T21:49:39.320+0000][5847.191s][info ][safepoint   ] Safepoint "G1CollectForAllocation", Time since last: 31927117963 ns, Reaching safepoint: 503122 ns, Cleanup: 27401 ns, At safepoint: 7048908 ns, Total: 7579431 ns
[2026-02-05T21:49:49.322+0000][5857.193s][debug][safepoint   ] Safepoint synchronization initiated using futex wait barrier. (392 threads)
[2026-02-05T21:49:49.322+0000][5857.194s][info ][safepoint   ] Safepoint "Cleanup", Time since last: 10002850255 ns, Reaching safepoint: 259311 ns, Cleanup: 12501 ns, At safepoint: 5000 ns, Total: 276812 ns
[2026-02-05T21:50:06.324+0000][5874.196s][debug][safepoint   ] Safepoint synchronization initiated using futex wait barrier. (392 threads)
[2026-02-05T21:50:06.324+0000][5874.196s][info ][safepoint   ] Safepoint "Cleanup", Time since last: 17002144798 ns, Reaching safepoint: 244911 ns, Cleanup: 34701 ns, At safepoint: 8201 ns, Total: 287813 ns
[2026-02-05T21:50:09.090+0000][5876.962s][debug][safepoint   ] Safepoint synchronization initiated using futex wait barrier. (392 threads)
[2026-02-05T21:50:09.090+0000][5876.962s][info ][gc,start    ] GC(251) Pause Young (Normal) (G1 Evacuation Pause)
[2026-02-05T21:50:09.091+0000][5876.962s][info ][gc,task     ] GC(251) Using 10 workers of 10 for evacuation
[2026-02-05T21:50:09.095+0000][5876.967s][info ][gc,phases   ] GC(251)   Pre Evacuate Collection Set: 0.5ms
[2026-02-05T21:50:09.095+0000][5876.967s][info ][gc,phases   ] GC(251)   Merge Heap Roots: 0.2ms
[2026-02-05T21:50:09.095+0000][5876.967s][info ][gc,phases   ] GC(251)   Evacuate Collection Set: 1.4ms
[2026-02-05T21:50:09.095+0000][5876.967s][info ][gc,phases   ] GC(251)   Post Evacuate Collection Set: 1.7ms
[2026-02-05T21:50:09.095+0000][5876.967s][info ][gc,phases   ] GC(251)   Other: 0.7ms
[2026-02-05T21:50:09.096+0000][5876.968s][info ][gc,heap     ] GC(251) Eden regions: 85->0(85)
[2026-02-05T21:50:09.096+0000][5876.968s][info ][gc,heap     ] GC(251) Survivor regions: 1->1(11)
[2026-02-05T21:50:09.096+0000][5876.968s][info ][gc,heap     ] GC(251) Old regions: 88->88
[2026-02-05T21:50:09.096+0000][5876.968s][info ][gc,heap     ] GC(251) Archive regions: 2->2
[2026-02-05T21:50:09.096+0000][5876.968s][info ][gc,heap     ] GC(251) Humongous regions: 0->0
[2026-02-05T21:50:09.097+0000][5876.969s][info ][gc,metaspace] GC(251) Metaspace: 198867K(201536K)->198867K(201536K) NonClass: 174964K(176320K)->174964K(176320K) Class: 23903K(25216K)->23903K(25216K)
[2026-02-05T21:50:09.097+0000][5876.969s][info ][gc          ] GC(251) Pause Young (Normal) (G1 Evacuation Pause) 347M->177M(394M) 6.508ms
[2026-02-05T21:50:09.097+0000][5876.969s][info ][gc,cpu      ] GC(251) User=0.01s Sys=0.00s Real=0.00s
[2026-02-05T21:50:09.098+0000][5876.969s][info ][safepoint   ] Safepoint "G1CollectForAllocation", Time since last: 2765548644 ns, Reaching safepoint: 457820 ns, Cleanup: 5700 ns, At safepoint: 7281622 ns, Total: 7745142 ns
[2026-02-05T21:50:37.265+0000][5905.138s][debug][safepoint   ] Safepoint synchronization initiated using futex wait barrier. (392 threads)
[2026-02-05T21:50:37.266+0000][5905.139s][debug][safepoint   ] ... found polling page loop exception at pc = 0x000070855217ea44, stub =0x0000708550b10400
[2026-02-05T21:50:37.266+0000][5905.139s][info ][safepoint   ] Safepoint "Cleanup", Time since last: 28168686941 ns, Reaching safepoint: 880940 ns, Cleanup: 10801 ns, At safepoint: 51602 ns, Total: 943343 ns
[2026-02-05T21:50:41.090+0000][5908.963s][debug][safepoint   ] Safepoint synchronization initiated using futex wait barrier. (392 threads)
[2026-02-05T21:50:41.091+0000][5908.964s][info ][gc,start    ] GC(252) Pause Young (Normal) (G1 Evacuation Pause)
[2026-02-05T21:50:41.091+0000][5908.964s][info ][gc,task     ] GC(252) Using 10 workers of 10 for evacuation
[2026-02-05T21:50:41.095+0000][5908.968s][info ][gc,phases   ] GC(252)   Pre Evacuate Collection Set: 0.3ms
[2026-02-05T21:50:41.095+0000][5908.968s][info ][gc,phases   ] GC(252)   Merge Heap Roots: 0.2ms
[2026-02-05T21:50:41.096+0000][5908.969s][info ][gc,phases   ] GC(252)   Evacuate Collection Set: 1.6ms
[2026-02-05T21:50:41.096+0000][5908.969s][info ][gc,phases   ] GC(252)   Post Evacuate Collection Set: 1.5ms
[2026-02-05T21:50:41.096+0000][5908.969s][info ][gc,phases   ] GC(252)   Other: 0.7ms
[2026-02-05T21:50:41.096+0000][5908.970s][info ][gc,heap     ] GC(252) Eden regions: 85->0(85)
[2026-02-05T21:50:41.097+0000][5908.970s][info ][gc,heap     ] GC(252) Survivor regions: 1->1(11)
[2026-02-05T21:50:41.097+0000][5908.970s][info ][gc,heap     ] GC(252) Old regions: 88->88
[2026-02-05T21:50:41.097+0000][5908.970s][info ][gc,heap     ] GC(252) Archive regions: 2->2
[2026-02-05T21:50:41.097+0000][5908.970s][info ][gc,heap     ] GC(252) Humongous regions: 0->0
[2026-02-05T21:50:41.097+0000][5908.971s][info ][gc,metaspace] GC(252) Metaspace: 198867K(201536K)->198867K(201536K) NonClass: 174964K(176320K)->174964K(176320K) Class: 23903K(25216K)->23903K(25216K)
[2026-02-05T21:50:41.098+0000][5908.971s][info ][gc          ] GC(252) Pause Young (Normal) (G1 Evacuation Pause) 347M->177M(394M) 6.960ms
[2026-02-05T21:50:41.098+0000][5908.971s][info ][gc,cpu      ] GC(252) User=0.01s Sys=0.01s Real=0.00s
[2026-02-05T21:50:41.098+0000][5908.972s][info ][safepoint   ] Safepoint "G1CollectForAllocation", Time since last: 3824031336 ns, Reaching safepoint: 828738 ns, Cleanup: 5700 ns, At safepoint: 7613543 ns, Total: 8447981 ns
[2026-02-05T21:50:44.099+0000][5911.972s][debug][safepoint   ] Safepoint synchronization initiated using futex wait barrier. (392 threads)
[2026-02-05T21:50:44.099+0000][5911.972s][info ][safepoint   ] Safepoint "Cleanup", Time since last: 3000498794 ns, Reaching safepoint: 252010 ns, Cleanup: 72603 ns, At safepoint: 15701 ns, Total: 340314 ns
[2026-02-05T21:50:45.101+0000][5912.974s][debug][safepoint   ] Safepoint synchronization initiated using futex wait barrier. (392 threads)
[2026-02-05T21:50:45.101+0000][5912.974s][info ][safepoint   ] Safepoint "Cleanup", Time since last: 1001360468 ns, Reaching safepoint: 444619 ns, Cleanup: 14700 ns, At safepoint: 30902 ns, Total: 490221 ns
[2026-02-05T21:50:46.101+0000][5913.975s][debug][safepoint   ] Safepoint synchronization initiated using futex wait barrier. (392 threads)
[2026-02-05T21:50:46.102+0000][5913.975s][info ][safepoint   ] Safepoint "Cleanup", Time since last: 1000418230 ns, Reaching safepoint: 404916 ns, Cleanup: 58803 ns, At safepoint: 64202 ns, Total: 527921 ns
[2026-02-05T21:50:49.101+0000][5916.976s][debug][safepoint   ] Safepoint synchronization initiated using futex wait barrier. (392 threads)
[2026-02-05T21:50:49.102+0000][5916.976s][info ][safepoint   ] Safepoint "Cleanup", Time since last: 3000642863 ns, Reaching safepoint: 476420 ns, Cleanup: 14101 ns, At safepoint: 6500 ns, Total: 497021 ns
[2026-02-05T21:50:58.103+0000][5925.978s][debug][safepoint   ] Safepoint synchronization initiated using futex wait barrier. (392 threads)
[2026-02-05T21:50:58.103+0000][5925.978s][info ][safepoint   ] Safepoint "Cleanup", Time since last: 9001259369 ns, Reaching safepoint: 316814 ns, Cleanup: 12501 ns, At safepoint: 26201 ns, Total: 355516 ns
