[2026-02-05T19:55:31.551+0000][0.065s][info][gc] Using G1
[2026-02-05T19:55:31.554+0000][0.068s][info][gc,init] Version: 17.0.12+7-Debian-2deb12u1 (release)
[2026-02-05T19:55:31.554+0000][0.068s][info][gc,init] CPUs: 12 total, 12 available
[2026-02-05T19:55:31.554+0000][0.069s][info][gc,init] Memory: 15925M
[2026-02-05T19:55:31.554+0000][0.069s][info][gc,init] Large Page Support: Disabled
[2026-02-05T19:55:31.554+0000][0.069s][info][gc,init] NUMA Support: Disabled
[2026-02-05T19:55:31.554+0000][0.069s][info][gc,init] Compressed Oops: Enabled (Zero based)
[2026-02-05T19:55:31.555+0000][0.069s][info][gc,init] Heap Region Size: 2M
[2026-02-05T19:55:31.557+0000][0.071s][info][gc,init] Heap Min Capacity: 8M
[2026-02-05T19:55:31.557+0000][0.072s][info][gc,init] Heap Initial Capacity: 250M
[2026-02-05T19:55:31.557+0000][0.072s][info][gc,init] Heap Max Capacity: 3982M
[2026-02-05T19:55:31.557+0000][0.072s][info][gc,init] Pre-touch: Disabled
[2026-02-05T19:55:31.558+0000][0.072s][info][gc,init] Parallel Workers: 10
[2026-02-05T19:55:31.558+0000][0.072s][info][gc,init] Concurrent Workers: 3
[2026-02-05T19:55:31.558+0000][0.072s][info][gc,init] Concurrent Refinement Workers: 10
[2026-02-05T19:55:31.558+0000][0.072s][info][gc,init] Periodic GC: Disabled
[2026-02-05T19:55:31.574+0000][0.089s][info][gc,metaspace] CDS archive(s) mapped at: [0x0000774f9b000000-0x0000774f9bbc4000-0x0000774f9bbc4000), size 12337152, SharedBaseAddress: 0x0000774f9b000000, ArchiveRelocationMode: 1.
[2026-02-05T19:55:31.574+0000][0.089s][info][gc,metaspace] Compressed class space mapped at: 0x0000774f9c000000-0x0000774fdc000000, reserved size: 1073741824
[2026-02-05T19:55:31.575+0000][0.089s][info][gc,metaspace] Narrow klass base: 0x0000774f9b000000, Narrow klass shift: 0, Narrow klass range: 0x100000000
[2026-02-05T19:55:31.584+0000][0.098s][info][cds,heap    ] initialize_from_archived_subgraph java.lang.Module$ArchivedData 0x0000774f9b184780 (early)
[2026-02-05T19:55:31.585+0000][0.099s][info][cds,heap    ] initialize_from_archived_subgraph java.util.ImmutableCollections 0x0000774f9b0722d8 (early)
[2026-02-05T19:55:31.588+0000][0.103s][info][cds,heap    ] initialize_from_archived_subgraph java.lang.Integer$IntegerCache 0x0000774f9b037660 (early)
[2026-02-05T19:55:31.593+0000][0.107s][info][cds,heap    ] initialize_from_archived_subgraph java.lang.module.Configuration 0x0000774f9b172700 (early)
[2026-02-05T19:55:31.593+0000][0.108s][info][cds,heap    ] initialize_from_archived_subgraph java.lang.ModuleLayer 0x0000774f9b146b38 (early)
[2026-02-05T19:55:31.594+0000][0.108s][info][cds,heap    ] initialize_from_archived_subgraph jdk.internal.loader.ArchivedClassLoaders 0x0000774f9b1adb70 (early)
[2026-02-05T19:55:31.594+0000][0.109s][info][cds,heap    ] initialize_from_archived_subgraph jdk.internal.module.ArchivedBootLayer 0x0000774f9b179340 (early)
[2026-02-05T19:55:31.596+0000][0.111s][info][cds,heap    ] initialize_from_archived_subgraph sun.util.locale.BaseLocale 0x0000774f9b26d048
[2026-02-05T19:55:31.605+0000][0.119s][info][cds,heap    ] initialize_from_archived_subgraph java.util.jar.Attributes$Name 0x0000774f9b19f5e8
[2026-02-05T19:55:31.630+0000][0.144s][info][cds,heap    ] initialize_from_archived_subgraph java.lang.Long$LongCache 0x0000774f9b020f98
[2026-02-05T19:55:31.704+0000][0.219s][info][cds,heap    ] initialize_from_archived_subgraph java.lang.Character$CharacterCache 0x0000774f9b03a9e8
[2026-02-05T19:55:32.141+0000][0.656s][debug][safepoint   ] Safepoint synchronization initiated using futex wait barrier. (14 threads)
[2026-02-05T19:55:32.142+0000][0.656s][info ][safepoint   ] Safepoint "ICBufferFull", Time since last: 558887030 ns, Reaching safepoint: 343314 ns, Cleanup: 88104 ns, At safepoint: 2500 ns, Total: 433918 ns
[2026-02-05T19:55:32.202+0000][0.716s][debug][safepoint   ] Safepoint synchronization initiated using futex wait barrier. (14 threads)
[2026-02-05T19:55:32.202+0000][0.717s][info ][gc,start    ] GC(0) Pause Young (Normal) (G1 Evacuation Pause)
[2026-02-05T19:55:32.204+0000][0.718s][info ][gc,task     ] GC(0) Using 6 workers of 10 for evacuation
[2026-02-05T19:55:32.209+0000][0.723s][info ][gc,phases   ] GC(0)   Pre Evacuate Collection Set: 0.2ms
[2026-02-05T19:55:32.209+0000][0.724s][info ][gc,phases   ] GC(0)   Merge Heap Roots: 0.2ms
[2026-02-05T19:55:32.209+0000][0.724s][info ][gc,phases   ] GC(0)   Evacuate Collection Set: 3.6ms
[2026-02-05T19:55:32.210+0000][0.724s][info ][gc,phases   ] GC(0)   Post Evacuate Collection Set: 1.1ms
[2026-02-05T19:55:32.210+0000][0.725s][info ][gc,phases   ] GC(0)   Other: 1.6ms
[2026-02-05T19:55:32.210+0000][0.725s][info ][gc,heap     ] GC(0) Eden regions: 31->0(53)
[2026-02-05T19:55:32.211+0000][0.725s][info ][gc,heap     ] GC(0) Survivor regions: 0->4(4)
[2026-02-05T19:55:32.211+0000][0.725s][info ][gc,heap     ] GC(0) Old regions: 0->1
[2026-02-05T19:55:32.211+0000][0.725s][info ][gc,heap     ] GC(0) Archive regions: 2->2
[2026-02-05T19:55:32.211+0000][0.726s][info ][gc,heap     ] GC(0) Humongous regions: 0->0
[2026-02-05T19:55:32.211+0000][0.726s][info ][gc,metaspace] GC(0) Metaspace: 2515K(2752K)->2515K(2752K) NonClass: 2278K(2432K)->2278K(2432K) Class: 237K(320K)->237K(320K)
[2026-02-05T19:55:32.212+0000][0.726s][info ][gc          ] GC(0) Pause Young (Normal) (G1 Evacuation Pause) 63M->10M(254M) 9.288ms
[2026-02-05T19:55:32.212+0000][0.726s][info ][gc,cpu      ] GC(0) User=0.02s Sys=0.01s Real=0.01s
[2026-02-05T19:55:32.212+0000][0.726s][info ][safepoint   ] Safepoint "G1CollectForAllocation", Time since last: 60003083 ns, Reaching safepoint: 300413 ns, Cleanup: 21601 ns, At safepoint: 9762704 ns, Total: 10084718 ns
[2026-02-05T19:55:32.991+0000][1.506s][debug][safepoint   ] Safepoint synchronization initiated using futex wait barrier. (15 threads)
[2026-02-05T19:55:32.992+0000][1.506s][info ][safepoint   ] Safepoint "ICBufferFull", Time since last: 779111743 ns, Reaching safepoint: 265311 ns, Cleanup: 214909 ns, At safepoint: 36102 ns, Total: 516322 ns
[2026-02-05T19:55:33.004+0000][1.519s][debug][safepoint   ] Safepoint synchronization initiated using futex wait barrier. (15 threads)
[2026-02-05T19:55:33.005+0000][1.519s][info ][gc,start    ] GC(1) Pause Young (Normal) (G1 Evacuation Pause)
[2026-02-05T19:55:33.005+0000][1.519s][info ][gc,task     ] GC(1) Using 6 workers of 10 for evacuation
[2026-02-05T19:55:33.011+0000][1.525s][info ][gc,phases   ] GC(1)   Pre Evacuate Collection Set: 0.1ms
[2026-02-05T19:55:33.011+0000][1.526s][info ][gc,phases   ] GC(1)   Merge Heap Roots: 0.1ms
[2026-02-05T19:55:33.011+0000][1.526s][info ][gc,phases   ] GC(1)   Evacuate Collection Set: 4.2ms
[2026-02-05T19:55:33.012+0000][1.526s][info ][gc,phases   ] GC(1)   Post Evacuate Collection Set: 1.7ms
[2026-02-05T19:55:33.012+0000][1.527s][info ][gc,phases   ] GC(1)   Other: 0.4ms
[2026-02-05T19:55:33.012+0000][1.527s][info ][gc,heap     ] GC(1) Eden regions: 53->0(69)
[2026-02-05T19:55:33.012+0000][1.527s][info ][gc,heap     ] GC(1) Survivor regions: 4->6(8)
[2026-02-05T19:55:33.013+0000][1.527s][info ][gc,heap     ] GC(1) Old regions: 1->1
[2026-02-05T19:55:33.013+0000][1.527s][info ][gc,heap     ] GC(1) Archive regions: 2->2
[2026-02-05T19:55:33.013+0000][1.528s][info ][gc,heap     ] GC(1) Humongous regions: 0->0
[2026-02-05T19:55:33.013+0000][1.528s][info ][gc,metaspace] GC(1) Metaspace: 6925K(7232K)->6925K(7232K) NonClass: 6070K(6208K)->6070K(6208K) Class: 854K(1024K)->854K(1024K)
[2026-02-05T19:55:33.014+0000][1.528s][info ][gc          ] GC(1) Pause Young (Normal) (G1 Evacuation Pause) 116M->14M(254M) 9.063ms
[2026-02-05T19:55:33.014+0000][1.528s][info ][gc,cpu      ] GC(1) User=0.01s Sys=0.01s Real=0.01s
[2026-02-05T19:55:33.014+0000][1.529s][info ][safepoint   ] Safepoint "G1CollectForAllocation", Time since last: 12650123 ns, Reaching safepoint: 249610 ns, Cleanup: 8101 ns, At safepoint: 9482792 ns, Total: 9740503 ns
[2026-02-05T19:55:33.509+0000][2.023s][debug][safepoint   ] Safepoint synchronization initiated using futex wait barrier. (15 threads)
[2026-02-05T19:55:33.509+0000][2.024s][info ][safepoint   ] Safepoint "ICBufferFull", Time since last: 494527366 ns, Reaching safepoint: 441519 ns, Cleanup: 91303 ns, At safepoint: 2901 ns, Total: 535723 ns
[2026-02-05T19:55:33.615+0000][2.129s][debug][safepoint   ] Safepoint synchronization initiated using futex wait barrier. (15 threads)
[2026-02-05T19:55:33.615+0000][2.129s][info ][safepoint   ] Safepoint "ICBufferFull", Time since last: 105540367 ns, Reaching safepoint: 291612 ns, Cleanup: 78504 ns, At safepoint: 3000 ns, Total: 373116 ns
[2026-02-05T19:55:33.800+0000][2.315s][debug][safepoint   ] Safepoint synchronization initiated using futex wait barrier. (16 threads)
[2026-02-05T19:55:33.801+0000][2.315s][info ][gc,start    ] GC(2) Pause Young (Normal) (G1 Evacuation Pause)
[2026-02-05T19:55:33.801+0000][2.315s][info ][gc,task     ] GC(2) Using 6 workers of 10 for evacuation
[2026-02-05T19:55:33.810+0000][2.325s][info ][gc,phases   ] GC(2)   Pre Evacuate Collection Set: 0.1ms
[2026-02-05T19:55:33.810+0000][2.325s][info ][gc,phases   ] GC(2)   Merge Heap Roots: 0.1ms
[2026-02-05T19:55:33.811+0000][2.325s][info ][gc,phases   ] GC(2)   Evacuate Collection Set: 7.3ms
[2026-02-05T19:55:33.811+0000][2.325s][info ][gc,phases   ] GC(2)   Post Evacuate Collection Set: 1.5ms
[2026-02-05T19:55:33.811+0000][2.326s][info ][gc,phases   ] GC(2)   Other: 0.4ms
[2026-02-05T19:55:33.811+0000][2.326s][info ][gc,heap     ] GC(2) Eden regions: 69->0(71)
[2026-02-05T19:55:33.812+0000][2.326s][info ][gc,heap     ] GC(2) Survivor regions: 6->4(10)
[2026-02-05T19:55:33.812+0000][2.326s][info ][gc,heap     ] GC(2) Old regions: 1->5
[2026-02-05T19:55:33.812+0000][2.326s][info ][gc,heap     ] GC(2) Archive regions: 2->2
[2026-02-05T19:55:33.812+0000][2.327s][info ][gc,heap     ] GC(2) Humongous regions: 0->0
[2026-02-05T19:55:33.812+0000][2.327s][info ][gc,metaspace] GC(2) Metaspace: 12430K(12736K)->12430K(12736K) NonClass: 10826K(11008K)->10826K(11008K) Class: 1603K(1728K)->1603K(1728K)
[2026-02-05T19:55:33.813+0000][2.327s][info ][gc          ] GC(2) Pause Young (Normal) (G1 Evacuation Pause) 152M->17M(254M) 12.112ms
[2026-02-05T19:55:33.813+0000][2.328s][info ][gc,cpu      ] GC(2) User=0.03s Sys=0.02s Real=0.01s
[2026-02-05T19:55:33.813+0000][2.328s][info ][safepoint   ] Safepoint "G1CollectForAllocation", Time since last: 185217965 ns, Reaching safepoint: 355015 ns, Cleanup: 51002 ns, At safepoint: 12730927 ns, Total: 13136944 ns
[2026-02-05T19:55:34.344+0000][2.859s][info ][cds,heap    ] initialize_from_archived_subgraph java.lang.Byte$ByteCache 0x0000774f9b03abf8
[2026-02-05T19:55:34.345+0000][2.859s][info ][cds,heap    ] initialize_from_archived_subgraph java.lang.Short$ShortCache 0x0000774f9b0412e8
[2026-02-05T19:55:34.431+0000][2.945s][debug][safepoint   ] Safepoint synchronization initiated using futex wait barrier. (16 threads)
[2026-02-05T19:55:34.431+0000][2.946s][info ][gc,start    ] GC(3) Pause Young (Normal) (G1 Evacuation Pause)
[2026-02-05T19:55:34.432+0000][2.946s][info ][gc,task     ] GC(3) Using 6 workers of 10 for evacuation
[2026-02-05T19:55:34.437+0000][2.951s][info ][gc,phases   ] GC(3)   Pre Evacuate Collection Set: 0.1ms
[2026-02-05T19:55:34.437+0000][2.951s][info ][gc,phases   ] GC(3)   Merge Heap Roots: 0.1ms
[2026-02-05T19:55:34.437+0000][2.951s][info ][gc,phases   ] GC(3)   Evacuate Collection Set: 3.7ms
[2026-02-05T19:55:34.437+0000][2.952s][info ][gc,phases   ] GC(3)   Post Evacuate Collection Set: 0.8ms
[2026-02-05T19:55:34.437+0000][2.952s][info ][gc,phases   ] GC(3)   Other: 0.4ms
[2026-02-05T19:55:34.437+0000][2.952s][info ][gc,heap     ] GC(3) Eden regions: 71->0(71)
[2026-02-05T19:55:34.438+0000][2.952s][info ][gc,heap     ] GC(3) Survivor regions: 4->4(10)
[2026-02-05T19:55:34.438+0000][2.952s][info ][gc,heap     ] GC(3) Old regions: 5->5
[2026-02-05T19:55:34.438+0000][2.952s][info ][gc,heap     ] GC(3) Archive regions: 2->2
[2026-02-05T19:55:34.438+0000][2.953s][info ][gc,heap     ] GC(3) Humongous regions: 0->0
[2026-02-05T19:55:34.438+0000][2.953s][info ][gc,metaspace] GC(3) Metaspace: 17078K(17408K)->17078K(17408K) NonClass: 14763K(14976K)->14763K(14976K) Class: 2314K(2432K)->2314K(2432K)
[2026-02-05T19:55:34.438+0000][2.953s][info ][gc          ] GC(3) Pause Young (Normal) (G1 Evacuation Pause) 159M->18M(254M) 6.911ms
[2026-02-05T19:55:34.438+0000][2.953s][info ][gc,cpu      ] GC(3) User=0.03s Sys=0.00s Real=0.01s
[2026-02-05T19:55:34.439+0000][2.953s][info ][safepoint   ] Safepoint "G1CollectForAllocation", Time since last: 617657162 ns, Reaching safepoint: 278811 ns, Cleanup: 84204 ns, At safepoint: 7268700 ns, Total: 7631715 ns
[2026-02-05T19:55:34.755+0000][3.269s][debug][safepoint   ] Safepoint synchronization initiated using futex wait barrier. (16 threads)
[2026-02-05T19:55:34.755+0000][3.270s][info ][gc,start    ] GC(4) Pause Young (Concurrent Start) (Metadata GC Threshold)
[2026-02-05T19:55:34.756+0000][3.270s][info ][gc,task     ] GC(4) Using 6 workers of 10 for evacuation
[2026-02-05T19:55:34.762+0000][3.276s][info ][gc,phases   ] GC(4)   Pre Evacuate Collection Set: 0.1ms
[2026-02-05T19:55:34.763+0000][3.277s][info ][gc,phases   ] GC(4)   Merge Heap Roots: 0.2ms
[2026-02-05T19:55:34.763+0000][3.277s][info ][gc,phases   ] GC(4)   Evacuate Collection Set: 4.6ms
[2026-02-05T19:55:34.763+0000][3.278s][info ][gc,phases   ] GC(4)   Post Evacuate Collection Set: 1.2ms
[2026-02-05T19:55:34.763+0000][3.278s][info ][gc,phases   ] GC(4)   Other: 0.5ms
[2026-02-05T19:55:34.763+0000][3.278s][info ][gc,heap     ] GC(4) Eden regions: 42->0(70)
[2026-02-05T19:55:34.764+0000][3.278s][info ][gc,heap     ] GC(4) Survivor regions: 4->5(10)
[2026-02-05T19:55:34.764+0000][3.278s][info ][gc,heap     ] GC(4) Old regions: 5->5
[2026-02-05T19:55:34.764+0000][3.278s][info ][gc,heap     ] GC(4) Archive regions: 2->2
[2026-02-05T19:55:34.764+0000][3.279s][info ][gc,heap     ] GC(4) Humongous regions: 0->0
[2026-02-05T19:55:34.764+0000][3.279s][info ][gc,metaspace] GC(4) Metaspace: 21280K(21504K)->21280K(21504K) NonClass: 18511K(18624K)->18511K(18624K) Class: 2769K(2880K)->2769K(2880K)
[2026-02-05T19:55:34.764+0000][3.279s][info ][gc          ] GC(4) Pause Young (Concurrent Start) (Metadata GC Threshold) 101M->20M(254M) 9.156ms
[2026-02-05T19:55:34.765+0000][3.279s][info ][gc,cpu      ] GC(4) User=0.04s Sys=0.00s Real=0.01s
[2026-02-05T19:55:34.765+0000][3.279s][info ][gc          ] GC(5) Concurrent Mark Cycle
[2026-02-05T19:55:34.765+0000][3.280s][info ][gc,marking  ] GC(5) Concurrent Clear Claimed Marks
[2026-02-05T19:55:34.765+0000][3.279s][info ][safepoint   ] Safepoint "CollectForMetadataAllocation", Time since last: 316311691 ns, Reaching safepoint: 322513 ns, Cleanup: 37302 ns, At safepoint: 9553295 ns, Total: 9913110 ns
[2026-02-05T19:55:34.765+0000][3.280s][info ][gc,marking  ] GC(5) Concurrent Clear Claimed Marks 0.194ms
[2026-02-05T19:55:34.766+0000][3.280s][info ][gc,marking  ] GC(5) Concurrent Scan Root Regions
[2026-02-05T19:55:34.769+0000][3.283s][info ][gc,marking  ] GC(5) Concurrent Scan Root Regions 2.897ms
[2026-02-05T19:55:34.769+0000][3.283s][info ][gc,marking  ] GC(5) Concurrent Mark
[2026-02-05T19:55:34.769+0000][3.284s][info ][gc,marking  ] GC(5) Concurrent Mark From Roots
[2026-02-05T19:55:34.769+0000][3.284s][info ][gc,task     ] GC(5) Using 3 workers of 3 for marking
[2026-02-05T19:55:34.774+0000][3.289s][info ][gc,marking  ] GC(5) Concurrent Mark From Roots 5.211ms
[2026-02-05T19:55:34.775+0000][3.289s][info ][gc,marking  ] GC(5) Concurrent Preclean
[2026-02-05T19:55:34.775+0000][3.290s][info ][gc,marking  ] GC(5) Concurrent Preclean 0.476ms
[2026-02-05T19:55:34.775+0000][3.290s][debug][safepoint   ] Safepoint synchronization initiated using futex wait barrier. (16 threads)
[2026-02-05T19:55:34.776+0000][3.290s][info ][gc,start    ] GC(5) Pause Remark
[2026-02-05T19:55:34.778+0000][3.293s][info ][gc          ] GC(5) Pause Remark 22M->22M(88M) 2.364ms
[2026-02-05T19:55:34.778+0000][3.293s][info ][gc,cpu      ] GC(5) User=0.01s Sys=0.00s Real=0.00s
[2026-02-05T19:55:34.779+0000][3.293s][info ][safepoint   ] Safepoint "G1PauseRemark", Time since last: 10544537 ns, Reaching safepoint: 374715 ns, Cleanup: 9301 ns, At safepoint: 2948022 ns, Total: 3332038 ns
[2026-02-05T19:55:34.779+0000][3.294s][info ][gc,marking  ] GC(5) Concurrent Mark 10.105ms
[2026-02-05T19:55:34.779+0000][3.294s][info ][gc,marking  ] GC(5) Concurrent Rebuild Remembered Sets
[2026-02-05T19:55:34.782+0000][3.297s][info ][gc,marking  ] GC(5) Concurrent Rebuild Remembered Sets 3.005ms
[2026-02-05T19:55:34.789+0000][3.304s][debug][safepoint   ] Safepoint synchronization initiated using futex wait barrier. (16 threads)
[2026-02-05T19:55:34.791+0000][3.305s][info ][gc,start    ] GC(5) Pause Cleanup
[2026-02-05T19:55:34.791+0000][3.306s][info ][gc          ] GC(5) Pause Cleanup 22M->22M(88M) 0.448ms
[2026-02-05T19:55:34.791+0000][3.306s][info ][gc,cpu      ] GC(5) User=0.00s Sys=0.00s Real=0.00s
[2026-02-05T19:55:34.792+0000][3.306s][info ][safepoint   ] Safepoint "G1PauseCleanup", Time since last: 3960263 ns, Reaching safepoint: 7949229 ns, Cleanup: 5001 ns, At safepoint: 1022342 ns, Total: 8976572 ns
[2026-02-05T19:55:34.792+0000][3.306s][info ][gc,marking  ] GC(5) Concurrent Cleanup for Next Mark
[2026-02-05T19:55:34.793+0000][3.307s][info ][gc,marking  ] GC(5) Concurrent Cleanup for Next Mark 0.789ms
[2026-02-05T19:55:34.793+0000][3.308s][info ][gc          ] GC(5) Concurrent Mark Cycle 28.178ms
[2026-02-05T19:55:35.074+0000][3.588s][debug][safepoint   ] Safepoint synchronization initiated using futex wait barrier. (16 threads)
[2026-02-05T19:55:35.074+0000][3.589s][info ][gc,start    ] GC(6) Pause Young (Prepare Mixed) (G1 Evacuation Pause)
[2026-02-05T19:55:35.075+0000][3.589s][info ][gc,task     ] GC(6) Using 5 workers of 10 for evacuation
[2026-02-05T19:55:35.083+0000][3.597s][info ][gc,phases   ] GC(6)   Pre Evacuate Collection Set: 0.2ms
[2026-02-05T19:55:35.083+0000][3.598s][info ][gc,phases   ] GC(6)   Merge Heap Roots: 0.1ms
[2026-02-05T19:55:35.084+0000][3.598s][info ][gc,phases   ] GC(6)   Evacuate Collection Set: 6.6ms
[2026-02-05T19:55:35.084+0000][3.598s][info ][gc,phases   ] GC(6)   Post Evacuate Collection Set: 1.0ms
[2026-02-05T19:55:35.084+0000][3.599s][info ][gc,phases   ] GC(6)   Other: 0.7ms
[2026-02-05T19:55:35.084+0000][3.599s][info ][gc,heap     ] GC(6) Eden regions: 21->0(1)
[2026-02-05T19:55:35.084+0000][3.599s][info ][gc,heap     ] GC(6) Survivor regions: 5->3(4)
[2026-02-05T19:55:35.085+0000][3.599s][info ][gc,heap     ] GC(6) Old regions: 5->9
[2026-02-05T19:55:35.085+0000][3.599s][info ][gc,heap     ] GC(6) Archive regions: 2->2
[2026-02-05T19:55:35.085+0000][3.599s][info ][gc,heap     ] GC(6) Humongous regions: 0->0
[2026-02-05T19:55:35.085+0000][3.600s][info ][gc,metaspace] GC(6) Metaspace: 23068K(23424K)->23068K(23424K) NonClass: 20051K(20224K)->20051K(20224K) Class: 3016K(3200K)->3016K(3200K)
[2026-02-05T19:55:35.085+0000][3.600s][info ][gc          ] GC(6) Pause Young (Prepare Mixed) (G1 Evacuation Pause) 62M->21M(88M) 11.058ms
[2026-02-05T19:55:35.085+0000][3.600s][info ][gc,cpu      ] GC(6) User=0.06s Sys=0.01s Real=0.01s
[2026-02-05T19:55:35.086+0000][3.600s][info ][safepoint   ] Safepoint "G1CollectForAllocation", Time since last: 282171478 ns, Reaching safepoint: 320113 ns, Cleanup: 100104 ns, At safepoint: 11445674 ns, Total: 11865891 ns
[2026-02-05T19:55:35.097+0000][3.612s][debug][safepoint   ] Safepoint synchronization initiated using futex wait barrier. (16 threads)
[2026-02-05T19:55:35.097+0000][3.612s][info ][gc,start    ] GC(7) Pause Young (Mixed) (G1 Evacuation Pause)
[2026-02-05T19:55:35.098+0000][3.612s][info ][gc,task     ] GC(7) Using 4 workers of 10 for evacuation
[2026-02-05T19:55:35.102+0000][3.617s][info ][gc,phases   ] GC(7)   Pre Evacuate Collection Set: 0.1ms
[2026-02-05T19:55:35.102+0000][3.617s][info ][gc,phases   ] GC(7)   Merge Heap Roots: 0.2ms
[2026-02-05T19:55:35.103+0000][3.617s][info ][gc,phases   ] GC(7)   Evacuate Collection Set: 3.5ms
[2026-02-05T19:55:35.103+0000][3.617s][info ][gc,phases   ] GC(7)   Post Evacuate Collection Set: 0.7ms
[2026-02-05T19:55:35.103+0000][3.618s][info ][gc,phases   ] GC(7)   Other: 0.4ms
[2026-02-05T19:55:35.103+0000][3.618s][info ][gc,heap     ] GC(7) Eden regions: 1->0(22)
[2026-02-05T19:55:35.103+0000][3.618s][info ][gc,heap     ] GC(7) Survivor regions: 3->1(1)
[2026-02-05T19:55:35.104+0000][3.618s][info ][gc,heap     ] GC(7) Old regions: 9->10
[2026-02-05T19:55:35.104+0000][3.618s][info ][gc,heap     ] GC(7) Archive regions: 2->2
[2026-02-05T19:55:35.104+0000][3.618s][info ][gc,heap     ] GC(7) Humongous regions: 0->0
[2026-02-05T19:55:35.104+0000][3.619s][info ][gc,metaspace] GC(7) Metaspace: 23101K(23424K)->23101K(23424K) NonClass: 20080K(20224K)->20080K(20224K) Class: 3021K(3200K)->3021K(3200K)
[2026-02-05T19:55:35.104+0000][3.619s][info ][gc          ] GC(7) Pause Young (Mixed) (G1 Evacuation Pause) 23M->22M(88M) 7.035ms
[2026-02-05T19:55:35.105+0000][3.619s][info ][gc,cpu      ] GC(7) User=0.03s Sys=0.00s Real=0.00s
[2026-02-05T19:55:35.105+0000][3.619s][info ][safepoint   ] Safepoint "G1CollectForAllocation", Time since last: 11359170 ns, Reaching safepoint: 302612 ns, Cleanup: 8701 ns, At safepoint: 7418607 ns, Total: 7729920 ns
[2026-02-05T19:55:35.322+0000][3.837s][debug][safepoint   ] Safepoint synchronization initiated using futex wait barrier. (15 threads)
[2026-02-05T19:55:35.323+0000][3.837s][info ][gc,start    ] GC(8) Pause Young (Normal) (G1 Evacuation Pause)
[2026-02-05T19:55:35.323+0000][3.837s][info ][gc,task     ] GC(8) Using 3 workers of 10 for evacuation
[2026-02-05T19:55:35.327+0000][3.842s][info ][gc,phases   ] GC(8)   Pre Evacuate Collection Set: 0.1ms
[2026-02-05T19:55:35.328+0000][3.842s][info ][gc,phases   ] GC(8)   Merge Heap Roots: 0.1ms
[2026-02-05T19:55:35.328+0000][3.842s][info ][gc,phases   ] GC(8)   Evacuate Collection Set: 3.1ms
[2026-02-05T19:55:35.328+0000][3.843s][info ][gc,phases   ] GC(8)   Post Evacuate Collection Set: 1.1ms
[2026-02-05T19:55:35.328+0000][3.843s][info ][gc,phases   ] GC(8)   Other: 0.5ms
[2026-02-05T19:55:35.329+0000][3.843s][info ][gc,heap     ] GC(8) Eden regions: 22->0(45)
[2026-02-05T19:55:35.329+0000][3.843s][info ][gc,heap     ] GC(8) Survivor regions: 1->2(3)
[2026-02-05T19:55:35.329+0000][3.843s][info ][gc,heap     ] GC(8) Old regions: 10->10
[2026-02-05T19:55:35.329+0000][3.843s][info ][gc,heap     ] GC(8) Archive regions: 2->2
[2026-02-05T19:55:35.329+0000][3.844s][info ][gc,heap     ] GC(8) Humongous regions: 0->0
[2026-02-05T19:55:35.329+0000][3.844s][info ][gc,metaspace] GC(8) Metaspace: 24325K(24704K)->24325K(24704K) NonClass: 21161K(21376K)->21161K(21376K) Class: 3164K(3328K)->3164K(3328K)
[2026-02-05T19:55:35.329+0000][3.844s][info ][gc          ] GC(8) Pause Young (Normal) (G1 Evacuation Pause) 66M->24M(158M) 6.841ms
[2026-02-05T19:55:35.330+0000][3.844s][info ][gc,cpu      ] GC(8) User=0.03s Sys=0.00s Real=0.01s
[2026-02-05T19:55:35.330+0000][3.844s][info ][safepoint   ] Safepoint "G1CollectForAllocation", Time since last: 217228690 ns, Reaching safepoint: 392116 ns, Cleanup: 91104 ns, At safepoint: 7217899 ns, Total: 7701119 ns
[2026-02-05T19:55:35.617+0000][4.132s][debug][safepoint   ] Safepoint synchronization initiated using futex wait barrier. (15 threads)
[2026-02-05T19:55:35.618+0000][4.132s][info ][gc,start    ] GC(9) Pause Young (Normal) (G1 Evacuation Pause)
[2026-02-05T19:55:35.618+0000][4.132s][info ][gc,task     ] GC(9) Using 3 workers of 10 for evacuation
[2026-02-05T19:55:35.630+0000][4.145s][info ][gc,phases   ] GC(9)   Pre Evacuate Collection Set: 0.1ms
[2026-02-05T19:55:35.631+0000][4.145s][info ][gc,phases   ] GC(9)   Merge Heap Roots: 0.1ms
[2026-02-05T19:55:35.631+0000][4.145s][info ][gc,phases   ] GC(9)   Evacuate Collection Set: 10.7ms
[2026-02-05T19:55:35.631+0000][4.145s][info ][gc,phases   ] GC(9)   Post Evacuate Collection Set: 1.2ms
[2026-02-05T19:55:35.631+0000][4.146s][info ][gc,phases   ] GC(9)   Other: 0.5ms
[2026-02-05T19:55:35.631+0000][4.146s][info ][gc,heap     ] GC(9) Eden regions: 45->0(41)
[2026-02-05T19:55:35.632+0000][4.146s][info ][gc,heap     ] GC(9) Survivor regions: 2->6(6)
[2026-02-05T19:55:35.632+0000][4.146s][info ][gc,heap     ] GC(9) Old regions: 10->11
[2026-02-05T19:55:35.632+0000][4.146s][info ][gc,heap     ] GC(9) Archive regions: 2->2
[2026-02-05T19:55:35.632+0000][4.147s][info ][gc,heap     ] GC(9) Humongous regions: 0->0
[2026-02-05T19:55:35.632+0000][4.147s][info ][gc,metaspace] GC(9) Metaspace: 24509K(24896K)->24509K(24896K) NonClass: 21323K(21504K)->21323K(21504K) Class: 3186K(3392K)->3186K(3392K)
[2026-02-05T19:55:35.632+0000][4.147s][info ][gc          ] GC(9) Pause Young (Normal) (G1 Evacuation Pause) 114M->34M(158M) 14.826ms
[2026-02-05T19:55:35.633+0000][4.147s][info ][gc,cpu      ] GC(9) User=0.08s Sys=0.00s Real=0.01s
[2026-02-05T19:55:35.633+0000][4.147s][info ][safepoint   ] Safepoint "G1CollectForAllocation", Time since last: 287579401 ns, Reaching safepoint: 315813 ns, Cleanup: 31401 ns, At safepoint: 15298434 ns, Total: 15645648 ns
[2026-02-05T19:55:35.896+0000][4.411s][debug][safepoint   ] ... found polling page loop exception at pc = 0x00007750091746b8, stub =0x0000775008b10400
[2026-02-05T19:55:35.898+0000][4.412s][debug][safepoint   ] Safepoint synchronization initiated using futex wait barrier. (15 threads)
[2026-02-05T19:55:35.899+0000][4.414s][info ][gc,start    ] GC(10) Pause Young (Normal) (G1 Evacuation Pause)
[2026-02-05T19:55:35.899+0000][4.414s][info ][gc,task     ] GC(10) Using 3 workers of 10 for evacuation
[2026-02-05T19:55:35.919+0000][4.434s][info ][gc,phases   ] GC(10)   Pre Evacuate Collection Set: 0.2ms
[2026-02-05T19:55:35.920+0000][4.434s][info ][gc,phases   ] GC(10)   Merge Heap Roots: 0.1ms
[2026-02-05T19:55:35.920+0000][4.434s][info ][gc,phases   ] GC(10)   Evacuate Collection Set: 17.6ms
[2026-02-05T19:55:35.920+0000][4.434s][info ][gc,phases   ] GC(10)   Post Evacuate Collection Set: 1.7ms
[2026-02-05T19:55:35.920+0000][4.435s][info ][gc,phases   ] GC(10)   Other: 0.5ms
[2026-02-05T19:55:35.921+0000][4.435s][info ][gc,heap     ] GC(10) Eden regions: 41->0(37)
[2026-02-05T19:55:35.921+0000][4.435s][info ][gc,heap     ] GC(10) Survivor regions: 6->5(6)
[2026-02-05T19:55:35.921+0000][4.435s][info ][gc,heap     ] GC(10) Old regions: 11->17
[2026-02-05T19:55:35.921+0000][4.436s][info ][gc,heap     ] GC(10) Archive regions: 2->2
[2026-02-05T19:55:35.921+0000][4.436s][info ][gc,heap     ] GC(10) Humongous regions: 0->0
[2026-02-05T19:55:35.921+0000][4.436s][info ][gc,metaspace] GC(10) Metaspace: 24757K(25088K)->24757K(25088K) NonClass: 21528K(21696K)->21528K(21696K) Class: 3228K(3392K)->3228K(3392K)
[2026-02-05T19:55:35.922+0000][4.436s][info ][gc          ] GC(10) Pause Young (Normal) (G1 Evacuation Pause) 116M->43M(158M) 22.430ms
[2026-02-05T19:55:35.922+0000][4.436s][info ][gc,cpu      ] GC(10) User=0.10s Sys=0.02s Real=0.02s
[2026-02-05T19:55:35.922+0000][4.437s][info ][safepoint   ] Safepoint "G1CollectForAllocation", Time since last: 264714955 ns, Reaching safepoint: 1404558 ns, Cleanup: 54002 ns, At safepoint: 22901448 ns, Total: 24360008 ns
[2026-02-05T19:55:36.275+0000][4.790s][debug][safepoint   ] Safepoint synchronization initiated using futex wait barrier. (15 threads)
[2026-02-05T19:55:36.276+0000][4.790s][info ][gc,start    ] GC(11) Pause Young (Normal) (G1 Evacuation Pause)
[2026-02-05T19:55:36.276+0000][4.790s][info ][gc,task     ] GC(11) Using 3 workers of 10 for evacuation
[2026-02-05T19:55:36.288+0000][4.802s][info ][gc,phases   ] GC(11)   Pre Evacuate Collection Set: 0.1ms
[2026-02-05T19:55:36.288+0000][4.802s][info ][gc,phases   ] GC(11)   Merge Heap Roots: 0.1ms
[2026-02-05T19:55:36.288+0000][4.803s][info ][gc,phases   ] GC(11)   Evacuate Collection Set: 9.9ms
[2026-02-05T19:55:36.288+0000][4.803s][info ][gc,phases   ] GC(11)   Post Evacuate Collection Set: 1.2ms
[2026-02-05T19:55:36.288+0000][4.803s][info ][gc,phases   ] GC(11)   Other: 0.6ms
[2026-02-05T19:55:36.289+0000][4.803s][info ][gc,heap     ] GC(11) Eden regions: 37->0(35)
[2026-02-05T19:55:36.289+0000][4.803s][info ][gc,heap     ] GC(11) Survivor regions: 5->4(6)
[2026-02-05T19:55:36.289+0000][4.803s][info ][gc,heap     ] GC(11) Old regions: 17->21
[2026-02-05T19:55:36.289+0000][4.804s][info ][gc,heap     ] GC(11) Archive regions: 2->2
[2026-02-05T19:55:36.289+0000][4.804s][info ][gc,heap     ] GC(11) Humongous regions: 0->0
[2026-02-05T19:55:36.289+0000][4.804s][info ][gc,metaspace] GC(11) Metaspace: 25103K(25536K)->25103K(25536K) NonClass: 21847K(22080K)->21847K(22080K) Class: 3255K(3456K)->3255K(3456K)
[2026-02-05T19:55:36.290+0000][4.804s][info ][gc          ] GC(11) Pause Young (Normal) (G1 Evacuation Pause) 117M->50M(158M) 13.972ms
[2026-02-05T19:55:36.290+0000][4.804s][info ][gc,cpu      ] GC(11) User=0.04s Sys=0.01s Real=0.01s
[2026-02-05T19:55:36.290+0000][4.805s][info ][safepoint   ] Safepoint "G1CollectForAllocation", Time since last: 353213418 ns, Reaching safepoint: 372115 ns, Cleanup: 104605 ns, At safepoint: 14393095 ns, Total: 14869815 ns
[2026-02-05T19:55:36.627+0000][5.142s][debug][safepoint   ] Safepoint synchronization initiated using futex wait barrier. (15 threads)
[2026-02-05T19:55:36.628+0000][5.142s][info ][gc,start    ] GC(12) Pause Young (Normal) (G1 Evacuation Pause)
[2026-02-05T19:55:36.628+0000][5.142s][info ][gc,task     ] GC(12) Using 3 workers of 10 for evacuation
[2026-02-05T19:55:36.637+0000][5.151s][info ][gc,phases   ] GC(12)   Pre Evacuate Collection Set: 0.1ms
[2026-02-05T19:55:36.637+0000][5.152s][info ][gc,phases   ] GC(12)   Merge Heap Roots: 0.1ms
[2026-02-05T19:55:36.637+0000][5.152s][info ][gc,phases   ] GC(12)   Evacuate Collection Set: 7.3ms
[2026-02-05T19:55:36.637+0000][5.152s][info ][gc,phases   ] GC(12)   Post Evacuate Collection Set: 1.3ms
[2026-02-05T19:55:36.638+0000][5.152s][info ][gc,phases   ] GC(12)   Other: 0.5ms
[2026-02-05T19:55:36.638+0000][5.152s][info ][gc,heap     ] GC(12) Eden regions: 35->0(57)
[2026-02-05T19:55:36.638+0000][5.153s][info ][gc,heap     ] GC(12) Survivor regions: 4->2(5)
[2026-02-05T19:55:36.638+0000][5.153s][info ][gc,heap     ] GC(12) Old regions: 21->24
[2026-02-05T19:55:36.638+0000][5.153s][info ][gc,heap     ] GC(12) Archive regions: 2->2
[2026-02-05T19:55:36.639+0000][5.153s][info ][gc,heap     ] GC(12) Humongous regions: 0->0
[2026-02-05T19:55:36.639+0000][5.153s][info ][gc,metaspace] GC(12) Metaspace: 25174K(25600K)->25174K(25600K) NonClass: 21916K(22144K)->21916K(22144K) Class: 3258K(3456K)->3258K(3456K)
[2026-02-05T19:55:36.639+0000][5.153s][info ][gc          ] GC(12) Pause Young (Normal) (G1 Evacuation Pause) 120M->53M(220M) 11.294ms
[2026-02-05T19:55:36.639+0000][5.154s][info ][gc,cpu      ] GC(12) User=0.04s Sys=0.00s Real=0.01s
[2026-02-05T19:55:36.639+0000][5.154s][info ][safepoint   ] Safepoint "G1CollectForAllocation", Time since last: 337001747 ns, Reaching safepoint: 341414 ns, Cleanup: 124505 ns, At safepoint: 11727386 ns, Total: 12193305 ns
[2026-02-05T19:55:37.202+0000][5.716s][debug][safepoint   ] Safepoint synchronization initiated using futex wait barrier. (16 threads)
[2026-02-05T19:55:37.202+0000][5.717s][info ][gc,start    ] GC(13) Pause Young (Normal) (G1 Evacuation Pause)
[2026-02-05T19:55:37.202+0000][5.717s][info ][gc,task     ] GC(13) Using 5 workers of 10 for evacuation
[2026-02-05T19:55:37.207+0000][5.722s][info ][gc,phases   ] GC(13)   Pre Evacuate Collection Set: 0.1ms
[2026-02-05T19:55:37.208+0000][5.722s][info ][gc,phases   ] GC(13)   Merge Heap Roots: 0.1ms
[2026-02-05T19:55:37.208+0000][5.722s][info ][gc,phases   ] GC(13)   Evacuate Collection Set: 3.6ms
[2026-02-05T19:55:37.208+0000][5.723s][info ][gc,phases   ] GC(13)   Post Evacuate Collection Set: 0.9ms
[2026-02-05T19:55:37.208+0000][5.723s][info ][gc,phases   ] GC(13)   Other: 0.5ms
[2026-02-05T19:55:37.209+0000][5.723s][info ][gc,heap     ] GC(13) Eden regions: 57->0(58)
[2026-02-05T19:55:37.209+0000][5.723s][info ][gc,heap     ] GC(13) Survivor regions: 2->3(8)
[2026-02-05T19:55:37.209+0000][5.723s][info ][gc,heap     ] GC(13) Old regions: 24->24
[2026-02-05T19:55:37.209+0000][5.724s][info ][gc,heap     ] GC(13) Archive regions: 2->2
[2026-02-05T19:55:37.209+0000][5.724s][info ][gc,heap     ] GC(13) Humongous regions: 0->0
[2026-02-05T19:55:37.209+0000][5.724s][info ][gc,metaspace] GC(13) Metaspace: 26077K(26432K)->26077K(26432K) NonClass: 22747K(22912K)->22747K(22912K) Class: 3329K(3520K)->3329K(3520K)
[2026-02-05T19:55:37.210+0000][5.724s][info ][gc          ] GC(13) Pause Young (Normal) (G1 Evacuation Pause) 167M->55M(220M) 7.500ms
[2026-02-05T19:55:37.210+0000][5.724s][info ][gc,cpu      ] GC(13) User=0.03s Sys=0.00s Real=0.01s
[2026-02-05T19:55:37.210+0000][5.725s][info ][safepoint   ] Safepoint "G1CollectForAllocation", Time since last: 562398032 ns, Reaching safepoint: 343914 ns, Cleanup: 89804 ns, At safepoint: 8114535 ns, Total: 8548253 ns
[2026-02-05T19:55:37.502+0000][6.017s][debug][safepoint   ] Safepoint synchronization initiated using futex wait barrier. (16 threads)
[2026-02-05T19:55:37.503+0000][6.017s][info ][gc,start    ] GC(14) Pause Young (Normal) (G1 Evacuation Pause)
[2026-02-05T19:55:37.503+0000][6.017s][info ][gc,task     ] GC(14) Using 5 workers of 10 for evacuation
[2026-02-05T19:55:37.506+0000][6.021s][info ][gc,phases   ] GC(14)   Pre Evacuate Collection Set: 0.1ms
[2026-02-05T19:55:37.507+0000][6.021s][info ][gc,phases   ] GC(14)   Merge Heap Roots: 0.1ms
[2026-02-05T19:55:37.507+0000][6.022s][info ][gc,phases   ] GC(14)   Evacuate Collection Set: 2.3ms
[2026-02-05T19:55:37.507+0000][6.022s][info ][gc,phases   ] GC(14)   Post Evacuate Collection Set: 0.9ms
[2026-02-05T19:55:37.508+0000][6.022s][info ][gc,phases   ] GC(14)   Other: 0.5ms
[2026-02-05T19:55:37.508+0000][6.023s][info ][gc,heap     ] GC(14) Eden regions: 58->0(59)
[2026-02-05T19:55:37.508+0000][6.023s][info ][gc,heap     ] GC(14) Survivor regions: 3->4(8)
[2026-02-05T19:55:37.509+0000][6.023s][info ][gc,heap     ] GC(14) Old regions: 24->24
[2026-02-05T19:55:37.509+0000][6.023s][info ][gc,heap     ] GC(14) Archive regions: 2->2
[2026-02-05T19:55:37.509+0000][6.024s][info ][gc,heap     ] GC(14) Humongous regions: 0->0
[2026-02-05T19:55:37.509+0000][6.024s][info ][gc,metaspace] GC(14) Metaspace: 26871K(27264K)->26871K(27264K) NonClass: 23475K(23680K)->23475K(23680K) Class: 3396K(3584K)->3396K(3584K)
[2026-02-05T19:55:37.510+0000][6.024s][info ][gc          ] GC(14) Pause Young (Normal) (G1 Evacuation Pause) 171M->56M(220M) 7.076ms
[2026-02-05T19:55:37.510+0000][6.024s][info ][gc,cpu      ] GC(14) User=0.02s Sys=0.00s Real=0.01s
[2026-02-05T19:55:37.510+0000][6.025s][info ][safepoint   ] Safepoint "G1CollectForAllocation", Time since last: 291998154 ns, Reaching safepoint: 293213 ns, Cleanup: 12100 ns, At safepoint: 7652516 ns, Total: 7957829 ns
[2026-02-05T19:55:38.220+0000][6.735s][debug][safepoint   ] Safepoint synchronization initiated using futex wait barrier. (15 threads)
[2026-02-05T19:55:38.221+0000][6.735s][info ][gc,start    ] GC(15) Pause Young (Normal) (G1 Evacuation Pause)
[2026-02-05T19:55:38.221+0000][6.735s][info ][gc,task     ] GC(15) Using 5 workers of 10 for evacuation
[2026-02-05T19:55:38.235+0000][6.749s][info ][gc,phases   ] GC(15)   Pre Evacuate Collection Set: 0.1ms
[2026-02-05T19:55:38.235+0000][6.750s][info ][gc,phases   ] GC(15)   Merge Heap Roots: 0.1ms
[2026-02-05T19:55:38.236+0000][6.750s][info ][gc,phases   ] GC(15)   Evacuate Collection Set: 10.9ms
[2026-02-05T19:55:38.236+0000][6.750s][info ][gc,phases   ] GC(15)   Post Evacuate Collection Set: 2.1ms
[2026-02-05T19:55:38.236+0000][6.750s][info ][gc,phases   ] GC(15)   Other: 1.1ms
[2026-02-05T19:55:38.236+0000][6.751s][info ][gc,heap     ] GC(15) Eden regions: 59->0(60)
[2026-02-05T19:55:38.236+0000][6.751s][info ][gc,heap     ] GC(15) Survivor regions: 4->5(8)
[2026-02-05T19:55:38.237+0000][6.751s][info ][gc,heap     ] GC(15) Old regions: 24->24
[2026-02-05T19:55:38.237+0000][6.752s][info ][gc,heap     ] GC(15) Archive regions: 2->2
[2026-02-05T19:55:38.237+0000][6.752s][info ][gc,heap     ] GC(15) Humongous regions: 0->0
[2026-02-05T19:55:38.237+0000][6.752s][info ][gc,metaspace] GC(15) Metaspace: 33343K(33728K)->33343K(33728K) NonClass: 29224K(29440K)->29224K(29440K) Class: 4119K(4288K)->4119K(4288K)
[2026-02-05T19:55:38.238+0000][6.752s][info ][gc          ] GC(15) Pause Young (Normal) (G1 Evacuation Pause) 174M->58M(220M) 16.969ms
[2026-02-05T19:55:38.238+0000][6.752s][info ][gc,cpu      ] GC(15) User=0.06s Sys=0.00s Real=0.02s
[2026-02-05T19:55:38.238+0000][6.753s][info ][safepoint   ] Safepoint "G1CollectForAllocation", Time since last: 709965010 ns, Reaching safepoint: 316913 ns, Cleanup: 112204 ns, At safepoint: 17477222 ns, Total: 17906339 ns
[2026-02-05T19:55:38.765+0000][7.279s][debug][safepoint   ] Safepoint synchronization initiated using futex wait barrier. (15 threads)
[2026-02-05T19:55:38.765+0000][7.279s][info ][gc,start    ] GC(16) Pause Young (Normal) (G1 Evacuation Pause)
[2026-02-05T19:55:38.765+0000][7.280s][info ][gc,task     ] GC(16) Using 5 workers of 10 for evacuation
[2026-02-05T19:55:38.771+0000][7.285s][info ][gc,phases   ] GC(16)   Pre Evacuate Collection Set: 0.2ms
[2026-02-05T19:55:38.771+0000][7.286s][info ][gc,phases   ] GC(16)   Merge Heap Roots: 0.2ms
[2026-02-05T19:55:38.771+0000][7.286s][info ][gc,phases   ] GC(16)   Evacuate Collection Set: 4.1ms
[2026-02-05T19:55:38.772+0000][7.286s][info ][gc,phases   ] GC(16)   Post Evacuate Collection Set: 0.8ms
[2026-02-05T19:55:38.772+0000][7.286s][info ][gc,phases   ] GC(16)   Other: 0.5ms
[2026-02-05T19:55:38.772+0000][7.287s][info ][gc,heap     ] GC(16) Eden regions: 60->0(61)
[2026-02-05T19:55:38.772+0000][7.287s][info ][gc,heap     ] GC(16) Survivor regions: 5->5(9)
[2026-02-05T19:55:38.773+0000][7.287s][info ][gc,heap     ] GC(16) Old regions: 24->24
[2026-02-05T19:55:38.773+0000][7.287s][info ][gc,heap     ] GC(16) Archive regions: 2->2
[2026-02-05T19:55:38.773+0000][7.288s][info ][gc,heap     ] GC(16) Humongous regions: 0->0
[2026-02-05T19:55:38.773+0000][7.288s][info ][gc,metaspace] GC(16) Metaspace: 34558K(34944K)->34558K(34944K) NonClass: 30271K(30464K)->30271K(30464K) Class: 4287K(4480K)->4287K(4480K)
[2026-02-05T19:55:38.773+0000][7.288s][info ][gc          ] GC(16) Pause Young (Normal) (G1 Evacuation Pause) 178M->58M(220M) 8.369ms
[2026-02-05T19:55:38.774+0000][7.288s][info ][gc,cpu      ] GC(16) User=0.04s Sys=0.00s Real=0.01s
[2026-02-05T19:55:38.774+0000][7.288s][info ][safepoint   ] Safepoint "G1CollectForAllocation", Time since last: 526438833 ns, Reaching safepoint: 301612 ns, Cleanup: 159807 ns, At safepoint: 8855366 ns, Total: 9316785 ns
[2026-02-05T19:55:39.073+0000][7.588s][debug][safepoint   ] Safepoint synchronization initiated using futex wait barrier. (15 threads)
[2026-02-05T19:55:39.073+0000][7.588s][info ][gc,start    ] GC(17) Pause Young (Concurrent Start) (Metadata GC Threshold)
[2026-02-05T19:55:39.074+0000][7.588s][info ][gc,task     ] GC(17) Using 5 workers of 10 for evacuation
[2026-02-05T19:55:39.080+0000][7.594s][info ][gc,phases   ] GC(17)   Pre Evacuate Collection Set: 0.2ms
[2026-02-05T19:55:39.080+0000][7.594s][info ][gc,phases   ] GC(17)   Merge Heap Roots: 0.1ms
[2026-02-05T19:55:39.080+0000][7.594s][info ][gc,phases   ] GC(17)   Evacuate Collection Set: 4.2ms
[2026-02-05T19:55:39.080+0000][7.595s][info ][gc,phases   ] GC(17)   Post Evacuate Collection Set: 0.9ms
[2026-02-05T19:55:39.080+0000][7.595s][info ][gc,phases   ] GC(17)   Other: 0.7ms
[2026-02-05T19:55:39.080+0000][7.595s][info ][gc,heap     ] GC(17) Eden regions: 35->0(61)
[2026-02-05T19:55:39.081+0000][7.595s][info ][gc,heap     ] GC(17) Survivor regions: 5->5(9)
[2026-02-05T19:55:39.081+0000][7.595s][info ][gc,heap     ] GC(17) Old regions: 24->24
[2026-02-05T19:55:39.081+0000][7.596s][info ][gc,heap     ] GC(17) Archive regions: 2->2
[2026-02-05T19:55:39.081+0000][7.596s][info ][gc,heap     ] GC(17) Humongous regions: 0->0
[2026-02-05T19:55:39.082+0000][7.596s][info ][gc,metaspace] GC(17) Metaspace: 35760K(36160K)->35760K(36160K) NonClass: 31322K(31488K)->31322K(31488K) Class: 4437K(4672K)->4437K(4672K)
[2026-02-05T19:55:39.082+0000][7.596s][info ][gc          ] GC(17) Pause Young (Concurrent Start) (Metadata GC Threshold) 127M->58M(220M) 8.374ms
[2026-02-05T19:55:39.082+0000][7.597s][info ][gc,cpu      ] GC(17) User=0.04s Sys=0.00s Real=0.01s
[2026-02-05T19:55:39.082+0000][7.597s][info ][gc          ] GC(18) Concurrent Mark Cycle
[2026-02-05T19:55:39.082+0000][7.597s][info ][gc,marking  ] GC(18) Concurrent Clear Claimed Marks
[2026-02-05T19:55:39.082+0000][7.597s][info ][safepoint   ] Safepoint "CollectForMetadataAllocation", Time since last: 299193551 ns, Reaching safepoint: 302013 ns, Cleanup: 84103 ns, At safepoint: 8844465 ns, Total: 9230581 ns
[2026-02-05T19:55:39.083+0000][7.597s][info ][gc,marking  ] GC(18) Concurrent Clear Claimed Marks 0.229ms
[2026-02-05T19:55:39.085+0000][7.599s][info ][gc,marking  ] GC(18) Concurrent Scan Root Regions
[2026-02-05T19:55:39.089+0000][7.603s][info ][gc,marking  ] GC(18) Concurrent Scan Root Regions 3.775ms
[2026-02-05T19:55:39.089+0000][7.603s][info ][gc,marking  ] GC(18) Concurrent Mark
[2026-02-05T19:55:39.089+0000][7.604s][info ][gc,marking  ] GC(18) Concurrent Mark From Roots
[2026-02-05T19:55:39.089+0000][7.604s][info ][gc,task     ] GC(18) Using 3 workers of 3 for marking
[2026-02-05T19:55:39.117+0000][7.631s][info ][gc,marking  ] GC(18) Concurrent Mark From Roots 27.699ms
[2026-02-05T19:55:39.117+0000][7.632s][info ][gc,marking  ] GC(18) Concurrent Preclean
[2026-02-05T19:55:39.118+0000][7.633s][info ][gc,marking  ] GC(18) Concurrent Preclean 0.763ms
[2026-02-05T19:55:39.119+0000][7.633s][debug][safepoint   ] Safepoint synchronization initiated using futex wait barrier. (15 threads)
[2026-02-05T19:55:39.119+0000][7.633s][info ][gc,start    ] GC(18) Pause Remark
[2026-02-05T19:55:39.122+0000][7.636s][info ][gc          ] GC(18) Pause Remark 63M->63M(220M) 2.570ms
[2026-02-05T19:55:39.122+0000][7.636s][info ][gc,cpu      ] GC(18) User=0.02s Sys=0.00s Real=0.00s
[2026-02-05T19:55:39.122+0000][7.637s][info ][safepoint   ] Safepoint "G1PauseRemark", Time since last: 36299799 ns, Reaching safepoint: 372315 ns, Cleanup: 13301 ns, At safepoint: 3243634 ns, Total: 3629250 ns
[2026-02-05T19:55:39.128+0000][7.642s][info ][gc,marking  ] GC(18) Concurrent Mark 38.688ms
[2026-02-05T19:55:39.128+0000][7.643s][info ][gc,marking  ] GC(18) Concurrent Rebuild Remembered Sets
[2026-02-05T19:55:39.142+0000][7.656s][info ][gc,marking  ] GC(18) Concurrent Rebuild Remembered Sets 13.920ms
[2026-02-05T19:55:39.143+0000][7.657s][debug][safepoint   ] Safepoint synchronization initiated using futex wait barrier. (15 threads)
[2026-02-05T19:55:39.143+0000][7.657s][info ][gc,start    ] GC(18) Pause Cleanup
[2026-02-05T19:55:39.143+0000][7.658s][info ][gc          ] GC(18) Pause Cleanup 65M->65M(220M) 0.406ms
[2026-02-05T19:55:39.144+0000][7.658s][info ][gc,cpu      ] GC(18) User=0.01s Sys=0.00s Real=0.00s
[2026-02-05T19:55:39.144+0000][7.658s][info ][safepoint   ] Safepoint "G1PauseCleanup", Time since last: 20416743 ns, Reaching safepoint: 376115 ns, Cleanup: 12301 ns, At safepoint: 811633 ns, Total: 1200049 ns
[2026-02-05T19:55:39.148+0000][7.662s][info ][gc,marking  ] GC(18) Concurrent Cleanup for Next Mark
[2026-02-05T19:55:39.149+0000][7.663s][info ][gc,marking  ] GC(18) Concurrent Cleanup for Next Mark 1.229ms
[2026-02-05T19:55:39.149+0000][7.664s][info ][gc          ] GC(18) Concurrent Mark Cycle 67.015ms
[2026-02-05T19:55:39.661+0000][8.175s][debug][safepoint   ] Safepoint synchronization initiated using futex wait barrier. (15 threads)
[2026-02-05T19:55:39.661+0000][8.175s][info ][gc,start    ] GC(19) Pause Young (Prepare Mixed) (G1 Evacuation Pause)
[2026-02-05T19:55:39.661+0000][8.176s][info ][gc,task     ] GC(19) Using 5 workers of 10 for evacuation
[2026-02-05T19:55:39.667+0000][8.181s][info ][gc,phases   ] GC(19)   Pre Evacuate Collection Set: 0.1ms
[2026-02-05T19:55:39.667+0000][8.182s][info ][gc,phases   ] GC(19)   Merge Heap Roots: 0.1ms
[2026-02-05T19:55:39.667+0000][8.182s][info ][gc,phases   ] GC(19)   Evacuate Collection Set: 3.9ms
[2026-02-05T19:55:39.668+0000][8.182s][info ][gc,phases   ] GC(19)   Post Evacuate Collection Set: 1.0ms
[2026-02-05T19:55:39.668+0000][8.182s][info ][gc,phases   ] GC(19)   Other: 0.7ms
[2026-02-05T19:55:39.668+0000][8.183s][info ][gc,heap     ] GC(19) Eden regions: 61->0(1)
[2026-02-05T19:55:39.668+0000][8.183s][info ][gc,heap     ] GC(19) Survivor regions: 5->5(9)
[2026-02-05T19:55:39.669+0000][8.183s][info ][gc,heap     ] GC(19) Old regions: 24->24
[2026-02-05T19:55:39.669+0000][8.183s][info ][gc,heap     ] GC(19) Archive regions: 2->2
[2026-02-05T19:55:39.669+0000][8.183s][info ][gc,heap     ] GC(19) Humongous regions: 0->0
[2026-02-05T19:55:39.669+0000][8.184s][info ][gc,metaspace] GC(19) Metaspace: 38784K(39168K)->38784K(39168K) NonClass: 33889K(34048K)->33889K(34048K) Class: 4894K(5120K)->4894K(5120K)
[2026-02-05T19:55:39.669+0000][8.184s][info ][gc          ] GC(19) Pause Young (Prepare Mixed) (G1 Evacuation Pause) 180M->59M(220M) 8.439ms
[2026-02-05T19:55:39.670+0000][8.184s][info ][gc,cpu      ] GC(19) User=0.04s Sys=0.00s Real=0.01s
[2026-02-05T19:55:39.670+0000][8.184s][info ][safepoint   ] Safepoint "G1CollectForAllocation", Time since last: 516712032 ns, Reaching safepoint: 378615 ns, Cleanup: 65203 ns, At safepoint: 8929369 ns, Total: 9373187 ns
[2026-02-05T19:55:39.681+0000][8.196s][debug][safepoint   ] Safepoint synchronization initiated using futex wait barrier. (15 threads)
[2026-02-05T19:55:39.682+0000][8.196s][info ][gc,start    ] GC(20) Pause Young (Mixed) (G1 Evacuation Pause)
[2026-02-05T19:55:39.682+0000][8.197s][info ][gc,task     ] GC(20) Using 5 workers of 10 for evacuation
[2026-02-05T19:55:39.688+0000][8.202s][info ][gc,phases   ] GC(20)   Pre Evacuate Collection Set: 0.1ms
[2026-02-05T19:55:39.688+0000][8.202s][info ][gc,phases   ] GC(20)   Merge Heap Roots: 0.1ms
[2026-02-05T19:55:39.688+0000][8.203s][info ][gc,phases   ] GC(20)   Evacuate Collection Set: 4.0ms
[2026-02-05T19:55:39.688+0000][8.203s][info ][gc,phases   ] GC(20)   Post Evacuate Collection Set: 0.8ms
[2026-02-05T19:55:39.689+0000][8.203s][info ][gc,phases   ] GC(20)   Other: 0.6ms
[2026-02-05T19:55:39.689+0000][8.204s][info ][gc,heap     ] GC(20) Eden regions: 1->0(62)
[2026-02-05T19:55:39.689+0000][8.204s][info ][gc,heap     ] GC(20) Survivor regions: 5->1(1)
[2026-02-05T19:55:39.689+0000][8.204s][info ][gc,heap     ] GC(20) Old regions: 24->28
[2026-02-05T19:55:39.690+0000][8.204s][info ][gc,heap     ] GC(20) Archive regions: 2->2
[2026-02-05T19:55:39.690+0000][8.204s][info ][gc,heap     ] GC(20) Humongous regions: 0->0
[2026-02-05T19:55:39.690+0000][8.204s][info ][gc,metaspace] GC(20) Metaspace: 38796K(39296K)->38796K(39296K) NonClass: 33901K(34176K)->33901K(34176K) Class: 4894K(5120K)->4894K(5120K)
[2026-02-05T19:55:39.690+0000][8.205s][info ][gc          ] GC(20) Pause Young (Mixed) (G1 Evacuation Pause) 61M->58M(220M) 8.214ms
[2026-02-05T19:55:39.690+0000][8.205s][info ][gc,cpu      ] GC(20) User=0.04s Sys=0.01s Real=0.01s
[2026-02-05T19:55:39.691+0000][8.205s][info ][safepoint   ] Safepoint "G1CollectForAllocation", Time since last: 11574178 ns, Reaching safepoint: 399916 ns, Cleanup: 5200 ns, At safepoint: 8695859 ns, Total: 9100975 ns
[2026-02-05T19:55:40.508+0000][9.023s][debug][safepoint   ] Safepoint synchronization initiated using futex wait barrier. (15 threads)
[2026-02-05T19:55:40.509+0000][9.023s][info ][gc,start    ] GC(21) Pause Young (Normal) (G1 Evacuation Pause)
[2026-02-05T19:55:40.509+0000][9.024s][info ][gc,task     ] GC(21) Using 5 workers of 10 for evacuation
[2026-02-05T19:55:40.513+0000][9.028s][info ][gc,phases   ] GC(21)   Pre Evacuate Collection Set: 0.1ms
[2026-02-05T19:55:40.513+0000][9.028s][info ][gc,phases   ] GC(21)   Merge Heap Roots: 0.1ms
[2026-02-05T19:55:40.514+0000][9.028s][info ][gc,phases   ] GC(21)   Evacuate Collection Set: 2.1ms
[2026-02-05T19:55:40.514+0000][9.028s][info ][gc,phases   ] GC(21)   Post Evacuate Collection Set: 1.7ms
[2026-02-05T19:55:40.514+0000][9.028s][info ][gc,phases   ] GC(21)   Other: 0.4ms
[2026-02-05T19:55:40.514+0000][9.029s][info ][gc,heap     ] GC(21) Eden regions: 62->0(119)
[2026-02-05T19:55:40.514+0000][9.029s][info ][gc,heap     ] GC(21) Survivor regions: 1->2(8)
[2026-02-05T19:55:40.514+0000][9.029s][info ][gc,heap     ] GC(21) Old regions: 28->28
[2026-02-05T19:55:40.515+0000][9.029s][info ][gc,heap     ] GC(21) Archive regions: 2->2
[2026-02-05T19:55:40.515+0000][9.029s][info ][gc,heap     ] GC(21) Humongous regions: 0->0
[2026-02-05T19:55:40.515+0000][9.029s][info ][gc,metaspace] GC(21) Metaspace: 41448K(41856K)->41448K(41856K) NonClass: 36216K(36416K)->36216K(36416K) Class: 5231K(5440K)->5231K(5440K)
[2026-02-05T19:55:40.515+0000][9.030s][info ][gc          ] GC(21) Pause Young (Normal) (G1 Evacuation Pause) 182M->59M(406M) 6.432ms
[2026-02-05T19:55:40.515+0000][9.030s][info ][gc,cpu      ] GC(21) User=0.02s Sys=0.00s Real=0.00s
[2026-02-05T19:55:40.516+0000][9.030s][info ][safepoint   ] Safepoint "G1CollectForAllocation", Time since last: 817834563 ns, Reaching safepoint: 290612 ns, Cleanup: 98804 ns, At safepoint: 6881484 ns, Total: 7270900 ns
[2026-02-05T19:55:41.212+0000][9.726s][debug][safepoint   ] Safepoint synchronization initiated using futex wait barrier. (15 threads)
[2026-02-05T19:55:41.212+0000][9.727s][info ][safepoint   ] Safepoint "ICBufferFull", Time since last: 695947431 ns, Reaching safepoint: 301313 ns, Cleanup: 104804 ns, At safepoint: 22901 ns, Total: 429018 ns
[2026-02-05T19:55:42.169+0000][10.683s][debug][safepoint   ] Safepoint synchronization initiated using futex wait barrier. (15 threads)
[2026-02-05T19:55:42.169+0000][10.684s][info ][gc,start    ] GC(22) Pause Young (Normal) (G1 Evacuation Pause)
[2026-02-05T19:55:42.169+0000][10.684s][info ][gc,task     ] GC(22) Using 9 workers of 10 for evacuation
[2026-02-05T19:55:42.177+0000][10.691s][info ][gc,phases   ] GC(22)   Pre Evacuate Collection Set: 0.2ms
[2026-02-05T19:55:42.177+0000][10.692s][info ][gc,phases   ] GC(22)   Merge Heap Roots: 0.2ms
[2026-02-05T19:55:42.177+0000][10.692s][info ][gc,phases   ] GC(22)   Evacuate Collection Set: 5.1ms
[2026-02-05T19:55:42.178+0000][10.692s][info ][gc,phases   ] GC(22)   Post Evacuate Collection Set: 1.5ms
[2026-02-05T19:55:42.178+0000][10.692s][info ][gc,phases   ] GC(22)   Other: 0.7ms
[2026-02-05T19:55:42.178+0000][10.693s][info ][gc,heap     ] GC(22) Eden regions: 119->0(117)
[2026-02-05T19:55:42.178+0000][10.693s][info ][gc,heap     ] GC(22) Survivor regions: 2->4(16)
[2026-02-05T19:55:42.179+0000][10.693s][info ][gc,heap     ] GC(22) Old regions: 28->28
[2026-02-05T19:55:42.179+0000][10.693s][info ][gc,heap     ] GC(22) Archive regions: 2->2
[2026-02-05T19:55:42.179+0000][10.694s][info ][gc,heap     ] GC(22) Humongous regions: 0->0
[2026-02-05T19:55:42.179+0000][10.694s][info ][gc,metaspace] GC(22) Metaspace: 47961K(48384K)->47961K(48384K) NonClass: 41823K(42048K)->41823K(42048K) Class: 6138K(6336K)->6138K(6336K)
[2026-02-05T19:55:42.180+0000][10.694s][info ][gc          ] GC(22) Pause Young (Normal) (G1 Evacuation Pause) 297M->63M(406M) 10.479ms
[2026-02-05T19:55:42.180+0000][10.694s][info ][gc,cpu      ] GC(22) User=0.07s Sys=0.00s Real=0.01s
[2026-02-05T19:55:42.180+0000][10.695s][info ][safepoint   ] Safepoint "G1CollectForAllocation", Time since last: 956541189 ns, Reaching safepoint: 389716 ns, Cleanup: 144106 ns, At safepoint: 11109759 ns, Total: 11643581 ns
[2026-02-05T19:55:42.629+0000][11.143s][debug][safepoint   ] Safepoint synchronization initiated using futex wait barrier. (15 threads)
[2026-02-05T19:55:42.629+0000][11.144s][info ][safepoint   ] Safepoint "ICBufferFull", Time since last: 448535017 ns, Reaching safepoint: 319613 ns, Cleanup: 94104 ns, At safepoint: 35901 ns, Total: 449618 ns
[2026-02-05T19:55:43.854+0000][12.368s][debug][safepoint   ] Safepoint synchronization initiated using futex wait barrier. (18 threads)
[2026-02-05T19:55:43.854+0000][12.369s][info ][safepoint   ] Safepoint "Cleanup", Time since last: 1224536453 ns, Reaching safepoint: 406417 ns, Cleanup: 107104 ns, At safepoint: 18201 ns, Total: 531722 ns
[2026-02-05T19:55:44.216+0000][12.731s][debug][safepoint   ] Safepoint synchronization initiated using futex wait barrier. (18 threads)
[2026-02-05T19:55:44.217+0000][12.731s][info ][safepoint   ] Safepoint "ICBufferFull", Time since last: 361940442 ns, Reaching safepoint: 352315 ns, Cleanup: 144006 ns, At safepoint: 5400 ns, Total: 501721 ns
[2026-02-05T19:55:44.804+0000][13.318s][debug][safepoint   ] Safepoint synchronization initiated using futex wait barrier. (18 threads)
[2026-02-05T19:55:44.804+0000][13.319s][info ][gc,start    ] GC(23) Pause Young (Normal) (G1 Evacuation Pause)
[2026-02-05T19:55:44.804+0000][13.319s][info ][gc,task     ] GC(23) Using 9 workers of 10 for evacuation
[2026-02-05T19:55:44.811+0000][13.326s][info ][gc,phases   ] GC(23)   Pre Evacuate Collection Set: 0.2ms
[2026-02-05T19:55:44.812+0000][13.326s][info ][gc,phases   ] GC(23)   Merge Heap Roots: 0.2ms
[2026-02-05T19:55:44.812+0000][13.326s][info ][gc,phases   ] GC(23)   Evacuate Collection Set: 4.7ms
[2026-02-05T19:55:44.812+0000][13.327s][info ][gc,phases   ] GC(23)   Post Evacuate Collection Set: 1.8ms
[2026-02-05T19:55:44.812+0000][13.327s][info ][gc,phases   ] GC(23)   Other: 0.5ms
[2026-02-05T19:55:44.813+0000][13.327s][info ][gc,heap     ] GC(23) Eden regions: 117->0(115)
[2026-02-05T19:55:44.813+0000][13.327s][info ][gc,heap     ] GC(23) Survivor regions: 4->6(16)
[2026-02-05T19:55:44.813+0000][13.327s][info ][gc,heap     ] GC(23) Old regions: 28->28
[2026-02-05T19:55:44.813+0000][13.328s][info ][gc,heap     ] GC(23) Archive regions: 2->2
[2026-02-05T19:55:44.813+0000][13.328s][info ][gc,heap     ] GC(23) Humongous regions: 0->0
[2026-02-05T19:55:44.813+0000][13.328s][info ][gc,metaspace] GC(23) Metaspace: 57181K(57600K)->57181K(57600K) NonClass: 49924K(50112K)->49924K(50112K) Class: 7257K(7488K)->7257K(7488K)
[2026-02-05T19:55:44.814+0000][13.328s][info ][gc          ] GC(23) Pause Young (Normal) (G1 Evacuation Pause) 297M->68M(406M) 9.534ms
[2026-02-05T19:55:44.814+0000][13.328s][info ][gc,cpu      ] GC(23) User=0.05s Sys=0.00s Real=0.01s
[2026-02-05T19:55:44.814+0000][13.329s][info ][safepoint   ] Safepoint "G1CollectForAllocation", Time since last: 586913485 ns, Reaching safepoint: 340913 ns, Cleanup: 30301 ns, At safepoint: 10168376 ns, Total: 10539590 ns
[2026-02-05T19:55:45.161+0000][13.675s][debug][safepoint   ] Safepoint synchronization initiated using futex wait barrier. (18 threads)
[2026-02-05T19:55:45.161+0000][13.675s][info ][gc,start    ] GC(24) Pause Young (Concurrent Start) (Metadata GC Threshold)
[2026-02-05T19:55:45.161+0000][13.676s][info ][gc,task     ] GC(24) Using 9 workers of 10 for evacuation
[2026-02-05T19:55:45.168+0000][13.682s][info ][gc,phases   ] GC(24)   Pre Evacuate Collection Set: 0.3ms
[2026-02-05T19:55:45.168+0000][13.682s][info ][gc,phases   ] GC(24)   Merge Heap Roots: 0.2ms
[2026-02-05T19:55:45.168+0000][13.683s][info ][gc,phases   ] GC(24)   Evacuate Collection Set: 4.4ms
[2026-02-05T19:55:45.168+0000][13.683s][info ][gc,phases   ] GC(24)   Post Evacuate Collection Set: 1.4ms
[2026-02-05T19:55:45.168+0000][13.683s][info ][gc,phases   ] GC(24)   Other: 0.4ms
[2026-02-05T19:55:45.169+0000][13.683s][info ][gc,heap     ] GC(24) Eden regions: 35->0(115)
[2026-02-05T19:55:45.169+0000][13.683s][info ][gc,heap     ] GC(24) Survivor regions: 6->6(16)
[2026-02-05T19:55:45.169+0000][13.683s][info ][gc,heap     ] GC(24) Old regions: 28->28
[2026-02-05T19:55:45.169+0000][13.684s][info ][gc,heap     ] GC(24) Archive regions: 2->2
[2026-02-05T19:55:45.170+0000][13.684s][info ][gc,heap     ] GC(24) Humongous regions: 0->0
[2026-02-05T19:55:45.170+0000][13.684s][info ][gc,metaspace] GC(24) Metaspace: 60217K(60608K)->60217K(60608K) NonClass: 52538K(52736K)->52538K(52736K) Class: 7679K(7872K)->7679K(7872K)
[2026-02-05T19:55:45.170+0000][13.685s][info ][gc          ] GC(24) Pause Young (Concurrent Start) (Metadata GC Threshold) 138M->68M(406M) 9.171ms
[2026-02-05T19:55:45.170+0000][13.685s][info ][gc,cpu      ] GC(24) User=0.04s Sys=0.01s Real=0.01s
[2026-02-05T19:55:45.171+0000][13.685s][info ][gc          ] GC(25) Concurrent Mark Cycle
[2026-02-05T19:55:45.171+0000][13.686s][info ][gc,marking  ] GC(25) Concurrent Clear Claimed Marks
[2026-02-05T19:55:45.171+0000][13.685s][info ][safepoint   ] Safepoint "CollectForMetadataAllocation", Time since last: 346511320 ns, Reaching safepoint: 221208 ns, Cleanup: 45602 ns, At safepoint: 9869665 ns, Total: 10136475 ns
[2026-02-05T19:55:45.171+0000][13.686s][info ][gc,marking  ] GC(25) Concurrent Clear Claimed Marks 0.278ms
[2026-02-05T19:55:45.172+0000][13.686s][info ][gc,marking  ] GC(25) Concurrent Scan Root Regions
[2026-02-05T19:55:45.176+0000][13.691s][info ][gc,marking  ] GC(25) Concurrent Scan Root Regions 4.393ms
[2026-02-05T19:55:45.177+0000][13.691s][info ][gc,marking  ] GC(25) Concurrent Mark
[2026-02-05T19:55:45.177+0000][13.691s][info ][gc,marking  ] GC(25) Concurrent Mark From Roots
[2026-02-05T19:55:45.177+0000][13.692s][info ][gc,task     ] GC(25) Using 3 workers of 3 for marking
[2026-02-05T19:55:45.200+0000][13.714s][debug][safepoint   ] Safepoint synchronization initiated using futex wait barrier. (20 threads)
[2026-02-05T19:55:45.200+0000][13.715s][info ][safepoint   ] Safepoint "CollectForMetadataAllocation", Time since last: 29002273 ns, Reaching safepoint: 347613 ns, Cleanup: 8801 ns, At safepoint: 79602 ns, Total: 436016 ns
[2026-02-05T19:55:45.205+0000][13.719s][info ][gc,marking  ] GC(25) Concurrent Mark From Roots 28.022ms
[2026-02-05T19:55:45.205+0000][13.720s][info ][gc,marking  ] GC(25) Concurrent Preclean
[2026-02-05T19:55:45.206+0000][13.720s][info ][gc,marking  ] GC(25) Concurrent Preclean 0.429ms
[2026-02-05T19:55:45.206+0000][13.720s][debug][safepoint   ] Safepoint synchronization initiated using futex wait barrier. (20 threads)
[2026-02-05T19:55:45.206+0000][13.721s][debug][safepoint   ] ... found polling page loop exception at pc = 0x00007750091746b8, stub =0x0000775008b10400
[2026-02-05T19:55:45.206+0000][13.721s][info ][gc,start    ] GC(25) Pause Remark
[2026-02-05T19:55:45.210+0000][13.724s][info ][gc          ] GC(25) Pause Remark 73M->73M(260M) 3.238ms
[2026-02-05T19:55:45.210+0000][13.724s][info ][gc,cpu      ] GC(25) User=0.01s Sys=0.01s Real=0.01s
[2026-02-05T19:55:45.210+0000][13.725s][info ][safepoint   ] Safepoint "G1PauseRemark", Time since last: 5581307 ns, Reaching safepoint: 497018 ns, Cleanup: 8001 ns, At safepoint: 3797440 ns, Total: 4302459 ns
[2026-02-05T19:55:45.210+0000][13.725s][info ][gc,marking  ] GC(25) Concurrent Mark 33.834ms
[2026-02-05T19:55:45.211+0000][13.725s][info ][gc,marking  ] GC(25) Concurrent Rebuild Remembered Sets
[2026-02-05T19:55:45.227+0000][13.742s][info ][gc,marking  ] GC(25) Concurrent Rebuild Remembered Sets 16.440ms
[2026-02-05T19:55:45.228+0000][13.742s][debug][safepoint   ] Safepoint synchronization initiated using futex wait barrier. (20 threads)
[2026-02-05T19:55:45.228+0000][13.742s][info ][gc,start    ] GC(25) Pause Cleanup
[2026-02-05T19:55:45.228+0000][13.743s][info ][gc          ] GC(25) Pause Cleanup 74M->74M(260M) 0.568ms
[2026-02-05T19:55:45.229+0000][13.743s][info ][gc,cpu      ] GC(25) User=0.00s Sys=0.00s Real=0.00s
[2026-02-05T19:55:45.230+0000][13.744s][info ][safepoint   ] Safepoint "G1PauseCleanup", Time since last: 17419245 ns, Reaching safepoint: 223008 ns, Cleanup: 8700 ns, At safepoint: 2071477 ns, Total: 2303185 ns
[2026-02-05T19:55:45.230+0000][13.745s][info ][gc,marking  ] GC(25) Concurrent Cleanup for Next Mark
[2026-02-05T19:55:45.232+0000][13.747s][info ][gc,marking  ] GC(25) Concurrent Cleanup for Next Mark 2.175ms
[2026-02-05T19:55:45.233+0000][13.747s][info ][gc          ] GC(25) Concurrent Mark Cycle 61.818ms
[2026-02-05T19:55:45.656+0000][14.171s][debug][safepoint   ] Safepoint synchronization initiated using futex wait barrier. (21 threads)
[2026-02-05T19:55:45.657+0000][14.171s][info ][safepoint   ] Safepoint "ICBufferFull", Time since last: 426321173 ns, Reaching safepoint: 411615 ns, Cleanup: 146806 ns, At safepoint: 5300 ns, Total: 563721 ns
[2026-02-05T19:55:45.970+0000][14.484s][debug][safepoint   ] Safepoint synchronization initiated using futex wait barrier. (21 threads)
[2026-02-05T19:55:45.971+0000][14.486s][info ][gc,start    ] GC(26) Pause Young (Prepare Mixed) (G1 Evacuation Pause)
[2026-02-05T19:55:45.972+0000][14.486s][info ][gc,task     ] GC(26) Using 7 workers of 10 for evacuation
[2026-02-05T19:55:45.979+0000][14.493s][info ][gc,phases   ] GC(26)   Pre Evacuate Collection Set: 0.2ms
[2026-02-05T19:55:45.979+0000][14.494s][info ][gc,phases   ] GC(26)   Merge Heap Roots: 0.1ms
[2026-02-05T19:55:45.979+0000][14.494s][info ][gc,phases   ] GC(26)   Evacuate Collection Set: 5.4ms
[2026-02-05T19:55:45.979+0000][14.494s][info ][gc,phases   ] GC(26)   Post Evacuate Collection Set: 1.1ms
[2026-02-05T19:55:45.980+0000][14.494s][info ][gc,phases   ] GC(26)   Other: 0.5ms
[2026-02-05T19:55:45.980+0000][14.494s][info ][gc,heap     ] GC(26) Eden regions: 72->0(1)
[2026-02-05T19:55:45.980+0000][14.494s][info ][gc,heap     ] GC(26) Survivor regions: 6->6(10)
[2026-02-05T19:55:45.980+0000][14.495s][info ][gc,heap     ] GC(26) Old regions: 28->29
[2026-02-05T19:55:45.980+0000][14.495s][info ][gc,heap     ] GC(26) Archive regions: 2->2
[2026-02-05T19:55:45.980+0000][14.495s][info ][gc,heap     ] GC(26) Humongous regions: 0->0
[2026-02-05T19:55:45.981+0000][14.495s][info ][gc,metaspace] GC(26) Metaspace: 63658K(64128K)->63658K(64128K) NonClass: 55544K(55744K)->55544K(55744K) Class: 8113K(8384K)->8113K(8384K)
[2026-02-05T19:55:45.981+0000][14.495s][info ][gc          ] GC(26) Pause Young (Prepare Mixed) (G1 Evacuation Pause) 212M->70M(260M) 9.436ms
[2026-02-05T19:55:45.981+0000][14.496s][info ][gc,cpu      ] GC(26) User=0.06s Sys=0.00s Real=0.01s
[2026-02-05T19:55:45.981+0000][14.496s][info ][safepoint   ] Safepoint "G1CollectForAllocation", Time since last: 313019281 ns, Reaching safepoint: 295311 ns, Cleanup: 1300848 ns, At safepoint: 9821063 ns, Total: 11417222 ns
[2026-02-05T19:55:45.989+0000][14.503s][debug][safepoint   ] Safepoint synchronization initiated using futex wait barrier. (21 threads)
[2026-02-05T19:55:45.989+0000][14.503s][info ][gc,start    ] GC(27) Pause Young (Mixed) (G1 Evacuation Pause)
[2026-02-05T19:55:45.989+0000][14.504s][info ][gc,task     ] GC(27) Using 6 workers of 10 for evacuation
[2026-02-05T19:55:45.997+0000][14.511s][info ][gc,phases   ] GC(27)   Pre Evacuate Collection Set: 0.2ms
[2026-02-05T19:55:45.997+0000][14.511s][info ][gc,phases   ] GC(27)   Merge Heap Roots: 0.1ms
[2026-02-05T19:55:45.997+0000][14.512s][info ][gc,phases   ] GC(27)   Evacuate Collection Set: 6.2ms
[2026-02-05T19:55:45.997+0000][14.512s][info ][gc,phases   ] GC(27)   Post Evacuate Collection Set: 0.9ms
[2026-02-05T19:55:45.997+0000][14.512s][info ][gc,phases   ] GC(27)   Other: 0.5ms
[2026-02-05T19:55:45.998+0000][14.512s][info ][gc,heap     ] GC(27) Eden regions: 1->0(76)
[2026-02-05T19:55:45.998+0000][14.512s][info ][gc,heap     ] GC(27) Survivor regions: 6->1(1)
[2026-02-05T19:55:45.998+0000][14.512s][info ][gc,heap     ] GC(27) Old regions: 29->33
[2026-02-05T19:55:45.998+0000][14.513s][info ][gc,heap     ] GC(27) Archive regions: 2->2
[2026-02-05T19:55:45.998+0000][14.513s][info ][gc,heap     ] GC(27) Humongous regions: 0->0
[2026-02-05T19:55:45.998+0000][14.513s][info ][gc,metaspace] GC(27) Metaspace: 63684K(64128K)->63684K(64128K) NonClass: 55565K(55744K)->55565K(55744K) Class: 8119K(8384K)->8119K(8384K)
[2026-02-05T19:55:45.999+0000][14.513s][info ][gc          ] GC(27) Pause Young (Mixed) (G1 Evacuation Pause) 72M->69M(260M) 9.692ms
[2026-02-05T19:55:45.999+0000][14.513s][info ][gc,cpu      ] GC(27) User=0.05s Sys=0.00s Real=0.01s
[2026-02-05T19:55:45.999+0000][14.513s][info ][safepoint   ] Safepoint "G1CollectForAllocation", Time since last: 7321371 ns, Reaching safepoint: 345713 ns, Cleanup: 4500 ns, At safepoint: 10072073 ns, Total: 10422286 ns
[2026-02-05T19:55:46.626+0000][15.141s][debug][safepoint   ] Safepoint synchronization initiated using futex wait barrier. (20 threads)
[2026-02-05T19:55:46.627+0000][15.141s][info ][gc,start    ] GC(28) Pause Young (Concurrent Start) (G1 Evacuation Pause)
[2026-02-05T19:55:46.627+0000][15.141s][info ][gc,task     ] GC(28) Using 6 workers of 10 for evacuation
[2026-02-05T19:55:46.631+0000][15.146s][info ][gc,phases   ] GC(28)   Pre Evacuate Collection Set: 0.2ms
[2026-02-05T19:55:46.632+0000][15.146s][info ][gc,phases   ] GC(28)   Merge Heap Roots: 0.1ms
[2026-02-05T19:55:46.632+0000][15.146s][info ][gc,phases   ] GC(28)   Evacuate Collection Set: 2.7ms
[2026-02-05T19:55:46.632+0000][15.147s][info ][gc,phases   ] GC(28)   Post Evacuate Collection Set: 1.1ms
[2026-02-05T19:55:46.633+0000][15.147s][info ][gc,phases   ] GC(28)   Other: 0.4ms
[2026-02-05T19:55:46.633+0000][15.147s][info ][gc,heap     ] GC(28) Eden regions: 76->0(77)
[2026-02-05T19:55:46.633+0000][15.147s][info ][gc,heap     ] GC(28) Survivor regions: 1->1(10)
[2026-02-05T19:55:46.633+0000][15.148s][info ][gc,heap     ] GC(28) Old regions: 33->33
[2026-02-05T19:55:46.633+0000][15.148s][info ][gc,heap     ] GC(28) Archive regions: 2->2
[2026-02-05T19:55:46.634+0000][15.148s][info ][gc,heap     ] GC(28) Humongous regions: 0->0
[2026-02-05T19:55:46.634+0000][15.148s][info ][gc,metaspace] GC(28) Metaspace: 67792K(68224K)->67792K(68224K) NonClass: 59073K(59264K)->59073K(59264K) Class: 8718K(8960K)->8718K(8960K)
[2026-02-05T19:55:46.634+0000][15.149s][info ][gc          ] GC(28) Pause Young (Concurrent Start) (G1 Evacuation Pause) 221M->69M(260M) 7.601ms
[2026-02-05T19:55:46.634+0000][15.149s][info ][gc,cpu      ] GC(28) User=0.02s Sys=0.00s Real=0.01s
[2026-02-05T19:55:46.635+0000][15.149s][info ][gc          ] GC(29) Concurrent Mark Cycle
[2026-02-05T19:55:46.635+0000][15.149s][info ][gc,marking  ] GC(29) Concurrent Clear Claimed Marks
[2026-02-05T19:55:46.635+0000][15.149s][info ][safepoint   ] Safepoint "G1CollectForAllocation", Time since last: 627268108 ns, Reaching safepoint: 295010 ns, Cleanup: 74003 ns, At safepoint: 8076199 ns, Total: 8445212 ns
[2026-02-05T19:55:46.635+0000][15.150s][info ][gc,marking  ] GC(29) Concurrent Clear Claimed Marks 0.233ms
[2026-02-05T19:55:46.636+0000][15.150s][info ][gc,marking  ] GC(29) Concurrent Scan Root Regions
[2026-02-05T19:55:46.639+0000][15.153s][info ][gc,marking  ] GC(29) Concurrent Scan Root Regions 2.862ms
[2026-02-05T19:55:46.639+0000][15.153s][info ][gc,marking  ] GC(29) Concurrent Mark
[2026-02-05T19:55:46.639+0000][15.154s][info ][gc,marking  ] GC(29) Concurrent Mark From Roots
[2026-02-05T19:55:46.640+0000][15.154s][info ][gc,task     ] GC(29) Using 3 workers of 3 for marking
[2026-02-05T19:55:46.687+0000][15.201s][info ][gc,marking  ] GC(29) Concurrent Mark From Roots 47.287ms
[2026-02-05T19:55:46.687+0000][15.201s][info ][gc,marking  ] GC(29) Concurrent Preclean
[2026-02-05T19:55:46.687+0000][15.202s][info ][gc,marking  ] GC(29) Concurrent Preclean 0.477ms
[2026-02-05T19:55:46.688+0000][15.202s][debug][safepoint   ] Safepoint synchronization initiated using futex wait barrier. (20 threads)
[2026-02-05T19:55:46.688+0000][15.202s][info ][gc,start    ] GC(29) Pause Remark
[2026-02-05T19:55:46.692+0000][15.206s][info ][gc          ] GC(29) Pause Remark 75M->75M(260M) 3.798ms
[2026-02-05T19:55:46.692+0000][15.207s][info ][gc,cpu      ] GC(29) User=0.01s Sys=0.01s Real=0.00s
[2026-02-05T19:55:46.692+0000][15.207s][info ][safepoint   ] Safepoint "G1PauseRemark", Time since last: 53092564 ns, Reaching safepoint: 193208 ns, Cleanup: 12600 ns, At safepoint: 4305159 ns, Total: 4510967 ns
[2026-02-05T19:55:46.692+0000][15.207s][info ][gc,marking  ] GC(29) Concurrent Mark 53.488ms
[2026-02-05T19:55:46.693+0000][15.207s][info ][gc,marking  ] GC(29) Concurrent Rebuild Remembered Sets
[2026-02-05T19:55:46.715+0000][15.230s][info ][gc,marking  ] GC(29) Concurrent Rebuild Remembered Sets 22.419ms
[2026-02-05T19:55:46.715+0000][15.230s][debug][safepoint   ] Safepoint synchronization initiated using futex wait barrier. (20 threads)
[2026-02-05T19:55:46.716+0000][15.230s][info ][gc,start    ] GC(29) Pause Cleanup
[2026-02-05T19:55:46.716+0000][15.231s][info ][gc          ] GC(29) Pause Cleanup 79M->79M(260M) 0.298ms
[2026-02-05T19:55:46.716+0000][15.231s][info ][gc,cpu      ] GC(29) User=0.01s Sys=0.00s Real=0.00s
[2026-02-05T19:55:46.716+0000][15.231s][info ][safepoint   ] Safepoint "G1PauseCleanup", Time since last: 23180958 ns, Reaching safepoint: 274210 ns, Cleanup: 10600 ns, At safepoint: 655125 ns, Total: 939935 ns
[2026-02-05T19:55:46.717+0000][15.231s][info ][gc,marking  ] GC(29) Concurrent Cleanup for Next Mark
[2026-02-05T19:55:46.717+0000][15.231s][info ][gc,marking  ] GC(29) Concurrent Cleanup for Next Mark 0.430ms
[2026-02-05T19:55:46.717+0000][15.232s][info ][gc          ] GC(29) Concurrent Mark Cycle 82.545ms
[2026-02-05T19:55:47.362+0000][15.879s][debug][safepoint   ] Safepoint synchronization initiated using futex wait barrier. (20 threads)
[2026-02-05T19:55:47.363+0000][15.879s][info ][safepoint   ] Safepoint "ICBufferFull", Time since last: 647808566 ns, Reaching safepoint: 371414 ns, Cleanup: 189407 ns, At safepoint: 27801 ns, Total: 588622 ns
[2026-02-05T19:55:47.530+0000][16.047s][debug][safepoint   ] Safepoint synchronization initiated using futex wait barrier. (19 threads)
[2026-02-05T19:55:47.531+0000][16.047s][info ][gc,start    ] GC(30) Pause Young (Prepare Mixed) (G1 Evacuation Pause)
[2026-02-05T19:55:47.531+0000][16.047s][info ][gc,task     ] GC(30) Using 6 workers of 10 for evacuation
[2026-02-05T19:55:47.536+0000][16.052s][info ][gc,phases   ] GC(30)   Pre Evacuate Collection Set: 0.2ms
[2026-02-05T19:55:47.536+0000][16.052s][info ][gc,phases   ] GC(30)   Merge Heap Roots: 0.1ms
[2026-02-05T19:55:47.536+0000][16.053s][info ][gc,phases   ] GC(30)   Evacuate Collection Set: 3.4ms
[2026-02-05T19:55:47.536+0000][16.053s][info ][gc,phases   ] GC(30)   Post Evacuate Collection Set: 0.9ms
[2026-02-05T19:55:47.537+0000][16.053s][info ][gc,phases   ] GC(30)   Other: 0.6ms
[2026-02-05T19:55:47.537+0000][16.053s][info ][gc,heap     ] GC(30) Eden regions: 77->0(3)
[2026-02-05T19:55:47.537+0000][16.054s][info ][gc,heap     ] GC(30) Survivor regions: 1->3(10)
[2026-02-05T19:55:47.537+0000][16.054s][info ][gc,heap     ] GC(30) Old regions: 33->33
[2026-02-05T19:55:47.538+0000][16.054s][info ][gc,heap     ] GC(30) Archive regions: 2->2
[2026-02-05T19:55:47.538+0000][16.054s][info ][gc,heap     ] GC(30) Humongous regions: 0->0
[2026-02-05T19:55:47.538+0000][16.054s][info ][gc,metaspace] GC(30) Metaspace: 71487K(72000K)->71487K(72000K) NonClass: 62310K(62592K)->62310K(62592K) Class: 9177K(9408K)->9177K(9408K)
[2026-02-05T19:55:47.538+0000][16.055s][info ][gc          ] GC(30) Pause Young (Prepare Mixed) (G1 Evacuation Pause) 223M->72M(260M) 7.655ms
[2026-02-05T19:55:47.538+0000][16.055s][info ][gc,cpu      ] GC(30) User=0.02s Sys=0.00s Real=0.01s
[2026-02-05T19:55:47.539+0000][16.055s][info ][safepoint   ] Safepoint "G1CollectForAllocation", Time since last: 167238888 ns, Reaching safepoint: 356313 ns, Cleanup: 36801 ns, At safepoint: 8119601 ns, Total: 8512715 ns
[2026-02-05T19:55:47.611+0000][16.127s][debug][safepoint   ] Safepoint synchronization initiated using futex wait barrier. (20 threads)
[2026-02-05T19:55:47.611+0000][16.127s][info ][gc,start    ] GC(31) Pause Young (Mixed) (G1 Evacuation Pause)
[2026-02-05T19:55:47.611+0000][16.128s][info ][gc,task     ] GC(31) Using 6 workers of 10 for evacuation
[2026-02-05T19:55:47.618+0000][16.134s][info ][gc,phases   ] GC(31)   Pre Evacuate Collection Set: 0.2ms
[2026-02-05T19:55:47.618+0000][16.134s][info ][gc,phases   ] GC(31)   Merge Heap Roots: 0.1ms
[2026-02-05T19:55:47.618+0000][16.135s][info ][gc,phases   ] GC(31)   Evacuate Collection Set: 4.7ms
[2026-02-05T19:55:47.618+0000][16.135s][info ][gc,phases   ] GC(31)   Post Evacuate Collection Set: 1.0ms
[2026-02-05T19:55:47.619+0000][16.135s][info ][gc,phases   ] GC(31)   Other: 0.7ms
[2026-02-05T19:55:47.619+0000][16.135s][info ][gc,heap     ] GC(31) Eden regions: 3->0(74)
[2026-02-05T19:55:47.619+0000][16.135s][info ][gc,heap     ] GC(31) Survivor regions: 3->1(1)
[2026-02-05T19:55:47.619+0000][16.135s][info ][gc,heap     ] GC(31) Old regions: 33->35
[2026-02-05T19:55:47.619+0000][16.136s][info ][gc,heap     ] GC(31) Archive regions: 2->2
[2026-02-05T19:55:47.619+0000][16.136s][info ][gc,heap     ] GC(31) Humongous regions: 0->0
[2026-02-05T19:55:47.620+0000][16.136s][info ][gc,metaspace] GC(31) Metaspace: 71693K(72128K)->71693K(72128K) NonClass: 62508K(62720K)->62508K(62720K) Class: 9185K(9408K)->9185K(9408K)
[2026-02-05T19:55:47.620+0000][16.136s][info ][gc          ] GC(31) Pause Young (Mixed) (G1 Evacuation Pause) 78M->72M(260M) 8.755ms
[2026-02-05T19:55:47.620+0000][16.136s][info ][gc,cpu      ] GC(31) User=0.04s Sys=0.00s Real=0.01s
[2026-02-05T19:55:47.620+0000][16.137s][info ][safepoint   ] Safepoint "G1CollectForAllocation", Time since last: 72044065 ns, Reaching safepoint: 318312 ns, Cleanup: 73403 ns, At safepoint: 9197940 ns, Total: 9589655 ns
[2026-02-05T19:55:48.357+0000][16.874s][debug][safepoint   ] Safepoint synchronization initiated using futex wait barrier. (19 threads)
[2026-02-05T19:55:48.358+0000][16.874s][info ][gc,start    ] GC(32) Pause Young (Normal) (G1 Evacuation Pause)
[2026-02-05T19:55:48.358+0000][16.874s][info ][gc,task     ] GC(32) Using 6 workers of 10 for evacuation
[2026-02-05T19:55:48.362+0000][16.878s][info ][gc,phases   ] GC(32)   Pre Evacuate Collection Set: 0.1ms
[2026-02-05T19:55:48.362+0000][16.879s][info ][gc,phases   ] GC(32)   Merge Heap Roots: 0.2ms
[2026-02-05T19:55:48.362+0000][16.879s][info ][gc,phases   ] GC(32)   Evacuate Collection Set: 2.2ms
[2026-02-05T19:55:48.363+0000][16.879s][info ][gc,phases   ] GC(32)   Post Evacuate Collection Set: 1.0ms
[2026-02-05T19:55:48.363+0000][16.879s][info ][gc,phases   ] GC(32)   Other: 0.5ms
[2026-02-05T19:55:48.363+0000][16.879s][info ][gc,heap     ] GC(32) Eden regions: 74->0(75)
[2026-02-05T19:55:48.363+0000][16.879s][info ][gc,heap     ] GC(32) Survivor regions: 1->1(10)
[2026-02-05T19:55:48.363+0000][16.880s][info ][gc,heap     ] GC(32) Old regions: 35->35
[2026-02-05T19:55:48.363+0000][16.880s][info ][gc,heap     ] GC(32) Archive regions: 2->2
[2026-02-05T19:55:48.364+0000][16.880s][info ][gc,heap     ] GC(32) Humongous regions: 0->0
[2026-02-05T19:55:48.364+0000][16.880s][info ][gc,metaspace] GC(32) Metaspace: 76825K(77312K)->76825K(77312K) NonClass: 66820K(67072K)->66820K(67072K) Class: 10004K(10240K)->10004K(10240K)
[2026-02-05T19:55:48.364+0000][16.880s][info ][gc          ] GC(32) Pause Young (Normal) (G1 Evacuation Pause) 220M->72M(260M) 6.292ms
[2026-02-05T19:55:48.364+0000][16.881s][info ][gc,cpu      ] GC(32) User=0.01s Sys=0.01s Real=0.00s
[2026-02-05T19:55:48.365+0000][16.881s][info ][safepoint   ] Safepoint "G1CollectForAllocation", Time since last: 737123672 ns, Reaching safepoint: 325712 ns, Cleanup: 58702 ns, At safepoint: 6757350 ns, Total: 7141764 ns
[2026-02-05T19:55:48.748+0000][17.264s][debug][safepoint   ] Safepoint synchronization initiated using futex wait barrier. (20 threads)
[2026-02-05T19:55:48.748+0000][17.264s][info ][safepoint   ] Safepoint "ICBufferFull", Time since last: 382997971 ns, Reaching safepoint: 251009 ns, Cleanup: 84503 ns, At safepoint: 2400 ns, Total: 337912 ns
[2026-02-05T19:55:48.835+0000][17.352s][debug][safepoint   ] Safepoint synchronization initiated using futex wait barrier. (20 threads)
[2026-02-05T19:55:48.836+0000][17.352s][info ][safepoint   ] Safepoint "ICBufferFull", Time since last: 87342132 ns, Reaching safepoint: 479217 ns, Cleanup: 92704 ns, At safepoint: 29901 ns, Total: 601822 ns
[2026-02-05T19:55:48.904+0000][17.421s][debug][safepoint   ] Safepoint synchronization initiated using futex wait barrier. (20 threads)
[2026-02-05T19:55:48.904+0000][17.421s][info ][safepoint   ] Safepoint "ICBufferFull", Time since last: 68359429 ns, Reaching safepoint: 195807 ns, Cleanup: 72003 ns, At safepoint: 2800 ns, Total: 270610 ns
[2026-02-05T19:55:48.981+0000][17.497s][debug][safepoint   ] Safepoint synchronization initiated using futex wait barrier. (21 threads)
[2026-02-05T19:55:48.981+0000][17.498s][info ][safepoint   ] Safepoint "ICBufferFull", Time since last: 76181419 ns, Reaching safepoint: 463417 ns, Cleanup: 82803 ns, At safepoint: 27201 ns, Total: 573421 ns
[2026-02-05T19:55:49.111+0000][17.627s][debug][safepoint   ] Safepoint synchronization initiated using futex wait barrier. (21 threads)
[2026-02-05T19:55:49.111+0000][17.628s][info ][safepoint   ] Safepoint "ICBufferFull", Time since last: 129597795 ns, Reaching safepoint: 286110 ns, Cleanup: 83003 ns, At safepoint: 2701 ns, Total: 371814 ns
[2026-02-05T19:55:49.145+0000][17.662s][debug][safepoint   ] Safepoint synchronization initiated using futex wait barrier. (21 threads)
[2026-02-05T19:55:49.146+0000][17.662s][info ][gc,start    ] GC(33) Pause Young (Normal) (G1 Evacuation Pause)
[2026-02-05T19:55:49.146+0000][17.662s][info ][gc,task     ] GC(33) Using 6 workers of 10 for evacuation
[2026-02-05T19:55:49.149+0000][17.665s][info ][gc,phases   ] GC(33)   Pre Evacuate Collection Set: 0.2ms
[2026-02-05T19:55:49.149+0000][17.665s][info ][gc,phases   ] GC(33)   Merge Heap Roots: 0.1ms
[2026-02-05T19:55:49.149+0000][17.665s][info ][gc,phases   ] GC(33)   Evacuate Collection Set: 1.7ms
[2026-02-05T19:55:49.149+0000][17.666s][info ][gc,phases   ] GC(33)   Post Evacuate Collection Set: 0.8ms
[2026-02-05T19:55:49.149+0000][17.666s][info ][gc,phases   ] GC(33)   Other: 0.4ms
[2026-02-05T19:55:49.150+0000][17.666s][info ][gc,heap     ] GC(33) Eden regions: 75->0(74)
[2026-02-05T19:55:49.150+0000][17.666s][info ][gc,heap     ] GC(33) Survivor regions: 1->2(10)
[2026-02-05T19:55:49.150+0000][17.666s][info ][gc,heap     ] GC(33) Old regions: 35->35
[2026-02-05T19:55:49.150+0000][17.666s][info ][gc,heap     ] GC(33) Archive regions: 2->2
[2026-02-05T19:55:49.150+0000][17.667s][info ][gc,heap     ] GC(33) Humongous regions: 0->0
[2026-02-05T19:55:49.150+0000][17.667s][info ][gc,metaspace] GC(33) Metaspace: 79776K(80256K)->79776K(80256K) NonClass: 69347K(69568K)->69347K(69568K) Class: 10428K(10688K)->10428K(10688K)
[2026-02-05T19:55:49.150+0000][17.667s][info ][gc          ] GC(33) Pause Young (Normal) (G1 Evacuation Pause) 222M->73M(260M) 4.959ms
[2026-02-05T19:55:49.151+0000][17.667s][info ][gc,cpu      ] GC(33) User=0.02s Sys=0.00s Real=0.01s
[2026-02-05T19:55:49.151+0000][17.667s][info ][safepoint   ] Safepoint "G1CollectForAllocation", Time since last: 33988757 ns, Reaching safepoint: 311612 ns, Cleanup: 32201 ns, At safepoint: 5348298 ns, Total: 5692111 ns
[2026-02-05T19:55:49.212+0000][17.728s][debug][safepoint   ] Safepoint synchronization initiated using futex wait barrier. (21 threads)
[2026-02-05T19:55:49.212+0000][17.729s][info ][safepoint   ] Safepoint "ICBufferFull", Time since last: 60906153 ns, Reaching safepoint: 398415 ns, Cleanup: 113304 ns, At safepoint: 34301 ns, Total: 546020 ns
[2026-02-05T19:55:49.406+0000][17.922s][debug][safepoint   ] Safepoint synchronization initiated using futex wait barrier. (21 threads)
[2026-02-05T19:55:49.406+0000][17.923s][info ][safepoint   ] Safepoint "ICBufferFull", Time since last: 193452658 ns, Reaching safepoint: 311011 ns, Cleanup: 103204 ns, At safepoint: 42702 ns, Total: 456917 ns
[2026-02-05T19:55:49.913+0000][18.429s][debug][safepoint   ] Safepoint synchronization initiated using futex wait barrier. (19 threads)
[2026-02-05T19:55:49.913+0000][18.430s][info ][gc,start    ] GC(34) Pause Young (Normal) (G1 Evacuation Pause)
[2026-02-05T19:55:49.913+0000][18.430s][info ][gc,task     ] GC(34) Using 6 workers of 10 for evacuation
[2026-02-05T19:55:49.918+0000][18.434s][info ][gc,phases   ] GC(34)   Pre Evacuate Collection Set: 0.1ms
[2026-02-05T19:55:49.918+0000][18.435s][info ][gc,phases   ] GC(34)   Merge Heap Roots: 0.1ms
[2026-02-05T19:55:49.919+0000][18.435s][info ][gc,phases   ] GC(34)   Evacuate Collection Set: 3.0ms
[2026-02-05T19:55:49.919+0000][18.435s][info ][gc,phases   ] GC(34)   Post Evacuate Collection Set: 1.0ms
[2026-02-05T19:55:49.919+0000][18.435s][info ][gc,phases   ] GC(34)   Other: 0.5ms
[2026-02-05T19:55:49.919+0000][18.436s][info ][gc,heap     ] GC(34) Eden regions: 74->0(73)
[2026-02-05T19:55:49.919+0000][18.436s][info ][gc,heap     ] GC(34) Survivor regions: 2->3(10)
[2026-02-05T19:55:49.920+0000][18.436s][info ][gc,heap     ] GC(34) Old regions: 35->35
[2026-02-05T19:55:49.920+0000][18.436s][info ][gc,heap     ] GC(34) Archive regions: 2->2
[2026-02-05T19:55:49.920+0000][18.437s][info ][gc,heap     ] GC(34) Humongous regions: 0->0
[2026-02-05T19:55:49.920+0000][18.437s][info ][gc,metaspace] GC(34) Metaspace: 83150K(83712K)->83150K(83712K) NonClass: 72232K(72512K)->72232K(72512K) Class: 10917K(11200K)->10917K(11200K)
[2026-02-05T19:55:49.921+0000][18.437s][info ][gc          ] GC(34) Pause Young (Normal) (G1 Evacuation Pause) 221M->76M(260M) 7.412ms
[2026-02-05T19:55:49.921+0000][18.437s][info ][gc,cpu      ] GC(34) User=0.02s Sys=0.00s Real=0.01s
[2026-02-05T19:55:49.921+0000][18.437s][info ][safepoint   ] Safepoint "G1CollectForAllocation", Time since last: 506341633 ns, Reaching safepoint: 594922 ns, Cleanup: 56202 ns, At safepoint: 7825790 ns, Total: 8476914 ns
[2026-02-05T19:55:50.420+0000][18.936s][debug][safepoint   ] Safepoint synchronization initiated using futex wait barrier. (21 threads)
[2026-02-05T19:55:50.420+0000][18.937s][info ][safepoint   ] Safepoint "ICBufferFull", Time since last: 499033263 ns, Reaching safepoint: 296211 ns, Cleanup: 120705 ns, At safepoint: 20800 ns, Total: 437716 ns
[2026-02-05T19:55:51.071+0000][19.588s][debug][safepoint   ] Safepoint synchronization initiated using futex wait barrier. (20 threads)
[2026-02-05T19:55:51.072+0000][19.588s][info ][gc,start    ] GC(35) Pause Young (Normal) (G1 Evacuation Pause)
[2026-02-05T19:55:51.072+0000][19.589s][info ][gc,task     ] GC(35) Using 6 workers of 10 for evacuation
[2026-02-05T19:55:51.080+0000][19.597s][info ][gc,phases   ] GC(35)   Pre Evacuate Collection Set: 0.2ms
[2026-02-05T19:55:51.080+0000][19.597s][info ][gc,phases   ] GC(35)   Merge Heap Roots: 0.1ms
[2026-02-05T19:55:51.081+0000][19.597s][info ][gc,phases   ] GC(35)   Evacuate Collection Set: 6.1ms
[2026-02-05T19:55:51.081+0000][19.597s][info ][gc,phases   ] GC(35)   Post Evacuate Collection Set: 1.4ms
[2026-02-05T19:55:51.081+0000][19.597s][info ][gc,phases   ] GC(35)   Other: 0.5ms
[2026-02-05T19:55:51.081+0000][19.598s][info ][gc,heap     ] GC(35) Eden regions: 73->0(70)
[2026-02-05T19:55:51.081+0000][19.598s][info ][gc,heap     ] GC(35) Survivor regions: 3->5(10)
[2026-02-05T19:55:51.081+0000][19.598s][info ][gc,heap     ] GC(35) Old regions: 35->35
[2026-02-05T19:55:51.082+0000][19.598s][info ][gc,heap     ] GC(35) Archive regions: 2->2
[2026-02-05T19:55:51.082+0000][19.598s][info ][gc,heap     ] GC(35) Humongous regions: 0->0
[2026-02-05T19:55:51.082+0000][19.598s][info ][gc,metaspace] GC(35) Metaspace: 85555K(86080K)->85555K(86080K) NonClass: 74471K(74752K)->74471K(74752K) Class: 11084K(11328K)->11084K(11328K)
[2026-02-05T19:55:51.082+0000][19.599s][info ][gc          ] GC(35) Pause Young (Normal) (G1 Evacuation Pause) 222M->79M(260M) 10.409ms
[2026-02-05T19:55:51.083+0000][19.599s][info ][gc,cpu      ] GC(35) User=0.08s Sys=0.00s Real=0.01s
[2026-02-05T19:55:51.083+0000][19.599s][info ][safepoint   ] Safepoint "G1CollectForAllocation", Time since last: 650932184 ns, Reaching safepoint: 385714 ns, Cleanup: 66102 ns, At safepoint: 10903604 ns, Total: 11355420 ns
[2026-02-05T19:55:52.083+0000][20.599s][debug][safepoint   ] Safepoint synchronization initiated using futex wait barrier. (20 threads)
[2026-02-05T19:55:52.084+0000][20.600s][info ][safepoint   ] Safepoint "Cleanup", Time since last: 1000289409 ns, Reaching safepoint: 416615 ns, Cleanup: 92803 ns, At safepoint: 45902 ns, Total: 555320 ns
[2026-02-05T19:55:52.358+0000][20.874s][debug][safepoint   ] Safepoint synchronization initiated using futex wait barrier. (24 threads)
[2026-02-05T19:55:52.358+0000][20.875s][info ][gc,start    ] GC(36) Pause Young (Normal) (G1 Evacuation Pause)
[2026-02-05T19:55:52.359+0000][20.875s][info ][gc,task     ] GC(36) Using 10 workers of 10 for evacuation
[2026-02-05T19:55:52.366+0000][20.883s][info ][gc,phases   ] GC(36)   Pre Evacuate Collection Set: 0.3ms
[2026-02-05T19:55:52.367+0000][20.883s][info ][gc,phases   ] GC(36)   Merge Heap Roots: 0.2ms
[2026-02-05T19:55:52.367+0000][20.883s][info ][gc,phases   ] GC(36)   Evacuate Collection Set: 5.0ms
[2026-02-05T19:55:52.367+0000][20.883s][info ][gc,phases   ] GC(36)   Post Evacuate Collection Set: 1.8ms
[2026-02-05T19:55:52.367+0000][20.884s][info ][gc,phases   ] GC(36)   Other: 0.6ms
[2026-02-05T19:55:52.367+0000][20.884s][info ][gc,heap     ] GC(36) Eden regions: 70->0(66)
[2026-02-05T19:55:52.368+0000][20.884s][info ][gc,heap     ] GC(36) Survivor regions: 5->7(10)
[2026-02-05T19:55:52.368+0000][20.884s][info ][gc,heap     ] GC(36) Old regions: 35->35
[2026-02-05T19:55:52.368+0000][20.884s][info ][gc,heap     ] GC(36) Archive regions: 2->2
[2026-02-05T19:55:52.368+0000][20.885s][info ][gc,heap     ] GC(36) Humongous regions: 0->0
[2026-02-05T19:55:52.368+0000][20.885s][info ][gc,metaspace] GC(36) Metaspace: 88134K(88704K)->88134K(88704K) NonClass: 76841K(77120K)->76841K(77120K) Class: 11293K(11584K)->11293K(11584K)
[2026-02-05T19:55:52.368+0000][20.885s][info ][gc          ] GC(36) Pause Young (Normal) (G1 Evacuation Pause) 219M->83M(260M) 10.135ms
[2026-02-05T19:55:52.369+0000][20.885s][info ][gc,cpu      ] GC(36) User=0.06s Sys=0.00s Real=0.01s
[2026-02-05T19:55:52.369+0000][20.885s][info ][safepoint   ] Safepoint "G1CollectForAllocation", Time since last: 274293349 ns, Reaching safepoint: 330812 ns, Cleanup: 60402 ns, At safepoint: 10609593 ns, Total: 11000807 ns
[2026-02-05T19:55:53.128+0000][21.645s][debug][safepoint   ] Safepoint synchronization initiated using futex wait barrier. (24 threads)
[2026-02-05T19:55:53.129+0000][21.645s][info ][safepoint   ] Safepoint "ICBufferFull", Time since last: 759417419 ns, Reaching safepoint: 494919 ns, Cleanup: 186508 ns, At safepoint: 4600 ns, Total: 686027 ns
[2026-02-05T19:55:53.941+0000][22.457s][debug][safepoint   ] Safepoint synchronization initiated using futex wait barrier. (25 threads)
[2026-02-05T19:55:53.942+0000][22.458s][info ][gc,start    ] GC(37) Pause Young (Normal) (G1 Evacuation Pause)
[2026-02-05T19:55:53.942+0000][22.458s][info ][gc,task     ] GC(37) Using 10 workers of 10 for evacuation
[2026-02-05T19:55:53.960+0000][22.477s][info ][gc,phases   ] GC(37)   Pre Evacuate Collection Set: 0.4ms
[2026-02-05T19:55:53.961+0000][22.477s][info ][gc,phases   ] GC(37)   Merge Heap Roots: 0.2ms
[2026-02-05T19:55:53.961+0000][22.478s][info ][gc,phases   ] GC(37)   Evacuate Collection Set: 14.7ms
[2026-02-05T19:55:53.962+0000][22.478s][info ][gc,phases   ] GC(37)   Post Evacuate Collection Set: 2.6ms
[2026-02-05T19:55:53.962+0000][22.478s][info ][gc,phases   ] GC(37)   Other: 0.6ms
[2026-02-05T19:55:53.963+0000][22.479s][info ][gc,heap     ] GC(37) Eden regions: 66->0(65)
[2026-02-05T19:55:53.963+0000][22.479s][info ][gc,heap     ] GC(37) Survivor regions: 7->7(10)
[2026-02-05T19:55:53.964+0000][22.480s][info ][gc,heap     ] GC(37) Old regions: 35->36
[2026-02-05T19:55:53.964+0000][22.480s][info ][gc,heap     ] GC(37) Archive regions: 2->2
[2026-02-05T19:55:53.964+0000][22.481s][info ][gc,heap     ] GC(37) Humongous regions: 0->0
[2026-02-05T19:55:53.965+0000][22.481s][info ][gc,metaspace] GC(37) Metaspace: 91904K(92544K)->91904K(92544K) NonClass: 80105K(80448K)->80105K(80448K) Class: 11798K(12096K)->11798K(12096K)
[2026-02-05T19:55:53.965+0000][22.481s][info ][gc          ] GC(37) Pause Young (Normal) (G1 Evacuation Pause) 215M->86M(260M) 23.147ms
[2026-02-05T19:55:53.965+0000][22.482s][info ][gc,cpu      ] GC(37) User=0.13s Sys=0.01s Real=0.02s
[2026-02-05T19:55:53.966+0000][22.482s][info ][safepoint   ] Safepoint "G1CollectForAllocation", Time since last: 811876137 ns, Reaching safepoint: 369115 ns, Cleanup: 526621 ns, At safepoint: 24124361 ns, Total: 25020097 ns
[2026-02-05T19:55:54.966+0000][23.483s][debug][safepoint   ] Safepoint synchronization initiated using futex wait barrier. (24 threads)
[2026-02-05T19:55:54.967+0000][23.483s][info ][safepoint   ] Safepoint "Cleanup", Time since last: 1000334343 ns, Reaching safepoint: 384516 ns, Cleanup: 49102 ns, At safepoint: 29101 ns, Total: 462719 ns
[2026-02-05T19:55:55.775+0000][24.292s][debug][safepoint   ] Safepoint synchronization initiated using futex wait barrier. (25 threads)
[2026-02-05T19:55:55.776+0000][24.292s][info ][gc,start    ] GC(38) Pause Young (Normal) (G1 Evacuation Pause)
[2026-02-05T19:55:55.776+0000][24.292s][info ][gc,task     ] GC(38) Using 10 workers of 10 for evacuation
[2026-02-05T19:55:55.786+0000][24.303s][info ][gc,phases   ] GC(38)   Pre Evacuate Collection Set: 0.3ms
[2026-02-05T19:55:55.787+0000][24.303s][info ][gc,phases   ] GC(38)   Merge Heap Roots: 0.3ms
[2026-02-05T19:55:55.787+0000][24.303s][info ][gc,phases   ] GC(38)   Evacuate Collection Set: 7.9ms
[2026-02-05T19:55:55.787+0000][24.304s][info ][gc,phases   ] GC(38)   Post Evacuate Collection Set: 1.7ms
[2026-02-05T19:55:55.787+0000][24.304s][info ][gc,phases   ] GC(38)   Other: 0.6ms
[2026-02-05T19:55:55.788+0000][24.304s][info ][gc,heap     ] GC(38) Eden regions: 65->0(66)
[2026-02-05T19:55:55.788+0000][24.304s][info ][gc,heap     ] GC(38) Survivor regions: 7->5(9)
[2026-02-05T19:55:55.788+0000][24.304s][info ][gc,heap     ] GC(38) Old regions: 36->39
[2026-02-05T19:55:55.788+0000][24.305s][info ][gc,heap     ] GC(38) Archive regions: 2->2
[2026-02-05T19:55:55.788+0000][24.305s][info ][gc,heap     ] GC(38) Humongous regions: 0->0
[2026-02-05T19:55:55.789+0000][24.305s][info ][gc,metaspace] GC(38) Metaspace: 95636K(96192K)->95636K(96192K) NonClass: 83104K(83392K)->83104K(83392K) Class: 12531K(12800K)->12531K(12800K)
[2026-02-05T19:55:55.789+0000][24.305s][info ][gc          ] GC(38) Pause Young (Normal) (G1 Evacuation Pause) 216M->88M(260M) 13.224ms
[2026-02-05T19:55:55.789+0000][24.305s][info ][gc,cpu      ] GC(38) User=0.09s Sys=0.00s Real=0.01s
[2026-02-05T19:55:55.789+0000][24.306s][info ][safepoint   ] Safepoint "G1CollectForAllocation", Time since last: 808412999 ns, Reaching safepoint: 349614 ns, Cleanup: 112005 ns, At safepoint: 13882352 ns, Total: 14343971 ns
[2026-02-05T19:55:56.573+0000][25.089s][debug][safepoint   ] Safepoint synchronization initiated using futex wait barrier. (25 threads)
[2026-02-05T19:55:56.574+0000][25.090s][info ][gc,start    ] GC(39) Pause Young (Normal) (G1 Evacuation Pause)
[2026-02-05T19:55:56.574+0000][25.090s][info ][gc,task     ] GC(39) Using 10 workers of 10 for evacuation
[2026-02-05T19:55:56.583+0000][25.099s][info ][gc,phases   ] GC(39)   Pre Evacuate Collection Set: 0.6ms
[2026-02-05T19:55:56.583+0000][25.100s][info ][gc,phases   ] GC(39)   Merge Heap Roots: 0.3ms
[2026-02-05T19:55:56.583+0000][25.100s][info ][gc,phases   ] GC(39)   Evacuate Collection Set: 6.0ms
[2026-02-05T19:55:56.584+0000][25.100s][info ][gc,phases   ] GC(39)   Post Evacuate Collection Set: 1.8ms
[2026-02-05T19:55:56.584+0000][25.100s][info ][gc,phases   ] GC(39)   Other: 0.6ms
[2026-02-05T19:55:56.584+0000][25.100s][info ][gc,heap     ] GC(39) Eden regions: 66->0(64)
[2026-02-05T19:55:56.584+0000][25.101s][info ][gc,heap     ] GC(39) Survivor regions: 5->6(9)
[2026-02-05T19:55:56.584+0000][25.101s][info ][gc,heap     ] GC(39) Old regions: 39->39
[2026-02-05T19:55:56.584+0000][25.101s][info ][gc,heap     ] GC(39) Archive regions: 2->2
[2026-02-05T19:55:56.585+0000][25.101s][info ][gc,heap     ] GC(39) Humongous regions: 0->0
[2026-02-05T19:55:56.585+0000][25.101s][info ][gc,metaspace] GC(39) Metaspace: 98451K(99008K)->98451K(99008K) NonClass: 85544K(85824K)->85544K(85824K) Class: 12907K(13184K)->12907K(13184K)
[2026-02-05T19:55:56.585+0000][25.101s][info ][gc          ] GC(39) Pause Young (Normal) (G1 Evacuation Pause) 220M->90M(260M) 11.417ms
[2026-02-05T19:55:56.585+0000][25.102s][info ][gc,cpu      ] GC(39) User=0.09s Sys=0.00s Real=0.01s
[2026-02-05T19:55:56.585+0000][25.102s][info ][safepoint   ] Safepoint "G1CollectForAllocation", Time since last: 783358902 ns, Reaching safepoint: 508420 ns, Cleanup: 127305 ns, At safepoint: 11962977 ns, Total: 12598702 ns
[2026-02-05T19:55:57.539+0000][26.055s][debug][safepoint   ] Safepoint synchronization initiated using futex wait barrier. (68 threads)
[2026-02-05T19:55:57.540+0000][26.057s][info ][gc,start    ] GC(40) Pause Young (Normal) (G1 Evacuation Pause)
[2026-02-05T19:55:57.541+0000][26.057s][info ][gc,task     ] GC(40) Using 10 workers of 10 for evacuation
[2026-02-05T19:55:57.555+0000][26.072s][info ][gc,phases   ] GC(40)   Pre Evacuate Collection Set: 0.3ms
[2026-02-05T19:55:57.556+0000][26.073s][info ][gc,phases   ] GC(40)   Merge Heap Roots: 0.2ms
[2026-02-05T19:55:57.556+0000][26.073s][info ][gc,phases   ] GC(40)   Evacuate Collection Set: 10.2ms
[2026-02-05T19:55:57.557+0000][26.073s][info ][gc,phases   ] GC(40)   Post Evacuate Collection Set: 3.8ms
[2026-02-05T19:55:57.557+0000][26.073s][info ][gc,phases   ] GC(40)   Other: 0.7ms
[2026-02-05T19:55:57.557+0000][26.074s][info ][gc,heap     ] GC(40) Eden regions: 64->0(62)
[2026-02-05T19:55:57.558+0000][26.074s][info ][gc,heap     ] GC(40) Survivor regions: 6->6(9)
[2026-02-05T19:55:57.558+0000][26.074s][info ][gc,heap     ] GC(40) Old regions: 39->41
[2026-02-05T19:55:57.558+0000][26.075s][info ][gc,heap     ] GC(40) Archive regions: 2->2
[2026-02-05T19:55:57.559+0000][26.075s][info ][gc,heap     ] GC(40) Humongous regions: 0->0
[2026-02-05T19:55:57.559+0000][26.075s][info ][gc,metaspace] GC(40) Metaspace: 102688K(103360K)->102688K(103360K) NonClass: 89207K(89536K)->89207K(89536K) Class: 13481K(13824K)->13481K(13824K)
[2026-02-05T19:55:57.559+0000][26.076s][info ][gc          ] GC(40) Pause Young (Normal) (G1 Evacuation Pause) 218M->93M(260M) 18.937ms
[2026-02-05T19:55:57.559+0000][26.076s][info ][gc,cpu      ] GC(40) User=0.12s Sys=0.01s Real=0.02s
[2026-02-05T19:55:57.560+0000][26.076s][info ][safepoint   ] Safepoint "G1CollectForAllocation", Time since last: 953589581 ns, Reaching safepoint: 1051742 ns, Cleanup: 98704 ns, At safepoint: 19555679 ns, Total: 20706125 ns
[2026-02-05T19:55:58.989+0000][27.505s][debug][safepoint   ] Safepoint synchronization initiated using futex wait barrier. (76 threads)
[2026-02-05T19:55:58.992+0000][27.508s][info ][safepoint   ] Safepoint "Cleanup", Time since last: 1429275229 ns, Reaching safepoint: 2748109 ns, Cleanup: 199508 ns, At safepoint: 66903 ns, Total: 3014520 ns
[2026-02-05T19:55:59.633+0000][28.149s][debug][safepoint   ] Safepoint synchronization initiated using futex wait barrier. (76 threads)
[2026-02-05T19:55:59.633+0000][28.150s][info ][gc,start    ] GC(41) Pause Young (Normal) (G1 Evacuation Pause)
[2026-02-05T19:55:59.634+0000][28.150s][info ][gc,task     ] GC(41) Using 10 workers of 10 for evacuation
[2026-02-05T19:55:59.643+0000][28.159s][info ][gc,phases   ] GC(41)   Pre Evacuate Collection Set: 0.3ms
[2026-02-05T19:55:59.643+0000][28.159s][info ][gc,phases   ] GC(41)   Merge Heap Roots: 0.2ms
[2026-02-05T19:55:59.643+0000][28.160s][info ][gc,phases   ] GC(41)   Evacuate Collection Set: 6.5ms
[2026-02-05T19:55:59.643+0000][28.160s][info ][gc,phases   ] GC(41)   Post Evacuate Collection Set: 1.8ms
[2026-02-05T19:55:59.643+0000][28.160s][info ][gc,phases   ] GC(41)   Other: 0.6ms
[2026-02-05T19:55:59.644+0000][28.160s][info ][gc,heap     ] GC(41) Eden regions: 62->0(63)
[2026-02-05T19:55:59.644+0000][28.160s][info ][gc,heap     ] GC(41) Survivor regions: 6->5(9)
[2026-02-05T19:55:59.644+0000][28.160s][info ][gc,heap     ] GC(41) Old regions: 41->42
[2026-02-05T19:55:59.644+0000][28.161s][info ][gc,heap     ] GC(41) Archive regions: 2->2
[2026-02-05T19:55:59.644+0000][28.161s][info ][gc,heap     ] GC(41) Humongous regions: 0->0
[2026-02-05T19:55:59.644+0000][28.161s][info ][gc,metaspace] GC(41) Metaspace: 106094K(106688K)->106094K(106688K) NonClass: 92158K(92480K)->92158K(92480K) Class: 13935K(14208K)->13935K(14208K)
[2026-02-05T19:55:59.645+0000][28.161s][info ][gc          ] GC(41) Pause Young (Normal) (G1 Evacuation Pause) 217M->95M(260M) 11.393ms
[2026-02-05T19:55:59.645+0000][28.161s][info ][gc,cpu      ] GC(41) User=0.09s Sys=0.00s Real=0.01s
[2026-02-05T19:55:59.645+0000][28.162s][info ][safepoint   ] Safepoint "G1CollectForAllocation", Time since last: 640805223 ns, Reaching safepoint: 423617 ns, Cleanup: 19501 ns, At safepoint: 11932875 ns, Total: 12375993 ns
[2026-02-05T19:56:00.303+0000][28.819s][debug][safepoint   ] ... found polling page loop exception at pc = 0x00007750090c1373, stub =0x0000775008b10400
[2026-02-05T19:56:00.717+0000][29.234s][debug][safepoint   ] Safepoint synchronization initiated using futex wait barrier. (81 threads)
[2026-02-05T19:56:00.718+0000][29.234s][info ][safepoint   ] Safepoint "ICBufferFull", Time since last: 1071934096 ns, Reaching safepoint: 378715 ns, Cleanup: 210808 ns, At safepoint: 113705 ns, Total: 703228 ns
[2026-02-05T19:56:00.757+0000][29.274s][debug][safepoint   ] Safepoint synchronization initiated using futex wait barrier. (81 threads)
[2026-02-05T19:56:00.758+0000][29.274s][info ][gc,start    ] GC(42) Pause Young (Normal) (G1 Evacuation Pause)
[2026-02-05T19:56:00.758+0000][29.274s][info ][gc,task     ] GC(42) Using 10 workers of 10 for evacuation
[2026-02-05T19:56:00.769+0000][29.286s][info ][gc,phases   ] GC(42)   Pre Evacuate Collection Set: 0.3ms
[2026-02-05T19:56:00.770+0000][29.286s][info ][gc,phases   ] GC(42)   Merge Heap Roots: 0.2ms
[2026-02-05T19:56:00.770+0000][29.286s][info ][gc,phases   ] GC(42)   Evacuate Collection Set: 8.7ms
[2026-02-05T19:56:00.770+0000][29.287s][info ][gc,phases   ] GC(42)   Post Evacuate Collection Set: 1.9ms
[2026-02-05T19:56:00.770+0000][29.287s][info ][gc,phases   ] GC(42)   Other: 0.5ms
[2026-02-05T19:56:00.771+0000][29.287s][info ][gc,heap     ] GC(42) Eden regions: 63->0(60)
[2026-02-05T19:56:00.771+0000][29.287s][info ][gc,heap     ] GC(42) Survivor regions: 5->6(9)
[2026-02-05T19:56:00.771+0000][29.287s][info ][gc,heap     ] GC(42) Old regions: 42->43
[2026-02-05T19:56:00.771+0000][29.288s][info ][gc,heap     ] GC(42) Archive regions: 2->2
[2026-02-05T19:56:00.771+0000][29.288s][info ][gc,heap     ] GC(42) Humongous regions: 0->0
[2026-02-05T19:56:00.772+0000][29.288s][info ][gc,metaspace] GC(42) Metaspace: 108360K(108992K)->108360K(108992K) NonClass: 94217K(94528K)->94217K(94528K) Class: 14142K(14464K)->14142K(14464K)
[2026-02-05T19:56:00.772+0000][29.288s][info ][gc          ] GC(42) Pause Young (Normal) (G1 Evacuation Pause) 221M->99M(260M) 13.963ms
[2026-02-05T19:56:00.772+0000][29.288s][info ][gc,cpu      ] GC(42) User=0.10s Sys=0.00s Real=0.01s
[2026-02-05T19:56:00.772+0000][29.289s][info ][safepoint   ] Safepoint "G1CollectForAllocation", Time since last: 39595177 ns, Reaching safepoint: 344013 ns, Cleanup: 12201 ns, At safepoint: 14573780 ns, Total: 14929994 ns
[2026-02-05T19:56:01.860+0000][30.377s][debug][safepoint   ] Safepoint synchronization initiated using futex wait barrier. (87 threads)
[2026-02-05T19:56:01.861+0000][30.377s][info ][gc,start    ] GC(43) Pause Young (Normal) (G1 Evacuation Pause)
[2026-02-05T19:56:01.861+0000][30.378s][info ][gc,task     ] GC(43) Using 10 workers of 10 for evacuation
[2026-02-05T19:56:01.873+0000][30.389s][info ][gc,phases   ] GC(43)   Pre Evacuate Collection Set: 0.3ms
[2026-02-05T19:56:01.873+0000][30.390s][info ][gc,phases   ] GC(43)   Merge Heap Roots: 0.2ms
[2026-02-05T19:56:01.873+0000][30.390s][info ][gc,phases   ] GC(43)   Evacuate Collection Set: 8.7ms
[2026-02-05T19:56:01.874+0000][30.390s][info ][gc,phases   ] GC(43)   Post Evacuate Collection Set: 1.9ms
[2026-02-05T19:56:01.874+0000][30.390s][info ][gc,phases   ] GC(43)   Other: 0.7ms
[2026-02-05T19:56:01.874+0000][30.390s][info ][gc,heap     ] GC(43) Eden regions: 60->0(56)
[2026-02-05T19:56:01.874+0000][30.391s][info ][gc,heap     ] GC(43) Survivor regions: 6->7(9)
[2026-02-05T19:56:01.874+0000][30.391s][info ][gc,heap     ] GC(43) Old regions: 43->45
[2026-02-05T19:56:01.875+0000][30.391s][info ][gc,heap     ] GC(43) Archive regions: 2->2
[2026-02-05T19:56:01.875+0000][30.391s][info ][gc,heap     ] GC(43) Humongous regions: 0->0
[2026-02-05T19:56:01.875+0000][30.391s][info ][gc,metaspace] GC(43) Metaspace: 110167K(110848K)->110167K(110848K) NonClass: 95832K(96192K)->95832K(96192K) Class: 14335K(14656K)->14335K(14656K)
[2026-02-05T19:56:01.875+0000][30.392s][info ][gc          ] GC(43) Pause Young (Normal) (G1 Evacuation Pause) 219M->103M(260M) 14.183ms
[2026-02-05T19:56:01.875+0000][30.392s][info ][gc,cpu      ] GC(43) User=0.10s Sys=0.01s Real=0.02s
[2026-02-05T19:56:01.876+0000][30.392s][info ][safepoint   ] Safepoint "G1CollectForAllocation", Time since last: 1087969503 ns, Reaching safepoint: 460719 ns, Cleanup: 137506 ns, At safepoint: 14787107 ns, Total: 15385332 ns
[2026-02-05T19:56:03.139+0000][31.655s][debug][safepoint   ] Safepoint synchronization initiated using futex wait barrier. (91 threads)
[2026-02-05T19:56:03.141+0000][31.657s][info ][safepoint   ] Safepoint "Cleanup", Time since last: 1262853759 ns, Reaching safepoint: 1765872 ns, Cleanup: 122105 ns, At safepoint: 75403 ns, Total: 1963380 ns
[2026-02-05T19:56:03.181+0000][31.697s][debug][safepoint   ] Safepoint synchronization initiated using futex wait barrier. (91 threads)
[2026-02-05T19:56:03.182+0000][31.699s][info ][gc,start    ] GC(44) Pause Young (Normal) (G1 Evacuation Pause)
[2026-02-05T19:56:03.183+0000][31.699s][info ][gc,task     ] GC(44) Using 10 workers of 10 for evacuation
[2026-02-05T19:56:03.208+0000][31.725s][info ][gc,phases   ] GC(44)   Pre Evacuate Collection Set: 0.3ms
[2026-02-05T19:56:03.212+0000][31.728s][info ][gc,phases   ] GC(44)   Merge Heap Roots: 0.2ms
[2026-02-05T19:56:03.214+0000][31.730s][info ][gc,phases   ] GC(44)   Evacuate Collection Set: 20.7ms
[2026-02-05T19:56:03.214+0000][31.731s][info ][gc,phases   ] GC(44)   Post Evacuate Collection Set: 3.9ms
[2026-02-05T19:56:03.215+0000][31.731s][info ][gc,phases   ] GC(44)   Other: 1.1ms
[2026-02-05T19:56:03.215+0000][31.731s][info ][gc,heap     ] GC(44) Eden regions: 56->0(79)
[2026-02-05T19:56:03.215+0000][31.731s][info ][gc,heap     ] GC(44) Survivor regions: 7->5(8)
[2026-02-05T19:56:03.215+0000][31.732s][info ][gc,heap     ] GC(44) Old regions: 45->47
[2026-02-05T19:56:03.215+0000][31.732s][info ][gc,heap     ] GC(44) Archive regions: 2->2
[2026-02-05T19:56:03.216+0000][31.732s][info ][gc,heap     ] GC(44) Humongous regions: 0->0
[2026-02-05T19:56:03.216+0000][31.733s][info ][gc,metaspace] GC(44) Metaspace: 113173K(113856K)->113173K(113856K) NonClass: 98532K(98880K)->98532K(98880K) Class: 14641K(14976K)->14641K(14976K)
[2026-02-05T19:56:03.217+0000][31.734s][info ][gc          ] GC(44) Pause Young (Normal) (G1 Evacuation Pause) 215M->104M(312M) 34.995ms
[2026-02-05T19:56:03.218+0000][31.734s][info ][gc,cpu      ] GC(44) User=0.22s Sys=0.03s Real=0.04s
[2026-02-05T19:56:03.218+0000][31.735s][info ][safepoint   ] Safepoint "G1CollectForAllocation", Time since last: 40447661 ns, Reaching safepoint: 1152147 ns, Cleanup: 16701 ns, At safepoint: 35980678 ns, Total: 37149526 ns
[2026-02-05T19:56:03.272+0000][31.788s][debug][safepoint   ] Safepoint synchronization initiated using futex wait barrier. (91 threads)
[2026-02-05T19:56:03.273+0000][31.790s][info ][gc,start    ] GC(45) Pause Young (Concurrent Start) (Metadata GC Threshold)
[2026-02-05T19:56:03.274+0000][31.790s][info ][gc,task     ] GC(45) Using 10 workers of 10 for evacuation
[2026-02-05T19:56:03.284+0000][31.800s][info ][gc,phases   ] GC(45)   Pre Evacuate Collection Set: 0.4ms
[2026-02-05T19:56:03.284+0000][31.800s][info ][gc,phases   ] GC(45)   Merge Heap Roots: 0.2ms
[2026-02-05T19:56:03.284+0000][31.801s][info ][gc,phases   ] GC(45)   Evacuate Collection Set: 6.9ms
[2026-02-05T19:56:03.285+0000][31.801s][info ][gc,phases   ] GC(45)   Post Evacuate Collection Set: 1.6ms
[2026-02-05T19:56:03.285+0000][31.801s][info ][gc,phases   ] GC(45)   Other: 1.4ms
[2026-02-05T19:56:03.285+0000][31.801s][info ][gc,heap     ] GC(45) Eden regions: 4->0(80)
[2026-02-05T19:56:03.285+0000][31.802s][info ][gc,heap     ] GC(45) Survivor regions: 5->5(11)
[2026-02-05T19:56:03.285+0000][31.802s][info ][gc,heap     ] GC(45) Old regions: 47->47
[2026-02-05T19:56:03.286+0000][31.802s][info ][gc,heap     ] GC(45) Archive regions: 2->2
[2026-02-05T19:56:03.286+0000][31.802s][info ][gc,heap     ] GC(45) Humongous regions: 0->0
[2026-02-05T19:56:03.286+0000][31.803s][info ][gc,metaspace] GC(45) Metaspace: 113215K(113856K)->113215K(113856K) NonClass: 98573K(98880K)->98573K(98880K) Class: 14641K(14976K)->14641K(14976K)
[2026-02-05T19:56:03.287+0000][31.803s][info ][gc          ] GC(45) Pause Young (Concurrent Start) (Metadata GC Threshold) 111M->104M(312M) 13.338ms
[2026-02-05T19:56:03.287+0000][31.803s][info ][gc,cpu      ] GC(45) User=0.08s Sys=0.00s Real=0.02s
[2026-02-05T19:56:03.287+0000][31.804s][info ][gc          ] GC(46) Concurrent Mark Cycle
[2026-02-05T19:56:03.288+0000][31.804s][info ][gc,marking  ] GC(46) Concurrent Clear Claimed Marks
[2026-02-05T19:56:03.287+0000][31.804s][info ][safepoint   ] Safepoint "CollectForMetadataAllocation", Time since last: 53798509 ns, Reaching safepoint: 1256852 ns, Cleanup: 59902 ns, At safepoint: 14195083 ns, Total: 15511837 ns
[2026-02-05T19:56:03.288+0000][31.805s][info ][gc,marking  ] GC(46) Concurrent Clear Claimed Marks 0.422ms
[2026-02-05T19:56:03.289+0000][31.805s][info ][gc,marking  ] GC(46) Concurrent Scan Root Regions
[2026-02-05T19:56:03.294+0000][31.810s][info ][gc,marking  ] GC(46) Concurrent Scan Root Regions 5.349ms
[2026-02-05T19:56:03.294+0000][31.811s][info ][gc,marking  ] GC(46) Concurrent Mark
[2026-02-05T19:56:03.297+0000][31.814s][info ][gc,marking  ] GC(46) Concurrent Mark From Roots
[2026-02-05T19:56:03.300+0000][31.816s][info ][gc,task     ] GC(46) Using 3 workers of 3 for marking
[2026-02-05T19:56:03.401+0000][31.917s][info ][gc,marking  ] GC(46) Concurrent Mark From Roots 103.576ms
[2026-02-05T19:56:03.401+0000][31.918s][info ][gc,marking  ] GC(46) Concurrent Preclean
[2026-02-05T19:56:03.402+0000][31.918s][info ][gc,marking  ] GC(46) Concurrent Preclean 0.808ms
[2026-02-05T19:56:03.403+0000][31.919s][debug][safepoint   ] Safepoint synchronization initiated using futex wait barrier. (91 threads)
[2026-02-05T19:56:03.403+0000][31.920s][info ][gc,start    ] GC(46) Pause Remark
[2026-02-05T19:56:03.412+0000][31.928s][info ][gc          ] GC(46) Pause Remark 111M->111M(312M) 8.171ms
[2026-02-05T19:56:03.412+0000][31.928s][info ][gc,cpu      ] GC(46) User=0.04s Sys=0.01s Real=0.01s
[2026-02-05T19:56:03.412+0000][31.929s][info ][safepoint   ] Safepoint "G1PauseRemark", Time since last: 115150828 ns, Reaching safepoint: 627726 ns, Cleanup: 101004 ns, At safepoint: 9105774 ns, Total: 9834504 ns
[2026-02-05T19:56:03.413+0000][31.929s][info ][gc,marking  ] GC(46) Concurrent Mark 118.572ms
[2026-02-05T19:56:03.414+0000][31.930s][info ][gc,marking  ] GC(46) Concurrent Rebuild Remembered Sets
[2026-02-05T19:56:03.456+0000][31.972s][info ][gc,marking  ] GC(46) Concurrent Rebuild Remembered Sets 42.417ms
[2026-02-05T19:56:03.456+0000][31.973s][debug][safepoint   ] Safepoint synchronization initiated using futex wait barrier. (91 threads)
[2026-02-05T19:56:03.457+0000][31.973s][info ][gc,start    ] GC(46) Pause Cleanup
[2026-02-05T19:56:03.457+0000][31.974s][info ][gc          ] GC(46) Pause Cleanup 111M->111M(312M) 0.477ms
[2026-02-05T19:56:03.458+0000][31.974s][info ][gc,cpu      ] GC(46) User=0.00s Sys=0.00s Real=0.00s
[2026-02-05T19:56:03.458+0000][31.974s][info ][safepoint   ] Safepoint "G1PauseCleanup", Time since last: 43982706 ns, Reaching safepoint: 466220 ns, Cleanup: 13400 ns, At safepoint: 1178149 ns, Total: 1657769 ns
[2026-02-05T19:56:03.461+0000][31.977s][info ][gc,marking  ] GC(46) Concurrent Cleanup for Next Mark
[2026-02-05T19:56:03.463+0000][31.979s][info ][gc,marking  ] GC(46) Concurrent Cleanup for Next Mark 1.926ms
[2026-02-05T19:56:03.463+0000][31.980s][info ][gc          ] GC(46) Concurrent Mark Cycle 175.990ms
[2026-02-05T19:56:03.816+0000][32.333s][debug][safepoint   ] Safepoint synchronization initiated using futex wait barrier. (92 threads)
[2026-02-05T19:56:03.817+0000][32.333s][info ][safepoint   ] Safepoint "ICBufferFull", Time since last: 358358715 ns, Reaching safepoint: 314813 ns, Cleanup: 109405 ns, At safepoint: 4200 ns, Total: 428418 ns
[2026-02-05T19:56:04.897+0000][33.413s][debug][safepoint   ] Safepoint synchronization initiated using futex wait barrier. (93 threads)
[2026-02-05T19:56:04.897+0000][33.414s][info ][safepoint   ] Safepoint "ICBufferFull", Time since last: 1080153156 ns, Reaching safepoint: 314013 ns, Cleanup: 129505 ns, At safepoint: 10000 ns, Total: 453518 ns
[2026-02-05T19:56:05.567+0000][34.083s][debug][safepoint   ] Safepoint synchronization initiated using futex wait barrier. (93 threads)
[2026-02-05T19:56:05.568+0000][34.084s][info ][gc,start    ] GC(47) Pause Young (Prepare Mixed) (G1 Evacuation Pause)
[2026-02-05T19:56:05.568+0000][34.084s][info ][gc,task     ] GC(47) Using 10 workers of 10 for evacuation
[2026-02-05T19:56:05.582+0000][34.098s][info ][gc,phases   ] GC(47)   Pre Evacuate Collection Set: 0.2ms
[2026-02-05T19:56:05.582+0000][34.099s][info ][gc,phases   ] GC(47)   Merge Heap Roots: 0.2ms
[2026-02-05T19:56:05.582+0000][34.099s][info ][gc,phases   ] GC(47)   Evacuate Collection Set: 9.6ms
[2026-02-05T19:56:05.583+0000][34.099s][info ][gc,phases   ] GC(47)   Post Evacuate Collection Set: 3.3ms
[2026-02-05T19:56:05.583+0000][34.100s][info ][gc,phases   ] GC(47)   Other: 0.9ms
[2026-02-05T19:56:05.584+0000][34.100s][info ][gc,heap     ] GC(47) Eden regions: 80->0(1)
[2026-02-05T19:56:05.584+0000][34.100s][info ][gc,heap     ] GC(47) Survivor regions: 5->7(11)
[2026-02-05T19:56:05.584+0000][34.101s][info ][gc,heap     ] GC(47) Old regions: 47->47
[2026-02-05T19:56:05.584+0000][34.101s][info ][gc,heap     ] GC(47) Archive regions: 2->2
[2026-02-05T19:56:05.585+0000][34.101s][info ][gc,heap     ] GC(47) Humongous regions: 0->0
[2026-02-05T19:56:05.585+0000][34.101s][info ][gc,metaspace] GC(47) Metaspace: 116528K(117248K)->116528K(117248K) NonClass: 101523K(101888K)->101523K(101888K) Class: 15004K(15360K)->15004K(15360K)
[2026-02-05T19:56:05.585+0000][34.102s][info ][gc          ] GC(47) Pause Young (Prepare Mixed) (G1 Evacuation Pause) 264M->108M(312M) 17.451ms
[2026-02-05T19:56:05.585+0000][34.102s][info ][gc,cpu      ] GC(47) User=0.11s Sys=0.01s Real=0.01s
[2026-02-05T19:56:05.586+0000][34.102s][info ][safepoint   ] Safepoint "G1CollectForAllocation", Time since last: 669242783 ns, Reaching safepoint: 864935 ns, Cleanup: 47502 ns, At safepoint: 18060842 ns, Total: 18973279 ns
[2026-02-05T19:56:05.614+0000][34.130s][debug][safepoint   ] Safepoint synchronization initiated using futex wait barrier. (93 threads)
[2026-02-05T19:56:05.614+0000][34.131s][info ][gc,start    ] GC(48) Pause Young (Mixed) (G1 Evacuation Pause)
[2026-02-05T19:56:05.615+0000][34.131s][info ][gc,task     ] GC(48) Using 10 workers of 10 for evacuation
[2026-02-05T19:56:05.626+0000][34.142s][info ][gc,phases   ] GC(48)   Pre Evacuate Collection Set: 0.2ms
[2026-02-05T19:56:05.626+0000][34.142s][info ][gc,phases   ] GC(48)   Merge Heap Roots: 0.2ms
[2026-02-05T19:56:05.626+0000][34.143s][info ][gc,phases   ] GC(48)   Evacuate Collection Set: 8.9ms
[2026-02-05T19:56:05.626+0000][34.143s][info ][gc,phases   ] GC(48)   Post Evacuate Collection Set: 1.3ms
[2026-02-05T19:56:05.627+0000][34.143s][info ][gc,phases   ] GC(48)   Other: 0.6ms
[2026-02-05T19:56:05.627+0000][34.143s][info ][gc,heap     ] GC(48) Eden regions: 1->0(78)
[2026-02-05T19:56:05.627+0000][34.144s][info ][gc,heap     ] GC(48) Survivor regions: 7->1(1)
[2026-02-05T19:56:05.627+0000][34.144s][info ][gc,heap     ] GC(48) Old regions: 47->53
[2026-02-05T19:56:05.628+0000][34.144s][info ][gc,heap     ] GC(48) Archive regions: 2->2
[2026-02-05T19:56:05.628+0000][34.144s][info ][gc,heap     ] GC(48) Humongous regions: 0->0
[2026-02-05T19:56:05.628+0000][34.144s][info ][gc,metaspace] GC(48) Metaspace: 116531K(117248K)->116531K(117248K) NonClass: 101526K(101888K)->101526K(101888K) Class: 15004K(15360K)->15004K(15360K)
[2026-02-05T19:56:05.628+0000][34.145s][info ][gc          ] GC(48) Pause Young (Mixed) (G1 Evacuation Pause) 110M->107M(312M) 13.907ms
[2026-02-05T19:56:05.629+0000][34.145s][info ][gc,cpu      ] GC(48) User=0.10s Sys=0.00s Real=0.01s
[2026-02-05T19:56:05.629+0000][34.145s][info ][safepoint   ] Safepoint "G1CollectForAllocation", Time since last: 28334363 ns, Reaching safepoint: 348515 ns, Cleanup: 5200 ns, At safepoint: 14437193 ns, Total: 14790908 ns
[2026-02-05T19:56:06.658+0000][35.174s][debug][safepoint   ] Safepoint synchronization initiated using futex wait barrier. (97 threads)
[2026-02-05T19:56:06.658+0000][35.175s][info ][safepoint   ] Safepoint "Cleanup", Time since last: 1029098259 ns, Reaching safepoint: 365715 ns, Cleanup: 86704 ns, At safepoint: 23401 ns, Total: 475820 ns
[2026-02-05T19:56:06.861+0000][35.377s][debug][safepoint   ] Safepoint synchronization initiated using futex wait barrier. (97 threads)
[2026-02-05T19:56:06.862+0000][35.378s][info ][gc,start    ] GC(49) Pause Young (Normal) (G1 Evacuation Pause)
[2026-02-05T19:56:06.862+0000][35.378s][info ][gc,task     ] GC(49) Using 10 workers of 10 for evacuation
[2026-02-05T19:56:06.870+0000][35.386s][info ][gc,phases   ] GC(49)   Pre Evacuate Collection Set: 0.3ms
[2026-02-05T19:56:06.870+0000][35.387s][info ][gc,phases   ] GC(49)   Merge Heap Roots: 0.2ms
[2026-02-05T19:56:06.870+0000][35.387s][info ][gc,phases   ] GC(49)   Evacuate Collection Set: 5.5ms
[2026-02-05T19:56:06.871+0000][35.387s][info ][gc,phases   ] GC(49)   Post Evacuate Collection Set: 1.7ms
[2026-02-05T19:56:06.871+0000][35.387s][info ][gc,phases   ] GC(49)   Other: 0.5ms
[2026-02-05T19:56:06.871+0000][35.387s][info ][gc,heap     ] GC(49) Eden regions: 78->0(75)
[2026-02-05T19:56:06.871+0000][35.387s][info ][gc,heap     ] GC(49) Survivor regions: 1->3(10)
[2026-02-05T19:56:06.871+0000][35.388s][info ][gc,heap     ] GC(49) Old regions: 53->53
[2026-02-05T19:56:06.871+0000][35.388s][info ][gc,heap     ] GC(49) Archive regions: 2->2
[2026-02-05T19:56:06.872+0000][35.388s][info ][gc,heap     ] GC(49) Humongous regions: 0->0
[2026-02-05T19:56:06.872+0000][35.388s][info ][gc,metaspace] GC(49) Metaspace: 120694K(121408K)->120694K(121408K) NonClass: 105177K(105536K)->105177K(105536K) Class: 15516K(15872K)->15516K(15872K)
[2026-02-05T19:56:06.872+0000][35.388s][info ][gc          ] GC(49) Pause Young (Normal) (G1 Evacuation Pause) 263M->111M(312M) 10.260ms
[2026-02-05T19:56:06.872+0000][35.388s][info ][gc,cpu      ] GC(49) User=0.05s Sys=0.00s Real=0.01s
[2026-02-05T19:56:06.872+0000][35.389s][info ][safepoint   ] Safepoint "G1CollectForAllocation", Time since last: 202630620 ns, Reaching safepoint: 508921 ns, Cleanup: 66503 ns, At safepoint: 10806444 ns, Total: 11381868 ns
[2026-02-05T19:56:08.035+0000][36.552s][debug][safepoint   ] Safepoint synchronization initiated using futex wait barrier. (96 threads)
[2026-02-05T19:56:08.036+0000][36.552s][info ][safepoint   ] Safepoint "Cleanup", Time since last: 1163108662 ns, Reaching safepoint: 261811 ns, Cleanup: 62603 ns, At safepoint: 24901 ns, Total: 349315 ns
[2026-02-05T19:56:08.960+0000][37.476s][debug][safepoint   ] Safepoint synchronization initiated using futex wait barrier. (106 threads)
[2026-02-05T19:56:08.960+0000][37.477s][info ][gc,start    ] GC(50) Pause Young (Normal) (G1 Evacuation Pause)
[2026-02-05T19:56:08.960+0000][37.477s][info ][gc,task     ] GC(50) Using 10 workers of 10 for evacuation
[2026-02-05T19:56:08.967+0000][37.483s][info ][gc,phases   ] GC(50)   Pre Evacuate Collection Set: 0.3ms
[2026-02-05T19:56:08.967+0000][37.484s][info ][gc,phases   ] GC(50)   Merge Heap Roots: 0.2ms
[2026-02-05T19:56:08.968+0000][37.484s][info ][gc,phases   ] GC(50)   Evacuate Collection Set: 3.9ms
[2026-02-05T19:56:08.968+0000][37.484s][info ][gc,phases   ] GC(50)   Post Evacuate Collection Set: 2.0ms
[2026-02-05T19:56:08.968+0000][37.484s][info ][gc,phases   ] GC(50)   Other: 0.6ms
[2026-02-05T19:56:08.968+0000][37.485s][info ][gc,heap     ] GC(50) Eden regions: 75->0(74)
[2026-02-05T19:56:08.968+0000][37.485s][info ][gc,heap     ] GC(50) Survivor regions: 3->5(10)
[2026-02-05T19:56:08.969+0000][37.485s][info ][gc,heap     ] GC(50) Old regions: 53->53
[2026-02-05T19:56:08.969+0000][37.485s][info ][gc,heap     ] GC(50) Archive regions: 2->2
[2026-02-05T19:56:08.969+0000][37.485s][info ][gc,heap     ] GC(50) Humongous regions: 0->0
[2026-02-05T19:56:08.969+0000][37.485s][info ][gc,metaspace] GC(50) Metaspace: 127994K(128960K)->127994K(128960K) NonClass: 111628K(112128K)->111628K(112128K) Class: 16365K(16832K)->16365K(16832K)
[2026-02-05T19:56:08.969+0000][37.486s][info ][gc          ] GC(50) Pause Young (Normal) (G1 Evacuation Pause) 260M->114M(312M) 9.110ms
[2026-02-05T19:56:08.970+0000][37.486s][info ][gc,cpu      ] GC(50) User=0.04s Sys=0.01s Real=0.01s
[2026-02-05T19:56:08.970+0000][37.486s][info ][safepoint   ] Safepoint "G1CollectForAllocation", Time since last: 923873142 ns, Reaching safepoint: 285612 ns, Cleanup: 118005 ns, At safepoint: 9768601 ns, Total: 10172218 ns
[2026-02-05T19:56:09.974+0000][38.490s][debug][safepoint   ] Safepoint synchronization initiated using futex wait barrier. (106 threads)
[2026-02-05T19:56:09.974+0000][38.491s][info ][safepoint   ] Safepoint "Cleanup", Time since last: 1004067168 ns, Reaching safepoint: 330914 ns, Cleanup: 38001 ns, At safepoint: 30702 ns, Total: 399617 ns
[2026-02-05T19:56:10.004+0000][38.520s][debug][safepoint   ] Safepoint synchronization initiated using futex wait barrier. (106 threads)
[2026-02-05T19:56:10.004+0000][38.521s][info ][gc,start    ] GC(51) Pause Young (Normal) (G1 Evacuation Pause)
[2026-02-05T19:56:10.005+0000][38.521s][info ][gc,task     ] GC(51) Using 10 workers of 10 for evacuation
[2026-02-05T19:56:10.012+0000][38.528s][info ][gc,phases   ] GC(51)   Pre Evacuate Collection Set: 0.2ms
[2026-02-05T19:56:10.012+0000][38.528s][info ][gc,phases   ] GC(51)   Merge Heap Roots: 0.2ms
[2026-02-05T19:56:10.012+0000][38.529s][info ][gc,phases   ] GC(51)   Evacuate Collection Set: 4.6ms
[2026-02-05T19:56:10.012+0000][38.529s][info ][gc,phases   ] GC(51)   Post Evacuate Collection Set: 1.9ms
[2026-02-05T19:56:10.013+0000][38.529s][info ][gc,phases   ] GC(51)   Other: 0.5ms
[2026-02-05T19:56:10.013+0000][38.529s][info ][gc,heap     ] GC(51) Eden regions: 74->0(74)
[2026-02-05T19:56:10.013+0000][38.529s][info ][gc,heap     ] GC(51) Survivor regions: 5->5(10)
[2026-02-05T19:56:10.013+0000][38.530s][info ][gc,heap     ] GC(51) Old regions: 53->53
[2026-02-05T19:56:10.013+0000][38.530s][info ][gc,heap     ] GC(51) Archive regions: 2->2
[2026-02-05T19:56:10.014+0000][38.530s][info ][gc,heap     ] GC(51) Humongous regions: 0->0
[2026-02-05T19:56:10.014+0000][38.530s][info ][gc,metaspace] GC(51) Metaspace: 132404K(133440K)->132404K(133440K) NonClass: 115601K(116160K)->115601K(116160K) Class: 16803K(17280K)->16803K(17280K)
[2026-02-05T19:56:10.014+0000][38.530s][info ][gc          ] GC(51) Pause Young (Normal) (G1 Evacuation Pause) 262M->115M(312M) 9.535ms
[2026-02-05T19:56:10.014+0000][38.530s][info ][gc,cpu      ] GC(51) User=0.05s Sys=0.01s Real=0.02s
[2026-02-05T19:56:10.014+0000][38.531s][info ][safepoint   ] Safepoint "G1CollectForAllocation", Time since last: 29734122 ns, Reaching safepoint: 227909 ns, Cleanup: 4200 ns, At safepoint: 10023012 ns, Total: 10255121 ns
[2026-02-05T19:56:10.764+0000][39.280s][debug][safepoint   ] Safepoint synchronization initiated using futex wait barrier. (112 threads)
[2026-02-05T19:56:10.764+0000][39.281s][info ][gc,start    ] GC(52) Pause Young (Normal) (G1 Evacuation Pause)
[2026-02-05T19:56:10.765+0000][39.281s][info ][gc,task     ] GC(52) Using 10 workers of 10 for evacuation
[2026-02-05T19:56:10.773+0000][39.289s][info ][gc,phases   ] GC(52)   Pre Evacuate Collection Set: 0.2ms
[2026-02-05T19:56:10.773+0000][39.290s][info ][gc,phases   ] GC(52)   Merge Heap Roots: 0.2ms
[2026-02-05T19:56:10.774+0000][39.290s][info ][gc,phases   ] GC(52)   Evacuate Collection Set: 5.9ms
[2026-02-05T19:56:10.774+0000][39.290s][info ][gc,phases   ] GC(52)   Post Evacuate Collection Set: 1.7ms
[2026-02-05T19:56:10.774+0000][39.290s][info ][gc,phases   ] GC(52)   Other: 0.5ms
[2026-02-05T19:56:10.774+0000][39.291s][info ][gc,heap     ] GC(52) Eden regions: 74->0(69)
[2026-02-05T19:56:10.774+0000][39.291s][info ][gc,heap     ] GC(52) Survivor regions: 5->8(10)
[2026-02-05T19:56:10.775+0000][39.291s][info ][gc,heap     ] GC(52) Old regions: 53->53
[2026-02-05T19:56:10.775+0000][39.291s][info ][gc,heap     ] GC(52) Archive regions: 2->2
[2026-02-05T19:56:10.775+0000][39.292s][info ][gc,heap     ] GC(52) Humongous regions: 0->0
[2026-02-05T19:56:10.775+0000][39.292s][info ][gc,metaspace] GC(52) Metaspace: 135740K(136768K)->135740K(136768K) NonClass: 118624K(119168K)->118624K(119168K) Class: 17115K(17600K)->17115K(17600K)
[2026-02-05T19:56:10.776+0000][39.292s][info ][gc          ] GC(52) Pause Young (Normal) (G1 Evacuation Pause) 263M->120M(312M) 11.330ms
[2026-02-05T19:56:10.776+0000][39.292s][info ][gc,cpu      ] GC(52) User=0.08s Sys=0.00s Real=0.02s
[2026-02-05T19:56:10.776+0000][39.293s][info ][safepoint   ] Safepoint "G1CollectForAllocation", Time since last: 749643711 ns, Reaching safepoint: 349315 ns, Cleanup: 44801 ns, At safepoint: 12045495 ns, Total: 12439611 ns
[2026-02-05T19:56:11.650+0000][40.167s][debug][safepoint   ] Safepoint synchronization initiated using futex wait barrier. (116 threads)
[2026-02-05T19:56:11.651+0000][40.167s][info ][gc,start    ] GC(53) Pause Young (Normal) (G1 Evacuation Pause)
[2026-02-05T19:56:11.651+0000][40.167s][info ][gc,task     ] GC(53) Using 10 workers of 10 for evacuation
[2026-02-05T19:56:11.668+0000][40.184s][info ][gc,phases   ] GC(53)   Pre Evacuate Collection Set: 0.2ms
[2026-02-05T19:56:11.668+0000][40.185s][info ][gc,phases   ] GC(53)   Merge Heap Roots: 0.2ms
[2026-02-05T19:56:11.668+0000][40.185s][info ][gc,phases   ] GC(53)   Evacuate Collection Set: 13.6ms
[2026-02-05T19:56:11.669+0000][40.185s][info ][gc,phases   ] GC(53)   Post Evacuate Collection Set: 2.7ms
[2026-02-05T19:56:11.669+0000][40.185s][info ][gc,phases   ] GC(53)   Other: 0.6ms
[2026-02-05T19:56:11.669+0000][40.186s][info ][gc,heap     ] GC(53) Eden regions: 69->0(67)
[2026-02-05T19:56:11.669+0000][40.186s][info ][gc,heap     ] GC(53) Survivor regions: 8->8(10)
[2026-02-05T19:56:11.670+0000][40.186s][info ][gc,heap     ] GC(53) Old regions: 53->55
[2026-02-05T19:56:11.670+0000][40.186s][info ][gc,heap     ] GC(53) Archive regions: 2->2
[2026-02-05T19:56:11.670+0000][40.186s][info ][gc,heap     ] GC(53) Humongous regions: 0->0
[2026-02-05T19:56:11.670+0000][40.187s][info ][gc,metaspace] GC(53) Metaspace: 138157K(139200K)->138157K(139200K) NonClass: 120935K(121472K)->120935K(121472K) Class: 17221K(17728K)->17221K(17728K)
[2026-02-05T19:56:11.670+0000][40.187s][info ][gc          ] GC(53) Pause Young (Normal) (G1 Evacuation Pause) 258M->125M(312M) 19.691ms
[2026-02-05T19:56:11.671+0000][40.187s][info ][gc,cpu      ] GC(53) User=0.17s Sys=0.01s Real=0.02s
[2026-02-05T19:56:11.671+0000][40.187s][info ][safepoint   ] Safepoint "G1CollectForAllocation", Time since last: 873904419 ns, Reaching safepoint: 264711 ns, Cleanup: 70302 ns, At safepoint: 20363037 ns, Total: 20698050 ns
[2026-02-05T19:56:12.452+0000][40.968s][debug][safepoint   ] Safepoint synchronization initiated using futex wait barrier. (129 threads)
[2026-02-05T19:56:12.453+0000][40.969s][info ][gc,start    ] GC(54) Pause Young (Normal) (G1 Evacuation Pause)
[2026-02-05T19:56:12.453+0000][40.969s][info ][gc,task     ] GC(54) Using 10 workers of 10 for evacuation
[2026-02-05T19:56:12.462+0000][40.979s][info ][gc,phases   ] GC(54)   Pre Evacuate Collection Set: 0.2ms
[2026-02-05T19:56:12.463+0000][40.979s][info ][gc,phases   ] GC(54)   Merge Heap Roots: 0.2ms
[2026-02-05T19:56:12.463+0000][40.979s][info ][gc,phases   ] GC(54)   Evacuate Collection Set: 7.1ms
[2026-02-05T19:56:12.463+0000][40.980s][info ][gc,phases   ] GC(54)   Post Evacuate Collection Set: 1.7ms
[2026-02-05T19:56:12.464+0000][40.980s][info ][gc,phases   ] GC(54)   Other: 0.5ms
[2026-02-05T19:56:12.464+0000][40.980s][info ][gc,heap     ] GC(54) Eden regions: 67->0(65)
[2026-02-05T19:56:12.464+0000][40.981s][info ][gc,heap     ] GC(54) Survivor regions: 8->8(10)
[2026-02-05T19:56:12.464+0000][40.981s][info ][gc,heap     ] GC(54) Old regions: 55->57
[2026-02-05T19:56:12.465+0000][40.981s][info ][gc,heap     ] GC(54) Archive regions: 2->2
[2026-02-05T19:56:12.465+0000][40.981s][info ][gc,heap     ] GC(54) Humongous regions: 0->0
[2026-02-05T19:56:12.465+0000][40.981s][info ][gc,metaspace] GC(54) Metaspace: 140652K(141696K)->140652K(141696K) NonClass: 123280K(123840K)->123280K(123840K) Class: 17371K(17856K)->17371K(17856K)
[2026-02-05T19:56:12.465+0000][40.982s][info ][gc          ] GC(54) Pause Young (Normal) (G1 Evacuation Pause) 259M->130M(312M) 12.734ms
[2026-02-05T19:56:12.465+0000][40.982s][info ][gc,cpu      ] GC(54) User=0.09s Sys=0.00s Real=0.01s
[2026-02-05T19:56:12.466+0000][40.982s][info ][safepoint   ] Safepoint "G1CollectForAllocation", Time since last: 781042802 ns, Reaching safepoint: 330413 ns, Cleanup: 68403 ns, At safepoint: 13450853 ns, Total: 13849669 ns
[2026-02-05T19:56:13.254+0000][41.771s][debug][safepoint   ] ... found polling page loop exception at pc = 0x000077500981563d, stub =0x0000775008b10400
[2026-02-05T19:56:13.360+0000][41.877s][debug][safepoint   ] Safepoint synchronization initiated using futex wait barrier. (139 threads)
[2026-02-05T19:56:13.361+0000][41.877s][info ][gc,start    ] GC(55) Pause Young (Normal) (G1 Evacuation Pause)
[2026-02-05T19:56:13.361+0000][41.878s][info ][gc,task     ] GC(55) Using 10 workers of 10 for evacuation
[2026-02-05T19:56:13.371+0000][41.888s][info ][gc,phases   ] GC(55)   Pre Evacuate Collection Set: 0.2ms
[2026-02-05T19:56:13.372+0000][41.888s][info ][gc,phases   ] GC(55)   Merge Heap Roots: 0.2ms
[2026-02-05T19:56:13.372+0000][41.889s][info ][gc,phases   ] GC(55)   Evacuate Collection Set: 7.0ms
[2026-02-05T19:56:13.372+0000][41.889s][info ][gc,phases   ] GC(55)   Post Evacuate Collection Set: 2.2ms
[2026-02-05T19:56:13.373+0000][41.889s][info ][gc,phases   ] GC(55)   Other: 0.8ms
[2026-02-05T19:56:13.373+0000][41.889s][info ][gc,heap     ] GC(55) Eden regions: 65->0(62)
[2026-02-05T19:56:13.373+0000][41.889s][info ][gc,heap     ] GC(55) Survivor regions: 8->8(10)
[2026-02-05T19:56:13.373+0000][41.890s][info ][gc,heap     ] GC(55) Old regions: 57->60
[2026-02-05T19:56:13.374+0000][41.890s][info ][gc,heap     ] GC(55) Archive regions: 2->2
[2026-02-05T19:56:13.374+0000][41.890s][info ][gc,heap     ] GC(55) Humongous regions: 0->0
[2026-02-05T19:56:13.374+0000][41.890s][info ][gc,metaspace] GC(55) Metaspace: 145387K(146432K)->145387K(146432K) NonClass: 127514K(128064K)->127514K(128064K) Class: 17873K(18368K)->17873K(18368K)
[2026-02-05T19:56:13.374+0000][41.890s][info ][gc          ] GC(55) Pause Young (Normal) (G1 Evacuation Pause) 260M->134M(312M) 13.026ms
[2026-02-05T19:56:13.374+0000][41.891s][info ][gc,cpu      ] GC(55) User=0.09s Sys=0.00s Real=0.02s
[2026-02-05T19:56:13.374+0000][41.891s][info ][safepoint   ] Safepoint "G1CollectForAllocation", Time since last: 894520466 ns, Reaching safepoint: 453818 ns, Cleanup: 58203 ns, At safepoint: 13494054 ns, Total: 14006075 ns
[2026-02-05T19:56:13.445+0000][41.962s][info ][cds,heap    ] initialize_from_archived_subgraph jdk.internal.math.FDBigInteger 0x0000774f9b14ece8
[2026-02-05T19:56:14.288+0000][42.804s][debug][safepoint   ] Safepoint synchronization initiated using futex wait barrier. (151 threads)
[2026-02-05T19:56:14.289+0000][42.805s][info ][gc,start    ] GC(56) Pause Young (Normal) (G1 Evacuation Pause)
[2026-02-05T19:56:14.289+0000][42.806s][info ][gc,task     ] GC(56) Using 10 workers of 10 for evacuation
[2026-02-05T19:56:14.301+0000][42.817s][info ][gc,phases   ] GC(56)   Pre Evacuate Collection Set: 0.6ms
[2026-02-05T19:56:14.301+0000][42.818s][info ][gc,phases   ] GC(56)   Merge Heap Roots: 0.3ms
[2026-02-05T19:56:14.301+0000][42.818s][info ][gc,phases   ] GC(56)   Evacuate Collection Set: 8.5ms
[2026-02-05T19:56:14.302+0000][42.818s][info ][gc,phases   ] GC(56)   Post Evacuate Collection Set: 1.9ms
[2026-02-05T19:56:14.302+0000][42.818s][info ][gc,phases   ] GC(56)   Other: 0.9ms
[2026-02-05T19:56:14.302+0000][42.818s][info ][gc,heap     ] GC(56) Eden regions: 62->0(64)
[2026-02-05T19:56:14.302+0000][42.819s][info ][gc,heap     ] GC(56) Survivor regions: 8->6(9)
[2026-02-05T19:56:14.302+0000][42.819s][info ][gc,heap     ] GC(56) Old regions: 60->62
[2026-02-05T19:56:14.303+0000][42.819s][info ][gc,heap     ] GC(56) Archive regions: 2->2
[2026-02-05T19:56:14.303+0000][42.819s][info ][gc,heap     ] GC(56) Humongous regions: 0->0
[2026-02-05T19:56:14.303+0000][42.819s][info ][gc,metaspace] GC(56) Metaspace: 149234K(150272K)->149234K(150272K) NonClass: 130911K(131456K)->130911K(131456K) Class: 18323K(18816K)->18323K(18816K)
[2026-02-05T19:56:14.303+0000][42.819s][info ][gc          ] GC(56) Pause Young (Normal) (G1 Evacuation Pause) 258M->136M(312M) 14.425ms
[2026-02-05T19:56:14.303+0000][42.820s][info ][gc,cpu      ] GC(56) User=0.07s Sys=0.01s Real=0.01s
[2026-02-05T19:56:14.303+0000][42.820s][info ][safepoint   ] Safepoint "G1CollectForAllocation", Time since last: 913466345 ns, Reaching safepoint: 546622 ns, Cleanup: 114105 ns, At safepoint: 14901112 ns, Total: 15561839 ns
[2026-02-05T19:56:14.935+0000][43.452s][debug][safepoint   ] Safepoint synchronization initiated using futex wait barrier. (151 threads)
[2026-02-05T19:56:14.936+0000][43.452s][info ][gc,start    ] GC(57) Pause Young (Normal) (G1 Evacuation Pause)
[2026-02-05T19:56:14.936+0000][43.452s][info ][gc,task     ] GC(57) Using 10 workers of 10 for evacuation
[2026-02-05T19:56:14.944+0000][43.461s][info ][gc,phases   ] GC(57)   Pre Evacuate Collection Set: 0.2ms
[2026-02-05T19:56:14.945+0000][43.461s][info ][gc,phases   ] GC(57)   Merge Heap Roots: 0.2ms
[2026-02-05T19:56:14.945+0000][43.461s][info ][gc,phases   ] GC(57)   Evacuate Collection Set: 5.9ms
[2026-02-05T19:56:14.945+0000][43.461s][info ][gc,phases   ] GC(57)   Post Evacuate Collection Set: 1.7ms
[2026-02-05T19:56:14.945+0000][43.462s][info ][gc,phases   ] GC(57)   Other: 0.5ms
[2026-02-05T19:56:14.945+0000][43.462s][info ][gc,heap     ] GC(57) Eden regions: 64->0(64)
[2026-02-05T19:56:14.945+0000][43.462s][info ][gc,heap     ] GC(57) Survivor regions: 6->4(9)
[2026-02-05T19:56:14.946+0000][43.462s][info ][gc,heap     ] GC(57) Old regions: 62->65
[2026-02-05T19:56:14.946+0000][43.462s][info ][gc,heap     ] GC(57) Archive regions: 2->2
[2026-02-05T19:56:14.946+0000][43.462s][info ][gc,heap     ] GC(57) Humongous regions: 0->0
[2026-02-05T19:56:14.946+0000][43.462s][info ][gc,metaspace] GC(57) Metaspace: 150643K(151680K)->150643K(151680K) NonClass: 132113K(132672K)->132113K(132672K) Class: 18529K(19008K)->18529K(19008K)
[2026-02-05T19:56:14.946+0000][43.463s][info ][gc          ] GC(57) Pause Young (Normal) (G1 Evacuation Pause) 264M->137M(312M) 10.585ms
[2026-02-05T19:56:14.946+0000][43.463s][info ][gc,cpu      ] GC(57) User=0.06s Sys=0.00s Real=0.01s
[2026-02-05T19:56:14.947+0000][43.463s][info ][safepoint   ] Safepoint "G1CollectForAllocation", Time since last: 631679263 ns, Reaching safepoint: 415317 ns, Cleanup: 29201 ns, At safepoint: 11099256 ns, Total: 11543774 ns
[2026-02-05T19:56:15.717+0000][44.234s][debug][safepoint   ] Safepoint synchronization initiated using futex wait barrier. (153 threads)
[2026-02-05T19:56:15.718+0000][44.234s][info ][gc,start    ] GC(58) Pause Young (Normal) (G1 Evacuation Pause)
[2026-02-05T19:56:15.718+0000][44.235s][info ][gc,task     ] GC(58) Using 10 workers of 10 for evacuation
[2026-02-05T19:56:15.728+0000][44.245s][info ][gc,phases   ] GC(58)   Pre Evacuate Collection Set: 0.2ms
[2026-02-05T19:56:15.729+0000][44.245s][info ][gc,phases   ] GC(58)   Merge Heap Roots: 0.2ms
[2026-02-05T19:56:15.729+0000][44.245s][info ][gc,phases   ] GC(58)   Evacuate Collection Set: 7.4ms
[2026-02-05T19:56:15.729+0000][44.246s][info ][gc,phases   ] GC(58)   Post Evacuate Collection Set: 2.1ms
[2026-02-05T19:56:15.730+0000][44.246s][info ][gc,phases   ] GC(58)   Other: 0.6ms
[2026-02-05T19:56:15.730+0000][44.247s][info ][gc,heap     ] GC(58) Eden regions: 64->0(59)
[2026-02-05T19:56:15.730+0000][44.247s][info ][gc,heap     ] GC(58) Survivor regions: 4->7(9)
[2026-02-05T19:56:15.731+0000][44.247s][info ][gc,heap     ] GC(58) Old regions: 65->65
[2026-02-05T19:56:15.731+0000][44.247s][info ][gc,heap     ] GC(58) Archive regions: 2->2
[2026-02-05T19:56:15.731+0000][44.247s][info ][gc,heap     ] GC(58) Humongous regions: 0->0
[2026-02-05T19:56:15.731+0000][44.248s][info ][gc,metaspace] GC(58) Metaspace: 151641K(152704K)->151641K(152704K) NonClass: 132984K(133568K)->132984K(133568K) Class: 18656K(19136K)->18656K(19136K)
[2026-02-05T19:56:15.732+0000][44.248s][info ][gc          ] GC(58) Pause Young (Normal) (G1 Evacuation Pause) 265M->142M(312M) 13.427ms
[2026-02-05T19:56:15.732+0000][44.248s][info ][gc,cpu      ] GC(58) User=0.09s Sys=0.00s Real=0.01s
[2026-02-05T19:56:15.732+0000][44.248s][info ][safepoint   ] Safepoint "G1CollectForAllocation", Time since last: 770783080 ns, Reaching safepoint: 398516 ns, Cleanup: 157207 ns, At safepoint: 13990575 ns, Total: 14546298 ns
[2026-02-05T19:56:16.422+0000][44.938s][debug][safepoint   ] Safepoint synchronization initiated using futex wait barrier. (152 threads)
[2026-02-05T19:56:16.423+0000][44.939s][info ][gc,start    ] GC(59) Pause Young (Normal) (G1 Evacuation Pause)
[2026-02-05T19:56:16.423+0000][44.940s][info ][gc,task     ] GC(59) Using 10 workers of 10 for evacuation
[2026-02-05T19:56:16.434+0000][44.950s][info ][gc,phases   ] GC(59)   Pre Evacuate Collection Set: 0.4ms
[2026-02-05T19:56:16.434+0000][44.951s][info ][gc,phases   ] GC(59)   Merge Heap Roots: 0.3ms
[2026-02-05T19:56:16.434+0000][44.951s][info ][gc,phases   ] GC(59)   Evacuate Collection Set: 7.7ms
[2026-02-05T19:56:16.435+0000][44.951s][info ][gc,phases   ] GC(59)   Post Evacuate Collection Set: 1.8ms
[2026-02-05T19:56:16.435+0000][44.952s][info ][gc,phases   ] GC(59)   Other: 0.9ms
[2026-02-05T19:56:16.435+0000][44.952s][info ][gc,heap     ] GC(59) Eden regions: 59->0(60)
[2026-02-05T19:56:16.436+0000][44.953s][info ][gc,heap     ] GC(59) Survivor regions: 7->6(9)
[2026-02-05T19:56:16.437+0000][44.953s][info ][gc,heap     ] GC(59) Old regions: 65->66
[2026-02-05T19:56:16.437+0000][44.954s][info ][gc,heap     ] GC(59) Archive regions: 2->2
[2026-02-05T19:56:16.438+0000][44.954s][info ][gc,heap     ] GC(59) Humongous regions: 0->0
[2026-02-05T19:56:16.438+0000][44.954s][info ][gc,metaspace] GC(59) Metaspace: 152657K(153728K)->152657K(153728K) NonClass: 133814K(134400K)->133814K(134400K) Class: 18843K(19328K)->18843K(19328K)
[2026-02-05T19:56:16.438+0000][44.954s][info ][gc          ] GC(59) Pause Young (Normal) (G1 Evacuation Pause) 260M->144M(312M) 15.357ms
[2026-02-05T19:56:16.438+0000][44.955s][info ][gc,cpu      ] GC(59) User=0.08s Sys=0.00s Real=0.02s
[2026-02-05T19:56:16.439+0000][44.955s][info ][safepoint   ] Safepoint "G1CollectForAllocation", Time since last: 689947757 ns, Reaching safepoint: 336514 ns, Cleanup: 199108 ns, At safepoint: 16367073 ns, Total: 16902695 ns
[2026-02-05T19:56:16.599+0000][45.116s][debug][safepoint   ] ... found polling page loop exception at pc = 0x00007750094545f7, stub =0x0000775008b10400
[2026-02-05T19:56:17.029+0000][45.547s][debug][safepoint   ] Safepoint synchronization initiated using futex wait barrier. (156 threads)
[2026-02-05T19:56:17.030+0000][45.548s][info ][gc,start    ] GC(60) Pause Young (Normal) (G1 Evacuation Pause)
[2026-02-05T19:56:17.030+0000][45.548s][info ][gc,task     ] GC(60) Using 10 workers of 10 for evacuation
[2026-02-05T19:56:17.038+0000][45.556s][info ][gc,phases   ] GC(60)   Pre Evacuate Collection Set: 0.2ms
[2026-02-05T19:56:17.038+0000][45.557s][info ][gc,phases   ] GC(60)   Merge Heap Roots: 0.2ms
[2026-02-05T19:56:17.038+0000][45.557s][info ][gc,phases   ] GC(60)   Evacuate Collection Set: 5.6ms
[2026-02-05T19:56:17.039+0000][45.557s][info ][gc,phases   ] GC(60)   Post Evacuate Collection Set: 1.9ms
[2026-02-05T19:56:17.039+0000][45.557s][info ][gc,phases   ] GC(60)   Other: 0.5ms
[2026-02-05T19:56:17.039+0000][45.557s][info ][gc,heap     ] GC(60) Eden regions: 60->0(86)
[2026-02-05T19:56:17.039+0000][45.558s][info ][gc,heap     ] GC(60) Survivor regions: 6->6(9)
[2026-02-05T19:56:17.039+0000][45.558s][info ][gc,heap     ] GC(60) Old regions: 66->67
[2026-02-05T19:56:17.040+0000][45.558s][info ][gc,heap     ] GC(60) Archive regions: 2->2
[2026-02-05T19:56:17.040+0000][45.558s][info ][gc,heap     ] GC(60) Humongous regions: 0->0
[2026-02-05T19:56:17.040+0000][45.558s][info ][gc,metaspace] GC(60) Metaspace: 153539K(154624K)->153539K(154624K) NonClass: 134572K(135168K)->134572K(135168K) Class: 18967K(19456K)->18967K(19456K)
[2026-02-05T19:56:17.040+0000][45.558s][info ][gc          ] GC(60) Pause Young (Normal) (G1 Evacuation Pause) 264M->146M(376M) 10.552ms
[2026-02-05T19:56:17.040+0000][45.559s][info ][gc,cpu      ] GC(60) User=0.06s Sys=0.00s Real=0.01s
[2026-02-05T19:56:17.041+0000][45.559s][info ][safepoint   ] Safepoint "G1CollectForAllocation", Time since last: 592190234 ns, Reaching safepoint: 296711 ns, Cleanup: 105705 ns, At safepoint: 11034440 ns, Total: 11436856 ns
[2026-02-05T19:56:17.857+0000][46.375s][debug][safepoint   ] Safepoint synchronization initiated using futex wait barrier. (168 threads)
[2026-02-05T19:56:17.858+0000][46.376s][info ][gc,start    ] GC(61) Pause Young (Normal) (G1 Evacuation Pause)
[2026-02-05T19:56:17.858+0000][46.376s][info ][gc,task     ] GC(61) Using 10 workers of 10 for evacuation
[2026-02-05T19:56:17.867+0000][46.385s][info ][gc,phases   ] GC(61)   Pre Evacuate Collection Set: 0.3ms
[2026-02-05T19:56:17.867+0000][46.386s][info ][gc,phases   ] GC(61)   Merge Heap Roots: 0.2ms
[2026-02-05T19:56:17.867+0000][46.386s][info ][gc,phases   ] GC(61)   Evacuate Collection Set: 6.7ms
[2026-02-05T19:56:17.868+0000][46.386s][info ][gc,phases   ] GC(61)   Post Evacuate Collection Set: 1.6ms
[2026-02-05T19:56:17.868+0000][46.386s][info ][gc,phases   ] GC(61)   Other: 0.6ms
[2026-02-05T19:56:17.868+0000][46.386s][info ][gc,heap     ] GC(61) Eden regions: 86->0(84)
[2026-02-05T19:56:17.868+0000][46.387s][info ][gc,heap     ] GC(61) Survivor regions: 6->8(12)
[2026-02-05T19:56:17.869+0000][46.387s][info ][gc,heap     ] GC(61) Old regions: 67->67
[2026-02-05T19:56:17.869+0000][46.387s][info ][gc,heap     ] GC(61) Archive regions: 2->2
[2026-02-05T19:56:17.869+0000][46.387s][info ][gc,heap     ] GC(61) Humongous regions: 0->0
[2026-02-05T19:56:17.869+0000][46.388s][info ][gc,metaspace] GC(61) Metaspace: 155754K(156864K)->155754K(156864K) NonClass: 136447K(137024K)->136447K(137024K) Class: 19306K(19840K)->19306K(19840K)
[2026-02-05T19:56:17.869+0000][46.388s][info ][gc          ] GC(61) Pause Young (Normal) (G1 Evacuation Pause) 318M->151M(376M) 11.731ms
[2026-02-05T19:56:17.870+0000][46.388s][info ][gc,cpu      ] GC(61) User=0.07s Sys=0.00s Real=0.01s
[2026-02-05T19:56:17.870+0000][46.388s][info ][safepoint   ] Safepoint "G1CollectForAllocation", Time since last: 816475407 ns, Reaching safepoint: 406316 ns, Cleanup: 107104 ns, At safepoint: 12328393 ns, Total: 12841813 ns
[2026-02-05T19:56:18.978+0000][47.496s][debug][safepoint   ] Safepoint synchronization initiated using futex wait barrier. (194 threads)
[2026-02-05T19:56:18.983+0000][47.502s][info ][safepoint   ] Safepoint "Cleanup", Time since last: 1108230757 ns, Reaching safepoint: 5059803 ns, Cleanup: 98703 ns, At safepoint: 101705 ns, Total: 5260211 ns
[2026-02-05T19:56:19.237+0000][47.755s][debug][safepoint   ] Safepoint synchronization initiated using futex wait barrier. (234 threads)
[2026-02-05T19:56:19.238+0000][47.756s][info ][gc,start    ] GC(62) Pause Young (Normal) (G1 Evacuation Pause)
[2026-02-05T19:56:19.238+0000][47.756s][info ][gc,task     ] GC(62) Using 10 workers of 10 for evacuation
[2026-02-05T19:56:19.260+0000][47.778s][info ][gc,phases   ] GC(62)   Pre Evacuate Collection Set: 0.4ms
[2026-02-05T19:56:19.260+0000][47.779s][info ][gc,phases   ] GC(62)   Merge Heap Roots: 0.2ms
[2026-02-05T19:56:19.261+0000][47.779s][info ][gc,phases   ] GC(62)   Evacuate Collection Set: 17.9ms
[2026-02-05T19:56:19.261+0000][47.779s][info ][gc,phases   ] GC(62)   Post Evacuate Collection Set: 2.8ms
[2026-02-05T19:56:19.261+0000][47.779s][info ][gc,phases   ] GC(62)   Other: 0.7ms
[2026-02-05T19:56:19.261+0000][47.780s][info ][gc,heap     ] GC(62) Eden regions: 84->0(83)
[2026-02-05T19:56:19.262+0000][47.780s][info ][gc,heap     ] GC(62) Survivor regions: 8->7(12)
[2026-02-05T19:56:19.262+0000][47.781s][info ][gc,heap     ] GC(62) Old regions: 67->70
[2026-02-05T19:56:19.263+0000][47.781s][info ][gc,heap     ] GC(62) Archive regions: 2->2
[2026-02-05T19:56:19.263+0000][47.781s][info ][gc,heap     ] GC(62) Humongous regions: 0->0
[2026-02-05T19:56:19.263+0000][47.781s][info ][gc,metaspace] GC(62) Metaspace: 159266K(160448K)->159266K(160448K) NonClass: 139411K(140032K)->139411K(140032K) Class: 19854K(20416K)->19854K(20416K)
[2026-02-05T19:56:19.263+0000][47.782s][info ][gc          ] GC(62) Pause Young (Normal) (G1 Evacuation Pause) 319M->155M(376M) 25.903ms
[2026-02-05T19:56:19.264+0000][47.782s][info ][gc,cpu      ] GC(62) User=0.17s Sys=0.02s Real=0.02s
[2026-02-05T19:56:19.265+0000][47.784s][info ][safepoint   ] Safepoint "G1CollectForAllocation", Time since last: 253501923 ns, Reaching safepoint: 436018 ns, Cleanup: 71303 ns, At safepoint: 27904014 ns, Total: 28411335 ns
[2026-02-05T19:56:19.835+0000][48.353s][debug][safepoint   ] Safepoint synchronization initiated using futex wait barrier. (325 threads)
[2026-02-05T19:56:19.850+0000][48.369s][debug][safepoint   ] ... found polling page loop exception at pc = 0x000077500914970c, stub =0x0000775008b10400
[2026-02-05T19:56:19.855+0000][48.373s][info ][safepoint   ] Safepoint "ICBufferFull", Time since last: 569180630 ns, Reaching safepoint: 19910496 ns, Cleanup: 233509 ns, At safepoint: 309412 ns, Total: 20453417 ns
[2026-02-05T19:56:20.269+0000][48.787s][debug][safepoint   ] Safepoint synchronization initiated using futex wait barrier. (349 threads)
[2026-02-05T19:56:20.270+0000][48.788s][info ][gc,start    ] GC(63) Pause Young (Normal) (G1 Evacuation Pause)
[2026-02-05T19:56:20.270+0000][48.788s][info ][gc,task     ] GC(63) Using 10 workers of 10 for evacuation
[2026-02-05T19:56:20.288+0000][48.806s][info ][gc,phases   ] GC(63)   Pre Evacuate Collection Set: 0.3ms
[2026-02-05T19:56:20.288+0000][48.807s][info ][gc,phases   ] GC(63)   Merge Heap Roots: 0.4ms
[2026-02-05T19:56:20.289+0000][48.807s][info ][gc,phases   ] GC(63)   Evacuate Collection Set: 14.9ms
[2026-02-05T19:56:20.289+0000][48.807s][info ][gc,phases   ] GC(63)   Post Evacuate Collection Set: 2.1ms
[2026-02-05T19:56:20.289+0000][48.807s][info ][gc,phases   ] GC(63)   Other: 0.7ms
[2026-02-05T19:56:20.289+0000][48.807s][info ][gc,heap     ] GC(63) Eden regions: 83->0(78)
[2026-02-05T19:56:20.289+0000][48.808s][info ][gc,heap     ] GC(63) Survivor regions: 7->9(12)
[2026-02-05T19:56:20.289+0000][48.808s][info ][gc,heap     ] GC(63) Old regions: 70->71
[2026-02-05T19:56:20.290+0000][48.808s][info ][gc,heap     ] GC(63) Archive regions: 2->2
[2026-02-05T19:56:20.290+0000][48.808s][info ][gc,heap     ] GC(63) Humongous regions: 0->0
[2026-02-05T19:56:20.290+0000][48.808s][info ][gc,metaspace] GC(63) Metaspace: 162325K(163520K)->162325K(163520K) NonClass: 142159K(142784K)->142159K(142784K) Class: 20166K(20736K)->20166K(20736K)
[2026-02-05T19:56:20.290+0000][48.808s][info ][gc          ] GC(63) Pause Young (Normal) (G1 Evacuation Pause) 321M->160M(376M) 20.350ms
[2026-02-05T19:56:20.290+0000][48.809s][info ][gc,cpu      ] GC(63) User=0.13s Sys=0.00s Real=0.02s
[2026-02-05T19:56:20.293+0000][48.811s][info ][safepoint   ] Safepoint "G1CollectForAllocation", Time since last: 414105738 ns, Reaching safepoint: 576523 ns, Cleanup: 60102 ns, At safepoint: 23158425 ns, Total: 23795050 ns
[2026-02-05T19:56:21.034+0000][49.553s][debug][safepoint   ] Safepoint synchronization initiated using futex wait barrier. (353 threads)
[2026-02-05T19:56:21.037+0000][49.555s][info ][safepoint   ] Safepoint "ICBufferFull", Time since last: 741603717 ns, Reaching safepoint: 2151385 ns, Cleanup: 281612 ns, At safepoint: 143405 ns, Total: 2576402 ns
[2026-02-05T19:56:21.038+0000][49.556s][debug][safepoint   ] Safepoint synchronization initiated using futex wait barrier. (353 threads)
[2026-02-05T19:56:21.038+0000][49.557s][info ][safepoint   ] Safepoint "ICBufferFull", Time since last: 1043342 ns, Reaching safepoint: 342514 ns, Cleanup: 10700 ns, At safepoint: 29501 ns, Total: 382715 ns
[2026-02-05T19:56:21.400+0000][49.918s][debug][safepoint   ] Safepoint synchronization initiated using futex wait barrier. (368 threads)
[2026-02-05T19:56:21.405+0000][49.923s][info ][gc,start    ] GC(64) Pause Young (Normal) (G1 Evacuation Pause)
[2026-02-05T19:56:21.406+0000][49.924s][info ][gc,task     ] GC(64) Using 10 workers of 10 for evacuation
[2026-02-05T19:56:21.425+0000][49.943s][info ][gc,phases   ] GC(64)   Pre Evacuate Collection Set: 0.6ms
[2026-02-05T19:56:21.425+0000][49.944s][info ][gc,phases   ] GC(64)   Merge Heap Roots: 0.3ms
[2026-02-05T19:56:21.426+0000][49.944s][info ][gc,phases   ] GC(64)   Evacuate Collection Set: 15.5ms
[2026-02-05T19:56:21.426+0000][49.944s][info ][gc,phases   ] GC(64)   Post Evacuate Collection Set: 2.2ms
[2026-02-05T19:56:21.426+0000][49.944s][info ][gc,phases   ] GC(64)   Other: 1.6ms
[2026-02-05T19:56:21.426+0000][49.945s][info ][gc,heap     ] GC(64) Eden regions: 78->0(76)
[2026-02-05T19:56:21.427+0000][49.945s][info ][gc,heap     ] GC(64) Survivor regions: 9->8(11)
[2026-02-05T19:56:21.427+0000][49.945s][info ][gc,heap     ] GC(64) Old regions: 71->75
[2026-02-05T19:56:21.427+0000][49.945s][info ][gc,heap     ] GC(64) Archive regions: 2->2
[2026-02-05T19:56:21.427+0000][49.945s][info ][gc,heap     ] GC(64) Humongous regions: 0->0
[2026-02-05T19:56:21.427+0000][49.946s][info ][gc,metaspace] GC(64) Metaspace: 164508K(165760K)->164508K(165760K) NonClass: 144035K(144704K)->144035K(144704K) Class: 20473K(21056K)->20473K(21056K)
[2026-02-05T19:56:21.428+0000][49.946s][info ][gc          ] GC(64) Pause Young (Normal) (G1 Evacuation Pause) 316M->165M(376M) 22.556ms
[2026-02-05T19:56:21.428+0000][49.946s][info ][gc,cpu      ] GC(64) User=0.16s Sys=0.00s Real=0.02s
[2026-02-05T19:56:21.430+0000][49.948s][info ][safepoint   ] Safepoint "G1CollectForAllocation", Time since last: 361391933 ns, Reaching safepoint: 5001699 ns, Cleanup: 114305 ns, At safepoint: 24583682 ns, Total: 29699686 ns
[2026-02-05T19:56:21.757+0000][50.275s][debug][safepoint   ] ... found polling page loop exception at pc = 0x000077500272085a, stub =0x0000775008b10400
[2026-02-05T19:56:21.866+0000][50.384s][debug][safepoint   ] Safepoint synchronization initiated using futex wait barrier. (381 threads)
[2026-02-05T19:56:21.867+0000][50.385s][info ][safepoint   ] Safepoint "ICBufferFull", Time since last: 436354926 ns, Reaching safepoint: 572723 ns, Cleanup: 151406 ns, At safepoint: 133605 ns, Total: 857734 ns
[2026-02-05T19:56:21.868+0000][50.386s][debug][safepoint   ] Safepoint synchronization initiated using futex wait barrier. (382 threads)
[2026-02-05T19:56:21.869+0000][50.387s][debug][safepoint   ] ... found polling page loop exception at pc = 0x0000775001bbccc5, stub =0x0000775008b10400
[2026-02-05T19:56:21.869+0000][50.388s][info ][safepoint   ] Safepoint "ICBufferFull", Time since last: 1073143 ns, Reaching safepoint: 1286951 ns, Cleanup: 13201 ns, At safepoint: 118605 ns, Total: 1418757 ns
[2026-02-05T19:56:21.870+0000][50.388s][debug][safepoint   ] Safepoint synchronization initiated using futex wait barrier. (382 threads)
[2026-02-05T19:56:21.871+0000][50.390s][info ][safepoint   ] Safepoint "ICBufferFull", Time since last: 446017 ns, Reaching safepoint: 1370055 ns, Cleanup: 20501 ns, At safepoint: 153406 ns, Total: 1543962 ns
[2026-02-05T19:56:21.872+0000][50.390s][debug][safepoint   ] Safepoint synchronization initiated using futex wait barrier. (382 threads)
[2026-02-05T19:56:21.873+0000][50.391s][info ][safepoint   ] Safepoint "ICBufferFull", Time since last: 814633 ns, Reaching safepoint: 676527 ns, Cleanup: 9300 ns, At safepoint: 171007 ns, Total: 856834 ns
[2026-02-05T19:56:21.874+0000][50.392s][debug][safepoint   ] Safepoint synchronization initiated using futex wait barrier. (382 threads)
[2026-02-05T19:56:21.875+0000][50.393s][info ][safepoint   ] Safepoint "ICBufferFull", Time since last: 877235 ns, Reaching safepoint: 545822 ns, Cleanup: 13300 ns, At safepoint: 186108 ns, Total: 745230 ns
[2026-02-05T19:56:21.875+0000][50.394s][debug][safepoint   ] Safepoint synchronization initiated using futex wait barrier. (382 threads)
[2026-02-05T19:56:21.876+0000][50.394s][info ][safepoint   ] Safepoint "ICBufferFull", Time since last: 787731 ns, Reaching safepoint: 488120 ns, Cleanup: 13200 ns, At safepoint: 102704 ns, Total: 604024 ns
[2026-02-05T19:56:22.160+0000][50.678s][debug][safepoint   ] Safepoint synchronization initiated using futex wait barrier. (392 threads)
[2026-02-05T19:56:22.160+0000][50.678s][debug][safepoint   ] ... found polling page loop exception at pc = 0x000077500939fa1c, stub =0x0000775008b10400
[2026-02-05T19:56:22.161+0000][50.679s][info ][safepoint   ] Safepoint "ICBufferFull", Time since last: 283817235 ns, Reaching safepoint: 914036 ns, Cleanup: 136806 ns, At safepoint: 201108 ns, Total: 1251950 ns
[2026-02-05T19:56:22.317+0000][50.836s][debug][safepoint   ] Safepoint synchronization initiated using futex wait barrier. (393 threads)
[2026-02-05T19:56:22.318+0000][50.836s][info ][gc,start    ] GC(65) Pause Young (Normal) (G1 Evacuation Pause)
[2026-02-05T19:56:22.318+0000][50.836s][info ][gc,task     ] GC(65) Using 10 workers of 10 for evacuation
[2026-02-05T19:56:22.330+0000][50.848s][info ][gc,phases   ] GC(65)   Pre Evacuate Collection Set: 0.3ms
[2026-02-05T19:56:22.330+0000][50.849s][info ][gc,phases   ] GC(65)   Merge Heap Roots: 0.2ms
[2026-02-05T19:56:22.331+0000][50.849s][info ][gc,phases   ] GC(65)   Evacuate Collection Set: 9.8ms
[2026-02-05T19:56:22.331+0000][50.849s][info ][gc,phases   ] GC(65)   Post Evacuate Collection Set: 1.6ms
[2026-02-05T19:56:22.331+0000][50.849s][info ][gc,phases   ] GC(65)   Other: 0.6ms
[2026-02-05T19:56:22.331+0000][50.850s][info ][gc,heap     ] GC(65) Eden regions: 76->0(72)
[2026-02-05T19:56:22.331+0000][50.850s][info ][gc,heap     ] GC(65) Survivor regions: 8->9(11)
[2026-02-05T19:56:22.332+0000][50.850s][info ][gc,heap     ] GC(65) Old regions: 75->77
[2026-02-05T19:56:22.332+0000][50.850s][info ][gc,heap     ] GC(65) Archive regions: 2->2
[2026-02-05T19:56:22.332+0000][50.850s][info ][gc,heap     ] GC(65) Humongous regions: 0->0
[2026-02-05T19:56:22.332+0000][50.850s][info ][gc,metaspace] GC(65) Metaspace: 170267K(171520K)->170267K(171520K) NonClass: 149139K(149824K)->149139K(149824K) Class: 21127K(21696K)->21127K(21696K)
[2026-02-05T19:56:22.332+0000][50.851s][info ][gc          ] GC(65) Pause Young (Normal) (G1 Evacuation Pause) 317M->171M(376M) 14.704ms
[2026-02-05T19:56:22.333+0000][50.851s][info ][gc,cpu      ] GC(65) User=0.11s Sys=0.00s Real=0.02s
[2026-02-05T19:56:22.335+0000][50.853s][info ][safepoint   ] Safepoint "G1CollectForAllocation", Time since last: 156255540 ns, Reaching safepoint: 316812 ns, Cleanup: 47902 ns, At safepoint: 17339393 ns, Total: 17704107 ns
[2026-02-05T19:56:23.386+0000][51.904s][debug][safepoint   ] ... found polling page loop exception at pc = 0x000077500939fa1c, stub =0x0000775008b10400
[2026-02-05T19:56:23.394+0000][51.913s][debug][safepoint   ] Safepoint synchronization initiated using futex wait barrier. (395 threads)
[2026-02-05T19:56:23.395+0000][51.913s][debug][safepoint   ] ... found polling page loop exception at pc = 0x0000775009207c3e, stub =0x0000775008b10400
[2026-02-05T19:56:23.395+0000][51.913s][debug][safepoint   ] ... found polling page loop exception at pc = 0x00007750091746b8, stub =0x0000775008b10400
[2026-02-05T19:56:23.396+0000][51.914s][info ][safepoint   ] Safepoint "Cleanup", Time since last: 1059526013 ns, Reaching safepoint: 843333 ns, Cleanup: 106605 ns, At safepoint: 190607 ns, Total: 1140545 ns
[2026-02-05T19:56:23.405+0000][51.923s][debug][safepoint   ] Safepoint synchronization initiated using futex wait barrier. (395 threads)
[2026-02-05T19:56:23.406+0000][51.924s][info ][gc,start    ] GC(66) Pause Young (Normal) (G1 Evacuation Pause)
[2026-02-05T19:56:23.406+0000][51.924s][info ][gc,task     ] GC(66) Using 10 workers of 10 for evacuation
[2026-02-05T19:56:23.419+0000][51.937s][info ][gc,phases   ] GC(66)   Pre Evacuate Collection Set: 0.3ms
[2026-02-05T19:56:23.419+0000][51.937s][info ][gc,phases   ] GC(66)   Merge Heap Roots: 0.2ms
[2026-02-05T19:56:23.419+0000][51.937s][info ][gc,phases   ] GC(66)   Evacuate Collection Set: 9.8ms
[2026-02-05T19:56:23.419+0000][51.937s][info ][gc,phases   ] GC(66)   Post Evacuate Collection Set: 1.8ms
[2026-02-05T19:56:23.419+0000][51.938s][info ][gc,phases   ] GC(66)   Other: 0.8ms
[2026-02-05T19:56:23.420+0000][51.938s][info ][gc,heap     ] GC(66) Eden regions: 72->0(71)
[2026-02-05T19:56:23.420+0000][51.938s][info ][gc,heap     ] GC(66) Survivor regions: 9->8(11)
[2026-02-05T19:56:23.420+0000][51.938s][info ][gc,heap     ] GC(66) Old regions: 77->80
[2026-02-05T19:56:23.420+0000][51.938s][info ][gc,heap     ] GC(66) Archive regions: 2->2
[2026-02-05T19:56:23.420+0000][51.939s][info ][gc,heap     ] GC(66) Humongous regions: 0->0
[2026-02-05T19:56:23.420+0000][51.939s][info ][gc,metaspace] GC(66) Metaspace: 174944K(176256K)->174944K(176256K) NonClass: 153251K(153920K)->153251K(153920K) Class: 21692K(22336K)->21692K(22336K)
[2026-02-05T19:56:23.421+0000][51.939s][info ][gc          ] GC(66) Pause Young (Normal) (G1 Evacuation Pause) 315M->174M(376M) 15.060ms
[2026-02-05T19:56:23.421+0000][51.939s][info ][gc,cpu      ] GC(66) User=0.12s Sys=0.00s Real=0.01s
[2026-02-05T19:56:23.422+0000][51.940s][info ][safepoint   ] Safepoint "G1CollectForAllocation", Time since last: 9490879 ns, Reaching safepoint: 460819 ns, Cleanup: 25501 ns, At safepoint: 16126044 ns, Total: 16612364 ns
[2026-02-05T19:56:23.795+0000][52.313s][debug][safepoint   ] Safepoint synchronization initiated using futex wait barrier. (395 threads)
[2026-02-05T19:56:23.797+0000][52.315s][info ][safepoint   ] Safepoint "ICBufferFull", Time since last: 373239605 ns, Reaching safepoint: 1488360 ns, Cleanup: 135705 ns, At safepoint: 579023 ns, Total: 2203088 ns
[2026-02-05T19:56:23.864+0000][52.383s][debug][safepoint   ] Safepoint synchronization initiated using futex wait barrier. (395 threads)
[2026-02-05T19:56:23.868+0000][52.386s][info ][safepoint   ] Safepoint "ICBufferFull", Time since last: 67303088 ns, Reaching safepoint: 3120825 ns, Cleanup: 123105 ns, At safepoint: 259910 ns, Total: 3503840 ns
[2026-02-05T19:56:24.288+0000][52.807s][debug][safepoint   ] Safepoint synchronization initiated using futex wait barrier. (396 threads)
[2026-02-05T19:56:24.289+0000][52.808s][info ][safepoint   ] Safepoint "ICBufferFull", Time since last: 420240282 ns, Reaching safepoint: 762531 ns, Cleanup: 161406 ns, At safepoint: 119705 ns, Total: 1043642 ns
[2026-02-05T19:56:24.611+0000][53.129s][debug][safepoint   ] Safepoint synchronization initiated using futex wait barrier. (396 threads)
[2026-02-05T19:56:24.612+0000][53.130s][debug][safepoint   ] ... found polling page loop exception at pc = 0x000077500923939b, stub =0x0000775008b10400
[2026-02-05T19:56:24.612+0000][53.131s][info ][gc,start    ] GC(67) Pause Young (Normal) (G1 Evacuation Pause)
[2026-02-05T19:56:24.613+0000][53.131s][info ][gc,task     ] GC(67) Using 10 workers of 10 for evacuation
[2026-02-05T19:56:24.631+0000][53.150s][info ][gc,phases   ] GC(67)   Pre Evacuate Collection Set: 1.1ms
[2026-02-05T19:56:24.632+0000][53.150s][info ][gc,phases   ] GC(67)   Merge Heap Roots: 0.6ms
[2026-02-05T19:56:24.632+0000][53.150s][info ][gc,phases   ] GC(67)   Evacuate Collection Set: 12.7ms
[2026-02-05T19:56:24.632+0000][53.151s][info ][gc,phases   ] GC(67)   Post Evacuate Collection Set: 3.3ms
[2026-02-05T19:56:24.633+0000][53.151s][info ][gc,phases   ] GC(67)   Other: 1.4ms
[2026-02-05T19:56:24.633+0000][53.151s][info ][gc,heap     ] GC(67) Eden regions: 71->0(67)
[2026-02-05T19:56:24.633+0000][53.151s][info ][gc,heap     ] GC(67) Survivor regions: 8->6(10)
[2026-02-05T19:56:24.633+0000][53.151s][info ][gc,heap     ] GC(67) Old regions: 80->82
[2026-02-05T19:56:24.633+0000][53.152s][info ][gc,heap     ] GC(67) Archive regions: 2->2
[2026-02-05T19:56:24.634+0000][53.152s][info ][gc,heap     ] GC(67) Humongous regions: 10->6
[2026-02-05T19:56:24.634+0000][53.152s][info ][gc,metaspace] GC(67) Metaspace: 180005K(181504K)->180005K(181504K) NonClass: 157755K(158528K)->157755K(158528K) Class: 22249K(22976K)->22249K(22976K)
[2026-02-05T19:56:24.634+0000][53.152s][info ][gc          ] GC(67) Pause Young (Normal) (G1 Evacuation Pause) 336M->188M(376M) 21.516ms
[2026-02-05T19:56:24.634+0000][53.153s][info ][gc,cpu      ] GC(67) User=0.14s Sys=0.02s Real=0.02s
[2026-02-05T19:56:24.639+0000][53.157s][info ][safepoint   ] Safepoint "G1CollectForAllocation", Time since last: 321698147 ns, Reaching safepoint: 982540 ns, Cleanup: 245809 ns, At safepoint: 26803671 ns, Total: 28032020 ns
[2026-02-05T19:56:25.266+0000][53.785s][debug][safepoint   ] Safepoint synchronization initiated using futex wait barrier. (396 threads)
[2026-02-05T19:56:25.268+0000][53.786s][info ][safepoint   ] Safepoint "ICBufferFull", Time since last: 627310171 ns, Reaching safepoint: 1105347 ns, Cleanup: 135705 ns, At safepoint: 183008 ns, Total: 1424060 ns
[2026-02-05T19:56:25.768+0000][54.286s][debug][safepoint   ] ... found polling page loop exception at pc = 0x00007750094545f7, stub =0x0000775008b10400
[2026-02-05T19:56:25.794+0000][54.312s][debug][safepoint   ] Safepoint synchronization initiated using futex wait barrier. (397 threads)
[2026-02-05T19:56:25.796+0000][54.314s][info ][safepoint   ] Safepoint "ICBufferFull", Time since last: 525966073 ns, Reaching safepoint: 1768674 ns, Cleanup: 341214 ns, At safepoint: 235910 ns, Total: 2345798 ns
[2026-02-05T19:56:25.891+0000][54.409s][debug][safepoint   ] Safepoint synchronization initiated using futex wait barrier. (397 threads)
[2026-02-05T19:56:25.892+0000][54.410s][info ][gc,start    ] GC(68) Pause Young (Normal) (G1 Evacuation Pause)
[2026-02-05T19:56:25.892+0000][54.410s][info ][gc,task     ] GC(68) Using 10 workers of 10 for evacuation
[2026-02-05T19:56:25.907+0000][54.425s][info ][gc,phases   ] GC(68)   Pre Evacuate Collection Set: 0.3ms
[2026-02-05T19:56:25.907+0000][54.426s][info ][gc,phases   ] GC(68)   Merge Heap Roots: 0.1ms
[2026-02-05T19:56:25.908+0000][54.426s][info ][gc,phases   ] GC(68)   Evacuate Collection Set: 11.2ms
[2026-02-05T19:56:25.908+0000][54.426s][info ][gc,phases   ] GC(68)   Post Evacuate Collection Set: 2.7ms
[2026-02-05T19:56:25.908+0000][54.427s][info ][gc,phases   ] GC(68)   Other: 0.8ms
[2026-02-05T19:56:25.908+0000][54.427s][info ][gc,heap     ] GC(68) Eden regions: 67->0(69)
[2026-02-05T19:56:25.909+0000][54.427s][info ][gc,heap     ] GC(68) Survivor regions: 6->8(10)
[2026-02-05T19:56:25.909+0000][54.427s][info ][gc,heap     ] GC(68) Old regions: 82->82
[2026-02-05T19:56:25.909+0000][54.427s][info ][gc,heap     ] GC(68) Archive regions: 2->2
[2026-02-05T19:56:25.909+0000][54.427s][info ][gc,heap     ] GC(68) Humongous regions: 6->0
[2026-02-05T19:56:25.909+0000][54.428s][info ][gc,metaspace] GC(68) Metaspace: 182912K(184896K)->182912K(184896K) NonClass: 160230K(161280K)->160230K(161280K) Class: 22682K(23616K)->22682K(23616K)
[2026-02-05T19:56:25.910+0000][54.428s][info ][gc          ] GC(68) Pause Young (Normal) (G1 Evacuation Pause) 322M->180M(376M) 17.788ms
[2026-02-05T19:56:25.910+0000][54.428s][info ][gc,cpu      ] GC(68) User=0.13s Sys=0.01s Real=0.01s
[2026-02-05T19:56:25.911+0000][54.430s][info ][safepoint   ] Safepoint "G1CollectForAllocation", Time since last: 94718857 ns, Reaching safepoint: 817134 ns, Cleanup: 87004 ns, At safepoint: 19693222 ns, Total: 20597360 ns
[2026-02-05T19:56:26.547+0000][55.065s][debug][safepoint   ] Safepoint synchronization initiated using futex wait barrier. (397 threads)
[2026-02-05T19:56:26.548+0000][55.066s][info ][safepoint   ] Safepoint "ICBufferFull", Time since last: 635372944 ns, Reaching safepoint: 685229 ns, Cleanup: 350314 ns, At safepoint: 97304 ns, Total: 1132847 ns
[2026-02-05T19:56:27.327+0000][55.846s][debug][safepoint   ] Safepoint synchronization initiated using futex wait barrier. (397 threads)
[2026-02-05T19:56:27.328+0000][55.847s][debug][safepoint   ] ... found polling page loop exception at pc = 0x000077500939fa1c, stub =0x0000775008b10400
[2026-02-05T19:56:27.328+0000][55.847s][debug][safepoint   ] ... found polling page loop exception at pc = 0x000077500918c80d, stub =0x0000775008b10400
[2026-02-05T19:56:27.330+0000][55.848s][info ][safepoint   ] Safepoint "ICBufferFull", Time since last: 779363359 ns, Reaching safepoint: 1918180 ns, Cleanup: 252111 ns, At safepoint: 237210 ns, Total: 2407501 ns
[2026-02-05T19:56:27.342+0000][55.860s][debug][safepoint   ] Safepoint synchronization initiated using futex wait barrier. (397 threads)
[2026-02-05T19:56:27.344+0000][55.863s][info ][gc,start    ] GC(69) Pause Young (Normal) (G1 Evacuation Pause)
[2026-02-05T19:56:27.345+0000][55.863s][info ][gc,task     ] GC(69) Using 10 workers of 10 for evacuation
[2026-02-05T19:56:27.369+0000][55.888s][info ][gc,phases   ] GC(69)   Pre Evacuate Collection Set: 0.5ms
[2026-02-05T19:56:27.370+0000][55.888s][info ][gc,phases   ] GC(69)   Merge Heap Roots: 0.4ms
[2026-02-05T19:56:27.370+0000][55.888s][info ][gc,phases   ] GC(69)   Evacuate Collection Set: 20.1ms
[2026-02-05T19:56:27.370+0000][55.888s][info ][gc,phases   ] GC(69)   Post Evacuate Collection Set: 3.1ms
[2026-02-05T19:56:27.370+0000][55.888s][info ][gc,phases   ] GC(69)   Other: 1.1ms
[2026-02-05T19:56:27.370+0000][55.889s][info ][gc,heap     ] GC(69) Eden regions: 69->0(67)
[2026-02-05T19:56:27.371+0000][55.889s][info ][gc,heap     ] GC(69) Survivor regions: 8->7(10)
[2026-02-05T19:56:27.371+0000][55.889s][info ][gc,heap     ] GC(69) Old regions: 82->86
[2026-02-05T19:56:27.371+0000][55.889s][info ][gc,heap     ] GC(69) Archive regions: 2->2
[2026-02-05T19:56:27.371+0000][55.889s][info ][gc,heap     ] GC(69) Humongous regions: 0->0
[2026-02-05T19:56:27.371+0000][55.890s][info ][gc,metaspace] GC(69) Metaspace: 185164K(187584K)->185164K(187584K) NonClass: 162258K(163520K)->162258K(163520K) Class: 22906K(24064K)->22906K(24064K)
[2026-02-05T19:56:27.371+0000][55.890s][info ][gc          ] GC(69) Pause Young (Normal) (G1 Evacuation Pause) 318M->186M(376M) 27.203ms
[2026-02-05T19:56:27.372+0000][55.890s][info ][gc,cpu      ] GC(69) User=0.20s Sys=0.01s Real=0.03s
[2026-02-05T19:56:27.375+0000][55.893s][info ][safepoint   ] Safepoint "G1CollectForAllocation", Time since last: 12265712 ns, Reaching safepoint: 2209492 ns, Cleanup: 15101 ns, At safepoint: 30512675 ns, Total: 32737268 ns
[2026-02-05T19:56:27.758+0000][56.276s][debug][safepoint   ] ... found polling page loop exception at pc = 0x0000775009ee564a, stub =0x0000775008b10400
[2026-02-05T19:56:27.870+0000][56.388s][debug][safepoint   ] Safepoint synchronization initiated using futex wait barrier. (398 threads)
[2026-02-05T19:56:27.871+0000][56.389s][debug][safepoint   ] ... found polling page loop exception at pc = 0x00007750099a24c6, stub =0x0000775008b10400
[2026-02-05T19:56:27.871+0000][56.389s][info ][safepoint   ] Safepoint "ICBufferFull", Time since last: 495509400 ns, Reaching safepoint: 655628 ns, Cleanup: 157306 ns, At safepoint: 141606 ns, Total: 954540 ns
[2026-02-05T19:56:28.854+0000][57.372s][debug][safepoint   ] Safepoint synchronization initiated using futex wait barrier. (399 threads)
[2026-02-05T19:56:28.855+0000][57.373s][debug][safepoint   ] ... found polling page loop exception at pc = 0x00007750099a24c6, stub =0x0000775008b10400
[2026-02-05T19:56:28.857+0000][57.376s][info ][safepoint   ] Safepoint "ICBufferFull", Time since last: 982921263 ns, Reaching safepoint: 2818518 ns, Cleanup: 250410 ns, At safepoint: 106705 ns, Total: 3175633 ns
[2026-02-05T19:56:28.860+0000][57.378s][debug][safepoint   ] ... found polling page loop exception at pc = 0x00007750099a24c6, stub =0x0000775008b10400
[2026-02-05T19:56:28.881+0000][57.399s][debug][safepoint   ] Safepoint synchronization initiated using futex wait barrier. (399 threads)
[2026-02-05T19:56:28.887+0000][57.405s][debug][safepoint   ] ... found polling page loop exception at pc = 0x00007750099a24c6, stub =0x0000775008b10400
[2026-02-05T19:56:28.891+0000][57.409s][info ][safepoint   ] Safepoint "ICBufferFull", Time since last: 23936500 ns, Reaching safepoint: 9441494 ns, Cleanup: 145806 ns, At safepoint: 411117 ns, Total: 9998417 ns
[2026-02-05T19:56:28.893+0000][57.411s][debug][safepoint   ] Safepoint synchronization initiated using futex wait barrier. (399 threads)
[2026-02-05T19:56:28.893+0000][57.412s][debug][safepoint   ] ... found polling page loop exception at pc = 0x00007750099a24c6, stub =0x0000775008b10400
[2026-02-05T19:56:28.894+0000][57.412s][info ][safepoint   ] Safepoint "ICBufferFull", Time since last: 1842677 ns, Reaching safepoint: 720430 ns, Cleanup: 14901 ns, At safepoint: 169007 ns, Total: 904338 ns
[2026-02-05T19:56:28.902+0000][57.420s][debug][safepoint   ] ... found polling page loop exception at pc = 0x00007750099a24c6, stub =0x0000775008b10400
[2026-02-05T19:56:28.904+0000][57.422s][debug][safepoint   ] Safepoint synchronization initiated using futex wait barrier. (399 threads)
[2026-02-05T19:56:28.904+0000][57.423s][info ][safepoint   ] Safepoint "ICBufferFull", Time since last: 9703405 ns, Reaching safepoint: 552824 ns, Cleanup: 17100 ns, At safepoint: 304313 ns, Total: 874237 ns
[2026-02-05T19:56:28.906+0000][57.425s][debug][safepoint   ] Safepoint synchronization initiated using futex wait barrier. (399 threads)
[2026-02-05T19:56:28.907+0000][57.425s][info ][safepoint   ] Safepoint "ICBufferFull", Time since last: 1926080 ns, Reaching safepoint: 333114 ns, Cleanup: 13601 ns, At safepoint: 86104 ns, Total: 432819 ns
[2026-02-05T19:56:28.907+0000][57.426s][debug][safepoint   ] Safepoint synchronization initiated using futex wait barrier. (399 threads)
[2026-02-05T19:56:28.908+0000][57.426s][info ][gc,start    ] GC(70) Pause Young (Normal) (G1 Evacuation Pause)
[2026-02-05T19:56:28.908+0000][57.427s][info ][gc,task     ] GC(70) Using 10 workers of 10 for evacuation
[2026-02-05T19:56:28.922+0000][57.440s][info ][gc,phases   ] GC(70)   Pre Evacuate Collection Set: 0.4ms
[2026-02-05T19:56:28.922+0000][57.440s][info ][gc,phases   ] GC(70)   Merge Heap Roots: 0.2ms
[2026-02-05T19:56:28.922+0000][57.441s][info ][gc,phases   ] GC(70)   Evacuate Collection Set: 9.1ms
[2026-02-05T19:56:28.923+0000][57.441s][info ][gc,phases   ] GC(70)   Post Evacuate Collection Set: 2.9ms
[2026-02-05T19:56:28.923+0000][57.441s][info ][gc,phases   ] GC(70)   Other: 1.0ms
[2026-02-05T19:56:28.923+0000][57.441s][info ][gc,heap     ] GC(70) Eden regions: 67->0(97)
[2026-02-05T19:56:28.923+0000][57.442s][info ][gc,heap     ] GC(70) Survivor regions: 7->5(10)
[2026-02-05T19:56:28.923+0000][57.442s][info ][gc,heap     ] GC(70) Old regions: 86->90
[2026-02-05T19:56:28.924+0000][57.442s][info ][gc,heap     ] GC(70) Archive regions: 2->2
[2026-02-05T19:56:28.924+0000][57.442s][info ][gc,heap     ] GC(70) Humongous regions: 0->0
[2026-02-05T19:56:28.924+0000][57.442s][info ][gc,metaspace] GC(70) Metaspace: 186353K(188800K)->186353K(188800K) NonClass: 163343K(164608K)->163343K(164608K) Class: 23010K(24192K)->23010K(24192K)
[2026-02-05T19:56:28.924+0000][57.442s][info ][gc          ] GC(70) Pause Young (Normal) (G1 Evacuation Pause) 320M->189M(452M) 16.140ms
[2026-02-05T19:56:28.924+0000][57.443s][info ][gc,cpu      ] GC(70) User=0.10s Sys=0.00s Real=0.02s
[2026-02-05T19:56:28.931+0000][57.450s][info ][safepoint   ] Safepoint "G1CollectForAllocation", Time since last: 632426 ns, Reaching safepoint: 441718 ns, Cleanup: 7901 ns, At safepoint: 23382777 ns, Total: 23832396 ns
[2026-02-05T19:56:28.933+0000][57.451s][debug][safepoint   ] Safepoint synchronization initiated using futex wait barrier. (399 threads)
[2026-02-05T19:56:28.935+0000][57.453s][info ][safepoint   ] Safepoint "ICBufferFull", Time since last: 1326355 ns, Reaching safepoint: 1816576 ns, Cleanup: 70503 ns, At safepoint: 184208 ns, Total: 2071287 ns
[2026-02-05T19:56:28.941+0000][57.459s][debug][safepoint   ] Safepoint synchronization initiated using futex wait barrier. (399 threads)
[2026-02-05T19:56:28.942+0000][57.460s][info ][safepoint   ] Safepoint "ICBufferFull", Time since last: 6062353 ns, Reaching safepoint: 656027 ns, Cleanup: 29401 ns, At safepoint: 190408 ns, Total: 875836 ns
[2026-02-05T19:56:28.953+0000][57.472s][debug][safepoint   ] Safepoint synchronization initiated using futex wait barrier. (399 threads)
[2026-02-05T19:56:28.958+0000][57.476s][debug][safepoint   ] ... found polling page loop exception at pc = 0x0000775009943f03, stub =0x0000775008b10400
[2026-02-05T19:56:28.959+0000][57.477s][info ][safepoint   ] Safepoint "ICBufferFull", Time since last: 11787793 ns, Reaching safepoint: 4923305 ns, Cleanup: 59503 ns, At safepoint: 295812 ns, Total: 5278620 ns
[2026-02-05T19:56:29.388+0000][57.907s][debug][safepoint   ] Safepoint synchronization initiated using futex wait barrier. (400 threads)
[2026-02-05T19:56:29.391+0000][57.909s][info ][safepoint   ] Safepoint "ICBufferFull", Time since last: 429745754 ns, Reaching safepoint: 1861977 ns, Cleanup: 152707 ns, At safepoint: 95104 ns, Total: 2109788 ns
[2026-02-05T19:56:30.391+0000][58.910s][debug][safepoint   ] Safepoint synchronization initiated using futex wait barrier. (404 threads)
[2026-02-05T19:56:30.403+0000][58.922s][info ][safepoint   ] Safepoint "Cleanup", Time since last: 1000910814 ns, Reaching safepoint: 11358675 ns, Cleanup: 211408 ns, At safepoint: 239110 ns, Total: 11809193 ns
[2026-02-05T19:56:30.443+0000][58.961s][debug][safepoint   ] Safepoint synchronization initiated using futex wait barrier. (404 threads)
[2026-02-05T19:56:30.446+0000][58.964s][info ][gc,start    ] GC(71) Pause Young (Concurrent Start) (Metadata GC Threshold)
[2026-02-05T19:56:30.447+0000][58.965s][info ][gc,task     ] GC(71) Using 10 workers of 10 for evacuation
[2026-02-05T19:56:30.465+0000][58.983s][info ][gc,phases   ] GC(71)   Pre Evacuate Collection Set: 0.8ms
[2026-02-05T19:56:30.465+0000][58.984s][info ][gc,phases   ] GC(71)   Merge Heap Roots: 0.3ms
[2026-02-05T19:56:30.466+0000][58.984s][info ][gc,phases   ] GC(71)   Evacuate Collection Set: 11.8ms
[2026-02-05T19:56:30.466+0000][58.984s][info ][gc,phases   ] GC(71)   Post Evacuate Collection Set: 4.2ms
[2026-02-05T19:56:30.467+0000][58.985s][info ][gc,phases   ] GC(71)   Other: 1.7ms
[2026-02-05T19:56:30.467+0000][58.985s][info ][gc,heap     ] GC(71) Eden regions: 92->0(95)
[2026-02-05T19:56:30.467+0000][58.986s][info ][gc,heap     ] GC(71) Survivor regions: 5->7(13)
[2026-02-05T19:56:30.468+0000][58.986s][info ][gc,heap     ] GC(71) Old regions: 90->90
[2026-02-05T19:56:30.468+0000][58.986s][info ][gc,heap     ] GC(71) Archive regions: 2->2
[2026-02-05T19:56:30.468+0000][58.987s][info ][gc,heap     ] GC(71) Humongous regions: 0->0
[2026-02-05T19:56:30.468+0000][58.987s][info ][gc,metaspace] GC(71) Metaspace: 187572K(190016K)->187572K(190016K) NonClass: 164441K(165696K)->164441K(165696K) Class: 23130K(24320K)->23130K(24320K)
[2026-02-05T19:56:30.469+0000][58.988s][info ][gc          ] GC(71) Pause Young (Concurrent Start) (Metadata GC Threshold) 372M->194M(452M) 23.353ms
[2026-02-05T19:56:30.470+0000][58.989s][info ][gc,cpu      ] GC(71) User=0.14s Sys=0.01s Real=0.02s
[2026-02-05T19:56:30.471+0000][58.989s][info ][gc          ] GC(72) Concurrent Mark Cycle
[2026-02-05T19:56:30.472+0000][58.990s][info ][gc,marking  ] GC(72) Concurrent Clear Claimed Marks
[2026-02-05T19:56:30.473+0000][58.991s][info ][safepoint   ] Safepoint "CollectForMetadataAllocation", Time since last: 39638456 ns, Reaching safepoint: 2901421 ns, Cleanup: 43902 ns, At safepoint: 26981127 ns, Total: 29926450 ns
[2026-02-05T19:56:30.474+0000][58.993s][info ][gc,marking  ] GC(72) Concurrent Clear Claimed Marks 2.890ms
[2026-02-05T19:56:30.482+0000][59.000s][info ][gc,marking  ] GC(72) Concurrent Scan Root Regions
[2026-02-05T19:56:30.499+0000][59.017s][info ][gc,marking  ] GC(72) Concurrent Scan Root Regions 17.321ms
[2026-02-05T19:56:30.500+0000][59.018s][info ][gc,marking  ] GC(72) Concurrent Mark
[2026-02-05T19:56:30.500+0000][59.019s][info ][gc,marking  ] GC(72) Concurrent Mark From Roots
[2026-02-05T19:56:30.501+0000][59.019s][info ][gc,task     ] GC(72) Using 3 workers of 3 for marking
[2026-02-05T19:56:30.651+0000][59.170s][debug][safepoint   ] Safepoint synchronization initiated using futex wait barrier. (405 threads)
[2026-02-05T19:56:30.653+0000][59.171s][info ][safepoint   ] Safepoint "CollectForMetadataAllocation", Time since last: 177080298 ns, Reaching safepoint: 2622310 ns, Cleanup: 49102 ns, At safepoint: 446719 ns, Total: 3118131 ns
[2026-02-05T19:56:30.739+0000][59.257s][info ][gc,marking  ] GC(72) Concurrent Mark From Roots 238.542ms
[2026-02-05T19:56:30.739+0000][59.258s][info ][gc,marking  ] GC(72) Concurrent Preclean
[2026-02-05T19:56:30.740+0000][59.258s][info ][gc,marking  ] GC(72) Concurrent Preclean 0.835ms
[2026-02-05T19:56:30.740+0000][59.259s][debug][safepoint   ] Safepoint synchronization initiated using futex wait barrier. (405 threads)
[2026-02-05T19:56:30.741+0000][59.259s][info ][gc,start    ] GC(72) Pause Remark
[2026-02-05T19:56:30.779+0000][59.297s][info ][gc          ] GC(72) Pause Remark 205M->205M(452M) 37.468ms
[2026-02-05T19:56:30.779+0000][59.297s][info ][gc,cpu      ] GC(72) User=0.22s Sys=0.02s Real=0.04s
[2026-02-05T19:56:30.783+0000][59.301s][info ][safepoint   ] Safepoint "G1PauseRemark", Time since last: 87417251 ns, Reaching safepoint: 502021 ns, Cleanup: 5601 ns, At safepoint: 41797046 ns, Total: 42304668 ns
[2026-02-05T19:56:30.784+0000][59.303s][info ][gc,marking  ] GC(72) Concurrent Mark 284.322ms
[2026-02-05T19:56:30.787+0000][59.306s][info ][gc,marking  ] GC(72) Concurrent Rebuild Remembered Sets
[2026-02-05T19:56:30.932+0000][59.450s][info ][gc,marking  ] GC(72) Concurrent Rebuild Remembered Sets 144.254ms
[2026-02-05T19:56:30.943+0000][59.461s][debug][safepoint   ] Safepoint synchronization initiated using futex wait barrier. (405 threads)
[2026-02-05T19:56:30.948+0000][59.467s][info ][gc,start    ] GC(72) Pause Cleanup
[2026-02-05T19:56:30.950+0000][59.468s][info ][gc          ] GC(72) Pause Cleanup 210M->210M(452M) 1.310ms
[2026-02-05T19:56:30.950+0000][59.468s][info ][gc,cpu      ] GC(72) User=0.00s Sys=0.00s Real=0.00s
[2026-02-05T19:56:30.951+0000][59.469s][info ][safepoint   ] Safepoint "G1PauseCleanup", Time since last: 160070387 ns, Reaching safepoint: 5333523 ns, Cleanup: 44602 ns, At safepoint: 2650610 ns, Total: 8028735 ns
[2026-02-05T19:56:30.957+0000][59.476s][info ][gc,marking  ] GC(72) Concurrent Cleanup for Next Mark
[2026-02-05T19:56:30.962+0000][59.480s][info ][gc,marking  ] GC(72) Concurrent Cleanup for Next Mark 4.861ms
[2026-02-05T19:56:30.963+0000][59.481s][info ][gc          ] GC(72) Concurrent Mark Cycle 492.019ms
[2026-02-05T19:56:32.266+0000][60.785s][debug][safepoint   ] Safepoint synchronization initiated using futex wait barrier. (407 threads)
[2026-02-05T19:56:32.267+0000][60.785s][info ][gc,start    ] GC(73) Pause Young (Prepare Mixed) (G1 Evacuation Pause)
[2026-02-05T19:56:32.267+0000][60.785s][info ][gc,task     ] GC(73) Using 10 workers of 10 for evacuation
[2026-02-05T19:56:32.279+0000][60.797s][info ][gc,phases   ] GC(73)   Pre Evacuate Collection Set: 0.4ms
[2026-02-05T19:56:32.279+0000][60.798s][info ][gc,phases   ] GC(73)   Merge Heap Roots: 0.2ms
[2026-02-05T19:56:32.279+0000][60.798s][info ][gc,phases   ] GC(73)   Evacuate Collection Set: 8.9ms
[2026-02-05T19:56:32.280+0000][60.798s][info ][gc,phases   ] GC(73)   Post Evacuate Collection Set: 1.7ms
[2026-02-05T19:56:32.280+0000][60.798s][info ][gc,phases   ] GC(73)   Other: 0.8ms
[2026-02-05T19:56:32.280+0000][60.799s][info ][gc,heap     ] GC(73) Eden regions: 95->0(2)
[2026-02-05T19:56:32.281+0000][60.799s][info ][gc,heap     ] GC(73) Survivor regions: 7->9(13)
[2026-02-05T19:56:32.281+0000][60.799s][info ][gc,heap     ] GC(73) Old regions: 90->90
[2026-02-05T19:56:32.281+0000][60.799s][info ][gc,heap     ] GC(73) Archive regions: 2->2
[2026-02-05T19:56:32.281+0000][60.799s][info ][gc,heap     ] GC(73) Humongous regions: 0->0
[2026-02-05T19:56:32.281+0000][60.800s][info ][gc,metaspace] GC(73) Metaspace: 190783K(193216K)->190783K(193216K) NonClass: 167162K(168448K)->167162K(168448K) Class: 23620K(24768K)->23620K(24768K)
[2026-02-05T19:56:32.282+0000][60.800s][info ][gc          ] GC(73) Pause Young (Prepare Mixed) (G1 Evacuation Pause) 384M->198M(452M) 14.651ms
[2026-02-05T19:56:32.282+0000][60.800s][info ][gc,cpu      ] GC(73) User=0.11s Sys=0.00s Real=0.01s
[2026-02-05T19:56:32.283+0000][60.801s][info ][safepoint   ] Safepoint "G1CollectForAllocation", Time since last: 1315315849 ns, Reaching safepoint: 499121 ns, Cleanup: 167707 ns, At safepoint: 16064271 ns, Total: 16731099 ns
[2026-02-05T19:56:32.298+0000][60.816s][debug][safepoint   ] Safepoint synchronization initiated using futex wait barrier. (407 threads)
[2026-02-05T19:56:32.298+0000][60.816s][info ][gc,start    ] GC(74) Pause Young (Mixed) (G1 Evacuation Pause)
[2026-02-05T19:56:32.299+0000][60.817s][info ][gc,task     ] GC(74) Using 10 workers of 10 for evacuation
[2026-02-05T19:56:32.316+0000][60.834s][info ][gc,phases   ] GC(74)   Pre Evacuate Collection Set: 0.4ms
[2026-02-05T19:56:32.316+0000][60.834s][info ][gc,phases   ] GC(74)   Merge Heap Roots: 0.3ms
[2026-02-05T19:56:32.316+0000][60.834s][info ][gc,phases   ] GC(74)   Evacuate Collection Set: 14.3ms
[2026-02-05T19:56:32.316+0000][60.834s][info ][gc,phases   ] GC(74)   Post Evacuate Collection Set: 1.6ms
[2026-02-05T19:56:32.316+0000][60.835s][info ][gc,phases   ] GC(74)   Other: 0.8ms
[2026-02-05T19:56:32.317+0000][60.835s][info ][gc,heap     ] GC(74) Eden regions: 2->0(102)
[2026-02-05T19:56:32.317+0000][60.835s][info ][gc,heap     ] GC(74) Survivor regions: 9->2(2)
[2026-02-05T19:56:32.317+0000][60.835s][info ][gc,heap     ] GC(74) Old regions: 90->88
[2026-02-05T19:56:32.317+0000][60.835s][info ][gc,heap     ] GC(74) Archive regions: 2->2
[2026-02-05T19:56:32.317+0000][60.835s][info ][gc,heap     ] GC(74) Humongous regions: 0->0
[2026-02-05T19:56:32.317+0000][60.836s][info ][gc,metaspace] GC(74) Metaspace: 190787K(193216K)->190787K(193216K) NonClass: 167166K(168448K)->167166K(168448K) Class: 23620K(24768K)->23620K(24768K)
[2026-02-05T19:56:32.318+0000][60.836s][info ][gc          ] GC(74) Pause Young (Mixed) (G1 Evacuation Pause) 202M->179M(452M) 19.365ms
[2026-02-05T19:56:32.318+0000][60.836s][info ][gc,cpu      ] GC(74) User=0.17s Sys=0.01s Real=0.02s
[2026-02-05T19:56:32.324+0000][60.842s][info ][safepoint   ] Safepoint "G1CollectForAllocation", Time since last: 14868722 ns, Reaching safepoint: 334113 ns, Cleanup: 11301 ns, At safepoint: 26033488 ns, Total: 26378902 ns
[2026-02-05T19:56:33.325+0000][61.844s][debug][safepoint   ] Safepoint synchronization initiated using futex wait barrier. (407 threads)
[2026-02-05T19:56:33.326+0000][61.844s][info ][safepoint   ] Safepoint "Cleanup", Time since last: 1001165742 ns, Reaching safepoint: 406618 ns, Cleanup: 122006 ns, At safepoint: 82603 ns, Total: 611227 ns
[2026-02-05T19:56:34.907+0000][63.425s][debug][safepoint   ] Safepoint synchronization initiated using futex wait barrier. (405 threads)
[2026-02-05T19:56:34.907+0000][63.426s][info ][safepoint   ] Safepoint "Cleanup", Time since last: 1581133598 ns, Reaching safepoint: 291313 ns, Cleanup: 86404 ns, At safepoint: 9901 ns, Total: 387618 ns
[2026-02-05T19:56:35.908+0000][64.426s][debug][safepoint   ] Safepoint synchronization initiated using futex wait barrier. (409 threads)
[2026-02-05T19:56:35.908+0000][64.426s][info ][safepoint   ] Safepoint "Cleanup", Time since last: 1000287630 ns, Reaching safepoint: 290913 ns, Cleanup: 108505 ns, At safepoint: 16400 ns, Total: 415818 ns
[2026-02-05T19:56:36.908+0000][65.427s][debug][safepoint   ] Safepoint synchronization initiated using futex wait barrier. (409 threads)
[2026-02-05T19:56:36.909+0000][65.427s][info ][safepoint   ] Safepoint "Cleanup", Time since last: 1000281731 ns, Reaching safepoint: 597526 ns, Cleanup: 69203 ns, At safepoint: 19601 ns, Total: 686330 ns
[2026-02-05T19:56:38.772+0000][67.290s][debug][safepoint   ] Safepoint synchronization initiated using futex wait barrier. (408 threads)
[2026-02-05T19:56:38.773+0000][67.291s][info ][safepoint   ] Safepoint "Cleanup", Time since last: 1863065108 ns, Reaching safepoint: 242511 ns, Cleanup: 79304 ns, At safepoint: 39001 ns, Total: 360816 ns
[2026-02-05T19:56:39.773+0000][68.291s][debug][safepoint   ] Safepoint synchronization initiated using futex wait barrier. (408 threads)
[2026-02-05T19:56:39.773+0000][68.291s][info ][safepoint   ] Safepoint "Cleanup", Time since last: 1000242629 ns, Reaching safepoint: 325214 ns, Cleanup: 43002 ns, At safepoint: 13601 ns, Total: 381817 ns
[2026-02-05T19:56:40.773+0000][69.292s][debug][safepoint   ] Safepoint synchronization initiated using futex wait barrier. (407 threads)
[2026-02-05T19:56:40.774+0000][69.292s][info ][safepoint   ] Safepoint "Cleanup", Time since last: 1000310831 ns, Reaching safepoint: 451320 ns, Cleanup: 29201 ns, At safepoint: 53003 ns, Total: 533524 ns
[2026-02-05T19:56:41.774+0000][70.293s][debug][safepoint   ] Safepoint synchronization initiated using futex wait barrier. (407 threads)
[2026-02-05T19:56:41.775+0000][70.293s][info ][safepoint   ] Safepoint "Cleanup", Time since last: 1000355998 ns, Reaching safepoint: 420318 ns, Cleanup: 78304 ns, At safepoint: 29701 ns, Total: 528323 ns
[2026-02-05T19:56:42.775+0000][71.294s][debug][safepoint   ] Safepoint synchronization initiated using futex wait barrier. (407 threads)
[2026-02-05T19:56:42.776+0000][71.294s][info ][safepoint   ] Safepoint "Cleanup", Time since last: 1000581988 ns, Reaching safepoint: 326814 ns, Cleanup: 19500 ns, At safepoint: 24201 ns, Total: 370515 ns
[2026-02-05T19:56:43.776+0000][72.294s][debug][safepoint   ] Safepoint synchronization initiated using futex wait barrier. (406 threads)
[2026-02-05T19:56:43.776+0000][72.295s][info ][safepoint   ] Safepoint "Cleanup", Time since last: 1000270875 ns, Reaching safepoint: 246010 ns, Cleanup: 30902 ns, At safepoint: 5000 ns, Total: 281912 ns
[2026-02-05T19:56:44.777+0000][73.295s][debug][safepoint   ] Safepoint synchronization initiated using futex wait barrier. (406 threads)
[2026-02-05T19:56:44.777+0000][73.296s][info ][safepoint   ] Safepoint "Cleanup", Time since last: 1000482983 ns, Reaching safepoint: 524923 ns, Cleanup: 23601 ns, At safepoint: 51802 ns, Total: 600326 ns
[2026-02-05T19:56:46.495+0000][75.013s][debug][safepoint   ] Safepoint synchronization initiated using futex wait barrier. (407 threads)
[2026-02-05T19:56:46.496+0000][75.014s][info ][safepoint   ] Safepoint "Cleanup", Time since last: 1717514903 ns, Reaching safepoint: 391916 ns, Cleanup: 70003 ns, At safepoint: 66003 ns, Total: 527922 ns
[2026-02-05T19:56:47.495+0000][76.014s][debug][safepoint   ] Safepoint synchronization initiated using futex wait barrier. (406 threads)
[2026-02-05T19:56:47.495+0000][76.015s][info ][safepoint   ] Safepoint "Cleanup", Time since last: 1000331677 ns, Reaching safepoint: 388917 ns, Cleanup: 19900 ns, At safepoint: 6201 ns, Total: 415018 ns
[2026-02-05T19:56:48.495+0000][77.015s][debug][safepoint   ] Safepoint synchronization initiated using futex wait barrier. (406 threads)
[2026-02-05T19:56:48.496+0000][77.015s][info ][safepoint   ] Safepoint "Cleanup", Time since last: 1000270474 ns, Reaching safepoint: 287312 ns, Cleanup: 20401 ns, At safepoint: 6000 ns, Total: 313713 ns
[2026-02-05T19:56:49.496+0000][78.015s][debug][safepoint   ] Safepoint synchronization initiated using futex wait barrier. (406 threads)
[2026-02-05T19:56:49.496+0000][78.016s][info ][safepoint   ] Safepoint "Cleanup", Time since last: 1000345084 ns, Reaching safepoint: 382716 ns, Cleanup: 15900 ns, At safepoint: 27601 ns, Total: 426217 ns
[2026-02-05T19:56:50.497+0000][79.016s][debug][safepoint   ] Safepoint synchronization initiated using futex wait barrier. (406 threads)
[2026-02-05T19:56:50.497+0000][79.017s][info ][safepoint   ] Safepoint "Cleanup", Time since last: 1000488702 ns, Reaching safepoint: 335714 ns, Cleanup: 21100 ns, At safepoint: 8201 ns, Total: 365015 ns
[2026-02-05T19:56:51.498+0000][80.017s][debug][safepoint   ] Safepoint synchronization initiated using futex wait barrier. (406 threads)
[2026-02-05T19:56:51.498+0000][80.017s][info ][safepoint   ] Safepoint "Cleanup", Time since last: 1000340495 ns, Reaching safepoint: 350114 ns, Cleanup: 20601 ns, At safepoint: 7701 ns, Total: 378416 ns
[2026-02-05T19:56:52.270+0000][80.790s][debug][safepoint   ] Safepoint synchronization initiated using futex wait barrier. (406 threads)
[2026-02-05T19:56:52.271+0000][80.791s][info ][gc,start    ] GC(75) Pause Young (Concurrent Start) (G1 Evacuation Pause)
[2026-02-05T19:56:52.271+0000][80.791s][info ][gc,task     ] GC(75) Using 10 workers of 10 for evacuation
[2026-02-05T19:56:52.277+0000][80.797s][info ][gc,phases   ] GC(75)   Pre Evacuate Collection Set: 0.7ms
[2026-02-05T19:56:52.277+0000][80.797s][info ][gc,phases   ] GC(75)   Merge Heap Roots: 0.2ms
[2026-02-05T19:56:52.277+0000][80.797s][info ][gc,phases   ] GC(75)   Evacuate Collection Set: 2.8ms
[2026-02-05T19:56:52.278+0000][80.797s][info ][gc,phases   ] GC(75)   Post Evacuate Collection Set: 1.6ms
[2026-02-05T19:56:52.278+0000][80.797s][info ][gc,phases   ] GC(75)   Other: 0.7ms
[2026-02-05T19:56:52.278+0000][80.797s][info ][gc,heap     ] GC(75) Eden regions: 102->0(103)
[2026-02-05T19:56:52.278+0000][80.798s][info ][gc,heap     ] GC(75) Survivor regions: 2->2(13)
[2026-02-05T19:56:52.278+0000][80.798s][info ][gc,heap     ] GC(75) Old regions: 88->88
[2026-02-05T19:56:52.278+0000][80.798s][info ][gc,heap     ] GC(75) Archive regions: 2->2
[2026-02-05T19:56:52.279+0000][80.798s][info ][gc,heap     ] GC(75) Humongous regions: 0->0
[2026-02-05T19:56:52.279+0000][80.798s][info ][gc,metaspace] GC(75) Metaspace: 193177K(195712K)->193177K(195712K) NonClass: 169369K(170688K)->169369K(170688K) Class: 23808K(25024K)->23808K(25024K)
[2026-02-05T19:56:52.279+0000][80.799s][info ][gc          ] GC(75) Pause Young (Concurrent Start) (G1 Evacuation Pause) 383M->180M(452M) 7.943ms
[2026-02-05T19:56:52.279+0000][80.799s][info ][gc,cpu      ] GC(75) User=0.03s Sys=0.00s Real=0.00s
[2026-02-05T19:56:52.280+0000][80.799s][info ][gc          ] GC(76) Concurrent Mark Cycle
[2026-02-05T19:56:52.280+0000][80.799s][info ][safepoint   ] Safepoint "G1CollectForAllocation", Time since last: 772446396 ns, Reaching safepoint: 539722 ns, Cleanup: 19401 ns, At safepoint: 8788166 ns, Total: 9347289 ns
[2026-02-05T19:56:52.280+0000][80.799s][info ][gc,marking  ] GC(76) Concurrent Clear Claimed Marks
[2026-02-05T19:56:52.281+0000][80.800s][info ][gc,marking  ] GC(76) Concurrent Clear Claimed Marks 1.072ms
[2026-02-05T19:56:52.281+0000][80.801s][info ][gc,marking  ] GC(76) Concurrent Scan Root Regions
[2026-02-05T19:56:52.286+0000][80.806s][info ][gc,marking  ] GC(76) Concurrent Scan Root Regions 4.956ms
[2026-02-05T19:56:52.286+0000][80.806s][info ][gc,marking  ] GC(76) Concurrent Mark
[2026-02-05T19:56:52.286+0000][80.806s][info ][gc,marking  ] GC(76) Concurrent Mark From Roots
[2026-02-05T19:56:52.287+0000][80.806s][info ][gc,task     ] GC(76) Using 3 workers of 3 for marking
[2026-02-05T19:56:52.382+0000][80.901s][info ][gc,marking  ] GC(76) Concurrent Mark From Roots 95.334ms
[2026-02-05T19:56:52.382+0000][80.902s][info ][gc,marking  ] GC(76) Concurrent Preclean
[2026-02-05T19:56:52.383+0000][80.903s][info ][gc,marking  ] GC(76) Concurrent Preclean 0.865ms
[2026-02-05T19:56:52.384+0000][80.903s][debug][safepoint   ] Safepoint synchronization initiated using futex wait barrier. (406 threads)
[2026-02-05T19:56:52.384+0000][80.903s][info ][gc,start    ] GC(76) Pause Remark
[2026-02-05T19:56:52.391+0000][80.910s][info ][gc          ] GC(76) Pause Remark 181M->181M(452M) 6.877ms
[2026-02-05T19:56:52.391+0000][80.911s][info ][gc,cpu      ] GC(76) User=0.04s Sys=0.00s Real=0.01s
[2026-02-05T19:56:52.392+0000][80.911s][info ][safepoint   ] Safepoint "G1PauseRemark", Time since last: 103745825 ns, Reaching safepoint: 309812 ns, Cleanup: 33702 ns, At safepoint: 7860327 ns, Total: 8203841 ns
[2026-02-05T19:56:52.392+0000][80.912s][info ][gc,marking  ] GC(76) Concurrent Mark 105.883ms
[2026-02-05T19:56:52.392+0000][80.912s][info ][gc,marking  ] GC(76) Concurrent Rebuild Remembered Sets
[2026-02-05T19:56:52.460+0000][80.979s][info ][gc,marking  ] GC(76) Concurrent Rebuild Remembered Sets 67.088ms
[2026-02-05T19:56:52.460+0000][80.979s][debug][safepoint   ] Safepoint synchronization initiated using futex wait barrier. (406 threads)
[2026-02-05T19:56:52.460+0000][80.980s][info ][gc,start    ] GC(76) Pause Cleanup
[2026-02-05T19:56:52.461+0000][80.980s][info ][gc          ] GC(76) Pause Cleanup 183M->183M(452M) 0.463ms
[2026-02-05T19:56:52.461+0000][80.981s][info ][gc,cpu      ] GC(76) User=0.00s Sys=0.00s Real=0.00s
[2026-02-05T19:56:52.461+0000][80.981s][info ][safepoint   ] Safepoint "G1PauseCleanup", Time since last: 68192743 ns, Reaching safepoint: 335314 ns, Cleanup: 14400 ns, At safepoint: 1089046 ns, Total: 1438760 ns
[2026-02-05T19:56:52.462+0000][80.981s][info ][gc,marking  ] GC(76) Concurrent Cleanup for Next Mark
[2026-02-05T19:56:52.462+0000][80.982s][info ][gc,marking  ] GC(76) Concurrent Cleanup for Next Mark 0.703ms
[2026-02-05T19:56:52.463+0000][80.982s][info ][gc          ] GC(76) Concurrent Mark Cycle 183.037ms
[2026-02-05T19:56:53.462+0000][81.981s][debug][safepoint   ] Safepoint synchronization initiated using futex wait barrier. (406 threads)
[2026-02-05T19:56:53.462+0000][81.982s][info ][safepoint   ] Safepoint "Cleanup", Time since last: 1000328294 ns, Reaching safepoint: 315913 ns, Cleanup: 25801 ns, At safepoint: 61403 ns, Total: 403117 ns
[2026-02-05T19:56:54.462+0000][82.982s][debug][safepoint   ] Safepoint synchronization initiated using futex wait barrier. (406 threads)
[2026-02-05T19:56:54.463+0000][82.982s][info ][safepoint   ] Safepoint "Cleanup", Time since last: 1000369596 ns, Reaching safepoint: 443219 ns, Cleanup: 12400 ns, At safepoint: 39102 ns, Total: 494721 ns
[2026-02-05T19:56:55.463+0000][83.983s][debug][safepoint   ] Safepoint synchronization initiated using futex wait barrier. (406 threads)
[2026-02-05T19:56:55.464+0000][83.983s][info ][safepoint   ] Safepoint "Cleanup", Time since last: 1000373996 ns, Reaching safepoint: 322514 ns, Cleanup: 28101 ns, At safepoint: 8800 ns, Total: 359415 ns
[2026-02-05T19:56:56.464+0000][84.984s][debug][safepoint   ] Safepoint synchronization initiated using futex wait barrier. (406 threads)
[2026-02-05T19:56:56.464+0000][84.984s][info ][safepoint   ] Safepoint "Cleanup", Time since last: 1000367896 ns, Reaching safepoint: 360415 ns, Cleanup: 22201 ns, At safepoint: 7601 ns, Total: 390217 ns
[2026-02-05T19:56:57.465+0000][85.984s][debug][safepoint   ] Safepoint synchronization initiated using futex wait barrier. (406 threads)
[2026-02-05T19:56:57.466+0000][85.985s][info ][safepoint   ] Safepoint "Cleanup", Time since last: 1000264689 ns, Reaching safepoint: 796634 ns, Cleanup: 17701 ns, At safepoint: 141006 ns, Total: 955341 ns
[2026-02-05T19:56:58.466+0000][86.986s][debug][safepoint   ] Safepoint synchronization initiated using futex wait barrier. (406 threads)
[2026-02-05T19:56:58.466+0000][86.986s][info ][safepoint   ] Safepoint "Cleanup", Time since last: 1000330153 ns, Reaching safepoint: 364516 ns, Cleanup: 18501 ns, At safepoint: 28301 ns, Total: 411318 ns
[2026-02-05T19:56:59.467+0000][87.986s][debug][safepoint   ] Safepoint synchronization initiated using futex wait barrier. (406 threads)
[2026-02-05T19:56:59.467+0000][87.987s][info ][safepoint   ] Safepoint "Cleanup", Time since last: 1000324553 ns, Reaching safepoint: 447619 ns, Cleanup: 40902 ns, At safepoint: 6100 ns, Total: 494621 ns
[2026-02-05T19:57:00.468+0000][88.987s][debug][safepoint   ] Safepoint synchronization initiated using futex wait barrier. (406 threads)
[2026-02-05T19:57:00.468+0000][88.988s][info ][safepoint   ] Safepoint "Cleanup", Time since last: 1000319554 ns, Reaching safepoint: 386216 ns, Cleanup: 17701 ns, At safepoint: 42902 ns, Total: 446819 ns
[2026-02-05T19:57:01.476+0000][89.995s][debug][safepoint   ] Safepoint synchronization initiated using futex wait barrier. (406 threads)
[2026-02-05T19:57:01.478+0000][89.998s][info ][safepoint   ] Safepoint "Cleanup", Time since last: 1007870575 ns, Reaching safepoint: 2016286 ns, Cleanup: 15101 ns, At safepoint: 131905 ns, Total: 2163292 ns
[2026-02-05T19:57:02.481+0000][91.000s][debug][safepoint   ] Safepoint synchronization initiated using futex wait barrier. (406 threads)
[2026-02-05T19:57:02.481+0000][91.001s][info ][safepoint   ] Safepoint "Cleanup", Time since last: 1002906564 ns, Reaching safepoint: 315513 ns, Cleanup: 21501 ns, At safepoint: 7500 ns, Total: 344514 ns
[2026-02-05T19:57:03.482+0000][92.001s][debug][safepoint   ] Safepoint synchronization initiated using futex wait barrier. (406 threads)
[2026-02-05T19:57:03.482+0000][92.002s][info ][safepoint   ] Safepoint "Cleanup", Time since last: 1000326054 ns, Reaching safepoint: 399617 ns, Cleanup: 17601 ns, At safepoint: 5500 ns, Total: 422718 ns
[2026-02-05T19:57:04.482+0000][93.002s][debug][safepoint   ] Safepoint synchronization initiated using futex wait barrier. (406 threads)
[2026-02-05T19:57:04.483+0000][93.002s][info ][safepoint   ] Safepoint "Cleanup", Time since last: 1000343254 ns, Reaching safepoint: 380717 ns, Cleanup: 37901 ns, At safepoint: 30301 ns, Total: 448919 ns
[2026-02-05T19:57:05.483+0000][94.003s][debug][safepoint   ] Safepoint synchronization initiated using futex wait barrier. (407 threads)
[2026-02-05T19:57:05.483+0000][94.003s][info ][safepoint   ] Safepoint "Cleanup", Time since last: 1000300434 ns, Reaching safepoint: 285612 ns, Cleanup: 17901 ns, At safepoint: 4800 ns, Total: 308313 ns
[2026-02-05T19:57:06.484+0000][95.003s][debug][safepoint   ] Safepoint synchronization initiated using futex wait barrier. (407 threads)
[2026-02-05T19:57:06.484+0000][95.004s][info ][safepoint   ] Safepoint "Cleanup", Time since last: 1000259478 ns, Reaching safepoint: 289112 ns, Cleanup: 18501 ns, At safepoint: 85303 ns, Total: 392916 ns
[2026-02-05T19:57:07.485+0000][96.004s][debug][safepoint   ] Safepoint synchronization initiated using futex wait barrier. (407 threads)
[2026-02-05T19:57:07.485+0000][96.005s][info ][safepoint   ] Safepoint "Cleanup", Time since last: 1000702097 ns, Reaching safepoint: 265911 ns, Cleanup: 20100 ns, At safepoint: 4701 ns, Total: 290712 ns
[2026-02-05T19:57:08.485+0000][97.005s][debug][safepoint   ] Safepoint synchronization initiated using futex wait barrier. (407 threads)
[2026-02-05T19:57:08.486+0000][97.005s][info ][safepoint   ] Safepoint "Cleanup", Time since last: 1000331481 ns, Reaching safepoint: 217209 ns, Cleanup: 14600 ns, At safepoint: 5100 ns, Total: 236909 ns
[2026-02-05T19:57:09.486+0000][98.005s][debug][safepoint   ] Safepoint synchronization initiated using futex wait barrier. (407 threads)
[2026-02-05T19:57:09.486+0000][98.006s][info ][safepoint   ] Safepoint "Cleanup", Time since last: 1000253178 ns, Reaching safepoint: 256711 ns, Cleanup: 17401 ns, At safepoint: 7600 ns, Total: 281712 ns
[2026-02-05T19:57:10.487+0000][99.006s][debug][safepoint   ] Safepoint synchronization initiated using futex wait barrier. (407 threads)
[2026-02-05T19:57:10.487+0000][99.006s][info ][safepoint   ] Safepoint "Cleanup", Time since last: 1000433085 ns, Reaching safepoint: 255811 ns, Cleanup: 56302 ns, At safepoint: 27401 ns, Total: 339514 ns
[2026-02-05T19:57:11.487+0000][100.007s][debug][safepoint   ] Safepoint synchronization initiated using futex wait barrier. (407 threads)
[2026-02-05T19:57:11.488+0000][100.007s][info ][safepoint   ] Safepoint "Cleanup", Time since last: 1000416685 ns, Reaching safepoint: 313213 ns, Cleanup: 19800 ns, At safepoint: 5301 ns, Total: 338314 ns
[2026-02-05T19:57:12.488+0000][101.008s][debug][safepoint   ] Safepoint synchronization initiated using futex wait barrier. (408 threads)
[2026-02-05T19:57:12.489+0000][101.008s][info ][safepoint   ] Safepoint "Cleanup", Time since last: 1000326780 ns, Reaching safepoint: 625426 ns, Cleanup: 80004 ns, At safepoint: 127905 ns, Total: 833335 ns
[2026-02-05T19:57:13.489+0000][102.009s][debug][safepoint   ] Safepoint synchronization initiated using futex wait barrier. (407 threads)
[2026-02-05T19:57:13.490+0000][102.009s][info ][safepoint   ] Safepoint "Cleanup", Time since last: 1000427558 ns, Reaching safepoint: 273010 ns, Cleanup: 25501 ns, At safepoint: 5300 ns, Total: 303811 ns
[2026-02-05T19:57:14.490+0000][103.009s][debug][safepoint   ] Safepoint synchronization initiated using futex wait barrier. (407 threads)
[2026-02-05T19:57:14.490+0000][103.010s][info ][safepoint   ] Safepoint "Cleanup", Time since last: 1000257210 ns, Reaching safepoint: 392015 ns, Cleanup: 28501 ns, At safepoint: 35201 ns, Total: 455717 ns
[2026-02-05T19:57:15.488+0000][104.007s][debug][safepoint   ] Safepoint synchronization initiated using futex wait barrier. (409 threads)
[2026-02-05T19:57:15.492+0000][104.012s][info ][gc,start    ] GC(77) Pause Young (Prepare Mixed) (G1 Evacuation Pause)
[2026-02-05T19:57:15.493+0000][104.012s][info ][gc,task     ] GC(77) Using 10 workers of 10 for evacuation
[2026-02-05T19:57:15.503+0000][104.022s][info ][gc,phases   ] GC(77)   Pre Evacuate Collection Set: 0.9ms
[2026-02-05T19:57:15.503+0000][104.023s][info ][gc,phases   ] GC(77)   Merge Heap Roots: 0.3ms
[2026-02-05T19:57:15.503+0000][104.023s][info ][gc,phases   ] GC(77)   Evacuate Collection Set: 5.3ms
[2026-02-05T19:57:15.504+0000][104.023s][info ][gc,phases   ] GC(77)   Post Evacuate Collection Set: 3.1ms
[2026-02-05T19:57:15.504+0000][104.023s][info ][gc,phases   ] GC(77)   Other: 1.1ms
[2026-02-05T19:57:15.504+0000][104.023s][info ][gc,heap     ] GC(77) Eden regions: 103->0(8)
[2026-02-05T19:57:15.504+0000][104.024s][info ][gc,heap     ] GC(77) Survivor regions: 2->3(14)
[2026-02-05T19:57:15.504+0000][104.024s][info ][gc,heap     ] GC(77) Old regions: 88->88
[2026-02-05T19:57:15.504+0000][104.024s][info ][gc,heap     ] GC(77) Archive regions: 2->2
[2026-02-05T19:57:15.505+0000][104.024s][info ][gc,heap     ] GC(77) Humongous regions: 0->0
[2026-02-05T19:57:15.505+0000][104.024s][info ][gc,metaspace] GC(77) Metaspace: 194173K(196800K)->194173K(196800K) NonClass: 170326K(171712K)->170326K(171712K) Class: 23846K(25088K)->23846K(25088K)
[2026-02-05T19:57:15.505+0000][104.024s][info ][gc          ] GC(77) Pause Young (Prepare Mixed) (G1 Evacuation Pause) 386M->181M(452M) 12.481ms
[2026-02-05T19:57:15.505+0000][104.025s][info ][gc,cpu      ] GC(77) User=0.06s Sys=0.03s Real=0.01s
[2026-02-05T19:57:15.508+0000][104.028s][info ][safepoint   ] Safepoint "G1CollectForAllocation", Time since last: 997256797 ns, Reaching safepoint: 4503569 ns, Cleanup: 196608 ns, At safepoint: 16018602 ns, Total: 20718779 ns
[2026-02-05T19:57:16.101+0000][104.620s][debug][safepoint   ] Safepoint synchronization initiated using futex wait barrier. (409 threads)
[2026-02-05T19:57:16.101+0000][104.621s][info ][gc,start    ] GC(78) Pause Young (Mixed) (G1 Evacuation Pause)
[2026-02-05T19:57:16.102+0000][104.621s][info ][gc,task     ] GC(78) Using 10 workers of 10 for evacuation
[2026-02-05T19:57:16.113+0000][104.632s][info ][gc,phases   ] GC(78)   Pre Evacuate Collection Set: 0.4ms
[2026-02-05T19:57:16.113+0000][104.633s][info ][gc,phases   ] GC(78)   Merge Heap Roots: 0.2ms
[2026-02-05T19:57:16.114+0000][104.633s][info ][gc,phases   ] GC(78)   Evacuate Collection Set: 8.5ms
[2026-02-05T19:57:16.114+0000][104.634s][info ][gc,phases   ] GC(78)   Post Evacuate Collection Set: 1.7ms
[2026-02-05T19:57:16.114+0000][104.634s][info ][gc,phases   ] GC(78)   Other: 0.8ms
[2026-02-05T19:57:16.115+0000][104.634s][info ][gc,heap     ] GC(78) Eden regions: 8->0(105)
[2026-02-05T19:57:16.115+0000][104.634s][info ][gc,heap     ] GC(78) Survivor regions: 3->1(2)
[2026-02-05T19:57:16.115+0000][104.635s][info ][gc,heap     ] GC(78) Old regions: 88->88
[2026-02-05T19:57:16.115+0000][104.635s][info ][gc,heap     ] GC(78) Archive regions: 2->2
[2026-02-05T19:57:16.116+0000][104.635s][info ][gc,heap     ] GC(78) Humongous regions: 0->0
[2026-02-05T19:57:16.116+0000][104.635s][info ][gc,metaspace] GC(78) Metaspace: 194185K(196800K)->194185K(196800K) NonClass: 170338K(171712K)->170338K(171712K) Class: 23847K(25088K)->23847K(25088K)
[2026-02-05T19:57:16.116+0000][104.636s][info ][gc          ] GC(78) Pause Young (Mixed) (G1 Evacuation Pause) 197M->177M(452M) 14.674ms
[2026-02-05T19:57:16.116+0000][104.636s][info ][gc,cpu      ] GC(78) User=0.08s Sys=0.01s Real=0.02s
[2026-02-05T19:57:16.117+0000][104.637s][info ][safepoint   ] Safepoint "G1CollectForAllocation", Time since last: 592382374 ns, Reaching safepoint: 638224 ns, Cleanup: 36501 ns, At safepoint: 15779193 ns, Total: 16453918 ns
[2026-02-05T19:57:17.115+0000][105.638s][debug][safepoint   ] Safepoint synchronization initiated using futex wait barrier. (407 threads)
[2026-02-05T19:57:17.116+0000][105.638s][info ][safepoint   ] Safepoint "Cleanup", Time since last: 1001162244 ns, Reaching safepoint: 327512 ns, Cleanup: 25101 ns, At safepoint: 5700 ns, Total: 358313 ns
[2026-02-05T19:57:18.116+0000][106.638s][debug][safepoint   ] Safepoint synchronization initiated using futex wait barrier. (407 threads)
[2026-02-05T19:57:18.117+0000][106.639s][info ][safepoint   ] Safepoint "Cleanup", Time since last: 1000333913 ns, Reaching safepoint: 468617 ns, Cleanup: 25401 ns, At safepoint: 35102 ns, Total: 529120 ns
[2026-02-05T19:57:19.117+0000][107.639s][debug][safepoint   ] Safepoint synchronization initiated using futex wait barrier. (408 threads)
[2026-02-05T19:57:19.118+0000][107.640s][info ][safepoint   ] Safepoint "Cleanup", Time since last: 1000345713 ns, Reaching safepoint: 728027 ns, Cleanup: 272910 ns, At safepoint: 93404 ns, Total: 1094341 ns
[2026-02-05T19:57:20.119+0000][108.641s][debug][safepoint   ] Safepoint synchronization initiated using futex wait barrier. (404 threads)
[2026-02-05T19:57:20.119+0000][108.641s][info ][safepoint   ] Safepoint "Cleanup", Time since last: 1000586822 ns, Reaching safepoint: 393615 ns, Cleanup: 39001 ns, At safepoint: 10000 ns, Total: 442616 ns
[2026-02-05T19:57:21.120+0000][109.642s][debug][safepoint   ] Safepoint synchronization initiated using futex wait barrier. (403 threads)
[2026-02-05T19:57:21.120+0000][109.642s][info ][safepoint   ] Safepoint "Cleanup", Time since last: 1000497707 ns, Reaching safepoint: 339513 ns, Cleanup: 18901 ns, At safepoint: 5800 ns, Total: 364214 ns
[2026-02-05T19:57:22.120+0000][110.643s][debug][safepoint   ] Safepoint synchronization initiated using futex wait barrier. (402 threads)
[2026-02-05T19:57:22.121+0000][110.643s][info ][safepoint   ] Safepoint "Cleanup", Time since last: 1000297807 ns, Reaching safepoint: 586823 ns, Cleanup: 17801 ns, At safepoint: 49902 ns, Total: 654526 ns
[2026-02-05T19:57:23.122+0000][111.645s][debug][safepoint   ] Safepoint synchronization initiated using futex wait barrier. (401 threads)
[2026-02-05T19:57:23.123+0000][111.645s][info ][safepoint   ] Safepoint "Cleanup", Time since last: 1001350248 ns, Reaching safepoint: 297412 ns, Cleanup: 30701 ns, At safepoint: 6000 ns, Total: 334113 ns
[2026-02-05T19:57:24.123+0000][112.645s][debug][safepoint   ] Safepoint synchronization initiated using futex wait barrier. (401 threads)
[2026-02-05T19:57:24.123+0000][112.646s][info ][safepoint   ] Safepoint "Cleanup", Time since last: 1000261105 ns, Reaching safepoint: 264911 ns, Cleanup: 14500 ns, At safepoint: 23001 ns, Total: 302412 ns
[2026-02-05T19:57:25.124+0000][113.646s][debug][safepoint   ] Safepoint synchronization initiated using futex wait barrier. (401 threads)
[2026-02-05T19:57:25.124+0000][113.646s][info ][safepoint   ] Safepoint "Cleanup", Time since last: 1000267305 ns, Reaching safepoint: 450618 ns, Cleanup: 52002 ns, At safepoint: 21301 ns, Total: 523921 ns
[2026-02-05T19:57:26.124+0000][114.647s][debug][safepoint   ] Safepoint synchronization initiated using futex wait barrier. (401 threads)
[2026-02-05T19:57:26.125+0000][114.647s][info ][safepoint   ] Safepoint "Cleanup", Time since last: 1000407211 ns, Reaching safepoint: 296512 ns, Cleanup: 21901 ns, At safepoint: 5500 ns, Total: 323913 ns
[2026-02-05T19:57:27.125+0000][115.647s][debug][safepoint   ] Safepoint synchronization initiated using futex wait barrier. (401 threads)
[2026-02-05T19:57:27.126+0000][115.648s][info ][safepoint   ] Safepoint "Cleanup", Time since last: 1000334408 ns, Reaching safepoint: 404916 ns, Cleanup: 19101 ns, At safepoint: 12800 ns, Total: 436817 ns
[2026-02-05T19:57:28.126+0000][116.648s][debug][safepoint   ] Safepoint synchronization initiated using futex wait barrier. (401 threads)
[2026-02-05T19:57:28.126+0000][116.649s][info ][safepoint   ] Safepoint "Cleanup", Time since last: 1000359209 ns, Reaching safepoint: 465719 ns, Cleanup: 18800 ns, At safepoint: 7001 ns, Total: 491520 ns
[2026-02-05T19:57:29.127+0000][117.649s][debug][safepoint   ] Safepoint synchronization initiated using futex wait barrier. (401 threads)
[2026-02-05T19:57:29.127+0000][117.649s][info ][safepoint   ] Safepoint "Cleanup", Time since last: 1000312220 ns, Reaching safepoint: 324113 ns, Cleanup: 22401 ns, At safepoint: 9700 ns, Total: 356214 ns
[2026-02-05T19:57:30.127+0000][118.650s][debug][safepoint   ] Safepoint synchronization initiated using futex wait barrier. (401 threads)
[2026-02-05T19:57:30.128+0000][118.650s][info ][safepoint   ] Safepoint "Cleanup", Time since last: 1000281910 ns, Reaching safepoint: 398317 ns, Cleanup: 18501 ns, At safepoint: 34201 ns, Total: 451019 ns
[2026-02-05T19:57:31.128+0000][119.651s][debug][safepoint   ] Safepoint synchronization initiated using futex wait barrier. (401 threads)
[2026-02-05T19:57:31.128+0000][119.651s][info ][safepoint   ] Safepoint "Cleanup", Time since last: 1000417916 ns, Reaching safepoint: 255910 ns, Cleanup: 16101 ns, At safepoint: 5000 ns, Total: 277011 ns
[2026-02-05T19:57:32.724+0000][121.247s][debug][safepoint   ] Safepoint synchronization initiated using futex wait barrier. (401 threads)
[2026-02-05T19:57:32.725+0000][121.247s][info ][safepoint   ] Safepoint "Cleanup", Time since last: 1595843287 ns, Reaching safepoint: 258911 ns, Cleanup: 21601 ns, At safepoint: 5500 ns, Total: 286012 ns
[2026-02-05T19:57:33.725+0000][122.247s][debug][safepoint   ] Safepoint synchronization initiated using futex wait barrier. (401 threads)
[2026-02-05T19:57:33.725+0000][122.248s][info ][safepoint   ] Safepoint "Cleanup", Time since last: 1000284710 ns, Reaching safepoint: 325514 ns, Cleanup: 20100 ns, At safepoint: 7501 ns, Total: 353115 ns
[2026-02-05T19:57:34.726+0000][123.248s][debug][safepoint   ] Safepoint synchronization initiated using futex wait barrier. (401 threads)
[2026-02-05T19:57:34.726+0000][123.248s][info ][safepoint   ] Safepoint "Cleanup", Time since last: 1000421716 ns, Reaching safepoint: 333213 ns, Cleanup: 16701 ns, At safepoint: 5400 ns, Total: 355314 ns
[2026-02-05T19:57:35.726+0000][124.249s][debug][safepoint   ] Safepoint synchronization initiated using futex wait barrier. (401 threads)
[2026-02-05T19:57:35.727+0000][124.249s][info ][safepoint   ] Safepoint "Cleanup", Time since last: 1000315212 ns, Reaching safepoint: 414417 ns, Cleanup: 14900 ns, At safepoint: 24401 ns, Total: 453718 ns
[2026-02-05T19:57:36.727+0000][125.250s][debug][safepoint   ] Safepoint synchronization initiated using futex wait barrier. (401 threads)
[2026-02-05T19:57:36.728+0000][125.250s][info ][safepoint   ] Safepoint "Cleanup", Time since last: 1000406916 ns, Reaching safepoint: 357315 ns, Cleanup: 14100 ns, At safepoint: 4800 ns, Total: 376215 ns
[2026-02-05T19:57:37.728+0000][126.250s][debug][safepoint   ] Safepoint synchronization initiated using futex wait barrier. (401 threads)
[2026-02-05T19:57:37.728+0000][126.250s][info ][safepoint   ] Safepoint "Cleanup", Time since last: 1000298209 ns, Reaching safepoint: 264812 ns, Cleanup: 13000 ns, At safepoint: 4900 ns, Total: 282712 ns
[2026-02-05T19:57:38.728+0000][127.251s][debug][safepoint   ] Safepoint synchronization initiated using futex wait barrier. (401 threads)
[2026-02-05T19:57:38.729+0000][127.251s][info ][safepoint   ] Safepoint "Cleanup", Time since last: 1000267709 ns, Reaching safepoint: 418118 ns, Cleanup: 21601 ns, At safepoint: 35302 ns, Total: 475021 ns
[2026-02-05T19:57:39.729+0000][128.252s][debug][safepoint   ] Safepoint synchronization initiated using futex wait barrier. (401 threads)
[2026-02-05T19:57:39.730+0000][128.252s][info ][safepoint   ] Safepoint "Cleanup", Time since last: 1000375112 ns, Reaching safepoint: 518723 ns, Cleanup: 31302 ns, At safepoint: 29801 ns, Total: 579826 ns
[2026-02-05T19:57:40.730+0000][129.253s][debug][safepoint   ] Safepoint synchronization initiated using futex wait barrier. (401 threads)
[2026-02-05T19:57:40.731+0000][129.253s][info ][safepoint   ] Safepoint "Cleanup", Time since last: 1000395214 ns, Reaching safepoint: 294713 ns, Cleanup: 14000 ns, At safepoint: 4801 ns, Total: 313514 ns
[2026-02-05T19:57:41.731+0000][130.253s][debug][safepoint   ] Safepoint synchronization initiated using futex wait barrier. (401 threads)
[2026-02-05T19:57:41.732+0000][130.254s][info ][safepoint   ] Safepoint "Cleanup", Time since last: 1000390613 ns, Reaching safepoint: 545224 ns, Cleanup: 14401 ns, At safepoint: 36101 ns, Total: 595726 ns
[2026-02-05T19:57:42.732+0000][131.254s][debug][safepoint   ] Safepoint synchronization initiated using futex wait barrier. (401 threads)
[2026-02-05T19:57:42.732+0000][131.254s][info ][safepoint   ] Safepoint "Cleanup", Time since last: 1000265008 ns, Reaching safepoint: 347016 ns, Cleanup: 14600 ns, At safepoint: 4901 ns, Total: 366517 ns
[2026-02-05T19:57:43.733+0000][132.255s][debug][safepoint   ] Safepoint synchronization initiated using futex wait barrier. (401 threads)
[2026-02-05T19:57:43.733+0000][132.255s][info ][safepoint   ] Safepoint "Cleanup", Time since last: 1000343111 ns, Reaching safepoint: 402618 ns, Cleanup: 20301 ns, At safepoint: 5700 ns, Total: 428619 ns
[2026-02-05T19:57:44.733+0000][133.256s][debug][safepoint   ] Safepoint synchronization initiated using futex wait barrier. (401 threads)
[2026-02-05T19:57:44.734+0000][133.256s][info ][safepoint   ] Safepoint "Cleanup", Time since last: 1000354312 ns, Reaching safepoint: 280312 ns, Cleanup: 13101 ns, At safepoint: 5600 ns, Total: 299013 ns
[2026-02-05T19:57:45.734+0000][134.256s][debug][safepoint   ] Safepoint synchronization initiated using futex wait barrier. (401 threads)
[2026-02-05T19:57:45.734+0000][134.257s][info ][safepoint   ] Safepoint "Cleanup", Time since last: 1000294510 ns, Reaching safepoint: 307713 ns, Cleanup: 18301 ns, At safepoint: 23501 ns, Total: 349515 ns
[2026-02-05T19:57:46.735+0000][135.257s][debug][safepoint   ] Safepoint synchronization initiated using futex wait barrier. (401 threads)
[2026-02-05T19:57:46.735+0000][135.257s][info ][safepoint   ] Safepoint "Cleanup", Time since last: 1000450035 ns, Reaching safepoint: 338014 ns, Cleanup: 12601 ns, At safepoint: 5200 ns, Total: 355815 ns
[2026-02-05T19:57:47.735+0000][136.258s][debug][safepoint   ] Safepoint synchronization initiated using futex wait barrier. (402 threads)
[2026-02-05T19:57:47.735+0000][136.258s][info ][safepoint   ] Safepoint "Cleanup", Time since last: 1000247326 ns, Reaching safepoint: 306813 ns, Cleanup: 16701 ns, At safepoint: 4800 ns, Total: 328314 ns
[2026-02-05T19:57:48.194+0000][136.717s][debug][safepoint   ] Safepoint synchronization initiated using futex wait barrier. (402 threads)
[2026-02-05T19:57:48.194+0000][136.717s][info ][gc,start    ] GC(79) Pause Young (Normal) (G1 Evacuation Pause)
[2026-02-05T19:57:48.195+0000][136.718s][info ][gc,task     ] GC(79) Using 10 workers of 10 for evacuation
[2026-02-05T19:57:48.202+0000][136.725s][info ][gc,phases   ] GC(79)   Pre Evacuate Collection Set: 0.5ms
[2026-02-05T19:57:48.202+0000][136.725s][info ][gc,phases   ] GC(79)   Merge Heap Roots: 0.4ms
[2026-02-05T19:57:48.202+0000][136.725s][info ][gc,phases   ] GC(79)   Evacuate Collection Set: 3.0ms
[2026-02-05T19:57:48.203+0000][136.726s][info ][gc,phases   ] GC(79)   Post Evacuate Collection Set: 2.3ms
[2026-02-05T19:57:48.203+0000][136.726s][info ][gc,phases   ] GC(79)   Other: 1.1ms
[2026-02-05T19:57:48.203+0000][136.726s][info ][gc,heap     ] GC(79) Eden regions: 105->0(106)
[2026-02-05T19:57:48.203+0000][136.726s][info ][gc,heap     ] GC(79) Survivor regions: 1->1(14)
[2026-02-05T19:57:48.204+0000][136.727s][info ][gc,heap     ] GC(79) Old regions: 88->88
[2026-02-05T19:57:48.204+0000][136.727s][info ][gc,heap     ] GC(79) Archive regions: 2->2
[2026-02-05T19:57:48.204+0000][136.727s][info ][gc,heap     ] GC(79) Humongous regions: 0->0
[2026-02-05T19:57:48.204+0000][136.727s][info ][gc,metaspace] GC(79) Metaspace: 194938K(197568K)->194938K(197568K) NonClass: 171053K(172416K)->171053K(172416K) Class: 23884K(25152K)->23884K(25152K)
[2026-02-05T19:57:48.205+0000][136.728s][info ][gc          ] GC(79) Pause Young (Normal) (G1 Evacuation Pause) 387M->177M(452M) 10.337ms
[2026-02-05T19:57:48.205+0000][136.728s][info ][gc,cpu      ] GC(79) User=0.03s Sys=0.01s Real=0.01s
[2026-02-05T19:57:48.205+0000][136.729s][info ][safepoint   ] Safepoint "G1CollectForAllocation", Time since last: 458797714 ns, Reaching safepoint: 371016 ns, Cleanup: 77803 ns, At safepoint: 11365481 ns, Total: 11814300 ns
[2026-02-05T19:57:49.208+0000][137.731s][debug][safepoint   ] Safepoint synchronization initiated using futex wait barrier. (401 threads)
[2026-02-05T19:57:49.208+0000][137.731s][info ][safepoint   ] Safepoint "Cleanup", Time since last: 1002283512 ns, Reaching safepoint: 371716 ns, Cleanup: 45402 ns, At safepoint: 8100 ns, Total: 425218 ns
[2026-02-05T19:57:50.209+0000][138.732s][debug][safepoint   ] Safepoint synchronization initiated using futex wait barrier. (401 threads)
[2026-02-05T19:57:50.209+0000][138.732s][info ][safepoint   ] Safepoint "Cleanup", Time since last: 1000421234 ns, Reaching safepoint: 303213 ns, Cleanup: 18000 ns, At safepoint: 6301 ns, Total: 327514 ns
[2026-02-05T19:57:51.209+0000][139.732s][debug][safepoint   ] Safepoint synchronization initiated using futex wait barrier. (401 threads)
[2026-02-05T19:57:51.210+0000][139.733s][info ][safepoint   ] Safepoint "Cleanup", Time since last: 1000385131 ns, Reaching safepoint: 563224 ns, Cleanup: 13601 ns, At safepoint: 41802 ns, Total: 618627 ns
[2026-02-05T19:57:52.452+0000][140.975s][debug][safepoint   ] Safepoint synchronization initiated using futex wait barrier. (401 threads)
[2026-02-05T19:57:52.453+0000][140.976s][info ][safepoint   ] Safepoint "Cleanup", Time since last: 1241644441 ns, Reaching safepoint: 1215251 ns, Cleanup: 15001 ns, At safepoint: 221509 ns, Total: 1451761 ns
[2026-02-05T19:57:53.453+0000][141.976s][debug][safepoint   ] Safepoint synchronization initiated using futex wait barrier. (401 threads)
[2026-02-05T19:57:53.454+0000][141.977s][info ][safepoint   ] Safepoint "Cleanup", Time since last: 1000373258 ns, Reaching safepoint: 408518 ns, Cleanup: 29201 ns, At safepoint: 47802 ns, Total: 485521 ns
[2026-02-05T19:57:54.454+0000][142.977s][debug][safepoint   ] Safepoint synchronization initiated using futex wait barrier. (401 threads)
[2026-02-05T19:57:54.455+0000][142.978s][info ][safepoint   ] Safepoint "Cleanup", Time since last: 1000356732 ns, Reaching safepoint: 450619 ns, Cleanup: 33002 ns, At safepoint: 14800 ns, Total: 498421 ns
[2026-02-05T19:57:55.455+0000][143.978s][debug][safepoint   ] Safepoint synchronization initiated using futex wait barrier. (401 threads)
[2026-02-05T19:57:55.456+0000][143.979s][info ][safepoint   ] Safepoint "Cleanup", Time since last: 1000626743 ns, Reaching safepoint: 389417 ns, Cleanup: 24601 ns, At safepoint: 12401 ns, Total: 426419 ns
[2026-02-05T19:57:56.456+0000][144.980s][debug][safepoint   ] Safepoint synchronization initiated using futex wait barrier. (401 threads)
[2026-02-05T19:57:56.457+0000][144.980s][info ][safepoint   ] Safepoint "Cleanup", Time since last: 1000674945 ns, Reaching safepoint: 375516 ns, Cleanup: 28602 ns, At safepoint: 6100 ns, Total: 410218 ns
[2026-02-05T19:57:57.457+0000][145.980s][debug][safepoint   ] Safepoint synchronization initiated using futex wait barrier. (401 threads)
[2026-02-05T19:57:57.458+0000][145.981s][info ][safepoint   ] Safepoint "Cleanup", Time since last: 1000341531 ns, Reaching safepoint: 396817 ns, Cleanup: 20601 ns, At safepoint: 8300 ns, Total: 425718 ns
[2026-02-05T19:57:58.458+0000][146.981s][debug][safepoint   ] Safepoint synchronization initiated using futex wait barrier. (401 threads)
[2026-02-05T19:57:58.458+0000][146.982s][info ][safepoint   ] Safepoint "Cleanup", Time since last: 1000449635 ns, Reaching safepoint: 343015 ns, Cleanup: 14201 ns, At safepoint: 5100 ns, Total: 362316 ns
[2026-02-05T19:57:59.459+0000][147.982s][debug][safepoint   ] Safepoint synchronization initiated using futex wait barrier. (400 threads)
[2026-02-05T19:57:59.459+0000][147.982s][info ][safepoint   ] Safepoint "Cleanup", Time since last: 1000286228 ns, Reaching safepoint: 323315 ns, Cleanup: 14300 ns, At safepoint: 4800 ns, Total: 342415 ns
[2026-02-05T19:58:00.459+0000][148.983s][debug][safepoint   ] Safepoint synchronization initiated using futex wait barrier. (400 threads)
[2026-02-05T19:58:00.460+0000][148.983s][info ][safepoint   ] Safepoint "Cleanup", Time since last: 1000332631 ns, Reaching safepoint: 286812 ns, Cleanup: 15801 ns, At safepoint: 4600 ns, Total: 307213 ns
[2026-02-05T19:58:01.460+0000][149.983s][debug][safepoint   ] Safepoint synchronization initiated using futex wait barrier. (400 threads)
[2026-02-05T19:58:01.460+0000][149.983s][info ][safepoint   ] Safepoint "Cleanup", Time since last: 1000270588 ns, Reaching safepoint: 280912 ns, Cleanup: 13501 ns, At safepoint: 5500 ns, Total: 299913 ns
[2026-02-05T19:58:03.461+0000][151.984s][debug][safepoint   ] Safepoint synchronization initiated using futex wait barrier. (400 threads)
[2026-02-05T19:58:03.461+0000][151.984s][info ][safepoint   ] Safepoint "Cleanup", Time since last: 2000478375 ns, Reaching safepoint: 308113 ns, Cleanup: 25102 ns, At safepoint: 11200 ns, Total: 344415 ns
[2026-02-05T19:58:04.461+0000][152.985s][debug][safepoint   ] Safepoint synchronization initiated using futex wait barrier. (400 threads)
[2026-02-05T19:58:04.462+0000][152.985s][info ][safepoint   ] Safepoint "Cleanup", Time since last: 1000328691 ns, Reaching safepoint: 248511 ns, Cleanup: 11701 ns, At safepoint: 6400 ns, Total: 266612 ns
[2026-02-05T19:58:06.462+0000][154.985s][debug][safepoint   ] Safepoint synchronization initiated using futex wait barrier. (400 threads)
[2026-02-05T19:58:06.463+0000][154.986s][info ][safepoint   ] Safepoint "Cleanup", Time since last: 2000394271 ns, Reaching safepoint: 515723 ns, Cleanup: 31201 ns, At safepoint: 181609 ns, Total: 728533 ns
[2026-02-05T19:58:08.464+0000][156.987s][debug][safepoint   ] Safepoint synchronization initiated using futex wait barrier. (400 threads)
[2026-02-05T19:58:08.464+0000][156.987s][info ][safepoint   ] Safepoint "Cleanup", Time since last: 2000746186 ns, Reaching safepoint: 288313 ns, Cleanup: 9500 ns, At safepoint: 29102 ns, Total: 326915 ns
[2026-02-05T19:58:09.464+0000][157.987s][debug][safepoint   ] Safepoint synchronization initiated using futex wait barrier. (400 threads)
[2026-02-05T19:58:09.465+0000][157.988s][info ][safepoint   ] Safepoint "Cleanup", Time since last: 1000304707 ns, Reaching safepoint: 348414 ns, Cleanup: 12501 ns, At safepoint: 50602 ns, Total: 411517 ns
[2026-02-05T19:58:10.465+0000][158.988s][debug][safepoint   ] Safepoint synchronization initiated using futex wait barrier. (399 threads)
[2026-02-05T19:58:10.465+0000][158.988s][info ][safepoint   ] Safepoint "Cleanup", Time since last: 1000333928 ns, Reaching safepoint: 304113 ns, Cleanup: 35702 ns, At safepoint: 7800 ns, Total: 347615 ns
[2026-02-05T19:58:11.466+0000][159.989s][debug][safepoint   ] Safepoint synchronization initiated using futex wait barrier. (399 threads)
[2026-02-05T19:58:11.466+0000][159.989s][info ][safepoint   ] Safepoint "Cleanup", Time since last: 1000290226 ns, Reaching safepoint: 388317 ns, Cleanup: 11300 ns, At safepoint: 5500 ns, Total: 405117 ns
[2026-02-05T19:58:12.466+0000][160.989s][debug][safepoint   ] Safepoint synchronization initiated using futex wait barrier. (399 threads)
[2026-02-05T19:58:12.467+0000][160.990s][info ][safepoint   ] Safepoint "Cleanup", Time since last: 1000336929 ns, Reaching safepoint: 337914 ns, Cleanup: 12201 ns, At safepoint: 24601 ns, Total: 374716 ns
[2026-02-05T19:58:13.467+0000][161.990s][debug][safepoint   ] Safepoint synchronization initiated using futex wait barrier. (399 threads)
[2026-02-05T19:58:13.468+0000][161.991s][info ][safepoint   ] Safepoint "Cleanup", Time since last: 1000342928 ns, Reaching safepoint: 421418 ns, Cleanup: 25001 ns, At safepoint: 14001 ns, Total: 460420 ns
[2026-02-05T19:58:14.468+0000][162.991s][debug][safepoint   ] Safepoint synchronization initiated using futex wait barrier. (399 threads)
[2026-02-05T19:58:14.468+0000][162.992s][info ][safepoint   ] Safepoint "Cleanup", Time since last: 1000403731 ns, Reaching safepoint: 449219 ns, Cleanup: 17601 ns, At safepoint: 43101 ns, Total: 509921 ns
[2026-02-05T19:58:15.469+0000][163.992s][debug][safepoint   ] Safepoint synchronization initiated using futex wait barrier. (399 threads)
[2026-02-05T19:58:15.469+0000][163.992s][info ][safepoint   ] Safepoint "Cleanup", Time since last: 1000558538 ns, Reaching safepoint: 313313 ns, Cleanup: 23601 ns, At safepoint: 46302 ns, Total: 383216 ns
[2026-02-05T19:58:16.470+0000][164.993s][debug][safepoint   ] Safepoint synchronization initiated using futex wait barrier. (399 threads)
[2026-02-05T19:58:16.470+0000][164.993s][info ][safepoint   ] Safepoint "Cleanup", Time since last: 1000336729 ns, Reaching safepoint: 297212 ns, Cleanup: 24001 ns, At safepoint: 9001 ns, Total: 330214 ns
[2026-02-05T19:58:17.469+0000][165.993s][debug][safepoint   ] Safepoint synchronization initiated using futex wait barrier. (399 threads)
[2026-02-05T19:58:17.469+0000][165.994s][info ][safepoint   ] Safepoint "Cleanup", Time since last: 1000370575 ns, Reaching safepoint: 284310 ns, Cleanup: 21601 ns, At safepoint: 4700 ns, Total: 310611 ns
[2026-02-05T19:58:18.469+0000][166.994s][debug][safepoint   ] Safepoint synchronization initiated using futex wait barrier. (399 threads)
[2026-02-05T19:58:18.469+0000][166.994s][info ][safepoint   ] Safepoint "Cleanup", Time since last: 1000243126 ns, Reaching safepoint: 356514 ns, Cleanup: 22200 ns, At safepoint: 6801 ns, Total: 385515 ns
[2026-02-05T19:58:19.470+0000][167.995s][debug][safepoint   ] Safepoint synchronization initiated using futex wait barrier. (399 threads)
[2026-02-05T19:58:19.470+0000][167.995s][info ][safepoint   ] Safepoint "Cleanup", Time since last: 1000318829 ns, Reaching safepoint: 273110 ns, Cleanup: 12000 ns, At safepoint: 5000 ns, Total: 290110 ns
[2026-02-05T19:58:21.470+0000][169.995s][debug][safepoint   ] Safepoint synchronization initiated using futex wait barrier. (398 threads)
[2026-02-05T19:58:21.471+0000][169.996s][info ][safepoint   ] Safepoint "Cleanup", Time since last: 2000340648 ns, Reaching safepoint: 368113 ns, Cleanup: 14801 ns, At safepoint: 28101 ns, Total: 411015 ns
[2026-02-05T19:58:22.471+0000][170.996s][debug][safepoint   ] Safepoint synchronization initiated using futex wait barrier. (398 threads)
[2026-02-05T19:58:22.471+0000][170.996s][info ][safepoint   ] Safepoint "Cleanup", Time since last: 1000322829 ns, Reaching safepoint: 293911 ns, Cleanup: 13400 ns, At safepoint: 7201 ns, Total: 314512 ns
[2026-02-05T19:58:22.798+0000][171.323s][debug][safepoint   ] Safepoint synchronization initiated using futex wait barrier. (397 threads)
[2026-02-05T19:58:22.799+0000][171.324s][info ][gc,start    ] GC(80) Pause Young (Normal) (G1 Evacuation Pause)
[2026-02-05T19:58:22.799+0000][171.324s][info ][gc,task     ] GC(80) Using 10 workers of 10 for evacuation
[2026-02-05T19:58:22.806+0000][171.331s][info ][gc,phases   ] GC(80)   Pre Evacuate Collection Set: 0.6ms
[2026-02-05T19:58:22.806+0000][171.331s][info ][gc,phases   ] GC(80)   Merge Heap Roots: 0.3ms
[2026-02-05T19:58:22.806+0000][171.331s][info ][gc,phases   ] GC(80)   Evacuate Collection Set: 2.3ms
[2026-02-05T19:58:22.806+0000][171.331s][info ][gc,phases   ] GC(80)   Post Evacuate Collection Set: 2.9ms
[2026-02-05T19:58:22.807+0000][171.332s][info ][gc,phases   ] GC(80)   Other: 0.8ms
[2026-02-05T19:58:22.807+0000][171.332s][info ][gc,heap     ] GC(80) Eden regions: 106->0(107)
[2026-02-05T19:58:22.807+0000][171.332s][info ][gc,heap     ] GC(80) Survivor regions: 1->1(14)
[2026-02-05T19:58:22.807+0000][171.332s][info ][gc,heap     ] GC(80) Old regions: 88->88
[2026-02-05T19:58:22.808+0000][171.332s][info ][gc,heap     ] GC(80) Archive regions: 2->2
[2026-02-05T19:58:22.808+0000][171.333s][info ][gc,heap     ] GC(80) Humongous regions: 0->0
[2026-02-05T19:58:22.808+0000][171.333s][info ][gc,metaspace] GC(80) Metaspace: 195323K(197952K)->195323K(197952K) NonClass: 171437K(172800K)->171437K(172800K) Class: 23885K(25152K)->23885K(25152K)
[2026-02-05T19:58:22.808+0000][171.333s][info ][gc          ] GC(80) Pause Young (Normal) (G1 Evacuation Pause) 389M->177M(452M) 9.208ms
[2026-02-05T19:58:22.808+0000][171.333s][info ][gc,cpu      ] GC(80) User=0.04s Sys=0.00s Real=0.01s
[2026-02-05T19:58:22.809+0000][171.334s][info ][safepoint   ] Safepoint "G1CollectForAllocation", Time since last: 326729996 ns, Reaching safepoint: 560921 ns, Cleanup: 14300 ns, At safepoint: 10065470 ns, Total: 10640691 ns
[2026-02-05T19:58:23.809+0000][172.334s][debug][safepoint   ] Safepoint synchronization initiated using futex wait barrier. (397 threads)
[2026-02-05T19:58:23.809+0000][172.334s][info ][safepoint   ] Safepoint "Cleanup", Time since last: 1000295528 ns, Reaching safepoint: 295411 ns, Cleanup: 44402 ns, At safepoint: 7500 ns, Total: 347313 ns
[2026-02-05T19:58:24.810+0000][173.335s][debug][safepoint   ] Safepoint synchronization initiated using futex wait barrier. (397 threads)
[2026-02-05T19:58:24.810+0000][173.335s][info ][safepoint   ] Safepoint "Cleanup", Time since last: 1000262727 ns, Reaching safepoint: 389914 ns, Cleanup: 24901 ns, At safepoint: 13301 ns, Total: 428116 ns
[2026-02-05T19:58:25.811+0000][174.336s][debug][safepoint   ] Safepoint synchronization initiated using futex wait barrier. (397 threads)
[2026-02-05T19:58:25.811+0000][174.336s][info ][safepoint   ] Safepoint "Cleanup", Time since last: 1000420357 ns, Reaching safepoint: 685129 ns, Cleanup: 26601 ns, At safepoint: 49103 ns, Total: 760833 ns
[2026-02-05T19:58:26.812+0000][175.337s][debug][safepoint   ] Safepoint synchronization initiated using futex wait barrier. (397 threads)
[2026-02-05T19:58:26.812+0000][175.337s][info ][safepoint   ] Safepoint "Cleanup", Time since last: 1000599137 ns, Reaching safepoint: 368216 ns, Cleanup: 13201 ns, At safepoint: 5600 ns, Total: 387017 ns
[2026-02-05T19:58:27.813+0000][176.338s][debug][safepoint   ] Safepoint synchronization initiated using futex wait barrier. (397 threads)
[2026-02-05T19:58:27.816+0000][176.341s][info ][safepoint   ] Safepoint "Cleanup", Time since last: 1000490932 ns, Reaching safepoint: 3234641 ns, Cleanup: 50802 ns, At safepoint: 17901 ns, Total: 3303344 ns
[2026-02-05T19:58:28.823+0000][177.348s][debug][safepoint   ] Safepoint synchronization initiated using futex wait barrier. (397 threads)
[2026-02-05T19:58:28.824+0000][177.349s][info ][safepoint   ] Safepoint "Cleanup", Time since last: 1006828709 ns, Reaching safepoint: 726031 ns, Cleanup: 25001 ns, At safepoint: 45902 ns, Total: 796934 ns
[2026-02-05T19:58:30.824+0000][179.349s][debug][safepoint   ] Safepoint synchronization initiated using futex wait barrier. (397 threads)
[2026-02-05T19:58:30.825+0000][179.350s][info ][safepoint   ] Safepoint "Cleanup", Time since last: 2000501045 ns, Reaching safepoint: 407617 ns, Cleanup: 24801 ns, At safepoint: 12101 ns, Total: 444519 ns
[2026-02-05T19:58:32.815+0000][181.339s][debug][safepoint   ] Safepoint synchronization initiated using futex wait barrier. (397 threads)
[2026-02-05T19:58:32.815+0000][181.340s][info ][safepoint   ] Safepoint "Cleanup", Time since last: 1989793378 ns, Reaching safepoint: 250711 ns, Cleanup: 19301 ns, At safepoint: 4800 ns, Total: 274812 ns
[2026-02-05T19:58:33.815+0000][182.340s][debug][safepoint   ] Safepoint synchronization initiated using futex wait barrier. (397 threads)
[2026-02-05T19:58:33.816+0000][182.341s][info ][safepoint   ] Safepoint "Cleanup", Time since last: 1000291701 ns, Reaching safepoint: 650130 ns, Cleanup: 19401 ns, At safepoint: 39101 ns, Total: 708632 ns
[2026-02-05T19:58:34.816+0000][183.341s][debug][safepoint   ] Safepoint synchronization initiated using futex wait barrier. (397 threads)
[2026-02-05T19:58:34.817+0000][183.342s][info ][safepoint   ] Safepoint "Cleanup", Time since last: 1000452966 ns, Reaching safepoint: 332715 ns, Cleanup: 16001 ns, At safepoint: 25201 ns, Total: 373917 ns
[2026-02-05T19:58:35.817+0000][184.342s][debug][safepoint   ] Safepoint synchronization initiated using futex wait barrier. (397 threads)
[2026-02-05T19:58:35.818+0000][184.342s][info ][safepoint   ] Safepoint "Cleanup", Time since last: 1000287757 ns, Reaching safepoint: 606228 ns, Cleanup: 33202 ns, At safepoint: 7100 ns, Total: 646530 ns
[2026-02-05T19:58:36.818+0000][185.343s][debug][safepoint   ] Safepoint synchronization initiated using futex wait barrier. (397 threads)
[2026-02-05T19:58:36.819+0000][185.344s][info ][safepoint   ] Safepoint "Cleanup", Time since last: 1000398363 ns, Reaching safepoint: 661230 ns, Cleanup: 25101 ns, At safepoint: 46702 ns, Total: 733033 ns
[2026-02-05T19:58:37.819+0000][186.344s][debug][safepoint   ] Safepoint synchronization initiated using futex wait barrier. (397 threads)
[2026-02-05T19:58:37.820+0000][186.345s][info ][safepoint   ] Safepoint "Cleanup", Time since last: 1000362662 ns, Reaching safepoint: 520023 ns, Cleanup: 37302 ns, At safepoint: 92004 ns, Total: 649329 ns
[2026-02-05T19:58:38.821+0000][187.346s][debug][safepoint   ] Safepoint synchronization initiated using futex wait barrier. (397 threads)
[2026-02-05T19:58:38.822+0000][187.347s][info ][safepoint   ] Safepoint "Cleanup", Time since last: 1001414910 ns, Reaching safepoint: 881540 ns, Cleanup: 27401 ns, At safepoint: 36202 ns, Total: 945143 ns
[2026-02-05T19:58:39.823+0000][188.347s][debug][safepoint   ] Safepoint synchronization initiated using futex wait barrier. (397 threads)
[2026-02-05T19:58:39.823+0000][188.348s][info ][safepoint   ] Safepoint "Cleanup", Time since last: 1000471666 ns, Reaching safepoint: 468522 ns, Cleanup: 13900 ns, At safepoint: 64803 ns, Total: 547225 ns
[2026-02-05T19:58:41.824+0000][190.349s][debug][safepoint   ] Safepoint synchronization initiated using futex wait barrier. (397 threads)
[2026-02-05T19:58:41.824+0000][190.349s][info ][safepoint   ] Safepoint "Cleanup", Time since last: 2000511625 ns, Reaching safepoint: 313313 ns, Cleanup: 9401 ns, At safepoint: 27001 ns, Total: 349715 ns
[2026-02-05T19:58:42.824+0000][191.349s][debug][safepoint   ] Safepoint synchronization initiated using futex wait barrier. (397 threads)
[2026-02-05T19:58:42.825+0000][191.350s][info ][safepoint   ] Safepoint "Cleanup", Time since last: 1000318045 ns, Reaching safepoint: 345815 ns, Cleanup: 10100 ns, At safepoint: 6800 ns, Total: 362715 ns
[2026-02-05T19:58:43.825+0000][192.350s][debug][safepoint   ] Safepoint synchronization initiated using futex wait barrier. (397 threads)
[2026-02-05T19:58:43.825+0000][192.350s][info ][safepoint   ] Safepoint "Cleanup", Time since last: 1000325346 ns, Reaching safepoint: 294912 ns, Cleanup: 9701 ns, At safepoint: 4700 ns, Total: 309313 ns
[2026-02-05T19:58:44.826+0000][193.351s][debug][safepoint   ] Safepoint synchronization initiated using futex wait barrier. (397 threads)
[2026-02-05T19:58:44.826+0000][193.351s][info ][safepoint   ] Safepoint "Cleanup", Time since last: 1000309345 ns, Reaching safepoint: 394816 ns, Cleanup: 11601 ns, At safepoint: 22501 ns, Total: 428918 ns
[2026-02-05T19:58:45.826+0000][194.351s][debug][safepoint   ] Safepoint synchronization initiated using futex wait barrier. (397 threads)
[2026-02-05T19:58:45.827+0000][194.352s][info ][safepoint   ] Safepoint "Cleanup", Time since last: 1000297344 ns, Reaching safepoint: 614426 ns, Cleanup: 14100 ns, At safepoint: 32902 ns, Total: 661428 ns
[2026-02-05T19:58:46.827+0000][195.352s][debug][safepoint   ] Safepoint synchronization initiated using futex wait barrier. (397 threads)
[2026-02-05T19:58:46.828+0000][195.353s][info ][safepoint   ] Safepoint "Cleanup", Time since last: 1000409649 ns, Reaching safepoint: 271511 ns, Cleanup: 15501 ns, At safepoint: 5500 ns, Total: 292512 ns
[2026-02-05T19:58:47.827+0000][196.353s][debug][safepoint   ] Safepoint synchronization initiated using futex wait barrier. (397 threads)
[2026-02-05T19:58:47.827+0000][196.353s][info ][safepoint   ] Safepoint "Cleanup", Time since last: 1000261142 ns, Reaching safepoint: 277012 ns, Cleanup: 10100 ns, At safepoint: 4701 ns, Total: 291813 ns
[2026-02-05T19:58:48.827+0000][197.353s][debug][safepoint   ] Safepoint synchronization initiated using futex wait barrier. (397 threads)
[2026-02-05T19:58:48.828+0000][197.354s][info ][safepoint   ] Safepoint "Cleanup", Time since last: 1000282844 ns, Reaching safepoint: 437818 ns, Cleanup: 45502 ns, At safepoint: 55902 ns, Total: 539222 ns
[2026-02-05T19:58:49.828+0000][198.354s][debug][safepoint   ] Safepoint synchronization initiated using futex wait barrier. (397 threads)
[2026-02-05T19:58:49.829+0000][198.355s][info ][safepoint   ] Safepoint "Cleanup", Time since last: 1000484988 ns, Reaching safepoint: 306113 ns, Cleanup: 58002 ns, At safepoint: 52902 ns, Total: 417017 ns
[2026-02-05T19:58:50.829+0000][199.355s][debug][safepoint   ] Safepoint synchronization initiated using futex wait barrier. (397 threads)
[2026-02-05T19:58:50.829+0000][199.356s][info ][safepoint   ] Safepoint "Cleanup", Time since last: 1000364559 ns, Reaching safepoint: 265311 ns, Cleanup: 11401 ns, At safepoint: 4700 ns, Total: 281412 ns
[2026-02-05T19:58:51.830+0000][200.356s][debug][safepoint   ] Safepoint synchronization initiated using futex wait barrier. (397 threads)
[2026-02-05T19:58:51.831+0000][200.358s][info ][safepoint   ] Safepoint "Cleanup", Time since last: 1000483564 ns, Reaching safepoint: 1318354 ns, Cleanup: 10601 ns, At safepoint: 182807 ns, Total: 1511762 ns
[2026-02-05T19:58:54.832+0000][203.358s][debug][safepoint   ] Safepoint synchronization initiated using futex wait barrier. (397 threads)
[2026-02-05T19:58:54.832+0000][203.359s][info ][safepoint   ] Safepoint "Cleanup", Time since last: 3000594556 ns, Reaching safepoint: 556023 ns, Cleanup: 11800 ns, At safepoint: 5401 ns, Total: 573224 ns
[2026-02-05T19:58:55.833+0000][204.359s][debug][safepoint   ] Safepoint synchronization initiated using futex wait barrier. (397 threads)
[2026-02-05T19:58:55.833+0000][204.360s][info ][safepoint   ] Safepoint "Cleanup", Time since last: 1000477963 ns, Reaching safepoint: 401817 ns, Cleanup: 13700 ns, At safepoint: 5100 ns, Total: 420617 ns
[2026-02-05T19:58:56.834+0000][205.360s][debug][safepoint   ] Safepoint synchronization initiated using futex wait barrier. (397 threads)
[2026-02-05T19:58:56.834+0000][205.360s][info ][safepoint   ] Safepoint "Cleanup", Time since last: 1000393460 ns, Reaching safepoint: 318514 ns, Cleanup: 30101 ns, At safepoint: 31601 ns, Total: 380216 ns
[2026-02-05T19:58:57.834+0000][206.361s][debug][safepoint   ] Safepoint synchronization initiated using futex wait barrier. (397 threads)
[2026-02-05T19:58:57.835+0000][206.361s][info ][safepoint   ] Safepoint "Cleanup", Time since last: 1000423119 ns, Reaching safepoint: 315213 ns, Cleanup: 22501 ns, At safepoint: 33202 ns, Total: 370916 ns
[2026-02-05T19:58:58.835+0000][207.362s][debug][safepoint   ] Safepoint synchronization initiated using futex wait barrier. (397 threads)
[2026-02-05T19:58:58.836+0000][207.362s][info ][safepoint   ] Safepoint "Cleanup", Time since last: 1000404480 ns, Reaching safepoint: 353314 ns, Cleanup: 14201 ns, At safepoint: 5900 ns, Total: 373415 ns
[2026-02-05T19:58:58.864+0000][207.390s][debug][safepoint   ] Safepoint synchronization initiated using futex wait barrier. (397 threads)
[2026-02-05T19:58:58.865+0000][207.391s][info ][gc,start    ] GC(81) Pause Young (Normal) (G1 Evacuation Pause)
[2026-02-05T19:58:58.865+0000][207.392s][info ][gc,task     ] GC(81) Using 10 workers of 10 for evacuation
[2026-02-05T19:58:58.874+0000][207.400s][info ][gc,phases   ] GC(81)   Pre Evacuate Collection Set: 0.6ms
[2026-02-05T19:58:58.875+0000][207.401s][info ][gc,phases   ] GC(81)   Merge Heap Roots: 0.4ms
[2026-02-05T19:58:58.875+0000][207.401s][info ][gc,phases   ] GC(81)   Evacuate Collection Set: 3.4ms
[2026-02-05T19:58:58.875+0000][207.402s][info ][gc,phases   ] GC(81)   Post Evacuate Collection Set: 4.0ms
[2026-02-05T19:58:58.876+0000][207.402s][info ][gc,phases   ] GC(81)   Other: 0.8ms
[2026-02-05T19:58:58.876+0000][207.402s][info ][gc,heap     ] GC(81) Eden regions: 107->0(108)
[2026-02-05T19:58:58.876+0000][207.403s][info ][gc,heap     ] GC(81) Survivor regions: 1->1(14)
[2026-02-05T19:58:58.877+0000][207.403s][info ][gc,heap     ] GC(81) Old regions: 88->88
[2026-02-05T19:58:58.877+0000][207.403s][info ][gc,heap     ] GC(81) Archive regions: 2->2
[2026-02-05T19:58:58.877+0000][207.404s][info ][gc,heap     ] GC(81) Humongous regions: 0->0
[2026-02-05T19:58:58.877+0000][207.404s][info ][gc,metaspace] GC(81) Metaspace: 195697K(198336K)->195697K(198336K) NonClass: 171805K(173184K)->171805K(173184K) Class: 23892K(25152K)->23892K(25152K)
[2026-02-05T19:58:58.878+0000][207.404s][info ][gc          ] GC(81) Pause Young (Normal) (G1 Evacuation Pause) 391M->177M(452M) 12.723ms
[2026-02-05T19:58:58.878+0000][207.404s][info ][gc,cpu      ] GC(81) User=0.05s Sys=0.00s Real=0.01s
[2026-02-05T19:58:58.879+0000][207.405s][info ][safepoint   ] Safepoint "G1CollectForAllocation", Time since last: 27980863 ns, Reaching safepoint: 1272753 ns, Cleanup: 7700 ns, At safepoint: 13675669 ns, Total: 14956122 ns
[2026-02-05T19:58:59.879+0000][208.405s][debug][safepoint   ] Safepoint synchronization initiated using futex wait barrier. (396 threads)
[2026-02-05T19:58:59.879+0000][208.405s][info ][safepoint   ] Safepoint "Cleanup", Time since last: 1000325076 ns, Reaching safepoint: 271812 ns, Cleanup: 13600 ns, At safepoint: 5100 ns, Total: 290512 ns
[2026-02-05T19:59:00.879+0000][209.406s][debug][safepoint   ] Safepoint synchronization initiated using futex wait barrier. (396 threads)
[2026-02-05T19:59:00.880+0000][209.406s][info ][safepoint   ] Safepoint "Cleanup", Time since last: 1000290475 ns, Reaching safepoint: 274312 ns, Cleanup: 14800 ns, At safepoint: 4801 ns, Total: 293913 ns
[2026-02-05T19:59:02.880+0000][211.406s][debug][safepoint   ] Safepoint synchronization initiated using futex wait barrier. (396 threads)
[2026-02-05T19:59:02.880+0000][211.407s][info ][safepoint   ] Safepoint "Cleanup", Time since last: 2000411043 ns, Reaching safepoint: 308113 ns, Cleanup: 11800 ns, At safepoint: 4900 ns, Total: 324813 ns
[2026-02-05T19:59:03.881+0000][212.407s][debug][safepoint   ] Safepoint synchronization initiated using futex wait barrier. (396 threads)
[2026-02-05T19:59:03.881+0000][212.407s][info ][safepoint   ] Safepoint "Cleanup", Time since last: 1000267875 ns, Reaching safepoint: 279411 ns, Cleanup: 11101 ns, At safepoint: 5400 ns, Total: 295912 ns
[2026-02-05T19:59:04.881+0000][213.408s][debug][safepoint   ] Safepoint synchronization initiated using futex wait barrier. (396 threads)
[2026-02-05T19:59:04.882+0000][213.408s][info ][safepoint   ] Safepoint "Cleanup", Time since last: 1000260374 ns, Reaching safepoint: 336614 ns, Cleanup: 9000 ns, At safepoint: 4300 ns, Total: 349914 ns
[2026-02-05T19:59:05.882+0000][214.408s][debug][safepoint   ] Safepoint synchronization initiated using futex wait barrier. (396 threads)
[2026-02-05T19:59:05.882+0000][214.409s][info ][safepoint   ] Safepoint "Cleanup", Time since last: 1000406916 ns, Reaching safepoint: 311813 ns, Cleanup: 14700 ns, At safepoint: 6401 ns, Total: 332914 ns
[2026-02-05T19:59:06.883+0000][215.409s][debug][safepoint   ] Safepoint synchronization initiated using futex wait barrier. (396 threads)
[2026-02-05T19:59:06.883+0000][215.410s][info ][safepoint   ] Safepoint "Cleanup", Time since last: 1000697807 ns, Reaching safepoint: 302412 ns, Cleanup: 11101 ns, At safepoint: 5200 ns, Total: 318713 ns
[2026-02-05T19:59:07.884+0000][216.410s][debug][safepoint   ] Safepoint synchronization initiated using futex wait barrier. (396 threads)
[2026-02-05T19:59:07.884+0000][216.410s][info ][safepoint   ] Safepoint "Cleanup", Time since last: 1000285190 ns, Reaching safepoint: 408317 ns, Cleanup: 13000 ns, At safepoint: 6500 ns, Total: 427817 ns
[2026-02-05T19:59:09.885+0000][218.411s][debug][safepoint   ] Safepoint synchronization initiated using futex wait barrier. (396 threads)
[2026-02-05T19:59:09.885+0000][218.411s][info ][safepoint   ] Safepoint "Cleanup", Time since last: 2000399173 ns, Reaching safepoint: 322913 ns, Cleanup: 14601 ns, At safepoint: 10000 ns, Total: 347514 ns
[2026-02-05T19:59:10.885+0000][219.412s][debug][safepoint   ] Safepoint synchronization initiated using futex wait barrier. (396 threads)
[2026-02-05T19:59:10.886+0000][219.412s][info ][safepoint   ] Safepoint "Cleanup", Time since last: 1000597603 ns, Reaching safepoint: 326514 ns, Cleanup: 24501 ns, At safepoint: 6400 ns, Total: 357415 ns
[2026-02-05T19:59:11.886+0000][220.412s][debug][safepoint   ] Safepoint synchronization initiated using futex wait barrier. (396 threads)
[2026-02-05T19:59:11.886+0000][220.413s][info ][safepoint   ] Safepoint "Cleanup", Time since last: 1000292890 ns, Reaching safepoint: 290512 ns, Cleanup: 55403 ns, At safepoint: 16200 ns, Total: 362115 ns
[2026-02-05T19:59:13.887+0000][222.413s][debug][safepoint   ] Safepoint synchronization initiated using futex wait barrier. (396 threads)
[2026-02-05T19:59:13.887+0000][222.414s][info ][safepoint   ] Safepoint "Cleanup", Time since last: 2000448443 ns, Reaching safepoint: 420616 ns, Cleanup: 11601 ns, At safepoint: 28101 ns, Total: 460318 ns
[2026-02-05T19:59:14.888+0000][223.414s][debug][safepoint   ] Safepoint synchronization initiated using futex wait barrier. (396 threads)
[2026-02-05T19:59:14.888+0000][223.415s][info ][safepoint   ] Safepoint "Cleanup", Time since last: 1000528762 ns, Reaching safepoint: 291012 ns, Cleanup: 15300 ns, At safepoint: 5000 ns, Total: 311312 ns
[2026-02-05T19:59:15.889+0000][224.415s][debug][safepoint   ] Safepoint synchronization initiated using futex wait barrier. (396 threads)
[2026-02-05T19:59:15.889+0000][224.415s][info ][safepoint   ] Safepoint "Cleanup", Time since last: 1000269853 ns, Reaching safepoint: 273111 ns, Cleanup: 10400 ns, At safepoint: 5300 ns, Total: 288811 ns
[2026-02-05T19:59:16.889+0000][225.415s][debug][safepoint   ] Safepoint synchronization initiated using futex wait barrier. (396 threads)
[2026-02-05T19:59:16.890+0000][225.416s][info ][safepoint   ] Safepoint "Cleanup", Time since last: 1000272454 ns, Reaching safepoint: 501819 ns, Cleanup: 12900 ns, At safepoint: 6000 ns, Total: 520719 ns
[2026-02-05T19:59:17.889+0000][226.416s][debug][safepoint   ] Safepoint synchronization initiated using futex wait barrier. (396 threads)
[2026-02-05T19:59:17.889+0000][226.417s][info ][safepoint   ] Safepoint "Cleanup", Time since last: 1000520762 ns, Reaching safepoint: 330013 ns, Cleanup: 10600 ns, At safepoint: 5501 ns, Total: 346114 ns
[2026-02-05T19:59:20.889+0000][229.417s][debug][safepoint   ] Safepoint synchronization initiated using futex wait barrier. (395 threads)
[2026-02-05T19:59:20.890+0000][229.418s][info ][safepoint   ] Safepoint "Cleanup", Time since last: 3000535248 ns, Reaching safepoint: 635224 ns, Cleanup: 38702 ns, At safepoint: 172306 ns, Total: 846232 ns
[2026-02-05T19:59:21.891+0000][230.419s][debug][safepoint   ] Safepoint synchronization initiated using futex wait barrier. (395 threads)
[2026-02-05T19:59:21.891+0000][230.419s][info ][safepoint   ] Safepoint "Cleanup", Time since last: 1000728443 ns, Reaching safepoint: 263709 ns, Cleanup: 18701 ns, At safepoint: 5600 ns, Total: 288010 ns
[2026-02-05T19:59:23.892+0000][232.420s][debug][safepoint   ] Safepoint synchronization initiated using futex wait barrier. (394 threads)
[2026-02-05T19:59:23.892+0000][232.420s][info ][safepoint   ] Safepoint "Cleanup", Time since last: 2000346746 ns, Reaching safepoint: 270510 ns, Cleanup: 12601 ns, At safepoint: 5200 ns, Total: 288311 ns
[2026-02-05T19:59:24.892+0000][233.420s][debug][safepoint   ] Safepoint synchronization initiated using futex wait barrier. (394 threads)
[2026-02-05T19:59:24.893+0000][233.420s][info ][safepoint   ] Safepoint "Cleanup", Time since last: 1000279477 ns, Reaching safepoint: 297011 ns, Cleanup: 13200 ns, At safepoint: 5100 ns, Total: 315311 ns
[2026-02-05T19:59:25.893+0000][234.421s][debug][safepoint   ] Safepoint synchronization initiated using futex wait barrier. (394 threads)
[2026-02-05T19:59:25.893+0000][234.421s][info ][safepoint   ] Safepoint "Cleanup", Time since last: 1000292078 ns, Reaching safepoint: 435416 ns, Cleanup: 35201 ns, At safepoint: 32801 ns, Total: 503418 ns
[2026-02-05T19:59:28.894+0000][237.422s][debug][safepoint   ] Safepoint synchronization initiated using futex wait barrier. (394 threads)
[2026-02-05T19:59:28.894+0000][237.422s][info ][safepoint   ] Safepoint "Cleanup", Time since last: 3000526319 ns, Reaching safepoint: 397515 ns, Cleanup: 10800 ns, At safepoint: 4801 ns, Total: 413116 ns
[2026-02-05T19:59:29.895+0000][238.422s][debug][safepoint   ] Safepoint synchronization initiated using futex wait barrier. (394 threads)
[2026-02-05T19:59:29.895+0000][238.423s][info ][safepoint   ] Safepoint "Cleanup", Time since last: 1000354601 ns, Reaching safepoint: 635526 ns, Cleanup: 16000 ns, At safepoint: 100105 ns, Total: 751631 ns
[2026-02-05T19:59:31.896+0000][240.424s][debug][safepoint   ] Safepoint synchronization initiated using futex wait barrier. (394 threads)
[2026-02-05T19:59:31.897+0000][240.424s][info ][safepoint   ] Safepoint "Cleanup", Time since last: 2000546324 ns, Reaching safepoint: 557123 ns, Cleanup: 21601 ns, At safepoint: 87604 ns, Total: 666328 ns
[2026-02-05T19:59:32.908+0000][241.436s][debug][safepoint   ] Safepoint synchronization initiated using futex wait barrier. (394 threads)
[2026-02-05T19:59:32.908+0000][241.436s][info ][safepoint   ] Safepoint "Cleanup", Time since last: 1011102310 ns, Reaching safepoint: 285612 ns, Cleanup: 11100 ns, At safepoint: 5100 ns, Total: 301812 ns
[2026-02-05T19:59:33.908+0000][242.436s][debug][safepoint   ] Safepoint synchronization initiated using futex wait barrier. (394 threads)
[2026-02-05T19:59:33.909+0000][242.436s][info ][safepoint   ] Safepoint "Cleanup", Time since last: 1000253562 ns, Reaching safepoint: 281412 ns, Cleanup: 11400 ns, At safepoint: 36102 ns, Total: 328914 ns
[2026-02-05T19:59:35.525+0000][244.053s][debug][safepoint   ] Safepoint synchronization initiated using futex wait barrier. (396 threads)
[2026-02-05T19:59:35.526+0000][244.054s][info ][gc,start    ] GC(82) Pause Young (Normal) (G1 Evacuation Pause)
[2026-02-05T19:59:35.526+0000][244.054s][info ][gc,task     ] GC(82) Using 10 workers of 10 for evacuation
[2026-02-05T19:59:35.530+0000][244.058s][info ][gc,phases   ] GC(82)   Pre Evacuate Collection Set: 0.4ms
[2026-02-05T19:59:35.531+0000][244.059s][info ][gc,phases   ] GC(82)   Merge Heap Roots: 0.2ms
[2026-02-05T19:59:35.531+0000][244.059s][info ][gc,phases   ] GC(82)   Evacuate Collection Set: 2.3ms
[2026-02-05T19:59:35.531+0000][244.059s][info ][gc,phases   ] GC(82)   Post Evacuate Collection Set: 1.3ms
[2026-02-05T19:59:35.531+0000][244.059s][info ][gc,phases   ] GC(82)   Other: 0.6ms
[2026-02-05T19:59:35.531+0000][244.059s][info ][gc,heap     ] GC(82) Eden regions: 108->0(109)
[2026-02-05T19:59:35.532+0000][244.059s][info ][gc,heap     ] GC(82) Survivor regions: 1->1(14)
[2026-02-05T19:59:35.532+0000][244.060s][info ][gc,heap     ] GC(82) Old regions: 88->88
[2026-02-05T19:59:35.532+0000][244.060s][info ][gc,heap     ] GC(82) Archive regions: 2->2
[2026-02-05T19:59:35.532+0000][244.060s][info ][gc,heap     ] GC(82) Humongous regions: 0->0
[2026-02-05T19:59:35.532+0000][244.060s][info ][gc,metaspace] GC(82) Metaspace: 195915K(198528K)->195915K(198528K) NonClass: 172022K(173376K)->172022K(173376K) Class: 23892K(25152K)->23892K(25152K)
[2026-02-05T19:59:35.532+0000][244.060s][info ][gc          ] GC(82) Pause Young (Normal) (G1 Evacuation Pause) 393M->177M(452M) 6.695ms
[2026-02-05T19:59:35.533+0000][244.060s][info ][gc,cpu      ] GC(82) User=0.01s Sys=0.00s Real=0.00s
[2026-02-05T19:59:35.533+0000][244.061s][info ][safepoint   ] Safepoint "G1CollectForAllocation", Time since last: 1616762554 ns, Reaching safepoint: 246211 ns, Cleanup: 10500 ns, At safepoint: 7283601 ns, Total: 7540312 ns
[2026-02-05T19:59:36.533+0000][245.061s][debug][safepoint   ] Safepoint synchronization initiated using futex wait barrier. (394 threads)
[2026-02-05T19:59:36.534+0000][245.061s][info ][safepoint   ] Safepoint "Cleanup", Time since last: 1000367967 ns, Reaching safepoint: 309712 ns, Cleanup: 14401 ns, At safepoint: 4900 ns, Total: 329013 ns
[2026-02-05T19:59:38.534+0000][247.062s][debug][safepoint   ] Safepoint synchronization initiated using futex wait barrier. (394 threads)
[2026-02-05T19:59:38.534+0000][247.062s][info ][safepoint   ] Safepoint "Cleanup", Time since last: 2000445114 ns, Reaching safepoint: 244410 ns, Cleanup: 8701 ns, At safepoint: 20900 ns, Total: 274011 ns
[2026-02-05T19:59:39.535+0000][248.062s][debug][safepoint   ] Safepoint synchronization initiated using futex wait barrier. (394 threads)
[2026-02-05T19:59:39.535+0000][248.063s][info ][safepoint   ] Safepoint "Cleanup", Time since last: 1000240176 ns, Reaching safepoint: 260411 ns, Cleanup: 14600 ns, At safepoint: 5300 ns, Total: 280311 ns
[2026-02-05T19:59:41.535+0000][250.063s][debug][safepoint   ] Safepoint synchronization initiated using futex wait barrier. (394 threads)
[2026-02-05T19:59:41.536+0000][250.063s][info ][safepoint   ] Safepoint "Cleanup", Time since last: 2000354346 ns, Reaching safepoint: 255610 ns, Cleanup: 12201 ns, At safepoint: 37802 ns, Total: 305613 ns
[2026-02-05T19:59:42.536+0000][251.064s][debug][safepoint   ] Safepoint synchronization initiated using futex wait barrier. (394 threads)
[2026-02-05T19:59:42.536+0000][251.064s][info ][safepoint   ] Safepoint "Cleanup", Time since last: 1000689294 ns, Reaching safepoint: 258410 ns, Cleanup: 15401 ns, At safepoint: 4900 ns, Total: 278711 ns
[2026-02-05T19:59:43.537+0000][252.065s][debug][safepoint   ] Safepoint synchronization initiated using futex wait barrier. (394 threads)
[2026-02-05T19:59:43.541+0000][252.069s][info ][safepoint   ] Safepoint "Cleanup", Time since last: 1000276577 ns, Reaching safepoint: 3925163 ns, Cleanup: 16501 ns, At safepoint: 12400 ns, Total: 3954064 ns
[2026-02-05T19:59:44.541+0000][253.069s][debug][safepoint   ] Safepoint synchronization initiated using futex wait barrier. (394 threads)
[2026-02-05T19:59:44.541+0000][253.069s][info ][safepoint   ] Safepoint "Cleanup", Time since last: 1000382382 ns, Reaching safepoint: 251710 ns, Cleanup: 16001 ns, At safepoint: 5000 ns, Total: 272711 ns
[2026-02-05T19:59:45.542+0000][254.069s][debug][safepoint   ] Safepoint synchronization initiated using futex wait barrier. (394 threads)
[2026-02-05T19:59:45.542+0000][254.070s][info ][safepoint   ] Safepoint "Cleanup", Time since last: 1000256455 ns, Reaching safepoint: 452517 ns, Cleanup: 11300 ns, At safepoint: 5000 ns, Total: 468817 ns
[2026-02-05T19:59:46.542+0000][255.070s][debug][safepoint   ] Safepoint synchronization initiated using futex wait barrier. (394 threads)
[2026-02-05T19:59:46.543+0000][255.071s][info ][safepoint   ] Safepoint "Cleanup", Time since last: 1000263591 ns, Reaching safepoint: 313312 ns, Cleanup: 18300 ns, At safepoint: 48502 ns, Total: 380114 ns
[2026-02-05T19:59:47.541+0000][256.071s][debug][safepoint   ] Safepoint synchronization initiated using futex wait barrier. (394 threads)
[2026-02-05T19:59:47.542+0000][256.071s][info ][safepoint   ] Safepoint "Cleanup", Time since last: 1000331993 ns, Reaching safepoint: 397115 ns, Cleanup: 10200 ns, At safepoint: 27601 ns, Total: 434916 ns
[2026-02-05T19:59:49.542+0000][258.072s][debug][safepoint   ] Safepoint synchronization initiated using futex wait barrier. (394 threads)
[2026-02-05T19:59:49.542+0000][258.072s][info ][safepoint   ] Safepoint "Cleanup", Time since last: 2000351874 ns, Reaching safepoint: 337113 ns, Cleanup: 12501 ns, At safepoint: 23600 ns, Total: 373214 ns
[2026-02-05T19:59:50.543+0000][259.072s][debug][safepoint   ] Safepoint synchronization initiated using futex wait barrier. (394 threads)
[2026-02-05T19:59:50.543+0000][259.073s][info ][safepoint   ] Safepoint "Cleanup", Time since last: 1000279592 ns, Reaching safepoint: 356013 ns, Cleanup: 15801 ns, At safepoint: 5900 ns, Total: 377714 ns
[2026-02-05T19:59:52.543+0000][261.073s][debug][safepoint   ] Safepoint synchronization initiated using futex wait barrier. (394 threads)
[2026-02-05T19:59:52.544+0000][261.074s][info ][safepoint   ] Safepoint "Cleanup", Time since last: 2000390976 ns, Reaching safepoint: 369213 ns, Cleanup: 11001 ns, At safepoint: 23501 ns, Total: 403715 ns
[2026-02-05T19:59:53.544+0000][262.074s][debug][safepoint   ] Safepoint synchronization initiated using futex wait barrier. (394 threads)
[2026-02-05T19:59:53.544+0000][262.074s][info ][safepoint   ] Safepoint "Cleanup", Time since last: 1000366128 ns, Reaching safepoint: 358314 ns, Cleanup: 13001 ns, At safepoint: 13900 ns, Total: 385215 ns
[2026-02-05T19:59:54.545+0000][263.075s][debug][safepoint   ] Safepoint synchronization initiated using futex wait barrier. (394 threads)
[2026-02-05T19:59:54.545+0000][263.075s][info ][safepoint   ] Safepoint "Cleanup", Time since last: 1000305395 ns, Reaching safepoint: 316413 ns, Cleanup: 14101 ns, At safepoint: 5000 ns, Total: 335514 ns
[2026-02-05T19:59:55.545+0000][264.075s][debug][safepoint   ] Safepoint synchronization initiated using futex wait barrier. (394 threads)
[2026-02-05T19:59:55.546+0000][264.076s][info ][safepoint   ] Safepoint "Cleanup", Time since last: 1000276394 ns, Reaching safepoint: 484819 ns, Cleanup: 60003 ns, At safepoint: 50202 ns, Total: 595024 ns
[2026-02-05T19:59:57.547+0000][266.076s][debug][safepoint   ] Safepoint synchronization initiated using futex wait barrier. (394 threads)
[2026-02-05T19:59:57.547+0000][266.077s][info ][safepoint   ] Safepoint "Cleanup", Time since last: 2000627491 ns, Reaching safepoint: 427017 ns, Cleanup: 13601 ns, At safepoint: 22300 ns, Total: 462918 ns
[2026-02-05T19:59:58.547+0000][267.077s][debug][safepoint   ] Safepoint synchronization initiated using futex wait barrier. (394 threads)
[2026-02-05T19:59:58.548+0000][267.077s][info ][safepoint   ] Safepoint "Cleanup", Time since last: 1000350597 ns, Reaching safepoint: 241310 ns, Cleanup: 10001 ns, At safepoint: 4400 ns, Total: 255711 ns
[2026-02-05T19:59:59.548+0000][268.078s][debug][safepoint   ] Safepoint synchronization initiated using futex wait barrier. (393 threads)
[2026-02-05T19:59:59.548+0000][268.078s][info ][safepoint   ] Safepoint "Cleanup", Time since last: 1000252993 ns, Reaching safepoint: 269011 ns, Cleanup: 55602 ns, At safepoint: 26201 ns, Total: 350814 ns
[2026-02-05T20:00:00.549+0000][269.078s][debug][safepoint   ] Safepoint synchronization initiated using futex wait barrier. (393 threads)
[2026-02-05T20:00:00.549+0000][269.079s][info ][safepoint   ] Safepoint "Cleanup", Time since last: 1000261893 ns, Reaching safepoint: 251810 ns, Cleanup: 18801 ns, At safepoint: 5200 ns, Total: 275811 ns
[2026-02-05T20:00:01.549+0000][270.079s][debug][safepoint   ] Safepoint synchronization initiated using futex wait barrier. (393 threads)
[2026-02-05T20:00:01.550+0000][270.080s][info ][safepoint   ] Safepoint "Cleanup", Time since last: 1000396455 ns, Reaching safepoint: 832934 ns, Cleanup: 24601 ns, At safepoint: 118405 ns, Total: 975940 ns
[2026-02-05T20:00:03.551+0000][272.080s][debug][safepoint   ] Safepoint synchronization initiated using futex wait barrier. (393 threads)
[2026-02-05T20:00:03.551+0000][272.081s][info ][safepoint   ] Safepoint "Cleanup", Time since last: 2000472294 ns, Reaching safepoint: 306813 ns, Cleanup: 21801 ns, At safepoint: 5400 ns, Total: 334014 ns
[2026-02-05T20:00:04.551+0000][273.081s][debug][safepoint   ] Safepoint synchronization initiated using futex wait barrier. (393 threads)
[2026-02-05T20:00:04.552+0000][273.081s][info ][safepoint   ] Safepoint "Cleanup", Time since last: 1000263098 ns, Reaching safepoint: 270211 ns, Cleanup: 17701 ns, At safepoint: 6000 ns, Total: 293912 ns
[2026-02-05T20:00:06.552+0000][275.082s][debug][safepoint   ] Safepoint synchronization initiated using futex wait barrier. (393 threads)
[2026-02-05T20:00:06.552+0000][275.082s][info ][safepoint   ] Safepoint "Cleanup", Time since last: 2000424393 ns, Reaching safepoint: 375315 ns, Cleanup: 19901 ns, At safepoint: 5800 ns, Total: 401016 ns
[2026-02-05T20:00:07.553+0000][276.083s][debug][safepoint   ] Safepoint synchronization initiated using futex wait barrier. (393 threads)
[2026-02-05T20:00:07.553+0000][276.083s][info ][safepoint   ] Safepoint "Cleanup", Time since last: 1000304500 ns, Reaching safepoint: 506321 ns, Cleanup: 19001 ns, At safepoint: 56302 ns, Total: 581624 ns
[2026-02-05T20:00:08.554+0000][277.084s][debug][safepoint   ] Safepoint synchronization initiated using futex wait barrier. (393 threads)
[2026-02-05T20:00:08.554+0000][277.084s][info ][safepoint   ] Safepoint "Cleanup", Time since last: 1000584411 ns, Reaching safepoint: 290012 ns, Cleanup: 9901 ns, At safepoint: 23401 ns, Total: 323314 ns
[2026-02-05T20:00:09.719+0000][278.249s][debug][safepoint   ] Safepoint synchronization initiated using futex wait barrier. (394 threads)
[2026-02-05T20:00:09.720+0000][278.249s][info ][safepoint   ] Safepoint "Cleanup", Time since last: 1164825884 ns, Reaching safepoint: 375316 ns, Cleanup: 81203 ns, At safepoint: 43102 ns, Total: 499621 ns
[2026-02-05T20:00:09.792+0000][278.322s][debug][safepoint   ] Safepoint synchronization initiated using futex wait barrier. (394 threads)
[2026-02-05T20:00:09.793+0000][278.323s][info ][gc,start    ] GC(83) Pause Young (Normal) (G1 Evacuation Pause)
[2026-02-05T20:00:09.793+0000][278.323s][info ][gc,task     ] GC(83) Using 10 workers of 10 for evacuation
[2026-02-05T20:00:09.799+0000][278.328s][info ][gc,phases   ] GC(83)   Pre Evacuate Collection Set: 0.4ms
[2026-02-05T20:00:09.799+0000][278.329s][info ][gc,phases   ] GC(83)   Merge Heap Roots: 0.3ms
[2026-02-05T20:00:09.799+0000][278.329s][info ][gc,phases   ] GC(83)   Evacuate Collection Set: 2.4ms
[2026-02-05T20:00:09.799+0000][278.329s][info ][gc,phases   ] GC(83)   Post Evacuate Collection Set: 2.1ms
[2026-02-05T20:00:09.799+0000][278.329s][info ][gc,phases   ] GC(83)   Other: 0.6ms
[2026-02-05T20:00:09.799+0000][278.329s][info ][gc,heap     ] GC(83) Eden regions: 109->0(108)
[2026-02-05T20:00:09.800+0000][278.329s][info ][gc,heap     ] GC(83) Survivor regions: 1->2(14)
[2026-02-05T20:00:09.800+0000][278.330s][info ][gc,heap     ] GC(83) Old regions: 88->88
[2026-02-05T20:00:09.800+0000][278.330s][info ][gc,heap     ] GC(83) Archive regions: 2->2
[2026-02-05T20:00:09.800+0000][278.330s][info ][gc,heap     ] GC(83) Humongous regions: 0->0
[2026-02-05T20:00:09.800+0000][278.330s][info ][gc,metaspace] GC(83) Metaspace: 196452K(199040K)->196452K(199040K) NonClass: 172511K(173824K)->172511K(173824K) Class: 23941K(25216K)->23941K(25216K)
[2026-02-05T20:00:09.800+0000][278.330s][info ][gc          ] GC(83) Pause Young (Normal) (G1 Evacuation Pause) 395M->178M(452M) 7.617ms
[2026-02-05T20:00:09.801+0000][278.330s][info ][gc,cpu      ] GC(83) User=0.02s Sys=0.03s Real=0.01s
[2026-02-05T20:00:09.802+0000][278.332s][info ][safepoint   ] Safepoint "G1CollectForAllocation", Time since last: 72615082 ns, Reaching safepoint: 468320 ns, Cleanup: 66902 ns, At safepoint: 9212579 ns, Total: 9747801 ns
[2026-02-05T20:00:10.803+0000][279.333s][debug][safepoint   ] Safepoint synchronization initiated using futex wait barrier. (394 threads)
[2026-02-05T20:00:10.803+0000][279.333s][info ][safepoint   ] Safepoint "Cleanup", Time since last: 1000940415 ns, Reaching safepoint: 290012 ns, Cleanup: 50402 ns, At safepoint: 6001 ns, Total: 346415 ns
[2026-02-05T20:00:13.804+0000][282.333s][debug][safepoint   ] Safepoint synchronization initiated using futex wait barrier. (394 threads)
[2026-02-05T20:00:13.804+0000][282.334s][info ][safepoint   ] Safepoint "Cleanup", Time since last: 3000491050 ns, Reaching safepoint: 253411 ns, Cleanup: 9700 ns, At safepoint: 4400 ns, Total: 267511 ns
[2026-02-05T20:00:14.804+0000][283.334s][debug][safepoint   ] Safepoint synchronization initiated using futex wait barrier. (394 threads)
[2026-02-05T20:00:14.805+0000][283.334s][info ][safepoint   ] Safepoint "Cleanup", Time since last: 1000373592 ns, Reaching safepoint: 325214 ns, Cleanup: 15000 ns, At safepoint: 29002 ns, Total: 369216 ns
[2026-02-05T20:00:15.805+0000][284.335s][debug][safepoint   ] Safepoint synchronization initiated using futex wait barrier. (394 threads)
[2026-02-05T20:00:15.805+0000][284.335s][info ][safepoint   ] Safepoint "Cleanup", Time since last: 1000390192 ns, Reaching safepoint: 262111 ns, Cleanup: 12201 ns, At safepoint: 4500 ns, Total: 278812 ns
[2026-02-05T20:00:17.805+0000][286.336s][debug][safepoint   ] Safepoint synchronization initiated using futex wait barrier. (394 threads)
[2026-02-05T20:00:17.806+0000][286.337s][info ][safepoint   ] Safepoint "Cleanup", Time since last: 2000611441 ns, Reaching safepoint: 1157240 ns, Cleanup: 19201 ns, At safepoint: 14900 ns, Total: 1191341 ns
[2026-02-05T20:00:18.806+0000][287.337s][debug][safepoint   ] Safepoint synchronization initiated using futex wait barrier. (394 threads)
[2026-02-05T20:00:18.806+0000][287.338s][info ][safepoint   ] Safepoint "Cleanup", Time since last: 1000448420 ns, Reaching safepoint: 282110 ns, Cleanup: 11100 ns, At safepoint: 4600 ns, Total: 297810 ns
[2026-02-05T20:00:19.807+0000][288.338s][debug][safepoint   ] Safepoint synchronization initiated using futex wait barrier. (394 threads)
[2026-02-05T20:00:19.807+0000][288.338s][info ][safepoint   ] Safepoint "Cleanup", Time since last: 1000404018 ns, Reaching safepoint: 339612 ns, Cleanup: 12501 ns, At safepoint: 26500 ns, Total: 378613 ns
[2026-02-05T20:00:22.808+0000][291.339s][debug][safepoint   ] Safepoint synchronization initiated using futex wait barrier. (393 threads)
[2026-02-05T20:00:22.808+0000][291.339s][info ][safepoint   ] Safepoint "Cleanup", Time since last: 3000559033 ns, Reaching safepoint: 326411 ns, Cleanup: 14700 ns, At safepoint: 6001 ns, Total: 347112 ns
[2026-02-05T20:00:23.809+0000][292.340s][debug][safepoint   ] Safepoint synchronization initiated using futex wait barrier. (393 threads)
[2026-02-05T20:00:23.809+0000][292.340s][info ][safepoint   ] Safepoint "Cleanup", Time since last: 1000384317 ns, Reaching safepoint: 455216 ns, Cleanup: 20401 ns, At safepoint: 10600 ns, Total: 486217 ns
[2026-02-05T20:00:24.809+0000][293.341s][debug][safepoint   ] Safepoint synchronization initiated using futex wait barrier. (393 threads)
[2026-02-05T20:00:24.810+0000][293.341s][info ][safepoint   ] Safepoint "Cleanup", Time since last: 1000419919 ns, Reaching safepoint: 271909 ns, Cleanup: 13901 ns, At safepoint: 4900 ns, Total: 290710 ns
[2026-02-05T20:00:26.810+0000][295.341s][debug][safepoint   ] Safepoint synchronization initiated using futex wait barrier. (393 threads)
[2026-02-05T20:00:26.810+0000][295.342s][info ][safepoint   ] Safepoint "Cleanup", Time since last: 2000374186 ns, Reaching safepoint: 321513 ns, Cleanup: 13801 ns, At safepoint: 5600 ns, Total: 340914 ns
[2026-02-05T20:00:27.811+0000][296.342s][debug][safepoint   ] Safepoint synchronization initiated using futex wait barrier. (393 threads)
[2026-02-05T20:00:27.811+0000][296.342s][info ][safepoint   ] Safepoint "Cleanup", Time since last: 1000276217 ns, Reaching safepoint: 281911 ns, Cleanup: 15801 ns, At safepoint: 5400 ns, Total: 303112 ns
[2026-02-05T20:00:28.811+0000][297.342s][debug][safepoint   ] Safepoint synchronization initiated using futex wait barrier. (393 threads)
[2026-02-05T20:00:28.812+0000][297.343s][info ][safepoint   ] Safepoint "Cleanup", Time since last: 1000273317 ns, Reaching safepoint: 371615 ns, Cleanup: 33601 ns, At safepoint: 5400 ns, Total: 410616 ns
[2026-02-05T20:00:31.812+0000][300.344s][debug][safepoint   ] Safepoint synchronization initiated using futex wait barrier. (393 threads)
[2026-02-05T20:00:31.813+0000][300.344s][info ][safepoint   ] Safepoint "Cleanup", Time since last: 3000653743 ns, Reaching safepoint: 390916 ns, Cleanup: 11401 ns, At safepoint: 7800 ns, Total: 410117 ns
[2026-02-05T20:00:33.003+0000][301.534s][debug][safepoint   ] Safepoint synchronization initiated using futex wait barrier. (393 threads)
[2026-02-05T20:00:33.003+0000][301.534s][info ][safepoint   ] Safepoint "Cleanup", Time since last: 1189805588 ns, Reaching safepoint: 292012 ns, Cleanup: 12501 ns, At safepoint: 6400 ns, Total: 310913 ns
[2026-02-05T20:00:35.003+0000][303.535s][debug][safepoint   ] Safepoint synchronization initiated using futex wait barrier. (393 threads)
[2026-02-05T20:00:35.004+0000][303.535s][info ][safepoint   ] Safepoint "Cleanup", Time since last: 2000490945 ns, Reaching safepoint: 382816 ns, Cleanup: 23801 ns, At safepoint: 12101 ns, Total: 418718 ns
[2026-02-05T20:00:36.004+0000][304.535s][debug][safepoint   ] Safepoint synchronization initiated using futex wait barrier. (393 threads)
[2026-02-05T20:00:36.005+0000][304.536s][info ][safepoint   ] Safepoint "Cleanup", Time since last: 1000423957 ns, Reaching safepoint: 474919 ns, Cleanup: 9501 ns, At safepoint: 45502 ns, Total: 529922 ns
[2026-02-05T20:00:37.005+0000][305.536s][debug][safepoint   ] Safepoint synchronization initiated using futex wait barrier. (393 threads)
[2026-02-05T20:00:37.006+0000][305.537s][info ][safepoint   ] Safepoint "Cleanup", Time since last: 1000477259 ns, Reaching safepoint: 381616 ns, Cleanup: 14100 ns, At safepoint: 5001 ns, Total: 400717 ns
[2026-02-05T20:00:40.006+0000][308.537s][debug][safepoint   ] Safepoint synchronization initiated using futex wait barrier. (393 threads)
[2026-02-05T20:00:40.007+0000][308.538s][info ][safepoint   ] Safepoint "Cleanup", Time since last: 3000648646 ns, Reaching safepoint: 682628 ns, Cleanup: 12400 ns, At safepoint: 25601 ns, Total: 720629 ns
[2026-02-05T20:00:41.008+0000][309.539s][debug][safepoint   ] Safepoint synchronization initiated using futex wait barrier. (393 threads)
[2026-02-05T20:00:41.008+0000][309.539s][info ][safepoint   ] Safepoint "Cleanup", Time since last: 1000462759 ns, Reaching safepoint: 544523 ns, Cleanup: 26101 ns, At safepoint: 42001 ns, Total: 612625 ns
[2026-02-05T20:00:42.008+0000][310.540s][debug][safepoint   ] Safepoint synchronization initiated using futex wait barrier. (393 threads)
[2026-02-05T20:00:42.009+0000][310.540s][info ][safepoint   ] Safepoint "Cleanup", Time since last: 1000348320 ns, Reaching safepoint: 537522 ns, Cleanup: 15500 ns, At safepoint: 67103 ns, Total: 620125 ns
[2026-02-05T20:00:43.009+0000][311.541s][debug][safepoint   ] Safepoint synchronization initiated using futex wait barrier. (393 threads)
[2026-02-05T20:00:43.010+0000][311.541s][info ][safepoint   ] Safepoint "Cleanup", Time since last: 1000403356 ns, Reaching safepoint: 287012 ns, Cleanup: 14000 ns, At safepoint: 25401 ns, Total: 326413 ns
[2026-02-05T20:00:44.010+0000][312.542s][debug][safepoint   ] Safepoint synchronization initiated using futex wait barrier. (393 threads)
[2026-02-05T20:00:44.011+0000][312.542s][info ][safepoint   ] Safepoint "Cleanup", Time since last: 1000545162 ns, Reaching safepoint: 306812 ns, Cleanup: 14201 ns, At safepoint: 5300 ns, Total: 326313 ns
[2026-02-05T20:00:45.011+0000][313.542s][debug][safepoint   ] Safepoint synchronization initiated using futex wait barrier. (393 threads)
[2026-02-05T20:00:45.011+0000][313.543s][info ][safepoint   ] Safepoint "Cleanup", Time since last: 1000310052 ns, Reaching safepoint: 401716 ns, Cleanup: 22901 ns, At safepoint: 15201 ns, Total: 439818 ns
[2026-02-05T20:00:46.012+0000][314.543s][debug][safepoint   ] Safepoint synchronization initiated using futex wait barrier. (393 threads)
[2026-02-05T20:00:46.012+0000][314.543s][info ][safepoint   ] Safepoint "Cleanup", Time since last: 1000325452 ns, Reaching safepoint: 267311 ns, Cleanup: 18001 ns, At safepoint: 5100 ns, Total: 290412 ns
[2026-02-05T20:00:46.428+0000][314.959s][debug][safepoint   ] Safepoint synchronization initiated using futex wait barrier. (393 threads)
[2026-02-05T20:00:46.429+0000][314.960s][info ][gc,start    ] GC(84) Pause Young (Normal) (G1 Evacuation Pause)
[2026-02-05T20:00:46.429+0000][314.960s][info ][gc,task     ] GC(84) Using 10 workers of 10 for evacuation
[2026-02-05T20:00:46.433+0000][314.964s][info ][gc,phases   ] GC(84)   Pre Evacuate Collection Set: 0.3ms
[2026-02-05T20:00:46.433+0000][314.965s][info ][gc,phases   ] GC(84)   Merge Heap Roots: 0.2ms
[2026-02-05T20:00:46.434+0000][314.965s][info ][gc,phases   ] GC(84)   Evacuate Collection Set: 2.5ms
[2026-02-05T20:00:46.434+0000][314.965s][info ][gc,phases   ] GC(84)   Post Evacuate Collection Set: 1.3ms
[2026-02-05T20:00:46.434+0000][314.965s][info ][gc,phases   ] GC(84)   Other: 0.5ms
[2026-02-05T20:00:46.434+0000][314.965s][info ][gc,heap     ] GC(84) Eden regions: 108->0(108)
[2026-02-05T20:00:46.434+0000][314.965s][info ][gc,heap     ] GC(84) Survivor regions: 2->2(14)
[2026-02-05T20:00:46.434+0000][314.966s][info ][gc,heap     ] GC(84) Old regions: 88->88
[2026-02-05T20:00:46.434+0000][314.966s][info ][gc,heap     ] GC(84) Archive regions: 2->2
[2026-02-05T20:00:46.435+0000][314.966s][info ][gc,heap     ] GC(84) Humongous regions: 0->0
[2026-02-05T20:00:46.435+0000][314.966s][info ][gc,metaspace] GC(84) Metaspace: 196834K(199488K)->196834K(199488K) NonClass: 172865K(174272K)->172865K(174272K) Class: 23969K(25216K)->23969K(25216K)
[2026-02-05T20:00:46.435+0000][314.966s][info ][gc          ] GC(84) Pause Young (Normal) (G1 Evacuation Pause) 394M->178M(452M) 6.399ms
[2026-02-05T20:00:46.435+0000][314.966s][info ][gc,cpu      ] GC(84) User=0.02s Sys=0.00s Real=0.01s
[2026-02-05T20:00:46.436+0000][314.967s][info ][safepoint   ] Safepoint "G1CollectForAllocation", Time since last: 416147371 ns, Reaching safepoint: 266210 ns, Cleanup: 11701 ns, At safepoint: 7333297 ns, Total: 7611208 ns
[2026-02-05T20:00:47.435+0000][315.968s][debug][safepoint   ] Safepoint synchronization initiated using futex wait barrier. (393 threads)
[2026-02-05T20:00:47.436+0000][315.969s][info ][safepoint   ] Safepoint "Cleanup", Time since last: 1000810572 ns, Reaching safepoint: 705929 ns, Cleanup: 57402 ns, At safepoint: 25601 ns, Total: 788932 ns
[2026-02-05T20:00:48.436+0000][316.969s][debug][safepoint   ] Safepoint synchronization initiated using futex wait barrier. (393 threads)
[2026-02-05T20:00:48.438+0000][316.971s][info ][safepoint   ] Safepoint "Cleanup", Time since last: 1000566363 ns, Reaching safepoint: 1391256 ns, Cleanup: 13001 ns, At safepoint: 46502 ns, Total: 1450759 ns
[2026-02-05T20:00:49.439+0000][317.971s][debug][safepoint   ] Safepoint synchronization initiated using futex wait barrier. (393 threads)
[2026-02-05T20:00:49.440+0000][317.973s][info ][safepoint   ] Safepoint "Cleanup", Time since last: 1000692937 ns, Reaching safepoint: 1496260 ns, Cleanup: 16701 ns, At safepoint: 73502 ns, Total: 1586463 ns
