[2026-02-05T19:52:56.299+0000][0.069s][info][gc] Using G1
[2026-02-05T19:52:56.302+0000][0.073s][info][gc,init] Version: 17.0.12+7-Debian-2deb12u1 (release)
[2026-02-05T19:52:56.303+0000][0.073s][info][gc,init] CPUs: 12 total, 12 available
[2026-02-05T19:52:56.303+0000][0.073s][info][gc,init] Memory: 15925M
[2026-02-05T19:52:56.303+0000][0.073s][info][gc,init] Large Page Support: Disabled
[2026-02-05T19:52:56.303+0000][0.074s][info][gc,init] NUMA Support: Disabled
[2026-02-05T19:52:56.303+0000][0.074s][info][gc,init] Compressed Oops: Enabled (Zero based)
[2026-02-05T19:52:56.304+0000][0.074s][info][gc,init] Heap Region Size: 2M
[2026-02-05T19:52:56.306+0000][0.076s][info][gc,init] Heap Min Capacity: 8M
[2026-02-05T19:52:56.306+0000][0.076s][info][gc,init] Heap Initial Capacity: 250M
[2026-02-05T19:52:56.306+0000][0.077s][info][gc,init] Heap Max Capacity: 3982M
[2026-02-05T19:52:56.307+0000][0.077s][info][gc,init] Pre-touch: Disabled
[2026-02-05T19:52:56.307+0000][0.077s][info][gc,init] Parallel Workers: 10
[2026-02-05T19:52:56.307+0000][0.077s][info][gc,init] Concurrent Workers: 3
[2026-02-05T19:52:56.307+0000][0.077s][info][gc,init] Concurrent Refinement Workers: 10
[2026-02-05T19:52:56.307+0000][0.077s][info][gc,init] Periodic GC: Disabled
[2026-02-05T19:52:56.316+0000][0.086s][info][gc,metaspace] CDS archive(s) mapped at: [0x000070f6af000000-0x000070f6afbc4000-0x000070f6afbc4000), size 12337152, SharedBaseAddress: 0x000070f6af000000, ArchiveRelocationMode: 1.
[2026-02-05T19:52:56.316+0000][0.087s][info][gc,metaspace] Compressed class space mapped at: 0x000070f6b0000000-0x000070f6f0000000, reserved size: 1073741824
[2026-02-05T19:52:56.317+0000][0.087s][info][gc,metaspace] Narrow klass base: 0x000070f6af000000, Narrow klass shift: 0, Narrow klass range: 0x100000000
[2026-02-05T19:52:56.323+0000][0.093s][info][cds,heap    ] initialize_from_archived_subgraph java.lang.Module$ArchivedData 0x000070f6af184780 (early)
[2026-02-05T19:52:56.324+0000][0.094s][info][cds,heap    ] initialize_from_archived_subgraph java.util.ImmutableCollections 0x000070f6af0722d8 (early)
[2026-02-05T19:52:56.327+0000][0.097s][info][cds,heap    ] initialize_from_archived_subgraph java.lang.Integer$IntegerCache 0x000070f6af037660 (early)
[2026-02-05T19:52:56.331+0000][0.101s][info][cds,heap    ] initialize_from_archived_subgraph java.lang.module.Configuration 0x000070f6af172700 (early)
[2026-02-05T19:52:56.331+0000][0.101s][info][cds,heap    ] initialize_from_archived_subgraph java.lang.ModuleLayer 0x000070f6af146b38 (early)
[2026-02-05T19:52:56.331+0000][0.102s][info][cds,heap    ] initialize_from_archived_subgraph jdk.internal.loader.ArchivedClassLoaders 0x000070f6af1adb70 (early)
[2026-02-05T19:52:56.332+0000][0.102s][info][cds,heap    ] initialize_from_archived_subgraph jdk.internal.module.ArchivedBootLayer 0x000070f6af179340 (early)
[2026-02-05T19:52:56.333+0000][0.104s][info][cds,heap    ] initialize_from_archived_subgraph sun.util.locale.BaseLocale 0x000070f6af26d048
[2026-02-05T19:52:56.342+0000][0.112s][info][cds,heap    ] initialize_from_archived_subgraph java.util.jar.Attributes$Name 0x000070f6af19f5e8
[2026-02-05T19:52:56.374+0000][0.144s][info][cds,heap    ] initialize_from_archived_subgraph java.lang.Long$LongCache 0x000070f6af020f98
[2026-02-05T19:52:56.454+0000][0.224s][info][cds,heap    ] initialize_from_archived_subgraph java.lang.Character$CharacterCache 0x000070f6af03a9e8
[2026-02-05T19:52:56.894+0000][0.664s][debug][safepoint   ] Safepoint synchronization initiated using futex wait barrier. (14 threads)
[2026-02-05T19:52:56.894+0000][0.665s][info ][safepoint   ] Safepoint "ICBufferFull", Time since last: 571505433 ns, Reaching safepoint: 455919 ns, Cleanup: 123205 ns, At safepoint: 3500 ns, Total: 582624 ns
[2026-02-05T19:52:56.964+0000][0.734s][debug][safepoint   ] Safepoint synchronization initiated using futex wait barrier. (14 threads)
[2026-02-05T19:52:56.964+0000][0.735s][info ][gc,start    ] GC(0) Pause Young (Normal) (G1 Evacuation Pause)
[2026-02-05T19:52:56.965+0000][0.736s][info ][gc,task     ] GC(0) Using 6 workers of 10 for evacuation
[2026-02-05T19:52:56.971+0000][0.742s][info ][gc,phases   ] GC(0)   Pre Evacuate Collection Set: 0.1ms
[2026-02-05T19:52:56.972+0000][0.742s][info ][gc,phases   ] GC(0)   Merge Heap Roots: 0.2ms
[2026-02-05T19:52:56.972+0000][0.742s][info ][gc,phases   ] GC(0)   Evacuate Collection Set: 4.1ms
[2026-02-05T19:52:56.972+0000][0.742s][info ][gc,phases   ] GC(0)   Post Evacuate Collection Set: 1.1ms
[2026-02-05T19:52:56.972+0000][0.742s][info ][gc,phases   ] GC(0)   Other: 1.5ms
[2026-02-05T19:52:56.972+0000][0.743s][info ][gc,heap     ] GC(0) Eden regions: 31->0(53)
[2026-02-05T19:52:56.972+0000][0.743s][info ][gc,heap     ] GC(0) Survivor regions: 0->4(4)
[2026-02-05T19:52:56.973+0000][0.743s][info ][gc,heap     ] GC(0) Old regions: 0->1
[2026-02-05T19:52:56.973+0000][0.743s][info ][gc,heap     ] GC(0) Archive regions: 2->2
[2026-02-05T19:52:56.973+0000][0.743s][info ][gc,heap     ] GC(0) Humongous regions: 0->0
[2026-02-05T19:52:56.973+0000][0.743s][info ][gc,metaspace] GC(0) Metaspace: 2506K(2752K)->2506K(2752K) NonClass: 2269K(2432K)->2269K(2432K) Class: 237K(320K)->237K(320K)
[2026-02-05T19:52:56.973+0000][0.743s][info ][gc          ] GC(0) Pause Young (Normal) (G1 Evacuation Pause) 63M->10M(254M) 8.778ms
[2026-02-05T19:52:56.973+0000][0.744s][info ][gc,cpu      ] GC(0) User=0.01s Sys=0.01s Real=0.00s
[2026-02-05T19:52:56.973+0000][0.744s][info ][safepoint   ] Safepoint "G1CollectForAllocation", Time since last: 69535098 ns, Reaching safepoint: 238410 ns, Cleanup: 17100 ns, At safepoint: 9191984 ns, Total: 9447494 ns
[2026-02-05T19:52:57.771+0000][1.541s][debug][safepoint   ] Safepoint synchronization initiated using futex wait barrier. (15 threads)
[2026-02-05T19:52:57.771+0000][1.542s][info ][safepoint   ] Safepoint "ICBufferFull", Time since last: 797397226 ns, Reaching safepoint: 313013 ns, Cleanup: 226510 ns, At safepoint: 38001 ns, Total: 577524 ns
[2026-02-05T19:52:57.798+0000][1.568s][debug][safepoint   ] Safepoint synchronization initiated using futex wait barrier. (15 threads)
[2026-02-05T19:52:57.798+0000][1.568s][info ][gc,start    ] GC(1) Pause Young (Normal) (G1 Evacuation Pause)
[2026-02-05T19:52:57.798+0000][1.569s][info ][gc,task     ] GC(1) Using 6 workers of 10 for evacuation
[2026-02-05T19:52:57.805+0000][1.576s][info ][gc,phases   ] GC(1)   Pre Evacuate Collection Set: 0.2ms
[2026-02-05T19:52:57.806+0000][1.576s][info ][gc,phases   ] GC(1)   Merge Heap Roots: 0.2ms
[2026-02-05T19:52:57.806+0000][1.576s][info ][gc,phases   ] GC(1)   Evacuate Collection Set: 4.8ms
[2026-02-05T19:52:57.806+0000][1.577s][info ][gc,phases   ] GC(1)   Post Evacuate Collection Set: 1.8ms
[2026-02-05T19:52:57.806+0000][1.577s][info ][gc,phases   ] GC(1)   Other: 0.4ms
[2026-02-05T19:52:57.807+0000][1.577s][info ][gc,heap     ] GC(1) Eden regions: 53->0(69)
[2026-02-05T19:52:57.807+0000][1.577s][info ][gc,heap     ] GC(1) Survivor regions: 4->6(8)
[2026-02-05T19:52:57.807+0000][1.578s][info ][gc,heap     ] GC(1) Old regions: 1->1
[2026-02-05T19:52:57.807+0000][1.578s][info ][gc,heap     ] GC(1) Archive regions: 2->2
[2026-02-05T19:52:57.808+0000][1.578s][info ][gc,heap     ] GC(1) Humongous regions: 0->0
[2026-02-05T19:52:57.808+0000][1.578s][info ][gc,metaspace] GC(1) Metaspace: 6843K(7168K)->6843K(7168K) NonClass: 5993K(6144K)->5993K(6144K) Class: 849K(1024K)->849K(1024K)
[2026-02-05T19:52:57.808+0000][1.578s][info ][gc          ] GC(1) Pause Young (Normal) (G1 Evacuation Pause) 116M->13M(254M) 9.937ms
[2026-02-05T19:52:57.808+0000][1.579s][info ][gc,cpu      ] GC(1) User=0.02s Sys=0.02s Real=0.01s
[2026-02-05T19:52:57.809+0000][1.579s][info ][safepoint   ] Safepoint "G1CollectForAllocation", Time since last: 26439702 ns, Reaching safepoint: 239210 ns, Cleanup: 11700 ns, At safepoint: 10461836 ns, Total: 10712746 ns
[2026-02-05T19:52:58.335+0000][2.106s][debug][safepoint   ] Safepoint synchronization initiated using futex wait barrier. (15 threads)
[2026-02-05T19:52:58.336+0000][2.106s][info ][safepoint   ] Safepoint "ICBufferFull", Time since last: 526866454 ns, Reaching safepoint: 346115 ns, Cleanup: 105504 ns, At safepoint: 94104 ns, Total: 545723 ns
[2026-02-05T19:52:58.438+0000][2.208s][debug][safepoint   ] Safepoint synchronization initiated using futex wait barrier. (15 threads)
[2026-02-05T19:52:58.438+0000][2.209s][info ][safepoint   ] Safepoint "ICBufferFull", Time since last: 102082653 ns, Reaching safepoint: 244011 ns, Cleanup: 70703 ns, At safepoint: 23601 ns, Total: 338315 ns
[2026-02-05T19:52:58.598+0000][2.368s][debug][safepoint   ] Safepoint synchronization initiated using futex wait barrier. (16 threads)
[2026-02-05T19:52:58.599+0000][2.369s][info ][gc,start    ] GC(2) Pause Young (Normal) (G1 Evacuation Pause)
[2026-02-05T19:52:58.599+0000][2.369s][info ][gc,task     ] GC(2) Using 6 workers of 10 for evacuation
[2026-02-05T19:52:58.609+0000][2.380s][info ][gc,phases   ] GC(2)   Pre Evacuate Collection Set: 0.2ms
[2026-02-05T19:52:58.610+0000][2.380s][info ][gc,phases   ] GC(2)   Merge Heap Roots: 0.1ms
[2026-02-05T19:52:58.610+0000][2.380s][info ][gc,phases   ] GC(2)   Evacuate Collection Set: 8.4ms
[2026-02-05T19:52:58.610+0000][2.380s][info ][gc,phases   ] GC(2)   Post Evacuate Collection Set: 1.5ms
[2026-02-05T19:52:58.610+0000][2.380s][info ][gc,phases   ] GC(2)   Other: 0.5ms
[2026-02-05T19:52:58.610+0000][2.381s][info ][gc,heap     ] GC(2) Eden regions: 69->0(71)
[2026-02-05T19:52:58.611+0000][2.381s][info ][gc,heap     ] GC(2) Survivor regions: 6->4(10)
[2026-02-05T19:52:58.611+0000][2.381s][info ][gc,heap     ] GC(2) Old regions: 1->5
[2026-02-05T19:52:58.611+0000][2.381s][info ][gc,heap     ] GC(2) Archive regions: 2->2
[2026-02-05T19:52:58.611+0000][2.381s][info ][gc,heap     ] GC(2) Humongous regions: 0->0
[2026-02-05T19:52:58.611+0000][2.382s][info ][gc,metaspace] GC(2) Metaspace: 12413K(12736K)->12413K(12736K) NonClass: 10809K(11008K)->10809K(11008K) Class: 1604K(1728K)->1604K(1728K)
[2026-02-05T19:52:58.611+0000][2.382s][info ][gc          ] GC(2) Pause Young (Normal) (G1 Evacuation Pause) 151M->16M(254M) 12.705ms
[2026-02-05T19:52:58.612+0000][2.382s][info ][gc,cpu      ] GC(2) User=0.05s Sys=0.03s Real=0.01s
[2026-02-05T19:52:58.612+0000][2.382s][info ][safepoint   ] Safepoint "G1CollectForAllocation", Time since last: 159748256 ns, Reaching safepoint: 427918 ns, Cleanup: 51102 ns, At safepoint: 13125847 ns, Total: 13604867 ns
[2026-02-05T19:52:59.121+0000][2.891s][info ][cds,heap    ] initialize_from_archived_subgraph java.lang.Byte$ByteCache 0x000070f6af03abf8
[2026-02-05T19:52:59.121+0000][2.892s][info ][cds,heap    ] initialize_from_archived_subgraph java.lang.Short$ShortCache 0x000070f6af0412e8
[2026-02-05T19:52:59.196+0000][2.967s][debug][safepoint   ] Safepoint synchronization initiated using futex wait barrier. (16 threads)
[2026-02-05T19:52:59.197+0000][2.967s][info ][gc,start    ] GC(3) Pause Young (Normal) (G1 Evacuation Pause)
[2026-02-05T19:52:59.197+0000][2.967s][info ][gc,task     ] GC(3) Using 6 workers of 10 for evacuation
[2026-02-05T19:52:59.202+0000][2.973s][info ][gc,phases   ] GC(3)   Pre Evacuate Collection Set: 0.1ms
[2026-02-05T19:52:59.203+0000][2.973s][info ][gc,phases   ] GC(3)   Merge Heap Roots: 0.1ms
[2026-02-05T19:52:59.203+0000][2.973s][info ][gc,phases   ] GC(3)   Evacuate Collection Set: 3.7ms
[2026-02-05T19:52:59.203+0000][2.973s][info ][gc,phases   ] GC(3)   Post Evacuate Collection Set: 1.2ms
[2026-02-05T19:52:59.203+0000][2.973s][info ][gc,phases   ] GC(3)   Other: 0.5ms
[2026-02-05T19:52:59.203+0000][2.974s][info ][gc,heap     ] GC(3) Eden regions: 71->0(71)
[2026-02-05T19:52:59.203+0000][2.974s][info ][gc,heap     ] GC(3) Survivor regions: 4->4(10)
[2026-02-05T19:52:59.204+0000][2.974s][info ][gc,heap     ] GC(3) Old regions: 5->5
[2026-02-05T19:52:59.204+0000][2.974s][info ][gc,heap     ] GC(3) Archive regions: 2->2
[2026-02-05T19:52:59.204+0000][2.974s][info ][gc,heap     ] GC(3) Humongous regions: 0->0
[2026-02-05T19:52:59.204+0000][2.974s][info ][gc,metaspace] GC(3) Metaspace: 17071K(17344K)->17071K(17344K) NonClass: 14757K(14912K)->14757K(14912K) Class: 2314K(2432K)->2314K(2432K)
[2026-02-05T19:52:59.204+0000][2.975s][info ][gc          ] GC(3) Pause Young (Normal) (G1 Evacuation Pause) 158M->17M(254M) 7.644ms
[2026-02-05T19:52:59.205+0000][2.975s][info ][gc,cpu      ] GC(3) User=0.04s Sys=0.00s Real=0.01s
[2026-02-05T19:52:59.205+0000][2.975s][info ][safepoint   ] Safepoint "G1CollectForAllocation", Time since last: 584598759 ns, Reaching safepoint: 244211 ns, Cleanup: 89003 ns, At safepoint: 8300746 ns, Total: 8633960 ns
[2026-02-05T19:52:59.530+0000][3.300s][debug][safepoint   ] Safepoint synchronization initiated using futex wait barrier. (16 threads)
[2026-02-05T19:52:59.530+0000][3.300s][info ][gc,start    ] GC(4) Pause Young (Concurrent Start) (Metadata GC Threshold)
[2026-02-05T19:52:59.530+0000][3.300s][info ][gc,task     ] GC(4) Using 6 workers of 10 for evacuation
[2026-02-05T19:52:59.537+0000][3.307s][info ][gc,phases   ] GC(4)   Pre Evacuate Collection Set: 0.2ms
[2026-02-05T19:52:59.537+0000][3.308s][info ][gc,phases   ] GC(4)   Merge Heap Roots: 0.1ms
[2026-02-05T19:52:59.538+0000][3.308s][info ][gc,phases   ] GC(4)   Evacuate Collection Set: 4.8ms
[2026-02-05T19:52:59.538+0000][3.308s][info ][gc,phases   ] GC(4)   Post Evacuate Collection Set: 1.3ms
[2026-02-05T19:52:59.538+0000][3.308s][info ][gc,phases   ] GC(4)   Other: 0.6ms
[2026-02-05T19:52:59.538+0000][3.309s][info ][gc,heap     ] GC(4) Eden regions: 42->0(70)
[2026-02-05T19:52:59.538+0000][3.309s][info ][gc,heap     ] GC(4) Survivor regions: 4->5(10)
[2026-02-05T19:52:59.539+0000][3.309s][info ][gc,heap     ] GC(4) Old regions: 5->5
[2026-02-05T19:52:59.539+0000][3.309s][info ][gc,heap     ] GC(4) Archive regions: 2->2
[2026-02-05T19:52:59.539+0000][3.309s][info ][gc,heap     ] GC(4) Humongous regions: 0->0
[2026-02-05T19:52:59.539+0000][3.309s][info ][gc,metaspace] GC(4) Metaspace: 21251K(21504K)->21251K(21504K) NonClass: 18482K(18624K)->18482K(18624K) Class: 2769K(2880K)->2769K(2880K)
[2026-02-05T19:52:59.539+0000][3.310s][info ][gc          ] GC(4) Pause Young (Concurrent Start) (Metadata GC Threshold) 100M->20M(254M) 9.364ms
[2026-02-05T19:52:59.540+0000][3.310s][info ][gc,cpu      ] GC(4) User=0.06s Sys=0.00s Real=0.01s
[2026-02-05T19:52:59.540+0000][3.310s][info ][gc          ] GC(5) Concurrent Mark Cycle
[2026-02-05T19:52:59.540+0000][3.310s][info ][gc,marking  ] GC(5) Concurrent Clear Claimed Marks
[2026-02-05T19:52:59.540+0000][3.310s][info ][safepoint   ] Safepoint "CollectForMetadataAllocation", Time since last: 324560124 ns, Reaching safepoint: 287512 ns, Cleanup: 39602 ns, At safepoint: 9910213 ns, Total: 10237327 ns
[2026-02-05T19:52:59.540+0000][3.311s][info ][gc,marking  ] GC(5) Concurrent Clear Claimed Marks 0.233ms
[2026-02-05T19:52:59.541+0000][3.311s][info ][gc,marking  ] GC(5) Concurrent Scan Root Regions
[2026-02-05T19:52:59.544+0000][3.314s][info ][gc,marking  ] GC(5) Concurrent Scan Root Regions 3.392ms
[2026-02-05T19:52:59.544+0000][3.315s][info ][gc,marking  ] GC(5) Concurrent Mark
[2026-02-05T19:52:59.545+0000][3.315s][info ][gc,marking  ] GC(5) Concurrent Mark From Roots
[2026-02-05T19:52:59.545+0000][3.315s][info ][gc,task     ] GC(5) Using 3 workers of 3 for marking
[2026-02-05T19:52:59.551+0000][3.321s][info ][gc,marking  ] GC(5) Concurrent Mark From Roots 6.407ms
[2026-02-05T19:52:59.551+0000][3.322s][info ][gc,marking  ] GC(5) Concurrent Preclean
[2026-02-05T19:52:59.552+0000][3.322s][info ][gc,marking  ] GC(5) Concurrent Preclean 0.420ms
[2026-02-05T19:52:59.552+0000][3.322s][debug][safepoint   ] Safepoint synchronization initiated using futex wait barrier. (16 threads)
[2026-02-05T19:52:59.552+0000][3.323s][info ][gc,start    ] GC(5) Pause Remark
[2026-02-05T19:52:59.555+0000][3.326s][info ][gc          ] GC(5) Pause Remark 23M->23M(94M) 2.830ms
[2026-02-05T19:52:59.556+0000][3.326s][info ][gc,cpu      ] GC(5) User=0.01s Sys=0.01s Real=0.00s
[2026-02-05T19:52:59.556+0000][3.326s][info ][safepoint   ] Safepoint "G1PauseRemark", Time since last: 12229209 ns, Reaching safepoint: 306513 ns, Cleanup: 3500 ns, At safepoint: 3464845 ns, Total: 3774858 ns
[2026-02-05T19:52:59.556+0000][3.327s][info ][gc,marking  ] GC(5) Concurrent Mark 11.909ms
[2026-02-05T19:52:59.557+0000][3.327s][info ][gc,marking  ] GC(5) Concurrent Rebuild Remembered Sets
[2026-02-05T19:52:59.560+0000][3.330s][info ][gc,marking  ] GC(5) Concurrent Rebuild Remembered Sets 3.011ms
[2026-02-05T19:52:59.565+0000][3.336s][debug][safepoint   ] Safepoint synchronization initiated using futex wait barrier. (16 threads)
[2026-02-05T19:52:59.566+0000][3.336s][info ][gc,start    ] GC(5) Pause Cleanup
[2026-02-05T19:52:59.566+0000][3.336s][info ][gc          ] GC(5) Pause Cleanup 23M->23M(94M) 0.394ms
[2026-02-05T19:52:59.566+0000][3.336s][info ][gc,cpu      ] GC(5) User=0.01s Sys=0.00s Real=0.00s
[2026-02-05T19:52:59.566+0000][3.337s][info ][safepoint   ] Safepoint "G1PauseCleanup", Time since last: 4822901 ns, Reaching safepoint: 4842401 ns, Cleanup: 10801 ns, At safepoint: 857936 ns, Total: 5711138 ns
[2026-02-05T19:52:59.567+0000][3.337s][info ][gc,marking  ] GC(5) Concurrent Cleanup for Next Mark
[2026-02-05T19:52:59.567+0000][3.338s][info ][gc,marking  ] GC(5) Concurrent Cleanup for Next Mark 0.867ms
[2026-02-05T19:52:59.568+0000][3.338s][info ][gc          ] GC(5) Concurrent Mark Cycle 27.975ms
[2026-02-05T19:52:59.839+0000][3.609s][debug][safepoint   ] Safepoint synchronization initiated using futex wait barrier. (16 threads)
[2026-02-05T19:52:59.839+0000][3.609s][info ][gc,start    ] GC(6) Pause Young (Prepare Mixed) (G1 Evacuation Pause)
[2026-02-05T19:52:59.839+0000][3.610s][info ][gc,task     ] GC(6) Using 5 workers of 10 for evacuation
[2026-02-05T19:52:59.849+0000][3.619s][info ][gc,phases   ] GC(6)   Pre Evacuate Collection Set: 0.2ms
[2026-02-05T19:52:59.849+0000][3.620s][info ][gc,phases   ] GC(6)   Merge Heap Roots: 0.2ms
[2026-02-05T19:52:59.849+0000][3.620s][info ][gc,phases   ] GC(6)   Evacuate Collection Set: 7.5ms
[2026-02-05T19:52:59.850+0000][3.620s][info ][gc,phases   ] GC(6)   Post Evacuate Collection Set: 1.3ms
[2026-02-05T19:52:59.850+0000][3.620s][info ][gc,phases   ] GC(6)   Other: 0.6ms
[2026-02-05T19:52:59.850+0000][3.620s][info ][gc,heap     ] GC(6) Eden regions: 23->0(1)
[2026-02-05T19:52:59.850+0000][3.621s][info ][gc,heap     ] GC(6) Survivor regions: 5->3(4)
[2026-02-05T19:52:59.850+0000][3.621s][info ][gc,heap     ] GC(6) Old regions: 5->9
[2026-02-05T19:52:59.851+0000][3.621s][info ][gc,heap     ] GC(6) Archive regions: 2->2
[2026-02-05T19:52:59.851+0000][3.621s][info ][gc,heap     ] GC(6) Humongous regions: 0->0
[2026-02-05T19:52:59.851+0000][3.621s][info ][gc,metaspace] GC(6) Metaspace: 23317K(23680K)->23317K(23680K) NonClass: 20278K(20480K)->20278K(20480K) Class: 3038K(3200K)->3038K(3200K)
[2026-02-05T19:52:59.851+0000][3.621s][info ][gc          ] GC(6) Pause Young (Prepare Mixed) (G1 Evacuation Pause) 66M->21M(94M) 11.952ms
[2026-02-05T19:52:59.851+0000][3.622s][info ][gc,cpu      ] GC(6) User=0.06s Sys=0.01s Real=0.01s
[2026-02-05T19:52:59.852+0000][3.622s][info ][safepoint   ] Safepoint "G1CollectForAllocation", Time since last: 272161640 ns, Reaching safepoint: 456219 ns, Cleanup: 105905 ns, At safepoint: 12447218 ns, Total: 13009342 ns
[2026-02-05T19:52:59.861+0000][3.631s][debug][safepoint   ] Safepoint synchronization initiated using futex wait barrier. (16 threads)
[2026-02-05T19:52:59.861+0000][3.631s][info ][gc,start    ] GC(7) Pause Young (Mixed) (G1 Evacuation Pause)
[2026-02-05T19:52:59.861+0000][3.632s][info ][gc,task     ] GC(7) Using 4 workers of 10 for evacuation
[2026-02-05T19:52:59.867+0000][3.637s][info ][gc,phases   ] GC(7)   Pre Evacuate Collection Set: 0.1ms
[2026-02-05T19:52:59.867+0000][3.637s][info ][gc,phases   ] GC(7)   Merge Heap Roots: 0.1ms
[2026-02-05T19:52:59.867+0000][3.637s][info ][gc,phases   ] GC(7)   Evacuate Collection Set: 3.8ms
[2026-02-05T19:52:59.867+0000][3.638s][info ][gc,phases   ] GC(7)   Post Evacuate Collection Set: 0.9ms
[2026-02-05T19:52:59.867+0000][3.638s][info ][gc,phases   ] GC(7)   Other: 0.6ms
[2026-02-05T19:52:59.868+0000][3.638s][info ][gc,heap     ] GC(7) Eden regions: 1->0(24)
[2026-02-05T19:52:59.868+0000][3.638s][info ][gc,heap     ] GC(7) Survivor regions: 3->1(1)
[2026-02-05T19:52:59.868+0000][3.638s][info ][gc,heap     ] GC(7) Old regions: 9->10
[2026-02-05T19:52:59.868+0000][3.639s][info ][gc,heap     ] GC(7) Archive regions: 2->2
[2026-02-05T19:52:59.868+0000][3.639s][info ][gc,heap     ] GC(7) Humongous regions: 0->0
[2026-02-05T19:52:59.869+0000][3.639s][info ][gc,metaspace] GC(7) Metaspace: 23347K(23680K)->23347K(23680K) NonClass: 20303K(20480K)->20303K(20480K) Class: 3043K(3200K)->3043K(3200K)
[2026-02-05T19:52:59.869+0000][3.639s][info ][gc          ] GC(7) Pause Young (Mixed) (G1 Evacuation Pause) 23M->23M(94M) 7.805ms
[2026-02-05T19:52:59.869+0000][3.639s][info ][gc,cpu      ] GC(7) User=0.04s Sys=0.00s Real=0.01s
[2026-02-05T19:52:59.869+0000][3.640s][info ][safepoint   ] Safepoint "G1CollectForAllocation", Time since last: 9144381 ns, Reaching safepoint: 354515 ns, Cleanup: 12301 ns, At safepoint: 8280545 ns, Total: 8647361 ns
[2026-02-05T19:53:00.150+0000][3.920s][debug][safepoint   ] Safepoint synchronization initiated using futex wait barrier. (15 threads)
[2026-02-05T19:53:00.150+0000][3.920s][info ][gc,start    ] GC(8) Pause Young (Normal) (G1 Evacuation Pause)
[2026-02-05T19:53:00.151+0000][3.921s][info ][gc,task     ] GC(8) Using 3 workers of 10 for evacuation
[2026-02-05T19:53:00.155+0000][3.926s][info ][gc,phases   ] GC(8)   Pre Evacuate Collection Set: 0.1ms
[2026-02-05T19:53:00.156+0000][3.926s][info ][gc,phases   ] GC(8)   Merge Heap Roots: 0.1ms
[2026-02-05T19:53:00.156+0000][3.926s][info ][gc,phases   ] GC(8)   Evacuate Collection Set: 3.1ms
[2026-02-05T19:53:00.156+0000][3.926s][info ][gc,phases   ] GC(8)   Post Evacuate Collection Set: 0.8ms
[2026-02-05T19:53:00.156+0000][3.926s][info ][gc,phases   ] GC(8)   Other: 1.3ms
[2026-02-05T19:53:00.156+0000][3.927s][info ][gc,heap     ] GC(8) Eden regions: 24->0(53)
[2026-02-05T19:53:00.156+0000][3.927s][info ][gc,heap     ] GC(8) Survivor regions: 1->2(4)
[2026-02-05T19:53:00.157+0000][3.927s][info ][gc,heap     ] GC(8) Old regions: 10->10
[2026-02-05T19:53:00.157+0000][3.927s][info ][gc,heap     ] GC(8) Archive regions: 2->2
[2026-02-05T19:53:00.157+0000][3.927s][info ][gc,heap     ] GC(8) Humongous regions: 0->0
[2026-02-05T19:53:00.157+0000][3.927s][info ][gc,metaspace] GC(8) Metaspace: 24339K(24704K)->24339K(24704K) NonClass: 21176K(21376K)->21176K(21376K) Class: 3162K(3328K)->3162K(3328K)
[2026-02-05T19:53:00.157+0000][3.928s][info ][gc          ] GC(8) Pause Young (Normal) (G1 Evacuation Pause) 71M->25M(186M) 7.237ms
[2026-02-05T19:53:00.157+0000][3.928s][info ][gc,cpu      ] GC(8) User=0.01s Sys=0.00s Real=0.01s
[2026-02-05T19:53:00.158+0000][3.928s][info ][safepoint   ] Safepoint "G1CollectForAllocation", Time since last: 280255478 ns, Reaching safepoint: 283311 ns, Cleanup: 78604 ns, At safepoint: 7628218 ns, Total: 7990133 ns
[2026-02-05T19:53:00.503+0000][4.273s][debug][safepoint   ] Safepoint synchronization initiated using futex wait barrier. (15 threads)
[2026-02-05T19:53:00.503+0000][4.273s][info ][gc,start    ] GC(9) Pause Young (Normal) (G1 Evacuation Pause)
[2026-02-05T19:53:00.503+0000][4.274s][info ][gc,task     ] GC(9) Using 4 workers of 10 for evacuation
[2026-02-05T19:53:00.514+0000][4.285s][info ][gc,phases   ] GC(9)   Pre Evacuate Collection Set: 0.1ms
[2026-02-05T19:53:00.515+0000][4.285s][info ][gc,phases   ] GC(9)   Merge Heap Roots: 0.1ms
[2026-02-05T19:53:00.515+0000][4.285s][info ][gc,phases   ] GC(9)   Evacuate Collection Set: 9.2ms
[2026-02-05T19:53:00.515+0000][4.286s][info ][gc,phases   ] GC(9)   Post Evacuate Collection Set: 1.3ms
[2026-02-05T19:53:00.515+0000][4.286s][info ][gc,phases   ] GC(9)   Other: 0.5ms
[2026-02-05T19:53:00.516+0000][4.286s][info ][gc,heap     ] GC(9) Eden regions: 53->0(48)
[2026-02-05T19:53:00.516+0000][4.286s][info ][gc,heap     ] GC(9) Survivor regions: 2->7(7)
[2026-02-05T19:53:00.516+0000][4.286s][info ][gc,heap     ] GC(9) Old regions: 10->11
[2026-02-05T19:53:00.516+0000][4.287s][info ][gc,heap     ] GC(9) Archive regions: 2->2
[2026-02-05T19:53:00.516+0000][4.287s][info ][gc,heap     ] GC(9) Humongous regions: 0->0
[2026-02-05T19:53:00.517+0000][4.287s][info ][gc,metaspace] GC(9) Metaspace: 24518K(24896K)->24518K(24896K) NonClass: 21332K(21504K)->21332K(21504K) Class: 3186K(3392K)->3186K(3392K)
[2026-02-05T19:53:00.517+0000][4.287s][info ][gc          ] GC(9) Pause Young (Normal) (G1 Evacuation Pause) 131M->37M(186M) 13.661ms
[2026-02-05T19:53:00.517+0000][4.287s][info ][gc,cpu      ] GC(9) User=0.08s Sys=0.00s Real=0.02s
[2026-02-05T19:53:00.517+0000][4.288s][info ][safepoint   ] Safepoint "G1CollectForAllocation", Time since last: 345196683 ns, Reaching safepoint: 310213 ns, Cleanup: 94104 ns, At safepoint: 14059886 ns, Total: 14464203 ns
[2026-02-05T19:53:00.834+0000][4.605s][debug][safepoint   ] Safepoint synchronization initiated using futex wait barrier. (15 threads)
[2026-02-05T19:53:00.835+0000][4.605s][info ][gc,start    ] GC(10) Pause Young (Normal) (G1 Evacuation Pause)
[2026-02-05T19:53:00.835+0000][4.605s][info ][gc,task     ] GC(10) Using 4 workers of 10 for evacuation
[2026-02-05T19:53:00.852+0000][4.623s][info ][gc,phases   ] GC(10)   Pre Evacuate Collection Set: 0.1ms
[2026-02-05T19:53:00.853+0000][4.623s][info ][gc,phases   ] GC(10)   Merge Heap Roots: 0.1ms
[2026-02-05T19:53:00.853+0000][4.623s][info ][gc,phases   ] GC(10)   Evacuate Collection Set: 14.9ms
[2026-02-05T19:53:00.853+0000][4.623s][info ][gc,phases   ] GC(10)   Post Evacuate Collection Set: 1.8ms
[2026-02-05T19:53:00.853+0000][4.623s][info ][gc,phases   ] GC(10)   Other: 0.5ms
[2026-02-05T19:53:00.853+0000][4.624s][info ][gc,heap     ] GC(10) Eden regions: 48->0(47)
[2026-02-05T19:53:00.854+0000][4.624s][info ][gc,heap     ] GC(10) Survivor regions: 7->5(7)
[2026-02-05T19:53:00.854+0000][4.624s][info ][gc,heap     ] GC(10) Old regions: 11->18
[2026-02-05T19:53:00.854+0000][4.624s][info ][gc,heap     ] GC(10) Archive regions: 2->2
[2026-02-05T19:53:00.854+0000][4.625s][info ][gc,heap     ] GC(10) Humongous regions: 0->0
[2026-02-05T19:53:00.854+0000][4.625s][info ][gc,metaspace] GC(10) Metaspace: 24908K(25280K)->24908K(25280K) NonClass: 21666K(21888K)->21666K(21888K) Class: 3241K(3392K)->3241K(3392K)
[2026-02-05T19:53:00.855+0000][4.625s][info ][gc          ] GC(10) Pause Young (Normal) (G1 Evacuation Pause) 133M->47M(186M) 19.714ms
[2026-02-05T19:53:00.855+0000][4.625s][info ][gc,cpu      ] GC(10) User=0.10s Sys=0.01s Real=0.02s
[2026-02-05T19:53:00.855+0000][4.625s][info ][safepoint   ] Safepoint "G1CollectForAllocation", Time since last: 317210018 ns, Reaching safepoint: 398617 ns, Cleanup: 85903 ns, At safepoint: 20158440 ns, Total: 20642960 ns
[2026-02-05T19:53:00.907+0000][4.677s][debug][safepoint   ] ... found polling page loop exception at pc = 0x000070f71922942f, stub =0x000070f718b10400
[2026-02-05T19:53:01.382+0000][5.152s][debug][safepoint   ] Safepoint synchronization initiated using futex wait barrier. (15 threads)
[2026-02-05T19:53:01.382+0000][5.153s][info ][safepoint   ] Safepoint "ICBufferFull", Time since last: 526762850 ns, Reaching safepoint: 346614 ns, Cleanup: 132506 ns, At safepoint: 5400 ns, Total: 484520 ns
[2026-02-05T19:53:01.442+0000][5.212s][debug][safepoint   ] Safepoint synchronization initiated using futex wait barrier. (15 threads)
[2026-02-05T19:53:01.442+0000][5.212s][info ][gc,start    ] GC(11) Pause Young (Normal) (G1 Evacuation Pause)
[2026-02-05T19:53:01.442+0000][5.212s][info ][gc,task     ] GC(11) Using 4 workers of 10 for evacuation
[2026-02-05T19:53:01.454+0000][5.224s][info ][gc,phases   ] GC(11)   Pre Evacuate Collection Set: 0.1ms
[2026-02-05T19:53:01.454+0000][5.224s][info ][gc,phases   ] GC(11)   Merge Heap Roots: 0.1ms
[2026-02-05T19:53:01.454+0000][5.225s][info ][gc,phases   ] GC(11)   Evacuate Collection Set: 9.4ms
[2026-02-05T19:53:01.455+0000][5.225s][info ][gc,phases   ] GC(11)   Post Evacuate Collection Set: 1.7ms
[2026-02-05T19:53:01.455+0000][5.225s][info ][gc,phases   ] GC(11)   Other: 0.5ms
[2026-02-05T19:53:01.455+0000][5.225s][info ][gc,heap     ] GC(11) Eden regions: 47->0(45)
[2026-02-05T19:53:01.455+0000][5.226s][info ][gc,heap     ] GC(11) Survivor regions: 5->3(7)
[2026-02-05T19:53:01.455+0000][5.226s][info ][gc,heap     ] GC(11) Old regions: 18->23
[2026-02-05T19:53:01.456+0000][5.226s][info ][gc,heap     ] GC(11) Archive regions: 2->2
[2026-02-05T19:53:01.456+0000][5.226s][info ][gc,heap     ] GC(11) Humongous regions: 0->0
[2026-02-05T19:53:01.456+0000][5.226s][info ][gc,metaspace] GC(11) Metaspace: 25148K(25536K)->25148K(25536K) NonClass: 21892K(22080K)->21892K(22080K) Class: 3255K(3456K)->3255K(3456K)
[2026-02-05T19:53:01.456+0000][5.227s][info ][gc          ] GC(11) Pause Young (Normal) (G1 Evacuation Pause) 141M->53M(186M) 14.259ms
[2026-02-05T19:53:01.456+0000][5.227s][info ][gc,cpu      ] GC(11) User=0.08s Sys=0.00s Real=0.02s
[2026-02-05T19:53:01.457+0000][5.227s][info ][safepoint   ] Safepoint "G1CollectForAllocation", Time since last: 59211367 ns, Reaching safepoint: 336014 ns, Cleanup: 29001 ns, At safepoint: 14722414 ns, Total: 15087429 ns
[2026-02-05T19:53:01.970+0000][5.740s][debug][safepoint   ] Safepoint synchronization initiated using futex wait barrier. (15 threads)
[2026-02-05T19:53:01.970+0000][5.741s][info ][gc,start    ] GC(12) Pause Young (Normal) (G1 Evacuation Pause)
[2026-02-05T19:53:01.971+0000][5.741s][info ][gc,task     ] GC(12) Using 4 workers of 10 for evacuation
[2026-02-05T19:53:01.977+0000][5.748s][info ][gc,phases   ] GC(12)   Pre Evacuate Collection Set: 0.1ms
[2026-02-05T19:53:01.977+0000][5.748s][info ][gc,phases   ] GC(12)   Merge Heap Roots: 0.1ms
[2026-02-05T19:53:01.978+0000][5.748s][info ][gc,phases   ] GC(12)   Evacuate Collection Set: 5.2ms
[2026-02-05T19:53:01.978+0000][5.748s][info ][gc,phases   ] GC(12)   Post Evacuate Collection Set: 1.0ms
[2026-02-05T19:53:01.978+0000][5.748s][info ][gc,phases   ] GC(12)   Other: 0.4ms
[2026-02-05T19:53:01.978+0000][5.749s][info ][gc,heap     ] GC(12) Eden regions: 45->0(64)
[2026-02-05T19:53:01.978+0000][5.749s][info ][gc,heap     ] GC(12) Survivor regions: 3->4(6)
[2026-02-05T19:53:01.979+0000][5.749s][info ][gc,heap     ] GC(12) Old regions: 23->23
[2026-02-05T19:53:01.979+0000][5.749s][info ][gc,heap     ] GC(12) Archive regions: 2->2
[2026-02-05T19:53:01.979+0000][5.749s][info ][gc,heap     ] GC(12) Humongous regions: 0->0
[2026-02-05T19:53:01.979+0000][5.749s][info ][gc,metaspace] GC(12) Metaspace: 25239K(25664K)->25239K(25664K) NonClass: 21971K(22208K)->21971K(22208K) Class: 3268K(3456K)->3268K(3456K)
[2026-02-05T19:53:01.979+0000][5.750s][info ][gc          ] GC(12) Pause Young (Normal) (G1 Evacuation Pause) 143M->55M(232M) 8.830ms
[2026-02-05T19:53:01.979+0000][5.750s][info ][gc,cpu      ] GC(12) User=0.04s Sys=0.00s Real=0.01s
[2026-02-05T19:53:01.980+0000][5.750s][info ][safepoint   ] Safepoint "G1CollectForAllocation", Time since last: 513434994 ns, Reaching safepoint: 317613 ns, Cleanup: 77203 ns, At safepoint: 9261386 ns, Total: 9656202 ns
[2026-02-05T19:53:02.441+0000][6.211s][debug][safepoint   ] Safepoint synchronization initiated using futex wait barrier. (16 threads)
[2026-02-05T19:53:02.442+0000][6.212s][info ][gc,start    ] GC(13) Pause Young (Normal) (G1 Evacuation Pause)
[2026-02-05T19:53:02.442+0000][6.212s][info ][gc,task     ] GC(13) Using 5 workers of 10 for evacuation
[2026-02-05T19:53:02.446+0000][6.216s][info ][gc,phases   ] GC(13)   Pre Evacuate Collection Set: 0.1ms
[2026-02-05T19:53:02.446+0000][6.217s][info ][gc,phases   ] GC(13)   Merge Heap Roots: 0.1ms
[2026-02-05T19:53:02.446+0000][6.217s][info ][gc,phases   ] GC(13)   Evacuate Collection Set: 3.0ms
[2026-02-05T19:53:02.447+0000][6.217s][info ][gc,phases   ] GC(13)   Post Evacuate Collection Set: 0.9ms
[2026-02-05T19:53:02.447+0000][6.217s][info ][gc,phases   ] GC(13)   Other: 0.4ms
[2026-02-05T19:53:02.447+0000][6.217s][info ][gc,heap     ] GC(13) Eden regions: 64->0(64)
[2026-02-05T19:53:02.447+0000][6.217s][info ][gc,heap     ] GC(13) Survivor regions: 4->5(9)
[2026-02-05T19:53:02.447+0000][6.218s][info ][gc,heap     ] GC(13) Old regions: 23->23
[2026-02-05T19:53:02.447+0000][6.218s][info ][gc,heap     ] GC(13) Archive regions: 2->2
[2026-02-05T19:53:02.448+0000][6.218s][info ][gc,heap     ] GC(13) Humongous regions: 0->0
[2026-02-05T19:53:02.448+0000][6.218s][info ][gc,metaspace] GC(13) Metaspace: 26847K(27264K)->26847K(27264K) NonClass: 23454K(23680K)->23454K(23680K) Class: 3393K(3584K)->3393K(3584K)
[2026-02-05T19:53:02.448+0000][6.218s][info ][gc          ] GC(13) Pause Young (Normal) (G1 Evacuation Pause) 183M->56M(232M) 6.497ms
[2026-02-05T19:53:02.448+0000][6.219s][info ][gc,cpu      ] GC(13) User=0.02s Sys=0.00s Real=0.01s
[2026-02-05T19:53:02.448+0000][6.219s][info ][safepoint   ] Safepoint "G1CollectForAllocation", Time since last: 461460829 ns, Reaching safepoint: 297812 ns, Cleanup: 34602 ns, At safepoint: 6898287 ns, Total: 7230701 ns
[2026-02-05T19:53:03.235+0000][7.006s][debug][safepoint   ] Safepoint synchronization initiated using futex wait barrier. (15 threads)
[2026-02-05T19:53:03.236+0000][7.006s][info ][gc,start    ] GC(14) Pause Young (Normal) (G1 Evacuation Pause)
[2026-02-05T19:53:03.236+0000][7.007s][info ][gc,task     ] GC(14) Using 5 workers of 10 for evacuation
[2026-02-05T19:53:03.244+0000][7.014s][info ][gc,phases   ] GC(14)   Pre Evacuate Collection Set: 0.2ms
[2026-02-05T19:53:03.244+0000][7.015s][info ][gc,phases   ] GC(14)   Merge Heap Roots: 0.1ms
[2026-02-05T19:53:03.245+0000][7.015s][info ][gc,phases   ] GC(14)   Evacuate Collection Set: 5.2ms
[2026-02-05T19:53:03.245+0000][7.015s][info ][gc,phases   ] GC(14)   Post Evacuate Collection Set: 1.7ms
[2026-02-05T19:53:03.245+0000][7.016s][info ][gc,phases   ] GC(14)   Other: 0.6ms
[2026-02-05T19:53:03.245+0000][7.016s][info ][gc,heap     ] GC(14) Eden regions: 64->0(63)
[2026-02-05T19:53:03.246+0000][7.016s][info ][gc,heap     ] GC(14) Survivor regions: 5->6(9)
[2026-02-05T19:53:03.246+0000][7.016s][info ][gc,heap     ] GC(14) Old regions: 23->23
[2026-02-05T19:53:03.246+0000][7.016s][info ][gc,heap     ] GC(14) Archive regions: 2->2
[2026-02-05T19:53:03.246+0000][7.017s][info ][gc,heap     ] GC(14) Humongous regions: 0->0
[2026-02-05T19:53:03.247+0000][7.017s][info ][gc,metaspace] GC(14) Metaspace: 32697K(33088K)->32697K(33088K) NonClass: 28643K(28864K)->28643K(28864K) Class: 4053K(4224K)->4053K(4224K)
[2026-02-05T19:53:03.247+0000][7.017s][info ][gc          ] GC(14) Pause Young (Normal) (G1 Evacuation Pause) 184M->58M(232M) 10.738ms
[2026-02-05T19:53:03.247+0000][7.017s][info ][gc,cpu      ] GC(14) User=0.04s Sys=0.00s Real=0.02s
[2026-02-05T19:53:03.247+0000][7.018s][info ][safepoint   ] Safepoint "G1CollectForAllocation", Time since last: 787078797 ns, Reaching safepoint: 396016 ns, Cleanup: 158707 ns, At safepoint: 11255769 ns, Total: 11810492 ns
[2026-02-05T19:53:03.609+0000][7.380s][debug][safepoint   ] ... found polling page loop exception at pc = 0x000070f7193b0610, stub =0x000070f718b10400
[2026-02-05T19:53:03.795+0000][7.566s][debug][safepoint   ] Safepoint synchronization initiated using futex wait barrier. (15 threads)
[2026-02-05T19:53:03.796+0000][7.566s][info ][safepoint   ] Safepoint "ICBufferFull", Time since last: 547988934 ns, Reaching safepoint: 450219 ns, Cleanup: 329813 ns, At safepoint: 26301 ns, Total: 806333 ns
[2026-02-05T19:53:03.876+0000][7.647s][debug][safepoint   ] Safepoint synchronization initiated using futex wait barrier. (15 threads)
[2026-02-05T19:53:03.877+0000][7.647s][info ][gc,start    ] GC(15) Pause Young (Normal) (G1 Evacuation Pause)
[2026-02-05T19:53:03.877+0000][7.647s][info ][gc,task     ] GC(15) Using 5 workers of 10 for evacuation
[2026-02-05T19:53:03.885+0000][7.655s][info ][gc,phases   ] GC(15)   Pre Evacuate Collection Set: 0.1ms
[2026-02-05T19:53:03.885+0000][7.655s][info ][gc,phases   ] GC(15)   Merge Heap Roots: 0.1ms
[2026-02-05T19:53:03.885+0000][7.655s][info ][gc,phases   ] GC(15)   Evacuate Collection Set: 6.0ms
[2026-02-05T19:53:03.885+0000][7.655s][info ][gc,phases   ] GC(15)   Post Evacuate Collection Set: 1.2ms
[2026-02-05T19:53:03.885+0000][7.656s][info ][gc,phases   ] GC(15)   Other: 0.5ms
[2026-02-05T19:53:03.886+0000][7.656s][info ][gc,heap     ] GC(15) Eden regions: 63->0(65)
[2026-02-05T19:53:03.886+0000][7.656s][info ][gc,heap     ] GC(15) Survivor regions: 6->4(9)
[2026-02-05T19:53:03.886+0000][7.656s][info ][gc,heap     ] GC(15) Old regions: 23->25
[2026-02-05T19:53:03.886+0000][7.656s][info ][gc,heap     ] GC(15) Archive regions: 2->2
[2026-02-05T19:53:03.886+0000][7.657s][info ][gc,heap     ] GC(15) Humongous regions: 0->0
[2026-02-05T19:53:03.886+0000][7.657s][info ][gc,metaspace] GC(15) Metaspace: 34484K(34880K)->34484K(34880K) NonClass: 30210K(30400K)->30210K(30400K) Class: 4274K(4480K)->4274K(4480K)
[2026-02-05T19:53:03.887+0000][7.657s][info ][gc          ] GC(15) Pause Young (Normal) (G1 Evacuation Pause) 184M->57M(232M) 9.816ms
[2026-02-05T19:53:03.887+0000][7.657s][info ][gc,cpu      ] GC(15) User=0.03s Sys=0.00s Real=0.01s
[2026-02-05T19:53:03.887+0000][7.657s][info ][safepoint   ] Safepoint "G1CollectForAllocation", Time since last: 80246244 ns, Reaching safepoint: 330914 ns, Cleanup: 18301 ns, At safepoint: 10188824 ns, Total: 10538039 ns
[2026-02-05T19:53:04.389+0000][8.160s][debug][safepoint   ] Safepoint synchronization initiated using futex wait barrier. (15 threads)
[2026-02-05T19:53:04.390+0000][8.160s][info ][gc,start    ] GC(16) Pause Young (Concurrent Start) (Metadata GC Threshold)
[2026-02-05T19:53:04.390+0000][8.161s][info ][gc,task     ] GC(16) Using 5 workers of 10 for evacuation
[2026-02-05T19:53:04.398+0000][8.168s][info ][gc,phases   ] GC(16)   Pre Evacuate Collection Set: 0.2ms
[2026-02-05T19:53:04.398+0000][8.169s][info ][gc,phases   ] GC(16)   Merge Heap Roots: 0.1ms
[2026-02-05T19:53:04.399+0000][8.169s][info ][gc,phases   ] GC(16)   Evacuate Collection Set: 5.4ms
[2026-02-05T19:53:04.399+0000][8.169s][info ][gc,phases   ] GC(16)   Post Evacuate Collection Set: 1.5ms
[2026-02-05T19:53:04.399+0000][8.169s][info ][gc,phases   ] GC(16)   Other: 0.8ms
[2026-02-05T19:53:04.399+0000][8.169s][info ][gc,heap     ] GC(16) Eden regions: 39->0(65)
[2026-02-05T19:53:04.399+0000][8.170s][info ][gc,heap     ] GC(16) Survivor regions: 4->4(9)
[2026-02-05T19:53:04.399+0000][8.170s][info ][gc,heap     ] GC(16) Old regions: 25->25
[2026-02-05T19:53:04.400+0000][8.170s][info ][gc,heap     ] GC(16) Archive regions: 2->2
[2026-02-05T19:53:04.400+0000][8.170s][info ][gc,heap     ] GC(16) Humongous regions: 0->0
[2026-02-05T19:53:04.400+0000][8.170s][info ][gc,metaspace] GC(16) Metaspace: 35756K(36096K)->35756K(36096K) NonClass: 31322K(31488K)->31322K(31488K) Class: 4433K(4608K)->4433K(4608K)
[2026-02-05T19:53:04.400+0000][8.170s][info ][gc          ] GC(16) Pause Young (Concurrent Start) (Metadata GC Threshold) 135M->58M(232M) 10.085ms
[2026-02-05T19:53:04.400+0000][8.171s][info ][gc,cpu      ] GC(16) User=0.07s Sys=0.00s Real=0.01s
[2026-02-05T19:53:04.401+0000][8.171s][info ][gc          ] GC(17) Concurrent Mark Cycle
[2026-02-05T19:53:04.401+0000][8.171s][info ][gc,marking  ] GC(17) Concurrent Clear Claimed Marks
[2026-02-05T19:53:04.401+0000][8.171s][info ][safepoint   ] Safepoint "CollectForMetadataAllocation", Time since last: 502586742 ns, Reaching safepoint: 332814 ns, Cleanup: 219109 ns, At safepoint: 10716447 ns, Total: 11268370 ns
[2026-02-05T19:53:04.401+0000][8.171s][info ][gc,marking  ] GC(17) Concurrent Clear Claimed Marks 0.257ms
[2026-02-05T19:53:04.402+0000][8.172s][info ][gc,marking  ] GC(17) Concurrent Scan Root Regions
[2026-02-05T19:53:04.405+0000][8.175s][info ][gc,marking  ] GC(17) Concurrent Scan Root Regions 3.111ms
[2026-02-05T19:53:04.405+0000][8.175s][info ][gc,marking  ] GC(17) Concurrent Mark
[2026-02-05T19:53:04.405+0000][8.175s][info ][gc,marking  ] GC(17) Concurrent Mark From Roots
[2026-02-05T19:53:04.406+0000][8.176s][info ][gc,task     ] GC(17) Using 3 workers of 3 for marking
[2026-02-05T19:53:04.449+0000][8.219s][info ][gc,marking  ] GC(17) Concurrent Mark From Roots 43.994ms
[2026-02-05T19:53:04.450+0000][8.220s][info ][gc,marking  ] GC(17) Concurrent Preclean
[2026-02-05T19:53:04.450+0000][8.221s][info ][gc,marking  ] GC(17) Concurrent Preclean 0.703ms
[2026-02-05T19:53:04.451+0000][8.221s][debug][safepoint   ] Safepoint synchronization initiated using futex wait barrier. (15 threads)
[2026-02-05T19:53:04.451+0000][8.221s][info ][gc,start    ] GC(17) Pause Remark
[2026-02-05T19:53:04.455+0000][8.226s][info ][gc          ] GC(17) Pause Remark 62M->62M(220M) 4.253ms
[2026-02-05T19:53:04.456+0000][8.226s][info ][gc,cpu      ] GC(17) User=0.03s Sys=0.00s Real=0.00s
[2026-02-05T19:53:04.456+0000][8.226s][info ][safepoint   ] Safepoint "G1PauseRemark", Time since last: 49934381 ns, Reaching safepoint: 387416 ns, Cleanup: 20601 ns, At safepoint: 4986908 ns, Total: 5394925 ns
[2026-02-05T19:53:04.456+0000][8.227s][info ][gc,marking  ] GC(17) Concurrent Mark 51.427ms
[2026-02-05T19:53:04.457+0000][8.227s][info ][gc,marking  ] GC(17) Concurrent Rebuild Remembered Sets
[2026-02-05T19:53:04.480+0000][8.250s][info ][gc,marking  ] GC(17) Concurrent Rebuild Remembered Sets 22.694ms
[2026-02-05T19:53:04.480+0000][8.250s][debug][safepoint   ] Safepoint synchronization initiated using futex wait barrier. (15 threads)
[2026-02-05T19:53:04.481+0000][8.251s][debug][safepoint   ] ... found polling page loop exception at pc = 0x000070f7191a739c, stub =0x000070f718b10400
[2026-02-05T19:53:04.481+0000][8.252s][info ][gc,start    ] GC(17) Pause Cleanup
[2026-02-05T19:53:04.482+0000][8.252s][info ][gc          ] GC(17) Pause Cleanup 63M->63M(220M) 0.441ms
[2026-02-05T19:53:04.482+0000][8.252s][info ][gc,cpu      ] GC(17) User=0.00s Sys=0.00s Real=0.00s
[2026-02-05T19:53:04.482+0000][8.253s][info ][safepoint   ] Safepoint "G1PauseCleanup", Time since last: 24097804 ns, Reaching safepoint: 1236451 ns, Cleanup: 23501 ns, At safepoint: 1018143 ns, Total: 2278095 ns
[2026-02-05T19:53:04.483+0000][8.253s][info ][gc,marking  ] GC(17) Concurrent Cleanup for Next Mark
[2026-02-05T19:53:04.485+0000][8.255s][info ][gc,marking  ] GC(17) Concurrent Cleanup for Next Mark 1.819ms
[2026-02-05T19:53:04.485+0000][8.255s][info ][gc          ] GC(17) Concurrent Mark Cycle 84.402ms
[2026-02-05T19:53:05.242+0000][9.013s][debug][safepoint   ] Safepoint synchronization initiated using futex wait barrier. (14 threads)
[2026-02-05T19:53:05.243+0000][9.013s][info ][gc,start    ] GC(18) Pause Young (Prepare Mixed) (G1 Evacuation Pause)
[2026-02-05T19:53:05.243+0000][9.013s][info ][gc,task     ] GC(18) Using 5 workers of 10 for evacuation
[2026-02-05T19:53:05.250+0000][9.020s][info ][gc,phases   ] GC(18)   Pre Evacuate Collection Set: 0.1ms
[2026-02-05T19:53:05.250+0000][9.021s][info ][gc,phases   ] GC(18)   Merge Heap Roots: 0.1ms
[2026-02-05T19:53:05.251+0000][9.021s][info ][gc,phases   ] GC(18)   Evacuate Collection Set: 5.1ms
[2026-02-05T19:53:05.251+0000][9.021s][info ][gc,phases   ] GC(18)   Post Evacuate Collection Set: 1.0ms
[2026-02-05T19:53:05.251+0000][9.021s][info ][gc,phases   ] GC(18)   Other: 0.8ms
[2026-02-05T19:53:05.251+0000][9.021s][info ][gc,heap     ] GC(18) Eden regions: 62->0(1)
[2026-02-05T19:53:05.251+0000][9.022s][info ][gc,heap     ] GC(18) Survivor regions: 4->4(9)
[2026-02-05T19:53:05.251+0000][9.022s][info ][gc,heap     ] GC(18) Old regions: 25->25
[2026-02-05T19:53:05.252+0000][9.022s][info ][gc,heap     ] GC(18) Archive regions: 2->2
[2026-02-05T19:53:05.252+0000][9.022s][info ][gc,heap     ] GC(18) Humongous regions: 0->0
[2026-02-05T19:53:05.252+0000][9.022s][info ][gc,metaspace] GC(18) Metaspace: 38787K(39232K)->38787K(39232K) NonClass: 33895K(34112K)->33895K(34112K) Class: 4891K(5120K)->4891K(5120K)
[2026-02-05T19:53:05.252+0000][9.022s][info ][gc          ] GC(18) Pause Young (Prepare Mixed) (G1 Evacuation Pause) 182M->58M(220M) 9.224ms
[2026-02-05T19:53:05.252+0000][9.023s][info ][gc,cpu      ] GC(18) User=0.03s Sys=0.00s Real=0.01s
[2026-02-05T19:53:05.253+0000][9.023s][info ][safepoint   ] Safepoint "G1CollectForAllocation", Time since last: 759788555 ns, Reaching safepoint: 331814 ns, Cleanup: 267311 ns, At safepoint: 9705504 ns, Total: 10304629 ns
[2026-02-05T19:53:05.272+0000][9.042s][debug][safepoint   ] Safepoint synchronization initiated using futex wait barrier. (14 threads)
[2026-02-05T19:53:05.272+0000][9.042s][info ][gc,start    ] GC(19) Pause Young (Mixed) (G1 Evacuation Pause)
[2026-02-05T19:53:05.272+0000][9.042s][info ][gc,task     ] GC(19) Using 5 workers of 10 for evacuation
[2026-02-05T19:53:05.279+0000][9.049s][info ][gc,phases   ] GC(19)   Pre Evacuate Collection Set: 0.1ms
[2026-02-05T19:53:05.279+0000][9.050s][info ][gc,phases   ] GC(19)   Merge Heap Roots: 0.1ms
[2026-02-05T19:53:05.279+0000][9.050s][info ][gc,phases   ] GC(19)   Evacuate Collection Set: 5.2ms
[2026-02-05T19:53:05.280+0000][9.050s][info ][gc,phases   ] GC(19)   Post Evacuate Collection Set: 1.0ms
[2026-02-05T19:53:05.280+0000][9.050s][info ][gc,phases   ] GC(19)   Other: 0.5ms
[2026-02-05T19:53:05.280+0000][9.050s][info ][gc,heap     ] GC(19) Eden regions: 1->0(63)
[2026-02-05T19:53:05.280+0000][9.051s][info ][gc,heap     ] GC(19) Survivor regions: 4->1(1)
[2026-02-05T19:53:05.281+0000][9.051s][info ][gc,heap     ] GC(19) Old regions: 25->28
[2026-02-05T19:53:05.281+0000][9.051s][info ][gc,heap     ] GC(19) Archive regions: 2->2
[2026-02-05T19:53:05.281+0000][9.052s][info ][gc,heap     ] GC(19) Humongous regions: 0->0
[2026-02-05T19:53:05.282+0000][9.052s][info ][gc,metaspace] GC(19) Metaspace: 38795K(39232K)->38795K(39232K) NonClass: 33903K(34112K)->33903K(34112K) Class: 4891K(5120K)->4891K(5120K)
[2026-02-05T19:53:05.282+0000][9.052s][info ][gc          ] GC(19) Pause Young (Mixed) (G1 Evacuation Pause) 60M->59M(220M) 9.931ms
[2026-02-05T19:53:05.282+0000][9.052s][info ][gc,cpu      ] GC(19) User=0.03s Sys=0.00s Real=0.01s
[2026-02-05T19:53:05.282+0000][9.053s][info ][safepoint   ] Safepoint "G1CollectForAllocation", Time since last: 19092396 ns, Reaching safepoint: 288412 ns, Cleanup: 13200 ns, At safepoint: 10356332 ns, Total: 10657944 ns
[2026-02-05T19:53:06.283+0000][10.053s][debug][safepoint   ] Safepoint synchronization initiated using futex wait barrier. (15 threads)
[2026-02-05T19:53:06.283+0000][10.053s][debug][safepoint   ] ... found polling page loop exception at pc = 0x000070f7193b0610, stub =0x000070f718b10400
[2026-02-05T19:53:06.284+0000][10.054s][info ][safepoint   ] Safepoint "Cleanup", Time since last: 1000379979 ns, Reaching safepoint: 874836 ns, Cleanup: 134806 ns, At safepoint: 29001 ns, Total: 1038643 ns
[2026-02-05T19:53:06.736+0000][10.507s][debug][safepoint   ] Safepoint synchronization initiated using futex wait barrier. (15 threads)
[2026-02-05T19:53:06.737+0000][10.507s][info ][gc,start    ] GC(20) Pause Young (Normal) (G1 Evacuation Pause)
[2026-02-05T19:53:06.737+0000][10.507s][info ][gc,task     ] GC(20) Using 5 workers of 10 for evacuation
[2026-02-05T19:53:06.741+0000][10.512s][info ][gc,phases   ] GC(20)   Pre Evacuate Collection Set: 0.2ms
[2026-02-05T19:53:06.742+0000][10.512s][info ][gc,phases   ] GC(20)   Merge Heap Roots: 0.1ms
[2026-02-05T19:53:06.742+0000][10.512s][info ][gc,phases   ] GC(20)   Evacuate Collection Set: 2.7ms
[2026-02-05T19:53:06.742+0000][10.512s][info ][gc,phases   ] GC(20)   Post Evacuate Collection Set: 0.9ms
[2026-02-05T19:53:06.742+0000][10.513s][info ][gc,phases   ] GC(20)   Other: 0.6ms
[2026-02-05T19:53:06.742+0000][10.513s][info ][gc,heap     ] GC(20) Eden regions: 63->0(62)
[2026-02-05T19:53:06.743+0000][10.513s][info ][gc,heap     ] GC(20) Survivor regions: 1->2(8)
[2026-02-05T19:53:06.743+0000][10.513s][info ][gc,heap     ] GC(20) Old regions: 28->28
[2026-02-05T19:53:06.743+0000][10.513s][info ][gc,heap     ] GC(20) Archive regions: 2->2
[2026-02-05T19:53:06.743+0000][10.513s][info ][gc,heap     ] GC(20) Humongous regions: 0->0
[2026-02-05T19:53:06.743+0000][10.514s][info ][gc,metaspace] GC(20) Metaspace: 41486K(41856K)->41486K(41856K) NonClass: 36250K(36416K)->36250K(36416K) Class: 5235K(5440K)->5235K(5440K)
[2026-02-05T19:53:06.744+0000][10.514s][info ][gc          ] GC(20) Pause Young (Normal) (G1 Evacuation Pause) 185M->60M(220M) 6.625ms
[2026-02-05T19:53:06.744+0000][10.514s][info ][gc,cpu      ] GC(20) User=0.02s Sys=0.00s Real=0.00s
[2026-02-05T19:53:06.744+0000][10.514s][info ][safepoint   ] Safepoint "G1CollectForAllocation", Time since last: 452594156 ns, Reaching safepoint: 530022 ns, Cleanup: 32302 ns, At safepoint: 7044293 ns, Total: 7606617 ns
[2026-02-05T19:53:06.809+0000][10.579s][debug][safepoint   ] ... found polling page loop exception at pc = 0x000070f719184901, stub =0x000070f718b10400
[2026-02-05T19:53:07.635+0000][11.405s][debug][safepoint   ] Safepoint synchronization initiated using futex wait barrier. (15 threads)
[2026-02-05T19:53:07.636+0000][11.406s][info ][safepoint   ] Safepoint "ICBufferFull", Time since last: 891055224 ns, Reaching safepoint: 456119 ns, Cleanup: 197408 ns, At safepoint: 3400 ns, Total: 656927 ns
[2026-02-05T19:53:07.799+0000][11.569s][debug][safepoint   ] Safepoint synchronization initiated using futex wait barrier. (15 threads)
[2026-02-05T19:53:07.799+0000][11.569s][info ][gc,start    ] GC(21) Pause Young (Normal) (G1 Evacuation Pause)
[2026-02-05T19:53:07.799+0000][11.570s][info ][gc,task     ] GC(21) Using 5 workers of 10 for evacuation
[2026-02-05T19:53:07.804+0000][11.575s][info ][gc,phases   ] GC(21)   Pre Evacuate Collection Set: 0.2ms
[2026-02-05T19:53:07.805+0000][11.575s][info ][gc,phases   ] GC(21)   Merge Heap Roots: 0.1ms
[2026-02-05T19:53:07.805+0000][11.575s][info ][gc,phases   ] GC(21)   Evacuate Collection Set: 3.4ms
[2026-02-05T19:53:07.805+0000][11.575s][info ][gc,phases   ] GC(21)   Post Evacuate Collection Set: 0.9ms
[2026-02-05T19:53:07.805+0000][11.576s][info ][gc,phases   ] GC(21)   Other: 0.5ms
[2026-02-05T19:53:07.806+0000][11.576s][info ][gc,heap     ] GC(21) Eden regions: 62->0(62)
[2026-02-05T19:53:07.806+0000][11.576s][info ][gc,heap     ] GC(21) Survivor regions: 2->3(8)
[2026-02-05T19:53:07.806+0000][11.576s][info ][gc,heap     ] GC(21) Old regions: 28->28
[2026-02-05T19:53:07.806+0000][11.576s][info ][gc,heap     ] GC(21) Archive regions: 2->2
[2026-02-05T19:53:07.806+0000][11.577s][info ][gc,heap     ] GC(21) Humongous regions: 0->0
[2026-02-05T19:53:07.807+0000][11.577s][info ][gc,metaspace] GC(21) Metaspace: 44541K(44992K)->44541K(44992K) NonClass: 38867K(39104K)->38867K(39104K) Class: 5673K(5888K)->5673K(5888K)
[2026-02-05T19:53:07.807+0000][11.577s][info ][gc          ] GC(21) Pause Young (Normal) (G1 Evacuation Pause) 184M->62M(220M) 7.740ms
[2026-02-05T19:53:07.807+0000][11.577s][info ][gc,cpu      ] GC(21) User=0.03s Sys=0.01s Real=0.01s
[2026-02-05T19:53:07.807+0000][11.578s][info ][safepoint   ] Safepoint "G1CollectForAllocation", Time since last: 163114196 ns, Reaching safepoint: 328814 ns, Cleanup: 41602 ns, At safepoint: 8283745 ns, Total: 8654161 ns
[2026-02-05T19:53:08.453+0000][12.223s][debug][safepoint   ] Safepoint synchronization initiated using futex wait barrier. (15 threads)
[2026-02-05T19:53:08.453+0000][12.223s][info ][safepoint   ] Safepoint "ICBufferFull", Time since last: 645270883 ns, Reaching safepoint: 368616 ns, Cleanup: 145806 ns, At safepoint: 3900 ns, Total: 518322 ns
[2026-02-05T19:53:08.723+0000][12.494s][debug][safepoint   ] Safepoint synchronization initiated using futex wait barrier. (16 threads)
[2026-02-05T19:53:08.724+0000][12.494s][info ][gc,start    ] GC(22) Pause Young (Normal) (G1 Evacuation Pause)
[2026-02-05T19:53:08.724+0000][12.494s][info ][gc,task     ] GC(22) Using 5 workers of 10 for evacuation
[2026-02-05T19:53:08.731+0000][12.501s][info ][gc,phases   ] GC(22)   Pre Evacuate Collection Set: 0.1ms
[2026-02-05T19:53:08.731+0000][12.502s][info ][gc,phases   ] GC(22)   Merge Heap Roots: 0.1ms
[2026-02-05T19:53:08.732+0000][12.502s][info ][gc,phases   ] GC(22)   Evacuate Collection Set: 5.4ms
[2026-02-05T19:53:08.732+0000][12.502s][info ][gc,phases   ] GC(22)   Post Evacuate Collection Set: 1.1ms
[2026-02-05T19:53:08.732+0000][12.502s][info ][gc,phases   ] GC(22)   Other: 0.5ms
[2026-02-05T19:53:08.732+0000][12.503s][info ][gc,heap     ] GC(22) Eden regions: 62->0(60)
[2026-02-05T19:53:08.732+0000][12.503s][info ][gc,heap     ] GC(22) Survivor regions: 3->4(9)
[2026-02-05T19:53:08.733+0000][12.503s][info ][gc,heap     ] GC(22) Old regions: 28->28
[2026-02-05T19:53:08.733+0000][12.503s][info ][gc,heap     ] GC(22) Archive regions: 2->2
[2026-02-05T19:53:08.733+0000][12.503s][info ][gc,heap     ] GC(22) Humongous regions: 0->0
[2026-02-05T19:53:08.733+0000][12.503s][info ][gc,metaspace] GC(22) Metaspace: 48625K(49088K)->48625K(49088K) NonClass: 42406K(42624K)->42406K(42624K) Class: 6218K(6464K)->6218K(6464K)
[2026-02-05T19:53:08.733+0000][12.504s][info ][gc          ] GC(22) Pause Young (Normal) (G1 Evacuation Pause) 186M->64M(220M) 9.364ms
[2026-02-05T19:53:08.733+0000][12.504s][info ][gc,cpu      ] GC(22) User=0.06s Sys=0.00s Real=0.01s
[2026-02-05T19:53:08.734+0000][12.504s][info ][safepoint   ] Safepoint "G1CollectForAllocation", Time since last: 270332263 ns, Reaching safepoint: 379416 ns, Cleanup: 31101 ns, At safepoint: 9756406 ns, Total: 10166923 ns
[2026-02-05T19:53:09.020+0000][12.790s][debug][safepoint   ] ... found polling page loop exception at pc = 0x000070f7193b0610, stub =0x000070f718b10400
[2026-02-05T19:53:10.332+0000][14.103s][debug][safepoint   ] Safepoint synchronization initiated using futex wait barrier. (18 threads)
[2026-02-05T19:53:10.333+0000][14.103s][info ][safepoint   ] Safepoint "Cleanup", Time since last: 1598800911 ns, Reaching safepoint: 430518 ns, Cleanup: 169207 ns, At safepoint: 34101 ns, Total: 633826 ns
[2026-02-05T19:53:10.586+0000][14.356s][debug][safepoint   ] Safepoint synchronization initiated using futex wait barrier. (18 threads)
[2026-02-05T19:53:10.586+0000][14.357s][info ][safepoint   ] Safepoint "ICBufferFull", Time since last: 252732930 ns, Reaching safepoint: 442818 ns, Cleanup: 158807 ns, At safepoint: 4100 ns, Total: 605725 ns
[2026-02-05T19:53:10.706+0000][14.476s][debug][safepoint   ] Safepoint synchronization initiated using futex wait barrier. (18 threads)
[2026-02-05T19:53:10.706+0000][14.476s][info ][gc,start    ] GC(23) Pause Young (Normal) (G1 Evacuation Pause)
[2026-02-05T19:53:10.706+0000][14.477s][info ][gc,task     ] GC(23) Using 5 workers of 10 for evacuation
[2026-02-05T19:53:10.714+0000][14.484s][info ][gc,phases   ] GC(23)   Pre Evacuate Collection Set: 0.1ms
[2026-02-05T19:53:10.714+0000][14.485s][info ][gc,phases   ] GC(23)   Merge Heap Roots: 0.1ms
[2026-02-05T19:53:10.715+0000][14.485s][info ][gc,phases   ] GC(23)   Evacuate Collection Set: 5.7ms
[2026-02-05T19:53:10.715+0000][14.485s][info ][gc,phases   ] GC(23)   Post Evacuate Collection Set: 1.4ms
[2026-02-05T19:53:10.715+0000][14.486s][info ][gc,phases   ] GC(23)   Other: 0.5ms
[2026-02-05T19:53:10.715+0000][14.486s][info ][gc,heap     ] GC(23) Eden regions: 60->0(59)
[2026-02-05T19:53:10.716+0000][14.486s][info ][gc,heap     ] GC(23) Survivor regions: 4->5(8)
[2026-02-05T19:53:10.716+0000][14.486s][info ][gc,heap     ] GC(23) Old regions: 28->28
[2026-02-05T19:53:10.716+0000][14.486s][info ][gc,heap     ] GC(23) Archive regions: 2->2
[2026-02-05T19:53:10.716+0000][14.486s][info ][gc,heap     ] GC(23) Humongous regions: 0->0
[2026-02-05T19:53:10.716+0000][14.487s][info ][gc,metaspace] GC(23) Metaspace: 54880K(55360K)->54880K(55360K) NonClass: 47945K(48192K)->47945K(48192K) Class: 6935K(7168K)->6935K(7168K)
[2026-02-05T19:53:10.716+0000][14.487s][info ][gc          ] GC(23) Pause Young (Normal) (G1 Evacuation Pause) 184M->67M(220M) 10.372ms
[2026-02-05T19:53:10.717+0000][14.487s][info ][gc,cpu      ] GC(23) User=0.06s Sys=0.00s Real=0.01s
[2026-02-05T19:53:10.717+0000][14.487s][info ][safepoint   ] Safepoint "G1CollectForAllocation", Time since last: 119212267 ns, Reaching safepoint: 378516 ns, Cleanup: 39301 ns, At safepoint: 10863353 ns, Total: 11281170 ns
[2026-02-05T19:53:11.320+0000][15.091s][debug][safepoint   ] Safepoint synchronization initiated using futex wait barrier. (18 threads)
[2026-02-05T19:53:11.321+0000][15.091s][info ][gc,start    ] GC(24) Pause Young (Normal) (G1 Evacuation Pause)
[2026-02-05T19:53:11.321+0000][15.091s][info ][gc,task     ] GC(24) Using 5 workers of 10 for evacuation
[2026-02-05T19:53:11.329+0000][15.100s][info ][gc,phases   ] GC(24)   Pre Evacuate Collection Set: 0.1ms
[2026-02-05T19:53:11.330+0000][15.100s][info ][gc,phases   ] GC(24)   Merge Heap Roots: 0.1ms
[2026-02-05T19:53:11.330+0000][15.100s][info ][gc,phases   ] GC(24)   Evacuate Collection Set: 6.7ms
[2026-02-05T19:53:11.330+0000][15.100s][info ][gc,phases   ] GC(24)   Post Evacuate Collection Set: 1.0ms
[2026-02-05T19:53:11.330+0000][15.101s][info ][gc,phases   ] GC(24)   Other: 0.5ms
[2026-02-05T19:53:11.331+0000][15.101s][info ][gc,heap     ] GC(24) Eden regions: 59->0(58)
[2026-02-05T19:53:11.331+0000][15.101s][info ][gc,heap     ] GC(24) Survivor regions: 5->5(8)
[2026-02-05T19:53:11.331+0000][15.102s][info ][gc,heap     ] GC(24) Old regions: 28->29
[2026-02-05T19:53:11.331+0000][15.102s][info ][gc,heap     ] GC(24) Archive regions: 2->2
[2026-02-05T19:53:11.332+0000][15.102s][info ][gc,heap     ] GC(24) Humongous regions: 0->0
[2026-02-05T19:53:11.332+0000][15.102s][info ][gc,metaspace] GC(24) Metaspace: 57927K(58304K)->57927K(58304K) NonClass: 50565K(50752K)->50565K(50752K) Class: 7362K(7552K)->7362K(7552K)
[2026-02-05T19:53:11.332+0000][15.102s][info ][gc          ] GC(24) Pause Young (Normal) (G1 Evacuation Pause) 185M->68M(220M) 10.959ms
[2026-02-05T19:53:11.332+0000][15.102s][info ][gc,cpu      ] GC(24) User=0.05s Sys=0.01s Real=0.01s
[2026-02-05T19:53:11.332+0000][15.103s][info ][safepoint   ] Safepoint "G1CollectForAllocation", Time since last: 603484943 ns, Reaching safepoint: 356115 ns, Cleanup: 61202 ns, At safepoint: 11368374 ns, Total: 11785691 ns
[2026-02-05T19:53:11.646+0000][15.416s][debug][safepoint   ] Safepoint synchronization initiated using futex wait barrier. (18 threads)
[2026-02-05T19:53:11.646+0000][15.417s][info ][gc,start    ] GC(25) Pause Young (Concurrent Start) (Metadata GC Threshold)
[2026-02-05T19:53:11.647+0000][15.417s][info ][gc,task     ] GC(25) Using 5 workers of 10 for evacuation
[2026-02-05T19:53:11.655+0000][15.425s][info ][gc,phases   ] GC(25)   Pre Evacuate Collection Set: 0.2ms
[2026-02-05T19:53:11.655+0000][15.425s][info ][gc,phases   ] GC(25)   Merge Heap Roots: 0.2ms
[2026-02-05T19:53:11.655+0000][15.426s][info ][gc,phases   ] GC(25)   Evacuate Collection Set: 6.0ms
[2026-02-05T19:53:11.656+0000][15.426s][info ][gc,phases   ] GC(25)   Post Evacuate Collection Set: 1.0ms
[2026-02-05T19:53:11.656+0000][15.426s][info ][gc,phases   ] GC(25)   Other: 0.8ms
[2026-02-05T19:53:11.656+0000][15.427s][info ][gc,heap     ] GC(25) Eden regions: 24->0(59)
[2026-02-05T19:53:11.657+0000][15.427s][info ][gc,heap     ] GC(25) Survivor regions: 5->4(8)
[2026-02-05T19:53:11.657+0000][15.427s][info ][gc,heap     ] GC(25) Old regions: 29->30
[2026-02-05T19:53:11.657+0000][15.427s][info ][gc,heap     ] GC(25) Archive regions: 2->2
[2026-02-05T19:53:11.657+0000][15.428s][info ][gc,heap     ] GC(25) Humongous regions: 0->0
[2026-02-05T19:53:11.657+0000][15.428s][info ][gc,metaspace] GC(25) Metaspace: 60064K(60480K)->60064K(60480K) NonClass: 52401K(52608K)->52401K(52608K) Class: 7662K(7872K)->7662K(7872K)
[2026-02-05T19:53:11.657+0000][15.428s][info ][gc          ] GC(25) Pause Young (Concurrent Start) (Metadata GC Threshold) 115M->69M(220M) 11.018ms
[2026-02-05T19:53:11.658+0000][15.428s][info ][gc,cpu      ] GC(25) User=0.04s Sys=0.00s Real=0.01s
[2026-02-05T19:53:11.658+0000][15.428s][info ][gc          ] GC(26) Concurrent Mark Cycle
[2026-02-05T19:53:11.658+0000][15.428s][info ][gc,marking  ] GC(26) Concurrent Clear Claimed Marks
[2026-02-05T19:53:11.658+0000][15.428s][info ][safepoint   ] Safepoint "CollectForMetadataAllocation", Time since last: 313782673 ns, Reaching safepoint: 436218 ns, Cleanup: 27501 ns, At safepoint: 11424576 ns, Total: 11888295 ns
[2026-02-05T19:53:11.658+0000][15.429s][info ][gc,marking  ] GC(26) Concurrent Clear Claimed Marks 0.341ms
[2026-02-05T19:53:11.659+0000][15.429s][info ][gc,marking  ] GC(26) Concurrent Scan Root Regions
[2026-02-05T19:53:11.663+0000][15.434s][info ][gc,marking  ] GC(26) Concurrent Scan Root Regions 4.555ms
[2026-02-05T19:53:11.664+0000][15.434s][info ][gc,marking  ] GC(26) Concurrent Mark
[2026-02-05T19:53:11.664+0000][15.434s][info ][gc,marking  ] GC(26) Concurrent Mark From Roots
[2026-02-05T19:53:11.664+0000][15.435s][info ][gc,task     ] GC(26) Using 3 workers of 3 for marking
[2026-02-05T19:53:11.699+0000][15.470s][info ][gc,marking  ] GC(26) Concurrent Mark From Roots 35.401ms
[2026-02-05T19:53:11.700+0000][15.470s][info ][gc,marking  ] GC(26) Concurrent Preclean
[2026-02-05T19:53:11.700+0000][15.471s][info ][gc,marking  ] GC(26) Concurrent Preclean 0.554ms
[2026-02-05T19:53:11.701+0000][15.471s][debug][safepoint   ] Safepoint synchronization initiated using futex wait barrier. (19 threads)
[2026-02-05T19:53:11.701+0000][15.471s][info ][gc,start    ] GC(26) Pause Remark
[2026-02-05T19:53:11.706+0000][15.476s][info ][gc          ] GC(26) Pause Remark 74M->74M(220M) 4.553ms
[2026-02-05T19:53:11.706+0000][15.476s][info ][gc,cpu      ] GC(26) User=0.03s Sys=0.00s Real=0.01s
[2026-02-05T19:53:11.706+0000][15.477s][info ][safepoint   ] Safepoint "G1PauseRemark", Time since last: 42708480 ns, Reaching safepoint: 372115 ns, Cleanup: 19601 ns, At safepoint: 5503229 ns, Total: 5894945 ns
[2026-02-05T19:53:11.707+0000][15.477s][info ][gc,marking  ] GC(26) Concurrent Mark 43.055ms
[2026-02-05T19:53:11.707+0000][15.478s][info ][gc,marking  ] GC(26) Concurrent Rebuild Remembered Sets
[2026-02-05T19:53:11.724+0000][15.494s][info ][gc,marking  ] GC(26) Concurrent Rebuild Remembered Sets 16.794ms
[2026-02-05T19:53:11.724+0000][15.495s][debug][safepoint   ] Safepoint synchronization initiated using futex wait barrier. (20 threads)
[2026-02-05T19:53:11.725+0000][15.495s][info ][gc,start    ] GC(26) Pause Cleanup
[2026-02-05T19:53:11.725+0000][15.496s][info ][gc          ] GC(26) Pause Cleanup 75M->75M(220M) 0.383ms
[2026-02-05T19:53:11.726+0000][15.496s][info ][gc,cpu      ] GC(26) User=0.00s Sys=0.00s Real=0.00s
[2026-02-05T19:53:11.726+0000][15.496s][info ][safepoint   ] Safepoint "G1PauseCleanup", Time since last: 17923847 ns, Reaching safepoint: 618526 ns, Cleanup: 14200 ns, At safepoint: 847436 ns, Total: 1480162 ns
[2026-02-05T19:53:11.726+0000][15.497s][info ][gc,marking  ] GC(26) Concurrent Cleanup for Next Mark
[2026-02-05T19:53:11.728+0000][15.499s][info ][gc,marking  ] GC(26) Concurrent Cleanup for Next Mark 2.151ms
[2026-02-05T19:53:11.732+0000][15.503s][info ][gc          ] GC(26) Concurrent Mark Cycle 74.350ms
[2026-02-05T19:53:12.017+0000][15.788s][debug][safepoint   ] ... found polling page loop exception at pc = 0x000070f7120ea46a, stub =0x000070f718b10400
[2026-02-05T19:53:12.043+0000][15.814s][debug][safepoint   ] ... found polling page loop exception at pc = 0x000070f7120d10fe, stub =0x000070f718b10400
[2026-02-05T19:53:12.241+0000][16.012s][debug][safepoint   ] Safepoint synchronization initiated using futex wait barrier. (21 threads)
[2026-02-05T19:53:12.242+0000][16.012s][info ][safepoint   ] Safepoint "ICBufferFull", Time since last: 515345470 ns, Reaching safepoint: 297513 ns, Cleanup: 115705 ns, At safepoint: 28301 ns, Total: 441519 ns
[2026-02-05T19:53:12.435+0000][16.206s][debug][safepoint   ] Safepoint synchronization initiated using futex wait barrier. (21 threads)
[2026-02-05T19:53:12.437+0000][16.207s][info ][gc,start    ] GC(27) Pause Young (Prepare Mixed) (G1 Evacuation Pause)
[2026-02-05T19:53:12.437+0000][16.208s][info ][gc,task     ] GC(27) Using 5 workers of 10 for evacuation
[2026-02-05T19:53:12.444+0000][16.214s][info ][gc,phases   ] GC(27)   Pre Evacuate Collection Set: 0.1ms
[2026-02-05T19:53:12.444+0000][16.215s][info ][gc,phases   ] GC(27)   Merge Heap Roots: 0.1ms
[2026-02-05T19:53:12.445+0000][16.215s][info ][gc,phases   ] GC(27)   Evacuate Collection Set: 5.3ms
[2026-02-05T19:53:12.445+0000][16.215s][info ][gc,phases   ] GC(27)   Post Evacuate Collection Set: 1.1ms
[2026-02-05T19:53:12.445+0000][16.215s][info ][gc,phases   ] GC(27)   Other: 0.5ms
[2026-02-05T19:53:12.445+0000][16.215s][info ][gc,heap     ] GC(27) Eden regions: 59->0(1)
[2026-02-05T19:53:12.445+0000][16.215s][info ][gc,heap     ] GC(27) Survivor regions: 4->5(8)
[2026-02-05T19:53:12.445+0000][16.216s][info ][gc,heap     ] GC(27) Old regions: 30->30
[2026-02-05T19:53:12.445+0000][16.216s][info ][gc,heap     ] GC(27) Archive regions: 2->2
[2026-02-05T19:53:12.446+0000][16.216s][info ][gc,heap     ] GC(27) Humongous regions: 0->0
[2026-02-05T19:53:12.446+0000][16.216s][info ][gc,metaspace] GC(27) Metaspace: 63110K(63552K)->63110K(63552K) NonClass: 55079K(55296K)->55079K(55296K) Class: 8030K(8256K)->8030K(8256K)
[2026-02-05T19:53:12.446+0000][16.216s][info ][gc          ] GC(27) Pause Young (Prepare Mixed) (G1 Evacuation Pause) 187M->69M(220M) 9.019ms
[2026-02-05T19:53:12.446+0000][16.217s][info ][gc,cpu      ] GC(27) User=0.03s Sys=0.00s Real=0.01s
[2026-02-05T19:53:12.446+0000][16.217s][info ][safepoint   ] Safepoint "G1CollectForAllocation", Time since last: 193653568 ns, Reaching safepoint: 315713 ns, Cleanup: 1326855 ns, At safepoint: 9456894 ns, Total: 11099462 ns
[2026-02-05T19:53:12.456+0000][16.226s][debug][safepoint   ] Safepoint synchronization initiated using futex wait barrier. (21 threads)
[2026-02-05T19:53:12.456+0000][16.226s][info ][gc,start    ] GC(28) Pause Young (Mixed) (G1 Evacuation Pause)
[2026-02-05T19:53:12.456+0000][16.226s][info ][gc,task     ] GC(28) Using 5 workers of 10 for evacuation
[2026-02-05T19:53:12.464+0000][16.235s][info ][gc,phases   ] GC(28)   Pre Evacuate Collection Set: 0.1ms
[2026-02-05T19:53:12.465+0000][16.235s][info ][gc,phases   ] GC(28)   Merge Heap Roots: 0.1ms
[2026-02-05T19:53:12.465+0000][16.235s][info ][gc,phases   ] GC(28)   Evacuate Collection Set: 6.3ms
[2026-02-05T19:53:12.465+0000][16.235s][info ][gc,phases   ] GC(28)   Post Evacuate Collection Set: 1.1ms
[2026-02-05T19:53:12.465+0000][16.236s][info ][gc,phases   ] GC(28)   Other: 0.7ms
[2026-02-05T19:53:12.466+0000][16.236s][info ][gc,heap     ] GC(28) Eden regions: 1->0(59)
[2026-02-05T19:53:12.466+0000][16.236s][info ][gc,heap     ] GC(28) Survivor regions: 5->1(1)
[2026-02-05T19:53:12.466+0000][16.236s][info ][gc,heap     ] GC(28) Old regions: 30->33
[2026-02-05T19:53:12.466+0000][16.236s][info ][gc,heap     ] GC(28) Archive regions: 2->2
[2026-02-05T19:53:12.466+0000][16.237s][info ][gc,heap     ] GC(28) Humongous regions: 0->0
[2026-02-05T19:53:12.466+0000][16.237s][info ][gc,metaspace] GC(28) Metaspace: 63145K(63552K)->63145K(63552K) NonClass: 55107K(55296K)->55107K(55296K) Class: 8038K(8256K)->8038K(8256K)
[2026-02-05T19:53:12.467+0000][16.237s][info ][gc          ] GC(28) Pause Young (Mixed) (G1 Evacuation Pause) 71M->69M(220M) 10.868ms
[2026-02-05T19:53:12.467+0000][16.237s][info ][gc,cpu      ] GC(28) User=0.07s Sys=0.00s Real=0.02s
[2026-02-05T19:53:12.467+0000][16.238s][info ][safepoint   ] Safepoint "G1CollectForAllocation", Time since last: 9201884 ns, Reaching safepoint: 299912 ns, Cleanup: 4000 ns, At safepoint: 11440177 ns, Total: 11744089 ns
[2026-02-05T19:53:12.843+0000][16.613s][debug][safepoint   ] Safepoint synchronization initiated using futex wait barrier. (19 threads)
[2026-02-05T19:53:12.843+0000][16.614s][info ][gc,start    ] GC(29) Pause Young (Normal) (G1 Evacuation Pause)
[2026-02-05T19:53:12.844+0000][16.614s][info ][gc,task     ] GC(29) Using 5 workers of 10 for evacuation
[2026-02-05T19:53:12.846+0000][16.616s][info ][gc,phases   ] GC(29)   Pre Evacuate Collection Set: 0.1ms
[2026-02-05T19:53:12.846+0000][16.617s][info ][gc,phases   ] GC(29)   Merge Heap Roots: 0.1ms
[2026-02-05T19:53:12.847+0000][16.617s][info ][gc,phases   ] GC(29)   Evacuate Collection Set: 1.2ms
[2026-02-05T19:53:12.847+0000][16.617s][info ][gc,phases   ] GC(29)   Post Evacuate Collection Set: 0.9ms
[2026-02-05T19:53:12.847+0000][16.617s][info ][gc,phases   ] GC(29)   Other: 0.6ms
[2026-02-05T19:53:12.847+0000][16.618s][info ][gc,heap     ] GC(29) Eden regions: 59->0(60)
[2026-02-05T19:53:12.847+0000][16.618s][info ][gc,heap     ] GC(29) Survivor regions: 1->1(8)
[2026-02-05T19:53:12.848+0000][16.618s][info ][gc,heap     ] GC(29) Old regions: 33->33
[2026-02-05T19:53:12.848+0000][16.618s][info ][gc,heap     ] GC(29) Archive regions: 2->2
[2026-02-05T19:53:12.848+0000][16.618s][info ][gc,heap     ] GC(29) Humongous regions: 0->0
[2026-02-05T19:53:12.848+0000][16.618s][info ][gc,metaspace] GC(29) Metaspace: 66070K(66624K)->66070K(66624K) NonClass: 57569K(57856K)->57569K(57856K) Class: 8501K(8768K)->8501K(8768K)
[2026-02-05T19:53:12.848+0000][16.618s][info ][gc          ] GC(29) Pause Young (Normal) (G1 Evacuation Pause) 187M->68M(220M) 4.886ms
[2026-02-05T19:53:12.848+0000][16.619s][info ][gc,cpu      ] GC(29) User=0.01s Sys=0.01s Real=0.01s
[2026-02-05T19:53:12.848+0000][16.619s][info ][safepoint   ] Safepoint "G1CollectForAllocation", Time since last: 375407616 ns, Reaching safepoint: 457518 ns, Cleanup: 16500 ns, At safepoint: 5238506 ns, Total: 5712524 ns
[2026-02-05T19:53:13.247+0000][17.017s][debug][safepoint   ] Safepoint synchronization initiated using futex wait barrier. (21 threads)
[2026-02-05T19:53:13.247+0000][17.018s][info ][safepoint   ] Safepoint "ICBufferFull", Time since last: 398419046 ns, Reaching safepoint: 262510 ns, Cleanup: 105804 ns, At safepoint: 2801 ns, Total: 371115 ns
[2026-02-05T19:53:13.563+0000][17.334s][debug][safepoint   ] Safepoint synchronization initiated using futex wait barrier. (21 threads)
[2026-02-05T19:53:13.564+0000][17.334s][info ][gc,start    ] GC(30) Pause Young (Normal) (G1 Evacuation Pause)
[2026-02-05T19:53:13.564+0000][17.334s][info ][gc,task     ] GC(30) Using 5 workers of 10 for evacuation
[2026-02-05T19:53:13.569+0000][17.339s][info ][gc,phases   ] GC(30)   Pre Evacuate Collection Set: 0.2ms
[2026-02-05T19:53:13.569+0000][17.339s][info ][gc,phases   ] GC(30)   Merge Heap Roots: 0.1ms
[2026-02-05T19:53:13.569+0000][17.340s][info ][gc,phases   ] GC(30)   Evacuate Collection Set: 2.9ms
[2026-02-05T19:53:13.570+0000][17.340s][info ][gc,phases   ] GC(30)   Post Evacuate Collection Set: 1.1ms
[2026-02-05T19:53:13.570+0000][17.340s][info ][gc,phases   ] GC(30)   Other: 0.6ms
[2026-02-05T19:53:13.570+0000][17.340s][info ][gc,heap     ] GC(30) Eden regions: 60->0(58)
[2026-02-05T19:53:13.570+0000][17.341s][info ][gc,heap     ] GC(30) Survivor regions: 1->2(8)
[2026-02-05T19:53:13.570+0000][17.341s][info ][gc,heap     ] GC(30) Old regions: 33->33
[2026-02-05T19:53:13.571+0000][17.341s][info ][gc,heap     ] GC(30) Archive regions: 2->2
[2026-02-05T19:53:13.571+0000][17.341s][info ][gc,heap     ] GC(30) Humongous regions: 0->0
[2026-02-05T19:53:13.571+0000][17.342s][info ][gc,metaspace] GC(30) Metaspace: 68276K(68736K)->68276K(68736K) NonClass: 59526K(59712K)->59526K(59712K) Class: 8749K(9024K)->8749K(9024K)
[2026-02-05T19:53:13.571+0000][17.342s][info ][gc          ] GC(30) Pause Young (Normal) (G1 Evacuation Pause) 188M->71M(220M) 7.557ms
[2026-02-05T19:53:13.572+0000][17.342s][info ][gc,cpu      ] GC(30) User=0.04s Sys=0.00s Real=0.01s
[2026-02-05T19:53:13.572+0000][17.342s][info ][safepoint   ] Safepoint "G1CollectForAllocation", Time since last: 316124614 ns, Reaching safepoint: 343513 ns, Cleanup: 76203 ns, At safepoint: 8006115 ns, Total: 8425831 ns
[2026-02-05T19:53:14.052+0000][17.823s][debug][safepoint   ] Safepoint synchronization initiated using futex wait barrier. (21 threads)
[2026-02-05T19:53:14.053+0000][17.823s][info ][safepoint   ] Safepoint "ICBufferFull", Time since last: 480406365 ns, Reaching safepoint: 371315 ns, Cleanup: 147905 ns, At safepoint: 21201 ns, Total: 540421 ns
[2026-02-05T19:53:14.251+0000][18.021s][debug][safepoint   ] Safepoint synchronization initiated using futex wait barrier. (21 threads)
[2026-02-05T19:53:14.252+0000][18.022s][info ][safepoint   ] Safepoint "ICBufferFull", Time since last: 198236285 ns, Reaching safepoint: 794731 ns, Cleanup: 118305 ns, At safepoint: 65202 ns, Total: 978238 ns
[2026-02-05T19:53:14.314+0000][18.084s][debug][safepoint   ] Safepoint synchronization initiated using futex wait barrier. (21 threads)
[2026-02-05T19:53:14.315+0000][18.085s][info ][gc,start    ] GC(31) Pause Young (Normal) (G1 Evacuation Pause)
[2026-02-05T19:53:14.315+0000][18.085s][info ][gc,task     ] GC(31) Using 5 workers of 10 for evacuation
[2026-02-05T19:53:14.321+0000][18.091s][info ][gc,phases   ] GC(31)   Pre Evacuate Collection Set: 0.2ms
[2026-02-05T19:53:14.321+0000][18.092s][info ][gc,phases   ] GC(31)   Merge Heap Roots: 0.1ms
[2026-02-05T19:53:14.322+0000][18.092s][info ][gc,phases   ] GC(31)   Evacuate Collection Set: 4.6ms
[2026-02-05T19:53:14.322+0000][18.092s][info ][gc,phases   ] GC(31)   Post Evacuate Collection Set: 1.0ms
[2026-02-05T19:53:14.322+0000][18.092s][info ][gc,phases   ] GC(31)   Other: 0.5ms
[2026-02-05T19:53:14.322+0000][18.093s][info ][gc,heap     ] GC(31) Eden regions: 58->0(57)
[2026-02-05T19:53:14.322+0000][18.093s][info ][gc,heap     ] GC(31) Survivor regions: 2->3(8)
[2026-02-05T19:53:14.323+0000][18.093s][info ][gc,heap     ] GC(31) Old regions: 33->33
[2026-02-05T19:53:14.323+0000][18.093s][info ][gc,heap     ] GC(31) Archive regions: 2->2
[2026-02-05T19:53:14.323+0000][18.093s][info ][gc,heap     ] GC(31) Humongous regions: 0->0
[2026-02-05T19:53:14.323+0000][18.094s][info ][gc,metaspace] GC(31) Metaspace: 71906K(72384K)->71906K(72384K) NonClass: 62712K(62976K)->62712K(62976K) Class: 9193K(9408K)->9193K(9408K)
[2026-02-05T19:53:14.323+0000][18.094s][info ][gc          ] GC(31) Pause Young (Normal) (G1 Evacuation Pause) 187M->73M(220M) 8.824ms
[2026-02-05T19:53:14.324+0000][18.094s][info ][gc,cpu      ] GC(31) User=0.04s Sys=0.00s Real=0.01s
[2026-02-05T19:53:14.324+0000][18.094s][info ][safepoint   ] Safepoint "G1CollectForAllocation", Time since last: 61911132 ns, Reaching safepoint: 596423 ns, Cleanup: 70703 ns, At safepoint: 9283464 ns, Total: 9950590 ns
[2026-02-05T19:53:14.926+0000][18.697s][debug][safepoint   ] Safepoint synchronization initiated using futex wait barrier. (19 threads)
[2026-02-05T19:53:14.927+0000][18.698s][info ][gc,start    ] GC(32) Pause Young (Normal) (G1 Evacuation Pause)
[2026-02-05T19:53:14.928+0000][18.698s][info ][gc,task     ] GC(32) Using 5 workers of 10 for evacuation
[2026-02-05T19:53:14.935+0000][18.705s][info ][gc,phases   ] GC(32)   Pre Evacuate Collection Set: 0.2ms
[2026-02-05T19:53:14.935+0000][18.705s][info ][gc,phases   ] GC(32)   Merge Heap Roots: 0.2ms
[2026-02-05T19:53:14.935+0000][18.706s][info ][gc,phases   ] GC(32)   Evacuate Collection Set: 4.9ms
[2026-02-05T19:53:14.935+0000][18.706s][info ][gc,phases   ] GC(32)   Post Evacuate Collection Set: 1.5ms
[2026-02-05T19:53:14.936+0000][18.706s][info ][gc,phases   ] GC(32)   Other: 0.7ms
[2026-02-05T19:53:14.936+0000][18.706s][info ][gc,heap     ] GC(32) Eden regions: 57->0(56)
[2026-02-05T19:53:14.936+0000][18.707s][info ][gc,heap     ] GC(32) Survivor regions: 3->4(8)
[2026-02-05T19:53:14.937+0000][18.707s][info ][gc,heap     ] GC(32) Old regions: 33->33
[2026-02-05T19:53:14.937+0000][18.707s][info ][gc,heap     ] GC(32) Archive regions: 2->2
[2026-02-05T19:53:14.937+0000][18.707s][info ][gc,heap     ] GC(32) Humongous regions: 0->0
[2026-02-05T19:53:14.937+0000][18.708s][info ][gc,metaspace] GC(32) Metaspace: 76597K(77120K)->76597K(77120K) NonClass: 66678K(66944K)->66678K(66944K) Class: 9918K(10176K)->9918K(10176K)
[2026-02-05T19:53:14.938+0000][18.708s][info ][gc          ] GC(32) Pause Young (Normal) (G1 Evacuation Pause) 187M->74M(220M) 10.201ms
[2026-02-05T19:53:14.938+0000][18.708s][info ][gc,cpu      ] GC(32) User=0.02s Sys=0.01s Real=0.01s
[2026-02-05T19:53:14.938+0000][18.708s][info ][safepoint   ] Safepoint "G1CollectForAllocation", Time since last: 602484960 ns, Reaching safepoint: 903435 ns, Cleanup: 44302 ns, At safepoint: 10615517 ns, Total: 11563254 ns
[2026-02-05T19:53:15.356+0000][19.126s][debug][safepoint   ] Safepoint synchronization initiated using futex wait barrier. (19 threads)
[2026-02-05T19:53:15.356+0000][19.127s][info ][gc,start    ] GC(33) Pause Young (Normal) (G1 Evacuation Pause)
[2026-02-05T19:53:15.357+0000][19.127s][info ][gc,task     ] GC(33) Using 5 workers of 10 for evacuation
[2026-02-05T19:53:15.364+0000][19.134s][info ][gc,phases   ] GC(33)   Pre Evacuate Collection Set: 0.2ms
[2026-02-05T19:53:15.364+0000][19.135s][info ][gc,phases   ] GC(33)   Merge Heap Roots: 0.1ms
[2026-02-05T19:53:15.365+0000][19.135s][info ][gc,phases   ] GC(33)   Evacuate Collection Set: 5.3ms
[2026-02-05T19:53:15.365+0000][19.135s][info ][gc,phases   ] GC(33)   Post Evacuate Collection Set: 1.2ms
[2026-02-05T19:53:15.365+0000][19.136s][info ][gc,phases   ] GC(33)   Other: 0.8ms
[2026-02-05T19:53:15.366+0000][19.136s][info ][gc,heap     ] GC(33) Eden regions: 56->0(56)
[2026-02-05T19:53:15.366+0000][19.136s][info ][gc,heap     ] GC(33) Survivor regions: 4->4(8)
[2026-02-05T19:53:15.366+0000][19.137s][info ][gc,heap     ] GC(33) Old regions: 33->33
[2026-02-05T19:53:15.367+0000][19.137s][info ][gc,heap     ] GC(33) Archive regions: 2->2
[2026-02-05T19:53:15.367+0000][19.137s][info ][gc,heap     ] GC(33) Humongous regions: 0->0
[2026-02-05T19:53:15.367+0000][19.138s][info ][gc,metaspace] GC(33) Metaspace: 78411K(78912K)->78411K(78912K) NonClass: 68124K(68352K)->68124K(68352K) Class: 10287K(10560K)->10287K(10560K)
[2026-02-05T19:53:15.368+0000][19.138s][info ][gc          ] GC(33) Pause Young (Normal) (G1 Evacuation Pause) 186M->74M(220M) 11.537ms
[2026-02-05T19:53:15.368+0000][19.138s][info ][gc,cpu      ] GC(33) User=0.04s Sys=0.00s Real=0.01s
[2026-02-05T19:53:15.368+0000][19.139s][info ][safepoint   ] Safepoint "G1CollectForAllocation", Time since last: 417718804 ns, Reaching safepoint: 438817 ns, Cleanup: 152406 ns, At safepoint: 12107675 ns, Total: 12698898 ns
[2026-02-05T19:53:15.539+0000][19.309s][debug][safepoint   ] Safepoint synchronization initiated using futex wait barrier. (21 threads)
[2026-02-05T19:53:15.540+0000][19.310s][info ][safepoint   ] Safepoint "ICBufferFull", Time since last: 170663102 ns, Reaching safepoint: 356914 ns, Cleanup: 130706 ns, At safepoint: 37901 ns, Total: 525521 ns
[2026-02-05T19:53:15.642+0000][19.412s][debug][safepoint   ] Safepoint synchronization initiated using futex wait barrier. (21 threads)
[2026-02-05T19:53:15.642+0000][19.413s][info ][safepoint   ] Safepoint "ICBufferFull", Time since last: 102073208 ns, Reaching safepoint: 461018 ns, Cleanup: 179208 ns, At safepoint: 32301 ns, Total: 672527 ns
[2026-02-05T19:53:15.718+0000][19.488s][debug][safepoint   ] Safepoint synchronization initiated using futex wait barrier. (21 threads)
[2026-02-05T19:53:15.718+0000][19.489s][info ][safepoint   ] Safepoint "ICBufferFull", Time since last: 75689072 ns, Reaching safepoint: 297712 ns, Cleanup: 70303 ns, At safepoint: 23900 ns, Total: 391915 ns
[2026-02-05T19:53:15.856+0000][19.627s][debug][safepoint   ] Safepoint synchronization initiated using futex wait barrier. (21 threads)
[2026-02-05T19:53:15.857+0000][19.627s][info ][safepoint   ] Safepoint "ICBufferFull", Time since last: 138019220 ns, Reaching safepoint: 344114 ns, Cleanup: 120705 ns, At safepoint: 6100 ns, Total: 470919 ns
[2026-02-05T19:53:16.004+0000][19.775s][debug][safepoint   ] Safepoint synchronization initiated using futex wait barrier. (21 threads)
[2026-02-05T19:53:16.005+0000][19.775s][info ][safepoint   ] Safepoint "ICBufferFull", Time since last: 147405289 ns, Reaching safepoint: 392215 ns, Cleanup: 108304 ns, At safepoint: 23601 ns, Total: 524120 ns
[2026-02-05T19:53:16.074+0000][19.844s][debug][safepoint   ] Safepoint synchronization initiated using futex wait barrier. (21 threads)
[2026-02-05T19:53:16.074+0000][19.845s][info ][safepoint   ] Safepoint "ICBufferFull", Time since last: 69317022 ns, Reaching safepoint: 301912 ns, Cleanup: 106404 ns, At safepoint: 3000 ns, Total: 411316 ns
[2026-02-05T19:53:16.281+0000][20.051s][debug][safepoint   ] Safepoint synchronization initiated using futex wait barrier. (21 threads)
[2026-02-05T19:53:16.281+0000][20.052s][info ][gc,start    ] GC(34) Pause Young (Normal) (G1 Evacuation Pause)
[2026-02-05T19:53:16.282+0000][20.052s][info ][gc,task     ] GC(34) Using 5 workers of 10 for evacuation
[2026-02-05T19:53:16.290+0000][20.060s][info ][gc,phases   ] GC(34)   Pre Evacuate Collection Set: 0.1ms
[2026-02-05T19:53:16.290+0000][20.061s][info ][gc,phases   ] GC(34)   Merge Heap Roots: 0.1ms
[2026-02-05T19:53:16.290+0000][20.061s][info ][gc,phases   ] GC(34)   Evacuate Collection Set: 5.2ms
[2026-02-05T19:53:16.291+0000][20.061s][info ][gc,phases   ] GC(34)   Post Evacuate Collection Set: 2.6ms
[2026-02-05T19:53:16.291+0000][20.061s][info ][gc,phases   ] GC(34)   Other: 0.7ms
[2026-02-05T19:53:16.291+0000][20.061s][info ][gc,heap     ] GC(34) Eden regions: 56->0(127)
[2026-02-05T19:53:16.291+0000][20.061s][info ][gc,heap     ] GC(34) Survivor regions: 4->5(8)
[2026-02-05T19:53:16.291+0000][20.061s][info ][gc,heap     ] GC(34) Old regions: 33->33
[2026-02-05T19:53:16.291+0000][20.062s][info ][gc,heap     ] GC(34) Archive regions: 2->2
[2026-02-05T19:53:16.291+0000][20.062s][info ][gc,heap     ] GC(34) Humongous regions: 0->0
[2026-02-05T19:53:16.292+0000][20.062s][info ][gc,metaspace] GC(34) Metaspace: 80568K(81088K)->80568K(81088K) NonClass: 70061K(70336K)->70061K(70336K) Class: 10507K(10752K)->10507K(10752K)
[2026-02-05T19:53:16.292+0000][20.062s][info ][gc          ] GC(34) Pause Young (Normal) (G1 Evacuation Pause) 186M->76M(440M) 10.580ms
[2026-02-05T19:53:16.292+0000][20.062s][info ][gc,cpu      ] GC(34) User=0.02s Sys=0.01s Real=0.01s
[2026-02-05T19:53:16.292+0000][20.063s][info ][safepoint   ] Safepoint "G1CollectForAllocation", Time since last: 206269701 ns, Reaching safepoint: 380414 ns, Cleanup: 83604 ns, At safepoint: 11039733 ns, Total: 11503751 ns
[2026-02-05T19:53:17.333+0000][21.106s][debug][safepoint   ] Safepoint synchronization initiated using futex wait barrier. (21 threads)
[2026-02-05T19:53:17.334+0000][21.106s][info ][safepoint   ] Safepoint "ICBufferFull", Time since last: 1043202267 ns, Reaching safepoint: 273510 ns, Cleanup: 122105 ns, At safepoint: 3300 ns, Total: 398915 ns
[2026-02-05T19:53:17.810+0000][21.582s][debug][safepoint   ] Safepoint synchronization initiated using futex wait barrier. (20 threads)
[2026-02-05T19:53:17.810+0000][21.583s][info ][safepoint   ] Safepoint "ICBufferFull", Time since last: 476103097 ns, Reaching safepoint: 343513 ns, Cleanup: 84004 ns, At safepoint: 25901 ns, Total: 453418 ns
[2026-02-05T19:53:18.499+0000][22.271s][debug][safepoint   ] Safepoint synchronization initiated using futex wait barrier. (20 threads)
[2026-02-05T19:53:18.499+0000][22.272s][info ][gc,start    ] GC(35) Pause Young (Normal) (G1 Evacuation Pause)
[2026-02-05T19:53:18.500+0000][22.272s][info ][gc,task     ] GC(35) Using 10 workers of 10 for evacuation
[2026-02-05T19:53:18.508+0000][22.280s][info ][gc,phases   ] GC(35)   Pre Evacuate Collection Set: 0.2ms
[2026-02-05T19:53:18.508+0000][22.281s][info ][gc,phases   ] GC(35)   Merge Heap Roots: 0.2ms
[2026-02-05T19:53:18.508+0000][22.281s][info ][gc,phases   ] GC(35)   Evacuate Collection Set: 5.8ms
[2026-02-05T19:53:18.509+0000][22.281s][info ][gc,phases   ] GC(35)   Post Evacuate Collection Set: 2.0ms
[2026-02-05T19:53:18.509+0000][22.281s][info ][gc,phases   ] GC(35)   Other: 0.5ms
[2026-02-05T19:53:18.509+0000][22.281s][info ][gc,heap     ] GC(35) Eden regions: 127->0(125)
[2026-02-05T19:53:18.509+0000][22.282s][info ][gc,heap     ] GC(35) Survivor regions: 5->7(17)
[2026-02-05T19:53:18.509+0000][22.282s][info ][gc,heap     ] GC(35) Old regions: 33->33
[2026-02-05T19:53:18.510+0000][22.282s][info ][gc,heap     ] GC(35) Archive regions: 2->2
[2026-02-05T19:53:18.510+0000][22.282s][info ][gc,heap     ] GC(35) Humongous regions: 0->0
[2026-02-05T19:53:18.510+0000][22.282s][info ][gc,metaspace] GC(35) Metaspace: 85956K(86592K)->85956K(86592K) NonClass: 74854K(75200K)->74854K(75200K) Class: 11102K(11392K)->11102K(11392K)
[2026-02-05T19:53:18.510+0000][22.283s][info ][gc          ] GC(35) Pause Young (Normal) (G1 Evacuation Pause) 330M->80M(440M) 10.790ms
[2026-02-05T19:53:18.510+0000][22.283s][info ][gc,cpu      ] GC(35) User=0.07s Sys=0.01s Real=0.01s
[2026-02-05T19:53:18.510+0000][22.283s][info ][safepoint   ] Safepoint "G1CollectForAllocation", Time since last: 688684744 ns, Reaching safepoint: 331813 ns, Cleanup: 51302 ns, At safepoint: 11164839 ns, Total: 11547954 ns
[2026-02-05T19:53:19.698+0000][23.470s][debug][safepoint   ] Safepoint synchronization initiated using futex wait barrier. (25 threads)
[2026-02-05T19:53:19.699+0000][23.471s][info ][safepoint   ] Safepoint "Cleanup", Time since last: 1187286124 ns, Reaching safepoint: 578623 ns, Cleanup: 273811 ns, At safepoint: 88803 ns, Total: 941237 ns
[2026-02-05T19:53:20.130+0000][23.902s][debug][safepoint   ] Safepoint synchronization initiated using futex wait barrier. (25 threads)
[2026-02-05T19:53:20.130+0000][23.903s][info ][safepoint   ] Safepoint "ICBufferFull", Time since last: 431294037 ns, Reaching safepoint: 287811 ns, Cleanup: 188208 ns, At safepoint: 29701 ns, Total: 505720 ns
[2026-02-05T19:53:20.592+0000][24.364s][debug][safepoint   ] Safepoint synchronization initiated using futex wait barrier. (25 threads)
[2026-02-05T19:53:20.592+0000][24.365s][info ][gc,start    ] GC(36) Pause Young (Normal) (G1 Evacuation Pause)
[2026-02-05T19:53:20.593+0000][24.365s][info ][gc,task     ] GC(36) Using 10 workers of 10 for evacuation
[2026-02-05T19:53:20.604+0000][24.376s][info ][gc,phases   ] GC(36)   Pre Evacuate Collection Set: 0.2ms
[2026-02-05T19:53:20.604+0000][24.376s][info ][gc,phases   ] GC(36)   Merge Heap Roots: 0.2ms
[2026-02-05T19:53:20.604+0000][24.377s][info ][gc,phases   ] GC(36)   Evacuate Collection Set: 8.2ms
[2026-02-05T19:53:20.604+0000][24.377s][info ][gc,phases   ] GC(36)   Post Evacuate Collection Set: 2.1ms
[2026-02-05T19:53:20.604+0000][24.377s][info ][gc,phases   ] GC(36)   Other: 0.5ms
[2026-02-05T19:53:20.605+0000][24.377s][info ][gc,heap     ] GC(36) Eden regions: 125->0(122)
[2026-02-05T19:53:20.605+0000][24.377s][info ][gc,heap     ] GC(36) Survivor regions: 7->10(17)
[2026-02-05T19:53:20.605+0000][24.377s][info ][gc,heap     ] GC(36) Old regions: 33->33
[2026-02-05T19:53:20.605+0000][24.377s][info ][gc,heap     ] GC(36) Archive regions: 2->2
[2026-02-05T19:53:20.605+0000][24.378s][info ][gc,heap     ] GC(36) Humongous regions: 0->0
[2026-02-05T19:53:20.605+0000][24.378s][info ][gc,metaspace] GC(36) Metaspace: 91463K(92032K)->91463K(92032K) NonClass: 79757K(80064K)->79757K(80064K) Class: 11706K(11968K)->11706K(11968K)
[2026-02-05T19:53:20.606+0000][24.378s][info ][gc          ] GC(36) Pause Young (Normal) (G1 Evacuation Pause) 330M->86M(440M) 13.112ms
[2026-02-05T19:53:20.606+0000][24.378s][info ][gc,cpu      ] GC(36) User=0.11s Sys=0.00s Real=0.02s
[2026-02-05T19:53:20.606+0000][24.378s][info ][safepoint   ] Safepoint "G1CollectForAllocation", Time since last: 461213712 ns, Reaching safepoint: 598623 ns, Cleanup: 81303 ns, At safepoint: 13617702 ns, Total: 14297628 ns
[2026-02-05T19:53:21.383+0000][25.156s][debug][safepoint   ] Safepoint synchronization initiated using futex wait barrier. (25 threads)
[2026-02-05T19:53:21.384+0000][25.156s][info ][safepoint   ] Safepoint "ICBufferFull", Time since last: 777101143 ns, Reaching safepoint: 419915 ns, Cleanup: 96204 ns, At safepoint: 40001 ns, Total: 556120 ns
[2026-02-05T19:53:21.714+0000][25.486s][debug][safepoint   ] Safepoint synchronization initiated using futex wait barrier. (25 threads)
[2026-02-05T19:53:21.714+0000][25.487s][info ][gc,start    ] GC(37) Pause Young (Normal) (G1 Evacuation Pause)
[2026-02-05T19:53:21.715+0000][25.487s][info ][gc,task     ] GC(37) Using 10 workers of 10 for evacuation
[2026-02-05T19:53:21.727+0000][25.500s][info ][gc,phases   ] GC(37)   Pre Evacuate Collection Set: 0.2ms
[2026-02-05T19:53:21.728+0000][25.500s][info ][gc,phases   ] GC(37)   Merge Heap Roots: 0.2ms
[2026-02-05T19:53:21.728+0000][25.500s][info ][gc,phases   ] GC(37)   Evacuate Collection Set: 10.0ms
[2026-02-05T19:53:21.728+0000][25.501s][info ][gc,phases   ] GC(37)   Post Evacuate Collection Set: 2.1ms
[2026-02-05T19:53:21.728+0000][25.501s][info ][gc,phases   ] GC(37)   Other: 0.7ms
[2026-02-05T19:53:21.728+0000][25.501s][info ][gc,heap     ] GC(37) Eden regions: 122->0(121)
[2026-02-05T19:53:21.729+0000][25.501s][info ][gc,heap     ] GC(37) Survivor regions: 10->11(17)
[2026-02-05T19:53:21.729+0000][25.501s][info ][gc,heap     ] GC(37) Old regions: 33->35
[2026-02-05T19:53:21.729+0000][25.502s][info ][gc,heap     ] GC(37) Archive regions: 2->2
[2026-02-05T19:53:21.729+0000][25.502s][info ][gc,heap     ] GC(37) Humongous regions: 0->0
[2026-02-05T19:53:21.729+0000][25.502s][info ][gc,metaspace] GC(37) Metaspace: 97195K(97728K)->97195K(97728K) NonClass: 84475K(84736K)->84475K(84736K) Class: 12720K(12992K)->12720K(12992K)
[2026-02-05T19:53:21.730+0000][25.502s][info ][gc          ] GC(37) Pause Young (Normal) (G1 Evacuation Pause) 330M->91M(440M) 15.370ms
[2026-02-05T19:53:21.730+0000][25.502s][info ][gc,cpu      ] GC(37) User=0.12s Sys=0.00s Real=0.01s
[2026-02-05T19:53:21.730+0000][25.503s][info ][safepoint   ] Safepoint "G1CollectForAllocation", Time since last: 329933961 ns, Reaching safepoint: 492518 ns, Cleanup: 92804 ns, At safepoint: 15839283 ns, Total: 16424605 ns
[2026-02-05T19:53:22.229+0000][26.001s][debug][safepoint   ] Safepoint synchronization initiated using futex wait barrier. (26 threads)
[2026-02-05T19:53:22.229+0000][26.002s][info ][gc,start    ] GC(38) Pause Young (Concurrent Start) (Metadata GC Threshold)
[2026-02-05T19:53:22.229+0000][26.002s][info ][gc,task     ] GC(38) Using 10 workers of 10 for evacuation
[2026-02-05T19:53:22.240+0000][26.013s][info ][gc,phases   ] GC(38)   Pre Evacuate Collection Set: 0.4ms
[2026-02-05T19:53:22.241+0000][26.013s][info ][gc,phases   ] GC(38)   Merge Heap Roots: 0.2ms
[2026-02-05T19:53:22.241+0000][26.013s][info ][gc,phases   ] GC(38)   Evacuate Collection Set: 8.6ms
[2026-02-05T19:53:22.241+0000][26.013s][info ][gc,phases   ] GC(38)   Post Evacuate Collection Set: 1.6ms
[2026-02-05T19:53:22.241+0000][26.014s][info ][gc,phases   ] GC(38)   Other: 0.4ms
[2026-02-05T19:53:22.241+0000][26.014s][info ][gc,heap     ] GC(38) Eden regions: 35->0(123)
[2026-02-05T19:53:22.241+0000][26.014s][info ][gc,heap     ] GC(38) Survivor regions: 11->9(17)
[2026-02-05T19:53:22.241+0000][26.014s][info ][gc,heap     ] GC(38) Old regions: 35->37
[2026-02-05T19:53:22.242+0000][26.014s][info ][gc,heap     ] GC(38) Archive regions: 2->2
[2026-02-05T19:53:22.242+0000][26.014s][info ][gc,heap     ] GC(38) Humongous regions: 0->0
[2026-02-05T19:53:22.242+0000][26.014s][info ][gc,metaspace] GC(38) Metaspace: 100826K(101376K)->100826K(101376K) NonClass: 87616K(87936K)->87616K(87936K) Class: 13210K(13440K)->13210K(13440K)
[2026-02-05T19:53:22.242+0000][26.015s][info ][gc          ] GC(38) Pause Young (Concurrent Start) (Metadata GC Threshold) 161M->92M(440M) 13.046ms
[2026-02-05T19:53:22.242+0000][26.015s][info ][gc,cpu      ] GC(38) User=0.09s Sys=0.01s Real=0.02s
[2026-02-05T19:53:22.243+0000][26.015s][info ][gc          ] GC(39) Concurrent Mark Cycle
[2026-02-05T19:53:22.243+0000][26.015s][info ][gc,marking  ] GC(39) Concurrent Clear Claimed Marks
[2026-02-05T19:53:22.243+0000][26.015s][info ][safepoint   ] Safepoint "CollectForMetadataAllocation", Time since last: 498737083 ns, Reaching safepoint: 253009 ns, Cleanup: 75703 ns, At safepoint: 13535199 ns, Total: 13863911 ns
[2026-02-05T19:53:22.243+0000][26.016s][info ][gc,marking  ] GC(39) Concurrent Clear Claimed Marks 0.257ms
[2026-02-05T19:53:22.244+0000][26.016s][info ][gc,marking  ] GC(39) Concurrent Scan Root Regions
[2026-02-05T19:53:22.254+0000][26.027s][info ][gc,marking  ] GC(39) Concurrent Scan Root Regions 10.688ms
[2026-02-05T19:53:22.255+0000][26.027s][info ][gc,marking  ] GC(39) Concurrent Mark
[2026-02-05T19:53:22.255+0000][26.028s][info ][gc,marking  ] GC(39) Concurrent Mark From Roots
[2026-02-05T19:53:22.255+0000][26.028s][info ][gc,task     ] GC(39) Using 3 workers of 3 for marking
[2026-02-05T19:53:22.315+0000][26.087s][info ][gc,marking  ] GC(39) Concurrent Mark From Roots 59.811ms
[2026-02-05T19:53:22.318+0000][26.091s][info ][gc,marking  ] GC(39) Concurrent Preclean
[2026-02-05T19:53:22.319+0000][26.092s][info ][gc,marking  ] GC(39) Concurrent Preclean 0.977ms
[2026-02-05T19:53:22.319+0000][26.092s][debug][safepoint   ] Safepoint synchronization initiated using futex wait barrier. (27 threads)
[2026-02-05T19:53:22.320+0000][26.092s][info ][gc,start    ] GC(39) Pause Remark
[2026-02-05T19:53:22.325+0000][26.098s][info ][gc          ] GC(39) Pause Remark 103M->103M(360M) 5.187ms
[2026-02-05T19:53:22.325+0000][26.098s][info ][gc,cpu      ] GC(39) User=0.03s Sys=0.00s Real=0.01s
[2026-02-05T19:53:22.326+0000][26.098s][info ][safepoint   ] Safepoint "G1PauseRemark", Time since last: 76790831 ns, Reaching safepoint: 425615 ns, Cleanup: 10001 ns, At safepoint: 5935218 ns, Total: 6370834 ns
[2026-02-05T19:53:22.326+0000][26.099s][info ][gc,marking  ] GC(39) Concurrent Mark 71.259ms
[2026-02-05T19:53:22.329+0000][26.101s][info ][gc,marking  ] GC(39) Concurrent Rebuild Remembered Sets
[2026-02-05T19:53:22.360+0000][26.132s][info ][gc,marking  ] GC(39) Concurrent Rebuild Remembered Sets 31.174ms
[2026-02-05T19:53:22.360+0000][26.133s][debug][safepoint   ] Safepoint synchronization initiated using futex wait barrier. (27 threads)
[2026-02-05T19:53:22.361+0000][26.133s][info ][gc,start    ] GC(39) Pause Cleanup
[2026-02-05T19:53:22.361+0000][26.134s][info ][gc          ] GC(39) Pause Cleanup 108M->108M(360M) 0.548ms
[2026-02-05T19:53:22.361+0000][26.134s][info ][gc,cpu      ] GC(39) User=0.00s Sys=0.00s Real=0.00s
[2026-02-05T19:53:22.362+0000][26.134s][info ][safepoint   ] Safepoint "G1PauseCleanup", Time since last: 34499172 ns, Reaching safepoint: 360913 ns, Cleanup: 4200 ns, At safepoint: 1045639 ns, Total: 1410752 ns
[2026-02-05T19:53:22.362+0000][26.134s][info ][gc,marking  ] GC(39) Concurrent Cleanup for Next Mark
[2026-02-05T19:53:22.363+0000][26.136s][info ][gc,marking  ] GC(39) Concurrent Cleanup for Next Mark 1.252ms
[2026-02-05T19:53:22.363+0000][26.136s][info ][gc          ] GC(39) Concurrent Mark Cycle 120.907ms
[2026-02-05T19:53:23.362+0000][27.135s][debug][safepoint   ] Safepoint synchronization initiated using futex wait barrier. (68 threads)
[2026-02-05T19:53:23.363+0000][27.136s][info ][safepoint   ] Safepoint "Cleanup", Time since last: 1000333171 ns, Reaching safepoint: 796329 ns, Cleanup: 154406 ns, At safepoint: 35401 ns, Total: 986136 ns
[2026-02-05T19:53:24.292+0000][28.064s][debug][safepoint   ] Safepoint synchronization initiated using futex wait barrier. (76 threads)
[2026-02-05T19:53:24.292+0000][28.065s][info ][gc,start    ] GC(40) Pause Young (Prepare Mixed) (G1 Evacuation Pause)
[2026-02-05T19:53:24.293+0000][28.065s][info ][gc,task     ] GC(40) Using 10 workers of 10 for evacuation
[2026-02-05T19:53:24.313+0000][28.085s][info ][gc,phases   ] GC(40)   Pre Evacuate Collection Set: 0.4ms
[2026-02-05T19:53:24.313+0000][28.086s][info ][gc,phases   ] GC(40)   Merge Heap Roots: 0.4ms
[2026-02-05T19:53:24.313+0000][28.086s][info ][gc,phases   ] GC(40)   Evacuate Collection Set: 15.4ms
[2026-02-05T19:53:24.313+0000][28.086s][info ][gc,phases   ] GC(40)   Post Evacuate Collection Set: 3.4ms
[2026-02-05T19:53:24.314+0000][28.086s][info ][gc,phases   ] GC(40)   Other: 0.7ms
[2026-02-05T19:53:24.314+0000][28.086s][info ][gc,heap     ] GC(40) Eden regions: 99->0(1)
[2026-02-05T19:53:24.314+0000][28.087s][info ][gc,heap     ] GC(40) Survivor regions: 9->8(14)
[2026-02-05T19:53:24.314+0000][28.087s][info ][gc,heap     ] GC(40) Old regions: 37->40
[2026-02-05T19:53:24.314+0000][28.087s][info ][gc,heap     ] GC(40) Archive regions: 2->2
[2026-02-05T19:53:24.315+0000][28.087s][info ][gc,heap     ] GC(40) Humongous regions: 0->0
[2026-02-05T19:53:24.315+0000][28.088s][info ][gc,metaspace] GC(40) Metaspace: 104989K(105600K)->104989K(105600K) NonClass: 91134K(91456K)->91134K(91456K) Class: 13854K(14144K)->13854K(14144K)
[2026-02-05T19:53:24.316+0000][28.088s][info ][gc          ] GC(40) Pause Young (Prepare Mixed) (G1 Evacuation Pause) 290M->95M(360M) 23.495ms
[2026-02-05T19:53:24.316+0000][28.089s][info ][gc,cpu      ] GC(40) User=0.16s Sys=0.01s Real=0.03s
[2026-02-05T19:53:24.317+0000][28.089s][info ][safepoint   ] Safepoint "G1CollectForAllocation", Time since last: 928935539 ns, Reaching safepoint: 318812 ns, Cleanup: 98104 ns, At safepoint: 24615807 ns, Total: 25032723 ns
[2026-02-05T19:53:24.353+0000][28.125s][debug][safepoint   ] Safepoint synchronization initiated using futex wait barrier. (76 threads)
[2026-02-05T19:53:24.353+0000][28.126s][info ][gc,start    ] GC(41) Pause Young (Mixed) (G1 Evacuation Pause)
[2026-02-05T19:53:24.353+0000][28.126s][info ][gc,task     ] GC(41) Using 10 workers of 10 for evacuation
[2026-02-05T19:53:24.368+0000][28.140s][info ][gc,phases   ] GC(41)   Pre Evacuate Collection Set: 0.3ms
[2026-02-05T19:53:24.368+0000][28.141s][info ][gc,phases   ] GC(41)   Merge Heap Roots: 0.3ms
[2026-02-05T19:53:24.368+0000][28.141s][info ][gc,phases   ] GC(41)   Evacuate Collection Set: 12.3ms
[2026-02-05T19:53:24.369+0000][28.141s][info ][gc,phases   ] GC(41)   Post Evacuate Collection Set: 1.4ms
[2026-02-05T19:53:24.369+0000][28.141s][info ][gc,phases   ] GC(41)   Other: 0.5ms
[2026-02-05T19:53:24.373+0000][28.145s][info ][gc,heap     ] GC(41) Eden regions: 1->0(105)
[2026-02-05T19:53:24.373+0000][28.146s][info ][gc,heap     ] GC(41) Survivor regions: 8->2(2)
[2026-02-05T19:53:24.374+0000][28.146s][info ][gc,heap     ] GC(41) Old regions: 40->46
[2026-02-05T19:53:24.374+0000][28.146s][info ][gc,heap     ] GC(41) Archive regions: 2->2
[2026-02-05T19:53:24.374+0000][28.147s][info ][gc,heap     ] GC(41) Humongous regions: 0->0
[2026-02-05T19:53:24.374+0000][28.147s][info ][gc,metaspace] GC(41) Metaspace: 105103K(105728K)->105103K(105728K) NonClass: 91237K(91584K)->91237K(91584K) Class: 13865K(14144K)->13865K(14144K)
[2026-02-05T19:53:24.374+0000][28.147s][info ][gc          ] GC(41) Pause Young (Mixed) (G1 Evacuation Pause) 97M->96M(360M) 21.277ms
[2026-02-05T19:53:24.375+0000][28.147s][info ][gc,cpu      ] GC(41) User=0.12s Sys=0.01s Real=0.03s
[2026-02-05T19:53:24.375+0000][28.147s][info ][safepoint   ] Safepoint "G1CollectForAllocation", Time since last: 35806420 ns, Reaching safepoint: 341112 ns, Cleanup: 17001 ns, At safepoint: 21798704 ns, Total: 22156817 ns
[2026-02-05T19:53:25.389+0000][29.161s][debug][safepoint   ] Safepoint synchronization initiated using futex wait barrier. (81 threads)
[2026-02-05T19:53:25.389+0000][29.162s][info ][safepoint   ] Safepoint "ICBufferFull", Time since last: 1013676562 ns, Reaching safepoint: 342813 ns, Cleanup: 162906 ns, At safepoint: 7300 ns, Total: 513019 ns
[2026-02-05T19:53:26.177+0000][29.950s][debug][safepoint   ] Safepoint synchronization initiated using futex wait barrier. (87 threads)
[2026-02-05T19:53:26.177+0000][29.950s][info ][gc,start    ] GC(42) Pause Young (Normal) (G1 Evacuation Pause)
[2026-02-05T19:53:26.178+0000][29.950s][info ][gc,task     ] GC(42) Using 10 workers of 10 for evacuation
[2026-02-05T19:53:26.185+0000][29.958s][info ][gc,phases   ] GC(42)   Pre Evacuate Collection Set: 0.3ms
[2026-02-05T19:53:26.185+0000][29.958s][info ][gc,phases   ] GC(42)   Merge Heap Roots: 0.2ms
[2026-02-05T19:53:26.186+0000][29.958s][info ][gc,phases   ] GC(42)   Evacuate Collection Set: 4.4ms
[2026-02-05T19:53:26.186+0000][29.959s][info ][gc,phases   ] GC(42)   Post Evacuate Collection Set: 2.0ms
[2026-02-05T19:53:26.186+0000][29.959s][info ][gc,phases   ] GC(42)   Other: 0.7ms
[2026-02-05T19:53:26.187+0000][29.959s][info ][gc,heap     ] GC(42) Eden regions: 105->0(104)
[2026-02-05T19:53:26.187+0000][29.959s][info ][gc,heap     ] GC(42) Survivor regions: 2->3(14)
[2026-02-05T19:53:26.187+0000][29.959s][info ][gc,heap     ] GC(42) Old regions: 46->46
[2026-02-05T19:53:26.187+0000][29.960s][info ][gc,heap     ] GC(42) Archive regions: 2->2
[2026-02-05T19:53:26.187+0000][29.960s][info ][gc,heap     ] GC(42) Humongous regions: 0->0
[2026-02-05T19:53:26.187+0000][29.960s][info ][gc,metaspace] GC(42) Metaspace: 108928K(109568K)->108928K(109568K) NonClass: 94683K(95040K)->94683K(95040K) Class: 14245K(14528K)->14245K(14528K)
[2026-02-05T19:53:26.187+0000][29.960s][info ][gc          ] GC(42) Pause Young (Normal) (G1 Evacuation Pause) 306M->99M(360M) 9.983ms
[2026-02-05T19:53:26.188+0000][29.960s][info ][gc,cpu      ] GC(42) User=0.08s Sys=0.00s Real=0.01s
[2026-02-05T19:53:26.188+0000][29.960s][info ][safepoint   ] Safepoint "G1CollectForAllocation", Time since last: 787875840 ns, Reaching safepoint: 393615 ns, Cleanup: 70102 ns, At safepoint: 10517088 ns, Total: 10980805 ns
[2026-02-05T19:53:27.133+0000][30.905s][debug][safepoint   ] Safepoint synchronization initiated using futex wait barrier. (91 threads)
[2026-02-05T19:53:27.134+0000][30.906s][info ][safepoint   ] Safepoint "ICBufferFull", Time since last: 944691020 ns, Reaching safepoint: 925834 ns, Cleanup: 188807 ns, At safepoint: 47702 ns, Total: 1162343 ns
[2026-02-05T19:53:27.623+0000][31.395s][debug][safepoint   ] Safepoint synchronization initiated using futex wait barrier. (91 threads)
[2026-02-05T19:53:27.623+0000][31.396s][info ][safepoint   ] Safepoint "ICBufferFull", Time since last: 488713513 ns, Reaching safepoint: 325812 ns, Cleanup: 142305 ns, At safepoint: 8400 ns, Total: 476517 ns
[2026-02-05T19:53:28.039+0000][31.811s][debug][safepoint   ] Safepoint synchronization initiated using futex wait barrier. (91 threads)
[2026-02-05T19:53:28.040+0000][31.812s][info ][gc,start    ] GC(43) Pause Young (Normal) (G1 Evacuation Pause)
[2026-02-05T19:53:28.040+0000][31.812s][info ][gc,task     ] GC(43) Using 10 workers of 10 for evacuation
[2026-02-05T19:53:28.049+0000][31.821s][info ][gc,phases   ] GC(43)   Pre Evacuate Collection Set: 0.2ms
[2026-02-05T19:53:28.049+0000][31.822s][info ][gc,phases   ] GC(43)   Merge Heap Roots: 0.3ms
[2026-02-05T19:53:28.049+0000][31.822s][info ][gc,phases   ] GC(43)   Evacuate Collection Set: 6.9ms
[2026-02-05T19:53:28.050+0000][31.822s][info ][gc,phases   ] GC(43)   Post Evacuate Collection Set: 1.5ms
[2026-02-05T19:53:28.050+0000][31.822s][info ][gc,phases   ] GC(43)   Other: 0.6ms
[2026-02-05T19:53:28.050+0000][31.823s][info ][gc,heap     ] GC(43) Eden regions: 104->0(101)
[2026-02-05T19:53:28.050+0000][31.823s][info ][gc,heap     ] GC(43) Survivor regions: 3->6(14)
[2026-02-05T19:53:28.050+0000][31.823s][info ][gc,heap     ] GC(43) Old regions: 46->46
[2026-02-05T19:53:28.051+0000][31.823s][info ][gc,heap     ] GC(43) Archive regions: 2->2
[2026-02-05T19:53:28.051+0000][31.823s][info ][gc,heap     ] GC(43) Humongous regions: 0->0
[2026-02-05T19:53:28.051+0000][31.824s][info ][gc,metaspace] GC(43) Metaspace: 114283K(114944K)->114283K(114944K) NonClass: 99487K(99840K)->99487K(99840K) Class: 14796K(15104K)->14796K(15104K)
[2026-02-05T19:53:28.051+0000][31.824s][info ][gc          ] GC(43) Pause Young (Normal) (G1 Evacuation Pause) 307M->104M(360M) 11.670ms
[2026-02-05T19:53:28.051+0000][31.824s][info ][gc,cpu      ] GC(43) User=0.07s Sys=0.00s Real=0.01s
[2026-02-05T19:53:28.052+0000][31.824s][info ][safepoint   ] Safepoint "G1CollectForAllocation", Time since last: 415901430 ns, Reaching safepoint: 438216 ns, Cleanup: 105304 ns, At safepoint: 12181949 ns, Total: 12725469 ns
[2026-02-05T19:53:29.147+0000][32.919s][debug][safepoint   ] Safepoint synchronization initiated using futex wait barrier. (91 threads)
[2026-02-05T19:53:29.147+0000][32.920s][info ][safepoint   ] Safepoint "Cleanup", Time since last: 1095321696 ns, Reaching safepoint: 295813 ns, Cleanup: 111204 ns, At safepoint: 30602 ns, Total: 437619 ns
[2026-02-05T19:53:29.459+0000][33.232s][debug][safepoint   ] Safepoint synchronization initiated using futex wait barrier. (92 threads)
[2026-02-05T19:53:29.460+0000][33.232s][info ][gc,start    ] GC(44) Pause Young (Normal) (G1 Evacuation Pause)
[2026-02-05T19:53:29.460+0000][33.233s][info ][gc,task     ] GC(44) Using 10 workers of 10 for evacuation
[2026-02-05T19:53:29.470+0000][33.242s][info ][gc,phases   ] GC(44)   Pre Evacuate Collection Set: 0.2ms
[2026-02-05T19:53:29.470+0000][33.243s][info ][gc,phases   ] GC(44)   Merge Heap Roots: 0.2ms
[2026-02-05T19:53:29.470+0000][33.243s][info ][gc,phases   ] GC(44)   Evacuate Collection Set: 7.3ms
[2026-02-05T19:53:29.470+0000][33.243s][info ][gc,phases   ] GC(44)   Post Evacuate Collection Set: 1.8ms
[2026-02-05T19:53:29.471+0000][33.243s][info ][gc,phases   ] GC(44)   Other: 0.5ms
[2026-02-05T19:53:29.471+0000][33.244s][info ][gc,heap     ] GC(44) Eden regions: 101->0(98)
[2026-02-05T19:53:29.471+0000][33.244s][info ][gc,heap     ] GC(44) Survivor regions: 6->8(14)
[2026-02-05T19:53:29.471+0000][33.244s][info ][gc,heap     ] GC(44) Old regions: 46->46
[2026-02-05T19:53:29.471+0000][33.244s][info ][gc,heap     ] GC(44) Archive regions: 2->2
[2026-02-05T19:53:29.472+0000][33.244s][info ][gc,heap     ] GC(44) Humongous regions: 0->0
[2026-02-05T19:53:29.472+0000][33.244s][info ][gc,metaspace] GC(44) Metaspace: 117280K(117888K)->117280K(117888K) NonClass: 102160K(102464K)->102160K(102464K) Class: 15119K(15424K)->15119K(15424K)
[2026-02-05T19:53:29.472+0000][33.244s][info ][gc          ] GC(44) Pause Young (Normal) (G1 Evacuation Pause) 306M->108M(360M) 12.105ms
[2026-02-05T19:53:29.472+0000][33.245s][info ][gc,cpu      ] GC(44) User=0.07s Sys=0.01s Real=0.01s
[2026-02-05T19:53:29.472+0000][33.245s][info ][safepoint   ] Safepoint "G1CollectForAllocation", Time since last: 312091709 ns, Reaching safepoint: 277412 ns, Cleanup: 69003 ns, At safepoint: 12628826 ns, Total: 12975241 ns
[2026-02-05T19:53:29.973+0000][33.746s][debug][safepoint   ] ... found polling page loop exception at pc = 0x000070f7193b0610, stub =0x000070f718b10400
[2026-02-05T19:53:30.582+0000][34.354s][debug][safepoint   ] Safepoint synchronization initiated using futex wait barrier. (97 threads)
[2026-02-05T19:53:30.582+0000][34.355s][info ][safepoint   ] Safepoint "Cleanup", Time since last: 1109159136 ns, Reaching safepoint: 448319 ns, Cleanup: 116104 ns, At safepoint: 61803 ns, Total: 626226 ns
[2026-02-05T19:53:30.769+0000][34.541s][debug][safepoint   ] Safepoint synchronization initiated using futex wait barrier. (97 threads)
[2026-02-05T19:53:30.769+0000][34.542s][info ][gc,start    ] GC(45) Pause Young (Normal) (G1 Evacuation Pause)
[2026-02-05T19:53:30.769+0000][34.542s][info ][gc,task     ] GC(45) Using 10 workers of 10 for evacuation
[2026-02-05T19:53:30.781+0000][34.553s][info ][gc,phases   ] GC(45)   Pre Evacuate Collection Set: 0.2ms
[2026-02-05T19:53:30.781+0000][34.554s][info ][gc,phases   ] GC(45)   Merge Heap Roots: 0.3ms
[2026-02-05T19:53:30.782+0000][34.554s][info ][gc,phases   ] GC(45)   Evacuate Collection Set: 8.8ms
[2026-02-05T19:53:30.782+0000][34.554s][info ][gc,phases   ] GC(45)   Post Evacuate Collection Set: 2.0ms
[2026-02-05T19:53:30.782+0000][34.555s][info ][gc,phases   ] GC(45)   Other: 0.5ms
[2026-02-05T19:53:30.782+0000][34.555s][info ][gc,heap     ] GC(45) Eden regions: 98->0(92)
[2026-02-05T19:53:30.783+0000][34.555s][info ][gc,heap     ] GC(45) Survivor regions: 8->11(14)
[2026-02-05T19:53:30.783+0000][34.555s][info ][gc,heap     ] GC(45) Old regions: 46->46
[2026-02-05T19:53:30.783+0000][34.555s][info ][gc,heap     ] GC(45) Archive regions: 2->2
[2026-02-05T19:53:30.783+0000][34.556s][info ][gc,heap     ] GC(45) Humongous regions: 0->0
[2026-02-05T19:53:30.783+0000][34.556s][info ][gc,metaspace] GC(45) Metaspace: 127079K(128064K)->127079K(128064K) NonClass: 110785K(111296K)->110785K(111296K) Class: 16294K(16768K)->16294K(16768K)
[2026-02-05T19:53:30.784+0000][34.556s][info ][gc          ] GC(45) Pause Young (Normal) (G1 Evacuation Pause) 304M->114M(360M) 14.416ms
[2026-02-05T19:53:30.784+0000][34.556s][info ][gc,cpu      ] GC(45) User=0.11s Sys=0.00s Real=0.02s
[2026-02-05T19:53:30.784+0000][34.557s][info ][safepoint   ] Safepoint "G1CollectForAllocation", Time since last: 186498474 ns, Reaching safepoint: 317114 ns, Cleanup: 90303 ns, At safepoint: 15066628 ns, Total: 15474045 ns
[2026-02-05T19:53:31.704+0000][35.477s][debug][safepoint   ] Safepoint synchronization initiated using futex wait barrier. (105 threads)
[2026-02-05T19:53:31.704+0000][35.477s][info ][gc,start    ] GC(46) Pause Young (Normal) (G1 Evacuation Pause)
[2026-02-05T19:53:31.705+0000][35.477s][info ][gc,task     ] GC(46) Using 10 workers of 10 for evacuation
[2026-02-05T19:53:31.716+0000][35.488s][info ][gc,phases   ] GC(46)   Pre Evacuate Collection Set: 0.2ms
[2026-02-05T19:53:31.716+0000][35.489s][info ][gc,phases   ] GC(46)   Merge Heap Roots: 0.2ms
[2026-02-05T19:53:31.716+0000][35.489s][info ][gc,phases   ] GC(46)   Evacuate Collection Set: 9.2ms
[2026-02-05T19:53:31.717+0000][35.489s][info ][gc,phases   ] GC(46)   Post Evacuate Collection Set: 1.6ms
[2026-02-05T19:53:31.717+0000][35.489s][info ][gc,phases   ] GC(46)   Other: 0.4ms
[2026-02-05T19:53:31.717+0000][35.490s][info ][gc,heap     ] GC(46) Eden regions: 92->0(95)
[2026-02-05T19:53:31.718+0000][35.490s][info ][gc,heap     ] GC(46) Survivor regions: 11->7(13)
[2026-02-05T19:53:31.718+0000][35.490s][info ][gc,heap     ] GC(46) Old regions: 46->51
[2026-02-05T19:53:31.718+0000][35.491s][info ][gc,heap     ] GC(46) Archive regions: 2->2
[2026-02-05T19:53:31.719+0000][35.491s][info ][gc,heap     ] GC(46) Humongous regions: 0->0
[2026-02-05T19:53:31.719+0000][35.491s][info ][gc,metaspace] GC(46) Metaspace: 132547K(133504K)->132547K(133504K) NonClass: 115728K(116224K)->115728K(116224K) Class: 16818K(17280K)->16818K(17280K)
[2026-02-05T19:53:31.719+0000][35.492s][info ][gc          ] GC(46) Pause Young (Normal) (G1 Evacuation Pause) 298M->116M(360M) 14.833ms
[2026-02-05T19:53:31.719+0000][35.492s][info ][gc,cpu      ] GC(46) User=0.10s Sys=0.00s Real=0.01s
[2026-02-05T19:53:31.720+0000][35.492s][info ][safepoint   ] Safepoint "G1CollectForAllocation", Time since last: 919788242 ns, Reaching safepoint: 269311 ns, Cleanup: 36302 ns, At safepoint: 15513246 ns, Total: 15818859 ns
[2026-02-05T19:53:32.680+0000][36.452s][debug][safepoint   ] Safepoint synchronization initiated using futex wait barrier. (112 threads)
[2026-02-05T19:53:32.680+0000][36.453s][info ][gc,start    ] GC(47) Pause Young (Normal) (G1 Evacuation Pause)
[2026-02-05T19:53:32.681+0000][36.453s][info ][gc,task     ] GC(47) Using 10 workers of 10 for evacuation
[2026-02-05T19:53:32.693+0000][36.465s][info ][gc,phases   ] GC(47)   Pre Evacuate Collection Set: 0.3ms
[2026-02-05T19:53:32.693+0000][36.465s][info ][gc,phases   ] GC(47)   Merge Heap Roots: 0.2ms
[2026-02-05T19:53:32.693+0000][36.466s][info ][gc,phases   ] GC(47)   Evacuate Collection Set: 8.6ms
[2026-02-05T19:53:32.693+0000][36.466s][info ][gc,phases   ] GC(47)   Post Evacuate Collection Set: 2.5ms
[2026-02-05T19:53:32.694+0000][36.466s][info ][gc,phases   ] GC(47)   Other: 0.7ms
[2026-02-05T19:53:32.694+0000][36.466s][info ][gc,heap     ] GC(47) Eden regions: 95->0(89)
[2026-02-05T19:53:32.694+0000][36.467s][info ][gc,heap     ] GC(47) Survivor regions: 7->10(13)
[2026-02-05T19:53:32.694+0000][36.467s][info ][gc,heap     ] GC(47) Old regions: 51->51
[2026-02-05T19:53:32.695+0000][36.467s][info ][gc,heap     ] GC(47) Archive regions: 2->2
[2026-02-05T19:53:32.695+0000][36.467s][info ][gc,heap     ] GC(47) Humongous regions: 0->0
[2026-02-05T19:53:32.695+0000][36.468s][info ][gc,metaspace] GC(47) Metaspace: 136646K(137728K)->136646K(137728K) NonClass: 119484K(120064K)->119484K(120064K) Class: 17162K(17664K)->17162K(17664K)
[2026-02-05T19:53:32.695+0000][36.468s][info ][gc          ] GC(47) Pause Young (Normal) (G1 Evacuation Pause) 306M->122M(360M) 14.958ms
[2026-02-05T19:53:32.695+0000][36.468s][info ][gc,cpu      ] GC(47) User=0.11s Sys=0.01s Real=0.02s
[2026-02-05T19:53:32.696+0000][36.468s][info ][safepoint   ] Safepoint "G1CollectForAllocation", Time since last: 959756108 ns, Reaching safepoint: 556523 ns, Cleanup: 95804 ns, At safepoint: 15507347 ns, Total: 16159674 ns
[2026-02-05T19:53:33.696+0000][37.469s][debug][safepoint   ] Safepoint synchronization initiated using futex wait barrier. (128 threads)
[2026-02-05T19:53:33.697+0000][37.469s][info ][safepoint   ] Safepoint "Cleanup", Time since last: 1000428903 ns, Reaching safepoint: 474620 ns, Cleanup: 150106 ns, At safepoint: 30601 ns, Total: 655327 ns
[2026-02-05T19:53:33.713+0000][37.486s][debug][safepoint   ] Safepoint synchronization initiated using futex wait barrier. (128 threads)
[2026-02-05T19:53:33.714+0000][37.486s][info ][gc,start    ] GC(48) Pause Young (Normal) (G1 Evacuation Pause)
[2026-02-05T19:53:33.714+0000][37.486s][info ][gc,task     ] GC(48) Using 10 workers of 10 for evacuation
[2026-02-05T19:53:33.731+0000][37.504s][info ][gc,phases   ] GC(48)   Pre Evacuate Collection Set: 0.3ms
[2026-02-05T19:53:33.731+0000][37.504s][info ][gc,phases   ] GC(48)   Merge Heap Roots: 0.2ms
[2026-02-05T19:53:33.732+0000][37.504s][info ][gc,phases   ] GC(48)   Evacuate Collection Set: 14.0ms
[2026-02-05T19:53:33.732+0000][37.504s][info ][gc,phases   ] GC(48)   Post Evacuate Collection Set: 2.3ms
[2026-02-05T19:53:33.732+0000][37.505s][info ][gc,phases   ] GC(48)   Other: 0.7ms
[2026-02-05T19:53:33.732+0000][37.505s][info ][gc,heap     ] GC(48) Eden regions: 89->0(86)
[2026-02-05T19:53:33.733+0000][37.505s][info ][gc,heap     ] GC(48) Survivor regions: 10->9(13)
[2026-02-05T19:53:33.733+0000][37.505s][info ][gc,heap     ] GC(48) Old regions: 51->56
[2026-02-05T19:53:33.733+0000][37.505s][info ][gc,heap     ] GC(48) Archive regions: 2->2
[2026-02-05T19:53:33.733+0000][37.506s][info ][gc,heap     ] GC(48) Humongous regions: 0->0
[2026-02-05T19:53:33.733+0000][37.506s][info ][gc,metaspace] GC(48) Metaspace: 139835K(140864K)->139835K(140864K) NonClass: 122532K(123072K)->122532K(123072K) Class: 17303K(17792K)->17303K(17792K)
[2026-02-05T19:53:33.734+0000][37.506s][info ][gc          ] GC(48) Pause Young (Normal) (G1 Evacuation Pause) 300M->129M(360M) 19.785ms
[2026-02-05T19:53:33.734+0000][37.506s][info ][gc,cpu      ] GC(48) User=0.18s Sys=0.00s Real=0.02s
[2026-02-05T19:53:33.734+0000][37.507s][info ][safepoint   ] Safepoint "G1CollectForAllocation", Time since last: 16592892 ns, Reaching safepoint: 273312 ns, Cleanup: 6900 ns, At safepoint: 20561857 ns, Total: 20842069 ns
[2026-02-05T19:53:34.879+0000][38.652s][debug][safepoint   ] Safepoint synchronization initiated using futex wait barrier. (138 threads)
[2026-02-05T19:53:34.880+0000][38.652s][info ][gc,start    ] GC(49) Pause Young (Normal) (G1 Evacuation Pause)
[2026-02-05T19:53:34.880+0000][38.652s][info ][gc,task     ] GC(49) Using 10 workers of 10 for evacuation
[2026-02-05T19:53:34.890+0000][38.663s][info ][gc,phases   ] GC(49)   Pre Evacuate Collection Set: 0.3ms
[2026-02-05T19:53:34.891+0000][38.663s][info ][gc,phases   ] GC(49)   Merge Heap Roots: 0.2ms
[2026-02-05T19:53:34.891+0000][38.664s][info ][gc,phases   ] GC(49)   Evacuate Collection Set: 8.1ms
[2026-02-05T19:53:34.891+0000][38.664s][info ][gc,phases   ] GC(49)   Post Evacuate Collection Set: 1.7ms
[2026-02-05T19:53:34.891+0000][38.664s][info ][gc,phases   ] GC(49)   Other: 0.6ms
[2026-02-05T19:53:34.892+0000][38.664s][info ][gc,heap     ] GC(49) Eden regions: 86->0(86)
[2026-02-05T19:53:34.892+0000][38.665s][info ][gc,heap     ] GC(49) Survivor regions: 9->6(12)
[2026-02-05T19:53:34.893+0000][38.665s][info ][gc,heap     ] GC(49) Old regions: 56->60
[2026-02-05T19:53:34.893+0000][38.665s][info ][gc,heap     ] GC(49) Archive regions: 2->2
[2026-02-05T19:53:34.893+0000][38.666s][info ][gc,heap     ] GC(49) Humongous regions: 0->0
[2026-02-05T19:53:34.893+0000][38.666s][info ][gc,metaspace] GC(49) Metaspace: 145442K(146496K)->145442K(146496K) NonClass: 127569K(128128K)->127569K(128128K) Class: 17873K(18368K)->17873K(18368K)
[2026-02-05T19:53:34.893+0000][38.666s][info ][gc          ] GC(49) Pause Young (Normal) (G1 Evacuation Pause) 301M->133M(360M) 13.804ms
[2026-02-05T19:53:34.894+0000][38.666s][info ][gc,cpu      ] GC(49) User=0.09s Sys=0.00s Real=0.01s
[2026-02-05T19:53:34.894+0000][38.667s][info ][safepoint   ] Safepoint "G1CollectForAllocation", Time since last: 1144864224 ns, Reaching safepoint: 371916 ns, Cleanup: 110304 ns, At safepoint: 14388300 ns, Total: 14870520 ns
[2026-02-05T19:53:34.966+0000][38.738s][info ][cds,heap    ] initialize_from_archived_subgraph jdk.internal.math.FDBigInteger 0x000070f6af14ece8
[2026-02-05T19:53:35.622+0000][39.395s][debug][safepoint   ] Safepoint synchronization initiated using futex wait barrier. (151 threads)
[2026-02-05T19:53:35.623+0000][39.395s][info ][safepoint   ] Safepoint "ICBufferFull", Time since last: 728116752 ns, Reaching safepoint: 438618 ns, Cleanup: 122905 ns, At safepoint: 5900 ns, Total: 567423 ns
[2026-02-05T19:53:35.964+0000][39.737s][debug][safepoint   ] Safepoint synchronization initiated using futex wait barrier. (152 threads)
[2026-02-05T19:53:35.965+0000][39.737s][info ][gc,start    ] GC(50) Pause Young (Normal) (G1 Evacuation Pause)
[2026-02-05T19:53:35.965+0000][39.738s][info ][gc,task     ] GC(50) Using 10 workers of 10 for evacuation
[2026-02-05T19:53:35.976+0000][39.748s][info ][gc,phases   ] GC(50)   Pre Evacuate Collection Set: 0.3ms
[2026-02-05T19:53:35.976+0000][39.749s][info ][gc,phases   ] GC(50)   Merge Heap Roots: 0.2ms
[2026-02-05T19:53:35.976+0000][39.749s][info ][gc,phases   ] GC(50)   Evacuate Collection Set: 8.3ms
[2026-02-05T19:53:35.976+0000][39.749s][info ][gc,phases   ] GC(50)   Post Evacuate Collection Set: 1.5ms
[2026-02-05T19:53:35.977+0000][39.749s][info ][gc,phases   ] GC(50)   Other: 0.5ms
[2026-02-05T19:53:35.977+0000][39.749s][info ][gc,heap     ] GC(50) Eden regions: 86->0(84)
[2026-02-05T19:53:35.977+0000][39.750s][info ][gc,heap     ] GC(50) Survivor regions: 6->8(12)
[2026-02-05T19:53:35.977+0000][39.750s][info ][gc,heap     ] GC(50) Old regions: 60->60
[2026-02-05T19:53:35.977+0000][39.750s][info ][gc,heap     ] GC(50) Archive regions: 2->2
[2026-02-05T19:53:35.978+0000][39.750s][info ][gc,heap     ] GC(50) Humongous regions: 0->0
[2026-02-05T19:53:35.978+0000][39.750s][info ][gc,metaspace] GC(50) Metaspace: 149656K(150720K)->149656K(150720K) NonClass: 131279K(131840K)->131279K(131840K) Class: 18377K(18880K)->18377K(18880K)
[2026-02-05T19:53:35.978+0000][39.750s][info ][gc          ] GC(50) Pause Young (Normal) (G1 Evacuation Pause) 305M->136M(360M) 12.998ms
[2026-02-05T19:53:35.978+0000][39.751s][info ][gc,cpu      ] GC(50) User=0.07s Sys=0.01s Real=0.01s
[2026-02-05T19:53:35.978+0000][39.751s][info ][safepoint   ] Safepoint "G1CollectForAllocation", Time since last: 341736546 ns, Reaching safepoint: 478420 ns, Cleanup: 24201 ns, At safepoint: 13462461 ns, Total: 13965082 ns
[2026-02-05T19:53:36.986+0000][40.759s][debug][safepoint   ] Safepoint synchronization initiated using futex wait barrier. (153 threads)
[2026-02-05T19:53:36.987+0000][40.759s][info ][gc,start    ] GC(51) Pause Young (Normal) (G1 Evacuation Pause)
[2026-02-05T19:53:36.987+0000][40.760s][info ][gc,task     ] GC(51) Using 10 workers of 10 for evacuation
[2026-02-05T19:53:36.999+0000][40.771s][info ][gc,phases   ] GC(51)   Pre Evacuate Collection Set: 0.2ms
[2026-02-05T19:53:36.999+0000][40.772s][info ][gc,phases   ] GC(51)   Merge Heap Roots: 0.2ms
[2026-02-05T19:53:36.999+0000][40.772s][info ][gc,phases   ] GC(51)   Evacuate Collection Set: 9.2ms
[2026-02-05T19:53:37.000+0000][40.772s][info ][gc,phases   ] GC(51)   Post Evacuate Collection Set: 1.8ms
[2026-02-05T19:53:37.000+0000][40.772s][info ][gc,phases   ] GC(51)   Other: 0.6ms
[2026-02-05T19:53:37.000+0000][40.773s][info ][gc,heap     ] GC(51) Eden regions: 84->0(82)
[2026-02-05T19:53:37.000+0000][40.773s][info ][gc,heap     ] GC(51) Survivor regions: 8->7(12)
[2026-02-05T19:53:37.000+0000][40.773s][info ][gc,heap     ] GC(51) Old regions: 60->64
[2026-02-05T19:53:37.001+0000][40.773s][info ][gc,heap     ] GC(51) Archive regions: 2->2
[2026-02-05T19:53:37.001+0000][40.773s][info ][gc,heap     ] GC(51) Humongous regions: 0->0
[2026-02-05T19:53:37.001+0000][40.773s][info ][gc,metaspace] GC(51) Metaspace: 151472K(152512K)->151472K(152512K) NonClass: 132860K(133376K)->132860K(133376K) Class: 18611K(19136K)->18611K(19136K)
[2026-02-05T19:53:37.001+0000][40.774s][info ][gc          ] GC(51) Pause Young (Normal) (G1 Evacuation Pause) 304M->142M(360M) 14.160ms
[2026-02-05T19:53:37.001+0000][40.774s][info ][gc,cpu      ] GC(51) User=0.10s Sys=0.00s Real=0.01s
[2026-02-05T19:53:37.002+0000][40.774s][info ][safepoint   ] Safepoint "G1CollectForAllocation", Time since last: 1007781061 ns, Reaching safepoint: 418418 ns, Cleanup: 245510 ns, At safepoint: 14817024 ns, Total: 15480952 ns
[2026-02-05T19:53:37.649+0000][41.421s][debug][safepoint   ] Safepoint synchronization initiated using futex wait barrier. (152 threads)
[2026-02-05T19:53:37.649+0000][41.422s][info ][gc,start    ] GC(52) Pause Young (Normal) (G1 Evacuation Pause)
[2026-02-05T19:53:37.649+0000][41.422s][info ][gc,task     ] GC(52) Using 10 workers of 10 for evacuation
[2026-02-05T19:53:37.659+0000][41.432s][info ][gc,phases   ] GC(52)   Pre Evacuate Collection Set: 0.3ms
[2026-02-05T19:53:37.659+0000][41.432s][info ][gc,phases   ] GC(52)   Merge Heap Roots: 0.2ms
[2026-02-05T19:53:37.660+0000][41.432s][info ][gc,phases   ] GC(52)   Evacuate Collection Set: 6.5ms
[2026-02-05T19:53:37.660+0000][41.433s][info ][gc,phases   ] GC(52)   Post Evacuate Collection Set: 2.2ms
[2026-02-05T19:53:37.660+0000][41.433s][info ][gc,phases   ] GC(52)   Other: 0.6ms
[2026-02-05T19:53:37.661+0000][41.433s][info ][gc,heap     ] GC(52) Eden regions: 82->0(80)
[2026-02-05T19:53:37.661+0000][41.433s][info ][gc,heap     ] GC(52) Survivor regions: 7->7(12)
[2026-02-05T19:53:37.661+0000][41.434s][info ][gc,heap     ] GC(52) Old regions: 64->66
[2026-02-05T19:53:37.661+0000][41.434s][info ][gc,heap     ] GC(52) Archive regions: 2->2
[2026-02-05T19:53:37.661+0000][41.434s][info ][gc,heap     ] GC(52) Humongous regions: 0->0
[2026-02-05T19:53:37.662+0000][41.434s][info ][gc,metaspace] GC(52) Metaspace: 152751K(153792K)->152751K(153792K) NonClass: 133907K(134464K)->133907K(134464K) Class: 18844K(19328K)->18844K(19328K)
[2026-02-05T19:53:37.662+0000][41.434s][info ][gc          ] GC(52) Pause Young (Normal) (G1 Evacuation Pause) 306M->145M(360M) 12.480ms
[2026-02-05T19:53:37.662+0000][41.434s][info ][gc,cpu      ] GC(52) User=0.07s Sys=0.00s Real=0.02s
[2026-02-05T19:53:37.662+0000][41.435s][info ][safepoint   ] Safepoint "G1CollectForAllocation", Time since last: 647102638 ns, Reaching safepoint: 385016 ns, Cleanup: 74203 ns, At safepoint: 13043649 ns, Total: 13502868 ns
[2026-02-05T19:53:38.665+0000][42.438s][debug][safepoint   ] Safepoint synchronization initiated using futex wait barrier. (157 threads)
[2026-02-05T19:53:38.674+0000][42.446s][info ][gc,start    ] GC(53) Pause Young (Normal) (G1 Evacuation Pause)
[2026-02-05T19:53:38.674+0000][42.447s][info ][gc,task     ] GC(53) Using 10 workers of 10 for evacuation
[2026-02-05T19:53:38.694+0000][42.467s][info ][gc,phases   ] GC(53)   Pre Evacuate Collection Set: 0.3ms
[2026-02-05T19:53:38.695+0000][42.467s][info ][gc,phases   ] GC(53)   Merge Heap Roots: 0.2ms
[2026-02-05T19:53:38.696+0000][42.468s][info ][gc,phases   ] GC(53)   Evacuate Collection Set: 14.8ms
[2026-02-05T19:53:38.696+0000][42.469s][info ][gc,phases   ] GC(53)   Post Evacuate Collection Set: 4.1ms
[2026-02-05T19:53:38.696+0000][42.469s][info ][gc,phases   ] GC(53)   Other: 1.1ms
[2026-02-05T19:53:38.697+0000][42.469s][info ][gc,heap     ] GC(53) Eden regions: 80->0(78)
[2026-02-05T19:53:38.697+0000][42.470s][info ][gc,heap     ] GC(53) Survivor regions: 7->8(11)
[2026-02-05T19:53:38.697+0000][42.470s][info ][gc,heap     ] GC(53) Old regions: 66->66
[2026-02-05T19:53:38.698+0000][42.470s][info ][gc,heap     ] GC(53) Archive regions: 2->2
[2026-02-05T19:53:38.702+0000][42.474s][info ][gc,heap     ] GC(53) Humongous regions: 0->0
[2026-02-05T19:53:38.705+0000][42.478s][info ][gc,metaspace] GC(53) Metaspace: 153951K(155008K)->153951K(155008K) NonClass: 134947K(135488K)->134947K(135488K) Class: 19003K(19520K)->19003K(19520K)
[2026-02-05T19:53:38.707+0000][42.479s][info ][gc          ] GC(53) Pause Young (Normal) (G1 Evacuation Pause) 305M->148M(360M) 32.873ms
[2026-02-05T19:53:38.708+0000][42.480s][info ][gc,cpu      ] GC(53) User=0.13s Sys=0.01s Real=0.04s
[2026-02-05T19:53:38.709+0000][42.481s][info ][safepoint   ] Safepoint "G1CollectForAllocation", Time since last: 1002862713 ns, Reaching safepoint: 8520159 ns, Cleanup: 63502 ns, At safepoint: 34821966 ns, Total: 43405627 ns
[2026-02-05T19:53:39.755+0000][43.528s][debug][safepoint   ] Safepoint synchronization initiated using futex wait barrier. (169 threads)
[2026-02-05T19:53:39.756+0000][43.528s][info ][safepoint   ] Safepoint "Cleanup", Time since last: 1046967769 ns, Reaching safepoint: 345215 ns, Cleanup: 77303 ns, At safepoint: 22801 ns, Total: 445319 ns
[2026-02-05T19:53:39.788+0000][43.561s][debug][safepoint   ] Safepoint synchronization initiated using futex wait barrier. (169 threads)
[2026-02-05T19:53:39.788+0000][43.561s][info ][gc,start    ] GC(54) Pause Young (Normal) (G1 Evacuation Pause)
[2026-02-05T19:53:39.789+0000][43.561s][info ][gc,task     ] GC(54) Using 10 workers of 10 for evacuation
[2026-02-05T19:53:39.799+0000][43.572s][info ][gc,phases   ] GC(54)   Pre Evacuate Collection Set: 0.4ms
[2026-02-05T19:53:39.800+0000][43.572s][info ][gc,phases   ] GC(54)   Merge Heap Roots: 0.3ms
[2026-02-05T19:53:39.800+0000][43.573s][info ][gc,phases   ] GC(54)   Evacuate Collection Set: 7.8ms
[2026-02-05T19:53:39.800+0000][43.573s][info ][gc,phases   ] GC(54)   Post Evacuate Collection Set: 1.9ms
[2026-02-05T19:53:39.801+0000][43.573s][info ][gc,phases   ] GC(54)   Other: 0.6ms
[2026-02-05T19:53:39.801+0000][43.574s][info ][gc,heap     ] GC(54) Eden regions: 78->0(77)
[2026-02-05T19:53:39.801+0000][43.574s][info ][gc,heap     ] GC(54) Survivor regions: 8->8(11)
[2026-02-05T19:53:39.802+0000][43.574s][info ][gc,heap     ] GC(54) Old regions: 66->67
[2026-02-05T19:53:39.802+0000][43.574s][info ][gc,heap     ] GC(54) Archive regions: 2->2
[2026-02-05T19:53:39.802+0000][43.574s][info ][gc,heap     ] GC(54) Humongous regions: 0->0
[2026-02-05T19:53:39.802+0000][43.575s][info ][gc,metaspace] GC(54) Metaspace: 156176K(157312K)->156176K(157312K) NonClass: 136810K(137408K)->136810K(137408K) Class: 19365K(19904K)->19365K(19904K)
[2026-02-05T19:53:39.802+0000][43.575s][info ][gc          ] GC(54) Pause Young (Normal) (G1 Evacuation Pause) 304M->151M(360M) 13.871ms
[2026-02-05T19:53:39.803+0000][43.575s][info ][gc,cpu      ] GC(54) User=0.09s Sys=0.01s Real=0.02s
[2026-02-05T19:53:39.803+0000][43.575s][info ][safepoint   ] Safepoint "G1CollectForAllocation", Time since last: 32125052 ns, Reaching safepoint: 354215 ns, Cleanup: 13401 ns, At safepoint: 14365804 ns, Total: 14733420 ns
[2026-02-05T19:53:40.606+0000][44.379s][debug][safepoint   ] Safepoint synchronization initiated using futex wait barrier. (228 threads)
[2026-02-05T19:53:40.608+0000][44.381s][info ][safepoint   ] Safepoint "ICBufferFull", Time since last: 801864153 ns, Reaching safepoint: 3284338 ns, Cleanup: 148106 ns, At safepoint: 135006 ns, Total: 3567450 ns
[2026-02-05T19:53:40.677+0000][44.450s][debug][safepoint   ] Safepoint synchronization initiated using futex wait barrier. (262 threads)
[2026-02-05T19:53:40.679+0000][44.452s][info ][gc,start    ] GC(55) Pause Young (Normal) (G1 Evacuation Pause)
[2026-02-05T19:53:40.680+0000][44.452s][info ][gc,task     ] GC(55) Using 10 workers of 10 for evacuation
[2026-02-05T19:53:40.700+0000][44.472s][info ][gc,phases   ] GC(55)   Pre Evacuate Collection Set: 0.6ms
[2026-02-05T19:53:40.700+0000][44.473s][info ][gc,phases   ] GC(55)   Merge Heap Roots: 0.2ms
[2026-02-05T19:53:40.700+0000][44.473s][info ][gc,phases   ] GC(55)   Evacuate Collection Set: 15.9ms
[2026-02-05T19:53:40.700+0000][44.473s][info ][gc,phases   ] GC(55)   Post Evacuate Collection Set: 2.9ms
[2026-02-05T19:53:40.701+0000][44.473s][info ][gc,phases   ] GC(55)   Other: 1.2ms
[2026-02-05T19:53:40.701+0000][44.473s][info ][gc,heap     ] GC(55) Eden regions: 77->0(74)
[2026-02-05T19:53:40.701+0000][44.473s][info ][gc,heap     ] GC(55) Survivor regions: 8->8(11)
[2026-02-05T19:53:40.701+0000][44.474s][info ][gc,heap     ] GC(55) Old regions: 67->70
[2026-02-05T19:53:40.701+0000][44.474s][info ][gc,heap     ] GC(55) Archive regions: 2->2
[2026-02-05T19:53:40.702+0000][44.474s][info ][gc,heap     ] GC(55) Humongous regions: 0->0
[2026-02-05T19:53:40.702+0000][44.474s][info ][gc,metaspace] GC(55) Metaspace: 159618K(160768K)->159618K(160768K) NonClass: 139738K(140352K)->139738K(140352K) Class: 19880K(20416K)->19880K(20416K)
[2026-02-05T19:53:40.702+0000][44.474s][info ][gc          ] GC(55) Pause Young (Normal) (G1 Evacuation Pause) 305M->156M(360M) 22.715ms
[2026-02-05T19:53:40.702+0000][44.475s][info ][gc,cpu      ] GC(55) User=0.16s Sys=0.01s Real=0.03s
[2026-02-05T19:53:40.703+0000][44.475s][info ][safepoint   ] Safepoint "G1CollectForAllocation", Time since last: 68894900 ns, Reaching safepoint: 1900580 ns, Cleanup: 65003 ns, At safepoint: 23511289 ns, Total: 25476872 ns
[2026-02-05T19:53:41.322+0000][45.095s][debug][safepoint   ] Safepoint synchronization initiated using futex wait barrier. (336 threads)
[2026-02-05T19:53:41.323+0000][45.095s][info ][gc,start    ] GC(56) Pause Young (Normal) (G1 Evacuation Pause)
[2026-02-05T19:53:41.323+0000][45.095s][info ][gc,task     ] GC(56) Using 10 workers of 10 for evacuation
[2026-02-05T19:53:41.339+0000][45.112s][info ][gc,phases   ] GC(56)   Pre Evacuate Collection Set: 0.3ms
[2026-02-05T19:53:41.340+0000][45.112s][info ][gc,phases   ] GC(56)   Merge Heap Roots: 0.2ms
[2026-02-05T19:53:41.340+0000][45.112s][info ][gc,phases   ] GC(56)   Evacuate Collection Set: 14.1ms
[2026-02-05T19:53:41.340+0000][45.113s][info ][gc,phases   ] GC(56)   Post Evacuate Collection Set: 1.6ms
[2026-02-05T19:53:41.340+0000][45.113s][info ][gc,phases   ] GC(56)   Other: 0.5ms
[2026-02-05T19:53:41.340+0000][45.113s][info ][gc,heap     ] GC(56) Eden regions: 74->0(73)
[2026-02-05T19:53:41.341+0000][45.113s][info ][gc,heap     ] GC(56) Survivor regions: 8->7(11)
[2026-02-05T19:53:41.341+0000][45.113s][info ][gc,heap     ] GC(56) Old regions: 70->73
[2026-02-05T19:53:41.341+0000][45.113s][info ][gc,heap     ] GC(56) Archive regions: 2->2
[2026-02-05T19:53:41.341+0000][45.114s][info ][gc,heap     ] GC(56) Humongous regions: 0->0
[2026-02-05T19:53:41.341+0000][45.114s][info ][gc,metaspace] GC(56) Metaspace: 162328K(163520K)->162328K(163520K) NonClass: 142175K(142784K)->142175K(142784K) Class: 20153K(20736K)->20153K(20736K)
[2026-02-05T19:53:41.342+0000][45.114s][info ][gc          ] GC(56) Pause Young (Normal) (G1 Evacuation Pause) 304M->160M(360M) 18.978ms
[2026-02-05T19:53:41.342+0000][45.114s][info ][gc,cpu      ] GC(56) User=0.14s Sys=0.01s Real=0.02s
[2026-02-05T19:53:41.343+0000][45.115s][info ][safepoint   ] Safepoint "G1CollectForAllocation", Time since last: 619212464 ns, Reaching safepoint: 703430 ns, Cleanup: 121805 ns, At safepoint: 20333956 ns, Total: 21159191 ns
[2026-02-05T19:53:41.775+0000][45.548s][debug][safepoint   ] Safepoint synchronization initiated using futex wait barrier. (352 threads)
[2026-02-05T19:53:41.776+0000][45.548s][info ][safepoint   ] Safepoint "ICBufferFull", Time since last: 432046286 ns, Reaching safepoint: 343114 ns, Cleanup: 102505 ns, At safepoint: 72903 ns, Total: 518522 ns
[2026-02-05T19:53:41.776+0000][45.548s][debug][safepoint   ] Safepoint synchronization initiated using futex wait barrier. (352 threads)
[2026-02-05T19:53:41.776+0000][45.549s][info ][safepoint   ] Safepoint "ICBufferFull", Time since last: 388016 ns, Reaching safepoint: 246510 ns, Cleanup: 6801 ns, At safepoint: 43101 ns, Total: 296412 ns
[2026-02-05T19:53:41.957+0000][45.730s][debug][safepoint   ] Safepoint synchronization initiated using futex wait barrier. (353 threads)
[2026-02-05T19:53:41.959+0000][45.731s][info ][safepoint   ] Safepoint "ICBufferFull", Time since last: 181151126 ns, Reaching safepoint: 800933 ns, Cleanup: 243610 ns, At safepoint: 168808 ns, Total: 1213351 ns
[2026-02-05T19:53:42.164+0000][45.936s][debug][safepoint   ] Safepoint synchronization initiated using futex wait barrier. (369 threads)
[2026-02-05T19:53:42.164+0000][45.937s][info ][gc,start    ] GC(57) Pause Young (Normal) (G1 Evacuation Pause)
[2026-02-05T19:53:42.165+0000][45.937s][info ][gc,task     ] GC(57) Using 10 workers of 10 for evacuation
[2026-02-05T19:53:42.181+0000][45.953s][info ][gc,phases   ] GC(57)   Pre Evacuate Collection Set: 0.4ms
[2026-02-05T19:53:42.181+0000][45.954s][info ][gc,phases   ] GC(57)   Merge Heap Roots: 0.3ms
[2026-02-05T19:53:42.181+0000][45.954s][info ][gc,phases   ] GC(57)   Evacuate Collection Set: 13.1ms
[2026-02-05T19:53:42.181+0000][45.954s][info ][gc,phases   ] GC(57)   Post Evacuate Collection Set: 2.1ms
[2026-02-05T19:53:42.182+0000][45.954s][info ][gc,phases   ] GC(57)   Other: 0.7ms
[2026-02-05T19:53:42.182+0000][45.954s][info ][gc,heap     ] GC(57) Eden regions: 73->0(69)
[2026-02-05T19:53:42.182+0000][45.955s][info ][gc,heap     ] GC(57) Survivor regions: 7->8(10)
[2026-02-05T19:53:42.182+0000][45.955s][info ][gc,heap     ] GC(57) Old regions: 73->75
[2026-02-05T19:53:42.182+0000][45.955s][info ][gc,heap     ] GC(57) Archive regions: 2->2
[2026-02-05T19:53:42.183+0000][45.955s][info ][gc,heap     ] GC(57) Humongous regions: 0->0
[2026-02-05T19:53:42.183+0000][45.955s][info ][gc,metaspace] GC(57) Metaspace: 164438K(165632K)->164438K(165632K) NonClass: 143972K(144576K)->143972K(144576K) Class: 20465K(21056K)->20465K(21056K)
[2026-02-05T19:53:42.183+0000][45.955s][info ][gc          ] GC(57) Pause Young (Normal) (G1 Evacuation Pause) 306M->165M(360M) 18.583ms
[2026-02-05T19:53:42.183+0000][45.956s][info ][gc,cpu      ] GC(57) User=0.16s Sys=0.01s Real=0.02s
[2026-02-05T19:53:42.184+0000][45.956s][info ][safepoint   ] Safepoint "G1CollectForAllocation", Time since last: 205090932 ns, Reaching safepoint: 513922 ns, Cleanup: 76803 ns, At safepoint: 19425118 ns, Total: 20015843 ns
[2026-02-05T19:53:42.603+0000][46.376s][debug][safepoint   ] Safepoint synchronization initiated using futex wait barrier. (379 threads)
[2026-02-05T19:53:42.608+0000][46.380s][info ][safepoint   ] Safepoint "ICBufferFull", Time since last: 419775069 ns, Reaching safepoint: 567024 ns, Cleanup: 167007 ns, At safepoint: 3329240 ns, Total: 4063271 ns
[2026-02-05T19:53:42.608+0000][46.381s][debug][safepoint   ] Safepoint synchronization initiated using futex wait barrier. (379 threads)
[2026-02-05T19:53:42.611+0000][46.383s][info ][safepoint   ] Safepoint "ICBufferFull", Time since last: 544423 ns, Reaching safepoint: 2403701 ns, Cleanup: 14701 ns, At safepoint: 290512 ns, Total: 2708914 ns
[2026-02-05T19:53:42.613+0000][46.385s][debug][safepoint   ] Safepoint synchronization initiated using futex wait barrier. (379 threads)
[2026-02-05T19:53:42.613+0000][46.386s][debug][safepoint   ] ... found polling page loop exception at pc = 0x000070f712974331, stub =0x000070f718b10400
[2026-02-05T19:53:42.614+0000][46.386s][info ][safepoint   ] Safepoint "ICBufferFull", Time since last: 2204993 ns, Reaching safepoint: 781633 ns, Cleanup: 4400 ns, At safepoint: 163207 ns, Total: 949240 ns
[2026-02-05T19:53:42.614+0000][46.387s][debug][safepoint   ] Safepoint synchronization initiated using futex wait barrier. (379 threads)
[2026-02-05T19:53:42.615+0000][46.387s][info ][safepoint   ] Safepoint "ICBufferFull", Time since last: 315513 ns, Reaching safepoint: 490421 ns, Cleanup: 3500 ns, At safepoint: 78803 ns, Total: 572724 ns
[2026-02-05T19:53:42.615+0000][46.388s][debug][safepoint   ] Safepoint synchronization initiated using futex wait barrier. (379 threads)
[2026-02-05T19:53:42.615+0000][46.388s][debug][safepoint   ] ... found polling page loop exception at pc = 0x000070f7194d9147, stub =0x000070f718b10400
[2026-02-05T19:53:42.616+0000][46.388s][info ][safepoint   ] Safepoint "ICBufferFull", Time since last: 373216 ns, Reaching safepoint: 496321 ns, Cleanup: 6900 ns, At safepoint: 165507 ns, Total: 668728 ns
[2026-02-05T19:53:42.797+0000][46.570s][debug][safepoint   ] Safepoint synchronization initiated using futex wait barrier. (391 threads)
[2026-02-05T19:53:42.798+0000][46.571s][info ][safepoint   ] Safepoint "ICBufferFull", Time since last: 181382735 ns, Reaching safepoint: 888237 ns, Cleanup: 90104 ns, At safepoint: 105805 ns, Total: 1084146 ns
[2026-02-05T19:53:43.019+0000][46.791s][debug][safepoint   ] Safepoint synchronization initiated using futex wait barrier. (395 threads)
[2026-02-05T19:53:43.019+0000][46.792s][info ][gc,start    ] GC(58) Pause Young (Normal) (G1 Evacuation Pause)
[2026-02-05T19:53:43.020+0000][46.792s][info ][gc,task     ] GC(58) Using 10 workers of 10 for evacuation
[2026-02-05T19:53:43.034+0000][46.807s][info ][gc,phases   ] GC(58)   Pre Evacuate Collection Set: 0.4ms
[2026-02-05T19:53:43.035+0000][46.807s][info ][gc,phases   ] GC(58)   Merge Heap Roots: 0.2ms
[2026-02-05T19:53:43.035+0000][46.808s][info ][gc,phases   ] GC(58)   Evacuate Collection Set: 11.5ms
[2026-02-05T19:53:43.035+0000][46.808s][info ][gc,phases   ] GC(58)   Post Evacuate Collection Set: 2.5ms
[2026-02-05T19:53:43.035+0000][46.808s][info ][gc,phases   ] GC(58)   Other: 0.6ms
[2026-02-05T19:53:43.036+0000][46.808s][info ][gc,heap     ] GC(58) Eden regions: 69->0(99)
[2026-02-05T19:53:43.036+0000][46.808s][info ][gc,heap     ] GC(58) Survivor regions: 8->7(10)
[2026-02-05T19:53:43.036+0000][46.809s][info ][gc,heap     ] GC(58) Old regions: 75->77
[2026-02-05T19:53:43.036+0000][46.809s][info ][gc,heap     ] GC(58) Archive regions: 2->2
[2026-02-05T19:53:43.036+0000][46.809s][info ][gc,heap     ] GC(58) Humongous regions: 0->0
[2026-02-05T19:53:43.037+0000][46.809s][info ][gc,metaspace] GC(58) Metaspace: 167894K(169152K)->167894K(169152K) NonClass: 147048K(147712K)->147048K(147712K) Class: 20845K(21440K)->20845K(21440K)
[2026-02-05T19:53:43.037+0000][46.809s][info ][gc          ] GC(58) Pause Young (Normal) (G1 Evacuation Pause) 303M->168M(432M) 17.435ms
[2026-02-05T19:53:43.037+0000][46.810s][info ][gc,cpu      ] GC(58) User=0.14s Sys=0.00s Real=0.02s
[2026-02-05T19:53:43.038+0000][46.811s][info ][safepoint   ] Safepoint "G1CollectForAllocation", Time since last: 220601085 ns, Reaching safepoint: 317714 ns, Cleanup: 44201 ns, At safepoint: 19079104 ns, Total: 19441019 ns
[2026-02-05T19:53:43.104+0000][46.877s][debug][safepoint   ] Safepoint synchronization initiated using futex wait barrier. (395 threads)
[2026-02-05T19:53:43.105+0000][46.877s][debug][safepoint   ] ... found polling page loop exception at pc = 0x000070f719228369, stub =0x000070f718b10400
[2026-02-05T19:53:43.105+0000][46.878s][info ][gc,start    ] GC(59) Pause Young (Concurrent Start) (Metadata GC Threshold)
[2026-02-05T19:53:43.105+0000][46.878s][info ][gc,task     ] GC(59) Using 10 workers of 10 for evacuation
[2026-02-05T19:53:43.117+0000][46.890s][info ][gc,phases   ] GC(59)   Pre Evacuate Collection Set: 0.4ms
[2026-02-05T19:53:43.117+0000][46.890s][info ][gc,phases   ] GC(59)   Merge Heap Roots: 0.2ms
[2026-02-05T19:53:43.118+0000][46.890s][info ][gc,phases   ] GC(59)   Evacuate Collection Set: 9.2ms
[2026-02-05T19:53:43.118+0000][46.890s][info ][gc,phases   ] GC(59)   Post Evacuate Collection Set: 1.3ms
[2026-02-05T19:53:43.118+0000][46.890s][info ][gc,phases   ] GC(59)   Other: 0.9ms
[2026-02-05T19:53:43.118+0000][46.891s][info ][gc,heap     ] GC(59) Eden regions: 5->0(101)
[2026-02-05T19:53:43.118+0000][46.891s][info ][gc,heap     ] GC(59) Survivor regions: 7->7(14)
[2026-02-05T19:53:43.118+0000][46.891s][info ][gc,heap     ] GC(59) Old regions: 77->77
[2026-02-05T19:53:43.119+0000][46.891s][info ][gc,heap     ] GC(59) Archive regions: 2->2
[2026-02-05T19:53:43.119+0000][46.891s][info ][gc,heap     ] GC(59) Humongous regions: 0->0
[2026-02-05T19:53:43.119+0000][46.891s][info ][gc,metaspace] GC(59) Metaspace: 168308K(169536K)->168308K(169536K) NonClass: 147419K(148032K)->147419K(148032K) Class: 20889K(21504K)->20889K(21504K)
[2026-02-05T19:53:43.119+0000][46.892s][info ][gc          ] GC(59) Pause Young (Concurrent Start) (Metadata GC Threshold) 178M->168M(432M) 13.951ms
[2026-02-05T19:53:43.119+0000][46.892s][info ][gc,cpu      ] GC(59) User=0.05s Sys=0.02s Real=0.01s
[2026-02-05T19:53:43.120+0000][46.892s][info ][gc          ] GC(60) Concurrent Mark Cycle
[2026-02-05T19:53:43.120+0000][46.892s][info ][gc,marking  ] GC(60) Concurrent Clear Claimed Marks
[2026-02-05T19:53:43.120+0000][46.893s][info ][gc,marking  ] GC(60) Concurrent Clear Claimed Marks 0.359ms
[2026-02-05T19:53:43.120+0000][46.893s][info ][gc,marking  ] GC(60) Concurrent Scan Root Regions
[2026-02-05T19:53:43.120+0000][46.893s][info ][safepoint   ] Safepoint "CollectForMetadataAllocation", Time since last: 65974777 ns, Reaching safepoint: 718530 ns, Cleanup: 50102 ns, At safepoint: 15264542 ns, Total: 16033174 ns
[2026-02-05T19:53:43.132+0000][46.904s][info ][gc,marking  ] GC(60) Concurrent Scan Root Regions 11.231ms
[2026-02-05T19:53:43.132+0000][46.905s][info ][gc,marking  ] GC(60) Concurrent Mark
[2026-02-05T19:53:43.133+0000][46.906s][info ][gc,marking  ] GC(60) Concurrent Mark From Roots
[2026-02-05T19:53:43.133+0000][46.906s][info ][gc,task     ] GC(60) Using 3 workers of 3 for marking
[2026-02-05T19:53:43.200+0000][46.973s][debug][safepoint   ] Safepoint synchronization initiated using futex wait barrier. (395 threads)
[2026-02-05T19:53:43.201+0000][46.973s][info ][safepoint   ] Safepoint "CollectForMetadataAllocation", Time since last: 79597151 ns, Reaching safepoint: 411217 ns, Cleanup: 9701 ns, At safepoint: 161806 ns, Total: 582724 ns
[2026-02-05T19:53:43.201+0000][46.973s][debug][safepoint   ] Safepoint synchronization initiated using futex wait barrier. (395 threads)
[2026-02-05T19:53:43.201+0000][46.974s][info ][safepoint   ] Safepoint "CollectForMetadataAllocation", Time since last: 310413 ns, Reaching safepoint: 406818 ns, Cleanup: 4600 ns, At safepoint: 114805 ns, Total: 526223 ns
[2026-02-05T19:53:43.205+0000][46.977s][debug][safepoint   ] Safepoint synchronization initiated using futex wait barrier. (395 threads)
[2026-02-05T19:53:43.206+0000][46.978s][info ][safepoint   ] Safepoint "CollectForMetadataAllocation", Time since last: 3328640 ns, Reaching safepoint: 903438 ns, Cleanup: 4300 ns, At safepoint: 147106 ns, Total: 1054844 ns
[2026-02-05T19:53:43.251+0000][47.023s][info ][gc,marking  ] GC(60) Concurrent Mark From Roots 117.822ms
[2026-02-05T19:53:43.251+0000][47.024s][info ][gc,marking  ] GC(60) Concurrent Preclean
[2026-02-05T19:53:43.252+0000][47.024s][info ][gc,marking  ] GC(60) Concurrent Preclean 0.439ms
[2026-02-05T19:53:43.252+0000][47.024s][debug][safepoint   ] Safepoint synchronization initiated using futex wait barrier. (395 threads)
[2026-02-05T19:53:43.252+0000][47.025s][info ][gc,start    ] GC(60) Pause Remark
[2026-02-05T19:53:43.268+0000][47.041s][info ][gc          ] GC(60) Pause Remark 181M->181M(432M) 15.866ms
[2026-02-05T19:53:43.269+0000][47.041s][info ][gc,cpu      ] GC(60) User=0.13s Sys=0.00s Real=0.02s
[2026-02-05T19:53:43.269+0000][47.042s][info ][safepoint   ] Safepoint "G1PauseRemark", Time since last: 46050439 ns, Reaching safepoint: 211208 ns, Cleanup: 4601 ns, At safepoint: 17409532 ns, Total: 17625341 ns
[2026-02-05T19:53:43.270+0000][47.042s][info ][gc,marking  ] GC(60) Concurrent Mark 137.472ms
[2026-02-05T19:53:43.270+0000][47.043s][info ][gc,marking  ] GC(60) Concurrent Rebuild Remembered Sets
[2026-02-05T19:53:43.336+0000][47.108s][info ][gc,marking  ] GC(60) Concurrent Rebuild Remembered Sets 65.457ms
[2026-02-05T19:53:43.336+0000][47.108s][debug][safepoint   ] Safepoint synchronization initiated using futex wait barrier. (395 threads)
[2026-02-05T19:53:43.348+0000][47.121s][info ][gc,start    ] GC(60) Pause Cleanup
[2026-02-05T19:53:43.348+0000][47.121s][info ][gc          ] GC(60) Pause Cleanup 191M->191M(432M) 0.450ms
[2026-02-05T19:53:43.349+0000][47.121s][info ][gc,cpu      ] GC(60) User=0.00s Sys=0.00s Real=0.00s
[2026-02-05T19:53:43.349+0000][47.122s][info ][safepoint   ] Safepoint "G1PauseCleanup", Time since last: 66349093 ns, Reaching safepoint: 12172013 ns, Cleanup: 14900 ns, At safepoint: 1138248 ns, Total: 13325161 ns
[2026-02-05T19:53:43.354+0000][47.127s][info ][gc,marking  ] GC(60) Concurrent Cleanup for Next Mark
[2026-02-05T19:53:43.356+0000][47.128s][info ][gc,marking  ] GC(60) Concurrent Cleanup for Next Mark 1.582ms
[2026-02-05T19:53:43.356+0000][47.128s][info ][gc          ] GC(60) Concurrent Mark Cycle 236.154ms
[2026-02-05T19:53:43.865+0000][47.637s][debug][safepoint   ] Safepoint synchronization initiated using futex wait barrier. (395 threads)
[2026-02-05T19:53:43.865+0000][47.638s][info ][safepoint   ] Safepoint "ICBufferFull", Time since last: 515538400 ns, Reaching safepoint: 473720 ns, Cleanup: 111205 ns, At safepoint: 132906 ns, Total: 717831 ns
[2026-02-05T19:53:43.913+0000][47.686s][debug][safepoint   ] Safepoint synchronization initiated using futex wait barrier. (395 threads)
[2026-02-05T19:53:43.914+0000][47.687s][info ][safepoint   ] Safepoint "ICBufferFull", Time since last: 47959318 ns, Reaching safepoint: 606126 ns, Cleanup: 128205 ns, At safepoint: 136706 ns, Total: 871037 ns
[2026-02-05T19:53:44.024+0000][47.796s][debug][safepoint   ] Safepoint synchronization initiated using futex wait barrier. (395 threads)
[2026-02-05T19:53:44.024+0000][47.797s][info ][safepoint   ] Safepoint "ICBufferFull", Time since last: 109388404 ns, Reaching safepoint: 365716 ns, Cleanup: 86503 ns, At safepoint: 65503 ns, Total: 517722 ns
[2026-02-05T19:53:44.127+0000][47.900s][debug][safepoint   ] Safepoint synchronization initiated using futex wait barrier. (397 threads)
[2026-02-05T19:53:44.128+0000][47.900s][info ][safepoint   ] Safepoint "G1CollectForAllocation", Time since last: 103153642 ns, Reaching safepoint: 379916 ns, Cleanup: 42902 ns, At safepoint: 94204 ns, Total: 517022 ns
[2026-02-05T19:53:44.128+0000][47.901s][debug][safepoint   ] Safepoint synchronization initiated using futex wait barrier. (397 threads)
[2026-02-05T19:53:44.128+0000][47.901s][info ][gc,start    ] GC(61) Pause Young (Prepare Mixed) (GCLocker Initiated GC)
[2026-02-05T19:53:44.128+0000][47.901s][info ][gc,task     ] GC(61) Using 10 workers of 10 for evacuation
[2026-02-05T19:53:44.137+0000][47.910s][info ][gc,phases   ] GC(61)   Pre Evacuate Collection Set: 0.3ms
[2026-02-05T19:53:44.138+0000][47.910s][info ][gc,phases   ] GC(61)   Merge Heap Roots: 0.2ms
[2026-02-05T19:53:44.138+0000][47.910s][info ][gc,phases   ] GC(61)   Evacuate Collection Set: 6.1ms
[2026-02-05T19:53:44.138+0000][47.910s][info ][gc,phases   ] GC(61)   Post Evacuate Collection Set: 1.9ms
[2026-02-05T19:53:44.138+0000][47.910s][info ][gc,phases   ] GC(61)   Other: 0.5ms
[2026-02-05T19:53:44.138+0000][47.911s][info ][gc,heap     ] GC(61) Eden regions: 101->0(1)
[2026-02-05T19:53:44.138+0000][47.911s][info ][gc,heap     ] GC(61) Survivor regions: 7->9(14)
[2026-02-05T19:53:44.138+0000][47.911s][info ][gc,heap     ] GC(61) Old regions: 77->77
[2026-02-05T19:53:44.138+0000][47.911s][info ][gc,heap     ] GC(61) Archive regions: 2->2
[2026-02-05T19:53:44.139+0000][47.911s][info ][gc,heap     ] GC(61) Humongous regions: 0->0
[2026-02-05T19:53:44.139+0000][47.911s][info ][gc,metaspace] GC(61) Metaspace: 175906K(177344K)->175906K(177344K) NonClass: 154131K(154880K)->154131K(154880K) Class: 21774K(22464K)->21774K(22464K)
[2026-02-05T19:53:44.139+0000][47.911s][info ][gc          ] GC(61) Pause Young (Prepare Mixed) (GCLocker Initiated GC) 370M->171M(432M) 10.484ms
[2026-02-05T19:53:44.139+0000][47.912s][info ][gc,cpu      ] GC(61) User=0.08s Sys=0.00s Real=0.01s
[2026-02-05T19:53:44.140+0000][47.912s][info ][safepoint   ] Safepoint "G1CollectForAllocation", Time since last: 310713 ns, Reaching safepoint: 167107 ns, Cleanup: 3000 ns, At safepoint: 11597288 ns, Total: 11767395 ns
[2026-02-05T19:53:44.149+0000][47.922s][debug][safepoint   ] Safepoint synchronization initiated using futex wait barrier. (397 threads)
[2026-02-05T19:53:44.150+0000][47.922s][info ][gc,start    ] GC(62) Pause Young (Mixed) (G1 Evacuation Pause)
[2026-02-05T19:53:44.150+0000][47.922s][info ][gc,task     ] GC(62) Using 10 workers of 10 for evacuation
[2026-02-05T19:53:44.162+0000][47.935s][info ][gc,phases   ] GC(62)   Pre Evacuate Collection Set: 0.4ms
[2026-02-05T19:53:44.162+0000][47.935s][info ][gc,phases   ] GC(62)   Merge Heap Roots: 0.2ms
[2026-02-05T19:53:44.162+0000][47.935s][info ][gc,phases   ] GC(62)   Evacuate Collection Set: 9.7ms
[2026-02-05T19:53:44.163+0000][47.935s][info ][gc,phases   ] GC(62)   Post Evacuate Collection Set: 1.4ms
[2026-02-05T19:53:44.163+0000][47.935s][info ][gc,phases   ] GC(62)   Other: 0.6ms
[2026-02-05T19:53:44.163+0000][47.935s][info ][gc,heap     ] GC(62) Eden regions: 1->0(108)
[2026-02-05T19:53:44.163+0000][47.936s][info ][gc,heap     ] GC(62) Survivor regions: 9->2(2)
[2026-02-05T19:53:44.163+0000][47.936s][info ][gc,heap     ] GC(62) Old regions: 77->75
[2026-02-05T19:53:44.164+0000][47.936s][info ][gc,heap     ] GC(62) Archive regions: 2->2
[2026-02-05T19:53:44.164+0000][47.936s][info ][gc,heap     ] GC(62) Humongous regions: 0->0
[2026-02-05T19:53:44.164+0000][47.936s][info ][gc,metaspace] GC(62) Metaspace: 175943K(177344K)->175943K(177344K) NonClass: 154163K(154880K)->154163K(154880K) Class: 21779K(22464K)->21779K(22464K)
[2026-02-05T19:53:44.164+0000][47.937s][info ][gc          ] GC(62) Pause Young (Mixed) (G1 Evacuation Pause) 173M->152M(432M) 14.275ms
[2026-02-05T19:53:44.164+0000][47.937s][info ][gc,cpu      ] GC(62) User=0.11s Sys=0.01s Real=0.02s
[2026-02-05T19:53:44.165+0000][47.937s][info ][safepoint   ] Safepoint "G1CollectForAllocation", Time since last: 9461098 ns, Reaching safepoint: 326714 ns, Cleanup: 24601 ns, At safepoint: 15108836 ns, Total: 15460151 ns
[2026-02-05T19:53:44.503+0000][48.275s][debug][safepoint   ] Safepoint synchronization initiated using futex wait barrier. (397 threads)
[2026-02-05T19:53:44.503+0000][48.276s][debug][safepoint   ] ... found polling page loop exception at pc = 0x000070f7191a794d, stub =0x000070f718b10400
[2026-02-05T19:53:44.503+0000][48.276s][info ][safepoint   ] Safepoint "ICBufferFull", Time since last: 337876322 ns, Reaching safepoint: 528823 ns, Cleanup: 128505 ns, At safepoint: 89404 ns, Total: 746732 ns
[2026-02-05T19:53:44.789+0000][48.562s][debug][safepoint   ] Safepoint synchronization initiated using futex wait barrier. (398 threads)
[2026-02-05T19:53:44.790+0000][48.563s][info ][safepoint   ] Safepoint "ICBufferFull", Time since last: 285852133 ns, Reaching safepoint: 776830 ns, Cleanup: 107004 ns, At safepoint: 86503 ns, Total: 970337 ns
[2026-02-05T19:53:44.791+0000][48.563s][debug][safepoint   ] Safepoint synchronization initiated using futex wait barrier. (398 threads)
[2026-02-05T19:53:44.795+0000][48.568s][info ][safepoint   ] Safepoint "ICBufferFull", Time since last: 637825 ns, Reaching safepoint: 4343466 ns, Cleanup: 42302 ns, At safepoint: 124805 ns, Total: 4510573 ns
[2026-02-05T19:53:44.797+0000][48.569s][debug][safepoint   ] Safepoint synchronization initiated using futex wait barrier. (399 threads)
[2026-02-05T19:53:44.798+0000][48.571s][info ][safepoint   ] Safepoint "ICBufferFull", Time since last: 1085541 ns, Reaching safepoint: 1720166 ns, Cleanup: 14601 ns, At safepoint: 57402 ns, Total: 1792169 ns
[2026-02-05T19:53:45.002+0000][48.775s][debug][safepoint   ] Safepoint synchronization initiated using futex wait barrier. (399 threads)
[2026-02-05T19:53:45.003+0000][48.776s][info ][safepoint   ] Safepoint "ICBufferFull", Time since last: 204157231 ns, Reaching safepoint: 386515 ns, Cleanup: 155806 ns, At safepoint: 94804 ns, Total: 637125 ns
[2026-02-05T19:53:45.520+0000][49.293s][debug][safepoint   ] Safepoint synchronization initiated using futex wait barrier. (399 threads)
[2026-02-05T19:53:45.521+0000][49.293s][info ][safepoint   ] Safepoint "ICBufferFull", Time since last: 517048532 ns, Reaching safepoint: 407116 ns, Cleanup: 141605 ns, At safepoint: 82003 ns, Total: 630724 ns
[2026-02-05T19:53:46.076+0000][49.848s][debug][safepoint   ] Safepoint synchronization initiated using futex wait barrier. (400 threads)
[2026-02-05T19:53:46.076+0000][49.849s][info ][safepoint   ] Safepoint "ICBufferFull", Time since last: 554966288 ns, Reaching safepoint: 408515 ns, Cleanup: 122605 ns, At safepoint: 86203 ns, Total: 617323 ns
[2026-02-05T19:53:46.272+0000][50.044s][debug][safepoint   ] Safepoint synchronization initiated using futex wait barrier. (400 threads)
[2026-02-05T19:53:46.272+0000][50.045s][info ][gc,start    ] GC(63) Pause Young (Concurrent Start) (G1 Evacuation Pause)
[2026-02-05T19:53:46.272+0000][50.045s][info ][gc,task     ] GC(63) Using 10 workers of 10 for evacuation
[2026-02-05T19:53:46.281+0000][50.054s][info ][gc,phases   ] GC(63)   Pre Evacuate Collection Set: 0.6ms
[2026-02-05T19:53:46.282+0000][50.054s][info ][gc,phases   ] GC(63)   Merge Heap Roots: 0.2ms
[2026-02-05T19:53:46.282+0000][50.054s][info ][gc,phases   ] GC(63)   Evacuate Collection Set: 6.0ms
[2026-02-05T19:53:46.282+0000][50.054s][info ][gc,phases   ] GC(63)   Post Evacuate Collection Set: 1.8ms
[2026-02-05T19:53:46.282+0000][50.055s][info ][gc,phases   ] GC(63)   Other: 0.6ms
[2026-02-05T19:53:46.282+0000][50.055s][info ][gc,heap     ] GC(63) Eden regions: 108->0(104)
[2026-02-05T19:53:46.282+0000][50.055s][info ][gc,heap     ] GC(63) Survivor regions: 2->4(14)
[2026-02-05T19:53:46.283+0000][50.055s][info ][gc,heap     ] GC(63) Old regions: 75->75
[2026-02-05T19:53:46.283+0000][50.055s][info ][gc,heap     ] GC(63) Archive regions: 2->2
[2026-02-05T19:53:46.283+0000][50.055s][info ][gc,heap     ] GC(63) Humongous regions: 0->0
[2026-02-05T19:53:46.283+0000][50.056s][info ][gc,metaspace] GC(63) Metaspace: 181332K(183680K)->181332K(183680K) NonClass: 158886K(160128K)->158886K(160128K) Class: 22445K(23552K)->22445K(23552K)
[2026-02-05T19:53:46.283+0000][50.056s][info ][gc          ] GC(63) Pause Young (Concurrent Start) (G1 Evacuation Pause) 368M->157M(432M) 11.094ms
[2026-02-05T19:53:46.283+0000][50.056s][info ][gc,cpu      ] GC(63) User=0.07s Sys=0.00s Real=0.02s
[2026-02-05T19:53:46.284+0000][50.056s][info ][gc          ] GC(64) Concurrent Mark Cycle
[2026-02-05T19:53:46.284+0000][50.056s][info ][gc,marking  ] GC(64) Concurrent Clear Claimed Marks
[2026-02-05T19:53:46.285+0000][50.058s][info ][safepoint   ] Safepoint "G1CollectForAllocation", Time since last: 195405396 ns, Reaching safepoint: 282110 ns, Cleanup: 49402 ns, At safepoint: 13014299 ns, Total: 13345811 ns
[2026-02-05T19:53:46.285+0000][50.058s][info ][gc,marking  ] GC(64) Concurrent Clear Claimed Marks 1.297ms
[2026-02-05T19:53:46.286+0000][50.058s][info ][gc,marking  ] GC(64) Concurrent Scan Root Regions
[2026-02-05T19:53:46.293+0000][50.066s][info ][gc,marking  ] GC(64) Concurrent Scan Root Regions 7.529ms
[2026-02-05T19:53:46.294+0000][50.066s][info ][gc,marking  ] GC(64) Concurrent Mark
[2026-02-05T19:53:46.294+0000][50.066s][info ][gc,marking  ] GC(64) Concurrent Mark From Roots
[2026-02-05T19:53:46.294+0000][50.067s][info ][gc,task     ] GC(64) Using 3 workers of 3 for marking
[2026-02-05T19:53:46.428+0000][50.201s][info ][gc,marking  ] GC(64) Concurrent Mark From Roots 134.348ms
[2026-02-05T19:53:46.428+0000][50.201s][info ][gc,marking  ] GC(64) Concurrent Preclean
[2026-02-05T19:53:46.429+0000][50.202s][info ][gc,marking  ] GC(64) Concurrent Preclean 0.647ms
[2026-02-05T19:53:46.429+0000][50.202s][debug][safepoint   ] Safepoint synchronization initiated using futex wait barrier. (400 threads)
[2026-02-05T19:53:46.430+0000][50.202s][info ][gc,start    ] GC(64) Pause Remark
[2026-02-05T19:53:46.444+0000][50.217s][info ][gc          ] GC(64) Pause Remark 177M->177M(432M) 14.552ms
[2026-02-05T19:53:46.445+0000][50.217s][info ][gc,cpu      ] GC(64) User=0.14s Sys=0.00s Real=0.02s
[2026-02-05T19:53:46.446+0000][50.218s][info ][safepoint   ] Safepoint "G1PauseRemark", Time since last: 144383839 ns, Reaching safepoint: 289111 ns, Cleanup: 29201 ns, At safepoint: 16056816 ns, Total: 16375128 ns
[2026-02-05T19:53:46.446+0000][50.219s][info ][gc,marking  ] GC(64) Concurrent Mark 152.745ms
[2026-02-05T19:53:46.447+0000][50.220s][info ][gc,marking  ] GC(64) Concurrent Rebuild Remembered Sets
[2026-02-05T19:53:46.513+0000][50.286s][info ][gc,marking  ] GC(64) Concurrent Rebuild Remembered Sets 66.110ms
[2026-02-05T19:53:46.514+0000][50.286s][debug][safepoint   ] Safepoint synchronization initiated using futex wait barrier. (400 threads)
[2026-02-05T19:53:46.514+0000][50.287s][info ][gc,start    ] GC(64) Pause Cleanup
[2026-02-05T19:53:46.515+0000][50.287s][info ][gc          ] GC(64) Pause Cleanup 189M->189M(432M) 0.495ms
[2026-02-05T19:53:46.515+0000][50.287s][info ][gc,cpu      ] GC(64) User=0.00s Sys=0.00s Real=0.00s
[2026-02-05T19:53:46.515+0000][50.287s][info ][safepoint   ] Safepoint "G1PauseCleanup", Time since last: 67774199 ns, Reaching safepoint: 262811 ns, Cleanup: 17700 ns, At safepoint: 1068141 ns, Total: 1348652 ns
[2026-02-05T19:53:46.515+0000][50.288s][info ][gc,marking  ] GC(64) Concurrent Cleanup for Next Mark
[2026-02-05T19:53:46.516+0000][50.289s][info ][gc,marking  ] GC(64) Concurrent Cleanup for Next Mark 1.051ms
[2026-02-05T19:53:46.517+0000][50.289s][info ][gc          ] GC(64) Concurrent Mark Cycle 232.782ms
[2026-02-05T19:53:47.514+0000][51.288s][debug][safepoint   ] Safepoint synchronization initiated using futex wait barrier. (397 threads)
[2026-02-05T19:53:47.515+0000][51.288s][info ][safepoint   ] Safepoint "Cleanup", Time since last: 1000291868 ns, Reaching safepoint: 581323 ns, Cleanup: 26601 ns, At safepoint: 95603 ns, Total: 703527 ns
[2026-02-05T19:53:48.924+0000][52.698s][debug][safepoint   ] Safepoint synchronization initiated using futex wait barrier. (399 threads)
[2026-02-05T19:53:48.924+0000][52.698s][info ][safepoint   ] Safepoint "Cleanup", Time since last: 1409250156 ns, Reaching safepoint: 440317 ns, Cleanup: 82303 ns, At safepoint: 9400 ns, Total: 532020 ns
[2026-02-05T19:53:49.925+0000][53.699s][debug][safepoint   ] Safepoint synchronization initiated using futex wait barrier. (399 threads)
[2026-02-05T19:53:49.926+0000][53.700s][info ][safepoint   ] Safepoint "Cleanup", Time since last: 1000645882 ns, Reaching safepoint: 551922 ns, Cleanup: 51401 ns, At safepoint: 20801 ns, Total: 624124 ns
[2026-02-05T19:53:50.926+0000][54.700s][debug][safepoint   ] Safepoint synchronization initiated using futex wait barrier. (399 threads)
[2026-02-05T19:53:50.926+0000][54.700s][info ][safepoint   ] Safepoint "Cleanup", Time since last: 1000311470 ns, Reaching safepoint: 411916 ns, Cleanup: 14700 ns, At safepoint: 29601 ns, Total: 456217 ns
