[2026-02-05T19:16:26.309+0000][0.071s][info][gc] Using G1
[2026-02-05T19:16:26.312+0000][0.074s][info][gc,init] Version: 17.0.12+7-Debian-2deb12u1 (release)
[2026-02-05T19:16:26.312+0000][0.075s][info][gc,init] CPUs: 12 total, 12 available
[2026-02-05T19:16:26.313+0000][0.075s][info][gc,init] Memory: 15925M
[2026-02-05T19:16:26.313+0000][0.075s][info][gc,init] Large Page Support: Disabled
[2026-02-05T19:16:26.313+0000][0.075s][info][gc,init] NUMA Support: Disabled
[2026-02-05T19:16:26.313+0000][0.075s][info][gc,init] Compressed Oops: Enabled (Zero based)
[2026-02-05T19:16:26.313+0000][0.075s][info][gc,init] Heap Region Size: 2M
[2026-02-05T19:16:26.314+0000][0.076s][info][gc,init] Heap Min Capacity: 8M
[2026-02-05T19:16:26.314+0000][0.076s][info][gc,init] Heap Initial Capacity: 250M
[2026-02-05T19:16:26.314+0000][0.076s][info][gc,init] Heap Max Capacity: 3982M
[2026-02-05T19:16:26.314+0000][0.076s][info][gc,init] Pre-touch: Disabled
[2026-02-05T19:16:26.314+0000][0.077s][info][gc,init] Parallel Workers: 10
[2026-02-05T19:16:26.315+0000][0.077s][info][gc,init] Concurrent Workers: 3
[2026-02-05T19:16:26.315+0000][0.077s][info][gc,init] Concurrent Refinement Workers: 10
[2026-02-05T19:16:26.315+0000][0.077s][info][gc,init] Periodic GC: Disabled
[2026-02-05T19:16:26.322+0000][0.084s][info][gc,metaspace] CDS archive(s) mapped at: [0x00007914a7000000-0x00007914a7bc4000-0x00007914a7bc4000), size 12337152, SharedBaseAddress: 0x00007914a7000000, ArchiveRelocationMode: 1.
[2026-02-05T19:16:26.322+0000][0.085s][info][gc,metaspace] Compressed class space mapped at: 0x00007914a8000000-0x00007914e8000000, reserved size: 1073741824
[2026-02-05T19:16:26.323+0000][0.085s][info][gc,metaspace] Narrow klass base: 0x00007914a7000000, Narrow klass shift: 0, Narrow klass range: 0x100000000
[2026-02-05T19:16:26.329+0000][0.091s][info][cds,heap    ] initialize_from_archived_subgraph java.lang.Module$ArchivedData 0x00007914a7184780 (early)
[2026-02-05T19:16:26.330+0000][0.092s][info][cds,heap    ] initialize_from_archived_subgraph java.util.ImmutableCollections 0x00007914a70722d8 (early)
[2026-02-05T19:16:26.332+0000][0.094s][info][cds,heap    ] initialize_from_archived_subgraph java.lang.Integer$IntegerCache 0x00007914a7037660 (early)
[2026-02-05T19:16:26.337+0000][0.099s][info][cds,heap    ] initialize_from_archived_subgraph java.lang.module.Configuration 0x00007914a7172700 (early)
[2026-02-05T19:16:26.338+0000][0.100s][info][cds,heap    ] initialize_from_archived_subgraph java.lang.ModuleLayer 0x00007914a7146b38 (early)
[2026-02-05T19:16:26.339+0000][0.101s][info][cds,heap    ] initialize_from_archived_subgraph jdk.internal.loader.ArchivedClassLoaders 0x00007914a71adb70 (early)
[2026-02-05T19:16:26.339+0000][0.101s][info][cds,heap    ] initialize_from_archived_subgraph jdk.internal.module.ArchivedBootLayer 0x00007914a7179340 (early)
[2026-02-05T19:16:26.342+0000][0.104s][info][cds,heap    ] initialize_from_archived_subgraph sun.util.locale.BaseLocale 0x00007914a726d048
[2026-02-05T19:16:26.350+0000][0.113s][info][cds,heap    ] initialize_from_archived_subgraph java.util.jar.Attributes$Name 0x00007914a719f5e8
[2026-02-05T19:16:26.375+0000][0.137s][info][cds,heap    ] initialize_from_archived_subgraph java.lang.Long$LongCache 0x00007914a7020f98
[2026-02-05T19:16:26.443+0000][0.206s][info][cds,heap    ] initialize_from_archived_subgraph java.lang.Character$CharacterCache 0x00007914a703a9e8
[2026-02-05T19:16:26.733+0000][0.496s][debug][safepoint   ] Safepoint synchronization initiated using futex wait barrier. (14 threads)
[2026-02-05T19:16:26.734+0000][0.496s][info ][safepoint   ] Safepoint "ICBufferFull", Time since last: 404624699 ns, Reaching safepoint: 231212 ns, Cleanup: 56303 ns, At safepoint: 41702 ns, Total: 329217 ns
[2026-02-05T19:16:26.835+0000][0.597s][debug][safepoint   ] Safepoint synchronization initiated using futex wait barrier. (14 threads)
[2026-02-05T19:16:26.835+0000][0.597s][info ][gc,start    ] GC(0) Pause Young (Normal) (G1 Evacuation Pause)
[2026-02-05T19:16:26.837+0000][0.599s][info ][gc,task     ] GC(0) Using 6 workers of 10 for evacuation
[2026-02-05T19:16:26.843+0000][0.605s][info ][gc,phases   ] GC(0)   Pre Evacuate Collection Set: 0.1ms
[2026-02-05T19:16:26.843+0000][0.605s][info ][gc,phases   ] GC(0)   Merge Heap Roots: 0.1ms
[2026-02-05T19:16:26.843+0000][0.605s][info ][gc,phases   ] GC(0)   Evacuate Collection Set: 3.7ms
[2026-02-05T19:16:26.843+0000][0.606s][info ][gc,phases   ] GC(0)   Post Evacuate Collection Set: 1.6ms
[2026-02-05T19:16:26.844+0000][0.606s][info ][gc,phases   ] GC(0)   Other: 2.2ms
[2026-02-05T19:16:26.844+0000][0.606s][info ][gc,heap     ] GC(0) Eden regions: 31->0(53)
[2026-02-05T19:16:26.844+0000][0.606s][info ][gc,heap     ] GC(0) Survivor regions: 0->4(4)
[2026-02-05T19:16:26.844+0000][0.606s][info ][gc,heap     ] GC(0) Old regions: 0->1
[2026-02-05T19:16:26.844+0000][0.606s][info ][gc,heap     ] GC(0) Archive regions: 2->2
[2026-02-05T19:16:26.844+0000][0.606s][info ][gc,heap     ] GC(0) Humongous regions: 0->0
[2026-02-05T19:16:26.844+0000][0.607s][info ][gc,metaspace] GC(0) Metaspace: 2514K(2688K)->2514K(2688K) NonClass: 2277K(2368K)->2277K(2368K) Class: 237K(320K)->237K(320K)
[2026-02-05T19:16:26.845+0000][0.607s][info ][gc          ] GC(0) Pause Young (Normal) (G1 Evacuation Pause) 63M->10M(254M) 9.676ms
[2026-02-05T19:16:26.845+0000][0.607s][info ][gc,cpu      ] GC(0) User=0.03s Sys=0.01s Real=0.00s
[2026-02-05T19:16:26.845+0000][0.607s][info ][safepoint   ] Safepoint "G1CollectForAllocation", Time since last: 100832533 ns, Reaching safepoint: 355319 ns, Cleanup: 28601 ns, At safepoint: 10054822 ns, Total: 10438742 ns
[2026-02-05T19:16:27.548+0000][1.310s][debug][safepoint   ] Safepoint synchronization initiated using futex wait barrier. (15 threads)
[2026-02-05T19:16:27.549+0000][1.311s][info ][safepoint   ] Safepoint "ICBufferFull", Time since last: 703148993 ns, Reaching safepoint: 331517 ns, Cleanup: 254614 ns, At safepoint: 60103 ns, Total: 646234 ns
[2026-02-05T19:16:27.596+0000][1.358s][debug][safepoint   ] Safepoint synchronization initiated using futex wait barrier. (15 threads)
[2026-02-05T19:16:27.597+0000][1.359s][info ][gc,start    ] GC(1) Pause Young (Normal) (G1 Evacuation Pause)
[2026-02-05T19:16:27.597+0000][1.359s][info ][gc,task     ] GC(1) Using 6 workers of 10 for evacuation
[2026-02-05T19:16:27.605+0000][1.367s][info ][gc,phases   ] GC(1)   Pre Evacuate Collection Set: 0.1ms
[2026-02-05T19:16:27.605+0000][1.367s][info ][gc,phases   ] GC(1)   Merge Heap Roots: 0.1ms
[2026-02-05T19:16:27.605+0000][1.367s][info ][gc,phases   ] GC(1)   Evacuate Collection Set: 5.6ms
[2026-02-05T19:16:27.605+0000][1.367s][info ][gc,phases   ] GC(1)   Post Evacuate Collection Set: 1.6ms
[2026-02-05T19:16:27.605+0000][1.368s][info ][gc,phases   ] GC(1)   Other: 0.5ms
[2026-02-05T19:16:27.606+0000][1.368s][info ][gc,heap     ] GC(1) Eden regions: 53->0(69)
[2026-02-05T19:16:27.606+0000][1.368s][info ][gc,heap     ] GC(1) Survivor regions: 4->6(8)
[2026-02-05T19:16:27.606+0000][1.368s][info ][gc,heap     ] GC(1) Old regions: 1->1
[2026-02-05T19:16:27.606+0000][1.368s][info ][gc,heap     ] GC(1) Archive regions: 2->2
[2026-02-05T19:16:27.606+0000][1.368s][info ][gc,heap     ] GC(1) Humongous regions: 0->0
[2026-02-05T19:16:27.607+0000][1.369s][info ][gc,metaspace] GC(1) Metaspace: 7021K(7360K)->7021K(7360K) NonClass: 6156K(6336K)->6156K(6336K) Class: 864K(1024K)->864K(1024K)
[2026-02-05T19:16:27.607+0000][1.369s][info ][gc          ] GC(1) Pause Young (Normal) (G1 Evacuation Pause) 116M->13M(254M) 10.290ms
[2026-02-05T19:16:27.607+0000][1.369s][info ][gc,cpu      ] GC(1) User=0.02s Sys=0.02s Real=0.01s
[2026-02-05T19:16:27.607+0000][1.370s][info ][safepoint   ] Safepoint "G1CollectForAllocation", Time since last: 47434462 ns, Reaching safepoint: 333917 ns, Cleanup: 11700 ns, At safepoint: 10784360 ns, Total: 11129977 ns
[2026-02-05T19:16:28.078+0000][1.841s][debug][safepoint   ] Safepoint synchronization initiated using futex wait barrier. (15 threads)
[2026-02-05T19:16:28.079+0000][1.841s][info ][safepoint   ] Safepoint "ICBufferFull", Time since last: 471074849 ns, Reaching safepoint: 235512 ns, Cleanup: 78204 ns, At safepoint: 17601 ns, Total: 331317 ns
[2026-02-05T19:16:28.184+0000][1.946s][debug][safepoint   ] Safepoint synchronization initiated using futex wait barrier. (15 threads)
[2026-02-05T19:16:28.184+0000][1.946s][info ][safepoint   ] Safepoint "ICBufferFull", Time since last: 104806739 ns, Reaching safepoint: 328217 ns, Cleanup: 68304 ns, At safepoint: 2700 ns, Total: 399221 ns
[2026-02-05T19:16:28.314+0000][2.076s][debug][safepoint   ] Safepoint synchronization initiated using futex wait barrier. (16 threads)
[2026-02-05T19:16:28.315+0000][2.077s][info ][gc,start    ] GC(2) Pause Young (Normal) (G1 Evacuation Pause)
[2026-02-05T19:16:28.315+0000][2.077s][info ][gc,task     ] GC(2) Using 6 workers of 10 for evacuation
[2026-02-05T19:16:28.325+0000][2.087s][info ][gc,phases   ] GC(2)   Pre Evacuate Collection Set: 0.1ms
[2026-02-05T19:16:28.325+0000][2.087s][info ][gc,phases   ] GC(2)   Merge Heap Roots: 0.1ms
[2026-02-05T19:16:28.326+0000][2.088s][info ][gc,phases   ] GC(2)   Evacuate Collection Set: 7.4ms
[2026-02-05T19:16:28.327+0000][2.089s][info ][gc,phases   ] GC(2)   Post Evacuate Collection Set: 1.8ms
[2026-02-05T19:16:28.327+0000][2.089s][info ][gc,phases   ] GC(2)   Other: 0.6ms
[2026-02-05T19:16:28.327+0000][2.089s][info ][gc,heap     ] GC(2) Eden regions: 69->0(71)
[2026-02-05T19:16:28.328+0000][2.090s][info ][gc,heap     ] GC(2) Survivor regions: 6->4(10)
[2026-02-05T19:16:28.328+0000][2.090s][info ][gc,heap     ] GC(2) Old regions: 1->5
[2026-02-05T19:16:28.328+0000][2.090s][info ][gc,heap     ] GC(2) Archive regions: 2->2
[2026-02-05T19:16:28.328+0000][2.090s][info ][gc,heap     ] GC(2) Humongous regions: 0->0
[2026-02-05T19:16:28.328+0000][2.091s][info ][gc,metaspace] GC(2) Metaspace: 12581K(12864K)->12581K(12864K) NonClass: 10957K(11136K)->10957K(11136K) Class: 1623K(1728K)->1623K(1728K)
[2026-02-05T19:16:28.329+0000][2.091s][info ][gc          ] GC(2) Pause Young (Normal) (G1 Evacuation Pause) 151M->17M(254M) 13.721ms
[2026-02-05T19:16:28.329+0000][2.091s][info ][gc,cpu      ] GC(2) User=0.05s Sys=0.01s Real=0.01s
[2026-02-05T19:16:28.329+0000][2.091s][info ][safepoint   ] Safepoint "G1CollectForAllocation", Time since last: 130358765 ns, Reaching safepoint: 492926 ns, Cleanup: 46902 ns, At safepoint: 14170936 ns, Total: 14710764 ns
[2026-02-05T19:16:28.721+0000][2.483s][debug][safepoint   ] ... found polling page loop exception at pc = 0x000079151117641e, stub =0x0000791510b10400
[2026-02-05T19:16:28.733+0000][2.495s][info ][cds,heap    ] initialize_from_archived_subgraph java.lang.Byte$ByteCache 0x00007914a703abf8
[2026-02-05T19:16:28.733+0000][2.495s][info ][cds,heap    ] initialize_from_archived_subgraph java.lang.Short$ShortCache 0x00007914a70412e8
[2026-02-05T19:16:28.802+0000][2.564s][debug][safepoint   ] Safepoint synchronization initiated using futex wait barrier. (16 threads)
[2026-02-05T19:16:28.803+0000][2.565s][info ][gc,start    ] GC(3) Pause Young (Normal) (G1 Evacuation Pause)
[2026-02-05T19:16:28.803+0000][2.565s][info ][gc,task     ] GC(3) Using 6 workers of 10 for evacuation
[2026-02-05T19:16:28.808+0000][2.570s][info ][gc,phases   ] GC(3)   Pre Evacuate Collection Set: 0.1ms
[2026-02-05T19:16:28.808+0000][2.570s][info ][gc,phases   ] GC(3)   Merge Heap Roots: 0.1ms
[2026-02-05T19:16:28.808+0000][2.570s][info ][gc,phases   ] GC(3)   Evacuate Collection Set: 3.2ms
[2026-02-05T19:16:28.809+0000][2.571s][info ][gc,phases   ] GC(3)   Post Evacuate Collection Set: 1.1ms
[2026-02-05T19:16:28.809+0000][2.571s][info ][gc,phases   ] GC(3)   Other: 0.6ms
[2026-02-05T19:16:28.809+0000][2.571s][info ][gc,heap     ] GC(3) Eden regions: 71->0(71)
[2026-02-05T19:16:28.809+0000][2.571s][info ][gc,heap     ] GC(3) Survivor regions: 4->4(10)
[2026-02-05T19:16:28.809+0000][2.571s][info ][gc,heap     ] GC(3) Old regions: 5->5
[2026-02-05T19:16:28.809+0000][2.571s][info ][gc,heap     ] GC(3) Archive regions: 2->2
[2026-02-05T19:16:28.809+0000][2.572s][info ][gc,heap     ] GC(3) Humongous regions: 0->0
[2026-02-05T19:16:28.810+0000][2.572s][info ][gc,metaspace] GC(3) Metaspace: 17261K(17600K)->17261K(17600K) NonClass: 14933K(15104K)->14933K(15104K) Class: 2328K(2496K)->2328K(2496K)
[2026-02-05T19:16:28.810+0000][2.572s][info ][gc          ] GC(3) Pause Young (Normal) (G1 Evacuation Pause) 159M->17M(254M) 7.083ms
[2026-02-05T19:16:28.810+0000][2.572s][info ][gc,cpu      ] GC(3) User=0.03s Sys=0.00s Real=0.01s
[2026-02-05T19:16:28.810+0000][2.572s][info ][safepoint   ] Safepoint "G1CollectForAllocation", Time since last: 472901243 ns, Reaching safepoint: 384820 ns, Cleanup: 191210 ns, At safepoint: 7525791 ns, Total: 8101821 ns
[2026-02-05T19:16:29.073+0000][2.835s][debug][safepoint   ] Safepoint synchronization initiated using futex wait barrier. (16 threads)
[2026-02-05T19:16:29.074+0000][2.836s][info ][gc,start    ] GC(4) Pause Young (Concurrent Start) (Metadata GC Threshold)
[2026-02-05T19:16:29.074+0000][2.836s][info ][gc,task     ] GC(4) Using 6 workers of 10 for evacuation
[2026-02-05T19:16:29.079+0000][2.841s][info ][gc,phases   ] GC(4)   Pre Evacuate Collection Set: 0.2ms
[2026-02-05T19:16:29.079+0000][2.842s][info ][gc,phases   ] GC(4)   Merge Heap Roots: 0.2ms
[2026-02-05T19:16:29.080+0000][2.842s][info ][gc,phases   ] GC(4)   Evacuate Collection Set: 4.0ms
[2026-02-05T19:16:29.080+0000][2.842s][info ][gc,phases   ] GC(4)   Post Evacuate Collection Set: 0.7ms
[2026-02-05T19:16:29.080+0000][2.842s][info ][gc,phases   ] GC(4)   Other: 0.6ms
[2026-02-05T19:16:29.080+0000][2.842s][info ][gc,heap     ] GC(4) Eden regions: 41->0(70)
[2026-02-05T19:16:29.080+0000][2.842s][info ][gc,heap     ] GC(4) Survivor regions: 4->5(10)
[2026-02-05T19:16:29.080+0000][2.842s][info ][gc,heap     ] GC(4) Old regions: 5->5
[2026-02-05T19:16:29.080+0000][2.842s][info ][gc,heap     ] GC(4) Archive regions: 2->2
[2026-02-05T19:16:29.081+0000][2.843s][info ][gc,heap     ] GC(4) Humongous regions: 0->0
[2026-02-05T19:16:29.081+0000][2.843s][info ][gc,metaspace] GC(4) Metaspace: 21277K(21504K)->21277K(21504K) NonClass: 18508K(18624K)->18508K(18624K) Class: 2769K(2880K)->2769K(2880K)
[2026-02-05T19:16:29.081+0000][2.843s][info ][gc          ] GC(4) Pause Young (Concurrent Start) (Metadata GC Threshold) 99M->20M(254M) 7.584ms
[2026-02-05T19:16:29.081+0000][2.843s][info ][gc,cpu      ] GC(4) User=0.03s Sys=0.01s Real=0.01s
[2026-02-05T19:16:29.082+0000][2.844s][info ][gc          ] GC(5) Concurrent Mark Cycle
[2026-02-05T19:16:29.082+0000][2.844s][info ][gc,marking  ] GC(5) Concurrent Clear Claimed Marks
[2026-02-05T19:16:29.082+0000][2.844s][info ][safepoint   ] Safepoint "CollectForMetadataAllocation", Time since last: 263029551 ns, Reaching safepoint: 409721 ns, Cleanup: 31902 ns, At safepoint: 8077219 ns, Total: 8518842 ns
[2026-02-05T19:16:29.082+0000][2.844s][info ][gc,marking  ] GC(5) Concurrent Clear Claimed Marks 0.206ms
[2026-02-05T19:16:29.082+0000][2.845s][info ][gc,marking  ] GC(5) Concurrent Scan Root Regions
[2026-02-05T19:16:29.085+0000][2.847s][info ][gc,marking  ] GC(5) Concurrent Scan Root Regions 2.797ms
[2026-02-05T19:16:29.086+0000][2.848s][info ][gc,marking  ] GC(5) Concurrent Mark
[2026-02-05T19:16:29.086+0000][2.848s][info ][gc,marking  ] GC(5) Concurrent Mark From Roots
[2026-02-05T19:16:29.086+0000][2.848s][info ][gc,task     ] GC(5) Using 3 workers of 3 for marking
[2026-02-05T19:16:29.090+0000][2.852s][info ][gc,marking  ] GC(5) Concurrent Mark From Roots 4.256ms
[2026-02-05T19:16:29.090+0000][2.852s][info ][gc,marking  ] GC(5) Concurrent Preclean
[2026-02-05T19:16:29.091+0000][2.853s][info ][gc,marking  ] GC(5) Concurrent Preclean 0.389ms
[2026-02-05T19:16:29.091+0000][2.853s][debug][safepoint   ] Safepoint synchronization initiated using futex wait barrier. (16 threads)
[2026-02-05T19:16:29.091+0000][2.853s][info ][gc,start    ] GC(5) Pause Remark
[2026-02-05T19:16:29.094+0000][2.856s][info ][gc          ] GC(5) Pause Remark 22M->22M(88M) 2.436ms
[2026-02-05T19:16:29.094+0000][2.856s][info ][gc,cpu      ] GC(5) User=0.01s Sys=0.00s Real=0.01s
[2026-02-05T19:16:29.094+0000][2.856s][info ][safepoint   ] Safepoint "G1PauseRemark", Time since last: 9310283 ns, Reaching safepoint: 262714 ns, Cleanup: 3000 ns, At safepoint: 2954053 ns, Total: 3219767 ns
[2026-02-05T19:16:29.094+0000][2.857s][info ][gc,marking  ] GC(5) Concurrent Mark 8.881ms
[2026-02-05T19:16:29.095+0000][2.857s][info ][gc,marking  ] GC(5) Concurrent Rebuild Remembered Sets
[2026-02-05T19:16:29.097+0000][2.859s][info ][gc,marking  ] GC(5) Concurrent Rebuild Remembered Sets 2.429ms
[2026-02-05T19:16:29.100+0000][2.862s][debug][safepoint   ] Safepoint synchronization initiated using futex wait barrier. (16 threads)
[2026-02-05T19:16:29.101+0000][2.863s][info ][gc,start    ] GC(5) Pause Cleanup
[2026-02-05T19:16:29.101+0000][2.863s][info ][gc          ] GC(5) Pause Cleanup 22M->22M(88M) 0.295ms
[2026-02-05T19:16:29.101+0000][2.863s][info ][gc,cpu      ] GC(5) User=0.00s Sys=0.00s Real=0.00s
[2026-02-05T19:16:29.101+0000][2.864s][info ][safepoint   ] Safepoint "G1PauseCleanup", Time since last: 3265470 ns, Reaching safepoint: 3285870 ns, Cleanup: 5300 ns, At safepoint: 783341 ns, Total: 4074511 ns
[2026-02-05T19:16:29.102+0000][2.864s][info ][gc,marking  ] GC(5) Concurrent Cleanup for Next Mark
[2026-02-05T19:16:29.102+0000][2.864s][info ][gc,marking  ] GC(5) Concurrent Cleanup for Next Mark 0.617ms
[2026-02-05T19:16:29.103+0000][2.865s][info ][gc          ] GC(5) Concurrent Mark Cycle 20.964ms
[2026-02-05T19:16:29.335+0000][3.097s][debug][safepoint   ] Safepoint synchronization initiated using futex wait barrier. (16 threads)
[2026-02-05T19:16:29.335+0000][3.097s][info ][gc,start    ] GC(6) Pause Young (Prepare Mixed) (G1 Preventive Collection)
[2026-02-05T19:16:29.335+0000][3.098s][info ][gc,task     ] GC(6) Using 5 workers of 10 for evacuation
[2026-02-05T19:16:29.343+0000][3.105s][info ][gc,phases   ] GC(6)   Pre Evacuate Collection Set: 0.1ms
[2026-02-05T19:16:29.343+0000][3.105s][info ][gc,phases   ] GC(6)   Merge Heap Roots: 0.1ms
[2026-02-05T19:16:29.343+0000][3.105s][info ][gc,phases   ] GC(6)   Evacuate Collection Set: 5.6ms
[2026-02-05T19:16:29.343+0000][3.105s][info ][gc,phases   ] GC(6)   Post Evacuate Collection Set: 1.1ms
[2026-02-05T19:16:29.343+0000][3.106s][info ][gc,phases   ] GC(6)   Other: 0.6ms
[2026-02-05T19:16:29.344+0000][3.106s][info ][gc,heap     ] GC(6) Eden regions: 24->0(1)
[2026-02-05T19:16:29.344+0000][3.106s][info ][gc,heap     ] GC(6) Survivor regions: 5->6(10)
[2026-02-05T19:16:29.344+0000][3.106s][info ][gc,heap     ] GC(6) Old regions: 5->5
[2026-02-05T19:16:29.344+0000][3.106s][info ][gc,heap     ] GC(6) Archive regions: 2->2
[2026-02-05T19:16:29.344+0000][3.106s][info ][gc,heap     ] GC(6) Humongous regions: 0->0
[2026-02-05T19:16:29.344+0000][3.107s][info ][gc,metaspace] GC(6) Metaspace: 23392K(23744K)->23392K(23744K) NonClass: 20345K(20544K)->20345K(20544K) Class: 3047K(3200K)->3047K(3200K)
[2026-02-05T19:16:29.345+0000][3.107s][info ][gc          ] GC(6) Pause Young (Prepare Mixed) (G1 Preventive Collection) 68M->22M(88M) 9.431ms
[2026-02-05T19:16:29.345+0000][3.107s][info ][gc,cpu      ] GC(6) User=0.05s Sys=0.01s Real=0.00s
[2026-02-05T19:16:29.345+0000][3.107s][info ][safepoint   ] Safepoint "G1CollectForAllocation", Time since last: 233030894 ns, Reaching safepoint: 509927 ns, Cleanup: 96605 ns, At safepoint: 9849711 ns, Total: 10456243 ns
[2026-02-05T19:16:29.352+0000][3.114s][debug][safepoint   ] Safepoint synchronization initiated using futex wait barrier. (16 threads)
[2026-02-05T19:16:29.352+0000][3.115s][info ][gc,start    ] GC(7) Pause Young (Mixed) (G1 Evacuation Pause)
[2026-02-05T19:16:29.353+0000][3.115s][info ][gc,task     ] GC(7) Using 4 workers of 10 for evacuation
[2026-02-05T19:16:29.362+0000][3.124s][info ][gc,phases   ] GC(7)   Pre Evacuate Collection Set: 0.1ms
[2026-02-05T19:16:29.362+0000][3.124s][info ][gc,phases   ] GC(7)   Merge Heap Roots: 0.1ms
[2026-02-05T19:16:29.362+0000][3.125s][info ][gc,phases   ] GC(7)   Evacuate Collection Set: 7.8ms
[2026-02-05T19:16:29.363+0000][3.125s][info ][gc,phases   ] GC(7)   Post Evacuate Collection Set: 1.1ms
[2026-02-05T19:16:29.363+0000][3.125s][info ][gc,phases   ] GC(7)   Other: 0.4ms
[2026-02-05T19:16:29.363+0000][3.125s][info ][gc,heap     ] GC(7) Eden regions: 1->0(28)
[2026-02-05T19:16:29.363+0000][3.125s][info ][gc,heap     ] GC(7) Survivor regions: 6->1(1)
[2026-02-05T19:16:29.363+0000][3.125s][info ][gc,heap     ] GC(7) Old regions: 5->10
[2026-02-05T19:16:29.363+0000][3.125s][info ][gc,heap     ] GC(7) Archive regions: 2->2
[2026-02-05T19:16:29.363+0000][3.126s][info ][gc,heap     ] GC(7) Humongous regions: 0->0
[2026-02-05T19:16:29.364+0000][3.126s][info ][gc,metaspace] GC(7) Metaspace: 23458K(23744K)->23458K(23744K) NonClass: 20403K(20544K)->20403K(20544K) Class: 3054K(3200K)->3054K(3200K)
[2026-02-05T19:16:29.364+0000][3.126s][info ][gc          ] GC(7) Pause Young (Mixed) (G1 Evacuation Pause) 24M->23M(106M) 11.313ms
[2026-02-05T19:16:29.364+0000][3.126s][info ][gc,cpu      ] GC(7) User=0.07s Sys=0.01s Real=0.01s
[2026-02-05T19:16:29.364+0000][3.126s][info ][safepoint   ] Safepoint "G1CollectForAllocation", Time since last: 7197273 ns, Reaching safepoint: 289215 ns, Cleanup: 11101 ns, At safepoint: 11697607 ns, Total: 11997923 ns
[2026-02-05T19:16:29.591+0000][3.353s][debug][safepoint   ] Safepoint synchronization initiated using futex wait barrier. (15 threads)
[2026-02-05T19:16:29.591+0000][3.354s][info ][gc,start    ] GC(8) Pause Young (Normal) (G1 Evacuation Pause)
[2026-02-05T19:16:29.592+0000][3.354s][info ][gc,task     ] GC(8) Using 3 workers of 10 for evacuation
[2026-02-05T19:16:29.596+0000][3.358s][info ][gc,phases   ] GC(8)   Pre Evacuate Collection Set: 0.1ms
[2026-02-05T19:16:29.596+0000][3.358s][info ][gc,phases   ] GC(8)   Merge Heap Roots: 0.1ms
[2026-02-05T19:16:29.596+0000][3.358s][info ][gc,phases   ] GC(8)   Evacuate Collection Set: 2.7ms
[2026-02-05T19:16:29.596+0000][3.358s][info ][gc,phases   ] GC(8)   Post Evacuate Collection Set: 0.7ms
[2026-02-05T19:16:29.597+0000][3.359s][info ][gc,phases   ] GC(8)   Other: 0.6ms
[2026-02-05T19:16:29.597+0000][3.359s][info ][gc,heap     ] GC(8) Eden regions: 28->0(26)
[2026-02-05T19:16:29.597+0000][3.359s][info ][gc,heap     ] GC(8) Survivor regions: 1->3(4)
[2026-02-05T19:16:29.597+0000][3.359s][info ][gc,heap     ] GC(8) Old regions: 10->10
[2026-02-05T19:16:29.597+0000][3.359s][info ][gc,heap     ] GC(8) Archive regions: 2->2
[2026-02-05T19:16:29.598+0000][3.360s][info ][gc,heap     ] GC(8) Humongous regions: 0->0
[2026-02-05T19:16:29.598+0000][3.360s][info ][gc,metaspace] GC(8) Metaspace: 24479K(24768K)->24479K(24768K) NonClass: 21305K(21440K)->21305K(21440K) Class: 3173K(3328K)->3173K(3328K)
[2026-02-05T19:16:29.598+0000][3.360s][info ][gc          ] GC(8) Pause Young (Normal) (G1 Evacuation Pause) 79M->26M(106M) 6.683ms
[2026-02-05T19:16:29.598+0000][3.360s][info ][gc,cpu      ] GC(8) User=0.02s Sys=0.00s Real=0.01s
[2026-02-05T19:16:29.599+0000][3.361s][info ][safepoint   ] Safepoint "G1CollectForAllocation", Time since last: 226763773 ns, Reaching safepoint: 344018 ns, Cleanup: 61603 ns, At safepoint: 7255878 ns, Total: 7661499 ns
[2026-02-05T19:16:29.709+0000][3.471s][debug][safepoint   ] Safepoint synchronization initiated using futex wait barrier. (15 threads)
[2026-02-05T19:16:29.710+0000][3.472s][info ][gc,start    ] GC(9) Pause Young (Normal) (G1 Evacuation Pause)
[2026-02-05T19:16:29.710+0000][3.472s][info ][gc,task     ] GC(9) Using 2 workers of 10 for evacuation
[2026-02-05T19:16:29.722+0000][3.484s][info ][gc,phases   ] GC(9)   Pre Evacuate Collection Set: 0.2ms
[2026-02-05T19:16:29.722+0000][3.484s][info ][gc,phases   ] GC(9)   Merge Heap Roots: 0.2ms
[2026-02-05T19:16:29.722+0000][3.484s][info ][gc,phases   ] GC(9)   Evacuate Collection Set: 9.8ms
[2026-02-05T19:16:29.723+0000][3.485s][info ][gc,phases   ] GC(9)   Post Evacuate Collection Set: 1.2ms
[2026-02-05T19:16:29.723+0000][3.485s][info ][gc,phases   ] GC(9)   Other: 0.6ms
[2026-02-05T19:16:29.723+0000][3.485s][info ][gc,heap     ] GC(9) Eden regions: 26->0(23)
[2026-02-05T19:16:29.723+0000][3.485s][info ][gc,heap     ] GC(9) Survivor regions: 3->4(4)
[2026-02-05T19:16:29.724+0000][3.486s][info ][gc,heap     ] GC(9) Old regions: 10->12
[2026-02-05T19:16:29.724+0000][3.486s][info ][gc,heap     ] GC(9) Archive regions: 2->2
[2026-02-05T19:16:29.724+0000][3.486s][info ][gc,heap     ] GC(9) Humongous regions: 0->0
[2026-02-05T19:16:29.724+0000][3.487s][info ][gc,metaspace] GC(9) Metaspace: 24523K(24896K)->24523K(24896K) NonClass: 21338K(21504K)->21338K(21504K) Class: 3185K(3392K)->3185K(3392K)
[2026-02-05T19:16:29.725+0000][3.487s][info ][gc          ] GC(9) Pause Young (Normal) (G1 Evacuation Pause) 78M->32M(106M) 15.144ms
[2026-02-05T19:16:29.725+0000][3.487s][info ][gc,cpu      ] GC(9) User=0.06s Sys=0.01s Real=0.01s
[2026-02-05T19:16:29.725+0000][3.487s][info ][safepoint   ] Safepoint "G1CollectForAllocation", Time since last: 110606648 ns, Reaching safepoint: 430122 ns, Cleanup: 19401 ns, At safepoint: 15601011 ns, Total: 16050534 ns
[2026-02-05T19:16:29.821+0000][3.583s][debug][safepoint   ] Safepoint synchronization initiated using futex wait barrier. (15 threads)
[2026-02-05T19:16:29.821+0000][3.583s][info ][gc,start    ] GC(10) Pause Young (Normal) (G1 Evacuation Pause)
[2026-02-05T19:16:29.821+0000][3.583s][info ][gc,task     ] GC(10) Using 2 workers of 10 for evacuation
[2026-02-05T19:16:29.833+0000][3.595s][info ][gc,phases   ] GC(10)   Pre Evacuate Collection Set: 0.1ms
[2026-02-05T19:16:29.833+0000][3.595s][info ][gc,phases   ] GC(10)   Merge Heap Roots: 0.1ms
[2026-02-05T19:16:29.834+0000][3.596s][info ][gc,phases   ] GC(10)   Evacuate Collection Set: 10.6ms
[2026-02-05T19:16:29.834+0000][3.596s][info ][gc,phases   ] GC(10)   Post Evacuate Collection Set: 0.9ms
[2026-02-05T19:16:29.834+0000][3.596s][info ][gc,phases   ] GC(10)   Other: 0.4ms
[2026-02-05T19:16:29.834+0000][3.596s][info ][gc,heap     ] GC(10) Eden regions: 23->0(20)
[2026-02-05T19:16:29.834+0000][3.596s][info ][gc,heap     ] GC(10) Survivor regions: 4->3(4)
[2026-02-05T19:16:29.834+0000][3.597s][info ][gc,heap     ] GC(10) Old regions: 12->16
[2026-02-05T19:16:29.835+0000][3.597s][info ][gc,heap     ] GC(10) Archive regions: 2->2
[2026-02-05T19:16:29.835+0000][3.597s][info ][gc,heap     ] GC(10) Humongous regions: 0->0
[2026-02-05T19:16:29.835+0000][3.597s][info ][gc,metaspace] GC(10) Metaspace: 24564K(24960K)->24564K(24960K) NonClass: 21374K(21568K)->21374K(21568K) Class: 3189K(3392K)->3189K(3392K)
[2026-02-05T19:16:29.835+0000][3.597s][info ][gc          ] GC(10) Pause Young (Normal) (G1 Evacuation Pause) 78M->38M(106M) 14.001ms
[2026-02-05T19:16:29.835+0000][3.597s][info ][gc,cpu      ] GC(10) User=0.04s Sys=0.00s Real=0.02s
[2026-02-05T19:16:29.835+0000][3.597s][info ][safepoint   ] Safepoint "G1CollectForAllocation", Time since last: 95375557 ns, Reaching safepoint: 273114 ns, Cleanup: 16101 ns, At safepoint: 14365647 ns, Total: 14654862 ns
[2026-02-05T19:16:29.947+0000][3.709s][debug][safepoint   ] Safepoint synchronization initiated using futex wait barrier. (15 threads)
[2026-02-05T19:16:29.948+0000][3.710s][info ][gc,start    ] GC(11) Pause Young (Normal) (G1 Evacuation Pause)
[2026-02-05T19:16:29.948+0000][3.710s][info ][gc,task     ] GC(11) Using 2 workers of 10 for evacuation
[2026-02-05T19:16:29.958+0000][3.720s][info ][gc,phases   ] GC(11)   Pre Evacuate Collection Set: 0.1ms
[2026-02-05T19:16:29.958+0000][3.720s][info ][gc,phases   ] GC(11)   Merge Heap Roots: 0.1ms
[2026-02-05T19:16:29.958+0000][3.720s][info ][gc,phases   ] GC(11)   Evacuate Collection Set: 7.7ms
[2026-02-05T19:16:29.958+0000][3.721s][info ][gc,phases   ] GC(11)   Post Evacuate Collection Set: 1.6ms
[2026-02-05T19:16:29.959+0000][3.721s][info ][gc,phases   ] GC(11)   Other: 0.6ms
[2026-02-05T19:16:29.959+0000][3.721s][info ][gc,heap     ] GC(11) Eden regions: 20->0(69)
[2026-02-05T19:16:29.959+0000][3.722s][info ][gc,heap     ] GC(11) Survivor regions: 3->2(3)
[2026-02-05T19:16:29.960+0000][3.722s][info ][gc,heap     ] GC(11) Old regions: 16->19
[2026-02-05T19:16:29.960+0000][3.722s][info ][gc,heap     ] GC(11) Archive regions: 2->2
[2026-02-05T19:16:29.960+0000][3.722s][info ][gc,heap     ] GC(11) Humongous regions: 0->0
[2026-02-05T19:16:29.960+0000][3.722s][info ][gc,metaspace] GC(11) Metaspace: 24690K(25088K)->24690K(25088K) NonClass: 21474K(21696K)->21474K(21696K) Class: 3215K(3392K)->3215K(3392K)
[2026-02-05T19:16:29.961+0000][3.723s][info ][gc          ] GC(11) Pause Young (Normal) (G1 Evacuation Pause) 78M->42M(244M) 12.977ms
[2026-02-05T19:16:29.961+0000][3.723s][info ][gc,cpu      ] GC(11) User=0.05s Sys=0.01s Real=0.01s
[2026-02-05T19:16:29.961+0000][3.723s][info ][safepoint   ] Safepoint "G1CollectForAllocation", Time since last: 111848613 ns, Reaching safepoint: 330417 ns, Cleanup: 42902 ns, At safepoint: 13451499 ns, Total: 13824818 ns
[2026-02-05T19:16:30.013+0000][3.775s][debug][safepoint   ] ... found polling page loop exception at pc = 0x000079151121b91d, stub =0x0000791510b10400
[2026-02-05T19:16:30.177+0000][3.939s][debug][safepoint   ] ... found polling page loop exception at pc = 0x000079151116677c, stub =0x0000791510b10400
[2026-02-05T19:16:30.268+0000][4.030s][debug][safepoint   ] Safepoint synchronization initiated using futex wait barrier. (15 threads)
[2026-02-05T19:16:30.269+0000][4.031s][info ][safepoint   ] Safepoint "ICBufferFull", Time since last: 307200467 ns, Reaching safepoint: 555528 ns, Cleanup: 106506 ns, At safepoint: 22701 ns, Total: 684735 ns
[2026-02-05T19:16:30.672+0000][4.435s][debug][safepoint   ] Safepoint synchronization initiated using futex wait barrier. (15 threads)
[2026-02-05T19:16:30.673+0000][4.435s][info ][gc,start    ] GC(12) Pause Young (Normal) (G1 Evacuation Pause)
[2026-02-05T19:16:30.673+0000][4.435s][info ][gc,task     ] GC(12) Using 5 workers of 10 for evacuation
[2026-02-05T19:16:30.683+0000][4.445s][info ][gc,phases   ] GC(12)   Pre Evacuate Collection Set: 0.1ms
[2026-02-05T19:16:30.683+0000][4.445s][info ][gc,phases   ] GC(12)   Merge Heap Roots: 0.1ms
[2026-02-05T19:16:30.683+0000][4.445s][info ][gc,phases   ] GC(12)   Evacuate Collection Set: 8.2ms
[2026-02-05T19:16:30.683+0000][4.446s][info ][gc,phases   ] GC(12)   Post Evacuate Collection Set: 1.1ms
[2026-02-05T19:16:30.684+0000][4.446s][info ][gc,phases   ] GC(12)   Other: 0.5ms
[2026-02-05T19:16:30.684+0000][4.446s][info ][gc,heap     ] GC(12) Eden regions: 69->0(66)
[2026-02-05T19:16:30.684+0000][4.446s][info ][gc,heap     ] GC(12) Survivor regions: 2->7(9)
[2026-02-05T19:16:30.684+0000][4.446s][info ][gc,heap     ] GC(12) Old regions: 19->19
[2026-02-05T19:16:30.684+0000][4.446s][info ][gc,heap     ] GC(12) Archive regions: 2->2
[2026-02-05T19:16:30.684+0000][4.447s][info ][gc,heap     ] GC(12) Humongous regions: 0->0
[2026-02-05T19:16:30.685+0000][4.447s][info ][gc,metaspace] GC(12) Metaspace: 25172K(25536K)->25172K(25536K) NonClass: 21918K(22080K)->21918K(22080K) Class: 3254K(3456K)->3254K(3456K)
[2026-02-05T19:16:30.685+0000][4.447s][info ][gc          ] GC(12) Pause Young (Normal) (G1 Evacuation Pause) 180M->51M(244M) 11.946ms
[2026-02-05T19:16:30.685+0000][4.447s][info ][gc,cpu      ] GC(12) User=0.06s Sys=0.00s Real=0.01s
[2026-02-05T19:16:30.685+0000][4.447s][info ][safepoint   ] Safepoint "G1CollectForAllocation", Time since last: 403558874 ns, Reaching safepoint: 291915 ns, Cleanup: 77004 ns, At safepoint: 12287539 ns, Total: 12656458 ns
[2026-02-05T19:16:31.104+0000][4.866s][debug][safepoint   ] Safepoint synchronization initiated using futex wait barrier. (16 threads)
[2026-02-05T19:16:31.104+0000][4.866s][info ][gc,start    ] GC(13) Pause Young (Normal) (G1 Evacuation Pause)
[2026-02-05T19:16:31.105+0000][4.867s][info ][gc,task     ] GC(13) Using 5 workers of 10 for evacuation
[2026-02-05T19:16:31.112+0000][4.874s][info ][gc,phases   ] GC(13)   Pre Evacuate Collection Set: 0.1ms
[2026-02-05T19:16:31.113+0000][4.875s][info ][gc,phases   ] GC(13)   Merge Heap Roots: 0.1ms
[2026-02-05T19:16:31.113+0000][4.875s][info ][gc,phases   ] GC(13)   Evacuate Collection Set: 6.1ms
[2026-02-05T19:16:31.113+0000][4.876s][info ][gc,phases   ] GC(13)   Post Evacuate Collection Set: 1.1ms
[2026-02-05T19:16:31.114+0000][4.876s][info ][gc,phases   ] GC(13)   Other: 0.7ms
[2026-02-05T19:16:31.114+0000][4.876s][info ][gc,heap     ] GC(13) Eden regions: 66->0(66)
[2026-02-05T19:16:31.114+0000][4.876s][info ][gc,heap     ] GC(13) Survivor regions: 7->7(10)
[2026-02-05T19:16:31.115+0000][4.877s][info ][gc,heap     ] GC(13) Old regions: 19->20
[2026-02-05T19:16:31.115+0000][4.877s][info ][gc,heap     ] GC(13) Archive regions: 2->2
[2026-02-05T19:16:31.115+0000][4.877s][info ][gc,heap     ] GC(13) Humongous regions: 0->0
[2026-02-05T19:16:31.115+0000][4.878s][info ][gc,metaspace] GC(13) Metaspace: 25953K(26304K)->25953K(26304K) NonClass: 22632K(22784K)->22632K(22784K) Class: 3320K(3520K)->3320K(3520K)
[2026-02-05T19:16:31.116+0000][4.878s][info ][gc          ] GC(13) Pause Young (Normal) (G1 Evacuation Pause) 183M->55M(244M) 11.414ms
[2026-02-05T19:16:31.116+0000][4.878s][info ][gc,cpu      ] GC(13) User=0.05s Sys=0.00s Real=0.02s
[2026-02-05T19:16:31.116+0000][4.878s][info ][safepoint   ] Safepoint "G1CollectForAllocation", Time since last: 418689260 ns, Reaching safepoint: 409922 ns, Cleanup: 39202 ns, At safepoint: 12029625 ns, Total: 12478749 ns
[2026-02-05T19:16:31.430+0000][5.192s][debug][safepoint   ] Safepoint synchronization initiated using futex wait barrier. (15 threads)
[2026-02-05T19:16:31.431+0000][5.193s][info ][gc,start    ] GC(14) Pause Young (Normal) (G1 Evacuation Pause)
[2026-02-05T19:16:31.431+0000][5.193s][info ][gc,task     ] GC(14) Using 5 workers of 10 for evacuation
[2026-02-05T19:16:31.439+0000][5.201s][info ][gc,phases   ] GC(14)   Pre Evacuate Collection Set: 0.2ms
[2026-02-05T19:16:31.439+0000][5.201s][info ][gc,phases   ] GC(14)   Merge Heap Roots: 0.1ms
[2026-02-05T19:16:31.439+0000][5.202s][info ][gc,phases   ] GC(14)   Evacuate Collection Set: 5.4ms
[2026-02-05T19:16:31.440+0000][5.202s][info ][gc,phases   ] GC(14)   Post Evacuate Collection Set: 1.5ms
[2026-02-05T19:16:31.440+0000][5.202s][info ][gc,phases   ] GC(14)   Other: 0.6ms
[2026-02-05T19:16:31.440+0000][5.202s][info ][gc,heap     ] GC(14) Eden regions: 66->0(68)
[2026-02-05T19:16:31.440+0000][5.202s][info ][gc,heap     ] GC(14) Survivor regions: 7->3(10)
[2026-02-05T19:16:31.441+0000][5.203s][info ][gc,heap     ] GC(14) Old regions: 20->25
[2026-02-05T19:16:31.441+0000][5.203s][info ][gc,heap     ] GC(14) Archive regions: 2->2
[2026-02-05T19:16:31.441+0000][5.203s][info ][gc,heap     ] GC(14) Humongous regions: 0->0
[2026-02-05T19:16:31.441+0000][5.203s][info ][gc,metaspace] GC(14) Metaspace: 26963K(27328K)->26963K(27328K) NonClass: 23557K(23744K)->23557K(23744K) Class: 3405K(3584K)->3405K(3584K)
[2026-02-05T19:16:31.441+0000][5.203s][info ][gc          ] GC(14) Pause Young (Normal) (G1 Evacuation Pause) 187M->57M(244M) 10.409ms
[2026-02-05T19:16:31.441+0000][5.204s][info ][gc,cpu      ] GC(14) User=0.03s Sys=0.00s Real=0.01s
[2026-02-05T19:16:31.442+0000][5.204s][info ][safepoint   ] Safepoint "G1CollectForAllocation", Time since last: 314090924 ns, Reaching safepoint: 509527 ns, Cleanup: 26301 ns, At safepoint: 10797161 ns, Total: 11332989 ns
[2026-02-05T19:16:32.034+0000][5.796s][debug][safepoint   ] Safepoint synchronization initiated using futex wait barrier. (15 threads)
[2026-02-05T19:16:32.035+0000][5.797s][info ][gc,start    ] GC(15) Pause Young (Normal) (G1 Evacuation Pause)
[2026-02-05T19:16:32.035+0000][5.797s][info ][gc,task     ] GC(15) Using 5 workers of 10 for evacuation
[2026-02-05T19:16:32.041+0000][5.803s][info ][gc,phases   ] GC(15)   Pre Evacuate Collection Set: 0.1ms
[2026-02-05T19:16:32.041+0000][5.803s][info ][gc,phases   ] GC(15)   Merge Heap Roots: 0.1ms
[2026-02-05T19:16:32.042+0000][5.804s][info ][gc,phases   ] GC(15)   Evacuate Collection Set: 3.6ms
[2026-02-05T19:16:32.042+0000][5.804s][info ][gc,phases   ] GC(15)   Post Evacuate Collection Set: 1.8ms
[2026-02-05T19:16:32.042+0000][5.804s][info ][gc,phases   ] GC(15)   Other: 0.6ms
[2026-02-05T19:16:32.042+0000][5.804s][info ][gc,heap     ] GC(15) Eden regions: 68->0(90)
[2026-02-05T19:16:32.042+0000][5.804s][info ][gc,heap     ] GC(15) Survivor regions: 3->4(9)
[2026-02-05T19:16:32.043+0000][5.805s][info ][gc,heap     ] GC(15) Old regions: 25->25
[2026-02-05T19:16:32.043+0000][5.805s][info ][gc,heap     ] GC(15) Archive regions: 2->2
[2026-02-05T19:16:32.043+0000][5.805s][info ][gc,heap     ] GC(15) Humongous regions: 0->0
[2026-02-05T19:16:32.043+0000][5.805s][info ][gc,metaspace] GC(15) Metaspace: 33623K(33984K)->33623K(33984K) NonClass: 29469K(29632K)->29469K(29632K) Class: 4153K(4352K)->4153K(4352K)
[2026-02-05T19:16:32.043+0000][5.805s][info ][gc          ] GC(15) Pause Young (Normal) (G1 Evacuation Pause) 193M->58M(316M) 8.522ms
[2026-02-05T19:16:32.043+0000][5.806s][info ][gc,cpu      ] GC(15) User=0.04s Sys=0.00s Real=0.00s
[2026-02-05T19:16:32.044+0000][5.806s][info ][safepoint   ] Safepoint "G1CollectForAllocation", Time since last: 592542196 ns, Reaching safepoint: 335618 ns, Cleanup: 161308 ns, At safepoint: 8945765 ns, Total: 9442691 ns
[2026-02-05T19:16:32.643+0000][6.405s][debug][safepoint   ] Safepoint synchronization initiated using futex wait barrier. (15 threads)
[2026-02-05T19:16:32.643+0000][6.406s][info ][safepoint   ] Safepoint "ICBufferFull", Time since last: 599260045 ns, Reaching safepoint: 458624 ns, Cleanup: 104205 ns, At safepoint: 20302 ns, Total: 583131 ns
[2026-02-05T19:16:32.854+0000][6.616s][debug][safepoint   ] Safepoint synchronization initiated using futex wait barrier. (15 threads)
[2026-02-05T19:16:32.855+0000][6.617s][info ][gc,start    ] GC(16) Pause Young (Concurrent Start) (Metadata GC Threshold)
[2026-02-05T19:16:32.855+0000][6.617s][info ][gc,task     ] GC(16) Using 7 workers of 10 for evacuation
[2026-02-05T19:16:32.861+0000][6.623s][info ][gc,phases   ] GC(16)   Pre Evacuate Collection Set: 0.2ms
[2026-02-05T19:16:32.862+0000][6.624s][info ][gc,phases   ] GC(16)   Merge Heap Roots: 0.1ms
[2026-02-05T19:16:32.862+0000][6.624s][info ][gc,phases   ] GC(16)   Evacuate Collection Set: 4.2ms
[2026-02-05T19:16:32.862+0000][6.624s][info ][gc,phases   ] GC(16)   Post Evacuate Collection Set: 1.4ms
[2026-02-05T19:16:32.863+0000][6.625s][info ][gc,phases   ] GC(16)   Other: 0.8ms
[2026-02-05T19:16:32.863+0000][6.625s][info ][gc,heap     ] GC(16) Eden regions: 82->0(89)
[2026-02-05T19:16:32.863+0000][6.625s][info ][gc,heap     ] GC(16) Survivor regions: 4->5(12)
[2026-02-05T19:16:32.863+0000][6.625s][info ][gc,heap     ] GC(16) Old regions: 25->25
[2026-02-05T19:16:32.863+0000][6.625s][info ][gc,heap     ] GC(16) Archive regions: 2->2
[2026-02-05T19:16:32.864+0000][6.626s][info ][gc,heap     ] GC(16) Humongous regions: 0->0
[2026-02-05T19:16:32.864+0000][6.626s][info ][gc,metaspace] GC(16) Metaspace: 36010K(36416K)->36010K(36416K) NonClass: 31546K(31744K)->31546K(31744K) Class: 4464K(4672K)->4464K(4672K)
[2026-02-05T19:16:32.864+0000][6.626s][info ][gc          ] GC(16) Pause Young (Concurrent Start) (Metadata GC Threshold) 222M->60M(316M) 9.224ms
[2026-02-05T19:16:32.864+0000][6.626s][info ][gc,cpu      ] GC(16) User=0.03s Sys=0.00s Real=0.00s
[2026-02-05T19:16:32.864+0000][6.626s][info ][gc          ] GC(17) Concurrent Mark Cycle
[2026-02-05T19:16:32.864+0000][6.626s][info ][safepoint   ] Safepoint "CollectForMetadataAllocation", Time since last: 210422036 ns, Reaching safepoint: 545028 ns, Cleanup: 121606 ns, At safepoint: 9721506 ns, Total: 10388140 ns
[2026-02-05T19:16:32.864+0000][6.627s][info ][gc,marking  ] GC(17) Concurrent Clear Claimed Marks
[2026-02-05T19:16:32.865+0000][6.627s][info ][gc,marking  ] GC(17) Concurrent Clear Claimed Marks 0.754ms
[2026-02-05T19:16:32.866+0000][6.628s][info ][gc,marking  ] GC(17) Concurrent Scan Root Regions
[2026-02-05T19:16:32.868+0000][6.630s][info ][gc,marking  ] GC(17) Concurrent Scan Root Regions 2.522ms
[2026-02-05T19:16:32.868+0000][6.630s][info ][gc,marking  ] GC(17) Concurrent Mark
[2026-02-05T19:16:32.869+0000][6.631s][info ][gc,marking  ] GC(17) Concurrent Mark From Roots
[2026-02-05T19:16:32.869+0000][6.631s][info ][gc,task     ] GC(17) Using 3 workers of 3 for marking
[2026-02-05T19:16:32.893+0000][6.655s][info ][gc,marking  ] GC(17) Concurrent Mark From Roots 24.159ms
[2026-02-05T19:16:32.893+0000][6.655s][info ][gc,marking  ] GC(17) Concurrent Preclean
[2026-02-05T19:16:32.894+0000][6.656s][info ][gc,marking  ] GC(17) Concurrent Preclean 0.475ms
[2026-02-05T19:16:32.894+0000][6.656s][debug][safepoint   ] Safepoint synchronization initiated using futex wait barrier. (15 threads)
[2026-02-05T19:16:32.895+0000][6.657s][info ][gc,start    ] GC(17) Pause Remark
[2026-02-05T19:16:32.897+0000][6.659s][info ][gc          ] GC(17) Pause Remark 65M->65M(234M) 2.814ms
[2026-02-05T19:16:32.898+0000][6.660s][info ][gc,cpu      ] GC(17) User=0.01s Sys=0.00s Real=0.00s
[2026-02-05T19:16:32.898+0000][6.660s][info ][safepoint   ] Safepoint "G1PauseRemark", Time since last: 29815849 ns, Reaching safepoint: 390921 ns, Cleanup: 25101 ns, At safepoint: 3382976 ns, Total: 3798998 ns
[2026-02-05T19:16:32.898+0000][6.660s][info ][gc,marking  ] GC(17) Concurrent Mark 29.811ms
[2026-02-05T19:16:32.898+0000][6.660s][info ][gc,marking  ] GC(17) Concurrent Rebuild Remembered Sets
[2026-02-05T19:16:32.910+0000][6.672s][info ][gc,marking  ] GC(17) Concurrent Rebuild Remembered Sets 11.409ms
[2026-02-05T19:16:32.910+0000][6.672s][debug][safepoint   ] Safepoint synchronization initiated using futex wait barrier. (15 threads)
[2026-02-05T19:16:32.911+0000][6.673s][info ][gc,start    ] GC(17) Pause Cleanup
[2026-02-05T19:16:32.911+0000][6.673s][info ][gc          ] GC(17) Pause Cleanup 67M->67M(234M) 0.367ms
[2026-02-05T19:16:32.911+0000][6.673s][info ][gc,cpu      ] GC(17) User=0.00s Sys=0.00s Real=0.00s
[2026-02-05T19:16:32.912+0000][6.674s][info ][safepoint   ] Safepoint "G1PauseCleanup", Time since last: 12219535 ns, Reaching safepoint: 437223 ns, Cleanup: 3200 ns, At safepoint: 973750 ns, Total: 1414173 ns
[2026-02-05T19:16:32.912+0000][6.674s][info ][gc,marking  ] GC(17) Concurrent Cleanup for Next Mark
[2026-02-05T19:16:32.913+0000][6.675s][info ][gc,marking  ] GC(17) Concurrent Cleanup for Next Mark 1.304ms
[2026-02-05T19:16:32.914+0000][6.676s][info ][gc          ] GC(17) Concurrent Mark Cycle 49.329ms
[2026-02-05T19:16:33.408+0000][7.171s][debug][safepoint   ] Safepoint synchronization initiated using futex wait barrier. (15 threads)
[2026-02-05T19:16:33.409+0000][7.171s][info ][gc,start    ] GC(18) Pause Young (Prepare Mixed) (G1 Evacuation Pause)
[2026-02-05T19:16:33.409+0000][7.171s][info ][gc,task     ] GC(18) Using 6 workers of 10 for evacuation
[2026-02-05T19:16:33.414+0000][7.176s][info ][gc,phases   ] GC(18)   Pre Evacuate Collection Set: 0.2ms
[2026-02-05T19:16:33.414+0000][7.177s][info ][gc,phases   ] GC(18)   Merge Heap Roots: 0.1ms
[2026-02-05T19:16:33.415+0000][7.177s][info ][gc,phases   ] GC(18)   Evacuate Collection Set: 3.3ms
[2026-02-05T19:16:33.415+0000][7.177s][info ][gc,phases   ] GC(18)   Post Evacuate Collection Set: 1.2ms
[2026-02-05T19:16:33.415+0000][7.177s][info ][gc,phases   ] GC(18)   Other: 0.5ms
[2026-02-05T19:16:33.415+0000][7.177s][info ][gc,heap     ] GC(18) Eden regions: 65->0(1)
[2026-02-05T19:16:33.415+0000][7.178s][info ][gc,heap     ] GC(18) Survivor regions: 5->5(9)
[2026-02-05T19:16:33.416+0000][7.178s][info ][gc,heap     ] GC(18) Old regions: 25->25
[2026-02-05T19:16:33.416+0000][7.178s][info ][gc,heap     ] GC(18) Archive regions: 2->2
[2026-02-05T19:16:33.416+0000][7.178s][info ][gc,heap     ] GC(18) Humongous regions: 0->0
[2026-02-05T19:16:33.416+0000][7.178s][info ][gc,metaspace] GC(18) Metaspace: 39023K(39424K)->39023K(39424K) NonClass: 34106K(34304K)->34106K(34304K) Class: 4917K(5120K)->4917K(5120K)
[2026-02-05T19:16:33.416+0000][7.178s][info ][gc          ] GC(18) Pause Young (Prepare Mixed) (G1 Evacuation Pause) 190M->60M(234M) 7.306ms
[2026-02-05T19:16:33.416+0000][7.178s][info ][gc,cpu      ] GC(18) User=0.03s Sys=0.00s Real=0.01s
[2026-02-05T19:16:33.416+0000][7.179s][info ][safepoint   ] Safepoint "G1CollectForAllocation", Time since last: 496858923 ns, Reaching safepoint: 262814 ns, Cleanup: 82004 ns, At safepoint: 7678899 ns, Total: 8023717 ns
[2026-02-05T19:16:33.427+0000][7.189s][debug][safepoint   ] Safepoint synchronization initiated using futex wait barrier. (15 threads)
[2026-02-05T19:16:33.427+0000][7.190s][info ][gc,start    ] GC(19) Pause Young (Mixed) (G1 Evacuation Pause)
[2026-02-05T19:16:33.428+0000][7.190s][info ][gc,task     ] GC(19) Using 5 workers of 10 for evacuation
[2026-02-05T19:16:33.433+0000][7.195s][info ][gc,phases   ] GC(19)   Pre Evacuate Collection Set: 0.2ms
[2026-02-05T19:16:33.433+0000][7.196s][info ][gc,phases   ] GC(19)   Merge Heap Roots: 0.2ms
[2026-02-05T19:16:33.434+0000][7.196s][info ][gc,phases   ] GC(19)   Evacuate Collection Set: 3.8ms
[2026-02-05T19:16:33.434+0000][7.196s][info ][gc,phases   ] GC(19)   Post Evacuate Collection Set: 0.8ms
[2026-02-05T19:16:33.434+0000][7.196s][info ][gc,phases   ] GC(19)   Other: 0.7ms
[2026-02-05T19:16:33.434+0000][7.196s][info ][gc,heap     ] GC(19) Eden regions: 1->0(66)
[2026-02-05T19:16:33.435+0000][7.197s][info ][gc,heap     ] GC(19) Survivor regions: 5->1(1)
[2026-02-05T19:16:33.435+0000][7.197s][info ][gc,heap     ] GC(19) Old regions: 25->29
[2026-02-05T19:16:33.435+0000][7.197s][info ][gc,heap     ] GC(19) Archive regions: 2->2
[2026-02-05T19:16:33.435+0000][7.197s][info ][gc,heap     ] GC(19) Humongous regions: 0->0
[2026-02-05T19:16:33.435+0000][7.198s][info ][gc,metaspace] GC(19) Metaspace: 39087K(39488K)->39087K(39488K) NonClass: 34162K(34368K)->34162K(34368K) Class: 4925K(5120K)->4925K(5120K)
[2026-02-05T19:16:33.436+0000][7.198s][info ][gc          ] GC(19) Pause Young (Mixed) (G1 Evacuation Pause) 62M->60M(234M) 8.043ms
[2026-02-05T19:16:33.436+0000][7.198s][info ][gc,cpu      ] GC(19) User=0.03s Sys=0.00s Real=0.01s
[2026-02-05T19:16:33.436+0000][7.198s][info ][safepoint   ] Safepoint "G1CollectForAllocation", Time since last: 10520447 ns, Reaching safepoint: 510127 ns, Cleanup: 13700 ns, At safepoint: 8378236 ns, Total: 8902063 ns
[2026-02-05T19:16:34.175+0000][7.937s][debug][safepoint   ] Safepoint synchronization initiated using futex wait barrier. (15 threads)
[2026-02-05T19:16:34.175+0000][7.937s][info ][gc,start    ] GC(20) Pause Young (Normal) (G1 Evacuation Pause)
[2026-02-05T19:16:34.175+0000][7.938s][info ][gc,task     ] GC(20) Using 5 workers of 10 for evacuation
[2026-02-05T19:16:34.178+0000][7.940s][info ][gc,phases   ] GC(20)   Pre Evacuate Collection Set: 0.1ms
[2026-02-05T19:16:34.178+0000][7.941s][info ][gc,phases   ] GC(20)   Merge Heap Roots: 0.1ms
[2026-02-05T19:16:34.179+0000][7.941s][info ][gc,phases   ] GC(20)   Evacuate Collection Set: 1.6ms
[2026-02-05T19:16:34.179+0000][7.941s][info ][gc,phases   ] GC(20)   Post Evacuate Collection Set: 0.7ms
[2026-02-05T19:16:34.179+0000][7.941s][info ][gc,phases   ] GC(20)   Other: 0.5ms
[2026-02-05T19:16:34.179+0000][7.941s][info ][gc,heap     ] GC(20) Eden regions: 66->0(66)
[2026-02-05T19:16:34.179+0000][7.941s][info ][gc,heap     ] GC(20) Survivor regions: 1->2(9)
[2026-02-05T19:16:34.180+0000][7.942s][info ][gc,heap     ] GC(20) Old regions: 29->29
[2026-02-05T19:16:34.180+0000][7.942s][info ][gc,heap     ] GC(20) Archive regions: 2->2
[2026-02-05T19:16:34.180+0000][7.942s][info ][gc,heap     ] GC(20) Humongous regions: 0->0
[2026-02-05T19:16:34.180+0000][7.942s][info ][gc,metaspace] GC(20) Metaspace: 41866K(42304K)->41866K(42304K) NonClass: 36578K(36800K)->36578K(36800K) Class: 5287K(5504K)->5287K(5504K)
[2026-02-05T19:16:34.180+0000][7.942s][info ][gc          ] GC(20) Pause Young (Normal) (G1 Evacuation Pause) 192M->60M(234M) 5.014ms
[2026-02-05T19:16:34.180+0000][7.943s][info ][gc,cpu      ] GC(20) User=0.02s Sys=0.00s Real=0.00s
[2026-02-05T19:16:34.181+0000][7.943s][info ][safepoint   ] Safepoint "G1CollectForAllocation", Time since last: 738899903 ns, Reaching safepoint: 319116 ns, Cleanup: 126507 ns, At safepoint: 5431082 ns, Total: 5876705 ns
[2026-02-05T19:16:34.774+0000][8.537s][debug][safepoint   ] Safepoint synchronization initiated using futex wait barrier. (15 threads)
[2026-02-05T19:16:34.775+0000][8.537s][info ][safepoint   ] Safepoint "ICBufferFull", Time since last: 593788261 ns, Reaching safepoint: 250913 ns, Cleanup: 102905 ns, At safepoint: 2700 ns, Total: 356518 ns
[2026-02-05T19:16:34.923+0000][8.685s][debug][safepoint   ] Safepoint synchronization initiated using futex wait barrier. (15 threads)
[2026-02-05T19:16:34.923+0000][8.686s][info ][gc,start    ] GC(21) Pause Young (Normal) (G1 Evacuation Pause)
[2026-02-05T19:16:34.924+0000][8.686s][info ][gc,task     ] GC(21) Using 5 workers of 10 for evacuation
[2026-02-05T19:16:34.928+0000][8.690s][info ][gc,phases   ] GC(21)   Pre Evacuate Collection Set: 0.1ms
[2026-02-05T19:16:34.929+0000][8.691s][info ][gc,phases   ] GC(21)   Merge Heap Roots: 0.1ms
[2026-02-05T19:16:34.929+0000][8.691s][info ][gc,phases   ] GC(21)   Evacuate Collection Set: 3.0ms
[2026-02-05T19:16:34.930+0000][8.692s][info ][gc,phases   ] GC(21)   Post Evacuate Collection Set: 0.9ms
[2026-02-05T19:16:34.930+0000][8.692s][info ][gc,phases   ] GC(21)   Other: 0.7ms
[2026-02-05T19:16:34.930+0000][8.692s][info ][gc,heap     ] GC(21) Eden regions: 66->0(65)
[2026-02-05T19:16:34.930+0000][8.693s][info ][gc,heap     ] GC(21) Survivor regions: 2->3(9)
[2026-02-05T19:16:34.931+0000][8.693s][info ][gc,heap     ] GC(21) Old regions: 29->29
[2026-02-05T19:16:34.931+0000][8.693s][info ][gc,heap     ] GC(21) Archive regions: 2->2
[2026-02-05T19:16:34.931+0000][8.693s][info ][gc,heap     ] GC(21) Humongous regions: 0->0
[2026-02-05T19:16:34.931+0000][8.694s][info ][gc,metaspace] GC(21) Metaspace: 45158K(45568K)->45158K(45568K) NonClass: 39410K(39616K)->39410K(39616K) Class: 5747K(5952K)->5747K(5952K)
[2026-02-05T19:16:34.932+0000][8.694s][info ][gc          ] GC(21) Pause Young (Normal) (G1 Evacuation Pause) 192M->63M(234M) 8.246ms
[2026-02-05T19:16:34.932+0000][8.694s][info ][gc,cpu      ] GC(21) User=0.03s Sys=0.01s Real=0.01s
[2026-02-05T19:16:34.932+0000][8.694s][info ][safepoint   ] Safepoint "G1CollectForAllocation", Time since last: 148185702 ns, Reaching safepoint: 418822 ns, Cleanup: 39802 ns, At safepoint: 8689951 ns, Total: 9148575 ns
[2026-02-05T19:16:35.787+0000][9.549s][debug][safepoint   ] Safepoint synchronization initiated using futex wait barrier. (15 threads)
[2026-02-05T19:16:35.788+0000][9.550s][info ][safepoint   ] Safepoint "ICBufferFull", Time since last: 854798227 ns, Reaching safepoint: 469824 ns, Cleanup: 202911 ns, At safepoint: 23701 ns, Total: 696436 ns
[2026-02-05T19:16:35.823+0000][9.585s][debug][safepoint   ] Safepoint synchronization initiated using futex wait barrier. (15 threads)
[2026-02-05T19:16:35.824+0000][9.586s][info ][gc,start    ] GC(22) Pause Young (Normal) (G1 Evacuation Pause)
[2026-02-05T19:16:35.824+0000][9.586s][info ][gc,task     ] GC(22) Using 5 workers of 10 for evacuation
[2026-02-05T19:16:35.831+0000][9.593s][info ][gc,phases   ] GC(22)   Pre Evacuate Collection Set: 0.2ms
[2026-02-05T19:16:35.832+0000][9.594s][info ][gc,phases   ] GC(22)   Merge Heap Roots: 0.2ms
[2026-02-05T19:16:35.832+0000][9.594s][info ][gc,phases   ] GC(22)   Evacuate Collection Set: 5.1ms
[2026-02-05T19:16:35.832+0000][9.595s][info ][gc,phases   ] GC(22)   Post Evacuate Collection Set: 1.3ms
[2026-02-05T19:16:35.833+0000][9.595s][info ][gc,phases   ] GC(22)   Other: 0.8ms
[2026-02-05T19:16:35.833+0000][9.595s][info ][gc,heap     ] GC(22) Eden regions: 65->0(64)
[2026-02-05T19:16:35.833+0000][9.595s][info ][gc,heap     ] GC(22) Survivor regions: 3->4(9)
[2026-02-05T19:16:35.833+0000][9.596s][info ][gc,heap     ] GC(22) Old regions: 29->29
[2026-02-05T19:16:35.834+0000][9.596s][info ][gc,heap     ] GC(22) Archive regions: 2->2
[2026-02-05T19:16:35.834+0000][9.596s][info ][gc,heap     ] GC(22) Humongous regions: 0->0
[2026-02-05T19:16:35.834+0000][9.596s][info ][gc,metaspace] GC(22) Metaspace: 49757K(50176K)->49757K(50176K) NonClass: 43396K(43584K)->43396K(43584K) Class: 6361K(6592K)->6361K(6592K)
[2026-02-05T19:16:35.834+0000][9.596s][info ][gc          ] GC(22) Pause Young (Normal) (G1 Evacuation Pause) 193M->65M(234M) 10.794ms
[2026-02-05T19:16:35.835+0000][9.597s][info ][gc,cpu      ] GC(22) User=0.04s Sys=0.01s Real=0.02s
[2026-02-05T19:16:35.835+0000][9.597s][info ][safepoint   ] Safepoint "G1CollectForAllocation", Time since last: 35156427 ns, Reaching safepoint: 693536 ns, Cleanup: 50003 ns, At safepoint: 11329989 ns, Total: 12073528 ns
[2026-02-05T19:16:37.123+0000][10.885s][debug][safepoint   ] Safepoint synchronization initiated using futex wait barrier. (17 threads)
[2026-02-05T19:16:37.129+0000][10.891s][info ][safepoint   ] Safepoint "Cleanup", Time since last: 1288176450 ns, Reaching safepoint: 5816202 ns, Cleanup: 54403 ns, At safepoint: 111106 ns, Total: 5981711 ns
[2026-02-05T19:16:37.550+0000][11.312s][debug][safepoint   ] Safepoint synchronization initiated using futex wait barrier. (17 threads)
[2026-02-05T19:16:37.551+0000][11.313s][info ][safepoint   ] Safepoint "ICBufferFull", Time since last: 421338596 ns, Reaching safepoint: 264113 ns, Cleanup: 134707 ns, At safepoint: 31102 ns, Total: 429922 ns
[2026-02-05T19:16:37.762+0000][11.524s][debug][safepoint   ] Safepoint synchronization initiated using futex wait barrier. (17 threads)
[2026-02-05T19:16:37.762+0000][11.525s][info ][gc,start    ] GC(23) Pause Young (Normal) (G1 Evacuation Pause)
[2026-02-05T19:16:37.763+0000][11.525s][info ][gc,task     ] GC(23) Using 5 workers of 10 for evacuation
[2026-02-05T19:16:37.771+0000][11.534s][info ][gc,phases   ] GC(23)   Pre Evacuate Collection Set: 0.2ms
[2026-02-05T19:16:37.772+0000][11.534s][info ][gc,phases   ] GC(23)   Merge Heap Roots: 0.1ms
[2026-02-05T19:16:37.772+0000][11.534s][info ][gc,phases   ] GC(23)   Evacuate Collection Set: 6.9ms
[2026-02-05T19:16:37.772+0000][11.534s][info ][gc,phases   ] GC(23)   Post Evacuate Collection Set: 1.3ms
[2026-02-05T19:16:37.772+0000][11.535s][info ][gc,phases   ] GC(23)   Other: 0.5ms
[2026-02-05T19:16:37.773+0000][11.535s][info ][gc,heap     ] GC(23) Eden regions: 64->0(64)
[2026-02-05T19:16:37.773+0000][11.535s][info ][gc,heap     ] GC(23) Survivor regions: 4->5(9)
[2026-02-05T19:16:37.773+0000][11.535s][info ][gc,heap     ] GC(23) Old regions: 29->29
[2026-02-05T19:16:37.773+0000][11.535s][info ][gc,heap     ] GC(23) Archive regions: 2->2
[2026-02-05T19:16:37.773+0000][11.535s][info ][gc,heap     ] GC(23) Humongous regions: 0->0
[2026-02-05T19:16:37.773+0000][11.535s][info ][gc,metaspace] GC(23) Metaspace: 55800K(56192K)->55800K(56192K) NonClass: 48758K(48960K)->48758K(48960K) Class: 7041K(7232K)->7041K(7232K)
[2026-02-05T19:16:37.774+0000][11.536s][info ][gc          ] GC(23) Pause Young (Normal) (G1 Evacuation Pause) 193M->68M(234M) 11.133ms
[2026-02-05T19:16:37.774+0000][11.536s][info ][gc,cpu      ] GC(23) User=0.05s Sys=0.00s Real=0.01s
[2026-02-05T19:16:37.774+0000][11.536s][info ][safepoint   ] Safepoint "G1CollectForAllocation", Time since last: 211285837 ns, Reaching safepoint: 297816 ns, Cleanup: 69303 ns, At safepoint: 11556798 ns, Total: 11923917 ns
[2026-02-05T19:16:38.360+0000][12.122s][debug][safepoint   ] Safepoint synchronization initiated using futex wait barrier. (18 threads)
[2026-02-05T19:16:38.360+0000][12.122s][info ][gc,start    ] GC(24) Pause Young (Normal) (G1 Evacuation Pause)
[2026-02-05T19:16:38.360+0000][12.123s][info ][gc,task     ] GC(24) Using 5 workers of 10 for evacuation
[2026-02-05T19:16:38.369+0000][12.131s][info ][gc,phases   ] GC(24)   Pre Evacuate Collection Set: 0.2ms
[2026-02-05T19:16:38.370+0000][12.132s][info ][gc,phases   ] GC(24)   Merge Heap Roots: 0.1ms
[2026-02-05T19:16:38.370+0000][12.132s][info ][gc,phases   ] GC(24)   Evacuate Collection Set: 6.5ms
[2026-02-05T19:16:38.370+0000][12.132s][info ][gc,phases   ] GC(24)   Post Evacuate Collection Set: 1.6ms
[2026-02-05T19:16:38.371+0000][12.133s][info ][gc,phases   ] GC(24)   Other: 0.4ms
[2026-02-05T19:16:38.371+0000][12.133s][info ][gc,heap     ] GC(24) Eden regions: 64->0(63)
[2026-02-05T19:16:38.372+0000][12.134s][info ][gc,heap     ] GC(24) Survivor regions: 5->5(9)
[2026-02-05T19:16:38.372+0000][12.134s][info ][gc,heap     ] GC(24) Old regions: 29->30
[2026-02-05T19:16:38.372+0000][12.134s][info ][gc,heap     ] GC(24) Archive regions: 2->2
[2026-02-05T19:16:38.372+0000][12.135s][info ][gc,heap     ] GC(24) Humongous regions: 0->0
[2026-02-05T19:16:38.373+0000][12.135s][info ][gc,metaspace] GC(24) Metaspace: 59989K(60480K)->59989K(60480K) NonClass: 52333K(52608K)->52333K(52608K) Class: 7656K(7872K)->7656K(7872K)
[2026-02-05T19:16:38.373+0000][12.135s][info ][gc          ] GC(24) Pause Young (Normal) (G1 Evacuation Pause) 196M->69M(234M) 12.552ms
[2026-02-05T19:16:38.373+0000][12.135s][info ][gc,cpu      ] GC(24) User=0.04s Sys=0.00s Real=0.01s
[2026-02-05T19:16:38.373+0000][12.136s][info ][safepoint   ] Safepoint "G1CollectForAllocation", Time since last: 585895130 ns, Reaching safepoint: 328717 ns, Cleanup: 60503 ns, At safepoint: 13177582 ns, Total: 13566802 ns
[2026-02-05T19:16:38.429+0000][12.191s][debug][safepoint   ] Safepoint synchronization initiated using futex wait barrier. (20 threads)
[2026-02-05T19:16:38.430+0000][12.192s][info ][gc,start    ] GC(25) Pause Young (Concurrent Start) (Metadata GC Threshold)
[2026-02-05T19:16:38.430+0000][12.192s][info ][gc,task     ] GC(25) Using 5 workers of 10 for evacuation
[2026-02-05T19:16:38.435+0000][12.197s][info ][gc,phases   ] GC(25)   Pre Evacuate Collection Set: 0.1ms
[2026-02-05T19:16:38.436+0000][12.198s][info ][gc,phases   ] GC(25)   Merge Heap Roots: 0.1ms
[2026-02-05T19:16:38.436+0000][12.198s][info ][gc,phases   ] GC(25)   Evacuate Collection Set: 4.3ms
[2026-02-05T19:16:38.436+0000][12.198s][info ][gc,phases   ] GC(25)   Post Evacuate Collection Set: 0.8ms
[2026-02-05T19:16:38.436+0000][12.198s][info ][gc,phases   ] GC(25)   Other: 0.4ms
[2026-02-05T19:16:38.436+0000][12.199s][info ][gc,heap     ] GC(25) Eden regions: 5->0(63)
[2026-02-05T19:16:38.437+0000][12.199s][info ][gc,heap     ] GC(25) Survivor regions: 5->5(9)
[2026-02-05T19:16:38.437+0000][12.199s][info ][gc,heap     ] GC(25) Old regions: 30->30
[2026-02-05T19:16:38.437+0000][12.199s][info ][gc,heap     ] GC(25) Archive regions: 2->2
[2026-02-05T19:16:38.437+0000][12.199s][info ][gc,heap     ] GC(25) Humongous regions: 0->0
[2026-02-05T19:16:38.437+0000][12.199s][info ][gc,metaspace] GC(25) Metaspace: 60636K(61056K)->60636K(61056K) NonClass: 52930K(53120K)->52930K(53120K) Class: 7705K(7936K)->7705K(7936K)
[2026-02-05T19:16:38.437+0000][12.200s][info ][gc          ] GC(25) Pause Young (Concurrent Start) (Metadata GC Threshold) 78M->69M(234M) 7.928ms
[2026-02-05T19:16:38.438+0000][12.200s][info ][gc,cpu      ] GC(25) User=0.02s Sys=0.00s Real=0.01s
[2026-02-05T19:16:38.438+0000][12.200s][info ][gc          ] GC(26) Concurrent Mark Cycle
[2026-02-05T19:16:38.438+0000][12.200s][info ][gc,marking  ] GC(26) Concurrent Clear Claimed Marks
[2026-02-05T19:16:38.438+0000][12.200s][info ][safepoint   ] Safepoint "CollectForMetadataAllocation", Time since last: 55764686 ns, Reaching safepoint: 311817 ns, Cleanup: 13700 ns, At safepoint: 8372234 ns, Total: 8697751 ns
[2026-02-05T19:16:38.438+0000][12.200s][info ][gc,marking  ] GC(26) Concurrent Clear Claimed Marks 0.256ms
[2026-02-05T19:16:38.439+0000][12.201s][info ][gc,marking  ] GC(26) Concurrent Scan Root Regions
[2026-02-05T19:16:38.442+0000][12.204s][info ][gc,marking  ] GC(26) Concurrent Scan Root Regions 2.840ms
[2026-02-05T19:16:38.442+0000][12.204s][info ][gc,marking  ] GC(26) Concurrent Mark
[2026-02-05T19:16:38.442+0000][12.204s][info ][gc,marking  ] GC(26) Concurrent Mark From Roots
[2026-02-05T19:16:38.442+0000][12.204s][info ][gc,task     ] GC(26) Using 3 workers of 3 for marking
[2026-02-05T19:16:38.475+0000][12.237s][info ][gc,marking  ] GC(26) Concurrent Mark From Roots 32.997ms
[2026-02-05T19:16:38.475+0000][12.238s][info ][gc,marking  ] GC(26) Concurrent Preclean
[2026-02-05T19:16:38.476+0000][12.238s][info ][gc,marking  ] GC(26) Concurrent Preclean 0.352ms
[2026-02-05T19:16:38.476+0000][12.238s][debug][safepoint   ] Safepoint synchronization initiated using futex wait barrier. (20 threads)
[2026-02-05T19:16:38.476+0000][12.239s][info ][gc,start    ] GC(26) Pause Remark
[2026-02-05T19:16:38.481+0000][12.243s][info ][gc          ] GC(26) Pause Remark 70M->70M(234M) 4.672ms
[2026-02-05T19:16:38.481+0000][12.244s][info ][gc,cpu      ] GC(26) User=0.02s Sys=0.01s Real=0.00s
[2026-02-05T19:16:38.482+0000][12.244s][info ][safepoint   ] Safepoint "G1PauseRemark", Time since last: 38278681 ns, Reaching safepoint: 296316 ns, Cleanup: 15800 ns, At safepoint: 5284974 ns, Total: 5597090 ns
[2026-02-05T19:16:38.482+0000][12.244s][info ][gc,marking  ] GC(26) Concurrent Mark 40.258ms
[2026-02-05T19:16:38.483+0000][12.245s][info ][gc,marking  ] GC(26) Concurrent Rebuild Remembered Sets
[2026-02-05T19:16:38.498+0000][12.260s][info ][gc,marking  ] GC(26) Concurrent Rebuild Remembered Sets 15.005ms
[2026-02-05T19:16:38.498+0000][12.260s][debug][safepoint   ] Safepoint synchronization initiated using futex wait barrier. (20 threads)
[2026-02-05T19:16:38.498+0000][12.260s][info ][gc,start    ] GC(26) Pause Cleanup
[2026-02-05T19:16:38.499+0000][12.261s][info ][gc          ] GC(26) Pause Cleanup 73M->73M(234M) 0.427ms
[2026-02-05T19:16:38.499+0000][12.261s][info ][gc,cpu      ] GC(26) User=0.00s Sys=0.00s Real=0.00s
[2026-02-05T19:16:38.499+0000][12.261s][info ][safepoint   ] Safepoint "G1PauseCleanup", Time since last: 16126735 ns, Reaching safepoint: 301015 ns, Cleanup: 3401 ns, At safepoint: 912847 ns, Total: 1217263 ns
[2026-02-05T19:16:38.499+0000][12.261s][info ][gc,marking  ] GC(26) Concurrent Cleanup for Next Mark
[2026-02-05T19:16:38.500+0000][12.262s][info ][gc,marking  ] GC(26) Concurrent Cleanup for Next Mark 0.884ms
[2026-02-05T19:16:38.501+0000][12.263s][info ][gc          ] GC(26) Concurrent Mark Cycle 62.737ms
[2026-02-05T19:16:38.872+0000][12.634s][debug][safepoint   ] Safepoint synchronization initiated using futex wait barrier. (21 threads)
[2026-02-05T19:16:38.873+0000][12.635s][info ][safepoint   ] Safepoint "ICBufferFull", Time since last: 373132115 ns, Reaching safepoint: 238212 ns, Cleanup: 97405 ns, At safepoint: 3001 ns, Total: 338618 ns
[2026-02-05T19:16:39.030+0000][12.792s][debug][safepoint   ] Safepoint synchronization initiated using futex wait barrier. (21 threads)
[2026-02-05T19:16:39.031+0000][12.794s][info ][gc,start    ] GC(27) Pause Young (Prepare Mixed) (G1 Evacuation Pause)
[2026-02-05T19:16:39.032+0000][12.794s][info ][gc,task     ] GC(27) Using 5 workers of 10 for evacuation
[2026-02-05T19:16:39.039+0000][12.801s][info ][gc,phases   ] GC(27)   Pre Evacuate Collection Set: 0.1ms
[2026-02-05T19:16:39.039+0000][12.801s][info ][gc,phases   ] GC(27)   Merge Heap Roots: 0.1ms
[2026-02-05T19:16:39.039+0000][12.801s][info ][gc,phases   ] GC(27)   Evacuate Collection Set: 5.7ms
[2026-02-05T19:16:39.040+0000][12.802s][info ][gc,phases   ] GC(27)   Post Evacuate Collection Set: 1.1ms
[2026-02-05T19:16:39.040+0000][12.802s][info ][gc,phases   ] GC(27)   Other: 0.5ms
[2026-02-05T19:16:39.040+0000][12.802s][info ][gc,heap     ] GC(27) Eden regions: 63->0(1)
[2026-02-05T19:16:39.040+0000][12.802s][info ][gc,heap     ] GC(27) Survivor regions: 5->6(9)
[2026-02-05T19:16:39.040+0000][12.803s][info ][gc,heap     ] GC(27) Old regions: 30->30
[2026-02-05T19:16:39.041+0000][12.803s][info ][gc,heap     ] GC(27) Archive regions: 2->2
[2026-02-05T19:16:39.041+0000][12.803s][info ][gc,heap     ] GC(27) Humongous regions: 0->0
[2026-02-05T19:16:39.041+0000][12.803s][info ][gc,metaspace] GC(27) Metaspace: 63446K(63936K)->63446K(63936K) NonClass: 55379K(55616K)->55379K(55616K) Class: 8066K(8320K)->8066K(8320K)
[2026-02-05T19:16:39.041+0000][12.803s][info ][gc          ] GC(27) Pause Young (Prepare Mixed) (G1 Evacuation Pause) 195M->70M(234M) 9.771ms
[2026-02-05T19:16:39.041+0000][12.804s][info ][gc,cpu      ] GC(27) User=0.03s Sys=0.00s Real=0.01s
[2026-02-05T19:16:39.042+0000][12.804s][info ][safepoint   ] Safepoint "G1CollectForAllocation", Time since last: 157273741 ns, Reaching safepoint: 247913 ns, Cleanup: 1266865 ns, At safepoint: 10397639 ns, Total: 11912417 ns
[2026-02-05T19:16:39.049+0000][12.811s][debug][safepoint   ] Safepoint synchronization initiated using futex wait barrier. (21 threads)
[2026-02-05T19:16:39.049+0000][12.811s][info ][gc,start    ] GC(28) Pause Young (Mixed) (G1 Evacuation Pause)
[2026-02-05T19:16:39.050+0000][12.812s][info ][gc,task     ] GC(28) Using 5 workers of 10 for evacuation
[2026-02-05T19:16:39.059+0000][12.821s][info ][gc,phases   ] GC(28)   Pre Evacuate Collection Set: 0.1ms
[2026-02-05T19:16:39.059+0000][12.821s][info ][gc,phases   ] GC(28)   Merge Heap Roots: 0.2ms
[2026-02-05T19:16:39.059+0000][12.822s][info ][gc,phases   ] GC(28)   Evacuate Collection Set: 6.6ms
[2026-02-05T19:16:39.060+0000][12.822s][info ][gc,phases   ] GC(28)   Post Evacuate Collection Set: 2.3ms
[2026-02-05T19:16:39.060+0000][12.822s][info ][gc,phases   ] GC(28)   Other: 0.4ms
[2026-02-05T19:16:39.060+0000][12.822s][info ][gc,heap     ] GC(28) Eden regions: 1->0(128)
[2026-02-05T19:16:39.060+0000][12.822s][info ][gc,heap     ] GC(28) Survivor regions: 6->1(1)
[2026-02-05T19:16:39.060+0000][12.822s][info ][gc,heap     ] GC(28) Old regions: 30->34
[2026-02-05T19:16:39.061+0000][12.823s][info ][gc,heap     ] GC(28) Archive regions: 2->2
[2026-02-05T19:16:39.061+0000][12.823s][info ][gc,heap     ] GC(28) Humongous regions: 0->0
[2026-02-05T19:16:39.061+0000][12.823s][info ][gc,metaspace] GC(28) Metaspace: 63468K(64000K)->63468K(64000K) NonClass: 55395K(55680K)->55395K(55680K) Class: 8073K(8320K)->8073K(8320K)
[2026-02-05T19:16:39.061+0000][12.823s][info ][gc          ] GC(28) Pause Young (Mixed) (G1 Evacuation Pause) 72M->69M(430M) 11.758ms
[2026-02-05T19:16:39.061+0000][12.823s][info ][gc,cpu      ] GC(28) User=0.03s Sys=0.01s Real=0.01s
[2026-02-05T19:16:39.062+0000][12.824s][info ][safepoint   ] Safepoint "G1CollectForAllocation", Time since last: 7315678 ns, Reaching safepoint: 250013 ns, Cleanup: 3500 ns, At safepoint: 12244834 ns, Total: 12498347 ns
[2026-02-05T19:16:39.920+0000][13.683s][debug][safepoint   ] Safepoint synchronization initiated using futex wait barrier. (21 threads)
[2026-02-05T19:16:39.921+0000][13.683s][info ][safepoint   ] Safepoint "ICBufferFull", Time since last: 858917862 ns, Reaching safepoint: 370720 ns, Cleanup: 88304 ns, At safepoint: 35302 ns, Total: 494326 ns
[2026-02-05T19:16:40.231+0000][13.993s][debug][safepoint   ] Safepoint synchronization initiated using futex wait barrier. (21 threads)
[2026-02-05T19:16:40.232+0000][13.994s][info ][safepoint   ] Safepoint "ICBufferFull", Time since last: 310357366 ns, Reaching safepoint: 421422 ns, Cleanup: 140307 ns, At safepoint: 21401 ns, Total: 583130 ns
[2026-02-05T19:16:40.473+0000][14.236s][debug][safepoint   ] Safepoint synchronization initiated using futex wait barrier. (21 threads)
[2026-02-05T19:16:40.474+0000][14.236s][info ][gc,start    ] GC(29) Pause Young (Normal) (G1 Evacuation Pause)
[2026-02-05T19:16:40.474+0000][14.236s][info ][gc,task     ] GC(29) Using 10 workers of 10 for evacuation
[2026-02-05T19:16:40.479+0000][14.241s][info ][gc,phases   ] GC(29)   Pre Evacuate Collection Set: 0.3ms
[2026-02-05T19:16:40.479+0000][14.241s][info ][gc,phases   ] GC(29)   Merge Heap Roots: 0.2ms
[2026-02-05T19:16:40.479+0000][14.241s][info ][gc,phases   ] GC(29)   Evacuate Collection Set: 2.5ms
[2026-02-05T19:16:40.479+0000][14.241s][info ][gc,phases   ] GC(29)   Post Evacuate Collection Set: 1.5ms
[2026-02-05T19:16:40.479+0000][14.242s][info ][gc,phases   ] GC(29)   Other: 0.5ms
[2026-02-05T19:16:40.480+0000][14.242s][info ][gc,heap     ] GC(29) Eden regions: 128->0(126)
[2026-02-05T19:16:40.480+0000][14.242s][info ][gc,heap     ] GC(29) Survivor regions: 1->3(17)
[2026-02-05T19:16:40.480+0000][14.242s][info ][gc,heap     ] GC(29) Old regions: 34->34
[2026-02-05T19:16:40.480+0000][14.242s][info ][gc,heap     ] GC(29) Archive regions: 2->2
[2026-02-05T19:16:40.480+0000][14.242s][info ][gc,heap     ] GC(29) Humongous regions: 0->0
[2026-02-05T19:16:40.480+0000][14.243s][info ][gc,metaspace] GC(29) Metaspace: 69390K(69888K)->69390K(69888K) NonClass: 60490K(60736K)->60490K(60736K) Class: 8899K(9152K)->8899K(9152K)
[2026-02-05T19:16:40.481+0000][14.243s][info ][gc          ] GC(29) Pause Young (Normal) (G1 Evacuation Pause) 325M->72M(430M) 6.899ms
[2026-02-05T19:16:40.481+0000][14.243s][info ][gc,cpu      ] GC(29) User=0.02s Sys=0.00s Real=0.01s
[2026-02-05T19:16:40.481+0000][14.243s][info ][safepoint   ] Safepoint "G1CollectForAllocation", Time since last: 241507302 ns, Reaching safepoint: 224511 ns, Cleanup: 53103 ns, At safepoint: 7276077 ns, Total: 7553691 ns
[2026-02-05T19:16:40.774+0000][14.536s][debug][safepoint   ] Safepoint synchronization initiated using futex wait barrier. (20 threads)
[2026-02-05T19:16:40.775+0000][14.537s][info ][safepoint   ] Safepoint "ICBufferFull", Time since last: 293261380 ns, Reaching safepoint: 614532 ns, Cleanup: 100405 ns, At safepoint: 68104 ns, Total: 783041 ns
[2026-02-05T19:16:41.674+0000][15.436s][debug][safepoint   ] Safepoint synchronization initiated using futex wait barrier. (19 threads)
[2026-02-05T19:16:41.674+0000][15.436s][info ][safepoint   ] Safepoint "ICBufferFull", Time since last: 898507611 ns, Reaching safepoint: 292616 ns, Cleanup: 101405 ns, At safepoint: 2600 ns, Total: 396621 ns
[2026-02-05T19:16:41.715+0000][15.477s][debug][safepoint   ] Safepoint synchronization initiated using futex wait barrier. (20 threads)
[2026-02-05T19:16:41.716+0000][15.478s][info ][gc,start    ] GC(30) Pause Young (Normal) (G1 Evacuation Pause)
[2026-02-05T19:16:41.716+0000][15.478s][info ][gc,task     ] GC(30) Using 10 workers of 10 for evacuation
[2026-02-05T19:16:41.721+0000][15.483s][info ][gc,phases   ] GC(30)   Pre Evacuate Collection Set: 0.3ms
[2026-02-05T19:16:41.721+0000][15.483s][info ][gc,phases   ] GC(30)   Merge Heap Roots: 0.2ms
[2026-02-05T19:16:41.722+0000][15.484s][info ][gc,phases   ] GC(30)   Evacuate Collection Set: 3.2ms
[2026-02-05T19:16:41.722+0000][15.484s][info ][gc,phases   ] GC(30)   Post Evacuate Collection Set: 1.3ms
[2026-02-05T19:16:41.722+0000][15.484s][info ][gc,phases   ] GC(30)   Other: 0.5ms
[2026-02-05T19:16:41.722+0000][15.484s][info ][gc,heap     ] GC(30) Eden regions: 126->0(125)
[2026-02-05T19:16:41.722+0000][15.484s][info ][gc,heap     ] GC(30) Survivor regions: 3->4(17)
[2026-02-05T19:16:41.722+0000][15.484s][info ][gc,heap     ] GC(30) Old regions: 34->34
[2026-02-05T19:16:41.722+0000][15.485s][info ][gc,heap     ] GC(30) Archive regions: 2->2
[2026-02-05T19:16:41.723+0000][15.485s][info ][gc,heap     ] GC(30) Humongous regions: 0->0
[2026-02-05T19:16:41.723+0000][15.485s][info ][gc,metaspace] GC(30) Metaspace: 77446K(77952K)->77446K(77952K) NonClass: 67329K(67584K)->67329K(67584K) Class: 10116K(10368K)->10116K(10368K)
[2026-02-05T19:16:41.723+0000][15.485s][info ][gc          ] GC(30) Pause Young (Normal) (G1 Evacuation Pause) 324M->74M(430M) 7.204ms
[2026-02-05T19:16:41.723+0000][15.485s][info ][gc,cpu      ] GC(30) User=0.04s Sys=0.00s Real=0.00s
[2026-02-05T19:16:41.723+0000][15.485s][info ][safepoint   ] Safepoint "G1CollectForAllocation", Time since last: 41395743 ns, Reaching safepoint: 268814 ns, Cleanup: 17801 ns, At safepoint: 7496888 ns, Total: 7783503 ns
[2026-02-05T19:16:42.014+0000][15.776s][debug][safepoint   ] Safepoint synchronization initiated using futex wait barrier. (20 threads)
[2026-02-05T19:16:42.014+0000][15.776s][info ][safepoint   ] Safepoint "ICBufferFull", Time since last: 290639845 ns, Reaching safepoint: 324617 ns, Cleanup: 138107 ns, At safepoint: 44002 ns, Total: 506726 ns
[2026-02-05T19:16:42.117+0000][15.879s][debug][safepoint   ] Safepoint synchronization initiated using futex wait barrier. (21 threads)
[2026-02-05T19:16:42.117+0000][15.880s][info ][safepoint   ] Safepoint "ICBufferFull", Time since last: 102603611 ns, Reaching safepoint: 402521 ns, Cleanup: 95005 ns, At safepoint: 30002 ns, Total: 527528 ns
[2026-02-05T19:16:42.186+0000][15.948s][debug][safepoint   ] Safepoint synchronization initiated using futex wait barrier. (21 threads)
[2026-02-05T19:16:42.186+0000][15.948s][info ][safepoint   ] Safepoint "ICBufferFull", Time since last: 68250433 ns, Reaching safepoint: 291415 ns, Cleanup: 69903 ns, At safepoint: 23202 ns, Total: 384520 ns
[2026-02-05T19:16:42.277+0000][16.039s][debug][safepoint   ] Safepoint synchronization initiated using futex wait barrier. (21 threads)
[2026-02-05T19:16:42.278+0000][16.040s][info ][safepoint   ] Safepoint "ICBufferFull", Time since last: 91205721 ns, Reaching safepoint: 339017 ns, Cleanup: 79705 ns, At safepoint: 3200 ns, Total: 421922 ns
[2026-02-05T19:16:42.430+0000][16.193s][debug][safepoint   ] Safepoint synchronization initiated using futex wait barrier. (21 threads)
[2026-02-05T19:16:42.431+0000][16.193s][info ][safepoint   ] Safepoint "ICBufferFull", Time since last: 152826011 ns, Reaching safepoint: 251413 ns, Cleanup: 79004 ns, At safepoint: 2700 ns, Total: 333117 ns
[2026-02-05T19:16:42.667+0000][16.429s][debug][safepoint   ] Safepoint synchronization initiated using futex wait barrier. (21 threads)
[2026-02-05T19:16:42.667+0000][16.429s][info ][safepoint   ] Safepoint "ICBufferFull", Time since last: 235676400 ns, Reaching safepoint: 351118 ns, Cleanup: 106506 ns, At safepoint: 71703 ns, Total: 529327 ns
[2026-02-05T19:16:43.172+0000][16.934s][debug][safepoint   ] Safepoint synchronization initiated using futex wait barrier. (20 threads)
[2026-02-05T19:16:43.172+0000][16.935s][info ][gc,start    ] GC(31) Pause Young (Normal) (G1 Evacuation Pause)
[2026-02-05T19:16:43.173+0000][16.935s][info ][gc,task     ] GC(31) Using 10 workers of 10 for evacuation
[2026-02-05T19:16:43.178+0000][16.940s][info ][gc,phases   ] GC(31)   Pre Evacuate Collection Set: 0.2ms
[2026-02-05T19:16:43.179+0000][16.941s][info ][gc,phases   ] GC(31)   Merge Heap Roots: 0.2ms
[2026-02-05T19:16:43.179+0000][16.941s][info ][gc,phases   ] GC(31)   Evacuate Collection Set: 3.5ms
[2026-02-05T19:16:43.179+0000][16.941s][info ][gc,phases   ] GC(31)   Post Evacuate Collection Set: 1.5ms
[2026-02-05T19:16:43.179+0000][16.941s][info ][gc,phases   ] GC(31)   Other: 0.4ms
[2026-02-05T19:16:43.179+0000][16.942s][info ][gc,heap     ] GC(31) Eden regions: 125->0(123)
[2026-02-05T19:16:43.180+0000][16.942s][info ][gc,heap     ] GC(31) Survivor regions: 4->6(17)
[2026-02-05T19:16:43.180+0000][16.942s][info ][gc,heap     ] GC(31) Old regions: 34->34
[2026-02-05T19:16:43.180+0000][16.942s][info ][gc,heap     ] GC(31) Archive regions: 2->2
[2026-02-05T19:16:43.180+0000][16.942s][info ][gc,heap     ] GC(31) Humongous regions: 0->0
[2026-02-05T19:16:43.180+0000][16.943s][info ][gc,metaspace] GC(31) Metaspace: 83199K(83712K)->83199K(83712K) NonClass: 72285K(72512K)->72285K(72512K) Class: 10913K(11200K)->10913K(11200K)
[2026-02-05T19:16:43.181+0000][16.943s][info ][gc          ] GC(31) Pause Young (Normal) (G1 Evacuation Pause) 324M->78M(430M) 8.126ms
[2026-02-05T19:16:43.181+0000][16.943s][info ][gc,cpu      ] GC(31) User=0.04s Sys=0.00s Real=0.01s
[2026-02-05T19:16:43.181+0000][16.943s][info ][safepoint   ] Safepoint "G1CollectForAllocation", Time since last: 505106347 ns, Reaching safepoint: 260714 ns, Cleanup: 53803 ns, At safepoint: 8477638 ns, Total: 8792155 ns
[2026-02-05T19:16:43.378+0000][17.141s][debug][safepoint   ] Safepoint synchronization initiated using futex wait barrier. (21 threads)
[2026-02-05T19:16:43.379+0000][17.141s][info ][safepoint   ] Safepoint "ICBufferFull", Time since last: 197480323 ns, Reaching safepoint: 450923 ns, Cleanup: 166109 ns, At safepoint: 47002 ns, Total: 664034 ns
[2026-02-05T19:16:43.555+0000][17.317s][debug][safepoint   ] Safepoint synchronization initiated using futex wait barrier. (21 threads)
[2026-02-05T19:16:43.555+0000][17.317s][info ][safepoint   ] Safepoint "ICBufferFull", Time since last: 175602090 ns, Reaching safepoint: 288715 ns, Cleanup: 118707 ns, At safepoint: 3100 ns, Total: 410522 ns
[2026-02-05T19:16:44.349+0000][18.111s][debug][safepoint   ] Safepoint synchronization initiated using futex wait barrier. (20 threads)
[2026-02-05T19:16:44.349+0000][18.111s][info ][safepoint   ] Safepoint "ICBufferFull", Time since last: 793633282 ns, Reaching safepoint: 344218 ns, Cleanup: 100705 ns, At safepoint: 2901 ns, Total: 447824 ns
[2026-02-05T19:16:44.640+0000][18.402s][debug][safepoint   ] Safepoint synchronization initiated using futex wait barrier. (20 threads)
[2026-02-05T19:16:44.642+0000][18.404s][info ][gc,start    ] GC(32) Pause Young (Normal) (G1 Evacuation Pause)
[2026-02-05T19:16:44.642+0000][18.404s][info ][gc,task     ] GC(32) Using 10 workers of 10 for evacuation
[2026-02-05T19:16:44.652+0000][18.414s][info ][gc,phases   ] GC(32)   Pre Evacuate Collection Set: 0.2ms
[2026-02-05T19:16:44.652+0000][18.414s][info ][gc,phases   ] GC(32)   Merge Heap Roots: 0.2ms
[2026-02-05T19:16:44.652+0000][18.414s][info ][gc,phases   ] GC(32)   Evacuate Collection Set: 6.4ms
[2026-02-05T19:16:44.653+0000][18.415s][info ][gc,phases   ] GC(32)   Post Evacuate Collection Set: 2.2ms
[2026-02-05T19:16:44.653+0000][18.415s][info ][gc,phases   ] GC(32)   Other: 0.7ms
[2026-02-05T19:16:44.653+0000][18.415s][info ][gc,heap     ] GC(32) Eden regions: 123->0(121)
[2026-02-05T19:16:44.653+0000][18.415s][info ][gc,heap     ] GC(32) Survivor regions: 6->8(17)
[2026-02-05T19:16:44.654+0000][18.416s][info ][gc,heap     ] GC(32) Old regions: 34->34
[2026-02-05T19:16:44.654+0000][18.416s][info ][gc,heap     ] GC(32) Archive regions: 2->2
[2026-02-05T19:16:44.654+0000][18.416s][info ][gc,heap     ] GC(32) Humongous regions: 0->0
[2026-02-05T19:16:44.654+0000][18.416s][info ][gc,metaspace] GC(32) Metaspace: 87353K(87872K)->87353K(87872K) NonClass: 76150K(76416K)->76150K(76416K) Class: 11202K(11456K)->11202K(11456K)
[2026-02-05T19:16:44.654+0000][18.417s][info ][gc          ] GC(32) Pause Young (Normal) (G1 Evacuation Pause) 324M->82M(430M) 12.400ms
[2026-02-05T19:16:44.655+0000][18.417s][info ][gc,cpu      ] GC(32) User=0.09s Sys=0.00s Real=0.02s
[2026-02-05T19:16:44.655+0000][18.417s][info ][safepoint   ] Safepoint "G1CollectForAllocation", Time since last: 290862956 ns, Reaching safepoint: 1928200 ns, Cleanup: 47402 ns, At safepoint: 12869467 ns, Total: 14845069 ns
[2026-02-05T19:16:45.182+0000][18.945s][debug][safepoint   ] Safepoint synchronization initiated using futex wait barrier. (24 threads)
[2026-02-05T19:16:45.183+0000][18.945s][info ][safepoint   ] Safepoint "ICBufferFull", Time since last: 527580310 ns, Reaching safepoint: 377220 ns, Cleanup: 108405 ns, At safepoint: 3300 ns, Total: 488925 ns
[2026-02-05T19:16:45.709+0000][19.471s][debug][safepoint   ] Safepoint synchronization initiated using futex wait barrier. (24 threads)
[2026-02-05T19:16:45.710+0000][19.472s][info ][safepoint   ] Safepoint "ICBufferFull", Time since last: 526036240 ns, Reaching safepoint: 537527 ns, Cleanup: 164008 ns, At safepoint: 46703 ns, Total: 748238 ns
[2026-02-05T19:16:46.192+0000][19.954s][debug][safepoint   ] Safepoint synchronization initiated using futex wait barrier. (24 threads)
[2026-02-05T19:16:46.193+0000][19.955s][info ][gc,start    ] GC(33) Pause Young (Normal) (G1 Evacuation Pause)
[2026-02-05T19:16:46.193+0000][19.955s][info ][gc,task     ] GC(33) Using 10 workers of 10 for evacuation
[2026-02-05T19:16:46.202+0000][19.964s][info ][gc,phases   ] GC(33)   Pre Evacuate Collection Set: 0.2ms
[2026-02-05T19:16:46.202+0000][19.964s][info ][gc,phases   ] GC(33)   Merge Heap Roots: 0.2ms
[2026-02-05T19:16:46.202+0000][19.965s][info ][gc,phases   ] GC(33)   Evacuate Collection Set: 6.3ms
[2026-02-05T19:16:46.203+0000][19.965s][info ][gc,phases   ] GC(33)   Post Evacuate Collection Set: 2.0ms
[2026-02-05T19:16:46.203+0000][19.965s][info ][gc,phases   ] GC(33)   Other: 0.4ms
[2026-02-05T19:16:46.203+0000][19.965s][info ][gc,heap     ] GC(33) Eden regions: 121->0(119)
[2026-02-05T19:16:46.203+0000][19.966s][info ][gc,heap     ] GC(33) Survivor regions: 8->10(17)
[2026-02-05T19:16:46.204+0000][19.966s][info ][gc,heap     ] GC(33) Old regions: 34->34
[2026-02-05T19:16:46.204+0000][19.966s][info ][gc,heap     ] GC(33) Archive regions: 2->2
[2026-02-05T19:16:46.204+0000][19.966s][info ][gc,heap     ] GC(33) Humongous regions: 0->0
[2026-02-05T19:16:46.204+0000][19.966s][info ][gc,metaspace] GC(33) Metaspace: 93995K(94592K)->93995K(94592K) NonClass: 81817K(82112K)->81817K(82112K) Class: 12177K(12480K)->12177K(12480K)
[2026-02-05T19:16:46.204+0000][19.967s][info ][gc          ] GC(33) Pause Young (Normal) (G1 Evacuation Pause) 324M->88M(430M) 11.611ms
[2026-02-05T19:16:46.205+0000][19.967s][info ][gc,cpu      ] GC(33) User=0.06s Sys=0.00s Real=0.01s
[2026-02-05T19:16:46.205+0000][19.967s][info ][safepoint   ] Safepoint "G1CollectForAllocation", Time since last: 482581593 ns, Reaching safepoint: 442322 ns, Cleanup: 73004 ns, At safepoint: 12185408 ns, Total: 12700734 ns
[2026-02-05T19:16:46.615+0000][20.378s][debug][safepoint   ] Safepoint synchronization initiated using futex wait barrier. (24 threads)
[2026-02-05T19:16:46.616+0000][20.378s][info ][safepoint   ] Safepoint "ICBufferFull", Time since last: 410442492 ns, Reaching safepoint: 421521 ns, Cleanup: 89504 ns, At safepoint: 3400 ns, Total: 514425 ns
[2026-02-05T19:16:47.162+0000][20.926s][debug][safepoint   ] Safepoint synchronization initiated using futex wait barrier. (25 threads)
[2026-02-05T19:16:47.163+0000][20.927s][info ][gc,start    ] GC(34) Pause Young (Normal) (G1 Evacuation Pause)
[2026-02-05T19:16:47.163+0000][20.927s][info ][gc,task     ] GC(34) Using 10 workers of 10 for evacuation
[2026-02-05T19:16:47.176+0000][20.940s][info ][gc,phases   ] GC(34)   Pre Evacuate Collection Set: 0.2ms
[2026-02-05T19:16:47.176+0000][20.940s][info ][gc,phases   ] GC(34)   Merge Heap Roots: 0.2ms
[2026-02-05T19:16:47.176+0000][20.940s][info ][gc,phases   ] GC(34)   Evacuate Collection Set: 10.0ms
[2026-02-05T19:16:47.177+0000][20.941s][info ][gc,phases   ] GC(34)   Post Evacuate Collection Set: 1.7ms
[2026-02-05T19:16:47.177+0000][20.941s][info ][gc,phases   ] GC(34)   Other: 0.7ms
[2026-02-05T19:16:47.177+0000][20.941s][info ][gc,heap     ] GC(34) Eden regions: 119->0(118)
[2026-02-05T19:16:47.178+0000][20.941s][info ][gc,heap     ] GC(34) Survivor regions: 10->11(17)
[2026-02-05T19:16:47.178+0000][20.942s][info ][gc,heap     ] GC(34) Old regions: 34->35
[2026-02-05T19:16:47.178+0000][20.942s][info ][gc,heap     ] GC(34) Archive regions: 2->2
[2026-02-05T19:16:47.178+0000][20.942s][info ][gc,heap     ] GC(34) Humongous regions: 0->0
[2026-02-05T19:16:47.179+0000][20.942s][info ][gc,metaspace] GC(34) Metaspace: 100652K(101248K)->100652K(101248K) NonClass: 87463K(87808K)->87463K(87808K) Class: 13189K(13440K)->13189K(13440K)
[2026-02-05T19:16:47.179+0000][20.943s][info ][gc          ] GC(34) Pause Young (Normal) (G1 Evacuation Pause) 326M->92M(430M) 15.902ms
[2026-02-05T19:16:47.179+0000][20.943s][info ][gc,cpu      ] GC(34) User=0.12s Sys=0.00s Real=0.02s
[2026-02-05T19:16:47.179+0000][20.943s][info ][safepoint   ] Safepoint "G1CollectForAllocation", Time since last: 548041962 ns, Reaching safepoint: 395419 ns, Cleanup: 181309 ns, At safepoint: 16496824 ns, Total: 17073552 ns
[2026-02-05T19:16:47.334+0000][21.098s][info ][gc,heap,exit] Heap
[2026-02-05T19:16:47.334+0000][21.098s][info ][gc,heap,exit]  garbage-first heap   total 440320K, used 115046K [0x0000000707200000, 0x0000000800000000)
[2026-02-05T19:16:47.334+0000][21.098s][info ][gc,heap,exit]   region size 2048K, 21 young (43008K), 11 survivors (22528K)
[2026-02-05T19:16:47.335+0000][21.098s][info ][gc,heap,exit]  Metaspace       used 101020K, committed 101632K, reserved 1179648K
[2026-02-05T19:16:47.335+0000][21.099s][info ][gc,heap,exit]   class space    used 13244K, committed 13568K, reserved 1048576K
[2026-02-05T19:16:47.335+0000][21.099s][debug][safepoint   ] Safepoint synchronization initiated using futex wait barrier. (15 threads)
