[2026-02-05T19:41:25.481+0000][0.069s][info][gc] Using G1
[2026-02-05T19:41:25.485+0000][0.073s][info][gc,init] Version: 17.0.12+7-Debian-2deb12u1 (release)
[2026-02-05T19:41:25.486+0000][0.073s][info][gc,init] CPUs: 12 total, 12 available
[2026-02-05T19:41:25.486+0000][0.073s][info][gc,init] Memory: 15925M
[2026-02-05T19:41:25.486+0000][0.073s][info][gc,init] Large Page Support: Disabled
[2026-02-05T19:41:25.486+0000][0.073s][info][gc,init] NUMA Support: Disabled
[2026-02-05T19:41:25.486+0000][0.073s][info][gc,init] Compressed Oops: Enabled (Zero based)
[2026-02-05T19:41:25.486+0000][0.074s][info][gc,init] Heap Region Size: 2M
[2026-02-05T19:41:25.489+0000][0.076s][info][gc,init] Heap Min Capacity: 8M
[2026-02-05T19:41:25.489+0000][0.076s][info][gc,init] Heap Initial Capacity: 250M
[2026-02-05T19:41:25.489+0000][0.076s][info][gc,init] Heap Max Capacity: 3982M
[2026-02-05T19:41:25.489+0000][0.076s][info][gc,init] Pre-touch: Disabled
[2026-02-05T19:41:25.489+0000][0.076s][info][gc,init] Parallel Workers: 10
[2026-02-05T19:41:25.489+0000][0.077s][info][gc,init] Concurrent Workers: 3
[2026-02-05T19:41:25.490+0000][0.077s][info][gc,init] Concurrent Refinement Workers: 10
[2026-02-05T19:41:25.490+0000][0.077s][info][gc,init] Periodic GC: Disabled
[2026-02-05T19:41:25.503+0000][0.090s][info][gc,metaspace] CDS archive(s) mapped at: [0x000074605b000000-0x000074605bbc4000-0x000074605bbc4000), size 12337152, SharedBaseAddress: 0x000074605b000000, ArchiveRelocationMode: 1.
[2026-02-05T19:41:25.504+0000][0.091s][info][gc,metaspace] Compressed class space mapped at: 0x000074605c000000-0x000074609c000000, reserved size: 1073741824
[2026-02-05T19:41:25.504+0000][0.091s][info][gc,metaspace] Narrow klass base: 0x000074605b000000, Narrow klass shift: 0, Narrow klass range: 0x100000000
[2026-02-05T19:41:25.512+0000][0.099s][info][cds,heap    ] initialize_from_archived_subgraph java.lang.Module$ArchivedData 0x000074605b184780 (early)
[2026-02-05T19:41:25.513+0000][0.100s][info][cds,heap    ] initialize_from_archived_subgraph java.util.ImmutableCollections 0x000074605b0722d8 (early)
[2026-02-05T19:41:25.515+0000][0.103s][info][cds,heap    ] initialize_from_archived_subgraph java.lang.Integer$IntegerCache 0x000074605b037660 (early)
[2026-02-05T19:41:25.520+0000][0.107s][info][cds,heap    ] initialize_from_archived_subgraph java.lang.module.Configuration 0x000074605b172700 (early)
[2026-02-05T19:41:25.520+0000][0.108s][info][cds,heap    ] initialize_from_archived_subgraph java.lang.ModuleLayer 0x000074605b146b38 (early)
[2026-02-05T19:41:25.522+0000][0.109s][info][cds,heap    ] initialize_from_archived_subgraph jdk.internal.loader.ArchivedClassLoaders 0x000074605b1adb70 (early)
[2026-02-05T19:41:25.522+0000][0.109s][info][cds,heap    ] initialize_from_archived_subgraph jdk.internal.module.ArchivedBootLayer 0x000074605b179340 (early)
[2026-02-05T19:41:25.524+0000][0.112s][info][cds,heap    ] initialize_from_archived_subgraph sun.util.locale.BaseLocale 0x000074605b26d048
[2026-02-05T19:41:25.536+0000][0.123s][info][cds,heap    ] initialize_from_archived_subgraph java.util.jar.Attributes$Name 0x000074605b19f5e8
[2026-02-05T19:41:25.561+0000][0.148s][info][cds,heap    ] initialize_from_archived_subgraph java.lang.Long$LongCache 0x000074605b020f98
[2026-02-05T19:41:25.629+0000][0.216s][info][cds,heap    ] initialize_from_archived_subgraph java.lang.Character$CharacterCache 0x000074605b03a9e8
[2026-02-05T19:41:25.997+0000][0.584s][debug][safepoint   ] Safepoint synchronization initiated using futex wait barrier. (14 threads)
[2026-02-05T19:41:25.997+0000][0.585s][info ][safepoint   ] Safepoint "ICBufferFull", Time since last: 486150299 ns, Reaching safepoint: 413617 ns, Cleanup: 60003 ns, At safepoint: 2200 ns, Total: 475820 ns
[2026-02-05T19:41:26.057+0000][0.644s][debug][safepoint   ] Safepoint synchronization initiated using futex wait barrier. (14 threads)
[2026-02-05T19:41:26.057+0000][0.644s][info ][gc,start    ] GC(0) Pause Young (Normal) (G1 Evacuation Pause)
[2026-02-05T19:41:26.059+0000][0.646s][info ][gc,task     ] GC(0) Using 6 workers of 10 for evacuation
[2026-02-05T19:41:26.065+0000][0.653s][info ][gc,phases   ] GC(0)   Pre Evacuate Collection Set: 0.2ms
[2026-02-05T19:41:26.066+0000][0.653s][info ][gc,phases   ] GC(0)   Merge Heap Roots: 0.3ms
[2026-02-05T19:41:26.066+0000][0.653s][info ][gc,phases   ] GC(0)   Evacuate Collection Set: 4.2ms
[2026-02-05T19:41:26.066+0000][0.653s][info ][gc,phases   ] GC(0)   Post Evacuate Collection Set: 1.1ms
[2026-02-05T19:41:26.066+0000][0.654s][info ][gc,phases   ] GC(0)   Other: 2.3ms
[2026-02-05T19:41:26.067+0000][0.654s][info ][gc,heap     ] GC(0) Eden regions: 31->0(52)
[2026-02-05T19:41:26.067+0000][0.654s][info ][gc,heap     ] GC(0) Survivor regions: 0->4(4)
[2026-02-05T19:41:26.067+0000][0.654s][info ][gc,heap     ] GC(0) Old regions: 0->1
[2026-02-05T19:41:26.067+0000][0.654s][info ][gc,heap     ] GC(0) Archive regions: 2->2
[2026-02-05T19:41:26.067+0000][0.655s][info ][gc,heap     ] GC(0) Humongous regions: 0->0
[2026-02-05T19:41:26.068+0000][0.655s][info ][gc,metaspace] GC(0) Metaspace: 2523K(2688K)->2523K(2688K) NonClass: 2284K(2368K)->2284K(2368K) Class: 239K(320K)->239K(320K)
[2026-02-05T19:41:26.068+0000][0.655s][info ][gc          ] GC(0) Pause Young (Normal) (G1 Evacuation Pause) 63M->10M(254M) 10.588ms
[2026-02-05T19:41:26.068+0000][0.655s][info ][gc,cpu      ] GC(0) User=0.04s Sys=0.01s Real=0.01s
[2026-02-05T19:41:26.068+0000][0.656s][info ][safepoint   ] Safepoint "G1CollectForAllocation", Time since last: 59472547 ns, Reaching safepoint: 362415 ns, Cleanup: 37101 ns, At safepoint: 11250063 ns, Total: 11649579 ns
[2026-02-05T19:41:26.916+0000][1.503s][debug][safepoint   ] Safepoint synchronization initiated using futex wait barrier. (15 threads)
[2026-02-05T19:41:26.917+0000][1.504s][info ][gc,start    ] GC(1) Pause Young (Normal) (G1 Evacuation Pause)
[2026-02-05T19:41:26.917+0000][1.504s][info ][gc,task     ] GC(1) Using 6 workers of 10 for evacuation
[2026-02-05T19:41:26.924+0000][1.511s][info ][gc,phases   ] GC(1)   Pre Evacuate Collection Set: 0.1ms
[2026-02-05T19:41:26.924+0000][1.511s][info ][gc,phases   ] GC(1)   Merge Heap Roots: 0.1ms
[2026-02-05T19:41:26.924+0000][1.511s][info ][gc,phases   ] GC(1)   Evacuate Collection Set: 4.4ms
[2026-02-05T19:41:26.924+0000][1.512s][info ][gc,phases   ] GC(1)   Post Evacuate Collection Set: 1.7ms
[2026-02-05T19:41:26.925+0000][1.512s][info ][gc,phases   ] GC(1)   Other: 0.7ms
[2026-02-05T19:41:26.925+0000][1.512s][info ][gc,heap     ] GC(1) Eden regions: 52->0(73)
[2026-02-05T19:41:26.925+0000][1.512s][info ][gc,heap     ] GC(1) Survivor regions: 4->2(7)
[2026-02-05T19:41:26.925+0000][1.513s][info ][gc,heap     ] GC(1) Old regions: 1->5
[2026-02-05T19:41:26.926+0000][1.513s][info ][gc,heap     ] GC(1) Archive regions: 2->2
[2026-02-05T19:41:26.926+0000][1.513s][info ][gc,heap     ] GC(1) Humongous regions: 0->0
[2026-02-05T19:41:26.926+0000][1.513s][info ][gc,metaspace] GC(1) Metaspace: 6918K(7232K)->6918K(7232K) NonClass: 6063K(6208K)->6063K(6208K) Class: 854K(1024K)->854K(1024K)
[2026-02-05T19:41:26.926+0000][1.513s][info ][gc          ] GC(1) Pause Young (Normal) (G1 Evacuation Pause) 114M->14M(254M) 9.411ms
[2026-02-05T19:41:26.926+0000][1.513s][info ][gc,cpu      ] GC(1) User=0.01s Sys=0.01s Real=0.01s
[2026-02-05T19:41:26.927+0000][1.514s][info ][safepoint   ] Safepoint "G1CollectForAllocation", Time since last: 847541767 ns, Reaching safepoint: 331013 ns, Cleanup: 279012 ns, At safepoint: 9907207 ns, Total: 10517232 ns
[2026-02-05T19:41:27.459+0000][2.046s][debug][safepoint   ] Safepoint synchronization initiated using futex wait barrier. (15 threads)
[2026-02-05T19:41:27.459+0000][2.047s][info ][safepoint   ] Safepoint "ICBufferFull", Time since last: 532392102 ns, Reaching safepoint: 451819 ns, Cleanup: 84203 ns, At safepoint: 18401 ns, Total: 554423 ns
[2026-02-05T19:41:27.533+0000][2.120s][debug][safepoint   ] Safepoint synchronization initiated using futex wait barrier. (15 threads)
[2026-02-05T19:41:27.533+0000][2.121s][info ][safepoint   ] Safepoint "ICBufferFull", Time since last: 73328717 ns, Reaching safepoint: 394916 ns, Cleanup: 147306 ns, At safepoint: 20201 ns, Total: 562423 ns
[2026-02-05T19:41:27.744+0000][2.331s][debug][safepoint   ] Safepoint synchronization initiated using futex wait barrier. (16 threads)
[2026-02-05T19:41:27.748+0000][2.335s][info ][gc,start    ] GC(2) Pause Young (Normal) (G1 Evacuation Pause)
[2026-02-05T19:41:27.748+0000][2.336s][info ][gc,task     ] GC(2) Using 6 workers of 10 for evacuation
[2026-02-05T19:41:27.754+0000][2.341s][info ][gc,phases   ] GC(2)   Pre Evacuate Collection Set: 0.3ms
[2026-02-05T19:41:27.755+0000][2.342s][info ][gc,phases   ] GC(2)   Merge Heap Roots: 0.2ms
[2026-02-05T19:41:27.755+0000][2.342s][info ][gc,phases   ] GC(2)   Evacuate Collection Set: 3.9ms
[2026-02-05T19:41:27.755+0000][2.342s][info ][gc,phases   ] GC(2)   Post Evacuate Collection Set: 1.1ms
[2026-02-05T19:41:27.755+0000][2.343s][info ][gc,phases   ] GC(2)   Other: 0.8ms
[2026-02-05T19:41:27.756+0000][2.343s][info ][gc,heap     ] GC(2) Eden regions: 73->0(72)
[2026-02-05T19:41:27.756+0000][2.343s][info ][gc,heap     ] GC(2) Survivor regions: 2->3(10)
[2026-02-05T19:41:27.756+0000][2.343s][info ][gc,heap     ] GC(2) Old regions: 5->5
[2026-02-05T19:41:27.756+0000][2.344s][info ][gc,heap     ] GC(2) Archive regions: 2->2
[2026-02-05T19:41:27.757+0000][2.344s][info ][gc,heap     ] GC(2) Humongous regions: 0->0
[2026-02-05T19:41:27.757+0000][2.344s][info ][gc,metaspace] GC(2) Metaspace: 12998K(13312K)->12998K(13312K) NonClass: 11327K(11520K)->11327K(11520K) Class: 1671K(1792K)->1671K(1792K)
[2026-02-05T19:41:27.757+0000][2.344s][info ][gc          ] GC(2) Pause Young (Normal) (G1 Evacuation Pause) 160M->16M(254M) 8.999ms
[2026-02-05T19:41:27.757+0000][2.344s][info ][gc,cpu      ] GC(2) User=0.03s Sys=0.00s Real=0.01s
[2026-02-05T19:41:27.757+0000][2.345s][info ][safepoint   ] Safepoint "G1CollectForAllocation", Time since last: 210512303 ns, Reaching safepoint: 4064469 ns, Cleanup: 68603 ns, At safepoint: 9400389 ns, Total: 13533461 ns
[2026-02-05T19:41:28.179+0000][2.766s][info ][cds,heap    ] initialize_from_archived_subgraph java.lang.Byte$ByteCache 0x000074605b03abf8
[2026-02-05T19:41:28.179+0000][2.767s][info ][cds,heap    ] initialize_from_archived_subgraph java.lang.Short$ShortCache 0x000074605b0412e8
[2026-02-05T19:41:28.230+0000][2.817s][debug][safepoint   ] ... found polling page loop exception at pc = 0x00007460c90ee5dd, stub =0x00007460c8b10400
[2026-02-05T19:41:28.274+0000][2.861s][debug][safepoint   ] Safepoint synchronization initiated using futex wait barrier. (14 threads)
[2026-02-05T19:41:28.274+0000][2.862s][info ][gc,start    ] GC(3) Pause Young (Normal) (G1 Evacuation Pause)
[2026-02-05T19:41:28.275+0000][2.862s][info ][gc,task     ] GC(3) Using 6 workers of 10 for evacuation
[2026-02-05T19:41:28.279+0000][2.866s][info ][gc,phases   ] GC(3)   Pre Evacuate Collection Set: 0.2ms
[2026-02-05T19:41:28.279+0000][2.866s][info ][gc,phases   ] GC(3)   Merge Heap Roots: 0.1ms
[2026-02-05T19:41:28.279+0000][2.867s][info ][gc,phases   ] GC(3)   Evacuate Collection Set: 2.7ms
[2026-02-05T19:41:28.280+0000][2.867s][info ][gc,phases   ] GC(3)   Post Evacuate Collection Set: 0.9ms
[2026-02-05T19:41:28.280+0000][2.867s][info ][gc,phases   ] GC(3)   Other: 0.5ms
[2026-02-05T19:41:28.280+0000][2.867s][info ][gc,heap     ] GC(3) Eden regions: 72->0(71)
[2026-02-05T19:41:28.280+0000][2.867s][info ][gc,heap     ] GC(3) Survivor regions: 3->4(10)
[2026-02-05T19:41:28.280+0000][2.868s][info ][gc,heap     ] GC(3) Old regions: 5->5
[2026-02-05T19:41:28.281+0000][2.868s][info ][gc,heap     ] GC(3) Archive regions: 2->2
[2026-02-05T19:41:28.281+0000][2.868s][info ][gc,heap     ] GC(3) Humongous regions: 0->0
[2026-02-05T19:41:28.281+0000][2.868s][info ][gc,metaspace] GC(3) Metaspace: 17675K(17984K)->17675K(17984K) NonClass: 15310K(15488K)->15310K(15488K) Class: 2364K(2496K)->2364K(2496K)
[2026-02-05T19:41:28.281+0000][2.868s][info ][gc          ] GC(3) Pause Young (Normal) (G1 Evacuation Pause) 160M->18M(254M) 6.649ms
[2026-02-05T19:41:28.281+0000][2.868s][info ][gc,cpu      ] GC(3) User=0.02s Sys=0.00s Real=0.01s
[2026-02-05T19:41:28.281+0000][2.869s][info ][safepoint   ] Safepoint "G1CollectForAllocation", Time since last: 516671720 ns, Reaching safepoint: 293412 ns, Cleanup: 49002 ns, At safepoint: 6967889 ns, Total: 7310303 ns
[2026-02-05T19:41:28.518+0000][3.105s][debug][safepoint   ] Safepoint synchronization initiated using futex wait barrier. (16 threads)
[2026-02-05T19:41:28.518+0000][3.105s][info ][gc,start    ] GC(4) Pause Young (Concurrent Start) (Metadata GC Threshold)
[2026-02-05T19:41:28.518+0000][3.105s][info ][gc,task     ] GC(4) Using 6 workers of 10 for evacuation
[2026-02-05T19:41:28.523+0000][3.111s][info ][gc,phases   ] GC(4)   Pre Evacuate Collection Set: 0.2ms
[2026-02-05T19:41:28.524+0000][3.111s][info ][gc,phases   ] GC(4)   Merge Heap Roots: 0.1ms
[2026-02-05T19:41:28.524+0000][3.111s][info ][gc,phases   ] GC(4)   Evacuate Collection Set: 3.8ms
[2026-02-05T19:41:28.524+0000][3.111s][info ][gc,phases   ] GC(4)   Post Evacuate Collection Set: 0.9ms
[2026-02-05T19:41:28.524+0000][3.112s][info ][gc,phases   ] GC(4)   Other: 0.5ms
[2026-02-05T19:41:28.525+0000][3.112s][info ][gc,heap     ] GC(4) Eden regions: 37->0(70)
[2026-02-05T19:41:28.525+0000][3.112s][info ][gc,heap     ] GC(4) Survivor regions: 4->5(10)
[2026-02-05T19:41:28.525+0000][3.112s][info ][gc,heap     ] GC(4) Old regions: 5->5
[2026-02-05T19:41:28.525+0000][3.112s][info ][gc,heap     ] GC(4) Archive regions: 2->2
[2026-02-05T19:41:28.525+0000][3.113s][info ][gc,heap     ] GC(4) Humongous regions: 0->0
[2026-02-05T19:41:28.526+0000][3.113s][info ][gc,metaspace] GC(4) Metaspace: 21212K(21504K)->21212K(21504K) NonClass: 18445K(18624K)->18445K(18624K) Class: 2766K(2880K)->2766K(2880K)
[2026-02-05T19:41:28.526+0000][3.113s][info ][gc          ] GC(4) Pause Young (Concurrent Start) (Metadata GC Threshold) 91M->20M(254M) 7.833ms
[2026-02-05T19:41:28.526+0000][3.113s][info ][gc,cpu      ] GC(4) User=0.02s Sys=0.00s Real=0.01s
[2026-02-05T19:41:28.526+0000][3.113s][info ][gc          ] GC(5) Concurrent Mark Cycle
[2026-02-05T19:41:28.526+0000][3.114s][info ][gc,marking  ] GC(5) Concurrent Clear Claimed Marks
[2026-02-05T19:41:28.526+0000][3.113s][info ][safepoint   ] Safepoint "CollectForMetadataAllocation", Time since last: 236174191 ns, Reaching safepoint: 264111 ns, Cleanup: 49602 ns, At safepoint: 8292843 ns, Total: 8606556 ns
[2026-02-05T19:41:28.527+0000][3.114s][info ][gc,marking  ] GC(5) Concurrent Clear Claimed Marks 0.216ms
[2026-02-05T19:41:28.527+0000][3.114s][info ][gc,marking  ] GC(5) Concurrent Scan Root Regions
[2026-02-05T19:41:28.529+0000][3.117s][info ][gc,marking  ] GC(5) Concurrent Scan Root Regions 2.508ms
[2026-02-05T19:41:28.530+0000][3.117s][info ][gc,marking  ] GC(5) Concurrent Mark
[2026-02-05T19:41:28.530+0000][3.117s][info ][gc,marking  ] GC(5) Concurrent Mark From Roots
[2026-02-05T19:41:28.530+0000][3.117s][info ][gc,task     ] GC(5) Using 3 workers of 3 for marking
[2026-02-05T19:41:28.535+0000][3.122s][info ][gc,marking  ] GC(5) Concurrent Mark From Roots 5.013ms
[2026-02-05T19:41:28.535+0000][3.123s][info ][gc,marking  ] GC(5) Concurrent Preclean
[2026-02-05T19:41:28.536+0000][3.123s][info ][gc,marking  ] GC(5) Concurrent Preclean 0.565ms
[2026-02-05T19:41:28.536+0000][3.124s][debug][safepoint   ] Safepoint synchronization initiated using futex wait barrier. (16 threads)
[2026-02-05T19:41:28.537+0000][3.124s][info ][gc,start    ] GC(5) Pause Remark
[2026-02-05T19:41:28.539+0000][3.127s][info ][gc          ] GC(5) Pause Remark 23M->23M(94M) 2.653ms
[2026-02-05T19:41:28.540+0000][3.127s][info ][gc,cpu      ] GC(5) User=0.01s Sys=0.00s Real=0.00s
[2026-02-05T19:41:28.540+0000][3.127s][info ][safepoint   ] Safepoint "G1PauseRemark", Time since last: 10202823 ns, Reaching safepoint: 336314 ns, Cleanup: 4601 ns, At safepoint: 3264135 ns, Total: 3605050 ns
[2026-02-05T19:41:28.540+0000][3.127s][info ][gc,marking  ] GC(5) Concurrent Mark 10.597ms
[2026-02-05T19:41:28.541+0000][3.128s][info ][gc,marking  ] GC(5) Concurrent Rebuild Remembered Sets
[2026-02-05T19:41:28.543+0000][3.130s][info ][gc,marking  ] GC(5) Concurrent Rebuild Remembered Sets 2.560ms
[2026-02-05T19:41:28.547+0000][3.134s][debug][safepoint   ] Safepoint synchronization initiated using futex wait barrier. (16 threads)
[2026-02-05T19:41:28.547+0000][3.135s][info ][gc,start    ] GC(5) Pause Cleanup
[2026-02-05T19:41:28.548+0000][3.135s][info ][gc          ] GC(5) Pause Cleanup 23M->23M(94M) 0.315ms
[2026-02-05T19:41:28.548+0000][3.135s][info ][gc,cpu      ] GC(5) User=0.00s Sys=0.00s Real=0.00s
[2026-02-05T19:41:28.548+0000][3.135s][info ][safepoint   ] Safepoint "G1PauseCleanup", Time since last: 3642351 ns, Reaching safepoint: 3798157 ns, Cleanup: 3900 ns, At safepoint: 759832 ns, Total: 4561889 ns
[2026-02-05T19:41:28.548+0000][3.136s][info ][gc,marking  ] GC(5) Concurrent Cleanup for Next Mark
[2026-02-05T19:41:28.550+0000][3.137s][info ][gc,marking  ] GC(5) Concurrent Cleanup for Next Mark 1.486ms
[2026-02-05T19:41:28.550+0000][3.137s][info ][gc          ] GC(5) Concurrent Mark Cycle 24.125ms
[2026-02-05T19:41:28.831+0000][3.418s][debug][safepoint   ] Safepoint synchronization initiated using futex wait barrier. (16 threads)
[2026-02-05T19:41:28.832+0000][3.419s][info ][gc,start    ] GC(6) Pause Young (Prepare Mixed) (G1 Evacuation Pause)
[2026-02-05T19:41:28.832+0000][3.419s][info ][gc,task     ] GC(6) Using 5 workers of 10 for evacuation
[2026-02-05T19:41:28.842+0000][3.429s][info ][gc,phases   ] GC(6)   Pre Evacuate Collection Set: 0.1ms
[2026-02-05T19:41:28.842+0000][3.429s][info ][gc,phases   ] GC(6)   Merge Heap Roots: 0.1ms
[2026-02-05T19:41:28.842+0000][3.429s][info ][gc,phases   ] GC(6)   Evacuate Collection Set: 7.6ms
[2026-02-05T19:41:28.842+0000][3.430s][info ][gc,phases   ] GC(6)   Post Evacuate Collection Set: 1.6ms
[2026-02-05T19:41:28.843+0000][3.430s][info ][gc,phases   ] GC(6)   Other: 0.5ms
[2026-02-05T19:41:28.843+0000][3.430s][info ][gc,heap     ] GC(6) Eden regions: 24->0(1)
[2026-02-05T19:41:28.843+0000][3.430s][info ][gc,heap     ] GC(6) Survivor regions: 5->3(4)
[2026-02-05T19:41:28.843+0000][3.430s][info ][gc,heap     ] GC(6) Old regions: 5->9
[2026-02-05T19:41:28.843+0000][3.431s][info ][gc,heap     ] GC(6) Archive regions: 2->2
[2026-02-05T19:41:28.844+0000][3.431s][info ][gc,heap     ] GC(6) Humongous regions: 0->0
[2026-02-05T19:41:28.844+0000][3.431s][info ][gc,metaspace] GC(6) Metaspace: 23385K(23744K)->23385K(23744K) NonClass: 20334K(20544K)->20334K(20544K) Class: 3051K(3200K)->3051K(3200K)
[2026-02-05T19:41:28.844+0000][3.431s][info ][gc          ] GC(6) Pause Young (Prepare Mixed) (G1 Evacuation Pause) 68M->22M(94M) 12.428ms
[2026-02-05T19:41:28.844+0000][3.432s][info ][gc,cpu      ] GC(6) User=0.08s Sys=0.01s Real=0.02s
[2026-02-05T19:41:28.845+0000][3.432s][info ][safepoint   ] Safepoint "G1CollectForAllocation", Time since last: 282982731 ns, Reaching safepoint: 523522 ns, Cleanup: 44002 ns, At safepoint: 12922736 ns, Total: 13490260 ns
[2026-02-05T19:41:28.855+0000][3.442s][debug][safepoint   ] Safepoint synchronization initiated using futex wait barrier. (16 threads)
[2026-02-05T19:41:28.855+0000][3.443s][info ][gc,start    ] GC(7) Pause Young (Mixed) (G1 Evacuation Pause)
[2026-02-05T19:41:28.856+0000][3.443s][info ][gc,task     ] GC(7) Using 4 workers of 10 for evacuation
[2026-02-05T19:41:28.861+0000][3.448s][info ][gc,phases   ] GC(7)   Pre Evacuate Collection Set: 0.1ms
[2026-02-05T19:41:28.861+0000][3.448s][info ][gc,phases   ] GC(7)   Merge Heap Roots: 0.1ms
[2026-02-05T19:41:28.861+0000][3.448s][info ][gc,phases   ] GC(7)   Evacuate Collection Set: 3.4ms
[2026-02-05T19:41:28.861+0000][3.448s][info ][gc,phases   ] GC(7)   Post Evacuate Collection Set: 0.8ms
[2026-02-05T19:41:28.861+0000][3.449s][info ][gc,phases   ] GC(7)   Other: 0.8ms
[2026-02-05T19:41:28.862+0000][3.449s][info ][gc,heap     ] GC(7) Eden regions: 1->0(24)
[2026-02-05T19:41:28.862+0000][3.449s][info ][gc,heap     ] GC(7) Survivor regions: 3->1(1)
[2026-02-05T19:41:28.862+0000][3.449s][info ][gc,heap     ] GC(7) Old regions: 9->10
[2026-02-05T19:41:28.862+0000][3.449s][info ][gc,heap     ] GC(7) Archive regions: 2->2
[2026-02-05T19:41:28.862+0000][3.449s][info ][gc,heap     ] GC(7) Humongous regions: 0->0
[2026-02-05T19:41:28.862+0000][3.450s][info ][gc,metaspace] GC(7) Metaspace: 23438K(23744K)->23438K(23744K) NonClass: 20382K(20544K)->20382K(20544K) Class: 3055K(3200K)->3055K(3200K)
[2026-02-05T19:41:28.863+0000][3.450s][info ][gc          ] GC(7) Pause Young (Mixed) (G1 Evacuation Pause) 24M->22M(94M) 7.261ms
[2026-02-05T19:41:28.863+0000][3.450s][info ][gc,cpu      ] GC(7) User=0.04s Sys=0.00s Real=0.01s
[2026-02-05T19:41:28.863+0000][3.450s][info ][safepoint   ] Safepoint "G1CollectForAllocation", Time since last: 10401731 ns, Reaching safepoint: 281112 ns, Cleanup: 8400 ns, At safepoint: 7709919 ns, Total: 7999431 ns
[2026-02-05T19:41:29.099+0000][3.686s][debug][safepoint   ] Safepoint synchronization initiated using futex wait barrier. (15 threads)
[2026-02-05T19:41:29.100+0000][3.687s][info ][gc,start    ] GC(8) Pause Young (Normal) (G1 Evacuation Pause)
[2026-02-05T19:41:29.100+0000][3.687s][info ][gc,task     ] GC(8) Using 3 workers of 10 for evacuation
[2026-02-05T19:41:29.104+0000][3.692s][info ][gc,phases   ] GC(8)   Pre Evacuate Collection Set: 0.2ms
[2026-02-05T19:41:29.105+0000][3.692s][info ][gc,phases   ] GC(8)   Merge Heap Roots: 0.1ms
[2026-02-05T19:41:29.105+0000][3.692s][info ][gc,phases   ] GC(8)   Evacuate Collection Set: 3.0ms
[2026-02-05T19:41:29.105+0000][3.693s][info ][gc,phases   ] GC(8)   Post Evacuate Collection Set: 0.7ms
[2026-02-05T19:41:29.106+0000][3.693s][info ][gc,phases   ] GC(8)   Other: 0.6ms
[2026-02-05T19:41:29.106+0000][3.693s][info ][gc,heap     ] GC(8) Eden regions: 24->0(48)
[2026-02-05T19:41:29.106+0000][3.693s][info ][gc,heap     ] GC(8) Survivor regions: 1->3(4)
[2026-02-05T19:41:29.106+0000][3.693s][info ][gc,heap     ] GC(8) Old regions: 10->10
[2026-02-05T19:41:29.106+0000][3.693s][info ][gc,heap     ] GC(8) Archive regions: 2->2
[2026-02-05T19:41:29.106+0000][3.693s][info ][gc,heap     ] GC(8) Humongous regions: 0->0
[2026-02-05T19:41:29.106+0000][3.694s][info ][gc,metaspace] GC(8) Metaspace: 24364K(24704K)->24364K(24704K) NonClass: 21199K(21376K)->21199K(21376K) Class: 3165K(3328K)->3165K(3328K)
[2026-02-05T19:41:29.107+0000][3.694s][info ][gc          ] GC(8) Pause Young (Normal) (G1 Evacuation Pause) 70M->25M(172M) 6.662ms
[2026-02-05T19:41:29.107+0000][3.694s][info ][gc,cpu      ] GC(8) User=0.02s Sys=0.00s Real=0.01s
[2026-02-05T19:41:29.107+0000][3.694s][info ][safepoint   ] Safepoint "G1CollectForAllocation", Time since last: 236170991 ns, Reaching safepoint: 500021 ns, Cleanup: 109304 ns, At safepoint: 7106795 ns, Total: 7716120 ns
[2026-02-05T19:41:29.379+0000][3.967s][debug][safepoint   ] Safepoint synchronization initiated using futex wait barrier. (15 threads)
[2026-02-05T19:41:29.380+0000][3.967s][info ][gc,start    ] GC(9) Pause Young (Normal) (G1 Evacuation Pause)
[2026-02-05T19:41:29.380+0000][3.967s][info ][gc,task     ] GC(9) Using 4 workers of 10 for evacuation
[2026-02-05T19:41:29.391+0000][3.978s][info ][gc,phases   ] GC(9)   Pre Evacuate Collection Set: 0.1ms
[2026-02-05T19:41:29.392+0000][3.979s][info ][gc,phases   ] GC(9)   Merge Heap Roots: 0.1ms
[2026-02-05T19:41:29.392+0000][3.979s][info ][gc,phases   ] GC(9)   Evacuate Collection Set: 9.2ms
[2026-02-05T19:41:29.392+0000][3.979s][info ][gc,phases   ] GC(9)   Post Evacuate Collection Set: 1.3ms
[2026-02-05T19:41:29.392+0000][3.979s][info ][gc,phases   ] GC(9)   Other: 0.6ms
[2026-02-05T19:41:29.392+0000][3.980s][info ][gc,heap     ] GC(9) Eden regions: 48->0(44)
[2026-02-05T19:41:29.393+0000][3.980s][info ][gc,heap     ] GC(9) Survivor regions: 3->7(7)
[2026-02-05T19:41:29.393+0000][3.980s][info ][gc,heap     ] GC(9) Old regions: 10->11
[2026-02-05T19:41:29.393+0000][3.980s][info ][gc,heap     ] GC(9) Archive regions: 2->2
[2026-02-05T19:41:29.393+0000][3.980s][info ][gc,heap     ] GC(9) Humongous regions: 0->0
[2026-02-05T19:41:29.393+0000][3.981s][info ][gc,metaspace] GC(9) Metaspace: 24519K(24896K)->24519K(24896K) NonClass: 21332K(21504K)->21332K(21504K) Class: 3187K(3392K)->3187K(3392K)
[2026-02-05T19:41:29.394+0000][3.981s][info ][gc          ] GC(9) Pause Young (Normal) (G1 Evacuation Pause) 121M->36M(172M) 13.668ms
[2026-02-05T19:41:29.394+0000][3.981s][info ][gc,cpu      ] GC(9) User=0.08s Sys=0.00s Real=0.01s
[2026-02-05T19:41:29.394+0000][3.981s][info ][safepoint   ] Safepoint "G1CollectForAllocation", Time since last: 272435694 ns, Reaching safepoint: 472020 ns, Cleanup: 49902 ns, At safepoint: 14054783 ns, Total: 14576705 ns
[2026-02-05T19:41:29.688+0000][4.275s][debug][safepoint   ] Safepoint synchronization initiated using futex wait barrier. (15 threads)
[2026-02-05T19:41:29.689+0000][4.276s][info ][gc,start    ] GC(10) Pause Young (Normal) (G1 Evacuation Pause)
[2026-02-05T19:41:29.689+0000][4.276s][info ][gc,task     ] GC(10) Using 4 workers of 10 for evacuation
[2026-02-05T19:41:29.705+0000][4.292s][info ][gc,phases   ] GC(10)   Pre Evacuate Collection Set: 0.1ms
[2026-02-05T19:41:29.706+0000][4.293s][info ][gc,phases   ] GC(10)   Merge Heap Roots: 0.1ms
[2026-02-05T19:41:29.706+0000][4.293s][info ][gc,phases   ] GC(10)   Evacuate Collection Set: 14.4ms
[2026-02-05T19:41:29.706+0000][4.293s][info ][gc,phases   ] GC(10)   Post Evacuate Collection Set: 1.7ms
[2026-02-05T19:41:29.706+0000][4.293s][info ][gc,phases   ] GC(10)   Other: 0.5ms
[2026-02-05T19:41:29.706+0000][4.294s][info ][gc,heap     ] GC(10) Eden regions: 44->0(42)
[2026-02-05T19:41:29.707+0000][4.294s][info ][gc,heap     ] GC(10) Survivor regions: 7->5(7)
[2026-02-05T19:41:29.707+0000][4.294s][info ][gc,heap     ] GC(10) Old regions: 11->18
[2026-02-05T19:41:29.707+0000][4.294s][info ][gc,heap     ] GC(10) Archive regions: 2->2
[2026-02-05T19:41:29.707+0000][4.295s][info ][gc,heap     ] GC(10) Humongous regions: 0->0
[2026-02-05T19:41:29.708+0000][4.295s][info ][gc,metaspace] GC(10) Metaspace: 24783K(25152K)->24783K(25152K) NonClass: 21552K(21760K)->21552K(21760K) Class: 3231K(3392K)->3231K(3392K)
[2026-02-05T19:41:29.708+0000][4.295s][info ][gc          ] GC(10) Pause Young (Normal) (G1 Evacuation Pause) 124M->45M(172M) 19.231ms
[2026-02-05T19:41:29.708+0000][4.295s][info ][gc,cpu      ] GC(10) User=0.12s Sys=0.00s Real=0.02s
[2026-02-05T19:41:29.708+0000][4.296s][info ][safepoint   ] Safepoint "G1CollectForAllocation", Time since last: 293960686 ns, Reaching safepoint: 558123 ns, Cleanup: 72603 ns, At safepoint: 19856923 ns, Total: 20487649 ns
[2026-02-05T19:41:30.101+0000][4.688s][debug][safepoint   ] Safepoint synchronization initiated using futex wait barrier. (15 threads)
[2026-02-05T19:41:30.101+0000][4.688s][info ][safepoint   ] Safepoint "ICBufferFull", Time since last: 392318364 ns, Reaching safepoint: 293113 ns, Cleanup: 85103 ns, At safepoint: 2600 ns, Total: 380816 ns
[2026-02-05T19:41:30.116+0000][4.704s][debug][safepoint   ] Safepoint synchronization initiated using futex wait barrier. (15 threads)
[2026-02-05T19:41:30.117+0000][4.704s][info ][gc,start    ] GC(11) Pause Young (Normal) (G1 Evacuation Pause)
[2026-02-05T19:41:30.117+0000][4.704s][info ][gc,task     ] GC(11) Using 4 workers of 10 for evacuation
[2026-02-05T19:41:30.125+0000][4.712s][info ][gc,phases   ] GC(11)   Pre Evacuate Collection Set: 0.1ms
[2026-02-05T19:41:30.125+0000][4.712s][info ][gc,phases   ] GC(11)   Merge Heap Roots: 0.1ms
[2026-02-05T19:41:30.125+0000][4.713s][info ][gc,phases   ] GC(11)   Evacuate Collection Set: 6.1ms
[2026-02-05T19:41:30.126+0000][4.713s][info ][gc,phases   ] GC(11)   Post Evacuate Collection Set: 1.2ms
[2026-02-05T19:41:30.126+0000][4.713s][info ][gc,phases   ] GC(11)   Other: 0.6ms
[2026-02-05T19:41:30.126+0000][4.713s][info ][gc,heap     ] GC(11) Eden regions: 42->0(41)
[2026-02-05T19:41:30.126+0000][4.714s][info ][gc,heap     ] GC(11) Survivor regions: 5->3(6)
[2026-02-05T19:41:30.127+0000][4.714s][info ][gc,heap     ] GC(11) Old regions: 18->22
[2026-02-05T19:41:30.127+0000][4.714s][info ][gc,heap     ] GC(11) Archive regions: 2->2
[2026-02-05T19:41:30.127+0000][4.714s][info ][gc,heap     ] GC(11) Humongous regions: 0->0
[2026-02-05T19:41:30.127+0000][4.714s][info ][gc,metaspace] GC(11) Metaspace: 25157K(25536K)->25157K(25536K) NonClass: 21901K(22080K)->21901K(22080K) Class: 3256K(3456K)->3256K(3456K)
[2026-02-05T19:41:30.127+0000][4.715s][info ][gc          ] GC(11) Pause Young (Normal) (G1 Evacuation Pause) 129M->51M(172M) 10.708ms
[2026-02-05T19:41:30.128+0000][4.715s][info ][gc,cpu      ] GC(11) User=0.03s Sys=0.01s Real=0.01s
[2026-02-05T19:41:30.128+0000][4.715s][info ][safepoint   ] Safepoint "G1CollectForAllocation", Time since last: 15266333 ns, Reaching safepoint: 323814 ns, Cleanup: 9400 ns, At safepoint: 11142762 ns, Total: 11475976 ns
[2026-02-05T19:41:30.393+0000][4.980s][debug][safepoint   ] Safepoint synchronization initiated using futex wait barrier. (15 threads)
[2026-02-05T19:41:30.394+0000][4.981s][info ][gc,start    ] GC(12) Pause Young (Normal) (G1 Evacuation Pause)
[2026-02-05T19:41:30.394+0000][4.981s][info ][gc,task     ] GC(12) Using 4 workers of 10 for evacuation
[2026-02-05T19:41:30.402+0000][4.989s][info ][gc,phases   ] GC(12)   Pre Evacuate Collection Set: 0.2ms
[2026-02-05T19:41:30.402+0000][4.989s][info ][gc,phases   ] GC(12)   Merge Heap Roots: 0.1ms
[2026-02-05T19:41:30.402+0000][4.989s][info ][gc,phases   ] GC(12)   Evacuate Collection Set: 5.4ms
[2026-02-05T19:41:30.402+0000][4.990s][info ][gc,phases   ] GC(12)   Post Evacuate Collection Set: 1.4ms
[2026-02-05T19:41:30.403+0000][4.990s][info ][gc,phases   ] GC(12)   Other: 0.7ms
[2026-02-05T19:41:30.403+0000][4.991s][info ][gc,heap     ] GC(12) Eden regions: 41->0(60)
[2026-02-05T19:41:30.404+0000][4.991s][info ][gc,heap     ] GC(12) Survivor regions: 3->4(6)
[2026-02-05T19:41:30.404+0000][4.991s][info ][gc,heap     ] GC(12) Old regions: 22->22
[2026-02-05T19:41:30.404+0000][4.991s][info ][gc,heap     ] GC(12) Archive regions: 2->2
[2026-02-05T19:41:30.404+0000][4.991s][info ][gc,heap     ] GC(12) Humongous regions: 0->0
[2026-02-05T19:41:30.404+0000][4.992s][info ][gc,metaspace] GC(12) Metaspace: 25186K(25600K)->25186K(25600K) NonClass: 21927K(22144K)->21927K(22144K) Class: 3258K(3456K)->3258K(3456K)
[2026-02-05T19:41:30.405+0000][4.992s][info ][gc          ] GC(12) Pause Young (Normal) (G1 Evacuation Pause) 133M->53M(220M) 10.932ms
[2026-02-05T19:41:30.405+0000][4.992s][info ][gc,cpu      ] GC(12) User=0.05s Sys=0.00s Real=0.02s
[2026-02-05T19:41:30.405+0000][4.992s][info ][safepoint   ] Safepoint "G1CollectForAllocation", Time since last: 265405703 ns, Reaching safepoint: 381815 ns, Cleanup: 70403 ns, At safepoint: 11440675 ns, Total: 11892893 ns
[2026-02-05T19:41:30.856+0000][5.444s][debug][safepoint   ] Safepoint synchronization initiated using futex wait barrier. (16 threads)
[2026-02-05T19:41:30.857+0000][5.444s][info ][gc,start    ] GC(13) Pause Young (Normal) (G1 Evacuation Pause)
[2026-02-05T19:41:30.857+0000][5.444s][info ][gc,task     ] GC(13) Using 5 workers of 10 for evacuation
[2026-02-05T19:41:30.862+0000][5.449s][info ][gc,phases   ] GC(13)   Pre Evacuate Collection Set: 0.1ms
[2026-02-05T19:41:30.862+0000][5.449s][info ][gc,phases   ] GC(13)   Merge Heap Roots: 0.2ms
[2026-02-05T19:41:30.862+0000][5.450s][info ][gc,phases   ] GC(13)   Evacuate Collection Set: 3.4ms
[2026-02-05T19:41:30.862+0000][5.450s][info ][gc,phases   ] GC(13)   Post Evacuate Collection Set: 0.9ms
[2026-02-05T19:41:30.863+0000][5.450s][info ][gc,phases   ] GC(13)   Other: 0.4ms
[2026-02-05T19:41:30.863+0000][5.450s][info ][gc,heap     ] GC(13) Eden regions: 60->0(60)
[2026-02-05T19:41:30.863+0000][5.450s][info ][gc,heap     ] GC(13) Survivor regions: 4->5(8)
[2026-02-05T19:41:30.863+0000][5.450s][info ][gc,heap     ] GC(13) Old regions: 22->22
[2026-02-05T19:41:30.863+0000][5.450s][info ][gc,heap     ] GC(13) Archive regions: 2->2
[2026-02-05T19:41:30.863+0000][5.450s][info ][gc,heap     ] GC(13) Humongous regions: 0->0
[2026-02-05T19:41:30.863+0000][5.451s][info ][gc,metaspace] GC(13) Metaspace: 26875K(27200K)->26875K(27200K) NonClass: 23478K(23616K)->23478K(23616K) Class: 3397K(3584K)->3397K(3584K)
[2026-02-05T19:41:30.864+0000][5.451s][info ][gc          ] GC(13) Pause Young (Normal) (G1 Evacuation Pause) 173M->55M(220M) 6.913ms
[2026-02-05T19:41:30.864+0000][5.451s][info ][gc,cpu      ] GC(13) User=0.02s Sys=0.00s Real=0.00s
[2026-02-05T19:41:30.864+0000][5.451s][info ][safepoint   ] Safepoint "G1CollectForAllocation", Time since last: 451197705 ns, Reaching safepoint: 229809 ns, Cleanup: 37902 ns, At safepoint: 7267501 ns, Total: 7535212 ns
[2026-02-05T19:41:31.257+0000][5.844s][debug][safepoint   ] Safepoint synchronization initiated using futex wait barrier. (15 threads)
[2026-02-05T19:41:31.257+0000][5.845s][info ][gc,start    ] GC(14) Pause Young (Normal) (G1 Evacuation Pause)
[2026-02-05T19:41:31.258+0000][5.845s][info ][gc,task     ] GC(14) Using 5 workers of 10 for evacuation
[2026-02-05T19:41:31.264+0000][5.852s][info ][gc,phases   ] GC(14)   Pre Evacuate Collection Set: 0.1ms
[2026-02-05T19:41:31.265+0000][5.852s][info ][gc,phases   ] GC(14)   Merge Heap Roots: 0.1ms
[2026-02-05T19:41:31.265+0000][5.852s][info ][gc,phases   ] GC(14)   Evacuate Collection Set: 4.9ms
[2026-02-05T19:41:31.265+0000][5.853s][info ][gc,phases   ] GC(14)   Post Evacuate Collection Set: 1.2ms
[2026-02-05T19:41:31.266+0000][5.853s][info ][gc,phases   ] GC(14)   Other: 0.7ms
[2026-02-05T19:41:31.266+0000][5.853s][info ][gc,heap     ] GC(14) Eden regions: 60->0(61)
[2026-02-05T19:41:31.266+0000][5.853s][info ][gc,heap     ] GC(14) Survivor regions: 5->4(9)
[2026-02-05T19:41:31.266+0000][5.854s][info ][gc,heap     ] GC(14) Old regions: 22->24
[2026-02-05T19:41:31.267+0000][5.854s][info ][gc,heap     ] GC(14) Archive regions: 2->2
[2026-02-05T19:41:31.267+0000][5.854s][info ][gc,heap     ] GC(14) Humongous regions: 0->0
[2026-02-05T19:41:31.267+0000][5.855s][info ][gc,metaspace] GC(14) Metaspace: 30525K(30976K)->30525K(30976K) NonClass: 26711K(26944K)->26711K(26944K) Class: 3814K(4032K)->3814K(4032K)
[2026-02-05T19:41:31.268+0000][5.855s][info ][gc          ] GC(14) Pause Young (Normal) (G1 Evacuation Pause) 175M->56M(220M) 10.239ms
[2026-02-05T19:41:31.268+0000][5.855s][info ][gc,cpu      ] GC(14) User=0.04s Sys=0.00s Real=0.01s
[2026-02-05T19:41:31.268+0000][5.856s][info ][safepoint   ] Safepoint "G1CollectForAllocation", Time since last: 393097196 ns, Reaching safepoint: 388816 ns, Cleanup: 65703 ns, At safepoint: 10931653 ns, Total: 11386172 ns
[2026-02-05T19:41:31.922+0000][6.510s][debug][safepoint   ] Safepoint synchronization initiated using futex wait barrier. (15 threads)
[2026-02-05T19:41:31.923+0000][6.510s][info ][gc,start    ] GC(15) Pause Young (Normal) (G1 Evacuation Pause)
[2026-02-05T19:41:31.923+0000][6.511s][info ][gc,task     ] GC(15) Using 5 workers of 10 for evacuation
[2026-02-05T19:41:31.930+0000][6.517s][info ][gc,phases   ] GC(15)   Pre Evacuate Collection Set: 0.2ms
[2026-02-05T19:41:31.930+0000][6.518s][info ][gc,phases   ] GC(15)   Merge Heap Roots: 0.1ms
[2026-02-05T19:41:31.931+0000][6.518s][info ][gc,phases   ] GC(15)   Evacuate Collection Set: 4.5ms
[2026-02-05T19:41:31.931+0000][6.518s][info ][gc,phases   ] GC(15)   Post Evacuate Collection Set: 1.3ms
[2026-02-05T19:41:31.931+0000][6.519s][info ][gc,phases   ] GC(15)   Other: 0.9ms
[2026-02-05T19:41:31.932+0000][6.519s][info ][gc,heap     ] GC(15) Eden regions: 61->0(61)
[2026-02-05T19:41:31.932+0000][6.519s][info ][gc,heap     ] GC(15) Survivor regions: 4->5(9)
[2026-02-05T19:41:31.932+0000][6.519s][info ][gc,heap     ] GC(15) Old regions: 24->24
[2026-02-05T19:41:31.932+0000][6.520s][info ][gc,heap     ] GC(15) Archive regions: 2->2
[2026-02-05T19:41:31.933+0000][6.520s][info ][gc,heap     ] GC(15) Humongous regions: 0->0
[2026-02-05T19:41:31.933+0000][6.520s][info ][gc,metaspace] GC(15) Metaspace: 34132K(34496K)->34132K(34496K) NonClass: 29906K(30080K)->29906K(30080K) Class: 4225K(4416K)->4225K(4416K)
[2026-02-05T19:41:31.933+0000][6.520s][info ][gc          ] GC(15) Pause Young (Normal) (G1 Evacuation Pause) 178M->57M(220M) 10.258ms
[2026-02-05T19:41:31.934+0000][6.521s][info ][gc,cpu      ] GC(15) User=0.04s Sys=0.00s Real=0.01s
[2026-02-05T19:41:31.934+0000][6.521s][info ][safepoint   ] Safepoint "G1CollectForAllocation", Time since last: 654148219 ns, Reaching safepoint: 388316 ns, Cleanup: 105604 ns, At safepoint: 11054258 ns, Total: 11548178 ns
[2026-02-05T19:41:32.578+0000][7.165s][debug][safepoint   ] Safepoint synchronization initiated using futex wait barrier. (15 threads)
[2026-02-05T19:41:32.579+0000][7.166s][info ][gc,start    ] GC(16) Pause Young (Normal) (G1 Evacuation Pause)
[2026-02-05T19:41:32.579+0000][7.166s][info ][gc,task     ] GC(16) Using 5 workers of 10 for evacuation
[2026-02-05T19:41:32.586+0000][7.173s][info ][gc,phases   ] GC(16)   Pre Evacuate Collection Set: 0.2ms
[2026-02-05T19:41:32.586+0000][7.173s][info ][gc,phases   ] GC(16)   Merge Heap Roots: 0.1ms
[2026-02-05T19:41:32.587+0000][7.174s][info ][gc,phases   ] GC(16)   Evacuate Collection Set: 5.0ms
[2026-02-05T19:41:32.587+0000][7.174s][info ][gc,phases   ] GC(16)   Post Evacuate Collection Set: 1.1ms
[2026-02-05T19:41:32.587+0000][7.174s][info ][gc,phases   ] GC(16)   Other: 0.6ms
[2026-02-05T19:41:32.587+0000][7.175s][info ][gc,heap     ] GC(16) Eden regions: 61->0(62)
[2026-02-05T19:41:32.587+0000][7.175s][info ][gc,heap     ] GC(16) Survivor regions: 5->4(9)
[2026-02-05T19:41:32.588+0000][7.175s][info ][gc,heap     ] GC(16) Old regions: 24->24
[2026-02-05T19:41:32.588+0000][7.175s][info ][gc,heap     ] GC(16) Archive regions: 2->2
[2026-02-05T19:41:32.588+0000][7.175s][info ][gc,heap     ] GC(16) Humongous regions: 0->0
[2026-02-05T19:41:32.588+0000][7.176s][info ][gc,metaspace] GC(16) Metaspace: 35460K(35840K)->35460K(35840K) NonClass: 31056K(31232K)->31056K(31232K) Class: 4404K(4608K)->4404K(4608K)
[2026-02-05T19:41:32.589+0000][7.176s][info ][gc          ] GC(16) Pause Young (Normal) (G1 Evacuation Pause) 179M->56M(220M) 9.562ms
[2026-02-05T19:41:32.589+0000][7.176s][info ][gc,cpu      ] GC(16) User=0.05s Sys=0.00s Real=0.01s
[2026-02-05T19:41:32.589+0000][7.176s][info ][safepoint   ] Safepoint "G1CollectForAllocation", Time since last: 644057301 ns, Reaching safepoint: 645526 ns, Cleanup: 159507 ns, At safepoint: 10005215 ns, Total: 10810248 ns
[2026-02-05T19:41:32.652+0000][7.239s][debug][safepoint   ] Safepoint synchronization initiated using futex wait barrier. (15 threads)
[2026-02-05T19:41:32.652+0000][7.240s][info ][gc,start    ] GC(17) Pause Young (Concurrent Start) (Metadata GC Threshold)
[2026-02-05T19:41:32.653+0000][7.240s][info ][gc,task     ] GC(17) Using 5 workers of 10 for evacuation
[2026-02-05T19:41:32.658+0000][7.246s][info ][gc,phases   ] GC(17)   Pre Evacuate Collection Set: 0.1ms
[2026-02-05T19:41:32.659+0000][7.246s][info ][gc,phases   ] GC(17)   Merge Heap Roots: 0.1ms
[2026-02-05T19:41:32.659+0000][7.246s][info ][gc,phases   ] GC(17)   Evacuate Collection Set: 4.4ms
[2026-02-05T19:41:32.659+0000][7.246s][info ][gc,phases   ] GC(17)   Post Evacuate Collection Set: 1.0ms
[2026-02-05T19:41:32.659+0000][7.247s][info ][gc,phases   ] GC(17)   Other: 0.4ms
[2026-02-05T19:41:32.660+0000][7.247s][info ][gc,heap     ] GC(17) Eden regions: 5->0(62)
[2026-02-05T19:41:32.660+0000][7.247s][info ][gc,heap     ] GC(17) Survivor regions: 4->4(9)
[2026-02-05T19:41:32.660+0000][7.247s][info ][gc,heap     ] GC(17) Old regions: 24->24
[2026-02-05T19:41:32.660+0000][7.247s][info ][gc,heap     ] GC(17) Archive regions: 2->2
[2026-02-05T19:41:32.660+0000][7.247s][info ][gc,heap     ] GC(17) Humongous regions: 0->0
[2026-02-05T19:41:32.660+0000][7.248s][info ][gc,metaspace] GC(17) Metaspace: 35762K(36160K)->35762K(36160K) NonClass: 31324K(31488K)->31324K(31488K) Class: 4437K(4672K)->4437K(4672K)
[2026-02-05T19:41:32.661+0000][7.248s][info ][gc          ] GC(17) Pause Young (Concurrent Start) (Metadata GC Threshold) 66M->56M(220M) 8.164ms
[2026-02-05T19:41:32.661+0000][7.248s][info ][gc,cpu      ] GC(17) User=0.04s Sys=0.00s Real=0.01s
[2026-02-05T19:41:32.661+0000][7.248s][info ][gc          ] GC(18) Concurrent Mark Cycle
[2026-02-05T19:41:32.661+0000][7.248s][info ][safepoint   ] Safepoint "CollectForMetadataAllocation", Time since last: 63187319 ns, Reaching safepoint: 259311 ns, Cleanup: 20701 ns, At safepoint: 8761063 ns, Total: 9041075 ns
[2026-02-05T19:41:32.661+0000][7.249s][info ][gc,marking  ] GC(18) Concurrent Clear Claimed Marks
[2026-02-05T19:41:32.662+0000][7.249s][info ][gc,marking  ] GC(18) Concurrent Clear Claimed Marks 0.584ms
[2026-02-05T19:41:32.662+0000][7.249s][info ][gc,marking  ] GC(18) Concurrent Scan Root Regions
[2026-02-05T19:41:32.666+0000][7.253s][info ][gc,marking  ] GC(18) Concurrent Scan Root Regions 4.033ms
[2026-02-05T19:41:32.667+0000][7.254s][info ][gc,marking  ] GC(18) Concurrent Mark
[2026-02-05T19:41:32.668+0000][7.255s][info ][gc,marking  ] GC(18) Concurrent Mark From Roots
[2026-02-05T19:41:32.669+0000][7.256s][info ][gc,task     ] GC(18) Using 3 workers of 3 for marking
[2026-02-05T19:41:32.706+0000][7.293s][info ][gc,marking  ] GC(18) Concurrent Mark From Roots 37.926ms
[2026-02-05T19:41:32.707+0000][7.294s][info ][gc,marking  ] GC(18) Concurrent Preclean
[2026-02-05T19:41:32.708+0000][7.295s][info ][gc,marking  ] GC(18) Concurrent Preclean 1.654ms
[2026-02-05T19:41:32.709+0000][7.296s][debug][safepoint   ] Safepoint synchronization initiated using futex wait barrier. (15 threads)
[2026-02-05T19:41:32.709+0000][7.296s][info ][gc,start    ] GC(18) Pause Remark
[2026-02-05T19:41:32.712+0000][7.299s][info ][gc          ] GC(18) Pause Remark 59M->59M(214M) 2.995ms
[2026-02-05T19:41:32.712+0000][7.300s][info ][gc,cpu      ] GC(18) User=0.02s Sys=0.00s Real=0.00s
[2026-02-05T19:41:32.713+0000][7.300s][info ][safepoint   ] Safepoint "G1PauseRemark", Time since last: 47607674 ns, Reaching safepoint: 396616 ns, Cleanup: 14201 ns, At safepoint: 3615450 ns, Total: 4026267 ns
[2026-02-05T19:41:32.713+0000][7.300s][info ][gc,marking  ] GC(18) Concurrent Mark 45.902ms
[2026-02-05T19:41:32.713+0000][7.300s][info ][gc,marking  ] GC(18) Concurrent Rebuild Remembered Sets
[2026-02-05T19:41:32.730+0000][7.317s][info ][gc,marking  ] GC(18) Concurrent Rebuild Remembered Sets 16.956ms
[2026-02-05T19:41:32.731+0000][7.318s][debug][safepoint   ] Safepoint synchronization initiated using futex wait barrier. (15 threads)
[2026-02-05T19:41:32.731+0000][7.318s][info ][gc,start    ] GC(18) Pause Cleanup
[2026-02-05T19:41:32.731+0000][7.318s][info ][gc          ] GC(18) Pause Cleanup 61M->61M(214M) 0.357ms
[2026-02-05T19:41:32.731+0000][7.319s][info ][gc,cpu      ] GC(18) User=0.00s Sys=0.00s Real=0.00s
[2026-02-05T19:41:32.732+0000][7.319s][info ][safepoint   ] Safepoint "G1PauseCleanup", Time since last: 17782737 ns, Reaching safepoint: 286812 ns, Cleanup: 12600 ns, At safepoint: 764632 ns, Total: 1064044 ns
[2026-02-05T19:41:32.732+0000][7.319s][info ][gc,marking  ] GC(18) Concurrent Cleanup for Next Mark
[2026-02-05T19:41:32.733+0000][7.320s][info ][gc,marking  ] GC(18) Concurrent Cleanup for Next Mark 1.077ms
[2026-02-05T19:41:32.733+0000][7.320s][info ][gc          ] GC(18) Concurrent Mark Cycle 72.205ms
[2026-02-05T19:41:33.334+0000][7.921s][debug][safepoint   ] Safepoint synchronization initiated using futex wait barrier. (15 threads)
[2026-02-05T19:41:33.335+0000][7.922s][info ][gc,start    ] GC(19) Pause Young (Prepare Mixed) (G1 Evacuation Pause)
[2026-02-05T19:41:33.335+0000][7.922s][info ][gc,task     ] GC(19) Using 5 workers of 10 for evacuation
[2026-02-05T19:41:33.342+0000][7.929s][info ][gc,phases   ] GC(19)   Pre Evacuate Collection Set: 0.1ms
[2026-02-05T19:41:33.343+0000][7.930s][info ][gc,phases   ] GC(19)   Merge Heap Roots: 0.1ms
[2026-02-05T19:41:33.343+0000][7.930s][info ][gc,phases   ] GC(19)   Evacuate Collection Set: 5.6ms
[2026-02-05T19:41:33.343+0000][7.930s][info ][gc,phases   ] GC(19)   Post Evacuate Collection Set: 1.2ms
[2026-02-05T19:41:33.344+0000][7.931s][info ][gc,phases   ] GC(19)   Other: 0.5ms
[2026-02-05T19:41:33.344+0000][7.931s][info ][gc,heap     ] GC(19) Eden regions: 60->0(1)
[2026-02-05T19:41:33.344+0000][7.931s][info ][gc,heap     ] GC(19) Survivor regions: 4->5(8)
[2026-02-05T19:41:33.344+0000][7.932s][info ][gc,heap     ] GC(19) Old regions: 24->24
[2026-02-05T19:41:33.345+0000][7.932s][info ][gc,heap     ] GC(19) Archive regions: 2->2
[2026-02-05T19:41:33.345+0000][7.932s][info ][gc,heap     ] GC(19) Humongous regions: 0->0
[2026-02-05T19:41:33.345+0000][7.932s][info ][gc,metaspace] GC(19) Metaspace: 38778K(39232K)->38778K(39232K) NonClass: 33883K(34112K)->33883K(34112K) Class: 4895K(5120K)->4895K(5120K)
[2026-02-05T19:41:33.345+0000][7.933s][info ][gc          ] GC(19) Pause Young (Prepare Mixed) (G1 Evacuation Pause) 176M->57M(214M) 10.646ms
[2026-02-05T19:41:33.345+0000][7.933s][info ][gc,cpu      ] GC(19) User=0.03s Sys=0.00s Real=0.02s
[2026-02-05T19:41:33.346+0000][7.933s][info ][safepoint   ] Safepoint "G1CollectForAllocation", Time since last: 602456276 ns, Reaching safepoint: 466019 ns, Cleanup: 109704 ns, At safepoint: 11025157 ns, Total: 11600880 ns
[2026-02-05T19:41:33.361+0000][7.948s][debug][safepoint   ] Safepoint synchronization initiated using futex wait barrier. (15 threads)
[2026-02-05T19:41:33.362+0000][7.949s][info ][gc,start    ] GC(20) Pause Young (Mixed) (G1 Evacuation Pause)
[2026-02-05T19:41:33.362+0000][7.949s][info ][gc,task     ] GC(20) Using 5 workers of 10 for evacuation
[2026-02-05T19:41:33.370+0000][7.957s][info ][gc,phases   ] GC(20)   Pre Evacuate Collection Set: 0.1ms
[2026-02-05T19:41:33.370+0000][7.957s][info ][gc,phases   ] GC(20)   Merge Heap Roots: 0.2ms
[2026-02-05T19:41:33.370+0000][7.958s][info ][gc,phases   ] GC(20)   Evacuate Collection Set: 5.7ms
[2026-02-05T19:41:33.371+0000][7.958s][info ][gc,phases   ] GC(20)   Post Evacuate Collection Set: 1.3ms
[2026-02-05T19:41:33.371+0000][7.958s][info ][gc,phases   ] GC(20)   Other: 0.7ms
[2026-02-05T19:41:33.371+0000][7.958s][info ][gc,heap     ] GC(20) Eden regions: 1->0(76)
[2026-02-05T19:41:33.371+0000][7.959s][info ][gc,heap     ] GC(20) Survivor regions: 5->1(1)
[2026-02-05T19:41:33.372+0000][7.959s][info ][gc,heap     ] GC(20) Old regions: 24->28
[2026-02-05T19:41:33.372+0000][7.959s][info ][gc,heap     ] GC(20) Archive regions: 2->2
[2026-02-05T19:41:33.372+0000][7.959s][info ][gc,heap     ] GC(20) Humongous regions: 0->0
[2026-02-05T19:41:33.372+0000][7.959s][info ][gc,metaspace] GC(20) Metaspace: 38790K(39232K)->38790K(39232K) NonClass: 33895K(34112K)->33895K(34112K) Class: 4895K(5120K)->4895K(5120K)
[2026-02-05T19:41:33.372+0000][7.960s][info ][gc          ] GC(20) Pause Young (Mixed) (G1 Evacuation Pause) 59M->56M(258M) 10.804ms
[2026-02-05T19:41:33.373+0000][7.960s][info ][gc,cpu      ] GC(20) User=0.02s Sys=0.01s Real=0.01s
[2026-02-05T19:41:33.373+0000][7.960s][info ][safepoint   ] Safepoint "G1CollectForAllocation", Time since last: 15546945 ns, Reaching safepoint: 320013 ns, Cleanup: 18001 ns, At safepoint: 11256867 ns, Total: 11594881 ns
[2026-02-05T19:41:34.509+0000][9.096s][debug][safepoint   ] Safepoint synchronization initiated using futex wait barrier. (15 threads)
[2026-02-05T19:41:34.510+0000][9.097s][info ][safepoint   ] Safepoint "Cleanup", Time since last: 1136182501 ns, Reaching safepoint: 376316 ns, Cleanup: 112905 ns, At safepoint: 17700 ns, Total: 506921 ns
[2026-02-05T19:41:34.672+0000][9.260s][debug][safepoint   ] Safepoint synchronization initiated using futex wait barrier. (15 threads)
[2026-02-05T19:41:34.673+0000][9.260s][info ][gc,start    ] GC(21) Pause Young (Normal) (G1 Evacuation Pause)
[2026-02-05T19:41:34.673+0000][9.260s][info ][gc,task     ] GC(21) Using 6 workers of 10 for evacuation
[2026-02-05T19:41:34.677+0000][9.264s][info ][gc,phases   ] GC(21)   Pre Evacuate Collection Set: 0.2ms
[2026-02-05T19:41:34.678+0000][9.265s][info ][gc,phases   ] GC(21)   Merge Heap Roots: 0.1ms
[2026-02-05T19:41:34.678+0000][9.265s][info ][gc,phases   ] GC(21)   Evacuate Collection Set: 2.4ms
[2026-02-05T19:41:34.678+0000][9.265s][info ][gc,phases   ] GC(21)   Post Evacuate Collection Set: 1.0ms
[2026-02-05T19:41:34.678+0000][9.265s][info ][gc,phases   ] GC(21)   Other: 0.7ms
[2026-02-05T19:41:34.679+0000][9.266s][info ][gc,heap     ] GC(21) Eden regions: 76->0(75)
[2026-02-05T19:41:34.679+0000][9.266s][info ][gc,heap     ] GC(21) Survivor regions: 1->2(10)
[2026-02-05T19:41:34.679+0000][9.267s][info ][gc,heap     ] GC(21) Old regions: 28->28
[2026-02-05T19:41:34.680+0000][9.267s][info ][gc,heap     ] GC(21) Archive regions: 2->2
[2026-02-05T19:41:34.680+0000][9.267s][info ][gc,heap     ] GC(21) Humongous regions: 0->0
[2026-02-05T19:41:34.680+0000][9.267s][info ][gc,metaspace] GC(21) Metaspace: 41910K(42304K)->41910K(42304K) NonClass: 36610K(36800K)->36610K(36800K) Class: 5299K(5504K)->5299K(5504K)
[2026-02-05T19:41:34.680+0000][9.268s][info ][gc          ] GC(21) Pause Young (Normal) (G1 Evacuation Pause) 208M->58M(258M) 7.462ms
[2026-02-05T19:41:34.681+0000][9.268s][info ][gc,cpu      ] GC(21) User=0.03s Sys=0.00s Real=0.01s
[2026-02-05T19:41:34.681+0000][9.268s][info ][safepoint   ] Safepoint "G1CollectForAllocation", Time since last: 162890853 ns, Reaching safepoint: 336414 ns, Cleanup: 68103 ns, At safepoint: 7943529 ns, Total: 8348046 ns
[2026-02-05T19:41:35.281+0000][9.868s][debug][safepoint   ] Safepoint synchronization initiated using futex wait barrier. (15 threads)
[2026-02-05T19:41:35.281+0000][9.868s][info ][safepoint   ] Safepoint "ICBufferFull", Time since last: 599912770 ns, Reaching safepoint: 272012 ns, Cleanup: 119305 ns, At safepoint: 2100 ns, Total: 393417 ns
[2026-02-05T19:41:35.625+0000][10.212s][debug][safepoint   ] Safepoint synchronization initiated using futex wait barrier. (15 threads)
[2026-02-05T19:41:35.625+0000][10.212s][info ][gc,start    ] GC(22) Pause Young (Normal) (G1 Evacuation Pause)
[2026-02-05T19:41:35.626+0000][10.213s][info ][gc,task     ] GC(22) Using 6 workers of 10 for evacuation
[2026-02-05T19:41:35.631+0000][10.218s][info ][gc,phases   ] GC(22)   Pre Evacuate Collection Set: 0.2ms
[2026-02-05T19:41:35.631+0000][10.219s][info ][gc,phases   ] GC(22)   Merge Heap Roots: 0.1ms
[2026-02-05T19:41:35.632+0000][10.219s][info ][gc,phases   ] GC(22)   Evacuate Collection Set: 3.7ms
[2026-02-05T19:41:35.632+0000][10.219s][info ][gc,phases   ] GC(22)   Post Evacuate Collection Set: 1.1ms
[2026-02-05T19:41:35.632+0000][10.219s][info ][gc,phases   ] GC(22)   Other: 0.5ms
[2026-02-05T19:41:35.632+0000][10.220s][info ][gc,heap     ] GC(22) Eden regions: 75->0(73)
[2026-02-05T19:41:35.633+0000][10.220s][info ][gc,heap     ] GC(22) Survivor regions: 2->4(10)
[2026-02-05T19:41:35.633+0000][10.220s][info ][gc,heap     ] GC(22) Old regions: 28->28
[2026-02-05T19:41:35.633+0000][10.220s][info ][gc,heap     ] GC(22) Archive regions: 2->2
[2026-02-05T19:41:35.633+0000][10.221s][info ][gc,heap     ] GC(22) Humongous regions: 0->0
[2026-02-05T19:41:35.634+0000][10.221s][info ][gc,metaspace] GC(22) Metaspace: 45782K(46208K)->45782K(46208K) NonClass: 39935K(40192K)->39935K(40192K) Class: 5846K(6016K)->5846K(6016K)
[2026-02-05T19:41:35.634+0000][10.221s][info ][gc          ] GC(22) Pause Young (Normal) (G1 Evacuation Pause) 208M->61M(258M) 8.698ms
[2026-02-05T19:41:35.634+0000][10.221s][info ][gc,cpu      ] GC(22) User=0.04s Sys=0.00s Real=0.00s
[2026-02-05T19:41:35.635+0000][10.222s][info ][safepoint   ] Safepoint "G1CollectForAllocation", Time since last: 343843854 ns, Reaching safepoint: 286312 ns, Cleanup: 81204 ns, At safepoint: 9241283 ns, Total: 9608799 ns
[2026-02-05T19:41:36.704+0000][11.292s][debug][safepoint   ] Safepoint synchronization initiated using futex wait barrier. (15 threads)
[2026-02-05T19:41:36.705+0000][11.292s][info ][safepoint   ] Safepoint "Cleanup", Time since last: 1069829688 ns, Reaching safepoint: 315613 ns, Cleanup: 149706 ns, At safepoint: 21401 ns, Total: 486720 ns
[2026-02-05T19:41:37.661+0000][12.248s][debug][safepoint   ] Safepoint synchronization initiated using futex wait barrier. (17 threads)
[2026-02-05T19:41:37.661+0000][12.249s][info ][gc,start    ] GC(23) Pause Young (Normal) (G1 Evacuation Pause)
[2026-02-05T19:41:37.662+0000][12.249s][info ][gc,task     ] GC(23) Using 6 workers of 10 for evacuation
[2026-02-05T19:41:37.668+0000][12.255s][info ][gc,phases   ] GC(23)   Pre Evacuate Collection Set: 0.2ms
[2026-02-05T19:41:37.669+0000][12.256s][info ][gc,phases   ] GC(23)   Merge Heap Roots: 0.2ms
[2026-02-05T19:41:37.669+0000][12.256s][info ][gc,phases   ] GC(23)   Evacuate Collection Set: 4.2ms
[2026-02-05T19:41:37.669+0000][12.257s][info ][gc,phases   ] GC(23)   Post Evacuate Collection Set: 1.6ms
[2026-02-05T19:41:37.670+0000][12.257s][info ][gc,phases   ] GC(23)   Other: 0.6ms
[2026-02-05T19:41:37.670+0000][12.257s][info ][gc,heap     ] GC(23) Eden regions: 73->0(72)
[2026-02-05T19:41:37.670+0000][12.257s][info ][gc,heap     ] GC(23) Survivor regions: 4->5(10)
[2026-02-05T19:41:37.670+0000][12.258s][info ][gc,heap     ] GC(23) Old regions: 28->28
[2026-02-05T19:41:37.671+0000][12.258s][info ][gc,heap     ] GC(23) Archive regions: 2->2
[2026-02-05T19:41:37.671+0000][12.258s][info ][gc,heap     ] GC(23) Humongous regions: 0->0
[2026-02-05T19:41:37.671+0000][12.258s][info ][gc,metaspace] GC(23) Metaspace: 53160K(53632K)->53160K(53632K) NonClass: 46434K(46656K)->46434K(46656K) Class: 6725K(6976K)->6725K(6976K)
[2026-02-05T19:41:37.671+0000][12.258s][info ][gc          ] GC(23) Pause Young (Normal) (G1 Evacuation Pause) 207M->63M(258M) 9.671ms
[2026-02-05T19:41:37.671+0000][12.258s][info ][gc,cpu      ] GC(23) User=0.03s Sys=0.00s Real=0.01s
[2026-02-05T19:41:37.671+0000][12.259s][info ][safepoint   ] Safepoint "G1CollectForAllocation", Time since last: 956195673 ns, Reaching safepoint: 323614 ns, Cleanup: 53002 ns, At safepoint: 10026516 ns, Total: 10403132 ns
[2026-02-05T19:41:38.547+0000][13.134s][debug][safepoint   ] Safepoint synchronization initiated using futex wait barrier. (18 threads)
[2026-02-05T19:41:38.547+0000][13.135s][info ][safepoint   ] Safepoint "ICBufferFull", Time since last: 875252815 ns, Reaching safepoint: 540422 ns, Cleanup: 148506 ns, At safepoint: 33902 ns, Total: 722830 ns
[2026-02-05T19:41:38.600+0000][13.188s][debug][safepoint   ] Safepoint synchronization initiated using futex wait barrier. (18 threads)
[2026-02-05T19:41:38.601+0000][13.188s][info ][gc,start    ] GC(24) Pause Young (Normal) (G1 Evacuation Pause)
[2026-02-05T19:41:38.601+0000][13.188s][info ][gc,task     ] GC(24) Using 6 workers of 10 for evacuation
[2026-02-05T19:41:38.610+0000][13.197s][info ][gc,phases   ] GC(24)   Pre Evacuate Collection Set: 0.2ms
[2026-02-05T19:41:38.610+0000][13.197s][info ][gc,phases   ] GC(24)   Merge Heap Roots: 0.1ms
[2026-02-05T19:41:38.610+0000][13.198s][info ][gc,phases   ] GC(24)   Evacuate Collection Set: 6.8ms
[2026-02-05T19:41:38.611+0000][13.198s][info ][gc,phases   ] GC(24)   Post Evacuate Collection Set: 1.4ms
[2026-02-05T19:41:38.611+0000][13.198s][info ][gc,phases   ] GC(24)   Other: 0.7ms
[2026-02-05T19:41:38.611+0000][13.198s][info ][gc,heap     ] GC(24) Eden regions: 72->0(71)
[2026-02-05T19:41:38.611+0000][13.199s][info ][gc,heap     ] GC(24) Survivor regions: 5->6(10)
[2026-02-05T19:41:38.612+0000][13.199s][info ][gc,heap     ] GC(24) Old regions: 28->28
[2026-02-05T19:41:38.612+0000][13.199s][info ][gc,heap     ] GC(24) Archive regions: 2->2
[2026-02-05T19:41:38.612+0000][13.199s][info ][gc,heap     ] GC(24) Humongous regions: 0->0
[2026-02-05T19:41:38.612+0000][13.200s][info ][gc,metaspace] GC(24) Metaspace: 57007K(57408K)->57007K(57408K) NonClass: 49774K(49984K)->49774K(49984K) Class: 7233K(7424K)->7233K(7424K)
[2026-02-05T19:41:38.613+0000][13.200s][info ][gc          ] GC(24) Pause Young (Normal) (G1 Evacuation Pause) 207M->66M(258M) 11.824ms
[2026-02-05T19:41:38.613+0000][13.200s][info ][gc,cpu      ] GC(24) User=0.06s Sys=0.00s Real=0.01s
[2026-02-05T19:41:38.613+0000][13.200s][info ][safepoint   ] Safepoint "G1CollectForAllocation", Time since last: 52903795 ns, Reaching safepoint: 385216 ns, Cleanup: 9000 ns, At safepoint: 12469318 ns, Total: 12863534 ns
[2026-02-05T19:41:39.086+0000][13.673s][debug][safepoint   ] Safepoint synchronization initiated using futex wait barrier. (16 threads)
[2026-02-05T19:41:39.087+0000][13.674s][info ][gc,start    ] GC(25) Pause Young (Concurrent Start) (Metadata GC Threshold)
[2026-02-05T19:41:39.087+0000][13.674s][info ][gc,task     ] GC(25) Using 6 workers of 10 for evacuation
[2026-02-05T19:41:39.095+0000][13.682s][info ][gc,phases   ] GC(25)   Pre Evacuate Collection Set: 0.3ms
[2026-02-05T19:41:39.095+0000][13.683s][info ][gc,phases   ] GC(25)   Merge Heap Roots: 0.2ms
[2026-02-05T19:41:39.096+0000][13.683s][info ][gc,phases   ] GC(25)   Evacuate Collection Set: 5.9ms
[2026-02-05T19:41:39.096+0000][13.683s][info ][gc,phases   ] GC(25)   Post Evacuate Collection Set: 1.2ms
[2026-02-05T19:41:39.096+0000][13.683s][info ][gc,phases   ] GC(25)   Other: 0.7ms
[2026-02-05T19:41:39.096+0000][13.683s][info ][gc,heap     ] GC(25) Eden regions: 38->0(71)
[2026-02-05T19:41:39.096+0000][13.684s][info ][gc,heap     ] GC(25) Survivor regions: 6->6(10)
[2026-02-05T19:41:39.097+0000][13.684s][info ][gc,heap     ] GC(25) Old regions: 28->28
[2026-02-05T19:41:39.097+0000][13.684s][info ][gc,heap     ] GC(25) Archive regions: 2->2
[2026-02-05T19:41:39.097+0000][13.684s][info ][gc,heap     ] GC(25) Humongous regions: 0->0
[2026-02-05T19:41:39.097+0000][13.685s][info ][gc,metaspace] GC(25) Metaspace: 60188K(60608K)->60188K(60608K) NonClass: 52510K(52736K)->52510K(52736K) Class: 7677K(7872K)->7677K(7872K)
[2026-02-05T19:41:39.098+0000][13.685s][info ][gc          ] GC(25) Pause Young (Concurrent Start) (Metadata GC Threshold) 141M->67M(258M) 10.819ms
[2026-02-05T19:41:39.098+0000][13.685s][info ][gc,cpu      ] GC(25) User=0.04s Sys=0.00s Real=0.01s
[2026-02-05T19:41:39.098+0000][13.685s][info ][gc          ] GC(26) Concurrent Mark Cycle
[2026-02-05T19:41:39.099+0000][13.686s][info ][gc,marking  ] GC(26) Concurrent Clear Claimed Marks
[2026-02-05T19:41:39.098+0000][13.685s][info ][safepoint   ] Safepoint "CollectForMetadataAllocation", Time since last: 472964523 ns, Reaching safepoint: 625726 ns, Cleanup: 37902 ns, At safepoint: 11433674 ns, Total: 12097302 ns
[2026-02-05T19:41:39.099+0000][13.686s][info ][gc,marking  ] GC(26) Concurrent Clear Claimed Marks 0.318ms
[2026-02-05T19:41:39.100+0000][13.687s][info ][gc,marking  ] GC(26) Concurrent Scan Root Regions
[2026-02-05T19:41:39.106+0000][13.693s][info ][gc,marking  ] GC(26) Concurrent Scan Root Regions 6.601ms
[2026-02-05T19:41:39.107+0000][13.694s][info ][gc,marking  ] GC(26) Concurrent Mark
[2026-02-05T19:41:39.107+0000][13.694s][info ][gc,marking  ] GC(26) Concurrent Mark From Roots
[2026-02-05T19:41:39.107+0000][13.694s][info ][gc,task     ] GC(26) Using 3 workers of 3 for marking
[2026-02-05T19:41:39.134+0000][13.721s][debug][safepoint   ] Safepoint synchronization initiated using futex wait barrier. (18 threads)
[2026-02-05T19:41:39.135+0000][13.722s][info ][safepoint   ] Safepoint "CollectForMetadataAllocation", Time since last: 35872689 ns, Reaching safepoint: 398016 ns, Cleanup: 9700 ns, At safepoint: 103305 ns, Total: 511021 ns
[2026-02-05T19:41:39.139+0000][13.726s][info ][gc,marking  ] GC(26) Concurrent Mark From Roots 32.062ms
[2026-02-05T19:41:39.139+0000][13.726s][info ][gc,marking  ] GC(26) Concurrent Preclean
[2026-02-05T19:41:39.140+0000][13.727s][info ][gc,marking  ] GC(26) Concurrent Preclean 0.479ms
[2026-02-05T19:41:39.140+0000][13.727s][debug][safepoint   ] Safepoint synchronization initiated using futex wait barrier. (18 threads)
[2026-02-05T19:41:39.140+0000][13.727s][info ][gc,start    ] GC(26) Pause Remark
[2026-02-05T19:41:39.144+0000][13.731s][info ][gc          ] GC(26) Pause Remark 71M->71M(258M) 3.666ms
[2026-02-05T19:41:39.144+0000][13.732s][info ][gc,cpu      ] GC(26) User=0.01s Sys=0.00s Real=0.01s
[2026-02-05T19:41:39.145+0000][13.732s][info ][safepoint   ] Safepoint "G1PauseRemark", Time since last: 5366822 ns, Reaching safepoint: 291312 ns, Cleanup: 4101 ns, At safepoint: 4311379 ns, Total: 4606792 ns
[2026-02-05T19:41:39.145+0000][13.732s][info ][gc,marking  ] GC(26) Concurrent Mark 38.403ms
[2026-02-05T19:41:39.145+0000][13.732s][info ][gc,marking  ] GC(26) Concurrent Rebuild Remembered Sets
[2026-02-05T19:41:39.160+0000][13.747s][info ][gc,marking  ] GC(26) Concurrent Rebuild Remembered Sets 14.418ms
[2026-02-05T19:41:39.160+0000][13.747s][debug][safepoint   ] Safepoint synchronization initiated using futex wait barrier. (18 threads)
[2026-02-05T19:41:39.161+0000][13.748s][info ][gc,start    ] GC(26) Pause Cleanup
[2026-02-05T19:41:39.161+0000][13.748s][info ][gc          ] GC(26) Pause Cleanup 73M->73M(258M) 0.435ms
[2026-02-05T19:41:39.161+0000][13.749s][info ][gc,cpu      ] GC(26) User=0.00s Sys=0.00s Real=0.00s
[2026-02-05T19:41:39.162+0000][13.749s][info ][safepoint   ] Safepoint "G1PauseCleanup", Time since last: 15677450 ns, Reaching safepoint: 277812 ns, Cleanup: 9100 ns, At safepoint: 1108946 ns, Total: 1395858 ns
[2026-02-05T19:41:39.162+0000][13.749s][info ][gc,marking  ] GC(26) Concurrent Cleanup for Next Mark
[2026-02-05T19:41:39.164+0000][13.751s][info ][gc,marking  ] GC(26) Concurrent Cleanup for Next Mark 1.836ms
[2026-02-05T19:41:39.164+0000][13.752s][info ][gc          ] GC(26) Concurrent Mark Cycle 66.203ms
[2026-02-05T19:41:40.022+0000][14.609s][debug][safepoint   ] Safepoint synchronization initiated using futex wait barrier. (21 threads)
[2026-02-05T19:41:40.025+0000][14.612s][info ][safepoint   ] Safepoint "ICBufferFull", Time since last: 860024583 ns, Reaching safepoint: 407817 ns, Cleanup: 2946022 ns, At safepoint: 96804 ns, Total: 3450643 ns
[2026-02-05T19:41:40.220+0000][14.807s][debug][safepoint   ] Safepoint synchronization initiated using futex wait barrier. (21 threads)
[2026-02-05T19:41:40.221+0000][14.808s][info ][gc,start    ] GC(27) Pause Young (Prepare Mixed) (G1 Evacuation Pause)
[2026-02-05T19:41:40.221+0000][14.808s][info ][gc,task     ] GC(27) Using 6 workers of 10 for evacuation
[2026-02-05T19:41:40.229+0000][14.816s][info ][gc,phases   ] GC(27)   Pre Evacuate Collection Set: 0.2ms
[2026-02-05T19:41:40.229+0000][14.816s][info ][gc,phases   ] GC(27)   Merge Heap Roots: 0.1ms
[2026-02-05T19:41:40.230+0000][14.817s][info ][gc,phases   ] GC(27)   Evacuate Collection Set: 6.3ms
[2026-02-05T19:41:40.230+0000][14.817s][info ][gc,phases   ] GC(27)   Post Evacuate Collection Set: 1.3ms
[2026-02-05T19:41:40.230+0000][14.817s][info ][gc,phases   ] GC(27)   Other: 0.5ms
[2026-02-05T19:41:40.230+0000][14.818s][info ][gc,heap     ] GC(27) Eden regions: 71->0(1)
[2026-02-05T19:41:40.231+0000][14.818s][info ][gc,heap     ] GC(27) Survivor regions: 6->6(10)
[2026-02-05T19:41:40.231+0000][14.818s][info ][gc,heap     ] GC(27) Old regions: 28->29
[2026-02-05T19:41:40.231+0000][14.818s][info ][gc,heap     ] GC(27) Archive regions: 2->2
[2026-02-05T19:41:40.231+0000][14.818s][info ][gc,heap     ] GC(27) Humongous regions: 0->0
[2026-02-05T19:41:40.231+0000][14.819s][info ][gc,metaspace] GC(27) Metaspace: 63633K(64128K)->63633K(64128K) NonClass: 55522K(55744K)->55522K(55744K) Class: 8110K(8384K)->8110K(8384K)
[2026-02-05T19:41:40.232+0000][14.819s][info ][gc          ] GC(27) Pause Young (Prepare Mixed) (G1 Evacuation Pause) 209M->68M(258M) 11.012ms
[2026-02-05T19:41:40.232+0000][14.819s][info ][gc,cpu      ] GC(27) User=0.04s Sys=0.00s Real=0.01s
[2026-02-05T19:41:40.232+0000][14.819s][info ][safepoint   ] Safepoint "G1CollectForAllocation", Time since last: 195137696 ns, Reaching safepoint: 318514 ns, Cleanup: 34901 ns, At safepoint: 11458076 ns, Total: 11811491 ns
[2026-02-05T19:41:40.244+0000][14.831s][debug][safepoint   ] Safepoint synchronization initiated using futex wait barrier. (21 threads)
[2026-02-05T19:41:40.244+0000][14.831s][info ][gc,start    ] GC(28) Pause Young (Mixed) (G1 Evacuation Pause)
[2026-02-05T19:41:40.244+0000][14.832s][info ][gc,task     ] GC(28) Using 6 workers of 10 for evacuation
[2026-02-05T19:41:40.252+0000][14.839s][info ][gc,phases   ] GC(28)   Pre Evacuate Collection Set: 0.2ms
[2026-02-05T19:41:40.252+0000][14.840s][info ][gc,phases   ] GC(28)   Merge Heap Roots: 0.1ms
[2026-02-05T19:41:40.253+0000][14.840s][info ][gc,phases   ] GC(28)   Evacuate Collection Set: 6.1ms
[2026-02-05T19:41:40.253+0000][14.840s][info ][gc,phases   ] GC(28)   Post Evacuate Collection Set: 1.1ms
[2026-02-05T19:41:40.253+0000][14.840s][info ][gc,phases   ] GC(28)   Other: 0.5ms
[2026-02-05T19:41:40.253+0000][14.840s][info ][gc,heap     ] GC(28) Eden regions: 1->0(76)
[2026-02-05T19:41:40.253+0000][14.841s][info ][gc,heap     ] GC(28) Survivor regions: 6->1(1)
[2026-02-05T19:41:40.253+0000][14.841s][info ][gc,heap     ] GC(28) Old regions: 29->33
[2026-02-05T19:41:40.254+0000][14.841s][info ][gc,heap     ] GC(28) Archive regions: 2->2
[2026-02-05T19:41:40.254+0000][14.841s][info ][gc,heap     ] GC(28) Humongous regions: 0->0
[2026-02-05T19:41:40.254+0000][14.841s][info ][gc,metaspace] GC(28) Metaspace: 63660K(64128K)->63660K(64128K) NonClass: 55543K(55744K)->55543K(55744K) Class: 8116K(8384K)->8116K(8384K)
[2026-02-05T19:41:40.254+0000][14.842s][info ][gc          ] GC(28) Pause Young (Mixed) (G1 Evacuation Pause) 70M->69M(258M) 10.317ms
[2026-02-05T19:41:40.255+0000][14.842s][info ][gc,cpu      ] GC(28) User=0.04s Sys=0.01s Real=0.00s
[2026-02-05T19:41:40.255+0000][14.842s][info ][safepoint   ] Safepoint "G1CollectForAllocation", Time since last: 11744087 ns, Reaching safepoint: 312213 ns, Cleanup: 6100 ns, At safepoint: 10875851 ns, Total: 11194164 ns
[2026-02-05T19:41:40.922+0000][15.509s][debug][safepoint   ] Safepoint synchronization initiated using futex wait barrier. (21 threads)
[2026-02-05T19:41:40.922+0000][15.510s][info ][gc,start    ] GC(29) Pause Young (Concurrent Start) (G1 Evacuation Pause)
[2026-02-05T19:41:40.923+0000][15.510s][info ][gc,task     ] GC(29) Using 6 workers of 10 for evacuation
[2026-02-05T19:41:40.926+0000][15.513s][info ][gc,phases   ] GC(29)   Pre Evacuate Collection Set: 0.2ms
[2026-02-05T19:41:40.926+0000][15.513s][info ][gc,phases   ] GC(29)   Merge Heap Roots: 0.1ms
[2026-02-05T19:41:40.926+0000][15.513s][info ][gc,phases   ] GC(29)   Evacuate Collection Set: 2.0ms
[2026-02-05T19:41:40.927+0000][15.514s][info ][gc,phases   ] GC(29)   Post Evacuate Collection Set: 0.8ms
[2026-02-05T19:41:40.927+0000][15.514s][info ][gc,phases   ] GC(29)   Other: 0.4ms
[2026-02-05T19:41:40.927+0000][15.514s][info ][gc,heap     ] GC(29) Eden regions: 76->0(76)
[2026-02-05T19:41:40.927+0000][15.514s][info ][gc,heap     ] GC(29) Survivor regions: 1->1(10)
[2026-02-05T19:41:40.927+0000][15.515s][info ][gc,heap     ] GC(29) Old regions: 33->33
[2026-02-05T19:41:40.928+0000][15.515s][info ][gc,heap     ] GC(29) Archive regions: 2->2
[2026-02-05T19:41:40.928+0000][15.515s][info ][gc,heap     ] GC(29) Humongous regions: 0->0
[2026-02-05T19:41:40.928+0000][15.515s][info ][gc,metaspace] GC(29) Metaspace: 67770K(68224K)->67770K(68224K) NonClass: 59053K(59264K)->59053K(59264K) Class: 8717K(8960K)->8717K(8960K)
[2026-02-05T19:41:40.928+0000][15.515s][info ][gc          ] GC(29) Pause Young (Concurrent Start) (G1 Evacuation Pause) 221M->68M(258M) 5.815ms
[2026-02-05T19:41:40.928+0000][15.515s][info ][gc,cpu      ] GC(29) User=0.01s Sys=0.00s Real=0.01s
[2026-02-05T19:41:40.929+0000][15.516s][info ][safepoint   ] Safepoint "G1CollectForAllocation", Time since last: 666800266 ns, Reaching safepoint: 373616 ns, Cleanup: 100604 ns, At safepoint: 6266660 ns, Total: 6740880 ns
[2026-02-05T19:41:40.929+0000][15.516s][info ][gc          ] GC(30) Concurrent Mark Cycle
[2026-02-05T19:41:40.929+0000][15.516s][info ][gc,marking  ] GC(30) Concurrent Clear Claimed Marks
[2026-02-05T19:41:40.930+0000][15.517s][info ][gc,marking  ] GC(30) Concurrent Clear Claimed Marks 0.376ms
[2026-02-05T19:41:40.930+0000][15.517s][info ][gc,marking  ] GC(30) Concurrent Scan Root Regions
[2026-02-05T19:41:40.932+0000][15.519s][info ][gc,marking  ] GC(30) Concurrent Scan Root Regions 2.051ms
[2026-02-05T19:41:40.932+0000][15.520s][info ][gc,marking  ] GC(30) Concurrent Mark
[2026-02-05T19:41:40.933+0000][15.520s][info ][gc,marking  ] GC(30) Concurrent Mark From Roots
[2026-02-05T19:41:40.933+0000][15.520s][info ][gc,task     ] GC(30) Using 3 workers of 3 for marking
[2026-02-05T19:41:40.975+0000][15.562s][info ][gc,marking  ] GC(30) Concurrent Mark From Roots 42.453ms
[2026-02-05T19:41:40.976+0000][15.563s][info ][gc,marking  ] GC(30) Concurrent Preclean
[2026-02-05T19:41:40.976+0000][15.563s][info ][gc,marking  ] GC(30) Concurrent Preclean 0.573ms
[2026-02-05T19:41:40.977+0000][15.564s][debug][safepoint   ] Safepoint synchronization initiated using futex wait barrier. (21 threads)
[2026-02-05T19:41:40.977+0000][15.564s][info ][gc,start    ] GC(30) Pause Remark
[2026-02-05T19:41:40.981+0000][15.568s][info ][gc          ] GC(30) Pause Remark 74M->74M(258M) 4.173ms
[2026-02-05T19:41:40.981+0000][15.569s][info ][gc,cpu      ] GC(30) User=0.03s Sys=0.00s Real=0.00s
[2026-02-05T19:41:40.982+0000][15.569s][info ][safepoint   ] Safepoint "G1PauseRemark", Time since last: 47976691 ns, Reaching safepoint: 376415 ns, Cleanup: 13701 ns, At safepoint: 4801399 ns, Total: 5191515 ns
[2026-02-05T19:41:40.982+0000][15.569s][info ][gc,marking  ] GC(30) Concurrent Mark 49.606ms
[2026-02-05T19:41:40.982+0000][15.569s][info ][gc,marking  ] GC(30) Concurrent Rebuild Remembered Sets
[2026-02-05T19:41:41.001+0000][15.589s][info ][gc,marking  ] GC(30) Concurrent Rebuild Remembered Sets 19.239ms
[2026-02-05T19:41:41.002+0000][15.589s][debug][safepoint   ] Safepoint synchronization initiated using futex wait barrier. (21 threads)
[2026-02-05T19:41:41.002+0000][15.589s][info ][gc,start    ] GC(30) Pause Cleanup
[2026-02-05T19:41:41.003+0000][15.590s][info ][gc          ] GC(30) Pause Cleanup 77M->77M(258M) 0.396ms
[2026-02-05T19:41:41.003+0000][15.590s][info ][gc,cpu      ] GC(30) User=0.00s Sys=0.00s Real=0.00s
[2026-02-05T19:41:41.003+0000][15.590s][info ][safepoint   ] Safepoint "G1PauseCleanup", Time since last: 20143436 ns, Reaching safepoint: 356514 ns, Cleanup: 16801 ns, At safepoint: 958340 ns, Total: 1331655 ns
[2026-02-05T19:41:41.003+0000][15.591s][info ][gc,marking  ] GC(30) Concurrent Cleanup for Next Mark
[2026-02-05T19:41:41.004+0000][15.591s][info ][gc,marking  ] GC(30) Concurrent Cleanup for Next Mark 0.687ms
[2026-02-05T19:41:41.004+0000][15.592s][info ][gc          ] GC(30) Concurrent Mark Cycle 75.296ms
[2026-02-05T19:41:41.789+0000][16.376s][debug][safepoint   ] Safepoint synchronization initiated using futex wait barrier. (21 threads)
[2026-02-05T19:41:41.789+0000][16.377s][info ][safepoint   ] Safepoint "ICBufferFull", Time since last: 785529792 ns, Reaching safepoint: 440718 ns, Cleanup: 143906 ns, At safepoint: 19001 ns, Total: 603625 ns
[2026-02-05T19:41:41.837+0000][16.424s][debug][safepoint   ] Safepoint synchronization initiated using futex wait barrier. (19 threads)
[2026-02-05T19:41:41.837+0000][16.424s][info ][gc,start    ] GC(31) Pause Young (Prepare Mixed) (G1 Evacuation Pause)
[2026-02-05T19:41:41.837+0000][16.424s][info ][gc,task     ] GC(31) Using 6 workers of 10 for evacuation
[2026-02-05T19:41:41.841+0000][16.429s][info ][gc,phases   ] GC(31)   Pre Evacuate Collection Set: 0.1ms
[2026-02-05T19:41:41.842+0000][16.429s][info ][gc,phases   ] GC(31)   Merge Heap Roots: 0.1ms
[2026-02-05T19:41:41.842+0000][16.429s][info ][gc,phases   ] GC(31)   Evacuate Collection Set: 2.8ms
[2026-02-05T19:41:41.842+0000][16.429s][info ][gc,phases   ] GC(31)   Post Evacuate Collection Set: 1.1ms
[2026-02-05T19:41:41.843+0000][16.430s][info ][gc,phases   ] GC(31)   Other: 0.4ms
[2026-02-05T19:41:41.843+0000][16.430s][info ][gc,heap     ] GC(31) Eden regions: 76->0(3)
[2026-02-05T19:41:41.843+0000][16.430s][info ][gc,heap     ] GC(31) Survivor regions: 1->3(10)
[2026-02-05T19:41:41.843+0000][16.430s][info ][gc,heap     ] GC(31) Old regions: 33->33
[2026-02-05T19:41:41.843+0000][16.430s][info ][gc,heap     ] GC(31) Archive regions: 2->2
[2026-02-05T19:41:41.843+0000][16.430s][info ][gc,heap     ] GC(31) Humongous regions: 0->0
[2026-02-05T19:41:41.843+0000][16.431s][info ][gc,metaspace] GC(31) Metaspace: 71409K(71936K)->71409K(71936K) NonClass: 62242K(62528K)->62242K(62528K) Class: 9166K(9408K)->9166K(9408K)
[2026-02-05T19:41:41.844+0000][16.431s][info ][gc          ] GC(31) Pause Young (Prepare Mixed) (G1 Evacuation Pause) 220M->72M(258M) 6.601ms
[2026-02-05T19:41:41.844+0000][16.431s][info ][gc,cpu      ] GC(31) User=0.02s Sys=0.00s Real=0.00s
[2026-02-05T19:41:41.844+0000][16.431s][info ][safepoint   ] Safepoint "G1CollectForAllocation", Time since last: 47276462 ns, Reaching safepoint: 274111 ns, Cleanup: 25501 ns, At safepoint: 7062693 ns, Total: 7362305 ns
[2026-02-05T19:41:41.892+0000][16.479s][debug][safepoint   ] Safepoint synchronization initiated using futex wait barrier. (19 threads)
[2026-02-05T19:41:41.893+0000][16.480s][info ][gc,start    ] GC(32) Pause Young (Mixed) (G1 Evacuation Pause)
[2026-02-05T19:41:41.893+0000][16.481s][info ][gc,task     ] GC(32) Using 6 workers of 10 for evacuation
[2026-02-05T19:41:41.900+0000][16.487s][info ][gc,phases   ] GC(32)   Pre Evacuate Collection Set: 0.2ms
[2026-02-05T19:41:41.901+0000][16.488s][info ][gc,phases   ] GC(32)   Merge Heap Roots: 0.1ms
[2026-02-05T19:41:41.901+0000][16.488s][info ][gc,phases   ] GC(32)   Evacuate Collection Set: 4.5ms
[2026-02-05T19:41:41.902+0000][16.489s][info ][gc,phases   ] GC(32)   Post Evacuate Collection Set: 1.7ms
[2026-02-05T19:41:41.902+0000][16.489s][info ][gc,phases   ] GC(32)   Other: 0.8ms
[2026-02-05T19:41:41.903+0000][16.490s][info ][gc,heap     ] GC(32) Eden regions: 3->0(73)
[2026-02-05T19:41:41.903+0000][16.490s][info ][gc,heap     ] GC(32) Survivor regions: 3->1(1)
[2026-02-05T19:41:41.903+0000][16.490s][info ][gc,heap     ] GC(32) Old regions: 33->35
[2026-02-05T19:41:41.903+0000][16.491s][info ][gc,heap     ] GC(32) Archive regions: 2->2
[2026-02-05T19:41:41.904+0000][16.491s][info ][gc,heap     ] GC(32) Humongous regions: 0->0
[2026-02-05T19:41:41.904+0000][16.491s][info ][gc,metaspace] GC(32) Metaspace: 71607K(72064K)->71607K(72064K) NonClass: 62422K(62656K)->62422K(62656K) Class: 9184K(9408K)->9184K(9408K)
[2026-02-05T19:41:41.904+0000][16.492s][info ][gc          ] GC(32) Pause Young (Mixed) (G1 Evacuation Pause) 78M->72M(258M) 11.374ms
[2026-02-05T19:41:41.905+0000][16.492s][info ][gc,cpu      ] GC(32) User=0.03s Sys=0.00s Real=0.02s
[2026-02-05T19:41:41.906+0000][16.493s][info ][safepoint   ] Safepoint "G1CollectForAllocation", Time since last: 48273703 ns, Reaching safepoint: 600425 ns, Cleanup: 93004 ns, At safepoint: 12895935 ns, Total: 13589364 ns
[2026-02-05T19:41:42.155+0000][16.742s][debug][safepoint   ] Safepoint synchronization initiated using futex wait barrier. (21 threads)
[2026-02-05T19:41:42.155+0000][16.742s][info ][safepoint   ] Safepoint "ICBufferFull", Time since last: 248872626 ns, Reaching safepoint: 333114 ns, Cleanup: 107804 ns, At safepoint: 3400 ns, Total: 444318 ns
[2026-02-05T19:41:42.698+0000][17.286s][debug][safepoint   ] Safepoint synchronization initiated using futex wait barrier. (20 threads)
[2026-02-05T19:41:42.699+0000][17.286s][info ][gc,start    ] GC(33) Pause Young (Normal) (G1 Evacuation Pause)
[2026-02-05T19:41:42.699+0000][17.286s][info ][gc,task     ] GC(33) Using 6 workers of 10 for evacuation
[2026-02-05T19:41:42.703+0000][17.290s][info ][gc,phases   ] GC(33)   Pre Evacuate Collection Set: 0.2ms
[2026-02-05T19:41:42.703+0000][17.290s][info ][gc,phases   ] GC(33)   Merge Heap Roots: 0.3ms
[2026-02-05T19:41:42.703+0000][17.290s][info ][gc,phases   ] GC(33)   Evacuate Collection Set: 1.6ms
[2026-02-05T19:41:42.703+0000][17.291s][info ][gc,phases   ] GC(33)   Post Evacuate Collection Set: 1.5ms
[2026-02-05T19:41:42.704+0000][17.291s][info ][gc,phases   ] GC(33)   Other: 0.4ms
[2026-02-05T19:41:42.704+0000][17.291s][info ][gc,heap     ] GC(33) Eden regions: 73->0(92)
[2026-02-05T19:41:42.704+0000][17.291s][info ][gc,heap     ] GC(33) Survivor regions: 1->1(10)
[2026-02-05T19:41:42.704+0000][17.291s][info ][gc,heap     ] GC(33) Old regions: 35->35
[2026-02-05T19:41:42.704+0000][17.292s][info ][gc,heap     ] GC(33) Archive regions: 2->2
[2026-02-05T19:41:42.705+0000][17.292s][info ][gc,heap     ] GC(33) Humongous regions: 0->0
[2026-02-05T19:41:42.705+0000][17.292s][info ][gc,metaspace] GC(33) Metaspace: 76734K(77248K)->76734K(77248K) NonClass: 66751K(67008K)->66751K(67008K) Class: 9982K(10240K)->9982K(10240K)
[2026-02-05T19:41:42.705+0000][17.292s][info ][gc          ] GC(33) Pause Young (Normal) (G1 Evacuation Pause) 218M->72M(310M) 6.308ms
[2026-02-05T19:41:42.705+0000][17.292s][info ][gc,cpu      ] GC(33) User=0.01s Sys=0.00s Real=0.01s
[2026-02-05T19:41:42.705+0000][17.292s][info ][safepoint   ] Safepoint "G1CollectForAllocation", Time since last: 543155836 ns, Reaching safepoint: 237510 ns, Cleanup: 17401 ns, At safepoint: 6620774 ns, Total: 6875685 ns
[2026-02-05T19:41:43.073+0000][17.660s][debug][safepoint   ] Safepoint synchronization initiated using futex wait barrier. (19 threads)
[2026-02-05T19:41:43.073+0000][17.661s][info ][safepoint   ] Safepoint "ICBufferFull", Time since last: 367886564 ns, Reaching safepoint: 349615 ns, Cleanup: 64302 ns, At safepoint: 1800 ns, Total: 415717 ns
[2026-02-05T19:41:43.152+0000][17.739s][debug][safepoint   ] Safepoint synchronization initiated using futex wait barrier. (21 threads)
[2026-02-05T19:41:43.153+0000][17.740s][info ][safepoint   ] Safepoint "ICBufferFull", Time since last: 78569960 ns, Reaching safepoint: 347815 ns, Cleanup: 138806 ns, At safepoint: 31401 ns, Total: 518022 ns
[2026-02-05T19:41:43.228+0000][17.816s][debug][safepoint   ] Safepoint synchronization initiated using futex wait barrier. (21 threads)
[2026-02-05T19:41:43.229+0000][17.816s][info ][safepoint   ] Safepoint "ICBufferFull", Time since last: 75864548 ns, Reaching safepoint: 337114 ns, Cleanup: 107304 ns, At safepoint: 88504 ns, Total: 532922 ns
[2026-02-05T19:41:43.293+0000][17.880s][debug][safepoint   ] Safepoint synchronization initiated using futex wait barrier. (21 threads)
[2026-02-05T19:41:43.293+0000][17.880s][info ][safepoint   ] Safepoint "ICBufferFull", Time since last: 63829548 ns, Reaching safepoint: 363515 ns, Cleanup: 93804 ns, At safepoint: 3800 ns, Total: 461119 ns
[2026-02-05T19:41:43.409+0000][17.996s][debug][safepoint   ] Safepoint synchronization initiated using futex wait barrier. (21 threads)
[2026-02-05T19:41:43.409+0000][17.996s][info ][safepoint   ] Safepoint "ICBufferFull", Time since last: 115479091 ns, Reaching safepoint: 302113 ns, Cleanup: 82403 ns, At safepoint: 36702 ns, Total: 421218 ns
[2026-02-05T19:41:43.547+0000][18.134s][debug][safepoint   ] Safepoint synchronization initiated using futex wait barrier. (21 threads)
[2026-02-05T19:41:43.547+0000][18.134s][info ][safepoint   ] Safepoint "ICBufferFull", Time since last: 137407201 ns, Reaching safepoint: 419317 ns, Cleanup: 94004 ns, At safepoint: 2300 ns, Total: 515621 ns
[2026-02-05T19:41:43.581+0000][18.169s][debug][safepoint   ] Safepoint synchronization initiated using futex wait barrier. (21 threads)
[2026-02-05T19:41:43.582+0000][18.169s][info ][gc,start    ] GC(34) Pause Young (Normal) (G1 Evacuation Pause)
[2026-02-05T19:41:43.582+0000][18.169s][info ][gc,task     ] GC(34) Using 7 workers of 10 for evacuation
[2026-02-05T19:41:43.585+0000][18.172s][info ][gc,phases   ] GC(34)   Pre Evacuate Collection Set: 0.2ms
[2026-02-05T19:41:43.585+0000][18.173s][info ][gc,phases   ] GC(34)   Merge Heap Roots: 0.1ms
[2026-02-05T19:41:43.586+0000][18.173s][info ][gc,phases   ] GC(34)   Evacuate Collection Set: 1.8ms
[2026-02-05T19:41:43.586+0000][18.173s][info ][gc,phases   ] GC(34)   Post Evacuate Collection Set: 0.9ms
[2026-02-05T19:41:43.586+0000][18.173s][info ][gc,phases   ] GC(34)   Other: 0.4ms
[2026-02-05T19:41:43.586+0000][18.173s][info ][gc,heap     ] GC(34) Eden regions: 92->0(91)
[2026-02-05T19:41:43.586+0000][18.173s][info ][gc,heap     ] GC(34) Survivor regions: 1->2(12)
[2026-02-05T19:41:43.586+0000][18.174s][info ][gc,heap     ] GC(34) Old regions: 35->35
[2026-02-05T19:41:43.586+0000][18.174s][info ][gc,heap     ] GC(34) Archive regions: 2->2
[2026-02-05T19:41:43.587+0000][18.174s][info ][gc,heap     ] GC(34) Humongous regions: 0->0
[2026-02-05T19:41:43.587+0000][18.174s][info ][gc,metaspace] GC(34) Metaspace: 80128K(80640K)->80128K(80640K) NonClass: 69654K(69888K)->69654K(69888K) Class: 10474K(10752K)->10474K(10752K)
[2026-02-05T19:41:43.587+0000][18.174s][info ][gc          ] GC(34) Pause Young (Normal) (G1 Evacuation Pause) 256M->74M(310M) 5.142ms
[2026-02-05T19:41:43.587+0000][18.174s][info ][gc,cpu      ] GC(34) User=0.02s Sys=0.00s Real=0.01s
[2026-02-05T19:41:43.587+0000][18.175s][info ][safepoint   ] Safepoint "G1CollectForAllocation", Time since last: 34395228 ns, Reaching safepoint: 255310 ns, Cleanup: 20701 ns, At safepoint: 5639934 ns, Total: 5915945 ns
[2026-02-05T19:41:43.718+0000][18.305s][debug][safepoint   ] Safepoint synchronization initiated using futex wait barrier. (21 threads)
[2026-02-05T19:41:43.718+0000][18.305s][info ][safepoint   ] Safepoint "ICBufferFull", Time since last: 130307174 ns, Reaching safepoint: 399817 ns, Cleanup: 175907 ns, At safepoint: 3400 ns, Total: 579124 ns
[2026-02-05T19:41:43.719+0000][18.306s][debug][safepoint   ] Safepoint synchronization initiated using futex wait barrier. (21 threads)
[2026-02-05T19:41:43.719+0000][18.306s][info ][safepoint   ] Safepoint "ICBufferFull", Time since last: 452319 ns, Reaching safepoint: 161106 ns, Cleanup: 4801 ns, At safepoint: 19600 ns, Total: 185507 ns
[2026-02-05T19:41:44.316+0000][18.903s][debug][safepoint   ] Safepoint synchronization initiated using futex wait barrier. (21 threads)
[2026-02-05T19:41:44.319+0000][18.906s][info ][safepoint   ] Safepoint "ICBufferFull", Time since last: 597189156 ns, Reaching safepoint: 2698811 ns, Cleanup: 136206 ns, At safepoint: 6800 ns, Total: 2841817 ns
[2026-02-05T19:41:44.359+0000][18.946s][debug][safepoint   ] Safepoint synchronization initiated using futex wait barrier. (21 threads)
[2026-02-05T19:41:44.360+0000][18.947s][info ][gc,start    ] GC(35) Pause Young (Normal) (G1 Evacuation Pause)
[2026-02-05T19:41:44.360+0000][18.947s][info ][gc,task     ] GC(35) Using 7 workers of 10 for evacuation
[2026-02-05T19:41:44.368+0000][18.956s][info ][gc,phases   ] GC(35)   Pre Evacuate Collection Set: 0.2ms
[2026-02-05T19:41:44.369+0000][18.956s][info ][gc,phases   ] GC(35)   Merge Heap Roots: 0.1ms
[2026-02-05T19:41:44.369+0000][18.956s][info ][gc,phases   ] GC(35)   Evacuate Collection Set: 5.1ms
[2026-02-05T19:41:44.369+0000][18.956s][info ][gc,phases   ] GC(35)   Post Evacuate Collection Set: 2.3ms
[2026-02-05T19:41:44.370+0000][18.957s][info ][gc,phases   ] GC(35)   Other: 1.0ms
[2026-02-05T19:41:44.370+0000][18.957s][info ][gc,heap     ] GC(35) Eden regions: 91->0(89)
[2026-02-05T19:41:44.370+0000][18.958s][info ][gc,heap     ] GC(35) Survivor regions: 2->4(12)
[2026-02-05T19:41:44.371+0000][18.958s][info ][gc,heap     ] GC(35) Old regions: 35->35
[2026-02-05T19:41:44.371+0000][18.958s][info ][gc,heap     ] GC(35) Archive regions: 2->2
[2026-02-05T19:41:44.371+0000][18.959s][info ][gc,heap     ] GC(35) Humongous regions: 0->0
[2026-02-05T19:41:44.372+0000][18.959s][info ][gc,metaspace] GC(35) Metaspace: 84111K(84672K)->84111K(84672K) NonClass: 73121K(73408K)->73121K(73408K) Class: 10989K(11264K)->10989K(11264K)
[2026-02-05T19:41:44.372+0000][18.959s][info ][gc          ] GC(35) Pause Young (Normal) (G1 Evacuation Pause) 256M->77M(310M) 12.333ms
[2026-02-05T19:41:44.372+0000][18.959s][info ][gc,cpu      ] GC(35) User=0.07s Sys=0.00s Real=0.01s
[2026-02-05T19:41:44.373+0000][18.960s][info ][safepoint   ] Safepoint "G1CollectForAllocation", Time since last: 40283656 ns, Reaching safepoint: 421218 ns, Cleanup: 30901 ns, At safepoint: 12823827 ns, Total: 13275946 ns
[2026-02-05T19:41:45.405+0000][19.992s][debug][safepoint   ] Safepoint synchronization initiated using futex wait barrier. (20 threads)
[2026-02-05T19:41:45.406+0000][19.993s][info ][safepoint   ] Safepoint "ICBufferFull", Time since last: 1032508956 ns, Reaching safepoint: 412417 ns, Cleanup: 149006 ns, At safepoint: 5300 ns, Total: 566723 ns
[2026-02-05T19:41:45.823+0000][20.410s][debug][safepoint   ] Safepoint synchronization initiated using futex wait barrier. (20 threads)
[2026-02-05T19:41:45.823+0000][20.411s][info ][gc,start    ] GC(36) Pause Young (Normal) (G1 Evacuation Pause)
[2026-02-05T19:41:45.824+0000][20.411s][info ][gc,task     ] GC(36) Using 7 workers of 10 for evacuation
[2026-02-05T19:41:45.832+0000][20.419s][info ][gc,phases   ] GC(36)   Pre Evacuate Collection Set: 0.3ms
[2026-02-05T19:41:45.832+0000][20.419s][info ][gc,phases   ] GC(36)   Merge Heap Roots: 0.2ms
[2026-02-05T19:41:45.832+0000][20.419s][info ][gc,phases   ] GC(36)   Evacuate Collection Set: 5.9ms
[2026-02-05T19:41:45.832+0000][20.420s][info ][gc,phases   ] GC(36)   Post Evacuate Collection Set: 1.7ms
[2026-02-05T19:41:45.833+0000][20.420s][info ][gc,phases   ] GC(36)   Other: 0.4ms
[2026-02-05T19:41:45.833+0000][20.420s][info ][gc,heap     ] GC(36) Eden regions: 89->0(87)
[2026-02-05T19:41:45.833+0000][20.420s][info ][gc,heap     ] GC(36) Survivor regions: 4->6(12)
[2026-02-05T19:41:45.833+0000][20.421s][info ][gc,heap     ] GC(36) Old regions: 35->35
[2026-02-05T19:41:45.834+0000][20.421s][info ][gc,heap     ] GC(36) Archive regions: 2->2
[2026-02-05T19:41:45.834+0000][20.421s][info ][gc,heap     ] GC(36) Humongous regions: 0->0
[2026-02-05T19:41:45.834+0000][20.421s][info ][gc,metaspace] GC(36) Metaspace: 87544K(88064K)->87544K(88064K) NonClass: 76301K(76544K)->76301K(76544K) Class: 11243K(11520K)->11243K(11520K)
[2026-02-05T19:41:45.834+0000][20.422s][info ][gc          ] GC(36) Pause Young (Normal) (G1 Evacuation Pause) 255M->82M(310M) 10.962ms
[2026-02-05T19:41:45.835+0000][20.422s][info ][gc,cpu      ] GC(36) User=0.07s Sys=0.00s Real=0.01s
[2026-02-05T19:41:45.835+0000][20.422s][info ][safepoint   ] Safepoint "G1CollectForAllocation", Time since last: 417393063 ns, Reaching safepoint: 318313 ns, Cleanup: 40802 ns, At safepoint: 11445770 ns, Total: 11804885 ns
[2026-02-05T19:41:46.554+0000][21.141s][debug][safepoint   ] Safepoint synchronization initiated using futex wait barrier. (24 threads)
[2026-02-05T19:41:46.555+0000][21.142s][info ][safepoint   ] Safepoint "ICBufferFull", Time since last: 719410182 ns, Reaching safepoint: 411217 ns, Cleanup: 133305 ns, At safepoint: 38702 ns, Total: 583224 ns
[2026-02-05T19:41:47.002+0000][21.591s][debug][safepoint   ] Safepoint synchronization initiated using futex wait barrier. (24 threads)
[2026-02-05T19:41:47.003+0000][21.592s][info ][safepoint   ] Safepoint "ICBufferFull", Time since last: 448976860 ns, Reaching safepoint: 391116 ns, Cleanup: 146106 ns, At safepoint: 26101 ns, Total: 563323 ns
[2026-02-05T19:41:47.177+0000][21.766s][debug][safepoint   ] Safepoint synchronization initiated using futex wait barrier. (24 threads)
[2026-02-05T19:41:47.178+0000][21.767s][info ][gc,start    ] GC(37) Pause Young (Normal) (G1 Evacuation Pause)
[2026-02-05T19:41:47.178+0000][21.767s][info ][gc,task     ] GC(37) Using 10 workers of 10 for evacuation
[2026-02-05T19:41:47.189+0000][21.777s][info ][gc,phases   ] GC(37)   Pre Evacuate Collection Set: 0.2ms
[2026-02-05T19:41:47.189+0000][21.778s][info ][gc,phases   ] GC(37)   Merge Heap Roots: 0.2ms
[2026-02-05T19:41:47.189+0000][21.778s][info ][gc,phases   ] GC(37)   Evacuate Collection Set: 7.7ms
[2026-02-05T19:41:47.189+0000][21.778s][info ][gc,phases   ] GC(37)   Post Evacuate Collection Set: 2.1ms
[2026-02-05T19:41:47.189+0000][21.778s][info ][gc,phases   ] GC(37)   Other: 0.5ms
[2026-02-05T19:41:47.189+0000][21.778s][info ][gc,heap     ] GC(37) Eden regions: 87->0(85)
[2026-02-05T19:41:47.190+0000][21.779s][info ][gc,heap     ] GC(37) Survivor regions: 6->8(12)
[2026-02-05T19:41:47.190+0000][21.779s][info ][gc,heap     ] GC(37) Old regions: 35->35
[2026-02-05T19:41:47.190+0000][21.779s][info ][gc,heap     ] GC(37) Archive regions: 2->2
[2026-02-05T19:41:47.190+0000][21.779s][info ][gc,heap     ] GC(37) Humongous regions: 0->0
[2026-02-05T19:41:47.190+0000][21.779s][info ][gc,metaspace] GC(37) Metaspace: 92062K(92672K)->92062K(92672K) NonClass: 80254K(80576K)->80254K(80576K) Class: 11808K(12096K)->11808K(12096K)
[2026-02-05T19:41:47.190+0000][21.779s][info ][gc          ] GC(37) Pause Young (Normal) (G1 Evacuation Pause) 256M->86M(310M) 12.571ms
[2026-02-05T19:41:47.191+0000][21.780s][info ][gc,cpu      ] GC(37) User=0.08s Sys=0.00s Real=0.01s
[2026-02-05T19:41:47.191+0000][21.780s][info ][safepoint   ] Safepoint "G1CollectForAllocation", Time since last: 174874791 ns, Reaching safepoint: 411917 ns, Cleanup: 22901 ns, At safepoint: 12961933 ns, Total: 13396751 ns
[2026-02-05T19:41:47.966+0000][22.555s][debug][safepoint   ] Safepoint synchronization initiated using futex wait barrier. (25 threads)
[2026-02-05T19:41:47.967+0000][22.556s][info ][safepoint   ] Safepoint "ICBufferFull", Time since last: 775427985 ns, Reaching safepoint: 300112 ns, Cleanup: 122805 ns, At safepoint: 2900 ns, Total: 425817 ns
[2026-02-05T19:41:48.128+0000][22.717s][debug][safepoint   ] Safepoint synchronization initiated using futex wait barrier. (25 threads)
[2026-02-05T19:41:48.128+0000][22.717s][info ][gc,start    ] GC(38) Pause Young (Normal) (G1 Evacuation Pause)
[2026-02-05T19:41:48.129+0000][22.718s][info ][gc,task     ] GC(38) Using 10 workers of 10 for evacuation
[2026-02-05T19:41:48.141+0000][22.730s][info ][gc,phases   ] GC(38)   Pre Evacuate Collection Set: 0.2ms
[2026-02-05T19:41:48.141+0000][22.730s][info ][gc,phases   ] GC(38)   Merge Heap Roots: 0.3ms
[2026-02-05T19:41:48.141+0000][22.730s][info ][gc,phases   ] GC(38)   Evacuate Collection Set: 9.7ms
[2026-02-05T19:41:48.142+0000][22.731s][info ][gc,phases   ] GC(38)   Post Evacuate Collection Set: 1.6ms
[2026-02-05T19:41:48.142+0000][22.731s][info ][gc,phases   ] GC(38)   Other: 0.7ms
[2026-02-05T19:41:48.142+0000][22.731s][info ][gc,heap     ] GC(38) Eden regions: 85->0(76)
[2026-02-05T19:41:48.143+0000][22.732s][info ][gc,heap     ] GC(38) Survivor regions: 8->12(12)
[2026-02-05T19:41:48.143+0000][22.732s][info ][gc,heap     ] GC(38) Old regions: 35->37
[2026-02-05T19:41:48.143+0000][22.732s][info ][gc,heap     ] GC(38) Archive regions: 2->2
[2026-02-05T19:41:48.143+0000][22.732s][info ][gc,heap     ] GC(38) Humongous regions: 0->0
[2026-02-05T19:41:48.144+0000][22.733s][info ][gc,metaspace] GC(38) Metaspace: 95717K(96256K)->95717K(96256K) NonClass: 83177K(83456K)->83177K(83456K) Class: 12539K(12800K)->12539K(12800K)
[2026-02-05T19:41:48.144+0000][22.733s][info ][gc          ] GC(38) Pause Young (Normal) (G1 Evacuation Pause) 256M->98M(310M) 15.800ms
[2026-02-05T19:41:48.144+0000][22.733s][info ][gc,cpu      ] GC(38) User=0.12s Sys=0.00s Real=0.02s
[2026-02-05T19:41:48.145+0000][22.734s][info ][safepoint   ] Safepoint "G1CollectForAllocation", Time since last: 161118725 ns, Reaching safepoint: 435618 ns, Cleanup: 17401 ns, At safepoint: 16397574 ns, Total: 16850593 ns
[2026-02-05T19:41:48.915+0000][23.504s][debug][safepoint   ] Safepoint synchronization initiated using futex wait barrier. (26 threads)
[2026-02-05T19:41:48.915+0000][23.504s][info ][safepoint   ] Safepoint "ICBufferFull", Time since last: 770076865 ns, Reaching safepoint: 448418 ns, Cleanup: 141506 ns, At safepoint: 49902 ns, Total: 639826 ns
[2026-02-05T19:41:49.062+0000][23.651s][debug][safepoint   ] Safepoint synchronization initiated using futex wait barrier. (33 threads)
[2026-02-05T19:41:49.063+0000][23.652s][info ][gc,start    ] GC(39) Pause Young (Normal) (G1 Evacuation Pause)
[2026-02-05T19:41:49.063+0000][23.652s][info ][gc,task     ] GC(39) Using 10 workers of 10 for evacuation
[2026-02-05T19:41:49.073+0000][23.662s][info ][gc,phases   ] GC(39)   Pre Evacuate Collection Set: 0.2ms
[2026-02-05T19:41:49.073+0000][23.662s][info ][gc,phases   ] GC(39)   Merge Heap Roots: 0.2ms
[2026-02-05T19:41:49.074+0000][23.663s][info ][gc,phases   ] GC(39)   Evacuate Collection Set: 7.7ms
[2026-02-05T19:41:49.074+0000][23.663s][info ][gc,phases   ] GC(39)   Post Evacuate Collection Set: 1.9ms
[2026-02-05T19:41:49.074+0000][23.663s][info ][gc,phases   ] GC(39)   Other: 0.5ms
[2026-02-05T19:41:49.074+0000][23.663s][info ][gc,heap     ] GC(39) Eden regions: 76->0(82)
[2026-02-05T19:41:49.074+0000][23.663s][info ][gc,heap     ] GC(39) Survivor regions: 12->2(11)
[2026-02-05T19:41:49.075+0000][23.664s][info ][gc,heap     ] GC(39) Old regions: 37->44
[2026-02-05T19:41:49.075+0000][23.664s][info ][gc,heap     ] GC(39) Archive regions: 2->2
[2026-02-05T19:41:49.075+0000][23.664s][info ][gc,heap     ] GC(39) Humongous regions: 0->0
[2026-02-05T19:41:49.075+0000][23.664s][info ][gc,metaspace] GC(39) Metaspace: 101376K(101952K)->101376K(101952K) NonClass: 88061K(88320K)->88061K(88320K) Class: 13315K(13632K)->13315K(13632K)
[2026-02-05T19:41:49.076+0000][23.665s][info ][gc          ] GC(39) Pause Young (Normal) (G1 Evacuation Pause) 250M->92M(310M) 12.911ms
[2026-02-05T19:41:49.076+0000][23.665s][info ][gc,cpu      ] GC(39) User=0.10s Sys=0.00s Real=0.01s
[2026-02-05T19:41:49.076+0000][23.665s][info ][safepoint   ] Safepoint "G1CollectForAllocation", Time since last: 146880139 ns, Reaching safepoint: 334714 ns, Cleanup: 27101 ns, At safepoint: 13440253 ns, Total: 13802068 ns
[2026-02-05T19:41:50.162+0000][24.750s][debug][safepoint   ] Safepoint synchronization initiated using futex wait barrier. (76 threads)
[2026-02-05T19:41:50.162+0000][24.751s][info ][safepoint   ] Safepoint "ICBufferFull", Time since last: 1085433632 ns, Reaching safepoint: 333914 ns, Cleanup: 180907 ns, At safepoint: 8600 ns, Total: 523421 ns
[2026-02-05T19:41:50.170+0000][24.759s][debug][safepoint   ] Safepoint synchronization initiated using futex wait barrier. (76 threads)
[2026-02-05T19:41:50.171+0000][24.760s][info ][gc,start    ] GC(40) Pause Young (Normal) (G1 Evacuation Pause)
[2026-02-05T19:41:50.171+0000][24.760s][info ][gc,task     ] GC(40) Using 10 workers of 10 for evacuation
[2026-02-05T19:41:50.178+0000][24.766s][info ][gc,phases   ] GC(40)   Pre Evacuate Collection Set: 0.2ms
[2026-02-05T19:41:50.178+0000][24.767s][info ][gc,phases   ] GC(40)   Merge Heap Roots: 0.2ms
[2026-02-05T19:41:50.178+0000][24.767s][info ][gc,phases   ] GC(40)   Evacuate Collection Set: 4.3ms
[2026-02-05T19:41:50.179+0000][24.768s][info ][gc,phases   ] GC(40)   Post Evacuate Collection Set: 1.7ms
[2026-02-05T19:41:50.179+0000][24.768s][info ][gc,phases   ] GC(40)   Other: 0.5ms
[2026-02-05T19:41:50.179+0000][24.768s][info ][gc,heap     ] GC(40) Eden regions: 82->0(82)
[2026-02-05T19:41:50.179+0000][24.768s][info ][gc,heap     ] GC(40) Survivor regions: 2->3(11)
[2026-02-05T19:41:50.180+0000][24.768s][info ][gc,heap     ] GC(40) Old regions: 44->44
[2026-02-05T19:41:50.180+0000][24.769s][info ][gc,heap     ] GC(40) Archive regions: 2->2
[2026-02-05T19:41:50.180+0000][24.769s][info ][gc,heap     ] GC(40) Humongous regions: 0->0
[2026-02-05T19:41:50.180+0000][24.769s][info ][gc,metaspace] GC(40) Metaspace: 105105K(105728K)->105105K(105728K) NonClass: 91283K(91584K)->91283K(91584K) Class: 13821K(14144K)->13821K(14144K)
[2026-02-05T19:41:50.180+0000][24.769s][info ][gc          ] GC(40) Pause Young (Normal) (G1 Evacuation Pause) 256M->94M(310M) 9.782ms
[2026-02-05T19:41:50.181+0000][24.770s][info ][gc,cpu      ] GC(40) User=0.06s Sys=0.01s Real=0.01s
[2026-02-05T19:41:50.181+0000][24.770s][info ][safepoint   ] Safepoint "G1CollectForAllocation", Time since last: 8303942 ns, Reaching safepoint: 323313 ns, Cleanup: 6800 ns, At safepoint: 10643738 ns, Total: 10973851 ns
[2026-02-05T19:41:51.195+0000][25.784s][debug][safepoint   ] Safepoint synchronization initiated using futex wait barrier. (81 threads)
[2026-02-05T19:41:51.195+0000][25.784s][debug][safepoint   ] ... found polling page loop exception at pc = 0x00007460c967127b, stub =0x00007460c8b10400
[2026-02-05T19:41:51.195+0000][25.784s][info ][safepoint   ] Safepoint "Cleanup", Time since last: 1013412970 ns, Reaching safepoint: 557423 ns, Cleanup: 86604 ns, At safepoint: 34901 ns, Total: 678928 ns
[2026-02-05T19:41:51.319+0000][25.908s][debug][safepoint   ] Safepoint synchronization initiated using futex wait barrier. (81 threads)
[2026-02-05T19:41:51.320+0000][25.909s][info ][gc,start    ] GC(41) Pause Young (Normal) (G1 Evacuation Pause)
[2026-02-05T19:41:51.320+0000][25.909s][info ][gc,task     ] GC(41) Using 10 workers of 10 for evacuation
[2026-02-05T19:41:51.328+0000][25.917s][info ][gc,phases   ] GC(41)   Pre Evacuate Collection Set: 0.2ms
[2026-02-05T19:41:51.329+0000][25.918s][info ][gc,phases   ] GC(41)   Merge Heap Roots: 0.2ms
[2026-02-05T19:41:51.329+0000][25.918s][info ][gc,phases   ] GC(41)   Evacuate Collection Set: 5.0ms
[2026-02-05T19:41:51.329+0000][25.918s][info ][gc,phases   ] GC(41)   Post Evacuate Collection Set: 2.2ms
[2026-02-05T19:41:51.329+0000][25.918s][info ][gc,phases   ] GC(41)   Other: 0.7ms
[2026-02-05T19:41:51.330+0000][25.919s][info ][gc,heap     ] GC(41) Eden regions: 82->0(79)
[2026-02-05T19:41:51.330+0000][25.919s][info ][gc,heap     ] GC(41) Survivor regions: 3->6(11)
[2026-02-05T19:41:51.330+0000][25.919s][info ][gc,heap     ] GC(41) Old regions: 44->44
[2026-02-05T19:41:51.330+0000][25.919s][info ][gc,heap     ] GC(41) Archive regions: 2->2
[2026-02-05T19:41:51.330+0000][25.919s][info ][gc,heap     ] GC(41) Humongous regions: 0->0
[2026-02-05T19:41:51.331+0000][25.919s][info ][gc,metaspace] GC(41) Metaspace: 108439K(109056K)->108439K(109056K) NonClass: 94285K(94592K)->94285K(94592K) Class: 14154K(14464K)->14154K(14464K)
[2026-02-05T19:41:51.331+0000][25.920s][info ][gc          ] GC(41) Pause Young (Normal) (G1 Evacuation Pause) 258M->99M(310M) 10.882ms
[2026-02-05T19:41:51.331+0000][25.920s][info ][gc,cpu      ] GC(41) User=0.06s Sys=0.00s Real=0.01s
[2026-02-05T19:41:51.331+0000][25.920s][info ][safepoint   ] Safepoint "G1CollectForAllocation", Time since last: 123937696 ns, Reaching safepoint: 358915 ns, Cleanup: 84904 ns, At safepoint: 11263263 ns, Total: 11707082 ns
[2026-02-05T19:41:52.258+0000][26.847s][debug][safepoint   ] Safepoint synchronization initiated using futex wait barrier. (91 threads)
[2026-02-05T19:41:52.258+0000][26.847s][info ][gc,start    ] GC(42) Pause Young (Normal) (G1 Evacuation Pause)
[2026-02-05T19:41:52.258+0000][26.847s][info ][gc,task     ] GC(42) Using 10 workers of 10 for evacuation
[2026-02-05T19:41:52.267+0000][26.856s][info ][gc,phases   ] GC(42)   Pre Evacuate Collection Set: 0.3ms
[2026-02-05T19:41:52.267+0000][26.856s][info ][gc,phases   ] GC(42)   Merge Heap Roots: 0.2ms
[2026-02-05T19:41:52.268+0000][26.857s][info ][gc,phases   ] GC(42)   Evacuate Collection Set: 5.8ms
[2026-02-05T19:41:52.268+0000][26.857s][info ][gc,phases   ] GC(42)   Post Evacuate Collection Set: 2.0ms
[2026-02-05T19:41:52.268+0000][26.857s][info ][gc,phases   ] GC(42)   Other: 0.6ms
[2026-02-05T19:41:52.269+0000][26.858s][info ][gc,heap     ] GC(42) Eden regions: 79->0(79)
[2026-02-05T19:41:52.269+0000][26.858s][info ][gc,heap     ] GC(42) Survivor regions: 6->7(11)
[2026-02-05T19:41:52.269+0000][26.858s][info ][gc,heap     ] GC(42) Old regions: 44->44
[2026-02-05T19:41:52.269+0000][26.858s][info ][gc,heap     ] GC(42) Archive regions: 2->2
[2026-02-05T19:41:52.270+0000][26.859s][info ][gc,heap     ] GC(42) Humongous regions: 0->0
[2026-02-05T19:41:52.270+0000][26.859s][info ][gc,metaspace] GC(42) Metaspace: 111217K(111872K)->111217K(111872K) NonClass: 96758K(97088K)->96758K(97088K) Class: 14459K(14784K)->14459K(14784K)
[2026-02-05T19:41:52.270+0000][26.859s][info ][gc          ] GC(42) Pause Young (Normal) (G1 Evacuation Pause) 257M->102M(310M) 11.948ms
[2026-02-05T19:41:52.270+0000][26.859s][info ][gc,cpu      ] GC(42) User=0.07s Sys=0.00s Real=0.01s
[2026-02-05T19:41:52.271+0000][26.860s][info ][safepoint   ] Safepoint "G1CollectForAllocation", Time since last: 926736887 ns, Reaching safepoint: 334714 ns, Cleanup: 91803 ns, At safepoint: 12488316 ns, Total: 12914833 ns
[2026-02-05T19:41:52.587+0000][27.176s][debug][safepoint   ] Safepoint synchronization initiated using futex wait barrier. (90 threads)
[2026-02-05T19:41:52.588+0000][27.177s][info ][gc,start    ] GC(43) Pause Young (Concurrent Start) (Metadata GC Threshold)
[2026-02-05T19:41:52.588+0000][27.177s][info ][gc,task     ] GC(43) Using 10 workers of 10 for evacuation
[2026-02-05T19:41:52.596+0000][27.185s][info ][gc,phases   ] GC(43)   Pre Evacuate Collection Set: 0.2ms
[2026-02-05T19:41:52.596+0000][27.185s][info ][gc,phases   ] GC(43)   Merge Heap Roots: 0.2ms
[2026-02-05T19:41:52.597+0000][27.185s][info ][gc,phases   ] GC(43)   Evacuate Collection Set: 5.7ms
[2026-02-05T19:41:52.597+0000][27.186s][info ][gc,phases   ] GC(43)   Post Evacuate Collection Set: 1.6ms
[2026-02-05T19:41:52.597+0000][27.186s][info ][gc,phases   ] GC(43)   Other: 0.4ms
[2026-02-05T19:41:52.597+0000][27.186s][info ][gc,heap     ] GC(43) Eden regions: 35->0(77)
[2026-02-05T19:41:52.598+0000][27.187s][info ][gc,heap     ] GC(43) Survivor regions: 7->6(11)
[2026-02-05T19:41:52.598+0000][27.187s][info ][gc,heap     ] GC(43) Old regions: 44->47
[2026-02-05T19:41:52.598+0000][27.187s][info ][gc,heap     ] GC(43) Archive regions: 2->2
[2026-02-05T19:41:52.598+0000][27.187s][info ][gc,heap     ] GC(43) Humongous regions: 0->0
[2026-02-05T19:41:52.598+0000][27.187s][info ][gc,metaspace] GC(43) Metaspace: 113197K(113856K)->113197K(113856K) NonClass: 98555K(98880K)->98555K(98880K) Class: 14641K(14976K)->14641K(14976K)
[2026-02-05T19:41:52.598+0000][27.187s][info ][gc          ] GC(43) Pause Young (Concurrent Start) (Metadata GC Threshold) 172M->104M(310M) 10.603ms
[2026-02-05T19:41:52.598+0000][27.187s][info ][gc,cpu      ] GC(43) User=0.05s Sys=0.00s Real=0.01s
[2026-02-05T19:41:52.599+0000][27.188s][info ][gc          ] GC(44) Concurrent Mark Cycle
[2026-02-05T19:41:52.599+0000][27.188s][info ][gc,marking  ] GC(44) Concurrent Clear Claimed Marks
[2026-02-05T19:41:52.599+0000][27.188s][info ][safepoint   ] Safepoint "CollectForMetadataAllocation", Time since last: 316609760 ns, Reaching safepoint: 337014 ns, Cleanup: 37001 ns, At safepoint: 11089757 ns, Total: 11463772 ns
[2026-02-05T19:41:52.599+0000][27.188s][info ][gc,marking  ] GC(44) Concurrent Clear Claimed Marks 0.230ms
[2026-02-05T19:41:52.599+0000][27.188s][info ][gc,marking  ] GC(44) Concurrent Scan Root Regions
[2026-02-05T19:41:52.606+0000][27.195s][info ][gc,marking  ] GC(44) Concurrent Scan Root Regions 6.364ms
[2026-02-05T19:41:52.606+0000][27.195s][info ][gc,marking  ] GC(44) Concurrent Mark
[2026-02-05T19:41:52.606+0000][27.195s][info ][gc,marking  ] GC(44) Concurrent Mark From Roots
[2026-02-05T19:41:52.607+0000][27.196s][info ][gc,task     ] GC(44) Using 3 workers of 3 for marking
[2026-02-05T19:41:52.653+0000][27.242s][info ][gc,marking  ] GC(44) Concurrent Mark From Roots 46.864ms
[2026-02-05T19:41:52.654+0000][27.242s][info ][gc,marking  ] GC(44) Concurrent Preclean
[2026-02-05T19:41:52.654+0000][27.243s][info ][gc,marking  ] GC(44) Concurrent Preclean 0.544ms
[2026-02-05T19:41:52.654+0000][27.243s][debug][safepoint   ] Safepoint synchronization initiated using futex wait barrier. (90 threads)
[2026-02-05T19:41:52.655+0000][27.244s][info ][gc,start    ] GC(44) Pause Remark
[2026-02-05T19:41:52.659+0000][27.248s][info ][gc          ] GC(44) Pause Remark 112M->112M(310M) 4.325ms
[2026-02-05T19:41:52.659+0000][27.248s][info ][gc,cpu      ] GC(44) User=0.02s Sys=0.01s Real=0.00s
[2026-02-05T19:41:52.660+0000][27.249s][info ][safepoint   ] Safepoint "G1PauseRemark", Time since last: 55516091 ns, Reaching safepoint: 360114 ns, Cleanup: 17701 ns, At safepoint: 5084510 ns, Total: 5462325 ns
[2026-02-05T19:41:52.660+0000][27.249s][info ][gc,marking  ] GC(44) Concurrent Mark 54.063ms
[2026-02-05T19:41:52.660+0000][27.249s][info ][gc,marking  ] GC(44) Concurrent Rebuild Remembered Sets
[2026-02-05T19:41:52.693+0000][27.281s][info ][gc,marking  ] GC(44) Concurrent Rebuild Remembered Sets 32.127ms
[2026-02-05T19:41:52.693+0000][27.282s][debug][safepoint   ] Safepoint synchronization initiated using futex wait barrier. (90 threads)
[2026-02-05T19:41:52.694+0000][27.282s][info ][gc,start    ] GC(44) Pause Cleanup
[2026-02-05T19:41:52.694+0000][27.283s][info ][gc          ] GC(44) Pause Cleanup 113M->113M(310M) 0.535ms
[2026-02-05T19:41:52.694+0000][27.283s][info ][gc,cpu      ] GC(44) User=0.00s Sys=0.00s Real=0.01s
[2026-02-05T19:41:52.695+0000][27.284s][info ][safepoint   ] Safepoint "G1PauseCleanup", Time since last: 33252472 ns, Reaching safepoint: 461019 ns, Cleanup: 11900 ns, At safepoint: 1165148 ns, Total: 1638067 ns
[2026-02-05T19:41:52.695+0000][27.284s][info ][gc,marking  ] GC(44) Concurrent Cleanup for Next Mark
[2026-02-05T19:41:52.696+0000][27.285s][info ][gc,marking  ] GC(44) Concurrent Cleanup for Next Mark 0.702ms
[2026-02-05T19:41:52.696+0000][27.285s][info ][gc          ] GC(44) Concurrent Mark Cycle 97.325ms
[2026-02-05T19:41:52.977+0000][27.566s][debug][safepoint   ] Safepoint synchronization initiated using futex wait barrier. (90 threads)
[2026-02-05T19:41:52.978+0000][27.567s][info ][safepoint   ] Safepoint "ICBufferFull", Time since last: 282393649 ns, Reaching safepoint: 400816 ns, Cleanup: 105105 ns, At safepoint: 23401 ns, Total: 529322 ns
[2026-02-05T19:41:53.530+0000][28.119s][debug][safepoint   ] Safepoint synchronization initiated using futex wait barrier. (90 threads)
[2026-02-05T19:41:53.531+0000][28.120s][info ][safepoint   ] Safepoint "ICBufferFull", Time since last: 552914307 ns, Reaching safepoint: 382916 ns, Cleanup: 116505 ns, At safepoint: 3400 ns, Total: 502821 ns
[2026-02-05T19:41:53.728+0000][28.317s][debug][safepoint   ] Safepoint synchronization initiated using futex wait barrier. (91 threads)
[2026-02-05T19:41:53.728+0000][28.317s][info ][gc,start    ] GC(45) Pause Young (Prepare Mixed) (G1 Evacuation Pause)
[2026-02-05T19:41:53.729+0000][28.318s][info ][gc,task     ] GC(45) Using 10 workers of 10 for evacuation
[2026-02-05T19:41:53.737+0000][28.326s][info ][gc,phases   ] GC(45)   Pre Evacuate Collection Set: 0.3ms
[2026-02-05T19:41:53.737+0000][28.326s][info ][gc,phases   ] GC(45)   Merge Heap Roots: 0.2ms
[2026-02-05T19:41:53.738+0000][28.327s][info ][gc,phases   ] GC(45)   Evacuate Collection Set: 5.2ms
[2026-02-05T19:41:53.738+0000][28.327s][info ][gc,phases   ] GC(45)   Post Evacuate Collection Set: 1.9ms
[2026-02-05T19:41:53.738+0000][28.327s][info ][gc,phases   ] GC(45)   Other: 0.9ms
[2026-02-05T19:41:53.739+0000][28.328s][info ][gc,heap     ] GC(45) Eden regions: 77->0(1)
[2026-02-05T19:41:53.739+0000][28.328s][info ][gc,heap     ] GC(45) Survivor regions: 6->7(11)
[2026-02-05T19:41:53.739+0000][28.328s][info ][gc,heap     ] GC(45) Old regions: 47->47
[2026-02-05T19:41:53.740+0000][28.329s][info ][gc,heap     ] GC(45) Archive regions: 2->2
[2026-02-05T19:41:53.740+0000][28.329s][info ][gc,heap     ] GC(45) Humongous regions: 0->0
[2026-02-05T19:41:53.740+0000][28.329s][info ][gc,metaspace] GC(45) Metaspace: 116446K(117120K)->116446K(117120K) NonClass: 101454K(101824K)->101454K(101824K) Class: 14991K(15296K)->14991K(15296K)
[2026-02-05T19:41:53.740+0000][28.329s][info ][gc          ] GC(45) Pause Young (Prepare Mixed) (G1 Evacuation Pause) 258M->107M(310M) 12.012ms
[2026-02-05T19:41:53.741+0000][28.330s][info ][gc,cpu      ] GC(45) User=0.08s Sys=0.00s Real=0.01s
[2026-02-05T19:41:53.741+0000][28.330s][info ][safepoint   ] Safepoint "G1CollectForAllocation", Time since last: 196943824 ns, Reaching safepoint: 440618 ns, Cleanup: 29101 ns, At safepoint: 12597320 ns, Total: 13067039 ns
[2026-02-05T19:41:53.759+0000][28.348s][debug][safepoint   ] Safepoint synchronization initiated using futex wait barrier. (92 threads)
[2026-02-05T19:41:53.759+0000][28.348s][info ][gc,start    ] GC(46) Pause Young (Mixed) (G1 Evacuation Pause)
[2026-02-05T19:41:53.760+0000][28.348s][info ][gc,task     ] GC(46) Using 10 workers of 10 for evacuation
[2026-02-05T19:41:53.768+0000][28.357s][info ][gc,phases   ] GC(46)   Pre Evacuate Collection Set: 0.2ms
[2026-02-05T19:41:53.769+0000][28.358s][info ][gc,phases   ] GC(46)   Merge Heap Roots: 0.2ms
[2026-02-05T19:41:53.769+0000][28.358s][info ][gc,phases   ] GC(46)   Evacuate Collection Set: 6.2ms
[2026-02-05T19:41:53.769+0000][28.358s][info ][gc,phases   ] GC(46)   Post Evacuate Collection Set: 1.5ms
[2026-02-05T19:41:53.770+0000][28.359s][info ][gc,phases   ] GC(46)   Other: 0.6ms
[2026-02-05T19:41:53.770+0000][28.359s][info ][gc,heap     ] GC(46) Eden regions: 1->0(77)
[2026-02-05T19:41:53.771+0000][28.359s][info ][gc,heap     ] GC(46) Survivor regions: 7->1(1)
[2026-02-05T19:41:53.771+0000][28.360s][info ][gc,heap     ] GC(46) Old regions: 47->52
[2026-02-05T19:41:53.771+0000][28.360s][info ][gc,heap     ] GC(46) Archive regions: 2->2
[2026-02-05T19:41:53.771+0000][28.360s][info ][gc,heap     ] GC(46) Humongous regions: 0->0
[2026-02-05T19:41:53.772+0000][28.361s][info ][gc,metaspace] GC(46) Metaspace: 116466K(117120K)->116466K(117120K) NonClass: 101471K(101824K)->101471K(101824K) Class: 14995K(15296K)->14995K(15296K)
[2026-02-05T19:41:53.772+0000][28.361s][info ][gc          ] GC(46) Pause Young (Mixed) (G1 Evacuation Pause) 109M->107M(310M) 12.681ms
[2026-02-05T19:41:53.772+0000][28.361s][info ][gc,cpu      ] GC(46) User=0.08s Sys=0.00s Real=0.01s
[2026-02-05T19:41:53.772+0000][28.361s][info ][safepoint   ] Safepoint "G1CollectForAllocation", Time since last: 17906639 ns, Reaching safepoint: 313012 ns, Cleanup: 7001 ns, At safepoint: 13245446 ns, Total: 13565459 ns
[2026-02-05T19:41:54.575+0000][29.164s][debug][safepoint   ] Safepoint synchronization initiated using futex wait barrier. (97 threads)
[2026-02-05T19:41:54.575+0000][29.164s][info ][gc,start    ] GC(47) Pause Young (Normal) (G1 Evacuation Pause)
[2026-02-05T19:41:54.576+0000][29.165s][info ][gc,task     ] GC(47) Using 10 workers of 10 for evacuation
[2026-02-05T19:41:54.581+0000][29.170s][info ][gc,phases   ] GC(47)   Pre Evacuate Collection Set: 0.2ms
[2026-02-05T19:41:54.581+0000][29.170s][info ][gc,phases   ] GC(47)   Merge Heap Roots: 0.2ms
[2026-02-05T19:41:54.582+0000][29.170s][info ][gc,phases   ] GC(47)   Evacuate Collection Set: 3.3ms
[2026-02-05T19:41:54.582+0000][29.171s][info ][gc,phases   ] GC(47)   Post Evacuate Collection Set: 1.5ms
[2026-02-05T19:41:54.582+0000][29.171s][info ][gc,phases   ] GC(47)   Other: 0.5ms
[2026-02-05T19:41:54.582+0000][29.171s][info ][gc,heap     ] GC(47) Eden regions: 77->0(75)
[2026-02-05T19:41:54.582+0000][29.171s][info ][gc,heap     ] GC(47) Survivor regions: 1->3(10)
[2026-02-05T19:41:54.582+0000][29.171s][info ][gc,heap     ] GC(47) Old regions: 52->52
[2026-02-05T19:41:54.583+0000][29.172s][info ][gc,heap     ] GC(47) Archive regions: 2->2
[2026-02-05T19:41:54.583+0000][29.172s][info ][gc,heap     ] GC(47) Humongous regions: 0->0
[2026-02-05T19:41:54.583+0000][29.172s][info ][gc,metaspace] GC(47) Metaspace: 120060K(120768K)->120060K(120768K) NonClass: 104642K(105024K)->104642K(105024K) Class: 15417K(15744K)->15417K(15744K)
[2026-02-05T19:41:54.583+0000][29.172s][info ][gc          ] GC(47) Pause Young (Normal) (G1 Evacuation Pause) 261M->110M(310M) 7.733ms
[2026-02-05T19:41:54.583+0000][29.172s][info ][gc,cpu      ] GC(47) User=0.03s Sys=0.00s Real=0.01s
[2026-02-05T19:41:54.584+0000][29.173s][info ][safepoint   ] Safepoint "G1CollectForAllocation", Time since last: 802442901 ns, Reaching safepoint: 419017 ns, Cleanup: 102304 ns, At safepoint: 8365045 ns, Total: 8886366 ns
[2026-02-05T19:41:55.275+0000][29.864s][debug][safepoint   ] Safepoint synchronization initiated using futex wait barrier. (97 threads)
[2026-02-05T19:41:55.275+0000][29.864s][info ][safepoint   ] Safepoint "ICBufferFull", Time since last: 691000504 ns, Reaching safepoint: 314613 ns, Cleanup: 150506 ns, At safepoint: 20901 ns, Total: 486020 ns
[2026-02-05T19:41:55.476+0000][30.065s][debug][safepoint   ] Safepoint synchronization initiated using futex wait barrier. (105 threads)
[2026-02-05T19:41:55.477+0000][30.066s][info ][gc,start    ] GC(48) Pause Young (Normal) (G1 Evacuation Pause)
[2026-02-05T19:41:55.477+0000][30.066s][info ][gc,task     ] GC(48) Using 10 workers of 10 for evacuation
[2026-02-05T19:41:55.483+0000][30.072s][info ][gc,phases   ] GC(48)   Pre Evacuate Collection Set: 0.4ms
[2026-02-05T19:41:55.484+0000][30.073s][info ][gc,phases   ] GC(48)   Merge Heap Roots: 0.2ms
[2026-02-05T19:41:55.484+0000][30.073s][info ][gc,phases   ] GC(48)   Evacuate Collection Set: 3.9ms
[2026-02-05T19:41:55.484+0000][30.073s][info ][gc,phases   ] GC(48)   Post Evacuate Collection Set: 1.5ms
[2026-02-05T19:41:55.484+0000][30.073s][info ][gc,phases   ] GC(48)   Other: 0.6ms
[2026-02-05T19:41:55.484+0000][30.073s][info ][gc,heap     ] GC(48) Eden regions: 75->0(73)
[2026-02-05T19:41:55.485+0000][30.073s][info ][gc,heap     ] GC(48) Survivor regions: 3->5(10)
[2026-02-05T19:41:55.485+0000][30.074s][info ][gc,heap     ] GC(48) Old regions: 52->52
[2026-02-05T19:41:55.485+0000][30.074s][info ][gc,heap     ] GC(48) Archive regions: 2->2
[2026-02-05T19:41:55.485+0000][30.074s][info ][gc,heap     ] GC(48) Humongous regions: 0->0
[2026-02-05T19:41:55.485+0000][30.074s][info ][gc,metaspace] GC(48) Metaspace: 127647K(128640K)->127647K(128640K) NonClass: 111301K(111808K)->111301K(111808K) Class: 16346K(16832K)->16346K(16832K)
[2026-02-05T19:41:55.485+0000][30.074s][info ][gc          ] GC(48) Pause Young (Normal) (G1 Evacuation Pause) 260M->113M(310M) 8.459ms
[2026-02-05T19:41:55.485+0000][30.074s][info ][gc,cpu      ] GC(48) User=0.03s Sys=0.00s Real=0.01s
[2026-02-05T19:41:55.486+0000][30.075s][info ][safepoint   ] Safepoint "G1CollectForAllocation", Time since last: 201074894 ns, Reaching safepoint: 316613 ns, Cleanup: 33202 ns, At safepoint: 8927368 ns, Total: 9277183 ns
[2026-02-05T19:41:55.963+0000][30.552s][debug][safepoint   ] Safepoint synchronization initiated using futex wait barrier. (103 threads)
[2026-02-05T19:41:55.963+0000][30.552s][info ][gc,start    ] GC(49) Pause Young (Normal) (G1 Evacuation Pause)
[2026-02-05T19:41:55.963+0000][30.552s][info ][gc,task     ] GC(49) Using 10 workers of 10 for evacuation
[2026-02-05T19:41:55.969+0000][30.558s][info ][gc,phases   ] GC(49)   Pre Evacuate Collection Set: 0.3ms
[2026-02-05T19:41:55.969+0000][30.558s][info ][gc,phases   ] GC(49)   Merge Heap Roots: 0.2ms
[2026-02-05T19:41:55.970+0000][30.559s][info ][gc,phases   ] GC(49)   Evacuate Collection Set: 3.5ms
[2026-02-05T19:41:55.971+0000][30.559s][info ][gc,phases   ] GC(49)   Post Evacuate Collection Set: 1.5ms
[2026-02-05T19:41:55.971+0000][30.560s][info ][gc,phases   ] GC(49)   Other: 0.6ms
[2026-02-05T19:41:55.971+0000][30.560s][info ][gc,heap     ] GC(49) Eden regions: 73->0(74)
[2026-02-05T19:41:55.971+0000][30.560s][info ][gc,heap     ] GC(49) Survivor regions: 5->5(10)
[2026-02-05T19:41:55.972+0000][30.561s][info ][gc,heap     ] GC(49) Old regions: 52->52
[2026-02-05T19:41:55.972+0000][30.561s][info ][gc,heap     ] GC(49) Archive regions: 2->2
[2026-02-05T19:41:55.972+0000][30.561s][info ][gc,heap     ] GC(49) Humongous regions: 0->0
[2026-02-05T19:41:55.972+0000][30.561s][info ][gc,metaspace] GC(49) Metaspace: 132159K(133184K)->132159K(133184K) NonClass: 115397K(115968K)->115397K(115968K) Class: 16761K(17216K)->16761K(17216K)
[2026-02-05T19:41:55.972+0000][30.561s][info ][gc          ] GC(49) Pause Young (Normal) (G1 Evacuation Pause) 259M->115M(310M) 9.238ms
[2026-02-05T19:41:55.973+0000][30.562s][info ][gc,cpu      ] GC(49) User=0.05s Sys=0.00s Real=0.00s
[2026-02-05T19:41:55.973+0000][30.562s][info ][safepoint   ] Safepoint "G1CollectForAllocation", Time since last: 477057079 ns, Reaching safepoint: 352814 ns, Cleanup: 23101 ns, At safepoint: 9672699 ns, Total: 10048614 ns
[2026-02-05T19:41:56.691+0000][31.280s][debug][safepoint   ] Safepoint synchronization initiated using futex wait barrier. (111 threads)
[2026-02-05T19:41:56.691+0000][31.280s][info ][gc,start    ] GC(50) Pause Young (Normal) (G1 Evacuation Pause)
[2026-02-05T19:41:56.692+0000][31.281s][info ][gc,task     ] GC(50) Using 10 workers of 10 for evacuation
[2026-02-05T19:41:56.705+0000][31.294s][info ][gc,phases   ] GC(50)   Pre Evacuate Collection Set: 0.2ms
[2026-02-05T19:41:56.706+0000][31.295s][info ][gc,phases   ] GC(50)   Merge Heap Roots: 0.2ms
[2026-02-05T19:41:56.706+0000][31.295s][info ][gc,phases   ] GC(50)   Evacuate Collection Set: 8.1ms
[2026-02-05T19:41:56.706+0000][31.295s][info ][gc,phases   ] GC(50)   Post Evacuate Collection Set: 4.8ms
[2026-02-05T19:41:56.707+0000][31.296s][info ][gc,phases   ] GC(50)   Other: 0.6ms
[2026-02-05T19:41:56.707+0000][31.296s][info ][gc,heap     ] GC(50) Eden regions: 74->0(69)
[2026-02-05T19:41:56.708+0000][31.297s][info ][gc,heap     ] GC(50) Survivor regions: 5->8(10)
[2026-02-05T19:41:56.708+0000][31.297s][info ][gc,heap     ] GC(50) Old regions: 52->52
[2026-02-05T19:41:56.708+0000][31.297s][info ][gc,heap     ] GC(50) Archive regions: 2->2
[2026-02-05T19:41:56.708+0000][31.297s][info ][gc,heap     ] GC(50) Humongous regions: 0->0
[2026-02-05T19:41:56.708+0000][31.297s][info ][gc,metaspace] GC(50) Metaspace: 135546K(136576K)->135546K(136576K) NonClass: 118445K(118976K)->118445K(118976K) Class: 17100K(17600K)->17100K(17600K)
[2026-02-05T19:41:56.709+0000][31.298s][info ][gc          ] GC(50) Pause Young (Normal) (G1 Evacuation Pause) 263M->119M(310M) 17.196ms
[2026-02-05T19:41:56.709+0000][31.298s][info ][gc,cpu      ] GC(50) User=0.13s Sys=0.00s Real=0.02s
[2026-02-05T19:41:56.709+0000][31.298s][info ][safepoint   ] Safepoint "G1CollectForAllocation", Time since last: 718097721 ns, Reaching safepoint: 396717 ns, Cleanup: 104004 ns, At safepoint: 17705830 ns, Total: 18206551 ns
[2026-02-05T19:41:57.508+0000][32.097s][debug][safepoint   ] Safepoint synchronization initiated using futex wait barrier. (115 threads)
[2026-02-05T19:41:57.508+0000][32.097s][info ][gc,start    ] GC(51) Pause Young (Normal) (G1 Evacuation Pause)
[2026-02-05T19:41:57.509+0000][32.098s][info ][gc,task     ] GC(51) Using 10 workers of 10 for evacuation
[2026-02-05T19:41:57.520+0000][32.109s][info ][gc,phases   ] GC(51)   Pre Evacuate Collection Set: 0.2ms
[2026-02-05T19:41:57.520+0000][32.109s][info ][gc,phases   ] GC(51)   Merge Heap Roots: 0.1ms
[2026-02-05T19:41:57.521+0000][32.110s][info ][gc,phases   ] GC(51)   Evacuate Collection Set: 9.2ms
[2026-02-05T19:41:57.521+0000][32.110s][info ][gc,phases   ] GC(51)   Post Evacuate Collection Set: 1.6ms
[2026-02-05T19:41:57.521+0000][32.110s][info ][gc,phases   ] GC(51)   Other: 0.5ms
[2026-02-05T19:41:57.521+0000][32.110s][info ][gc,heap     ] GC(51) Eden regions: 69->0(65)
[2026-02-05T19:41:57.521+0000][32.110s][info ][gc,heap     ] GC(51) Survivor regions: 8->9(10)
[2026-02-05T19:41:57.521+0000][32.110s][info ][gc,heap     ] GC(51) Old regions: 52->54
[2026-02-05T19:41:57.522+0000][32.110s][info ][gc,heap     ] GC(51) Archive regions: 2->2
[2026-02-05T19:41:57.522+0000][32.111s][info ][gc,heap     ] GC(51) Humongous regions: 0->0
[2026-02-05T19:41:57.522+0000][32.111s][info ][gc,metaspace] GC(51) Metaspace: 137912K(138944K)->137912K(138944K) NonClass: 120698K(121216K)->120698K(121216K) Class: 17213K(17728K)->17213K(17728K)
[2026-02-05T19:41:57.522+0000][32.111s][info ][gc          ] GC(51) Pause Young (Normal) (G1 Evacuation Pause) 257M->125M(310M) 13.561ms
[2026-02-05T19:41:57.522+0000][32.111s][info ][gc,cpu      ] GC(51) User=0.10s Sys=0.00s Real=0.02s
[2026-02-05T19:41:57.522+0000][32.111s][info ][safepoint   ] Safepoint "G1CollectForAllocation", Time since last: 798997959 ns, Reaching safepoint: 319513 ns, Cleanup: 74203 ns, At safepoint: 14045080 ns, Total: 14438796 ns
[2026-02-05T19:41:58.179+0000][32.768s][debug][safepoint   ] Safepoint synchronization initiated using futex wait barrier. (129 threads)
[2026-02-05T19:41:58.180+0000][32.769s][info ][gc,start    ] GC(52) Pause Young (Normal) (G1 Evacuation Pause)
[2026-02-05T19:41:58.180+0000][32.769s][info ][gc,task     ] GC(52) Using 10 workers of 10 for evacuation
[2026-02-05T19:41:58.190+0000][32.779s][info ][gc,phases   ] GC(52)   Pre Evacuate Collection Set: 0.2ms
[2026-02-05T19:41:58.190+0000][32.779s][info ][gc,phases   ] GC(52)   Merge Heap Roots: 0.2ms
[2026-02-05T19:41:58.190+0000][32.779s][info ][gc,phases   ] GC(52)   Evacuate Collection Set: 7.6ms
[2026-02-05T19:41:58.190+0000][32.779s][info ][gc,phases   ] GC(52)   Post Evacuate Collection Set: 1.5ms
[2026-02-05T19:41:58.190+0000][32.779s][info ][gc,phases   ] GC(52)   Other: 0.5ms
[2026-02-05T19:41:58.191+0000][32.780s][info ][gc,heap     ] GC(52) Eden regions: 65->0(65)
[2026-02-05T19:41:58.191+0000][32.780s][info ][gc,heap     ] GC(52) Survivor regions: 9->6(10)
[2026-02-05T19:41:58.191+0000][32.780s][info ][gc,heap     ] GC(52) Old regions: 54->59
[2026-02-05T19:41:58.191+0000][32.780s][info ][gc,heap     ] GC(52) Archive regions: 2->2
[2026-02-05T19:41:58.191+0000][32.780s][info ][gc,heap     ] GC(52) Humongous regions: 0->0
[2026-02-05T19:41:58.191+0000][32.780s][info ][gc,metaspace] GC(52) Metaspace: 140452K(141504K)->140452K(141504K) NonClass: 123094K(123648K)->123094K(123648K) Class: 17357K(17856K)->17357K(17856K)
[2026-02-05T19:41:58.192+0000][32.781s][info ][gc          ] GC(52) Pause Young (Normal) (G1 Evacuation Pause) 255M->130M(310M) 11.884ms
[2026-02-05T19:41:58.192+0000][32.781s][info ][gc,cpu      ] GC(52) User=0.10s Sys=0.00s Real=0.01s
[2026-02-05T19:41:58.192+0000][32.781s][info ][safepoint   ] Safepoint "G1CollectForAllocation", Time since last: 656788792 ns, Reaching safepoint: 342314 ns, Cleanup: 45202 ns, At safepoint: 12349009 ns, Total: 12736525 ns
[2026-02-05T19:41:58.865+0000][33.454s][debug][safepoint   ] Safepoint synchronization initiated using futex wait barrier. (137 threads)
[2026-02-05T19:41:58.865+0000][33.454s][info ][gc,start    ] GC(53) Pause Young (Normal) (G1 Evacuation Pause)
[2026-02-05T19:41:58.866+0000][33.455s][info ][gc,task     ] GC(53) Using 10 workers of 10 for evacuation
[2026-02-05T19:41:58.874+0000][33.463s][info ][gc,phases   ] GC(53)   Pre Evacuate Collection Set: 0.3ms
[2026-02-05T19:41:58.874+0000][33.463s][info ][gc,phases   ] GC(53)   Merge Heap Roots: 0.3ms
[2026-02-05T19:41:58.875+0000][33.464s][info ][gc,phases   ] GC(53)   Evacuate Collection Set: 6.0ms
[2026-02-05T19:41:58.875+0000][33.464s][info ][gc,phases   ] GC(53)   Post Evacuate Collection Set: 1.5ms
[2026-02-05T19:41:58.876+0000][33.465s][info ][gc,phases   ] GC(53)   Other: 0.6ms
[2026-02-05T19:41:58.876+0000][33.465s][info ][gc,heap     ] GC(53) Eden regions: 65->0(63)
[2026-02-05T19:41:58.876+0000][33.465s][info ][gc,heap     ] GC(53) Survivor regions: 6->5(9)
[2026-02-05T19:41:58.877+0000][33.466s][info ][gc,heap     ] GC(53) Old regions: 59->62
[2026-02-05T19:41:58.877+0000][33.466s][info ][gc,heap     ] GC(53) Archive regions: 2->2
[2026-02-05T19:41:58.877+0000][33.466s][info ][gc,heap     ] GC(53) Humongous regions: 0->0
[2026-02-05T19:41:58.877+0000][33.466s][info ][gc,metaspace] GC(53) Metaspace: 145253K(146304K)->145253K(146304K) NonClass: 127399K(127936K)->127399K(127936K) Class: 17854K(18368K)->17854K(18368K)
[2026-02-05T19:41:58.878+0000][33.466s][info ][gc          ] GC(53) Pause Young (Normal) (G1 Evacuation Pause) 260M->133M(310M) 12.239ms
[2026-02-05T19:41:58.878+0000][33.467s][info ][gc,cpu      ] GC(53) User=0.06s Sys=0.01s Real=0.01s
[2026-02-05T19:41:58.878+0000][33.467s][info ][safepoint   ] Safepoint "G1CollectForAllocation", Time since last: 672783553 ns, Reaching safepoint: 388816 ns, Cleanup: 45702 ns, At safepoint: 12732125 ns, Total: 13166643 ns
[2026-02-05T19:41:58.963+0000][33.552s][info ][cds,heap    ] initialize_from_archived_subgraph jdk.internal.math.FDBigInteger 0x000074605b14ece8
[2026-02-05T19:41:59.316+0000][33.905s][debug][safepoint   ] ... found polling page loop exception at pc = 0x00007460c939e30b, stub =0x00007460c8b10400
[2026-02-05T19:41:59.437+0000][34.026s][debug][safepoint   ] Safepoint synchronization initiated using futex wait barrier. (152 threads)
[2026-02-05T19:41:59.438+0000][34.027s][info ][safepoint   ] Safepoint "ICBufferFull", Time since last: 559283270 ns, Reaching safepoint: 256811 ns, Cleanup: 134305 ns, At safepoint: 473420 ns, Total: 864536 ns
[2026-02-05T19:41:59.665+0000][34.254s][debug][safepoint   ] Safepoint synchronization initiated using futex wait barrier. (152 threads)
[2026-02-05T19:41:59.665+0000][34.254s][info ][gc,start    ] GC(54) Pause Young (Normal) (G1 Evacuation Pause)
[2026-02-05T19:41:59.665+0000][34.254s][info ][gc,task     ] GC(54) Using 10 workers of 10 for evacuation
[2026-02-05T19:41:59.673+0000][34.262s][info ][gc,phases   ] GC(54)   Pre Evacuate Collection Set: 0.2ms
[2026-02-05T19:41:59.674+0000][34.263s][info ][gc,phases   ] GC(54)   Merge Heap Roots: 0.2ms
[2026-02-05T19:41:59.674+0000][34.263s][info ][gc,phases   ] GC(54)   Evacuate Collection Set: 5.3ms
[2026-02-05T19:41:59.674+0000][34.263s][info ][gc,phases   ] GC(54)   Post Evacuate Collection Set: 1.9ms
[2026-02-05T19:41:59.674+0000][34.263s][info ][gc,phases   ] GC(54)   Other: 0.4ms
[2026-02-05T19:41:59.675+0000][34.264s][info ][gc,heap     ] GC(54) Eden regions: 63->0(63)
[2026-02-05T19:41:59.675+0000][34.264s][info ][gc,heap     ] GC(54) Survivor regions: 5->6(9)
[2026-02-05T19:41:59.675+0000][34.264s][info ][gc,heap     ] GC(54) Old regions: 62->62
[2026-02-05T19:41:59.675+0000][34.264s][info ][gc,heap     ] GC(54) Archive regions: 2->2
[2026-02-05T19:41:59.675+0000][34.264s][info ][gc,heap     ] GC(54) Humongous regions: 0->0
[2026-02-05T19:41:59.676+0000][34.265s][info ][gc,metaspace] GC(54) Metaspace: 149122K(150144K)->149122K(150144K) NonClass: 130819K(131328K)->130819K(131328K) Class: 18303K(18816K)->18303K(18816K)
[2026-02-05T19:41:59.676+0000][34.265s][info ][gc          ] GC(54) Pause Young (Normal) (G1 Evacuation Pause) 259M->135M(310M) 10.493ms
[2026-02-05T19:41:59.676+0000][34.265s][info ][gc,cpu      ] GC(54) User=0.05s Sys=0.00s Real=0.01s
[2026-02-05T19:41:59.676+0000][34.265s][info ][safepoint   ] Safepoint "G1CollectForAllocation", Time since last: 226776657 ns, Reaching safepoint: 305013 ns, Cleanup: 35701 ns, At safepoint: 11031957 ns, Total: 11372671 ns
[2026-02-05T19:42:00.149+0000][34.738s][debug][safepoint   ] Safepoint synchronization initiated using futex wait barrier. (153 threads)
[2026-02-05T19:42:00.149+0000][34.738s][debug][safepoint   ] ... found polling page loop exception at pc = 0x00007460c939e1fc, stub =0x00007460c8b10400
[2026-02-05T19:42:00.150+0000][34.739s][info ][gc,start    ] GC(55) Pause Young (Normal) (G1 Evacuation Pause)
[2026-02-05T19:42:00.150+0000][34.739s][info ][gc,task     ] GC(55) Using 10 workers of 10 for evacuation
[2026-02-05T19:42:00.159+0000][34.748s][info ][gc,phases   ] GC(55)   Pre Evacuate Collection Set: 0.2ms
[2026-02-05T19:42:00.159+0000][34.748s][info ][gc,phases   ] GC(55)   Merge Heap Roots: 0.2ms
[2026-02-05T19:42:00.159+0000][34.748s][info ][gc,phases   ] GC(55)   Evacuate Collection Set: 5.7ms
[2026-02-05T19:42:00.160+0000][34.749s][info ][gc,phases   ] GC(55)   Post Evacuate Collection Set: 2.1ms
[2026-02-05T19:42:00.160+0000][34.749s][info ][gc,phases   ] GC(55)   Other: 0.6ms
[2026-02-05T19:42:00.160+0000][34.749s][info ][gc,heap     ] GC(55) Eden regions: 63->0(63)
[2026-02-05T19:42:00.161+0000][34.749s][info ][gc,heap     ] GC(55) Survivor regions: 6->5(9)
[2026-02-05T19:42:00.161+0000][34.750s][info ][gc,heap     ] GC(55) Old regions: 62->64
[2026-02-05T19:42:00.161+0000][34.750s][info ][gc,heap     ] GC(55) Archive regions: 2->2
[2026-02-05T19:42:00.161+0000][34.750s][info ][gc,heap     ] GC(55) Humongous regions: 0->0
[2026-02-05T19:42:00.162+0000][34.751s][info ][gc,metaspace] GC(55) Metaspace: 150556K(151552K)->150556K(151552K) NonClass: 132040K(132544K)->132040K(132544K) Class: 18515K(19008K)->18515K(19008K)
[2026-02-05T19:42:00.162+0000][34.751s][info ][gc          ] GC(55) Pause Young (Normal) (G1 Evacuation Pause) 261M->137M(310M) 12.047ms
[2026-02-05T19:42:00.162+0000][34.751s][info ][gc,cpu      ] GC(55) User=0.07s Sys=0.01s Real=0.02s
[2026-02-05T19:42:00.162+0000][34.751s][info ][safepoint   ] Safepoint "G1CollectForAllocation", Time since last: 472639598 ns, Reaching safepoint: 807534 ns, Cleanup: 53302 ns, At safepoint: 12602423 ns, Total: 13463259 ns
[2026-02-05T19:42:00.706+0000][35.295s][debug][safepoint   ] Safepoint synchronization initiated using futex wait barrier. (153 threads)
[2026-02-05T19:42:00.706+0000][35.295s][info ][gc,start    ] GC(56) Pause Young (Normal) (G1 Evacuation Pause)
[2026-02-05T19:42:00.707+0000][35.295s][info ][gc,task     ] GC(56) Using 10 workers of 10 for evacuation
[2026-02-05T19:42:00.717+0000][35.306s][info ][gc,phases   ] GC(56)   Pre Evacuate Collection Set: 0.3ms
[2026-02-05T19:42:00.718+0000][35.307s][info ][gc,phases   ] GC(56)   Merge Heap Roots: 0.2ms
[2026-02-05T19:42:00.718+0000][35.307s][info ][gc,phases   ] GC(56)   Evacuate Collection Set: 7.5ms
[2026-02-05T19:42:00.719+0000][35.307s][info ][gc,phases   ] GC(56)   Post Evacuate Collection Set: 2.4ms
[2026-02-05T19:42:00.719+0000][35.308s][info ][gc,phases   ] GC(56)   Other: 0.7ms
[2026-02-05T19:42:00.719+0000][35.308s][info ][gc,heap     ] GC(56) Eden regions: 63->0(86)
[2026-02-05T19:42:00.719+0000][35.308s][info ][gc,heap     ] GC(56) Survivor regions: 5->7(9)
[2026-02-05T19:42:00.720+0000][35.309s][info ][gc,heap     ] GC(56) Old regions: 64->64
[2026-02-05T19:42:00.720+0000][35.309s][info ][gc,heap     ] GC(56) Archive regions: 2->2
[2026-02-05T19:42:00.720+0000][35.309s][info ][gc,heap     ] GC(56) Humongous regions: 0->0
[2026-02-05T19:42:00.721+0000][35.309s][info ][gc,metaspace] GC(56) Metaspace: 151508K(152576K)->151508K(152576K) NonClass: 132870K(133440K)->132870K(133440K) Class: 18638K(19136K)->18638K(19136K)
[2026-02-05T19:42:00.721+0000][35.310s][info ][gc          ] GC(56) Pause Young (Normal) (G1 Evacuation Pause) 263M->141M(372M) 14.516ms
[2026-02-05T19:42:00.721+0000][35.310s][info ][gc,cpu      ] GC(56) User=0.09s Sys=0.00s Real=0.01s
[2026-02-05T19:42:00.721+0000][35.310s][info ][safepoint   ] Safepoint "G1CollectForAllocation", Time since last: 543318728 ns, Reaching safepoint: 435718 ns, Cleanup: 114305 ns, At safepoint: 15266633 ns, Total: 15816656 ns
[2026-02-05T19:42:01.572+0000][36.160s][debug][safepoint   ] Safepoint synchronization initiated using futex wait barrier. (152 threads)
[2026-02-05T19:42:01.572+0000][36.161s][info ][gc,start    ] GC(57) Pause Young (Normal) (G1 Evacuation Pause)
[2026-02-05T19:42:01.572+0000][36.161s][info ][gc,task     ] GC(57) Using 10 workers of 10 for evacuation
[2026-02-05T19:42:01.581+0000][36.170s][info ][gc,phases   ] GC(57)   Pre Evacuate Collection Set: 0.3ms
[2026-02-05T19:42:01.582+0000][36.171s][info ][gc,phases   ] GC(57)   Merge Heap Roots: 0.2ms
[2026-02-05T19:42:01.582+0000][36.171s][info ][gc,phases   ] GC(57)   Evacuate Collection Set: 6.4ms
[2026-02-05T19:42:01.583+0000][36.172s][info ][gc,phases   ] GC(57)   Post Evacuate Collection Set: 2.0ms
[2026-02-05T19:42:01.583+0000][36.172s][info ][gc,phases   ] GC(57)   Other: 0.6ms
[2026-02-05T19:42:01.583+0000][36.172s][info ][gc,heap     ] GC(57) Eden regions: 86->0(85)
[2026-02-05T19:42:01.583+0000][36.172s][info ][gc,heap     ] GC(57) Survivor regions: 7->7(12)
[2026-02-05T19:42:01.584+0000][36.173s][info ][gc,heap     ] GC(57) Old regions: 64->66
[2026-02-05T19:42:01.584+0000][36.173s][info ][gc,heap     ] GC(57) Archive regions: 2->2
[2026-02-05T19:42:01.584+0000][36.173s][info ][gc,heap     ] GC(57) Humongous regions: 0->0
[2026-02-05T19:42:01.584+0000][36.173s][info ][gc,metaspace] GC(57) Metaspace: 152778K(153856K)->152778K(153856K) NonClass: 133923K(134464K)->133923K(134464K) Class: 18855K(19392K)->18855K(19392K)
[2026-02-05T19:42:01.585+0000][36.174s][info ][gc          ] GC(57) Pause Young (Normal) (G1 Evacuation Pause) 313M->144M(372M) 12.912ms
[2026-02-05T19:42:01.585+0000][36.174s][info ][gc,cpu      ] GC(57) User=0.07s Sys=0.00s Real=0.02s
[2026-02-05T19:42:01.586+0000][36.175s][info ][safepoint   ] Safepoint "G1CollectForAllocation", Time since last: 850033046 ns, Reaching safepoint: 381916 ns, Cleanup: 51802 ns, At safepoint: 13678568 ns, Total: 14112286 ns
[2026-02-05T19:42:02.507+0000][37.096s][debug][safepoint   ] Safepoint synchronization initiated using futex wait barrier. (156 threads)
[2026-02-05T19:42:02.508+0000][37.097s][info ][gc,start    ] GC(58) Pause Young (Normal) (G1 Evacuation Pause)
[2026-02-05T19:42:02.508+0000][37.097s][info ][gc,task     ] GC(58) Using 10 workers of 10 for evacuation
[2026-02-05T19:42:02.517+0000][37.106s][info ][gc,phases   ] GC(58)   Pre Evacuate Collection Set: 0.4ms
[2026-02-05T19:42:02.517+0000][37.106s][info ][gc,phases   ] GC(58)   Merge Heap Roots: 0.2ms
[2026-02-05T19:42:02.517+0000][37.106s][info ][gc,phases   ] GC(58)   Evacuate Collection Set: 5.9ms
[2026-02-05T19:42:02.518+0000][37.107s][info ][gc,phases   ] GC(58)   Post Evacuate Collection Set: 1.7ms
[2026-02-05T19:42:02.518+0000][37.107s][info ][gc,phases   ] GC(58)   Other: 0.7ms
[2026-02-05T19:42:02.518+0000][37.107s][info ][gc,heap     ] GC(58) Eden regions: 85->0(83)
[2026-02-05T19:42:02.519+0000][37.108s][info ][gc,heap     ] GC(58) Survivor regions: 7->8(12)
[2026-02-05T19:42:02.519+0000][37.108s][info ][gc,heap     ] GC(58) Old regions: 66->66
[2026-02-05T19:42:02.520+0000][37.109s][info ][gc,heap     ] GC(58) Archive regions: 2->2
[2026-02-05T19:42:02.520+0000][37.109s][info ][gc,heap     ] GC(58) Humongous regions: 0->0
[2026-02-05T19:42:02.520+0000][37.109s][info ][gc,metaspace] GC(58) Metaspace: 154592K(155712K)->154592K(155712K) NonClass: 135490K(136064K)->135490K(136064K) Class: 19102K(19648K)->19102K(19648K)
[2026-02-05T19:42:02.520+0000][37.109s][info ][gc          ] GC(58) Pause Young (Normal) (G1 Evacuation Pause) 314M->148M(372M) 12.385ms
[2026-02-05T19:42:02.520+0000][37.109s][info ][gc,cpu      ] GC(58) User=0.07s Sys=0.00s Real=0.01s
[2026-02-05T19:42:02.521+0000][37.110s][info ][safepoint   ] Safepoint "G1CollectForAllocation", Time since last: 921675217 ns, Reaching safepoint: 365515 ns, Cleanup: 111504 ns, At safepoint: 12859934 ns, Total: 13336953 ns
[2026-02-05T19:42:03.314+0000][37.903s][debug][safepoint   ] Safepoint synchronization initiated using futex wait barrier. (170 threads)
[2026-02-05T19:42:03.314+0000][37.903s][info ][gc,start    ] GC(59) Pause Young (Normal) (G1 Evacuation Pause)
[2026-02-05T19:42:03.314+0000][37.903s][info ][gc,task     ] GC(59) Using 10 workers of 10 for evacuation
[2026-02-05T19:42:03.326+0000][37.915s][info ][gc,phases   ] GC(59)   Pre Evacuate Collection Set: 0.2ms
[2026-02-05T19:42:03.327+0000][37.916s][info ][gc,phases   ] GC(59)   Merge Heap Roots: 0.2ms
[2026-02-05T19:42:03.327+0000][37.916s][info ][gc,phases   ] GC(59)   Evacuate Collection Set: 8.5ms
[2026-02-05T19:42:03.328+0000][37.916s][info ][gc,phases   ] GC(59)   Post Evacuate Collection Set: 2.9ms
[2026-02-05T19:42:03.328+0000][37.917s][info ][gc,phases   ] GC(59)   Other: 0.7ms
[2026-02-05T19:42:03.329+0000][37.918s][info ][gc,heap     ] GC(59) Eden regions: 83->0(82)
[2026-02-05T19:42:03.329+0000][37.918s][info ][gc,heap     ] GC(59) Survivor regions: 8->8(12)
[2026-02-05T19:42:03.330+0000][37.919s][info ][gc,heap     ] GC(59) Old regions: 66->67
[2026-02-05T19:42:03.330+0000][37.919s][info ][gc,heap     ] GC(59) Archive regions: 2->2
[2026-02-05T19:42:03.331+0000][37.919s][info ][gc,heap     ] GC(59) Humongous regions: 0->0
[2026-02-05T19:42:03.331+0000][37.920s][info ][gc,metaspace] GC(59) Metaspace: 156652K(157824K)->156652K(157824K) NonClass: 137198K(137792K)->137198K(137792K) Class: 19453K(20032K)->19453K(20032K)
[2026-02-05T19:42:03.331+0000][37.920s][info ][gc          ] GC(59) Pause Young (Normal) (G1 Evacuation Pause) 314M->151M(372M) 16.889ms
[2026-02-05T19:42:03.331+0000][37.920s][info ][gc,cpu      ] GC(59) User=0.08s Sys=0.01s Real=0.02s
[2026-02-05T19:42:03.331+0000][37.920s][info ][safepoint   ] Safepoint "G1CollectForAllocation", Time since last: 792969580 ns, Reaching safepoint: 304513 ns, Cleanup: 27301 ns, At safepoint: 17452223 ns, Total: 17784037 ns
[2026-02-05T19:42:03.983+0000][38.572s][debug][safepoint   ] Safepoint synchronization initiated using futex wait barrier. (237 threads)
[2026-02-05T19:42:03.984+0000][38.573s][info ][safepoint   ] Safepoint "ICBufferFull", Time since last: 649754042 ns, Reaching safepoint: 2660911 ns, Cleanup: 120105 ns, At safepoint: 177407 ns, Total: 2958423 ns
[2026-02-05T19:42:04.669+0000][39.258s][debug][safepoint   ] Safepoint synchronization initiated using futex wait barrier. (325 threads)
[2026-02-05T19:42:04.671+0000][39.260s][info ][gc,start    ] GC(60) Pause Young (Normal) (G1 Evacuation Pause)
[2026-02-05T19:42:04.671+0000][39.260s][info ][gc,task     ] GC(60) Using 10 workers of 10 for evacuation
[2026-02-05T19:42:04.705+0000][39.294s][info ][gc,phases   ] GC(60)   Pre Evacuate Collection Set: 0.6ms
[2026-02-05T19:42:04.705+0000][39.294s][info ][gc,phases   ] GC(60)   Merge Heap Roots: 0.3ms
[2026-02-05T19:42:04.706+0000][39.295s][info ][gc,phases   ] GC(60)   Evacuate Collection Set: 27.3ms
[2026-02-05T19:42:04.708+0000][39.297s][info ][gc,phases   ] GC(60)   Post Evacuate Collection Set: 4.8ms
[2026-02-05T19:42:04.708+0000][39.297s][info ][gc,phases   ] GC(60)   Other: 1.2ms
[2026-02-05T19:42:04.709+0000][39.298s][info ][gc,heap     ] GC(60) Eden regions: 82->0(77)
[2026-02-05T19:42:04.709+0000][39.298s][info ][gc,heap     ] GC(60) Survivor regions: 8->9(12)
[2026-02-05T19:42:04.709+0000][39.298s][info ][gc,heap     ] GC(60) Old regions: 67->70
[2026-02-05T19:42:04.710+0000][39.299s][info ][gc,heap     ] GC(60) Archive regions: 2->2
[2026-02-05T19:42:04.710+0000][39.299s][info ][gc,heap     ] GC(60) Humongous regions: 0->0
[2026-02-05T19:42:04.710+0000][39.299s][info ][gc,metaspace] GC(60) Metaspace: 161427K(162560K)->161427K(162560K) NonClass: 141393K(141952K)->141393K(141952K) Class: 20034K(20608K)->20034K(20608K)
[2026-02-05T19:42:04.711+0000][39.300s][info ][gc          ] GC(60) Pause Young (Normal) (G1 Evacuation Pause) 315M->156M(372M) 40.093ms
[2026-02-05T19:42:04.711+0000][39.300s][info ][gc,cpu      ] GC(60) User=0.22s Sys=0.03s Real=0.04s
[2026-02-05T19:42:04.714+0000][39.303s][info ][safepoint   ] Safepoint "G1CollectForAllocation", Time since last: 684552885 ns, Reaching safepoint: 1549364 ns, Cleanup: 277011 ns, At safepoint: 43619509 ns, Total: 45445884 ns
[2026-02-05T19:42:05.555+0000][40.144s][debug][safepoint   ] Safepoint synchronization initiated using futex wait barrier. (337 threads)
[2026-02-05T19:42:05.559+0000][40.148s][info ][gc,start    ] GC(61) Pause Young (Normal) (G1 Evacuation Pause)
[2026-02-05T19:42:05.559+0000][40.148s][info ][gc,task     ] GC(61) Using 10 workers of 10 for evacuation
[2026-02-05T19:42:05.580+0000][40.169s][info ][gc,phases   ] GC(61)   Pre Evacuate Collection Set: 0.4ms
[2026-02-05T19:42:05.580+0000][40.169s][info ][gc,phases   ] GC(61)   Merge Heap Roots: 0.3ms
[2026-02-05T19:42:05.580+0000][40.169s][info ][gc,phases   ] GC(61)   Evacuate Collection Set: 16.5ms
[2026-02-05T19:42:05.580+0000][40.169s][info ][gc,phases   ] GC(61)   Post Evacuate Collection Set: 2.7ms
[2026-02-05T19:42:05.581+0000][40.170s][info ][gc,phases   ] GC(61)   Other: 1.6ms
[2026-02-05T19:42:05.581+0000][40.170s][info ][gc,heap     ] GC(61) Eden regions: 77->0(78)
[2026-02-05T19:42:05.581+0000][40.170s][info ][gc,heap     ] GC(61) Survivor regions: 9->7(11)
[2026-02-05T19:42:05.581+0000][40.170s][info ][gc,heap     ] GC(61) Old regions: 70->73
[2026-02-05T19:42:05.582+0000][40.170s][info ][gc,heap     ] GC(61) Archive regions: 2->2
[2026-02-05T19:42:05.582+0000][40.171s][info ][gc,heap     ] GC(61) Humongous regions: 0->0
[2026-02-05T19:42:05.582+0000][40.171s][info ][gc,metaspace] GC(61) Metaspace: 164023K(165184K)->164023K(165184K) NonClass: 143657K(144256K)->143657K(144256K) Class: 20365K(20928K)->20365K(20928K)
[2026-02-05T19:42:05.582+0000][40.171s][info ][gc          ] GC(61) Pause Young (Normal) (G1 Evacuation Pause) 310M->160M(372M) 23.548ms
[2026-02-05T19:42:05.583+0000][40.171s][info ][gc,cpu      ] GC(61) User=0.15s Sys=0.01s Real=0.03s
[2026-02-05T19:42:05.587+0000][40.176s][info ][safepoint   ] Safepoint "G1CollectForAllocation", Time since last: 840972471 ns, Reaching safepoint: 2002583 ns, Cleanup: 1092245 ns, At safepoint: 28893098 ns, Total: 31987926 ns
[2026-02-05T19:42:05.995+0000][40.584s][debug][safepoint   ] ... found polling page loop exception at pc = 0x00007460c927a4e7, stub =0x00007460c8b10400
[2026-02-05T19:42:06.198+0000][40.787s][debug][safepoint   ] ... found polling page loop exception at pc = 0x00007460c9d4442d, stub =0x00007460c8b10400
[2026-02-05T19:42:06.239+0000][40.828s][debug][safepoint   ] Safepoint synchronization initiated using futex wait barrier. (367 threads)
[2026-02-05T19:42:06.254+0000][40.843s][info ][safepoint   ] Safepoint "ICBufferFull", Time since last: 651882830 ns, Reaching safepoint: 14852616 ns, Cleanup: 175908 ns, At safepoint: 225109 ns, Total: 15253633 ns
[2026-02-05T19:42:06.397+0000][40.986s][debug][safepoint   ] Safepoint synchronization initiated using futex wait barrier. (367 threads)
[2026-02-05T19:42:06.397+0000][40.986s][info ][gc,start    ] GC(62) Pause Young (Normal) (G1 Evacuation Pause)
[2026-02-05T19:42:06.398+0000][40.987s][info ][gc,task     ] GC(62) Using 10 workers of 10 for evacuation
[2026-02-05T19:42:06.412+0000][41.001s][info ][gc,phases   ] GC(62)   Pre Evacuate Collection Set: 0.4ms
[2026-02-05T19:42:06.413+0000][41.002s][info ][gc,phases   ] GC(62)   Merge Heap Roots: 0.2ms
[2026-02-05T19:42:06.413+0000][41.002s][info ][gc,phases   ] GC(62)   Evacuate Collection Set: 11.9ms
[2026-02-05T19:42:06.413+0000][41.002s][info ][gc,phases   ] GC(62)   Post Evacuate Collection Set: 1.9ms
[2026-02-05T19:42:06.413+0000][41.002s][info ][gc,phases   ] GC(62)   Other: 0.6ms
[2026-02-05T19:42:06.413+0000][41.002s][info ][gc,heap     ] GC(62) Eden regions: 78->0(107)
[2026-02-05T19:42:06.414+0000][41.003s][info ][gc,heap     ] GC(62) Survivor regions: 7->8(11)
[2026-02-05T19:42:06.414+0000][41.003s][info ][gc,heap     ] GC(62) Old regions: 73->75
[2026-02-05T19:42:06.414+0000][41.003s][info ][gc,heap     ] GC(62) Archive regions: 2->2
[2026-02-05T19:42:06.414+0000][41.003s][info ][gc,heap     ] GC(62) Humongous regions: 0->0
[2026-02-05T19:42:06.414+0000][41.003s][info ][gc,metaspace] GC(62) Metaspace: 167192K(168320K)->167192K(168320K) NonClass: 146345K(146944K)->146345K(146944K) Class: 20847K(21376K)->20847K(21376K)
[2026-02-05T19:42:06.415+0000][41.004s][info ][gc          ] GC(62) Pause Young (Normal) (G1 Evacuation Pause) 316M->165M(448M) 17.265ms
[2026-02-05T19:42:06.415+0000][41.004s][info ][gc,cpu      ] GC(62) User=0.13s Sys=0.01s Real=0.02s
[2026-02-05T19:42:06.418+0000][41.007s][info ][safepoint   ] Safepoint "G1CollectForAllocation", Time since last: 142677116 ns, Reaching safepoint: 392616 ns, Cleanup: 70803 ns, At safepoint: 21026472 ns, Total: 21489891 ns
[2026-02-05T19:42:06.563+0000][41.152s][debug][safepoint   ] ... found polling page loop exception at pc = 0x00007460c91b0cbc, stub =0x00007460c8b10400
[2026-02-05T19:42:06.589+0000][41.178s][debug][safepoint   ] ... found polling page loop exception at pc = 0x00007460c939e1fc, stub =0x00007460c8b10400
[2026-02-05T19:42:06.947+0000][41.535s][debug][safepoint   ] Safepoint synchronization initiated using futex wait barrier. (371 threads)
[2026-02-05T19:42:06.947+0000][41.536s][info ][safepoint   ] Safepoint "ICBufferFull", Time since last: 528142799 ns, Reaching safepoint: 475820 ns, Cleanup: 182908 ns, At safepoint: 82703 ns, Total: 741431 ns
[2026-02-05T19:42:06.948+0000][41.537s][debug][safepoint   ] Safepoint synchronization initiated using futex wait barrier. (371 threads)
[2026-02-05T19:42:06.948+0000][41.537s][info ][safepoint   ] Safepoint "ICBufferFull", Time since last: 502121 ns, Reaching safepoint: 611825 ns, Cleanup: 11701 ns, At safepoint: 59702 ns, Total: 683228 ns
[2026-02-05T19:42:07.372+0000][41.961s][debug][safepoint   ] Safepoint synchronization initiated using futex wait barrier. (372 threads)
[2026-02-05T19:42:07.377+0000][41.966s][info ][safepoint   ] Safepoint "ICBufferFull", Time since last: 423258051 ns, Reaching safepoint: 4205874 ns, Cleanup: 228309 ns, At safepoint: 672628 ns, Total: 5106811 ns
[2026-02-05T19:42:07.378+0000][41.967s][debug][safepoint   ] Safepoint synchronization initiated using futex wait barrier. (372 threads)
[2026-02-05T19:42:07.380+0000][41.969s][info ][safepoint   ] Safepoint "ICBufferFull", Time since last: 1272953 ns, Reaching safepoint: 1722972 ns, Cleanup: 16900 ns, At safepoint: 287612 ns, Total: 2027484 ns
[2026-02-05T19:42:07.381+0000][41.970s][debug][safepoint   ] Safepoint synchronization initiated using futex wait barrier. (372 threads)
[2026-02-05T19:42:07.382+0000][41.971s][info ][safepoint   ] Safepoint "ICBufferFull", Time since last: 892737 ns, Reaching safepoint: 729930 ns, Cleanup: 13401 ns, At safepoint: 185608 ns, Total: 928939 ns
[2026-02-05T19:42:07.383+0000][41.972s][debug][safepoint   ] Safepoint synchronization initiated using futex wait barrier. (372 threads)
[2026-02-05T19:42:07.385+0000][41.974s][info ][safepoint   ] Safepoint "ICBufferFull", Time since last: 1247151 ns, Reaching safepoint: 1346456 ns, Cleanup: 5901 ns, At safepoint: 915938 ns, Total: 2268295 ns
[2026-02-05T19:42:07.765+0000][42.354s][debug][safepoint   ] Safepoint synchronization initiated using futex wait barrier. (395 threads)
[2026-02-05T19:42:07.767+0000][42.356s][info ][safepoint   ] Safepoint "ICBufferFull", Time since last: 379277209 ns, Reaching safepoint: 1603166 ns, Cleanup: 217709 ns, At safepoint: 189908 ns, Total: 2010783 ns
[2026-02-05T19:42:07.769+0000][42.358s][debug][safepoint   ] Safepoint synchronization initiated using futex wait barrier. (395 threads)
[2026-02-05T19:42:07.770+0000][42.359s][info ][safepoint   ] Safepoint "ICBufferFull", Time since last: 2142888 ns, Reaching safepoint: 966740 ns, Cleanup: 9000 ns, At safepoint: 172008 ns, Total: 1147748 ns
[2026-02-05T19:42:07.771+0000][42.360s][debug][safepoint   ] Safepoint synchronization initiated using futex wait barrier. (395 threads)
[2026-02-05T19:42:07.773+0000][42.362s][info ][safepoint   ] Safepoint "ICBufferFull", Time since last: 838734 ns, Reaching safepoint: 1643968 ns, Cleanup: 22901 ns, At safepoint: 248510 ns, Total: 1915379 ns
[2026-02-05T19:42:07.774+0000][42.363s][debug][safepoint   ] Safepoint synchronization initiated using futex wait barrier. (396 threads)
[2026-02-05T19:42:07.775+0000][42.364s][info ][safepoint   ] Safepoint "ICBufferFull", Time since last: 921238 ns, Reaching safepoint: 1301054 ns, Cleanup: 8300 ns, At safepoint: 124906 ns, Total: 1434260 ns
[2026-02-05T19:42:07.783+0000][42.372s][debug][safepoint   ] Safepoint synchronization initiated using futex wait barrier. (396 threads)
[2026-02-05T19:42:07.785+0000][42.374s][info ][safepoint   ] Safepoint "ICBufferFull", Time since last: 7628214 ns, Reaching safepoint: 1489062 ns, Cleanup: 22201 ns, At safepoint: 283112 ns, Total: 1794375 ns
[2026-02-05T19:42:07.785+0000][42.374s][debug][safepoint   ] Safepoint synchronization initiated using futex wait barrier. (396 threads)
[2026-02-05T19:42:07.786+0000][42.375s][info ][safepoint   ] Safepoint "ICBufferFull", Time since last: 883536 ns, Reaching safepoint: 727330 ns, Cleanup: 9000 ns, At safepoint: 212809 ns, Total: 949139 ns
[2026-02-05T19:42:08.058+0000][42.647s][debug][safepoint   ] Safepoint synchronization initiated using futex wait barrier. (397 threads)
[2026-02-05T19:42:08.059+0000][42.648s][info ][gc,start    ] GC(63) Pause Young (Normal) (G1 Evacuation Pause)
[2026-02-05T19:42:08.059+0000][42.648s][info ][gc,task     ] GC(63) Using 10 workers of 10 for evacuation
[2026-02-05T19:42:08.078+0000][42.667s][info ][gc,phases   ] GC(63)   Pre Evacuate Collection Set: 0.5ms
[2026-02-05T19:42:08.079+0000][42.668s][info ][gc,phases   ] GC(63)   Merge Heap Roots: 0.3ms
[2026-02-05T19:42:08.079+0000][42.668s][info ][gc,phases   ] GC(63)   Evacuate Collection Set: 15.0ms
[2026-02-05T19:42:08.079+0000][42.668s][info ][gc,phases   ] GC(63)   Post Evacuate Collection Set: 2.5ms
[2026-02-05T19:42:08.079+0000][42.668s][info ][gc,phases   ] GC(63)   Other: 0.9ms
[2026-02-05T19:42:08.079+0000][42.668s][info ][gc,heap     ] GC(63) Eden regions: 107->0(102)
[2026-02-05T19:42:08.080+0000][42.669s][info ][gc,heap     ] GC(63) Survivor regions: 8->11(15)
[2026-02-05T19:42:08.080+0000][42.669s][info ][gc,heap     ] GC(63) Old regions: 75->75
[2026-02-05T19:42:08.080+0000][42.669s][info ][gc,heap     ] GC(63) Archive regions: 2->2
[2026-02-05T19:42:08.080+0000][42.669s][info ][gc,heap     ] GC(63) Humongous regions: 4->0
[2026-02-05T19:42:08.080+0000][42.669s][info ][gc,metaspace] GC(63) Metaspace: 172457K(173824K)->172457K(173824K) NonClass: 151043K(151744K)->151043K(151744K) Class: 21413K(22080K)->21413K(22080K)
[2026-02-05T19:42:08.081+0000][42.670s][info ][gc          ] GC(63) Pause Young (Normal) (G1 Evacuation Pause) 387M->172M(448M) 21.715ms
[2026-02-05T19:42:08.081+0000][42.670s][info ][gc,cpu      ] GC(63) User=0.19s Sys=0.00s Real=0.02s
[2026-02-05T19:42:08.084+0000][42.673s][info ][safepoint   ] Safepoint "G1CollectForAllocation", Time since last: 271947328 ns, Reaching safepoint: 366816 ns, Cleanup: 104004 ns, At safepoint: 25338846 ns, Total: 25809666 ns
[2026-02-05T19:42:08.941+0000][43.530s][debug][safepoint   ] Safepoint synchronization initiated using futex wait barrier. (398 threads)
[2026-02-05T19:42:08.942+0000][43.531s][info ][safepoint   ] Safepoint "ICBufferFull", Time since last: 857211593 ns, Reaching safepoint: 586024 ns, Cleanup: 179108 ns, At safepoint: 143506 ns, Total: 908638 ns
[2026-02-05T19:42:09.593+0000][44.182s][debug][safepoint   ] Safepoint synchronization initiated using futex wait barrier. (398 threads)
[2026-02-05T19:42:09.594+0000][44.183s][info ][gc,start    ] GC(64) Pause Young (Normal) (G1 Evacuation Pause)
[2026-02-05T19:42:09.594+0000][44.183s][info ][gc,task     ] GC(64) Using 10 workers of 10 for evacuation
[2026-02-05T19:42:09.609+0000][44.198s][info ][gc,phases   ] GC(64)   Pre Evacuate Collection Set: 0.4ms
[2026-02-05T19:42:09.609+0000][44.198s][info ][gc,phases   ] GC(64)   Merge Heap Roots: 0.2ms
[2026-02-05T19:42:09.609+0000][44.198s][info ][gc,phases   ] GC(64)   Evacuate Collection Set: 11.7ms
[2026-02-05T19:42:09.609+0000][44.198s][info ][gc,phases   ] GC(64)   Post Evacuate Collection Set: 2.2ms
[2026-02-05T19:42:09.610+0000][44.199s][info ][gc,phases   ] GC(64)   Other: 0.7ms
[2026-02-05T19:42:09.610+0000][44.199s][info ][gc,heap     ] GC(64) Eden regions: 102->0(98)
[2026-02-05T19:42:09.610+0000][44.199s][info ][gc,heap     ] GC(64) Survivor regions: 11->11(15)
[2026-02-05T19:42:09.610+0000][44.199s][info ][gc,heap     ] GC(64) Old regions: 75->79
[2026-02-05T19:42:09.610+0000][44.199s][info ][gc,heap     ] GC(64) Archive regions: 2->2
[2026-02-05T19:42:09.611+0000][44.200s][info ][gc,heap     ] GC(64) Humongous regions: 0->0
[2026-02-05T19:42:09.611+0000][44.200s][info ][gc,metaspace] GC(64) Metaspace: 178841K(180224K)->178841K(180224K) NonClass: 156745K(157504K)->156745K(157504K) Class: 22095K(22720K)->22095K(22720K)
[2026-02-05T19:42:09.611+0000][44.200s][info ][gc          ] GC(64) Pause Young (Normal) (G1 Evacuation Pause) 376M->180M(448M) 17.334ms
[2026-02-05T19:42:09.611+0000][44.200s][info ][gc,cpu      ] GC(64) User=0.12s Sys=0.01s Real=0.02s
[2026-02-05T19:42:09.615+0000][44.204s][info ][safepoint   ] Safepoint "G1CollectForAllocation", Time since last: 650844372 ns, Reaching safepoint: 350814 ns, Cleanup: 71803 ns, At safepoint: 21012168 ns, Total: 21434785 ns
[2026-02-05T19:42:09.655+0000][44.244s][debug][safepoint   ] Safepoint synchronization initiated using futex wait barrier. (398 threads)
[2026-02-05T19:42:09.656+0000][44.245s][info ][safepoint   ] Safepoint "ICBufferFull", Time since last: 40683580 ns, Reaching safepoint: 350514 ns, Cleanup: 111605 ns, At safepoint: 27401 ns, Total: 489520 ns
[2026-02-05T19:42:09.782+0000][44.371s][debug][safepoint   ] Safepoint synchronization initiated using futex wait barrier. (399 threads)
[2026-02-05T19:42:09.782+0000][44.371s][info ][safepoint   ] Safepoint "ICBufferFull", Time since last: 125953200 ns, Reaching safepoint: 383716 ns, Cleanup: 169007 ns, At safepoint: 110505 ns, Total: 663228 ns
[2026-02-05T19:42:09.950+0000][44.539s][debug][safepoint   ] Safepoint synchronization initiated using futex wait barrier. (399 threads)
[2026-02-05T19:42:09.950+0000][44.539s][info ][safepoint   ] Safepoint "ICBufferFull", Time since last: 167302407 ns, Reaching safepoint: 453419 ns, Cleanup: 117905 ns, At safepoint: 58802 ns, Total: 630126 ns
[2026-02-05T19:42:10.153+0000][44.742s][debug][safepoint   ] Safepoint synchronization initiated using futex wait barrier. (399 threads)
[2026-02-05T19:42:10.154+0000][44.743s][info ][safepoint   ] Safepoint "ICBufferFull", Time since last: 203149988 ns, Reaching safepoint: 446419 ns, Cleanup: 125605 ns, At safepoint: 67503 ns, Total: 639527 ns
[2026-02-05T19:42:10.691+0000][45.280s][debug][safepoint   ] Safepoint synchronization initiated using futex wait barrier. (399 threads)
[2026-02-05T19:42:10.692+0000][45.281s][info ][safepoint   ] Safepoint "ICBufferFull", Time since last: 536863766 ns, Reaching safepoint: 695628 ns, Cleanup: 113405 ns, At safepoint: 46302 ns, Total: 855335 ns
[2026-02-05T19:42:11.347+0000][45.936s][debug][safepoint   ] Safepoint synchronization initiated using futex wait barrier. (399 threads)
[2026-02-05T19:42:11.348+0000][45.936s][info ][safepoint   ] Safepoint "ICBufferFull", Time since last: 654917141 ns, Reaching safepoint: 620925 ns, Cleanup: 171007 ns, At safepoint: 57603 ns, Total: 849535 ns
[2026-02-05T19:42:11.645+0000][46.234s][debug][safepoint   ] Safepoint synchronization initiated using futex wait barrier. (400 threads)
[2026-02-05T19:42:11.646+0000][46.235s][info ][safepoint   ] Safepoint "ICBufferFull", Time since last: 297351277 ns, Reaching safepoint: 979640 ns, Cleanup: 197008 ns, At safepoint: 122905 ns, Total: 1299553 ns
[2026-02-05T19:42:11.772+0000][46.361s][debug][safepoint   ] ... found polling page loop exception at pc = 0x00007460c9b313ea, stub =0x00007460c8b10400
[2026-02-05T19:42:11.958+0000][46.547s][debug][safepoint   ] ... found polling page loop exception at pc = 0x00007460c17add95, stub =0x00007460c8b10400
[2026-02-05T19:42:11.961+0000][46.550s][debug][safepoint   ] ... found polling page loop exception at pc = 0x00007460c17add95, stub =0x00007460c8b10400
[2026-02-05T19:42:12.089+0000][46.677s][debug][safepoint   ] Safepoint synchronization initiated using futex wait barrier. (400 threads)
[2026-02-05T19:42:12.089+0000][46.678s][info ][gc,start    ] GC(65) Pause Young (Normal) (G1 Evacuation Pause)
[2026-02-05T19:42:12.089+0000][46.678s][info ][gc,task     ] GC(65) Using 10 workers of 10 for evacuation
[2026-02-05T19:42:12.110+0000][46.699s][info ][gc,phases   ] GC(65)   Pre Evacuate Collection Set: 0.5ms
[2026-02-05T19:42:12.110+0000][46.699s][info ][gc,phases   ] GC(65)   Merge Heap Roots: 0.2ms
[2026-02-05T19:42:12.110+0000][46.699s][info ][gc,phases   ] GC(65)   Evacuate Collection Set: 16.6ms
[2026-02-05T19:42:12.110+0000][46.699s][info ][gc,phases   ] GC(65)   Post Evacuate Collection Set: 2.4ms
[2026-02-05T19:42:12.111+0000][46.699s][info ][gc,phases   ] GC(65)   Other: 0.9ms
[2026-02-05T19:42:12.111+0000][46.700s][info ][gc,heap     ] GC(65) Eden regions: 98->0(95)
[2026-02-05T19:42:12.111+0000][46.700s][info ][gc,heap     ] GC(65) Survivor regions: 11->11(14)
[2026-02-05T19:42:12.111+0000][46.700s][info ][gc,heap     ] GC(65) Old regions: 79->82
[2026-02-05T19:42:12.111+0000][46.700s][info ][gc,heap     ] GC(65) Archive regions: 2->2
[2026-02-05T19:42:12.111+0000][46.700s][info ][gc,heap     ] GC(65) Humongous regions: 0->0
[2026-02-05T19:42:12.111+0000][46.700s][info ][gc,metaspace] GC(65) Metaspace: 184762K(187264K)->184762K(187264K) NonClass: 161976K(163264K)->161976K(163264K) Class: 22786K(24000K)->22786K(24000K)
[2026-02-05T19:42:12.112+0000][46.701s][info ][gc          ] GC(65) Pause Young (Normal) (G1 Evacuation Pause) 376M->184M(448M) 22.462ms
[2026-02-05T19:42:12.112+0000][46.701s][info ][gc,cpu      ] GC(65) User=0.17s Sys=0.01s Real=0.02s
[2026-02-05T19:42:12.113+0000][46.702s][info ][safepoint   ] Safepoint "G1CollectForAllocation", Time since last: 442324263 ns, Reaching safepoint: 350315 ns, Cleanup: 131005 ns, At safepoint: 23582874 ns, Total: 24064194 ns
[2026-02-05T19:42:12.886+0000][47.475s][debug][safepoint   ] Safepoint synchronization initiated using futex wait barrier. (399 threads)
[2026-02-05T19:42:12.887+0000][47.476s][info ][safepoint   ] Safepoint "ICBufferFull", Time since last: 773872252 ns, Reaching safepoint: 316513 ns, Cleanup: 174007 ns, At safepoint: 30901 ns, Total: 521421 ns
[2026-02-05T19:42:13.729+0000][48.318s][debug][safepoint   ] Safepoint synchronization initiated using futex wait barrier. (399 threads)
[2026-02-05T19:42:13.730+0000][48.319s][info ][gc,start    ] GC(66) Pause Young (Normal) (G1 Evacuation Pause)
[2026-02-05T19:42:13.730+0000][48.319s][info ][gc,task     ] GC(66) Using 10 workers of 10 for evacuation
[2026-02-05T19:42:13.751+0000][48.340s][info ][gc,phases   ] GC(66)   Pre Evacuate Collection Set: 0.4ms
[2026-02-05T19:42:13.751+0000][48.340s][info ][gc,phases   ] GC(66)   Merge Heap Roots: 0.2ms
[2026-02-05T19:42:13.751+0000][48.340s][info ][gc,phases   ] GC(66)   Evacuate Collection Set: 17.7ms
[2026-02-05T19:42:13.752+0000][48.341s][info ][gc,phases   ] GC(66)   Post Evacuate Collection Set: 2.7ms
[2026-02-05T19:42:13.752+0000][48.341s][info ][gc,phases   ] GC(66)   Other: 0.6ms
[2026-02-05T19:42:13.752+0000][48.341s][info ][gc,heap     ] GC(66) Eden regions: 95->0(96)
[2026-02-05T19:42:13.752+0000][48.341s][info ][gc,heap     ] GC(66) Survivor regions: 11->8(14)
[2026-02-05T19:42:13.752+0000][48.341s][info ][gc,heap     ] GC(66) Old regions: 82->86
[2026-02-05T19:42:13.753+0000][48.342s][info ][gc,heap     ] GC(66) Archive regions: 2->2
[2026-02-05T19:42:13.753+0000][48.342s][info ][gc,heap     ] GC(66) Humongous regions: 6->0
[2026-02-05T19:42:13.753+0000][48.342s][info ][gc,metaspace] GC(66) Metaspace: 186862K(189440K)->186862K(189440K) NonClass: 163779K(165120K)->163779K(165120K) Class: 23083K(24320K)->23083K(24320K)
[2026-02-05T19:42:13.753+0000][48.342s][info ][gc          ] GC(66) Pause Young (Normal) (G1 Evacuation Pause) 386M->187M(448M) 23.626ms
[2026-02-05T19:42:13.754+0000][48.342s][info ][gc,cpu      ] GC(66) User=0.14s Sys=0.02s Real=0.02s
[2026-02-05T19:42:13.755+0000][48.344s][info ][safepoint   ] Safepoint "G1CollectForAllocation", Time since last: 842085869 ns, Reaching safepoint: 289312 ns, Cleanup: 117005 ns, At safepoint: 25792365 ns, Total: 26198682 ns
[2026-02-05T19:42:13.902+0000][48.491s][debug][safepoint   ] Safepoint synchronization initiated using futex wait barrier. (399 threads)
[2026-02-05T19:42:13.903+0000][48.492s][info ][gc,start    ] GC(67) Pause Young (Concurrent Start) (Metadata GC Threshold)
[2026-02-05T19:42:13.904+0000][48.493s][info ][gc,task     ] GC(67) Using 10 workers of 10 for evacuation
[2026-02-05T19:42:13.921+0000][48.510s][info ][gc,phases   ] GC(67)   Pre Evacuate Collection Set: 0.7ms
[2026-02-05T19:42:13.922+0000][48.511s][info ][gc,phases   ] GC(67)   Merge Heap Roots: 0.2ms
[2026-02-05T19:42:13.922+0000][48.511s][info ][gc,phases   ] GC(67)   Evacuate Collection Set: 12.9ms
[2026-02-05T19:42:13.922+0000][48.511s][info ][gc,phases   ] GC(67)   Post Evacuate Collection Set: 3.3ms
[2026-02-05T19:42:13.922+0000][48.511s][info ][gc,phases   ] GC(67)   Other: 1.7ms
[2026-02-05T19:42:13.923+0000][48.512s][info ][gc,heap     ] GC(67) Eden regions: 18->0(98)
[2026-02-05T19:42:13.923+0000][48.512s][info ][gc,heap     ] GC(67) Survivor regions: 8->6(13)
[2026-02-05T19:42:13.923+0000][48.512s][info ][gc,heap     ] GC(67) Old regions: 86->88
[2026-02-05T19:42:13.923+0000][48.512s][info ][gc,heap     ] GC(67) Archive regions: 2->2
[2026-02-05T19:42:13.924+0000][48.513s][info ][gc,heap     ] GC(67) Humongous regions: 0->0
[2026-02-05T19:42:13.924+0000][48.513s][info ][gc,metaspace] GC(67) Metaspace: 187530K(190016K)->187530K(190016K) NonClass: 164364K(165632K)->164364K(165632K) Class: 23165K(24384K)->23165K(24384K)
[2026-02-05T19:42:13.924+0000][48.513s][info ][gc          ] GC(67) Pause Young (Concurrent Start) (Metadata GC Threshold) 221M->188M(448M) 21.295ms
[2026-02-05T19:42:13.924+0000][48.513s][info ][gc,cpu      ] GC(67) User=0.13s Sys=0.01s Real=0.02s
[2026-02-05T19:42:13.924+0000][48.513s][info ][gc          ] GC(68) Concurrent Mark Cycle
[2026-02-05T19:42:13.925+0000][48.514s][info ][gc,marking  ] GC(68) Concurrent Clear Claimed Marks
[2026-02-05T19:42:13.925+0000][48.514s][info ][gc,marking  ] GC(68) Concurrent Clear Claimed Marks 0.452ms
[2026-02-05T19:42:13.925+0000][48.514s][info ][gc,marking  ] GC(68) Concurrent Scan Root Regions
[2026-02-05T19:42:13.926+0000][48.515s][info ][safepoint   ] Safepoint "CollectForMetadataAllocation", Time since last: 146537450 ns, Reaching safepoint: 642826 ns, Cleanup: 53403 ns, At safepoint: 23173656 ns, Total: 23869885 ns
[2026-02-05T19:42:13.926+0000][48.515s][debug][safepoint   ] Safepoint synchronization initiated using futex wait barrier. (399 threads)
[2026-02-05T19:42:13.926+0000][48.515s][info ][safepoint   ] Safepoint "CollectForMetadataAllocation", Time since last: 430318 ns, Reaching safepoint: 250010 ns, Cleanup: 3701 ns, At safepoint: 28001 ns, Total: 281712 ns
[2026-02-05T19:42:13.939+0000][48.528s][info ][gc,marking  ] GC(68) Concurrent Scan Root Regions 13.325ms
[2026-02-05T19:42:13.939+0000][48.528s][info ][gc,marking  ] GC(68) Concurrent Mark
[2026-02-05T19:42:13.940+0000][48.528s][info ][gc,marking  ] GC(68) Concurrent Mark From Roots
[2026-02-05T19:42:13.940+0000][48.529s][info ][gc,task     ] GC(68) Using 3 workers of 3 for marking
[2026-02-05T19:42:14.031+0000][48.620s][debug][safepoint   ] Safepoint synchronization initiated using futex wait barrier. (400 threads)
[2026-02-05T19:42:14.032+0000][48.621s][info ][safepoint   ] Safepoint "CollectForMetadataAllocation", Time since last: 104431812 ns, Reaching safepoint: 681228 ns, Cleanup: 31401 ns, At safepoint: 295212 ns, Total: 1007841 ns
[2026-02-05T19:42:14.123+0000][48.712s][info ][gc,marking  ] GC(68) Concurrent Mark From Roots 183.866ms
[2026-02-05T19:42:14.125+0000][48.714s][info ][gc,marking  ] GC(68) Concurrent Preclean
[2026-02-05T19:42:14.126+0000][48.715s][info ][gc,marking  ] GC(68) Concurrent Preclean 0.859ms
[2026-02-05T19:42:14.127+0000][48.716s][debug][safepoint   ] Safepoint synchronization initiated using futex wait barrier. (400 threads)
[2026-02-05T19:42:14.129+0000][48.718s][info ][gc,start    ] GC(68) Pause Remark
[2026-02-05T19:42:14.152+0000][48.741s][info ][gc          ] GC(68) Pause Remark 219M->219M(448M) 22.934ms
[2026-02-05T19:42:14.152+0000][48.741s][info ][gc,cpu      ] GC(68) User=0.19s Sys=0.00s Real=0.02s
[2026-02-05T19:42:14.153+0000][48.742s][info ][safepoint   ] Safepoint "G1PauseRemark", Time since last: 95189330 ns, Reaching safepoint: 1496462 ns, Cleanup: 33402 ns, At safepoint: 24422208 ns, Total: 25952072 ns
[2026-02-05T19:42:14.158+0000][48.747s][info ][gc,marking  ] GC(68) Concurrent Mark 219.038ms
[2026-02-05T19:42:14.159+0000][48.748s][info ][gc,marking  ] GC(68) Concurrent Rebuild Remembered Sets
[2026-02-05T19:42:14.320+0000][48.909s][info ][gc,marking  ] GC(68) Concurrent Rebuild Remembered Sets 160.977ms
[2026-02-05T19:42:14.321+0000][48.910s][debug][safepoint   ] Safepoint synchronization initiated using futex wait barrier. (400 threads)
[2026-02-05T19:42:14.322+0000][48.911s][debug][safepoint   ] ... found polling page loop exception at pc = 0x00007460c917bf3e, stub =0x00007460c8b10400
[2026-02-05T19:42:14.338+0000][48.927s][info ][gc,start    ] GC(68) Pause Cleanup
[2026-02-05T19:42:14.343+0000][48.932s][info ][gc          ] GC(68) Pause Cleanup 230M->230M(448M) 4.755ms
[2026-02-05T19:42:14.343+0000][48.932s][info ][gc,cpu      ] GC(68) User=0.01s Sys=0.00s Real=0.01s
[2026-02-05T19:42:14.345+0000][48.934s][info ][safepoint   ] Safepoint "G1PauseCleanup", Time since last: 167681723 ns, Reaching safepoint: 17062805 ns, Cleanup: 36401 ns, At safepoint: 7191997 ns, Total: 24291203 ns
[2026-02-05T19:42:14.356+0000][48.945s][info ][gc,marking  ] GC(68) Concurrent Cleanup for Next Mark
[2026-02-05T19:42:14.367+0000][48.956s][info ][gc,marking  ] GC(68) Concurrent Cleanup for Next Mark 10.419ms
[2026-02-05T19:42:14.377+0000][48.966s][info ][gc          ] GC(68) Concurrent Mark Cycle 452.716ms
[2026-02-05T19:42:15.040+0000][49.629s][debug][safepoint   ] Safepoint synchronization initiated using futex wait barrier. (403 threads)
[2026-02-05T19:42:15.044+0000][49.633s][info ][safepoint   ] Safepoint "ICBufferFull", Time since last: 695323809 ns, Reaching safepoint: 2320696 ns, Cleanup: 202508 ns, At safepoint: 929739 ns, Total: 3452943 ns
[2026-02-05T19:42:15.046+0000][49.635s][debug][safepoint   ] Safepoint synchronization initiated using futex wait barrier. (403 threads)
[2026-02-05T19:42:15.048+0000][49.637s][info ][safepoint   ] Safepoint "ICBufferFull", Time since last: 2223791 ns, Reaching safepoint: 1872378 ns, Cleanup: 32101 ns, At safepoint: 15301 ns, Total: 1919780 ns
[2026-02-05T19:42:15.049+0000][49.638s][debug][safepoint   ] Safepoint synchronization initiated using futex wait barrier. (403 threads)
[2026-02-05T19:42:15.049+0000][49.638s][info ][safepoint   ] Safepoint "ICBufferFull", Time since last: 1024642 ns, Reaching safepoint: 396416 ns, Cleanup: 10901 ns, At safepoint: 77303 ns, Total: 484620 ns
[2026-02-05T19:42:15.050+0000][49.639s][debug][safepoint   ] Safepoint synchronization initiated using futex wait barrier. (403 threads)
[2026-02-05T19:42:15.051+0000][49.640s][info ][safepoint   ] Safepoint "ICBufferFull", Time since last: 599925 ns, Reaching safepoint: 413517 ns, Cleanup: 14500 ns, At safepoint: 222210 ns, Total: 650227 ns
[2026-02-05T19:42:15.053+0000][49.642s][debug][safepoint   ] Safepoint synchronization initiated using futex wait barrier. (403 threads)
[2026-02-05T19:42:15.054+0000][49.643s][info ][safepoint   ] Safepoint "ICBufferFull", Time since last: 2477202 ns, Reaching safepoint: 1027742 ns, Cleanup: 10301 ns, At safepoint: 111704 ns, Total: 1149747 ns
[2026-02-05T19:42:15.057+0000][49.646s][debug][safepoint   ] Safepoint synchronization initiated using futex wait barrier. (403 threads)
[2026-02-05T19:42:15.059+0000][49.648s][info ][safepoint   ] Safepoint "ICBufferFull", Time since last: 2537705 ns, Reaching safepoint: 1821875 ns, Cleanup: 39102 ns, At safepoint: 205708 ns, Total: 2066685 ns
[2026-02-05T19:42:15.277+0000][49.865s][debug][safepoint   ] Safepoint synchronization initiated using futex wait barrier. (404 threads)
[2026-02-05T19:42:15.278+0000][49.867s][info ][safepoint   ] Safepoint "ICBufferFull", Time since last: 217659687 ns, Reaching safepoint: 798133 ns, Cleanup: 431418 ns, At safepoint: 217709 ns, Total: 1447260 ns
[2026-02-05T19:42:15.760+0000][50.349s][debug][safepoint   ] Safepoint synchronization initiated using futex wait barrier. (410 threads)
[2026-02-05T19:42:15.761+0000][50.350s][info ][safepoint   ] Safepoint "ICBufferFull", Time since last: 481965821 ns, Reaching safepoint: 1089644 ns, Cleanup: 199708 ns, At safepoint: 148206 ns, Total: 1437558 ns
[2026-02-05T19:42:16.062+0000][50.651s][debug][safepoint   ] Safepoint synchronization initiated using futex wait barrier. (410 threads)
[2026-02-05T19:42:16.062+0000][50.651s][info ][gc,start    ] GC(69) Pause Young (Prepare Mixed) (G1 Evacuation Pause)
[2026-02-05T19:42:16.062+0000][50.651s][info ][gc,task     ] GC(69) Using 10 workers of 10 for evacuation
[2026-02-05T19:42:16.086+0000][50.675s][info ][gc,phases   ] GC(69)   Pre Evacuate Collection Set: 0.5ms
[2026-02-05T19:42:16.088+0000][50.677s][info ][gc,phases   ] GC(69)   Merge Heap Roots: 0.3ms
[2026-02-05T19:42:16.089+0000][50.677s][info ][gc,phases   ] GC(69)   Evacuate Collection Set: 16.6ms
[2026-02-05T19:42:16.089+0000][50.678s][info ][gc,phases   ] GC(69)   Post Evacuate Collection Set: 5.4ms
[2026-02-05T19:42:16.089+0000][50.678s][info ][gc,phases   ] GC(69)   Other: 0.9ms
[2026-02-05T19:42:16.089+0000][50.678s][info ][gc,heap     ] GC(69) Eden regions: 98->0(2)
[2026-02-05T19:42:16.090+0000][50.678s][info ][gc,heap     ] GC(69) Survivor regions: 6->9(13)
[2026-02-05T19:42:16.090+0000][50.679s][info ][gc,heap     ] GC(69) Old regions: 88->88
[2026-02-05T19:42:16.090+0000][50.679s][info ][gc,heap     ] GC(69) Archive regions: 2->2
[2026-02-05T19:42:16.090+0000][50.679s][info ][gc,heap     ] GC(69) Humongous regions: 0->0
[2026-02-05T19:42:16.090+0000][50.679s][info ][gc,metaspace] GC(69) Metaspace: 191602K(194176K)->191602K(194176K) NonClass: 167895K(169216K)->167895K(169216K) Class: 23707K(24960K)->23707K(24960K)
[2026-02-05T19:42:16.091+0000][50.680s][info ][gc          ] GC(69) Pause Young (Prepare Mixed) (G1 Evacuation Pause) 384M->195M(448M) 28.646ms
[2026-02-05T19:42:16.091+0000][50.680s][info ][gc,cpu      ] GC(69) User=0.19s Sys=0.01s Real=0.02s
[2026-02-05T19:42:16.092+0000][50.681s][info ][safepoint   ] Safepoint "G1CollectForAllocation", Time since last: 300219075 ns, Reaching safepoint: 308213 ns, Cleanup: 58602 ns, At safepoint: 30312519 ns, Total: 30679334 ns
[2026-02-05T19:42:16.122+0000][50.711s][debug][safepoint   ] Safepoint synchronization initiated using futex wait barrier. (410 threads)
[2026-02-05T19:42:16.123+0000][50.712s][info ][gc,start    ] GC(70) Pause Young (Mixed) (G1 Evacuation Pause)
[2026-02-05T19:42:16.123+0000][50.712s][info ][gc,task     ] GC(70) Using 10 workers of 10 for evacuation
[2026-02-05T19:42:16.146+0000][50.735s][info ][gc,phases   ] GC(70)   Pre Evacuate Collection Set: 0.4ms
[2026-02-05T19:42:16.147+0000][50.735s][info ][gc,phases   ] GC(70)   Merge Heap Roots: 0.3ms
[2026-02-05T19:42:16.147+0000][50.736s][info ][gc,phases   ] GC(70)   Evacuate Collection Set: 19.7ms
[2026-02-05T19:42:16.147+0000][50.736s][info ][gc,phases   ] GC(70)   Post Evacuate Collection Set: 2.1ms
[2026-02-05T19:42:16.147+0000][50.736s][info ][gc,phases   ] GC(70)   Other: 0.9ms
[2026-02-05T19:42:16.148+0000][50.737s][info ][gc,heap     ] GC(70) Eden regions: 2->0(101)
[2026-02-05T19:42:16.148+0000][50.737s][info ][gc,heap     ] GC(70) Survivor regions: 9->2(2)
[2026-02-05T19:42:16.149+0000][50.738s][info ][gc,heap     ] GC(70) Old regions: 88->87
[2026-02-05T19:42:16.149+0000][50.738s][info ][gc,heap     ] GC(70) Archive regions: 2->2
[2026-02-05T19:42:16.149+0000][50.738s][info ][gc,heap     ] GC(70) Humongous regions: 0->0
[2026-02-05T19:42:16.150+0000][50.738s][info ][gc,metaspace] GC(70) Metaspace: 191602K(194176K)->191602K(194176K) NonClass: 167895K(169216K)->167895K(169216K) Class: 23707K(24960K)->23707K(24960K)
[2026-02-05T19:42:16.150+0000][50.739s][info ][gc          ] GC(70) Pause Young (Mixed) (G1 Evacuation Pause) 199M->178M(448M) 26.701ms
[2026-02-05T19:42:16.150+0000][50.739s][info ][gc,cpu      ] GC(70) User=0.24s Sys=0.01s Real=0.02s
[2026-02-05T19:42:16.158+0000][50.747s][info ][safepoint   ] Safepoint "G1CollectForAllocation", Time since last: 30114611 ns, Reaching safepoint: 455919 ns, Cleanup: 41301 ns, At safepoint: 35312821 ns, Total: 35810041 ns
[2026-02-05T19:42:17.166+0000][51.757s][debug][safepoint   ] Safepoint synchronization initiated using futex wait barrier. (411 threads)
[2026-02-05T19:42:17.166+0000][51.757s][info ][safepoint   ] Safepoint "Cleanup", Time since last: 1009660908 ns, Reaching safepoint: 363715 ns, Cleanup: 129205 ns, At safepoint: 100604 ns, Total: 593524 ns
[2026-02-05T19:42:18.633+0000][53.225s][debug][safepoint   ] Safepoint synchronization initiated using futex wait barrier. (410 threads)
[2026-02-05T19:42:18.636+0000][53.227s][info ][gc,start    ] GC(71) Pause Young (Concurrent Start) (G1 Evacuation Pause)
[2026-02-05T19:42:18.636+0000][53.227s][info ][gc,task     ] GC(71) Using 10 workers of 10 for evacuation
[2026-02-05T19:42:18.643+0000][53.234s][info ][gc,phases   ] GC(71)   Pre Evacuate Collection Set: 0.6ms
[2026-02-05T19:42:18.644+0000][53.235s][info ][gc,phases   ] GC(71)   Merge Heap Roots: 0.2ms
[2026-02-05T19:42:18.644+0000][53.235s][info ][gc,phases   ] GC(71)   Evacuate Collection Set: 3.6ms
[2026-02-05T19:42:18.644+0000][53.235s][info ][gc,phases   ] GC(71)   Post Evacuate Collection Set: 2.0ms
[2026-02-05T19:42:18.644+0000][53.236s][info ][gc,phases   ] GC(71)   Other: 1.0ms
[2026-02-05T19:42:18.645+0000][53.236s][info ][gc,heap     ] GC(71) Eden regions: 101->0(100)
[2026-02-05T19:42:18.645+0000][53.236s][info ][gc,heap     ] GC(71) Survivor regions: 2->3(13)
[2026-02-05T19:42:18.645+0000][53.236s][info ][gc,heap     ] GC(71) Old regions: 87->87
[2026-02-05T19:42:18.645+0000][53.237s][info ][gc,heap     ] GC(71) Archive regions: 2->2
[2026-02-05T19:42:18.646+0000][53.237s][info ][gc,heap     ] GC(71) Humongous regions: 0->0
[2026-02-05T19:42:18.646+0000][53.237s][info ][gc,metaspace] GC(71) Metaspace: 192226K(194816K)->192226K(194816K) NonClass: 168477K(169792K)->168477K(169792K) Class: 23748K(25024K)->23748K(25024K)
[2026-02-05T19:42:18.646+0000][53.237s][info ][gc          ] GC(71) Pause Young (Concurrent Start) (G1 Evacuation Pause) 380M->180M(448M) 10.259ms
[2026-02-05T19:42:18.646+0000][53.238s][info ][gc,cpu      ] GC(71) User=0.04s Sys=0.01s Real=0.01s
[2026-02-05T19:42:18.647+0000][53.238s][info ][gc          ] GC(72) Concurrent Mark Cycle
[2026-02-05T19:42:18.647+0000][53.238s][info ][gc,marking  ] GC(72) Concurrent Clear Claimed Marks
[2026-02-05T19:42:18.647+0000][53.238s][info ][safepoint   ] Safepoint "G1CollectForAllocation", Time since last: 1467330617 ns, Reaching safepoint: 2107885 ns, Cleanup: 67902 ns, At safepoint: 11135048 ns, Total: 13310835 ns
[2026-02-05T19:42:18.648+0000][53.239s][info ][gc,marking  ] GC(72) Concurrent Clear Claimed Marks 0.902ms
[2026-02-05T19:42:18.648+0000][53.240s][info ][gc,marking  ] GC(72) Concurrent Scan Root Regions
[2026-02-05T19:42:18.658+0000][53.249s][info ][gc,marking  ] GC(72) Concurrent Scan Root Regions 9.670ms
[2026-02-05T19:42:18.659+0000][53.250s][info ][gc,marking  ] GC(72) Concurrent Mark
[2026-02-05T19:42:18.659+0000][53.250s][info ][gc,marking  ] GC(72) Concurrent Mark From Roots
[2026-02-05T19:42:18.659+0000][53.251s][info ][gc,task     ] GC(72) Using 3 workers of 3 for marking
[2026-02-05T19:42:18.807+0000][53.398s][info ][gc,marking  ] GC(72) Concurrent Mark From Roots 147.358ms
[2026-02-05T19:42:18.807+0000][53.398s][info ][gc,marking  ] GC(72) Concurrent Preclean
[2026-02-05T19:42:18.808+0000][53.399s][info ][gc,marking  ] GC(72) Concurrent Preclean 1.028ms
[2026-02-05T19:42:18.808+0000][53.400s][debug][safepoint   ] Safepoint synchronization initiated using futex wait barrier. (411 threads)
[2026-02-05T19:42:18.809+0000][53.400s][info ][gc,start    ] GC(72) Pause Remark
[2026-02-05T19:42:18.825+0000][53.417s][info ][gc          ] GC(72) Pause Remark 183M->183M(448M) 16.358ms
[2026-02-05T19:42:18.826+0000][53.417s][info ][gc,cpu      ] GC(72) User=0.13s Sys=0.01s Real=0.02s
[2026-02-05T19:42:18.826+0000][53.417s][info ][safepoint   ] Safepoint "G1PauseRemark", Time since last: 161574299 ns, Reaching safepoint: 383215 ns, Cleanup: 65103 ns, At safepoint: 17334197 ns, Total: 17782515 ns
[2026-02-05T19:42:18.826+0000][53.418s][info ][gc,marking  ] GC(72) Concurrent Mark 167.572ms
[2026-02-05T19:42:18.827+0000][53.418s][info ][gc,marking  ] GC(72) Concurrent Rebuild Remembered Sets
[2026-02-05T19:42:18.899+0000][53.491s][info ][gc,marking  ] GC(72) Concurrent Rebuild Remembered Sets 72.675ms
[2026-02-05T19:42:18.902+0000][53.494s][debug][safepoint   ] Safepoint synchronization initiated using futex wait barrier. (411 threads)
[2026-02-05T19:42:18.903+0000][53.494s][info ][gc,start    ] GC(72) Pause Cleanup
[2026-02-05T19:42:18.904+0000][53.495s][info ][gc          ] GC(72) Pause Cleanup 184M->184M(448M) 0.559ms
[2026-02-05T19:42:18.908+0000][53.499s][info ][gc,cpu      ] GC(72) User=0.01s Sys=0.00s Real=0.00s
[2026-02-05T19:42:18.908+0000][53.500s][info ][safepoint   ] Safepoint "G1PauseCleanup", Time since last: 76276868 ns, Reaching safepoint: 639026 ns, Cleanup: 6600 ns, At safepoint: 5442619 ns, Total: 6088245 ns
[2026-02-05T19:42:18.909+0000][53.500s][info ][gc,marking  ] GC(72) Concurrent Cleanup for Next Mark
[2026-02-05T19:42:18.910+0000][53.501s][info ][gc,marking  ] GC(72) Concurrent Cleanup for Next Mark 1.373ms
[2026-02-05T19:42:18.910+0000][53.502s][info ][gc          ] GC(72) Concurrent Mark Cycle 263.948ms
[2026-02-05T19:42:19.909+0000][54.500s][debug][safepoint   ] Safepoint synchronization initiated using futex wait barrier. (410 threads)
[2026-02-05T19:42:19.909+0000][54.501s][info ][safepoint   ] Safepoint "Cleanup", Time since last: 1000370136 ns, Reaching safepoint: 462118 ns, Cleanup: 30701 ns, At safepoint: 5701 ns, Total: 498520 ns
[2026-02-05T19:42:20.910+0000][55.501s][debug][safepoint   ] Safepoint synchronization initiated using futex wait barrier. (413 threads)
[2026-02-05T19:42:20.910+0000][55.502s][info ][safepoint   ] Safepoint "Cleanup", Time since last: 1000516541 ns, Reaching safepoint: 318513 ns, Cleanup: 48802 ns, At safepoint: 6000 ns, Total: 373315 ns
[2026-02-05T19:42:21.911+0000][56.502s][debug][safepoint   ] Safepoint synchronization initiated using futex wait barrier. (411 threads)
[2026-02-05T19:42:21.911+0000][56.502s][info ][safepoint   ] Safepoint "Cleanup", Time since last: 1000251931 ns, Reaching safepoint: 271511 ns, Cleanup: 15601 ns, At safepoint: 5000 ns, Total: 292112 ns
[2026-02-05T19:42:22.911+0000][57.502s][debug][safepoint   ] Safepoint synchronization initiated using futex wait barrier. (411 threads)
[2026-02-05T19:42:22.911+0000][57.503s][info ][safepoint   ] Safepoint "Cleanup", Time since last: 1000307433 ns, Reaching safepoint: 306112 ns, Cleanup: 21901 ns, At safepoint: 28301 ns, Total: 356314 ns
[2026-02-05T19:42:23.912+0000][58.503s][debug][safepoint   ] Safepoint synchronization initiated using futex wait barrier. (411 threads)
[2026-02-05T19:42:23.912+0000][58.503s][info ][safepoint   ] Safepoint "Cleanup", Time since last: 1000348064 ns, Reaching safepoint: 317213 ns, Cleanup: 27802 ns, At safepoint: 6400 ns, Total: 351415 ns
[2026-02-05T19:42:24.913+0000][59.504s][debug][safepoint   ] Safepoint synchronization initiated using futex wait barrier. (411 threads)
[2026-02-05T19:42:24.913+0000][59.504s][info ][safepoint   ] Safepoint "Cleanup", Time since last: 1000445634 ns, Reaching safepoint: 411818 ns, Cleanup: 33201 ns, At safepoint: 10600 ns, Total: 455619 ns
[2026-02-05T19:42:26.586+0000][61.178s][debug][safepoint   ] Safepoint synchronization initiated using futex wait barrier. (411 threads)
[2026-02-05T19:42:26.587+0000][61.178s][info ][safepoint   ] Safepoint "Cleanup", Time since last: 1673297240 ns, Reaching safepoint: 250310 ns, Cleanup: 39102 ns, At safepoint: 5200 ns, Total: 294612 ns
[2026-02-05T19:42:27.587+0000][62.178s][debug][safepoint   ] Safepoint synchronization initiated using futex wait barrier. (411 threads)
[2026-02-05T19:42:27.587+0000][62.179s][info ][safepoint   ] Safepoint "Cleanup", Time since last: 1000301628 ns, Reaching safepoint: 290013 ns, Cleanup: 29701 ns, At safepoint: 12200 ns, Total: 331914 ns
[2026-02-05T19:42:28.588+0000][63.179s][debug][safepoint   ] Safepoint synchronization initiated using futex wait barrier. (411 threads)
[2026-02-05T19:42:28.588+0000][63.179s][info ][safepoint   ] Safepoint "Cleanup", Time since last: 1000319129 ns, Reaching safepoint: 267512 ns, Cleanup: 21500 ns, At safepoint: 5001 ns, Total: 294013 ns
[2026-02-05T19:42:29.588+0000][64.179s][debug][safepoint   ] Safepoint synchronization initiated using futex wait barrier. (411 threads)
[2026-02-05T19:42:29.589+0000][64.180s][info ][safepoint   ] Safepoint "Cleanup", Time since last: 1000224025 ns, Reaching safepoint: 761032 ns, Cleanup: 24101 ns, At safepoint: 28201 ns, Total: 813334 ns
[2026-02-05T19:42:30.589+0000][65.181s][debug][safepoint   ] Safepoint synchronization initiated using futex wait barrier. (411 threads)
[2026-02-05T19:42:30.590+0000][65.181s][info ][safepoint   ] Safepoint "Cleanup", Time since last: 1000341030 ns, Reaching safepoint: 357815 ns, Cleanup: 32001 ns, At safepoint: 24101 ns, Total: 413917 ns
[2026-02-05T19:42:31.590+0000][66.181s][debug][safepoint   ] Safepoint synchronization initiated using futex wait barrier. (411 threads)
[2026-02-05T19:42:31.590+0000][66.182s][info ][safepoint   ] Safepoint "Cleanup", Time since last: 1000315229 ns, Reaching safepoint: 261411 ns, Cleanup: 19901 ns, At safepoint: 5400 ns, Total: 286712 ns
[2026-02-05T19:42:32.591+0000][67.182s][debug][safepoint   ] Safepoint synchronization initiated using futex wait barrier. (411 threads)
[2026-02-05T19:42:32.592+0000][67.183s][info ][safepoint   ] Safepoint "Cleanup", Time since last: 1000264753 ns, Reaching safepoint: 1020846 ns, Cleanup: 45302 ns, At safepoint: 19501 ns, Total: 1085649 ns
[2026-02-05T19:42:33.592+0000][68.183s][debug][safepoint   ] Safepoint synchronization initiated using futex wait barrier. (411 threads)
[2026-02-05T19:42:33.592+0000][68.184s][info ][safepoint   ] Safepoint "Cleanup", Time since last: 1000397732 ns, Reaching safepoint: 343315 ns, Cleanup: 26302 ns, At safepoint: 5500 ns, Total: 375117 ns
[2026-02-05T19:42:34.593+0000][69.184s][debug][safepoint   ] Safepoint synchronization initiated using futex wait barrier. (411 threads)
[2026-02-05T19:42:34.593+0000][69.184s][info ][safepoint   ] Safepoint "Cleanup", Time since last: 1000305127 ns, Reaching safepoint: 253512 ns, Cleanup: 25601 ns, At safepoint: 6100 ns, Total: 285213 ns
[2026-02-05T19:42:35.593+0000][70.185s][debug][safepoint   ] Safepoint synchronization initiated using futex wait barrier. (411 threads)
[2026-02-05T19:42:35.594+0000][70.185s][info ][safepoint   ] Safepoint "Cleanup", Time since last: 1000420633 ns, Reaching safepoint: 293413 ns, Cleanup: 19201 ns, At safepoint: 5900 ns, Total: 318514 ns
[2026-02-05T19:42:36.594+0000][71.185s][debug][safepoint   ] Safepoint synchronization initiated using futex wait barrier. (411 threads)
[2026-02-05T19:42:36.594+0000][71.186s][info ][safepoint   ] Safepoint "Cleanup", Time since last: 1000406532 ns, Reaching safepoint: 248411 ns, Cleanup: 18501 ns, At safepoint: 5300 ns, Total: 272212 ns
[2026-02-05T19:42:37.595+0000][72.186s][debug][safepoint   ] Safepoint synchronization initiated using futex wait barrier. (410 threads)
[2026-02-05T19:42:37.595+0000][72.186s][info ][safepoint   ] Safepoint "Cleanup", Time since last: 1000233824 ns, Reaching safepoint: 254612 ns, Cleanup: 30401 ns, At safepoint: 6000 ns, Total: 291013 ns
[2026-02-05T19:42:38.595+0000][73.186s][debug][safepoint   ] Safepoint synchronization initiated using futex wait barrier. (410 threads)
[2026-02-05T19:42:38.596+0000][73.187s][info ][safepoint   ] Safepoint "Cleanup", Time since last: 1000279526 ns, Reaching safepoint: 452821 ns, Cleanup: 122806 ns, At safepoint: 18800 ns, Total: 594427 ns
[2026-02-05T19:42:39.596+0000][74.187s][debug][safepoint   ] Safepoint synchronization initiated using futex wait barrier. (410 threads)
[2026-02-05T19:42:39.597+0000][74.188s][info ][safepoint   ] Safepoint "Cleanup", Time since last: 1000406232 ns, Reaching safepoint: 302414 ns, Cleanup: 25601 ns, At safepoint: 6301 ns, Total: 334316 ns
[2026-02-05T19:42:40.597+0000][75.188s][debug][safepoint   ] Safepoint synchronization initiated using futex wait barrier. (410 threads)
[2026-02-05T19:42:40.597+0000][75.188s][info ][safepoint   ] Safepoint "Cleanup", Time since last: 1000287877 ns, Reaching safepoint: 278512 ns, Cleanup: 29801 ns, At safepoint: 22001 ns, Total: 330314 ns
[2026-02-05T19:42:41.598+0000][76.189s][debug][safepoint   ] Safepoint synchronization initiated using futex wait barrier. (410 threads)
[2026-02-05T19:42:41.599+0000][76.190s][info ][safepoint   ] Safepoint "Cleanup", Time since last: 1000333094 ns, Reaching safepoint: 1378561 ns, Cleanup: 32401 ns, At safepoint: 49702 ns, Total: 1460664 ns
[2026-02-05T19:42:42.600+0000][77.191s][debug][safepoint   ] Safepoint synchronization initiated using futex wait barrier. (410 threads)
[2026-02-05T19:42:42.600+0000][77.191s][info ][safepoint   ] Safepoint "Cleanup", Time since last: 1000688310 ns, Reaching safepoint: 411318 ns, Cleanup: 31902 ns, At safepoint: 6800 ns, Total: 450020 ns
[2026-02-05T19:42:43.601+0000][78.192s][debug][safepoint   ] Safepoint synchronization initiated using futex wait barrier. (410 threads)
[2026-02-05T19:42:43.601+0000][78.192s][info ][safepoint   ] Safepoint "Cleanup", Time since last: 1000426899 ns, Reaching safepoint: 427018 ns, Cleanup: 55603 ns, At safepoint: 13000 ns, Total: 495621 ns
[2026-02-05T19:42:44.547+0000][79.138s][debug][safepoint   ] Safepoint synchronization initiated using futex wait barrier. (410 threads)
[2026-02-05T19:42:44.547+0000][79.139s][info ][gc,start    ] GC(73) Pause Young (Prepare Mixed) (G1 Evacuation Pause)
[2026-02-05T19:42:44.548+0000][79.139s][info ][gc,task     ] GC(73) Using 10 workers of 10 for evacuation
[2026-02-05T19:42:44.553+0000][79.145s][info ][gc,phases   ] GC(73)   Pre Evacuate Collection Set: 0.3ms
[2026-02-05T19:42:44.554+0000][79.145s][info ][gc,phases   ] GC(73)   Merge Heap Roots: 0.2ms
[2026-02-05T19:42:44.554+0000][79.145s][info ][gc,phases   ] GC(73)   Evacuate Collection Set: 3.3ms
[2026-02-05T19:42:44.554+0000][79.145s][info ][gc,phases   ] GC(73)   Post Evacuate Collection Set: 1.7ms
[2026-02-05T19:42:44.554+0000][79.145s][info ][gc,phases   ] GC(73)   Other: 0.5ms
[2026-02-05T19:42:44.554+0000][79.145s][info ][gc,heap     ] GC(73) Eden regions: 100->0(7)
[2026-02-05T19:42:44.554+0000][79.146s][info ][gc,heap     ] GC(73) Survivor regions: 3->4(13)
[2026-02-05T19:42:44.554+0000][79.146s][info ][gc,heap     ] GC(73) Old regions: 87->87
[2026-02-05T19:42:44.555+0000][79.146s][info ][gc,heap     ] GC(73) Archive regions: 2->2
[2026-02-05T19:42:44.555+0000][79.146s][info ][gc,heap     ] GC(73) Humongous regions: 0->0
[2026-02-05T19:42:44.555+0000][79.146s][info ][gc,metaspace] GC(73) Metaspace: 193576K(196160K)->193576K(196160K) NonClass: 169790K(171136K)->169790K(171136K) Class: 23785K(25024K)->23785K(25024K)
[2026-02-05T19:42:44.555+0000][79.146s][info ][gc          ] GC(73) Pause Young (Prepare Mixed) (G1 Evacuation Pause) 380M->181M(448M) 7.421ms
[2026-02-05T19:42:44.555+0000][79.146s][info ][gc,cpu      ] GC(73) User=0.03s Sys=0.01s Real=0.01s
[2026-02-05T19:42:44.555+0000][79.146s][info ][safepoint   ] Safepoint "G1CollectForAllocation", Time since last: 946076114 ns, Reaching safepoint: 253111 ns, Cleanup: 22401 ns, At safepoint: 7853045 ns, Total: 8128557 ns
[2026-02-05T19:42:45.556+0000][80.147s][debug][safepoint   ] Safepoint synchronization initiated using futex wait barrier. (410 threads)
[2026-02-05T19:42:45.556+0000][80.147s][info ][safepoint   ] Safepoint "Cleanup", Time since last: 1000357395 ns, Reaching safepoint: 247911 ns, Cleanup: 11600 ns, At safepoint: 5101 ns, Total: 264612 ns
[2026-02-05T19:42:46.556+0000][81.147s][debug][safepoint   ] Safepoint synchronization initiated using futex wait barrier. (410 threads)
[2026-02-05T19:42:46.556+0000][81.148s][info ][safepoint   ] Safepoint "Cleanup", Time since last: 1000219289 ns, Reaching safepoint: 309013 ns, Cleanup: 9701 ns, At safepoint: 41202 ns, Total: 359916 ns
[2026-02-05T19:42:46.678+0000][81.270s][debug][safepoint   ] Safepoint synchronization initiated using futex wait barrier. (410 threads)
[2026-02-05T19:42:46.679+0000][81.270s][info ][gc,start    ] GC(74) Pause Young (Mixed) (G1 Evacuation Pause)
[2026-02-05T19:42:46.679+0000][81.270s][info ][gc,task     ] GC(74) Using 10 workers of 10 for evacuation
[2026-02-05T19:42:46.690+0000][81.281s][info ][gc,phases   ] GC(74)   Pre Evacuate Collection Set: 0.3ms
[2026-02-05T19:42:46.690+0000][81.281s][info ][gc,phases   ] GC(74)   Merge Heap Roots: 0.2ms
[2026-02-05T19:42:46.690+0000][81.282s][info ][gc,phases   ] GC(74)   Evacuate Collection Set: 8.7ms
[2026-02-05T19:42:46.691+0000][81.282s][info ][gc,phases   ] GC(74)   Post Evacuate Collection Set: 1.4ms
[2026-02-05T19:42:46.691+0000][81.282s][info ][gc,phases   ] GC(74)   Other: 0.5ms
[2026-02-05T19:42:46.691+0000][81.282s][info ][gc,heap     ] GC(74) Eden regions: 7->0(103)
[2026-02-05T19:42:46.691+0000][81.283s][info ][gc,heap     ] GC(74) Survivor regions: 4->1(2)
[2026-02-05T19:42:46.691+0000][81.283s][info ][gc,heap     ] GC(74) Old regions: 87->88
[2026-02-05T19:42:46.692+0000][81.283s][info ][gc,heap     ] GC(74) Archive regions: 2->2
[2026-02-05T19:42:46.692+0000][81.283s][info ][gc,heap     ] GC(74) Humongous regions: 0->0
[2026-02-05T19:42:46.692+0000][81.283s][info ][gc,metaspace] GC(74) Metaspace: 193597K(196160K)->193597K(196160K) NonClass: 169811K(171136K)->169811K(171136K) Class: 23785K(25024K)->23785K(25024K)
[2026-02-05T19:42:46.692+0000][81.284s][info ][gc          ] GC(74) Pause Young (Mixed) (G1 Evacuation Pause) 195M->178M(448M) 13.600ms
[2026-02-05T19:42:46.693+0000][81.284s][info ][gc,cpu      ] GC(74) User=0.06s Sys=0.01s Real=0.02s
[2026-02-05T19:42:46.693+0000][81.284s][info ][safepoint   ] Safepoint "G1CollectForAllocation", Time since last: 121854547 ns, Reaching safepoint: 351915 ns, Cleanup: 14701 ns, At safepoint: 14341329 ns, Total: 14707945 ns
[2026-02-05T19:42:47.691+0000][82.285s][debug][safepoint   ] Safepoint synchronization initiated using futex wait barrier. (410 threads)
[2026-02-05T19:42:47.692+0000][82.285s][info ][safepoint   ] Safepoint "Cleanup", Time since last: 1000348695 ns, Reaching safepoint: 366916 ns, Cleanup: 35101 ns, At safepoint: 9401 ns, Total: 411418 ns
[2026-02-05T19:42:48.692+0000][83.285s][debug][safepoint   ] Safepoint synchronization initiated using futex wait barrier. (410 threads)
[2026-02-05T19:42:48.692+0000][83.286s][info ][safepoint   ] Safepoint "Cleanup", Time since last: 1000468387 ns, Reaching safepoint: 260611 ns, Cleanup: 9701 ns, At safepoint: 4600 ns, Total: 274912 ns
[2026-02-05T19:42:49.693+0000][84.286s][debug][safepoint   ] Safepoint synchronization initiated using futex wait barrier. (410 threads)
[2026-02-05T19:42:49.693+0000][84.286s][info ][safepoint   ] Safepoint "Cleanup", Time since last: 1000242705 ns, Reaching safepoint: 285112 ns, Cleanup: 13001 ns, At safepoint: 22701 ns, Total: 320814 ns
[2026-02-05T19:42:50.693+0000][85.287s][debug][safepoint   ] Safepoint synchronization initiated using futex wait barrier. (410 threads)
[2026-02-05T19:42:50.694+0000][85.287s][info ][safepoint   ] Safepoint "Cleanup", Time since last: 1000413613 ns, Reaching safepoint: 274911 ns, Cleanup: 15401 ns, At safepoint: 5700 ns, Total: 296012 ns
[2026-02-05T19:42:51.694+0000][86.287s][debug][safepoint   ] Safepoint synchronization initiated using futex wait barrier. (410 threads)
[2026-02-05T19:42:51.694+0000][86.288s][info ][safepoint   ] Safepoint "Cleanup", Time since last: 1000276807 ns, Reaching safepoint: 323113 ns, Cleanup: 12901 ns, At safepoint: 5900 ns, Total: 341914 ns
[2026-02-05T19:42:52.695+0000][87.288s][debug][safepoint   ] Safepoint synchronization initiated using futex wait barrier. (410 threads)
[2026-02-05T19:42:52.695+0000][87.288s][info ][safepoint   ] Safepoint "Cleanup", Time since last: 1000359911 ns, Reaching safepoint: 324313 ns, Cleanup: 13301 ns, At safepoint: 46302 ns, Total: 383916 ns
[2026-02-05T19:42:53.695+0000][88.289s][debug][safepoint   ] Safepoint synchronization initiated using futex wait barrier. (410 threads)
[2026-02-05T19:42:53.696+0000][88.289s][info ][safepoint   ] Safepoint "Cleanup", Time since last: 1000287107 ns, Reaching safepoint: 338114 ns, Cleanup: 11901 ns, At safepoint: 7800 ns, Total: 357815 ns
[2026-02-05T19:42:54.696+0000][89.289s][debug][safepoint   ] Safepoint synchronization initiated using futex wait barrier. (410 threads)
[2026-02-05T19:42:54.696+0000][89.290s][info ][safepoint   ] Safepoint "Cleanup", Time since last: 1000308909 ns, Reaching safepoint: 263211 ns, Cleanup: 11800 ns, At safepoint: 4600 ns, Total: 279611 ns
[2026-02-05T19:42:55.697+0000][90.290s][debug][safepoint   ] Safepoint synchronization initiated using futex wait barrier. (410 threads)
[2026-02-05T19:42:55.697+0000][90.290s][info ][safepoint   ] Safepoint "Cleanup", Time since last: 1000261407 ns, Reaching safepoint: 398616 ns, Cleanup: 15801 ns, At safepoint: 41402 ns, Total: 455819 ns
[2026-02-05T19:42:56.697+0000][91.291s][debug][safepoint   ] Safepoint synchronization initiated using futex wait barrier. (410 threads)
[2026-02-05T19:42:56.698+0000][91.291s][info ][safepoint   ] Safepoint "Cleanup", Time since last: 1000312485 ns, Reaching safepoint: 359222 ns, Cleanup: 14401 ns, At safepoint: 5700 ns, Total: 379323 ns
[2026-02-05T19:42:57.698+0000][92.291s][debug][safepoint   ] Safepoint synchronization initiated using futex wait barrier. (410 threads)
[2026-02-05T19:42:57.698+0000][92.292s][info ][safepoint   ] Safepoint "Cleanup", Time since last: 1000252234 ns, Reaching safepoint: 265916 ns, Cleanup: 10401 ns, At safepoint: 5200 ns, Total: 281517 ns
[2026-02-05T19:42:59.699+0000][94.292s][debug][safepoint   ] Safepoint synchronization initiated using futex wait barrier. (410 threads)
[2026-02-05T19:42:59.699+0000][94.292s][info ][safepoint   ] Safepoint "Cleanup", Time since last: 2000519369 ns, Reaching safepoint: 311719 ns, Cleanup: 13201 ns, At safepoint: 7000 ns, Total: 331920 ns
[2026-02-05T19:43:00.700+0000][95.293s][debug][safepoint   ] Safepoint synchronization initiated using futex wait barrier. (410 threads)
[2026-02-05T19:43:00.700+0000][95.294s][info ][safepoint   ] Safepoint "Cleanup", Time since last: 1000617457 ns, Reaching safepoint: 661140 ns, Cleanup: 34002 ns, At safepoint: 10001 ns, Total: 705143 ns
[2026-02-05T19:43:01.701+0000][96.294s][debug][safepoint   ] Safepoint synchronization initiated using futex wait barrier. (410 threads)
[2026-02-05T19:43:01.701+0000][96.295s][info ][safepoint   ] Safepoint "Cleanup", Time since last: 1000354940 ns, Reaching safepoint: 459928 ns, Cleanup: 18301 ns, At safepoint: 6400 ns, Total: 484629 ns
[2026-02-05T19:43:02.702+0000][97.295s][debug][safepoint   ] Safepoint synchronization initiated using futex wait barrier. (410 threads)
[2026-02-05T19:43:02.702+0000][97.295s][info ][safepoint   ] Safepoint "Cleanup", Time since last: 1000376142 ns, Reaching safepoint: 359122 ns, Cleanup: 9300 ns, At safepoint: 33402 ns, Total: 401824 ns
[2026-02-05T19:43:03.703+0000][98.296s][debug][safepoint   ] Safepoint synchronization initiated using futex wait barrier. (410 threads)
[2026-02-05T19:43:03.703+0000][98.296s][info ][safepoint   ] Safepoint "Cleanup", Time since last: 1000398843 ns, Reaching safepoint: 468929 ns, Cleanup: 10300 ns, At safepoint: 37503 ns, Total: 516732 ns
[2026-02-05T19:43:04.704+0000][99.297s][debug][safepoint   ] Safepoint synchronization initiated using futex wait barrier. (407 threads)
[2026-02-05T19:43:04.704+0000][99.297s][info ][safepoint   ] Safepoint "Cleanup", Time since last: 1000513691 ns, Reaching safepoint: 280715 ns, Cleanup: 48803 ns, At safepoint: 8300 ns, Total: 337818 ns
[2026-02-05T19:43:05.704+0000][100.297s][debug][safepoint   ] Safepoint synchronization initiated using futex wait barrier. (406 threads)
[2026-02-05T19:43:05.704+0000][100.298s][info ][safepoint   ] Safepoint "Cleanup", Time since last: 1000284454 ns, Reaching safepoint: 285915 ns, Cleanup: 15201 ns, At safepoint: 8100 ns, Total: 309216 ns
[2026-02-05T19:43:06.705+0000][101.298s][debug][safepoint   ] Safepoint synchronization initiated using futex wait barrier. (404 threads)
[2026-02-05T19:43:06.705+0000][101.298s][info ][safepoint   ] Safepoint "Cleanup", Time since last: 1000266053 ns, Reaching safepoint: 263314 ns, Cleanup: 19001 ns, At safepoint: 5200 ns, Total: 287515 ns
[2026-02-05T19:43:07.705+0000][102.299s][debug][safepoint   ] Safepoint synchronization initiated using futex wait barrier. (404 threads)
[2026-02-05T19:43:07.706+0000][102.299s][info ][safepoint   ] Safepoint "Cleanup", Time since last: 1000258052 ns, Reaching safepoint: 281716 ns, Cleanup: 18000 ns, At safepoint: 26902 ns, Total: 326618 ns
[2026-02-05T19:43:08.706+0000][103.299s][debug][safepoint   ] Safepoint synchronization initiated using futex wait barrier. (403 threads)
[2026-02-05T19:43:08.706+0000][103.300s][info ][safepoint   ] Safepoint "Cleanup", Time since last: 1000345357 ns, Reaching safepoint: 332217 ns, Cleanup: 19201 ns, At safepoint: 5701 ns, Total: 357119 ns
[2026-02-05T19:43:09.707+0000][104.300s][debug][safepoint   ] Safepoint synchronization initiated using futex wait barrier. (403 threads)
[2026-02-05T19:43:09.707+0000][104.300s][info ][safepoint   ] Safepoint "Cleanup", Time since last: 1000282253 ns, Reaching safepoint: 219712 ns, Cleanup: 14201 ns, At safepoint: 5300 ns, Total: 239213 ns
[2026-02-05T19:43:11.707+0000][106.301s][debug][safepoint   ] Safepoint synchronization initiated using futex wait barrier. (403 threads)
[2026-02-05T19:43:11.708+0000][106.301s][info ][safepoint   ] Safepoint "Cleanup", Time since last: 2000493503 ns, Reaching safepoint: 267214 ns, Cleanup: 10201 ns, At safepoint: 4500 ns, Total: 281915 ns
[2026-02-05T19:43:13.708+0000][108.301s][debug][safepoint   ] Safepoint synchronization initiated using futex wait barrier. (403 threads)
[2026-02-05T19:43:13.708+0000][108.301s][info ][safepoint   ] Safepoint "Cleanup", Time since last: 2000355402 ns, Reaching safepoint: 254011 ns, Cleanup: 9701 ns, At safepoint: 4900 ns, Total: 268612 ns
[2026-02-05T19:43:14.709+0000][109.302s][debug][safepoint   ] Safepoint synchronization initiated using futex wait barrier. (403 threads)
[2026-02-05T19:43:14.709+0000][109.302s][info ][safepoint   ] Safepoint "Cleanup", Time since last: 1000325341 ns, Reaching safepoint: 292213 ns, Cleanup: 18001 ns, At safepoint: 5900 ns, Total: 316114 ns
[2026-02-05T19:43:15.709+0000][110.302s][debug][safepoint   ] Safepoint synchronization initiated using futex wait barrier. (403 threads)
[2026-02-05T19:43:15.709+0000][110.303s][info ][safepoint   ] Safepoint "Cleanup", Time since last: 1000284040 ns, Reaching safepoint: 249511 ns, Cleanup: 13001 ns, At safepoint: 5100 ns, Total: 267612 ns
[2026-02-05T19:43:16.710+0000][111.303s][debug][safepoint   ] Safepoint synchronization initiated using futex wait barrier. (403 threads)
[2026-02-05T19:43:16.710+0000][111.303s][info ][safepoint   ] Safepoint "Cleanup", Time since last: 1000307441 ns, Reaching safepoint: 254711 ns, Cleanup: 9200 ns, At safepoint: 100805 ns, Total: 364716 ns
[2026-02-05T19:43:17.709+0000][112.304s][debug][safepoint   ] Safepoint synchronization initiated using futex wait barrier. (403 threads)
[2026-02-05T19:43:17.710+0000][112.304s][info ][safepoint   ] Safepoint "Cleanup", Time since last: 1000406945 ns, Reaching safepoint: 442719 ns, Cleanup: 17401 ns, At safepoint: 5500 ns, Total: 465620 ns
[2026-02-05T19:43:18.710+0000][113.305s][debug][safepoint   ] Safepoint synchronization initiated using futex wait barrier. (403 threads)
[2026-02-05T19:43:18.710+0000][113.305s][info ][safepoint   ] Safepoint "Cleanup", Time since last: 1000381144 ns, Reaching safepoint: 387018 ns, Cleanup: 10900 ns, At safepoint: 24401 ns, Total: 422319 ns
[2026-02-05T19:43:20.711+0000][115.305s][debug][safepoint   ] Safepoint synchronization initiated using futex wait barrier. (403 threads)
[2026-02-05T19:43:20.711+0000][115.306s][info ][safepoint   ] Safepoint "Cleanup", Time since last: 2000459815 ns, Reaching safepoint: 410317 ns, Cleanup: 33502 ns, At safepoint: 9300 ns, Total: 453119 ns
[2026-02-05T19:43:21.712+0000][116.306s][debug][safepoint   ] Safepoint synchronization initiated using futex wait barrier. (403 threads)
[2026-02-05T19:43:21.712+0000][116.307s][info ][safepoint   ] Safepoint "Cleanup", Time since last: 1000308777 ns, Reaching safepoint: 368216 ns, Cleanup: 15500 ns, At safepoint: 8001 ns, Total: 391717 ns
[2026-02-05T19:43:22.049+0000][116.643s][debug][safepoint   ] Safepoint synchronization initiated using futex wait barrier. (403 threads)
[2026-02-05T19:43:22.049+0000][116.644s][info ][gc,start    ] GC(75) Pause Young (Normal) (G1 Evacuation Pause)
[2026-02-05T19:43:22.050+0000][116.644s][info ][gc,task     ] GC(75) Using 10 workers of 10 for evacuation
[2026-02-05T19:43:22.056+0000][116.650s][info ][gc,phases   ] GC(75)   Pre Evacuate Collection Set: 0.5ms
[2026-02-05T19:43:22.056+0000][116.651s][info ][gc,phases   ] GC(75)   Merge Heap Roots: 0.2ms
[2026-02-05T19:43:22.057+0000][116.651s][info ][gc,phases   ] GC(75)   Evacuate Collection Set: 2.4ms
[2026-02-05T19:43:22.057+0000][116.652s][info ][gc,phases   ] GC(75)   Post Evacuate Collection Set: 2.4ms
[2026-02-05T19:43:22.057+0000][116.652s][info ][gc,phases   ] GC(75)   Other: 0.9ms
[2026-02-05T19:43:22.058+0000][116.652s][info ][gc,heap     ] GC(75) Eden regions: 103->0(104)
[2026-02-05T19:43:22.058+0000][116.653s][info ][gc,heap     ] GC(75) Survivor regions: 1->1(13)
[2026-02-05T19:43:22.058+0000][116.653s][info ][gc,heap     ] GC(75) Old regions: 88->88
[2026-02-05T19:43:22.059+0000][116.653s][info ][gc,heap     ] GC(75) Archive regions: 2->2
[2026-02-05T19:43:22.059+0000][116.653s][info ][gc,heap     ] GC(75) Humongous regions: 0->0
[2026-02-05T19:43:22.059+0000][116.654s][info ][gc,metaspace] GC(75) Metaspace: 193989K(196608K)->193989K(196608K) NonClass: 170178K(171520K)->170178K(171520K) Class: 23810K(25088K)->23810K(25088K)
[2026-02-05T19:43:22.059+0000][116.654s][info ][gc          ] GC(75) Pause Young (Normal) (G1 Evacuation Pause) 384M->178M(448M) 9.989ms
[2026-02-05T19:43:22.060+0000][116.654s][info ][gc,cpu      ] GC(75) User=0.03s Sys=0.00s Real=0.01s
[2026-02-05T19:43:22.060+0000][116.655s][info ][safepoint   ] Safepoint "G1CollectForAllocation", Time since last: 336792169 ns, Reaching safepoint: 427618 ns, Cleanup: 5000 ns, At safepoint: 10808861 ns, Total: 11241479 ns
[2026-02-05T19:43:23.061+0000][117.656s][debug][safepoint   ] Safepoint synchronization initiated using futex wait barrier. (403 threads)
[2026-02-05T19:43:23.062+0000][117.656s][info ][safepoint   ] Safepoint "Cleanup", Time since last: 1001008807 ns, Reaching safepoint: 360616 ns, Cleanup: 9500 ns, At safepoint: 5800 ns, Total: 375916 ns
[2026-02-05T19:43:24.062+0000][118.656s][debug][safepoint   ] Safepoint synchronization initiated using futex wait barrier. (403 threads)
[2026-02-05T19:43:24.062+0000][118.657s][info ][safepoint   ] Safepoint "Cleanup", Time since last: 1000415082 ns, Reaching safepoint: 322214 ns, Cleanup: 13300 ns, At safepoint: 25001 ns, Total: 360515 ns
[2026-02-05T19:43:25.653+0000][120.248s][debug][safepoint   ] Safepoint synchronization initiated using futex wait barrier. (403 threads)
[2026-02-05T19:43:25.654+0000][120.248s][info ][safepoint   ] Safepoint "Cleanup", Time since last: 1591039080 ns, Reaching safepoint: 255111 ns, Cleanup: 47702 ns, At safepoint: 38102 ns, Total: 340915 ns
[2026-02-05T19:43:26.654+0000][121.249s][debug][safepoint   ] Safepoint synchronization initiated using futex wait barrier. (403 threads)
[2026-02-05T19:43:26.655+0000][121.249s][info ][safepoint   ] Safepoint "Cleanup", Time since last: 1000303377 ns, Reaching safepoint: 913139 ns, Cleanup: 20400 ns, At safepoint: 10201 ns, Total: 943740 ns
[2026-02-05T19:43:27.655+0000][122.250s][debug][safepoint   ] Safepoint synchronization initiated using futex wait barrier. (403 threads)
[2026-02-05T19:43:27.656+0000][122.250s][info ][safepoint   ] Safepoint "Cleanup", Time since last: 1000410581 ns, Reaching safepoint: 389417 ns, Cleanup: 16601 ns, At safepoint: 5600 ns, Total: 411618 ns
[2026-02-05T19:43:29.656+0000][124.251s][debug][safepoint   ] Safepoint synchronization initiated using futex wait barrier. (403 threads)
[2026-02-05T19:43:29.657+0000][124.251s][info ][safepoint   ] Safepoint "Cleanup", Time since last: 2000488052 ns, Reaching safepoint: 396717 ns, Cleanup: 16201 ns, At safepoint: 4500 ns, Total: 417418 ns
[2026-02-05T19:43:30.657+0000][125.252s][debug][safepoint   ] Safepoint synchronization initiated using futex wait barrier. (403 threads)
[2026-02-05T19:43:30.658+0000][125.252s][info ][safepoint   ] Safepoint "Cleanup", Time since last: 1000439428 ns, Reaching safepoint: 462221 ns, Cleanup: 20501 ns, At safepoint: 7800 ns, Total: 490522 ns
[2026-02-05T19:43:32.658+0000][127.253s][debug][safepoint   ] Safepoint synchronization initiated using futex wait barrier. (403 threads)
[2026-02-05T19:43:32.659+0000][127.253s][info ][safepoint   ] Safepoint "Cleanup", Time since last: 2000504639 ns, Reaching safepoint: 502623 ns, Cleanup: 13800 ns, At safepoint: 24701 ns, Total: 541124 ns
[2026-02-05T19:43:35.659+0000][130.254s][debug][safepoint   ] Safepoint synchronization initiated using futex wait barrier. (403 threads)
[2026-02-05T19:43:35.660+0000][130.254s][info ][safepoint   ] Safepoint "Cleanup", Time since last: 3000628654 ns, Reaching safepoint: 367616 ns, Cleanup: 16401 ns, At safepoint: 7800 ns, Total: 391817 ns
[2026-02-05T19:43:36.660+0000][131.255s][debug][safepoint   ] Safepoint synchronization initiated using futex wait barrier. (403 threads)
[2026-02-05T19:43:36.660+0000][131.255s][info ][safepoint   ] Safepoint "Cleanup", Time since last: 1000359472 ns, Reaching safepoint: 281812 ns, Cleanup: 15601 ns, At safepoint: 5000 ns, Total: 302413 ns
[2026-02-05T19:43:37.661+0000][132.255s][debug][safepoint   ] Safepoint synchronization initiated using futex wait barrier. (403 threads)
[2026-02-05T19:43:37.661+0000][132.256s][info ][safepoint   ] Safepoint "Cleanup", Time since last: 1000348034 ns, Reaching safepoint: 297313 ns, Cleanup: 10001 ns, At safepoint: 48802 ns, Total: 356116 ns
[2026-02-05T19:43:38.661+0000][133.256s][debug][safepoint   ] Safepoint synchronization initiated using futex wait barrier. (403 threads)
[2026-02-05T19:43:38.662+0000][133.256s][info ][safepoint   ] Safepoint "Cleanup", Time since last: 1000366835 ns, Reaching safepoint: 389517 ns, Cleanup: 17801 ns, At safepoint: 5100 ns, Total: 412418 ns
[2026-02-05T19:43:39.662+0000][134.257s][debug][safepoint   ] Safepoint synchronization initiated using futex wait barrier. (403 threads)
[2026-02-05T19:43:39.662+0000][134.257s][info ][safepoint   ] Safepoint "Cleanup", Time since last: 1000445339 ns, Reaching safepoint: 255111 ns, Cleanup: 16101 ns, At safepoint: 5100 ns, Total: 276312 ns
[2026-02-05T19:43:40.663+0000][135.257s][debug][safepoint   ] Safepoint synchronization initiated using futex wait barrier. (403 threads)
[2026-02-05T19:43:40.671+0000][135.265s][info ][safepoint   ] Safepoint "Cleanup", Time since last: 1000246730 ns, Reaching safepoint: 7844644 ns, Cleanup: 28001 ns, At safepoint: 144907 ns, Total: 8017552 ns
[2026-02-05T19:43:41.813+0000][136.408s][debug][safepoint   ] Safepoint synchronization initiated using futex wait barrier. (403 threads)
[2026-02-05T19:43:41.813+0000][136.408s][info ][safepoint   ] Safepoint "Cleanup", Time since last: 1142310669 ns, Reaching safepoint: 357216 ns, Cleanup: 25701 ns, At safepoint: 5900 ns, Total: 388817 ns
[2026-02-05T19:43:42.814+0000][137.408s][debug][safepoint   ] Safepoint synchronization initiated using futex wait barrier. (402 threads)
[2026-02-05T19:43:42.814+0000][137.409s][info ][safepoint   ] Safepoint "Cleanup", Time since last: 1000336634 ns, Reaching safepoint: 346615 ns, Cleanup: 17801 ns, At safepoint: 4900 ns, Total: 369316 ns
[2026-02-05T19:43:43.814+0000][138.409s][debug][safepoint   ] Safepoint synchronization initiated using futex wait barrier. (402 threads)
[2026-02-05T19:43:43.815+0000][138.409s][info ][safepoint   ] Safepoint "Cleanup", Time since last: 1000264506 ns, Reaching safepoint: 481221 ns, Cleanup: 8500 ns, At safepoint: 4500 ns, Total: 494221 ns
[2026-02-05T19:43:44.815+0000][139.410s][debug][safepoint   ] Safepoint synchronization initiated using futex wait barrier. (402 threads)
[2026-02-05T19:43:44.816+0000][139.410s][info ][safepoint   ] Safepoint "Cleanup", Time since last: 1000279447 ns, Reaching safepoint: 410718 ns, Cleanup: 15401 ns, At safepoint: 27201 ns, Total: 453320 ns
[2026-02-05T19:43:45.816+0000][140.411s][debug][safepoint   ] Safepoint synchronization initiated using futex wait barrier. (402 threads)
[2026-02-05T19:43:45.821+0000][140.415s][info ][safepoint   ] Safepoint "Cleanup", Time since last: 1000414753 ns, Reaching safepoint: 4509091 ns, Cleanup: 22101 ns, At safepoint: 6201 ns, Total: 4537393 ns
[2026-02-05T19:43:46.821+0000][141.415s][debug][safepoint   ] Safepoint synchronization initiated using futex wait barrier. (402 threads)
[2026-02-05T19:43:46.821+0000][141.416s][info ][safepoint   ] Safepoint "Cleanup", Time since last: 1000304748 ns, Reaching safepoint: 249510 ns, Cleanup: 10601 ns, At safepoint: 4500 ns, Total: 264611 ns
[2026-02-05T19:43:47.820+0000][142.416s][debug][safepoint   ] Safepoint synchronization initiated using futex wait barrier. (402 threads)
[2026-02-05T19:43:47.820+0000][142.416s][info ][safepoint   ] Safepoint "Cleanup", Time since last: 1000260046 ns, Reaching safepoint: 284912 ns, Cleanup: 19901 ns, At safepoint: 23801 ns, Total: 328614 ns
[2026-02-05T19:43:48.820+0000][143.417s][debug][safepoint   ] Safepoint synchronization initiated using futex wait barrier. (402 threads)
[2026-02-05T19:43:48.820+0000][143.417s][info ][safepoint   ] Safepoint "Cleanup", Time since last: 1000264146 ns, Reaching safepoint: 249111 ns, Cleanup: 17001 ns, At safepoint: 4200 ns, Total: 270312 ns
[2026-02-05T19:43:49.821+0000][144.417s][debug][safepoint   ] Safepoint synchronization initiated using futex wait barrier. (402 threads)
[2026-02-05T19:43:49.821+0000][144.417s][info ][safepoint   ] Safepoint "Cleanup", Time since last: 1000263146 ns, Reaching safepoint: 327614 ns, Cleanup: 21901 ns, At safepoint: 4400 ns, Total: 353915 ns
[2026-02-05T19:43:50.821+0000][145.418s][debug][safepoint   ] Safepoint synchronization initiated using futex wait barrier. (402 threads)
[2026-02-05T19:43:50.822+0000][145.418s][info ][safepoint   ] Safepoint "Cleanup", Time since last: 1000257346 ns, Reaching safepoint: 242911 ns, Cleanup: 14300 ns, At safepoint: 4600 ns, Total: 261811 ns
[2026-02-05T19:43:51.822+0000][146.418s][debug][safepoint   ] Safepoint synchronization initiated using futex wait barrier. (402 threads)
[2026-02-05T19:43:51.822+0000][146.419s][info ][safepoint   ] Safepoint "Cleanup", Time since last: 1000411553 ns, Reaching safepoint: 259311 ns, Cleanup: 15300 ns, At safepoint: 4701 ns, Total: 279312 ns
[2026-02-05T19:43:52.823+0000][147.419s][debug][safepoint   ] Safepoint synchronization initiated using futex wait barrier. (402 threads)
[2026-02-05T19:43:52.823+0000][147.420s][info ][safepoint   ] Safepoint "Cleanup", Time since last: 1000256525 ns, Reaching safepoint: 660328 ns, Cleanup: 17001 ns, At safepoint: 34501 ns, Total: 711830 ns
[2026-02-05T19:43:53.825+0000][148.421s][debug][safepoint   ] Safepoint synchronization initiated using futex wait barrier. (402 threads)
[2026-02-05T19:43:53.825+0000][148.422s][info ][safepoint   ] Safepoint "Cleanup", Time since last: 1001274669 ns, Reaching safepoint: 660528 ns, Cleanup: 24301 ns, At safepoint: 47202 ns, Total: 732031 ns
[2026-02-05T19:43:54.826+0000][149.422s][debug][safepoint   ] Safepoint synchronization initiated using futex wait barrier. (402 threads)
[2026-02-05T19:43:54.826+0000][149.422s][info ][safepoint   ] Safepoint "Cleanup", Time since last: 1000482935 ns, Reaching safepoint: 250411 ns, Cleanup: 11800 ns, At safepoint: 21101 ns, Total: 283312 ns
[2026-02-05T19:43:55.827+0000][150.423s][debug][safepoint   ] Safepoint synchronization initiated using futex wait barrier. (402 threads)
[2026-02-05T19:43:55.827+0000][150.423s][info ][safepoint   ] Safepoint "Cleanup", Time since last: 1000457634 ns, Reaching safepoint: 327214 ns, Cleanup: 20501 ns, At safepoint: 5100 ns, Total: 352815 ns
[2026-02-05T19:43:56.827+0000][151.423s][debug][safepoint   ] Safepoint synchronization initiated using futex wait barrier. (402 threads)
[2026-02-05T19:43:56.827+0000][151.424s][info ][safepoint   ] Safepoint "Cleanup", Time since last: 1000255525 ns, Reaching safepoint: 290513 ns, Cleanup: 12100 ns, At safepoint: 8601 ns, Total: 311214 ns
[2026-02-05T19:43:57.828+0000][152.424s][debug][safepoint   ] Safepoint synchronization initiated using futex wait barrier. (402 threads)
[2026-02-05T19:43:57.828+0000][152.425s][info ][safepoint   ] Safepoint "Cleanup", Time since last: 1000424532 ns, Reaching safepoint: 497821 ns, Cleanup: 15201 ns, At safepoint: 57202 ns, Total: 570224 ns
[2026-02-05T19:43:58.542+0000][153.139s][debug][safepoint   ] Safepoint synchronization initiated using futex wait barrier. (402 threads)
[2026-02-05T19:43:58.543+0000][153.139s][info ][gc,start    ] GC(76) Pause Young (Normal) (G1 Evacuation Pause)
[2026-02-05T19:43:58.543+0000][153.140s][info ][gc,task     ] GC(76) Using 10 workers of 10 for evacuation
[2026-02-05T19:43:58.548+0000][153.145s][info ][gc,phases   ] GC(76)   Pre Evacuate Collection Set: 0.4ms
[2026-02-05T19:43:58.548+0000][153.145s][info ][gc,phases   ] GC(76)   Merge Heap Roots: 0.2ms
[2026-02-05T19:43:58.549+0000][153.145s][info ][gc,phases   ] GC(76)   Evacuate Collection Set: 2.0ms
[2026-02-05T19:43:58.549+0000][153.145s][info ][gc,phases   ] GC(76)   Post Evacuate Collection Set: 2.0ms
[2026-02-05T19:43:58.549+0000][153.145s][info ][gc,phases   ] GC(76)   Other: 0.7ms
[2026-02-05T19:43:58.549+0000][153.145s][info ][gc,heap     ] GC(76) Eden regions: 104->0(105)
[2026-02-05T19:43:58.549+0000][153.145s][info ][gc,heap     ] GC(76) Survivor regions: 1->1(14)
[2026-02-05T19:43:58.549+0000][153.146s][info ][gc,heap     ] GC(76) Old regions: 88->88
[2026-02-05T19:43:58.549+0000][153.146s][info ][gc,heap     ] GC(76) Archive regions: 2->2
[2026-02-05T19:43:58.549+0000][153.146s][info ][gc,heap     ] GC(76) Humongous regions: 0->0
[2026-02-05T19:43:58.550+0000][153.146s][info ][gc,metaspace] GC(76) Metaspace: 194462K(197056K)->194462K(197056K) NonClass: 170649K(171968K)->170649K(171968K) Class: 23812K(25088K)->23812K(25088K)
[2026-02-05T19:43:58.550+0000][153.146s][info ][gc          ] GC(76) Pause Young (Normal) (G1 Evacuation Pause) 386M->178M(448M) 6.695ms
[2026-02-05T19:43:58.550+0000][153.146s][info ][gc,cpu      ] GC(76) User=0.03s Sys=0.00s Real=0.01s
[2026-02-05T19:43:58.550+0000][153.147s][info ][safepoint   ] Safepoint "G1CollectForAllocation", Time since last: 713908352 ns, Reaching safepoint: 531622 ns, Cleanup: 4901 ns, At safepoint: 7432416 ns, Total: 7968939 ns
[2026-02-05T19:43:59.551+0000][154.147s][debug][safepoint   ] Safepoint synchronization initiated using futex wait barrier. (402 threads)
[2026-02-05T19:43:59.551+0000][154.148s][info ][safepoint   ] Safepoint "Cleanup", Time since last: 1000359429 ns, Reaching safepoint: 411018 ns, Cleanup: 47902 ns, At safepoint: 79503 ns, Total: 538423 ns
[2026-02-05T19:44:00.551+0000][155.148s][debug][safepoint   ] Safepoint synchronization initiated using futex wait barrier. (402 threads)
[2026-02-05T19:44:00.552+0000][155.148s][info ][safepoint   ] Safepoint "Cleanup", Time since last: 1000280986 ns, Reaching safepoint: 351015 ns, Cleanup: 12100 ns, At safepoint: 6301 ns, Total: 369416 ns
[2026-02-05T19:44:01.552+0000][156.148s][debug][safepoint   ] Safepoint synchronization initiated using futex wait barrier. (402 threads)
[2026-02-05T19:44:01.552+0000][156.149s][info ][safepoint   ] Safepoint "Cleanup", Time since last: 1000236905 ns, Reaching safepoint: 241210 ns, Cleanup: 17701 ns, At safepoint: 4700 ns, Total: 263611 ns
[2026-02-05T19:44:02.553+0000][157.149s][debug][safepoint   ] Safepoint synchronization initiated using futex wait barrier. (402 threads)
[2026-02-05T19:44:02.553+0000][157.150s][info ][safepoint   ] Safepoint "Cleanup", Time since last: 1000288307 ns, Reaching safepoint: 483021 ns, Cleanup: 27001 ns, At safepoint: 25501 ns, Total: 535523 ns
[2026-02-05T19:44:03.553+0000][158.150s][debug][safepoint   ] Safepoint synchronization initiated using futex wait barrier. (402 threads)
[2026-02-05T19:44:03.554+0000][158.150s][info ][safepoint   ] Safepoint "Cleanup", Time since last: 1000300908 ns, Reaching safepoint: 290312 ns, Cleanup: 13101 ns, At safepoint: 12400 ns, Total: 315813 ns
[2026-02-05T19:44:04.554+0000][159.151s][debug][safepoint   ] Safepoint synchronization initiated using futex wait barrier. (401 threads)
[2026-02-05T19:44:04.555+0000][159.151s][info ][safepoint   ] Safepoint "Cleanup", Time since last: 1000461015 ns, Reaching safepoint: 241510 ns, Cleanup: 24901 ns, At safepoint: 6801 ns, Total: 273212 ns
[2026-02-05T19:44:05.555+0000][160.151s][debug][safepoint   ] Safepoint synchronization initiated using futex wait barrier. (401 threads)
[2026-02-05T19:44:05.555+0000][160.152s][info ][safepoint   ] Safepoint "Cleanup", Time since last: 1000287707 ns, Reaching safepoint: 289212 ns, Cleanup: 12901 ns, At safepoint: 6700 ns, Total: 308813 ns
[2026-02-05T19:44:06.555+0000][161.152s][debug][safepoint   ] Safepoint synchronization initiated using futex wait barrier. (401 threads)
[2026-02-05T19:44:06.556+0000][161.152s][info ][safepoint   ] Safepoint "Cleanup", Time since last: 1000273307 ns, Reaching safepoint: 215509 ns, Cleanup: 15200 ns, At safepoint: 4501 ns, Total: 235210 ns
[2026-02-05T19:44:07.556+0000][162.152s][debug][safepoint   ] Safepoint synchronization initiated using futex wait barrier. (401 threads)
[2026-02-05T19:44:07.556+0000][162.153s][info ][safepoint   ] Safepoint "Cleanup", Time since last: 1000268306 ns, Reaching safepoint: 303113 ns, Cleanup: 10600 ns, At safepoint: 7801 ns, Total: 321514 ns
[2026-02-05T19:44:08.557+0000][163.153s][debug][safepoint   ] Safepoint synchronization initiated using futex wait barrier. (400 threads)
[2026-02-05T19:44:08.557+0000][163.153s][info ][safepoint   ] Safepoint "Cleanup", Time since last: 1000379411 ns, Reaching safepoint: 304513 ns, Cleanup: 14200 ns, At safepoint: 126406 ns, Total: 445119 ns
[2026-02-05T19:44:09.557+0000][164.154s][debug][safepoint   ] Safepoint synchronization initiated using futex wait barrier. (400 threads)
[2026-02-05T19:44:09.558+0000][164.154s][info ][safepoint   ] Safepoint "Cleanup", Time since last: 1000278407 ns, Reaching safepoint: 197708 ns, Cleanup: 10800 ns, At safepoint: 4401 ns, Total: 212909 ns
[2026-02-05T19:44:10.558+0000][165.154s][debug][safepoint   ] Safepoint synchronization initiated using futex wait barrier. (400 threads)
[2026-02-05T19:44:10.558+0000][165.155s][info ][safepoint   ] Safepoint "Cleanup", Time since last: 1000275106 ns, Reaching safepoint: 299913 ns, Cleanup: 20701 ns, At safepoint: 5100 ns, Total: 325714 ns
[2026-02-05T19:44:11.559+0000][166.155s][debug][safepoint   ] Safepoint synchronization initiated using futex wait barrier. (400 threads)
[2026-02-05T19:44:11.560+0000][166.156s][info ][safepoint   ] Safepoint "Cleanup", Time since last: 1000638922 ns, Reaching safepoint: 614727 ns, Cleanup: 10500 ns, At safepoint: 88704 ns, Total: 713931 ns
[2026-02-05T19:44:12.560+0000][167.156s][debug][safepoint   ] Safepoint synchronization initiated using futex wait barrier. (400 threads)
[2026-02-05T19:44:12.560+0000][167.157s][info ][safepoint   ] Safepoint "Cleanup", Time since last: 1000407712 ns, Reaching safepoint: 542423 ns, Cleanup: 12401 ns, At safepoint: 5600 ns, Total: 560424 ns
[2026-02-05T19:44:13.561+0000][168.157s][debug][safepoint   ] Safepoint synchronization initiated using futex wait barrier. (400 threads)
[2026-02-05T19:44:13.561+0000][168.158s][info ][safepoint   ] Safepoint "Cleanup", Time since last: 1000344810 ns, Reaching safepoint: 362915 ns, Cleanup: 20501 ns, At safepoint: 26501 ns, Total: 409917 ns
[2026-02-05T19:44:14.562+0000][169.158s][debug][safepoint   ] Safepoint synchronization initiated using futex wait barrier. (400 threads)
[2026-02-05T19:44:14.562+0000][169.158s][info ][safepoint   ] Safepoint "Cleanup", Time since last: 1000277707 ns, Reaching safepoint: 252011 ns, Cleanup: 12500 ns, At safepoint: 4200 ns, Total: 268711 ns
[2026-02-05T19:44:15.562+0000][170.158s][debug][safepoint   ] Safepoint synchronization initiated using futex wait barrier. (400 threads)
[2026-02-05T19:44:15.562+0000][170.159s][info ][safepoint   ] Safepoint "Cleanup", Time since last: 1000263307 ns, Reaching safepoint: 380116 ns, Cleanup: 21101 ns, At safepoint: 5300 ns, Total: 406517 ns
[2026-02-05T19:44:16.563+0000][171.159s][debug][safepoint   ] Safepoint synchronization initiated using futex wait barrier. (402 threads)
[2026-02-05T19:44:16.563+0000][171.160s][info ][safepoint   ] Safepoint "Cleanup", Time since last: 1000321128 ns, Reaching safepoint: 406317 ns, Cleanup: 146206 ns, At safepoint: 43202 ns, Total: 595725 ns
[2026-02-05T19:44:17.562+0000][172.160s][debug][safepoint   ] Safepoint synchronization initiated using futex wait barrier. (402 threads)
[2026-02-05T19:44:17.563+0000][172.161s][info ][safepoint   ] Safepoint "Cleanup", Time since last: 1000519467 ns, Reaching safepoint: 472720 ns, Cleanup: 10901 ns, At safepoint: 4900 ns, Total: 488521 ns
[2026-02-05T19:44:18.563+0000][173.161s][debug][safepoint   ] Safepoint synchronization initiated using futex wait barrier. (400 threads)
[2026-02-05T19:44:18.563+0000][173.161s][info ][safepoint   ] Safepoint "Cleanup", Time since last: 1000259057 ns, Reaching safepoint: 259411 ns, Cleanup: 22901 ns, At safepoint: 25901 ns, Total: 308213 ns
[2026-02-05T19:44:19.564+0000][174.162s][debug][safepoint   ] Safepoint synchronization initiated using futex wait barrier. (400 threads)
[2026-02-05T19:44:19.564+0000][174.162s][info ][safepoint   ] Safepoint "Cleanup", Time since last: 1000756079 ns, Reaching safepoint: 264711 ns, Cleanup: 13000 ns, At safepoint: 4701 ns, Total: 282412 ns
[2026-02-05T19:44:20.654+0000][175.252s][debug][safepoint   ] Safepoint synchronization initiated using futex wait barrier. (400 threads)
[2026-02-05T19:44:20.655+0000][175.253s][info ][safepoint   ] Safepoint "Cleanup", Time since last: 1089812749 ns, Reaching safepoint: 359415 ns, Cleanup: 99205 ns, At safepoint: 66602 ns, Total: 525222 ns
[2026-02-05T19:44:21.655+0000][176.253s][debug][safepoint   ] Safepoint synchronization initiated using futex wait barrier. (400 threads)
[2026-02-05T19:44:21.655+0000][176.253s][info ][safepoint   ] Safepoint "Cleanup", Time since last: 1000293459 ns, Reaching safepoint: 301613 ns, Cleanup: 16701 ns, At safepoint: 4800 ns, Total: 323114 ns
[2026-02-05T19:44:22.656+0000][177.254s][debug][safepoint   ] Safepoint synchronization initiated using futex wait barrier. (401 threads)
[2026-02-05T19:44:22.656+0000][177.254s][info ][safepoint   ] Safepoint "Cleanup", Time since last: 1000331660 ns, Reaching safepoint: 479420 ns, Cleanup: 35702 ns, At safepoint: 60602 ns, Total: 575724 ns
[2026-02-05T19:44:23.656+0000][178.255s][debug][safepoint   ] Safepoint synchronization initiated using futex wait barrier. (401 threads)
[2026-02-05T19:44:23.657+0000][178.255s][info ][safepoint   ] Safepoint "Cleanup", Time since last: 1000338461 ns, Reaching safepoint: 291612 ns, Cleanup: 11201 ns, At safepoint: 69503 ns, Total: 372316 ns
[2026-02-05T19:44:24.658+0000][179.256s][debug][safepoint   ] Safepoint synchronization initiated using futex wait barrier. (401 threads)
[2026-02-05T19:44:24.658+0000][179.256s][info ][safepoint   ] Safepoint "Cleanup", Time since last: 1000786138 ns, Reaching safepoint: 330014 ns, Cleanup: 17600 ns, At safepoint: 5801 ns, Total: 353415 ns
[2026-02-05T19:44:25.741+0000][180.339s][debug][safepoint   ] Safepoint synchronization initiated using futex wait barrier. (401 threads)
[2026-02-05T19:44:25.741+0000][180.339s][info ][safepoint   ] Safepoint "Cleanup", Time since last: 1082776296 ns, Reaching safepoint: 311013 ns, Cleanup: 10701 ns, At safepoint: 22300 ns, Total: 344014 ns
[2026-02-05T19:44:26.741+0000][181.340s][debug][safepoint   ] Safepoint synchronization initiated using futex wait barrier. (401 threads)
[2026-02-05T19:44:26.742+0000][181.340s][info ][safepoint   ] Safepoint "Cleanup", Time since last: 1000350280 ns, Reaching safepoint: 300113 ns, Cleanup: 24401 ns, At safepoint: 5200 ns, Total: 329714 ns
[2026-02-05T19:44:27.742+0000][182.340s][debug][safepoint   ] Safepoint synchronization initiated using futex wait barrier. (401 threads)
[2026-02-05T19:44:27.742+0000][182.340s][info ][safepoint   ] Safepoint "Cleanup", Time since last: 1000288277 ns, Reaching safepoint: 257211 ns, Cleanup: 12700 ns, At safepoint: 3901 ns, Total: 273812 ns
[2026-02-05T19:44:29.616+0000][184.214s][debug][safepoint   ] Safepoint synchronization initiated using futex wait barrier. (401 threads)
[2026-02-05T19:44:29.617+0000][184.215s][info ][gc,start    ] GC(77) Pause Young (Normal) (G1 Evacuation Pause)
[2026-02-05T19:44:29.617+0000][184.215s][info ][gc,task     ] GC(77) Using 10 workers of 10 for evacuation
[2026-02-05T19:44:29.622+0000][184.220s][info ][gc,phases   ] GC(77)   Pre Evacuate Collection Set: 0.5ms
[2026-02-05T19:44:29.622+0000][184.220s][info ][gc,phases   ] GC(77)   Merge Heap Roots: 0.2ms
[2026-02-05T19:44:29.622+0000][184.220s][info ][gc,phases   ] GC(77)   Evacuate Collection Set: 2.3ms
[2026-02-05T19:44:29.622+0000][184.221s][info ][gc,phases   ] GC(77)   Post Evacuate Collection Set: 1.3ms
[2026-02-05T19:44:29.623+0000][184.221s][info ][gc,phases   ] GC(77)   Other: 0.7ms
[2026-02-05T19:44:29.623+0000][184.221s][info ][gc,heap     ] GC(77) Eden regions: 105->0(105)
[2026-02-05T19:44:29.623+0000][184.221s][info ][gc,heap     ] GC(77) Survivor regions: 1->2(14)
[2026-02-05T19:44:29.623+0000][184.221s][info ][gc,heap     ] GC(77) Old regions: 88->88
[2026-02-05T19:44:29.623+0000][184.221s][info ][gc,heap     ] GC(77) Archive regions: 2->2
[2026-02-05T19:44:29.624+0000][184.222s][info ][gc,heap     ] GC(77) Humongous regions: 0->0
[2026-02-05T19:44:29.624+0000][184.222s][info ][gc,metaspace] GC(77) Metaspace: 195248K(197888K)->195248K(197888K) NonClass: 171394K(172736K)->171394K(172736K) Class: 23854K(25152K)->23854K(25152K)
[2026-02-05T19:44:29.624+0000][184.222s][info ][gc          ] GC(77) Pause Young (Normal) (G1 Evacuation Pause) 388M->179M(448M) 7.047ms
[2026-02-05T19:44:29.624+0000][184.222s][info ][gc,cpu      ] GC(77) User=0.03s Sys=0.00s Real=0.00s
[2026-02-05T19:44:29.625+0000][184.223s][info ][safepoint   ] Safepoint "G1CollectForAllocation", Time since last: 1874004153 ns, Reaching safepoint: 434119 ns, Cleanup: 67103 ns, At safepoint: 8239651 ns, Total: 8740873 ns
[2026-02-05T19:44:30.627+0000][185.225s][debug][safepoint   ] Safepoint synchronization initiated using futex wait barrier. (401 threads)
[2026-02-05T19:44:30.627+0000][185.225s][info ][safepoint   ] Safepoint "Cleanup", Time since last: 1001587532 ns, Reaching safepoint: 220810 ns, Cleanup: 13700 ns, At safepoint: 24101 ns, Total: 258611 ns
[2026-02-05T19:44:31.627+0000][186.225s][debug][safepoint   ] Safepoint synchronization initiated using futex wait barrier. (401 threads)
[2026-02-05T19:44:31.628+0000][186.226s][info ][safepoint   ] Safepoint "Cleanup", Time since last: 1000270377 ns, Reaching safepoint: 332514 ns, Cleanup: 17101 ns, At safepoint: 25701 ns, Total: 375316 ns
[2026-02-05T19:44:32.628+0000][187.226s][debug][safepoint   ] Safepoint synchronization initiated using futex wait barrier. (401 threads)
[2026-02-05T19:44:32.629+0000][187.227s][info ][safepoint   ] Safepoint "Cleanup", Time since last: 1000421275 ns, Reaching safepoint: 1240653 ns, Cleanup: 22601 ns, At safepoint: 75503 ns, Total: 1338757 ns
[2026-02-05T19:44:33.630+0000][188.228s][debug][safepoint   ] Safepoint synchronization initiated using futex wait barrier. (401 threads)
[2026-02-05T19:44:33.631+0000][188.229s][info ][safepoint   ] Safepoint "Cleanup", Time since last: 1000742747 ns, Reaching safepoint: 541423 ns, Cleanup: 23001 ns, At safepoint: 6500 ns, Total: 570924 ns
[2026-02-05T19:44:34.632+0000][189.230s][debug][safepoint   ] Safepoint synchronization initiated using futex wait barrier. (401 threads)
[2026-02-05T19:44:34.632+0000][189.230s][info ][safepoint   ] Safepoint "Cleanup", Time since last: 1000897353 ns, Reaching safepoint: 327514 ns, Cleanup: 23601 ns, At safepoint: 33201 ns, Total: 384316 ns
[2026-02-05T19:44:35.632+0000][190.230s][debug][safepoint   ] Safepoint synchronization initiated using futex wait barrier. (401 threads)
[2026-02-05T19:44:35.634+0000][190.232s][info ][safepoint   ] Safepoint "Cleanup", Time since last: 1000358930 ns, Reaching safepoint: 1268355 ns, Cleanup: 18800 ns, At safepoint: 13501 ns, Total: 1300656 ns
[2026-02-05T19:44:36.635+0000][191.233s][debug][safepoint   ] Safepoint synchronization initiated using futex wait barrier. (401 threads)
[2026-02-05T19:44:36.636+0000][191.234s][info ][safepoint   ] Safepoint "Cleanup", Time since last: 1001522480 ns, Reaching safepoint: 512322 ns, Cleanup: 37401 ns, At safepoint: 79204 ns, Total: 628927 ns
[2026-02-05T19:44:37.636+0000][192.235s][debug][safepoint   ] Safepoint synchronization initiated using futex wait barrier. (401 threads)
[2026-02-05T19:44:37.637+0000][192.235s][info ][safepoint   ] Safepoint "Cleanup", Time since last: 1000717445 ns, Reaching safepoint: 725531 ns, Cleanup: 19801 ns, At safepoint: 44302 ns, Total: 789634 ns
[2026-02-05T19:44:40.638+0000][195.236s][debug][safepoint   ] Safepoint synchronization initiated using futex wait barrier. (401 threads)
[2026-02-05T19:44:40.638+0000][195.236s][info ][safepoint   ] Safepoint "Cleanup", Time since last: 3000688008 ns, Reaching safepoint: 388917 ns, Cleanup: 14100 ns, At safepoint: 6601 ns, Total: 409618 ns
[2026-02-05T19:44:41.639+0000][196.237s][debug][safepoint   ] Safepoint synchronization initiated using futex wait barrier. (401 threads)
[2026-02-05T19:44:41.644+0000][196.242s][info ][safepoint   ] Safepoint "Cleanup", Time since last: 1000263053 ns, Reaching safepoint: 5225821 ns, Cleanup: 15701 ns, At safepoint: 7500 ns, Total: 5249022 ns
[2026-02-05T19:44:42.644+0000][197.242s][debug][safepoint   ] Safepoint synchronization initiated using futex wait barrier. (400 threads)
[2026-02-05T19:44:42.645+0000][197.243s][info ][safepoint   ] Safepoint "Cleanup", Time since last: 1000349257 ns, Reaching safepoint: 496721 ns, Cleanup: 36102 ns, At safepoint: 65302 ns, Total: 598125 ns
[2026-02-05T19:44:43.645+0000][198.243s][debug][safepoint   ] Safepoint synchronization initiated using futex wait barrier. (400 threads)
[2026-02-05T19:44:43.646+0000][198.244s][info ][safepoint   ] Safepoint "Cleanup", Time since last: 1000402659 ns, Reaching safepoint: 296213 ns, Cleanup: 18201 ns, At safepoint: 5100 ns, Total: 319514 ns
[2026-02-05T19:44:44.647+0000][199.245s][debug][safepoint   ] Safepoint synchronization initiated using futex wait barrier. (400 threads)
[2026-02-05T19:44:44.648+0000][199.246s][info ][safepoint   ] Safepoint "Cleanup", Time since last: 1001354599 ns, Reaching safepoint: 1162950 ns, Cleanup: 16700 ns, At safepoint: 97505 ns, Total: 1277155 ns
[2026-02-05T19:44:45.649+0000][200.247s][debug][safepoint   ] Safepoint synchronization initiated using futex wait barrier. (400 threads)
[2026-02-05T19:44:45.649+0000][200.247s][info ][safepoint   ] Safepoint "Cleanup", Time since last: 1000466761 ns, Reaching safepoint: 357615 ns, Cleanup: 15301 ns, At safepoint: 6000 ns, Total: 378916 ns
[2026-02-05T19:44:47.648+0000][202.248s][debug][safepoint   ] Safepoint synchronization initiated using futex wait barrier. (400 threads)
[2026-02-05T19:44:47.648+0000][202.248s][info ][safepoint   ] Safepoint "Cleanup", Time since last: 2000487304 ns, Reaching safepoint: 289712 ns, Cleanup: 9700 ns, At safepoint: 4701 ns, Total: 304113 ns
[2026-02-05T19:44:48.649+0000][203.248s][debug][safepoint   ] Safepoint synchronization initiated using futex wait barrier. (400 threads)
[2026-02-05T19:44:48.649+0000][203.249s][info ][safepoint   ] Safepoint "Cleanup", Time since last: 1000369381 ns, Reaching safepoint: 275610 ns, Cleanup: 47402 ns, At safepoint: 10200 ns, Total: 333212 ns
[2026-02-05T19:44:49.649+0000][204.249s][debug][safepoint   ] Safepoint synchronization initiated using futex wait barrier. (400 threads)
[2026-02-05T19:44:49.649+0000][204.249s][info ][safepoint   ] Safepoint "Cleanup", Time since last: 1000246585 ns, Reaching safepoint: 278411 ns, Cleanup: 12800 ns, At safepoint: 5000 ns, Total: 296211 ns
[2026-02-05T19:44:50.650+0000][205.249s][debug][safepoint   ] Safepoint synchronization initiated using futex wait barrier. (400 threads)
[2026-02-05T19:44:50.650+0000][205.250s][info ][safepoint   ] Safepoint "Cleanup", Time since last: 1000329488 ns, Reaching safepoint: 264310 ns, Cleanup: 14500 ns, At safepoint: 4701 ns, Total: 283511 ns
[2026-02-05T19:44:51.650+0000][206.250s][debug][safepoint   ] Safepoint synchronization initiated using futex wait barrier. (400 threads)
[2026-02-05T19:44:51.651+0000][206.250s][info ][safepoint   ] Safepoint "Cleanup", Time since last: 1000274086 ns, Reaching safepoint: 248409 ns, Cleanup: 13000 ns, At safepoint: 22201 ns, Total: 283610 ns
[2026-02-05T19:44:52.651+0000][207.251s][debug][safepoint   ] Safepoint synchronization initiated using futex wait barrier. (400 threads)
[2026-02-05T19:44:52.652+0000][207.252s][info ][safepoint   ] Safepoint "Cleanup", Time since last: 1000397390 ns, Reaching safepoint: 993236 ns, Cleanup: 14901 ns, At safepoint: 83303 ns, Total: 1091440 ns
[2026-02-05T19:44:53.653+0000][208.253s][debug][safepoint   ] Safepoint synchronization initiated using futex wait barrier. (400 threads)
[2026-02-05T19:44:53.654+0000][208.253s][info ][safepoint   ] Safepoint "Cleanup", Time since last: 1000920309 ns, Reaching safepoint: 412515 ns, Cleanup: 85204 ns, At safepoint: 58802 ns, Total: 556521 ns
[2026-02-05T19:44:54.706+0000][209.306s][debug][safepoint   ] Safepoint synchronization initiated using futex wait barrier. (400 threads)
[2026-02-05T19:44:54.707+0000][209.307s][info ][safepoint   ] Safepoint "Cleanup", Time since last: 1052890900 ns, Reaching safepoint: 475017 ns, Cleanup: 25101 ns, At safepoint: 35601 ns, Total: 535719 ns
[2026-02-05T19:44:55.707+0000][210.307s][debug][safepoint   ] Safepoint synchronization initiated using futex wait barrier. (400 threads)
[2026-02-05T19:44:55.708+0000][210.307s][info ][safepoint   ] Safepoint "Cleanup", Time since last: 1000352989 ns, Reaching safepoint: 272810 ns, Cleanup: 15201 ns, At safepoint: 44501 ns, Total: 332512 ns
[2026-02-05T19:44:56.708+0000][211.308s][debug][safepoint   ] Safepoint synchronization initiated using futex wait barrier. (400 threads)
[2026-02-05T19:44:56.709+0000][211.308s][info ][safepoint   ] Safepoint "Cleanup", Time since last: 1000617952 ns, Reaching safepoint: 374316 ns, Cleanup: 31102 ns, At safepoint: 30201 ns, Total: 435619 ns
[2026-02-05T19:44:57.709+0000][212.309s][debug][safepoint   ] Safepoint synchronization initiated using futex wait barrier. (400 threads)
[2026-02-05T19:44:57.709+0000][212.309s][info ][safepoint   ] Safepoint "Cleanup", Time since last: 1000255433 ns, Reaching safepoint: 354215 ns, Cleanup: 11100 ns, At safepoint: 55903 ns, Total: 421218 ns
[2026-02-05T19:44:58.710+0000][213.310s][debug][safepoint   ] Safepoint synchronization initiated using futex wait barrier. (400 threads)
[2026-02-05T19:44:58.710+0000][213.310s][info ][safepoint   ] Safepoint "Cleanup", Time since last: 1000408839 ns, Reaching safepoint: 302413 ns, Cleanup: 34401 ns, At safepoint: 27702 ns, Total: 364516 ns
[2026-02-05T19:44:59.710+0000][214.310s][debug][safepoint   ] Safepoint synchronization initiated using futex wait barrier. (400 threads)
[2026-02-05T19:44:59.711+0000][214.311s][info ][safepoint   ] Safepoint "Cleanup", Time since last: 1000344036 ns, Reaching safepoint: 386917 ns, Cleanup: 14300 ns, At safepoint: 24601 ns, Total: 425818 ns
[2026-02-05T19:45:00.711+0000][215.311s][debug][safepoint   ] Safepoint synchronization initiated using futex wait barrier. (400 threads)
[2026-02-05T19:45:00.712+0000][215.311s][info ][safepoint   ] Safepoint "Cleanup", Time since last: 1000509944 ns, Reaching safepoint: 248311 ns, Cleanup: 10300 ns, At safepoint: 4100 ns, Total: 262711 ns
[2026-02-05T19:45:01.712+0000][216.312s][debug][safepoint   ] Safepoint synchronization initiated using futex wait barrier. (400 threads)
[2026-02-05T19:45:01.712+0000][216.312s][info ][safepoint   ] Safepoint "Cleanup", Time since last: 1000235232 ns, Reaching safepoint: 281312 ns, Cleanup: 19201 ns, At safepoint: 8800 ns, Total: 309313 ns
[2026-02-05T19:45:02.713+0000][217.312s][debug][safepoint   ] Safepoint synchronization initiated using futex wait barrier. (400 threads)
[2026-02-05T19:45:02.713+0000][217.313s][info ][safepoint   ] Safepoint "Cleanup", Time since last: 1000288934 ns, Reaching safepoint: 357516 ns, Cleanup: 35401 ns, At safepoint: 6000 ns, Total: 398917 ns
[2026-02-05T19:45:03.713+0000][218.313s][debug][safepoint   ] Safepoint synchronization initiated using futex wait barrier. (400 threads)
[2026-02-05T19:45:03.714+0000][218.313s][info ][safepoint   ] Safepoint "Cleanup", Time since last: 1000314936 ns, Reaching safepoint: 331114 ns, Cleanup: 26701 ns, At safepoint: 7600 ns, Total: 365415 ns
[2026-02-05T19:45:04.714+0000][219.314s][debug][safepoint   ] Safepoint synchronization initiated using futex wait barrier. (399 threads)
[2026-02-05T19:45:04.714+0000][219.314s][info ][safepoint   ] Safepoint "Cleanup", Time since last: 1000422259 ns, Reaching safepoint: 317014 ns, Cleanup: 26001 ns, At safepoint: 77603 ns, Total: 420618 ns
[2026-02-05T19:45:04.786+0000][219.385s][debug][safepoint   ] Safepoint synchronization initiated using futex wait barrier. (399 threads)
[2026-02-05T19:45:04.786+0000][219.386s][info ][gc,start    ] GC(78) Pause Young (Normal) (G1 Evacuation Pause)
[2026-02-05T19:45:04.786+0000][219.386s][info ][gc,task     ] GC(78) Using 10 workers of 10 for evacuation
[2026-02-05T19:45:04.792+0000][219.392s][info ][gc,phases   ] GC(78)   Pre Evacuate Collection Set: 0.4ms
[2026-02-05T19:45:04.792+0000][219.392s][info ][gc,phases   ] GC(78)   Merge Heap Roots: 0.2ms
[2026-02-05T19:45:04.793+0000][219.392s][info ][gc,phases   ] GC(78)   Evacuate Collection Set: 2.8ms
[2026-02-05T19:45:04.793+0000][219.392s][info ][gc,phases   ] GC(78)   Post Evacuate Collection Set: 2.1ms
[2026-02-05T19:45:04.793+0000][219.393s][info ][gc,phases   ] GC(78)   Other: 0.7ms
[2026-02-05T19:45:04.793+0000][219.393s][info ][gc,heap     ] GC(78) Eden regions: 105->0(105)
[2026-02-05T19:45:04.793+0000][219.393s][info ][gc,heap     ] GC(78) Survivor regions: 2->2(14)
[2026-02-05T19:45:04.793+0000][219.393s][info ][gc,heap     ] GC(78) Old regions: 88->88
[2026-02-05T19:45:04.794+0000][219.393s][info ][gc,heap     ] GC(78) Archive regions: 2->2
[2026-02-05T19:45:04.794+0000][219.393s][info ][gc,heap     ] GC(78) Humongous regions: 0->0
[2026-02-05T19:45:04.794+0000][219.394s][info ][gc,metaspace] GC(78) Metaspace: 195669K(198336K)->195669K(198336K) NonClass: 171810K(173184K)->171810K(173184K) Class: 23858K(25152K)->23858K(25152K)
[2026-02-05T19:45:04.794+0000][219.394s][info ][gc          ] GC(78) Pause Young (Normal) (G1 Evacuation Pause) 389M->179M(448M) 8.057ms
[2026-02-05T19:45:04.794+0000][219.394s][info ][gc,cpu      ] GC(78) User=0.04s Sys=0.00s Real=0.01s
[2026-02-05T19:45:04.795+0000][219.395s][info ][safepoint   ] Safepoint "G1CollectForAllocation", Time since last: 71246684 ns, Reaching safepoint: 268012 ns, Cleanup: 4300 ns, At safepoint: 8978789 ns, Total: 9251101 ns
[2026-02-05T19:45:05.795+0000][220.395s][debug][safepoint   ] Safepoint synchronization initiated using futex wait barrier. (399 threads)
[2026-02-05T19:45:05.796+0000][220.395s][info ][safepoint   ] Safepoint "Cleanup", Time since last: 1000307703 ns, Reaching safepoint: 311413 ns, Cleanup: 37802 ns, At safepoint: 29201 ns, Total: 378416 ns
[2026-02-05T19:45:06.796+0000][221.396s][debug][safepoint   ] Safepoint synchronization initiated using futex wait barrier. (399 threads)
[2026-02-05T19:45:06.796+0000][221.396s][info ][safepoint   ] Safepoint "Cleanup", Time since last: 1000257901 ns, Reaching safepoint: 300113 ns, Cleanup: 41402 ns, At safepoint: 5000 ns, Total: 346515 ns
[2026-02-05T19:45:07.797+0000][222.396s][debug][safepoint   ] Safepoint synchronization initiated using futex wait barrier. (398 threads)
[2026-02-05T19:45:07.797+0000][222.397s][info ][safepoint   ] Safepoint "Cleanup", Time since last: 1000338204 ns, Reaching safepoint: 348715 ns, Cleanup: 11501 ns, At safepoint: 6100 ns, Total: 366316 ns
[2026-02-05T19:45:08.797+0000][223.397s][debug][safepoint   ] Safepoint synchronization initiated using futex wait barrier. (398 threads)
[2026-02-05T19:45:08.798+0000][223.397s][info ][safepoint   ] Safepoint "Cleanup", Time since last: 1000339304 ns, Reaching safepoint: 233111 ns, Cleanup: 14100 ns, At safepoint: 6300 ns, Total: 253511 ns
[2026-02-05T19:45:09.798+0000][224.398s][debug][safepoint   ] Safepoint synchronization initiated using futex wait barrier. (398 threads)
[2026-02-05T19:45:09.798+0000][224.398s][info ][safepoint   ] Safepoint "Cleanup", Time since last: 1000313104 ns, Reaching safepoint: 272011 ns, Cleanup: 14401 ns, At safepoint: 22101 ns, Total: 308513 ns
[2026-02-05T19:45:10.798+0000][225.398s][debug][safepoint   ] Safepoint synchronization initiated using futex wait barrier. (398 threads)
[2026-02-05T19:45:10.799+0000][225.398s][info ][safepoint   ] Safepoint "Cleanup", Time since last: 1000253001 ns, Reaching safepoint: 309113 ns, Cleanup: 23501 ns, At safepoint: 6400 ns, Total: 339014 ns
[2026-02-05T19:45:11.799+0000][226.399s][debug][safepoint   ] Safepoint synchronization initiated using futex wait barrier. (398 threads)
[2026-02-05T19:45:11.799+0000][226.399s][info ][safepoint   ] Safepoint "Cleanup", Time since last: 1000264401 ns, Reaching safepoint: 347315 ns, Cleanup: 14501 ns, At safepoint: 25301 ns, Total: 387117 ns
[2026-02-05T19:45:12.800+0000][227.399s][debug][safepoint   ] Safepoint synchronization initiated using futex wait barrier. (399 threads)
[2026-02-05T19:45:12.801+0000][227.400s][info ][safepoint   ] Safepoint "Cleanup", Time since last: 1000274540 ns, Reaching safepoint: 1032642 ns, Cleanup: 22801 ns, At safepoint: 37802 ns, Total: 1093245 ns
[2026-02-05T19:45:13.802+0000][228.402s][debug][safepoint   ] Safepoint synchronization initiated using futex wait barrier. (399 threads)
[2026-02-05T19:45:13.802+0000][228.402s][info ][safepoint   ] Safepoint "Cleanup", Time since last: 1001245668 ns, Reaching safepoint: 358014 ns, Cleanup: 17701 ns, At safepoint: 5500 ns, Total: 381215 ns
[2026-02-05T19:45:14.803+0000][229.402s][debug][safepoint   ] Safepoint synchronization initiated using futex wait barrier. (399 threads)
[2026-02-05T19:45:14.803+0000][229.403s][info ][safepoint   ] Safepoint "Cleanup", Time since last: 1000300730 ns, Reaching safepoint: 322013 ns, Cleanup: 41302 ns, At safepoint: 8400 ns, Total: 371715 ns
[2026-02-05T19:45:15.803+0000][230.403s][debug][safepoint   ] Safepoint synchronization initiated using futex wait barrier. (399 threads)
[2026-02-05T19:45:15.804+0000][230.404s][info ][safepoint   ] Safepoint "Cleanup", Time since last: 1000426935 ns, Reaching safepoint: 253110 ns, Cleanup: 13901 ns, At safepoint: 23701 ns, Total: 290712 ns
[2026-02-05T19:45:16.804+0000][231.404s][debug][safepoint   ] Safepoint synchronization initiated using futex wait barrier. (399 threads)
[2026-02-05T19:45:16.804+0000][231.404s][info ][safepoint   ] Safepoint "Cleanup", Time since last: 1000263728 ns, Reaching safepoint: 336414 ns, Cleanup: 20901 ns, At safepoint: 6200 ns, Total: 363515 ns
[2026-02-05T19:45:17.803+0000][232.404s][debug][safepoint   ] Safepoint synchronization initiated using futex wait barrier. (399 threads)
[2026-02-05T19:45:17.804+0000][232.405s][info ][safepoint   ] Safepoint "Cleanup", Time since last: 1000289429 ns, Reaching safepoint: 437018 ns, Cleanup: 17000 ns, At safepoint: 53302 ns, Total: 507320 ns
[2026-02-05T19:45:18.804+0000][233.405s][debug][safepoint   ] Safepoint synchronization initiated using futex wait barrier. (399 threads)
[2026-02-05T19:45:18.804+0000][233.406s][info ][safepoint   ] Safepoint "Cleanup", Time since last: 1000445136 ns, Reaching safepoint: 249510 ns, Cleanup: 10901 ns, At safepoint: 5100 ns, Total: 265511 ns
[2026-02-05T19:45:19.805+0000][234.406s][debug][safepoint   ] Safepoint synchronization initiated using futex wait barrier. (399 threads)
[2026-02-05T19:45:19.805+0000][234.406s][info ][safepoint   ] Safepoint "Cleanup", Time since last: 1000219426 ns, Reaching safepoint: 251211 ns, Cleanup: 11500 ns, At safepoint: 5100 ns, Total: 267811 ns
[2026-02-05T19:45:20.805+0000][235.406s][debug][safepoint   ] Safepoint synchronization initiated using futex wait barrier. (399 threads)
[2026-02-05T19:45:20.806+0000][235.407s][info ][safepoint   ] Safepoint "Cleanup", Time since last: 1000256266 ns, Reaching safepoint: 413317 ns, Cleanup: 37702 ns, At safepoint: 11800 ns, Total: 462819 ns
[2026-02-05T19:45:21.806+0000][236.407s][debug][safepoint   ] Safepoint synchronization initiated using futex wait barrier. (399 threads)
[2026-02-05T19:45:21.806+0000][236.407s][info ][safepoint   ] Safepoint "Cleanup", Time since last: 1000368028 ns, Reaching safepoint: 250811 ns, Cleanup: 14300 ns, At safepoint: 4500 ns, Total: 269611 ns
[2026-02-05T19:45:22.806+0000][237.408s][debug][safepoint   ] Safepoint synchronization initiated using futex wait barrier. (399 threads)
[2026-02-05T19:45:22.807+0000][237.408s][info ][safepoint   ] Safepoint "Cleanup", Time since last: 1000237123 ns, Reaching safepoint: 292512 ns, Cleanup: 11801 ns, At safepoint: 4500 ns, Total: 308813 ns
[2026-02-05T19:45:23.807+0000][238.408s][debug][safepoint   ] Safepoint synchronization initiated using futex wait barrier. (399 threads)
[2026-02-05T19:45:23.808+0000][238.409s][info ][safepoint   ] Safepoint "Cleanup", Time since last: 1000402229 ns, Reaching safepoint: 412617 ns, Cleanup: 12901 ns, At safepoint: 6400 ns, Total: 431918 ns
[2026-02-05T19:45:24.808+0000][239.409s][debug][safepoint   ] Safepoint synchronization initiated using futex wait barrier. (399 threads)
[2026-02-05T19:45:24.808+0000][239.410s][info ][safepoint   ] Safepoint "Cleanup", Time since last: 1000353628 ns, Reaching safepoint: 435918 ns, Cleanup: 9800 ns, At safepoint: 4500 ns, Total: 450218 ns
[2026-02-05T19:45:25.809+0000][240.410s][debug][safepoint   ] Safepoint synchronization initiated using futex wait barrier. (399 threads)
[2026-02-05T19:45:25.809+0000][240.411s][info ][safepoint   ] Safepoint "Cleanup", Time since last: 1000272124 ns, Reaching safepoint: 623626 ns, Cleanup: 27601 ns, At safepoint: 42402 ns, Total: 693629 ns
[2026-02-05T19:45:26.831+0000][241.432s][debug][safepoint   ] Safepoint synchronization initiated using futex wait barrier. (399 threads)
[2026-02-05T19:45:26.832+0000][241.433s][info ][safepoint   ] Safepoint "Cleanup", Time since last: 1021803924 ns, Reaching safepoint: 549323 ns, Cleanup: 43202 ns, At safepoint: 130106 ns, Total: 722631 ns
[2026-02-05T19:45:27.833+0000][242.434s][debug][safepoint   ] Safepoint synchronization initiated using futex wait barrier. (399 threads)
[2026-02-05T19:45:27.834+0000][242.435s][info ][safepoint   ] Safepoint "Cleanup", Time since last: 1001078657 ns, Reaching safepoint: 782933 ns, Cleanup: 26601 ns, At safepoint: 26601 ns, Total: 836135 ns
[2026-02-05T19:45:28.834+0000][243.435s][debug][safepoint   ] Safepoint synchronization initiated using futex wait barrier. (399 threads)
[2026-02-05T19:45:28.834+0000][243.436s][info ][safepoint   ] Safepoint "Cleanup", Time since last: 1000331284 ns, Reaching safepoint: 290712 ns, Cleanup: 18201 ns, At safepoint: 5100 ns, Total: 314013 ns
[2026-02-05T19:45:29.835+0000][244.436s][debug][safepoint   ] Safepoint synchronization initiated using futex wait barrier. (399 threads)
[2026-02-05T19:45:29.836+0000][244.437s][info ][safepoint   ] Safepoint "Cleanup", Time since last: 1000416114 ns, Reaching safepoint: 1047944 ns, Cleanup: 15500 ns, At safepoint: 18901 ns, Total: 1082345 ns
[2026-02-05T19:45:31.837+0000][246.438s][debug][safepoint   ] Safepoint synchronization initiated using futex wait barrier. (399 threads)
[2026-02-05T19:45:31.837+0000][246.438s][info ][safepoint   ] Safepoint "Cleanup", Time since last: 2000803127 ns, Reaching safepoint: 249910 ns, Cleanup: 10301 ns, At safepoint: 4500 ns, Total: 264711 ns
[2026-02-05T19:45:32.837+0000][247.439s][debug][safepoint   ] Safepoint synchronization initiated using futex wait barrier. (399 threads)
[2026-02-05T19:45:32.838+0000][247.439s][info ][safepoint   ] Safepoint "Cleanup", Time since last: 1000268007 ns, Reaching safepoint: 361316 ns, Cleanup: 16900 ns, At safepoint: 7101 ns, Total: 385317 ns
[2026-02-05T19:45:33.838+0000][248.439s][debug][safepoint   ] Safepoint synchronization initiated using futex wait barrier. (399 threads)
[2026-02-05T19:45:33.838+0000][248.440s][info ][safepoint   ] Safepoint "Cleanup", Time since last: 1000336510 ns, Reaching safepoint: 321013 ns, Cleanup: 28202 ns, At safepoint: 10100 ns, Total: 359315 ns
[2026-02-05T19:45:34.839+0000][249.440s][debug][safepoint   ] Safepoint synchronization initiated using futex wait barrier. (399 threads)
[2026-02-05T19:45:34.839+0000][249.440s][info ][safepoint   ] Safepoint "Cleanup", Time since last: 1000388513 ns, Reaching safepoint: 237110 ns, Cleanup: 13800 ns, At safepoint: 4800 ns, Total: 255710 ns
[2026-02-05T19:45:35.839+0000][250.441s][debug][safepoint   ] Safepoint synchronization initiated using futex wait barrier. (399 threads)
[2026-02-05T19:45:35.840+0000][250.441s][info ][safepoint   ] Safepoint "Cleanup", Time since last: 1000333211 ns, Reaching safepoint: 520222 ns, Cleanup: 15900 ns, At safepoint: 35002 ns, Total: 571124 ns
[2026-02-05T19:45:36.840+0000][251.442s][debug][safepoint   ] Safepoint synchronization initiated using futex wait barrier. (399 threads)
[2026-02-05T19:45:36.841+0000][251.442s][info ][safepoint   ] Safepoint "Cleanup", Time since last: 1000421447 ns, Reaching safepoint: 281712 ns, Cleanup: 17001 ns, At safepoint: 5400 ns, Total: 304113 ns
[2026-02-05T19:45:37.841+0000][252.442s][debug][safepoint   ] Safepoint synchronization initiated using futex wait barrier. (399 threads)
[2026-02-05T19:45:37.841+0000][252.443s][info ][safepoint   ] Safepoint "Cleanup", Time since last: 1000485063 ns, Reaching safepoint: 255811 ns, Cleanup: 10500 ns, At safepoint: 4300 ns, Total: 270611 ns
[2026-02-05T19:45:38.842+0000][253.443s][debug][safepoint   ] Safepoint synchronization initiated using futex wait barrier. (399 threads)
[2026-02-05T19:45:38.842+0000][253.443s][info ][safepoint   ] Safepoint "Cleanup", Time since last: 1000337056 ns, Reaching safepoint: 300613 ns, Cleanup: 11001 ns, At safepoint: 23301 ns, Total: 334915 ns
[2026-02-05T19:45:40.507+0000][255.109s][debug][safepoint   ] Safepoint synchronization initiated using futex wait barrier. (399 threads)
[2026-02-05T19:45:40.508+0000][255.109s][info ][gc,start    ] GC(79) Pause Young (Concurrent Start) (G1 Evacuation Pause)
[2026-02-05T19:45:40.508+0000][255.109s][info ][gc,task     ] GC(79) Using 10 workers of 10 for evacuation
[2026-02-05T19:45:40.515+0000][255.116s][info ][gc,phases   ] GC(79)   Pre Evacuate Collection Set: 0.8ms
[2026-02-05T19:45:40.515+0000][255.116s][info ][gc,phases   ] GC(79)   Merge Heap Roots: 0.2ms
[2026-02-05T19:45:40.515+0000][255.116s][info ][gc,phases   ] GC(79)   Evacuate Collection Set: 3.1ms
[2026-02-05T19:45:40.515+0000][255.116s][info ][gc,phases   ] GC(79)   Post Evacuate Collection Set: 2.1ms
[2026-02-05T19:45:40.515+0000][255.117s][info ][gc,phases   ] GC(79)   Other: 0.7ms
[2026-02-05T19:45:40.516+0000][255.117s][info ][gc,heap     ] GC(79) Eden regions: 105->0(106)
[2026-02-05T19:45:40.516+0000][255.117s][info ][gc,heap     ] GC(79) Survivor regions: 2->2(14)
[2026-02-05T19:45:40.516+0000][255.117s][info ][gc,heap     ] GC(79) Old regions: 88->88
[2026-02-05T19:45:40.516+0000][255.118s][info ][gc,heap     ] GC(79) Archive regions: 2->2
[2026-02-05T19:45:40.517+0000][255.118s][info ][gc,heap     ] GC(79) Humongous regions: 0->0
[2026-02-05T19:45:40.517+0000][255.118s][info ][gc,metaspace] GC(79) Metaspace: 195947K(198592K)->195947K(198592K) NonClass: 172083K(173440K)->172083K(173440K) Class: 23864K(25152K)->23864K(25152K)
[2026-02-05T19:45:40.518+0000][255.119s][info ][gc          ] GC(79) Pause Young (Concurrent Start) (G1 Evacuation Pause) 389M->179M(448M) 9.820ms
[2026-02-05T19:45:40.518+0000][255.119s][info ][gc,cpu      ] GC(79) User=0.03s Sys=0.00s Real=0.01s
[2026-02-05T19:45:40.518+0000][255.119s][info ][gc          ] GC(80) Concurrent Mark Cycle
[2026-02-05T19:45:40.518+0000][255.120s][info ][gc,marking  ] GC(80) Concurrent Clear Claimed Marks
[2026-02-05T19:45:40.518+0000][255.119s][info ][safepoint   ] Safepoint "G1CollectForAllocation", Time since last: 1665172404 ns, Reaching safepoint: 308314 ns, Cleanup: 26001 ns, At safepoint: 10602358 ns, Total: 10936673 ns
[2026-02-05T19:45:40.519+0000][255.120s][info ][gc,marking  ] GC(80) Concurrent Clear Claimed Marks 0.532ms
[2026-02-05T19:45:40.519+0000][255.120s][info ][gc,marking  ] GC(80) Concurrent Scan Root Regions
[2026-02-05T19:45:40.523+0000][255.125s][info ][gc,marking  ] GC(80) Concurrent Scan Root Regions 4.181ms
[2026-02-05T19:45:40.525+0000][255.126s][info ][gc,marking  ] GC(80) Concurrent Mark
[2026-02-05T19:45:40.525+0000][255.127s][info ][gc,marking  ] GC(80) Concurrent Mark From Roots
[2026-02-05T19:45:40.526+0000][255.127s][info ][gc,task     ] GC(80) Using 3 workers of 3 for marking
[2026-02-05T19:45:40.644+0000][255.245s][info ][gc,marking  ] GC(80) Concurrent Mark From Roots 118.222ms
[2026-02-05T19:45:40.644+0000][255.245s][info ][gc,marking  ] GC(80) Concurrent Preclean
[2026-02-05T19:45:40.645+0000][255.246s][info ][gc,marking  ] GC(80) Concurrent Preclean 1.002ms
[2026-02-05T19:45:40.645+0000][255.246s][debug][safepoint   ] Safepoint synchronization initiated using futex wait barrier. (399 threads)
[2026-02-05T19:45:40.645+0000][255.247s][info ][gc,start    ] GC(80) Pause Remark
[2026-02-05T19:45:40.654+0000][255.255s][info ][gc          ] GC(80) Pause Remark 183M->183M(448M) 8.112ms
[2026-02-05T19:45:40.654+0000][255.255s][info ][gc,cpu      ] GC(80) User=0.06s Sys=0.01s Real=0.01s
[2026-02-05T19:45:40.654+0000][255.256s][info ][safepoint   ] Safepoint "G1PauseRemark", Time since last: 126903188 ns, Reaching safepoint: 276212 ns, Cleanup: 14900 ns, At safepoint: 8995989 ns, Total: 9287101 ns
[2026-02-05T19:45:40.656+0000][255.257s][info ][gc,marking  ] GC(80) Concurrent Mark 130.883ms
[2026-02-05T19:45:40.656+0000][255.257s][info ][gc,marking  ] GC(80) Concurrent Rebuild Remembered Sets
[2026-02-05T19:45:40.743+0000][255.344s][info ][gc,marking  ] GC(80) Concurrent Rebuild Remembered Sets 86.643ms
[2026-02-05T19:45:40.746+0000][255.347s][debug][safepoint   ] Safepoint synchronization initiated using futex wait barrier. (399 threads)
[2026-02-05T19:45:40.747+0000][255.348s][info ][gc,start    ] GC(80) Pause Cleanup
[2026-02-05T19:45:40.748+0000][255.349s][info ][gc          ] GC(80) Pause Cleanup 183M->183M(448M) 0.785ms
[2026-02-05T19:45:40.748+0000][255.349s][info ][gc,cpu      ] GC(80) User=0.01s Sys=0.00s Real=0.00s
[2026-02-05T19:45:40.748+0000][255.349s][info ][safepoint   ] Safepoint "G1PauseCleanup", Time since last: 91744768 ns, Reaching safepoint: 513022 ns, Cleanup: 7300 ns, At safepoint: 1508865 ns, Total: 2029187 ns
[2026-02-05T19:45:40.749+0000][255.350s][info ][gc,marking  ] GC(80) Concurrent Cleanup for Next Mark
[2026-02-05T19:45:40.751+0000][255.352s][info ][gc,marking  ] GC(80) Concurrent Cleanup for Next Mark 1.808ms
[2026-02-05T19:45:40.751+0000][255.352s][info ][gc          ] GC(80) Concurrent Mark Cycle 232.935ms
[2026-02-05T19:45:41.749+0000][256.350s][debug][safepoint   ] Safepoint synchronization initiated using futex wait barrier. (399 threads)
[2026-02-05T19:45:41.749+0000][256.350s][info ][safepoint   ] Safepoint "Cleanup", Time since last: 1000512564 ns, Reaching safepoint: 293813 ns, Cleanup: 36501 ns, At safepoint: 9501 ns, Total: 339815 ns
[2026-02-05T19:45:42.749+0000][257.351s][debug][safepoint   ] Safepoint synchronization initiated using futex wait barrier. (398 threads)
[2026-02-05T19:45:42.750+0000][257.351s][info ][safepoint   ] Safepoint "Cleanup", Time since last: 1000325155 ns, Reaching safepoint: 348015 ns, Cleanup: 11701 ns, At safepoint: 18801 ns, Total: 378517 ns
[2026-02-05T19:45:44.750+0000][259.351s][debug][safepoint   ] Safepoint synchronization initiated using futex wait barrier. (398 threads)
[2026-02-05T19:45:44.751+0000][259.352s][info ][safepoint   ] Safepoint "Cleanup", Time since last: 2000393350 ns, Reaching safepoint: 523923 ns, Cleanup: 17701 ns, At safepoint: 105004 ns, Total: 646628 ns
[2026-02-05T19:45:45.751+0000][260.353s][debug][safepoint   ] Safepoint synchronization initiated using futex wait barrier. (398 threads)
[2026-02-05T19:45:45.752+0000][260.353s][info ][safepoint   ] Safepoint "Cleanup", Time since last: 1000497527 ns, Reaching safepoint: 225710 ns, Cleanup: 11200 ns, At safepoint: 4501 ns, Total: 241411 ns
[2026-02-05T19:45:46.752+0000][261.353s][debug][safepoint   ] Safepoint synchronization initiated using futex wait barrier. (398 threads)
[2026-02-05T19:45:46.752+0000][261.353s][info ][safepoint   ] Safepoint "Cleanup", Time since last: 1000239816 ns, Reaching safepoint: 251610 ns, Cleanup: 15601 ns, At safepoint: 5200 ns, Total: 272411 ns
[2026-02-05T19:45:47.751+0000][262.353s][debug][safepoint   ] Safepoint synchronization initiated using futex wait barrier. (398 threads)
[2026-02-05T19:45:47.751+0000][262.354s][info ][safepoint   ] Safepoint "Cleanup", Time since last: 1000226315 ns, Reaching safepoint: 229210 ns, Cleanup: 21001 ns, At safepoint: 7401 ns, Total: 257612 ns
[2026-02-05T19:45:48.751+0000][263.354s][debug][safepoint   ] Safepoint synchronization initiated using futex wait barrier. (398 threads)
[2026-02-05T19:45:48.751+0000][263.354s][info ][safepoint   ] Safepoint "Cleanup", Time since last: 1000274617 ns, Reaching safepoint: 283412 ns, Cleanup: 10901 ns, At safepoint: 4400 ns, Total: 298713 ns
[2026-02-05T19:45:52.752+0000][267.355s][debug][safepoint   ] Safepoint synchronization initiated using futex wait barrier. (398 threads)
[2026-02-05T19:45:52.753+0000][267.355s][info ][safepoint   ] Safepoint "Cleanup", Time since last: 4000731850 ns, Reaching safepoint: 348315 ns, Cleanup: 31101 ns, At safepoint: 9501 ns, Total: 388917 ns
[2026-02-05T19:45:54.753+0000][269.356s][debug][safepoint   ] Safepoint synchronization initiated using futex wait barrier. (398 threads)
[2026-02-05T19:45:54.754+0000][269.356s][info ][safepoint   ] Safepoint "Cleanup", Time since last: 2000479720 ns, Reaching safepoint: 453119 ns, Cleanup: 14101 ns, At safepoint: 28901 ns, Total: 496121 ns
[2026-02-05T19:45:56.276+0000][270.879s][debug][safepoint   ] Safepoint synchronization initiated using futex wait barrier. (398 threads)
[2026-02-05T19:45:56.276+0000][270.879s][info ][safepoint   ] Safepoint "Cleanup", Time since last: 1522451561 ns, Reaching safepoint: 315714 ns, Cleanup: 94704 ns, At safepoint: 25101 ns, Total: 435519 ns
[2026-02-05T19:45:57.277+0000][271.880s][debug][safepoint   ] Safepoint synchronization initiated using futex wait barrier. (398 threads)
[2026-02-05T19:45:57.277+0000][271.880s][info ][safepoint   ] Safepoint "Cleanup", Time since last: 1000324414 ns, Reaching safepoint: 309313 ns, Cleanup: 16000 ns, At safepoint: 4601 ns, Total: 329914 ns
[2026-02-05T19:45:58.277+0000][272.880s][debug][safepoint   ] Safepoint synchronization initiated using futex wait barrier. (398 threads)
[2026-02-05T19:45:58.278+0000][272.881s][info ][safepoint   ] Safepoint "Cleanup", Time since last: 1000269711 ns, Reaching safepoint: 362516 ns, Cleanup: 13900 ns, At safepoint: 28001 ns, Total: 404417 ns
[2026-02-05T19:45:59.278+0000][273.881s][debug][safepoint   ] Safepoint synchronization initiated using futex wait barrier. (398 threads)
[2026-02-05T19:45:59.278+0000][273.881s][info ][safepoint   ] Safepoint "Cleanup", Time since last: 1000422918 ns, Reaching safepoint: 248711 ns, Cleanup: 10201 ns, At safepoint: 4700 ns, Total: 263612 ns
[2026-02-05T19:46:00.279+0000][274.882s][debug][safepoint   ] Safepoint synchronization initiated using futex wait barrier. (398 threads)
[2026-02-05T19:46:00.279+0000][274.882s][info ][safepoint   ] Safepoint "Cleanup", Time since last: 1000264082 ns, Reaching safepoint: 417718 ns, Cleanup: 11201 ns, At safepoint: 7500 ns, Total: 436419 ns
[2026-02-05T19:46:02.280+0000][276.883s][debug][safepoint   ] Safepoint synchronization initiated using futex wait barrier. (398 threads)
[2026-02-05T19:46:02.280+0000][276.883s][info ][safepoint   ] Safepoint "Cleanup", Time since last: 2000556582 ns, Reaching safepoint: 378216 ns, Cleanup: 74504 ns, At safepoint: 10500 ns, Total: 463220 ns
[2026-02-05T19:46:04.281+0000][278.883s][debug][safepoint   ] Safepoint synchronization initiated using futex wait barrier. (398 threads)
[2026-02-05T19:46:04.281+0000][278.884s][info ][safepoint   ] Safepoint "Cleanup", Time since last: 2000422776 ns, Reaching safepoint: 305714 ns, Cleanup: 39001 ns, At safepoint: 10901 ns, Total: 355616 ns
[2026-02-05T19:46:06.282+0000][280.884s][debug][safepoint   ] Safepoint synchronization initiated using futex wait barrier. (398 threads)
[2026-02-05T19:46:06.282+0000][280.885s][info ][safepoint   ] Safepoint "Cleanup", Time since last: 2000661486 ns, Reaching safepoint: 423119 ns, Cleanup: 11700 ns, At safepoint: 27301 ns, Total: 462120 ns
[2026-02-05T19:46:07.282+0000][281.885s][debug][safepoint   ] Safepoint synchronization initiated using futex wait barrier. (398 threads)
[2026-02-05T19:46:07.283+0000][281.886s][info ][safepoint   ] Safepoint "Cleanup", Time since last: 1000401347 ns, Reaching safepoint: 347915 ns, Cleanup: 11500 ns, At safepoint: 4600 ns, Total: 364015 ns
[2026-02-05T19:46:08.283+0000][282.886s][debug][safepoint   ] Safepoint synchronization initiated using futex wait barrier. (397 threads)
[2026-02-05T19:46:08.283+0000][282.886s][info ][safepoint   ] Safepoint "Cleanup", Time since last: 1000256746 ns, Reaching safepoint: 214010 ns, Cleanup: 14800 ns, At safepoint: 5000 ns, Total: 233810 ns
[2026-02-05T19:46:09.284+0000][283.886s][debug][safepoint   ] Safepoint synchronization initiated using futex wait barrier. (397 threads)
[2026-02-05T19:46:09.284+0000][283.887s][info ][safepoint   ] Safepoint "Cleanup", Time since last: 1000263833 ns, Reaching safepoint: 265911 ns, Cleanup: 15601 ns, At safepoint: 5300 ns, Total: 286812 ns
[2026-02-05T19:46:10.709+0000][285.311s][debug][safepoint   ] Safepoint synchronization initiated using futex wait barrier. (397 threads)
[2026-02-05T19:46:10.709+0000][285.312s][info ][safepoint   ] Safepoint "Cleanup", Time since last: 1424662863 ns, Reaching safepoint: 311213 ns, Cleanup: 9101 ns, At safepoint: 71003 ns, Total: 391317 ns
[2026-02-05T19:46:11.709+0000][286.312s][debug][safepoint   ] Safepoint synchronization initiated using futex wait barrier. (397 threads)
[2026-02-05T19:46:11.710+0000][286.313s][info ][safepoint   ] Safepoint "Cleanup", Time since last: 1000348136 ns, Reaching safepoint: 376016 ns, Cleanup: 49002 ns, At safepoint: 15200 ns, Total: 440218 ns
[2026-02-05T19:46:12.710+0000][287.313s][debug][safepoint   ] Safepoint synchronization initiated using futex wait barrier. (397 threads)
[2026-02-05T19:46:12.710+0000][287.313s][info ][safepoint   ] Safepoint "Cleanup", Time since last: 1000351537 ns, Reaching safepoint: 396816 ns, Cleanup: 16601 ns, At safepoint: 4900 ns, Total: 418317 ns
[2026-02-05T19:46:12.919+0000][287.522s][debug][safepoint   ] Safepoint synchronization initiated using futex wait barrier. (397 threads)
[2026-02-05T19:46:12.920+0000][287.523s][info ][gc,start    ] GC(81) Pause Young (Prepare Mixed) (G1 Evacuation Pause)
[2026-02-05T19:46:12.920+0000][287.523s][info ][gc,task     ] GC(81) Using 10 workers of 10 for evacuation
[2026-02-05T19:46:12.927+0000][287.530s][info ][gc,phases   ] GC(81)   Pre Evacuate Collection Set: 0.5ms
[2026-02-05T19:46:12.928+0000][287.531s][info ][gc,phases   ] GC(81)   Merge Heap Roots: 0.3ms
[2026-02-05T19:46:12.928+0000][287.531s][info ][gc,phases   ] GC(81)   Evacuate Collection Set: 3.8ms
[2026-02-05T19:46:12.928+0000][287.531s][info ][gc,phases   ] GC(81)   Post Evacuate Collection Set: 2.0ms
[2026-02-05T19:46:12.929+0000][287.531s][info ][gc,phases   ] GC(81)   Other: 0.8ms
[2026-02-05T19:46:12.929+0000][287.532s][info ][gc,heap     ] GC(81) Eden regions: 106->0(9)
[2026-02-05T19:46:12.929+0000][287.532s][info ][gc,heap     ] GC(81) Survivor regions: 2->2(14)
[2026-02-05T19:46:12.929+0000][287.532s][info ][gc,heap     ] GC(81) Old regions: 88->88
[2026-02-05T19:46:12.929+0000][287.532s][info ][gc,heap     ] GC(81) Archive regions: 2->2
[2026-02-05T19:46:12.930+0000][287.532s][info ][gc,heap     ] GC(81) Humongous regions: 0->0
[2026-02-05T19:46:12.930+0000][287.533s][info ][gc,metaspace] GC(81) Metaspace: 196554K(199168K)->196554K(199168K) NonClass: 172609K(173952K)->172609K(173952K) Class: 23945K(25216K)->23945K(25216K)
[2026-02-05T19:46:12.930+0000][287.533s][info ][gc          ] GC(81) Pause Young (Prepare Mixed) (G1 Evacuation Pause) 391M->180M(448M) 9.951ms
[2026-02-05T19:46:12.930+0000][287.533s][info ][gc,cpu      ] GC(81) User=0.03s Sys=0.01s Real=0.02s
[2026-02-05T19:46:12.931+0000][287.533s][info ][safepoint   ] Safepoint "G1CollectForAllocation", Time since last: 208461606 ns, Reaching safepoint: 912139 ns, Cleanup: 5600 ns, At safepoint: 10743359 ns, Total: 11661098 ns
[2026-02-05T19:46:13.931+0000][288.534s][debug][safepoint   ] Safepoint synchronization initiated using futex wait barrier. (397 threads)
[2026-02-05T19:46:13.931+0000][288.534s][info ][safepoint   ] Safepoint "Cleanup", Time since last: 1000362037 ns, Reaching safepoint: 293612 ns, Cleanup: 15601 ns, At safepoint: 4900 ns, Total: 314113 ns
[2026-02-05T19:46:14.932+0000][289.534s][debug][safepoint   ] Safepoint synchronization initiated using futex wait barrier. (397 threads)
[2026-02-05T19:46:14.932+0000][289.535s][info ][safepoint   ] Safepoint "Cleanup", Time since last: 1000291434 ns, Reaching safepoint: 364715 ns, Cleanup: 12501 ns, At safepoint: 5100 ns, Total: 382316 ns
[2026-02-05T19:46:15.627+0000][290.230s][debug][safepoint   ] Safepoint synchronization initiated using futex wait barrier. (397 threads)
[2026-02-05T19:46:15.627+0000][290.230s][info ][gc,start    ] GC(82) Pause Young (Mixed) (G1 Evacuation Pause)
[2026-02-05T19:46:15.628+0000][290.230s][info ][gc,task     ] GC(82) Using 10 workers of 10 for evacuation
[2026-02-05T19:46:15.638+0000][290.241s][info ][gc,phases   ] GC(82)   Pre Evacuate Collection Set: 0.4ms
[2026-02-05T19:46:15.639+0000][290.242s][info ][gc,phases   ] GC(82)   Merge Heap Roots: 0.4ms
[2026-02-05T19:46:15.639+0000][290.242s][info ][gc,phases   ] GC(82)   Evacuate Collection Set: 7.8ms
[2026-02-05T19:46:15.639+0000][290.242s][info ][gc,phases   ] GC(82)   Post Evacuate Collection Set: 1.6ms
[2026-02-05T19:46:15.640+0000][290.242s][info ][gc,phases   ] GC(82)   Other: 0.7ms
[2026-02-05T19:46:15.640+0000][290.243s][info ][gc,heap     ] GC(82) Eden regions: 9->0(107)
[2026-02-05T19:46:15.640+0000][290.243s][info ][gc,heap     ] GC(82) Survivor regions: 2->2(2)
[2026-02-05T19:46:15.640+0000][290.243s][info ][gc,heap     ] GC(82) Old regions: 88->87
[2026-02-05T19:46:15.641+0000][290.243s][info ][gc,heap     ] GC(82) Archive regions: 2->2
[2026-02-05T19:46:15.641+0000][290.244s][info ][gc,heap     ] GC(82) Humongous regions: 0->0
[2026-02-05T19:46:15.641+0000][290.244s][info ][gc,metaspace] GC(82) Metaspace: 196557K(199168K)->196557K(199168K) NonClass: 172612K(173952K)->172612K(173952K) Class: 23945K(25216K)->23945K(25216K)
[2026-02-05T19:46:15.641+0000][290.244s][info ][gc          ] GC(82) Pause Young (Mixed) (G1 Evacuation Pause) 198M->177M(448M) 13.657ms
[2026-02-05T19:46:15.641+0000][290.244s][info ][gc,cpu      ] GC(82) User=0.08s Sys=0.00s Real=0.02s
[2026-02-05T19:46:15.642+0000][290.245s][info ][safepoint   ] Safepoint "G1CollectForAllocation", Time since last: 694903087 ns, Reaching safepoint: 450519 ns, Cleanup: 9701 ns, At safepoint: 14639925 ns, Total: 15100145 ns
[2026-02-05T19:46:16.642+0000][291.245s][debug][safepoint   ] Safepoint synchronization initiated using futex wait barrier. (398 threads)
[2026-02-05T19:46:16.643+0000][291.246s][info ][safepoint   ] Safepoint "Cleanup", Time since last: 1000337860 ns, Reaching safepoint: 368415 ns, Cleanup: 24801 ns, At safepoint: 21801 ns, Total: 415017 ns
[2026-02-05T19:46:17.641+0000][292.246s][debug][safepoint   ] Safepoint synchronization initiated using futex wait barrier. (397 threads)
[2026-02-05T19:46:17.642+0000][292.246s][info ][safepoint   ] Safepoint "Cleanup", Time since last: 1000345199 ns, Reaching safepoint: 412217 ns, Cleanup: 18000 ns, At safepoint: 35002 ns, Total: 465219 ns
[2026-02-05T19:46:18.687+0000][293.292s][debug][safepoint   ] Safepoint synchronization initiated using futex wait barrier. (397 threads)
[2026-02-05T19:46:18.689+0000][293.294s][info ][safepoint   ] Safepoint "Cleanup", Time since last: 1045398363 ns, Reaching safepoint: 1888278 ns, Cleanup: 49802 ns, At safepoint: 17101 ns, Total: 1955181 ns
[2026-02-05T19:46:19.689+0000][294.294s][debug][safepoint   ] Safepoint synchronization initiated using futex wait barrier. (397 threads)
[2026-02-05T19:46:19.690+0000][294.295s][info ][safepoint   ] Safepoint "Cleanup", Time since last: 1000505705 ns, Reaching safepoint: 358315 ns, Cleanup: 18801 ns, At safepoint: 4900 ns, Total: 382016 ns
[2026-02-05T19:46:20.690+0000][295.295s][debug][safepoint   ] Safepoint synchronization initiated using futex wait barrier. (397 threads)
[2026-02-05T19:46:20.691+0000][295.295s][info ][safepoint   ] Safepoint "Cleanup", Time since last: 1000303997 ns, Reaching safepoint: 459319 ns, Cleanup: 18501 ns, At safepoint: 19101 ns, Total: 496921 ns
[2026-02-05T19:46:21.693+0000][296.298s][debug][safepoint   ] Safepoint synchronization initiated using futex wait barrier. (397 threads)
[2026-02-05T19:46:21.693+0000][296.298s][info ][safepoint   ] Safepoint "Cleanup", Time since last: 1002149573 ns, Reaching safepoint: 205209 ns, Cleanup: 14800 ns, At safepoint: 4901 ns, Total: 224910 ns
[2026-02-05T19:46:22.693+0000][297.298s][debug][safepoint   ] Safepoint synchronization initiated using futex wait barrier. (397 threads)
[2026-02-05T19:46:22.693+0000][297.298s][info ][safepoint   ] Safepoint "Cleanup", Time since last: 1000241194 ns, Reaching safepoint: 261711 ns, Cleanup: 11100 ns, At safepoint: 4800 ns, Total: 277611 ns
[2026-02-05T19:46:23.694+0000][298.299s][debug][safepoint   ] Safepoint synchronization initiated using futex wait barrier. (397 threads)
[2026-02-05T19:46:23.694+0000][298.299s][info ][safepoint   ] Safepoint "Cleanup", Time since last: 1000292197 ns, Reaching safepoint: 430418 ns, Cleanup: 17901 ns, At safepoint: 7000 ns, Total: 455319 ns
[2026-02-05T19:46:24.695+0000][299.300s][debug][safepoint   ] Safepoint synchronization initiated using futex wait barrier. (397 threads)
[2026-02-05T19:46:24.697+0000][299.302s][info ][safepoint   ] Safepoint "Cleanup", Time since last: 1000620515 ns, Reaching safepoint: 2435703 ns, Cleanup: 58803 ns, At safepoint: 36001 ns, Total: 2530507 ns
[2026-02-05T19:46:25.699+0000][300.304s][debug][safepoint   ] Safepoint synchronization initiated using futex wait barrier. (397 threads)
[2026-02-05T19:46:25.699+0000][300.304s][info ][safepoint   ] Safepoint "Cleanup", Time since last: 1001290593 ns, Reaching safepoint: 368116 ns, Cleanup: 15700 ns, At safepoint: 6000 ns, Total: 389816 ns
[2026-02-05T19:46:26.918+0000][301.523s][debug][safepoint   ] Safepoint synchronization initiated using futex wait barrier. (397 threads)
[2026-02-05T19:46:26.918+0000][301.523s][info ][safepoint   ] Safepoint "Cleanup", Time since last: 1218997054 ns, Reaching safepoint: 379716 ns, Cleanup: 15201 ns, At safepoint: 5200 ns, Total: 400117 ns
[2026-02-05T19:46:27.919+0000][302.524s][debug][safepoint   ] Safepoint synchronization initiated using futex wait barrier. (397 threads)
[2026-02-05T19:46:27.919+0000][302.524s][info ][safepoint   ] Safepoint "Cleanup", Time since last: 1000355253 ns, Reaching safepoint: 299713 ns, Cleanup: 12600 ns, At safepoint: 5200 ns, Total: 317513 ns
[2026-02-05T19:46:28.920+0000][303.524s][debug][safepoint   ] Safepoint synchronization initiated using futex wait barrier. (397 threads)
[2026-02-05T19:46:28.920+0000][303.525s][info ][safepoint   ] Safepoint "Cleanup", Time since last: 1000388955 ns, Reaching safepoint: 265311 ns, Cleanup: 14301 ns, At safepoint: 5600 ns, Total: 285212 ns
[2026-02-05T19:46:29.920+0000][304.525s][debug][safepoint   ] Safepoint synchronization initiated using futex wait barrier. (397 threads)
[2026-02-05T19:46:29.920+0000][304.525s][info ][safepoint   ] Safepoint "Cleanup", Time since last: 1000433956 ns, Reaching safepoint: 245210 ns, Cleanup: 19201 ns, At safepoint: 4900 ns, Total: 269311 ns
[2026-02-05T19:46:30.921+0000][305.526s][debug][safepoint   ] Safepoint synchronization initiated using futex wait barrier. (397 threads)
[2026-02-05T19:46:30.921+0000][305.526s][info ][safepoint   ] Safepoint "Cleanup", Time since last: 1000308651 ns, Reaching safepoint: 296613 ns, Cleanup: 14901 ns, At safepoint: 5400 ns, Total: 316914 ns
[2026-02-05T19:46:31.921+0000][306.526s][debug][safepoint   ] Safepoint synchronization initiated using futex wait barrier. (397 threads)
[2026-02-05T19:46:31.922+0000][306.527s][info ][safepoint   ] Safepoint "Cleanup", Time since last: 1000286750 ns, Reaching safepoint: 319413 ns, Cleanup: 13601 ns, At safepoint: 41002 ns, Total: 374016 ns
[2026-02-05T19:46:32.922+0000][307.527s][debug][safepoint   ] Safepoint synchronization initiated using futex wait barrier. (397 threads)
[2026-02-05T19:46:32.923+0000][307.528s][info ][safepoint   ] Safepoint "Cleanup", Time since last: 1000294451 ns, Reaching safepoint: 553524 ns, Cleanup: 16001 ns, At safepoint: 12400 ns, Total: 581925 ns
[2026-02-05T19:46:33.923+0000][308.528s][debug][safepoint   ] Safepoint synchronization initiated using futex wait barrier. (397 threads)
[2026-02-05T19:46:33.924+0000][308.528s][info ][safepoint   ] Safepoint "Cleanup", Time since last: 1000413767 ns, Reaching safepoint: 481820 ns, Cleanup: 14001 ns, At safepoint: 6600 ns, Total: 502421 ns
[2026-02-05T19:46:34.924+0000][309.529s][debug][safepoint   ] Safepoint synchronization initiated using futex wait barrier. (397 threads)
[2026-02-05T19:46:34.924+0000][309.529s][info ][safepoint   ] Safepoint "Cleanup", Time since last: 1000326963 ns, Reaching safepoint: 437418 ns, Cleanup: 18401 ns, At safepoint: 6000 ns, Total: 461819 ns
[2026-02-05T19:46:35.925+0000][310.530s][debug][safepoint   ] Safepoint synchronization initiated using futex wait barrier. (397 threads)
[2026-02-05T19:46:35.925+0000][310.530s][info ][safepoint   ] Safepoint "Cleanup", Time since last: 1000352064 ns, Reaching safepoint: 284912 ns, Cleanup: 16301 ns, At safepoint: 5300 ns, Total: 306513 ns
[2026-02-05T19:46:36.925+0000][311.530s][debug][safepoint   ] Safepoint synchronization initiated using futex wait barrier. (397 threads)
[2026-02-05T19:46:36.926+0000][311.531s][info ][safepoint   ] Safepoint "Cleanup", Time since last: 1000336163 ns, Reaching safepoint: 314514 ns, Cleanup: 15100 ns, At safepoint: 5300 ns, Total: 334914 ns
[2026-02-05T19:46:39.926+0000][314.531s][debug][safepoint   ] Safepoint synchronization initiated using futex wait barrier. (397 threads)
[2026-02-05T19:46:39.926+0000][314.531s][info ][safepoint   ] Safepoint "Cleanup", Time since last: 3000457066 ns, Reaching safepoint: 255811 ns, Cleanup: 10200 ns, At safepoint: 4300 ns, Total: 270311 ns
[2026-02-05T19:46:43.927+0000][318.532s][debug][safepoint   ] Safepoint synchronization initiated using futex wait barrier. (396 threads)
[2026-02-05T19:46:43.927+0000][318.532s][info ][safepoint   ] Safepoint "Cleanup", Time since last: 4000682407 ns, Reaching safepoint: 263911 ns, Cleanup: 9201 ns, At safepoint: 5400 ns, Total: 278512 ns
[2026-02-05T19:46:44.928+0000][319.533s][debug][safepoint   ] Safepoint synchronization initiated using futex wait barrier. (396 threads)
[2026-02-05T19:46:44.928+0000][319.533s][info ][safepoint   ] Safepoint "Cleanup", Time since last: 1000264297 ns, Reaching safepoint: 371816 ns, Cleanup: 13201 ns, At safepoint: 5000 ns, Total: 390017 ns
[2026-02-05T19:46:45.928+0000][320.533s][debug][safepoint   ] Safepoint synchronization initiated using futex wait barrier. (396 threads)
[2026-02-05T19:46:45.929+0000][320.534s][info ][safepoint   ] Safepoint "Cleanup", Time since last: 1000289798 ns, Reaching safepoint: 322814 ns, Cleanup: 18401 ns, At safepoint: 6500 ns, Total: 347715 ns
[2026-02-05T19:46:46.927+0000][321.534s][debug][safepoint   ] Safepoint synchronization initiated using futex wait barrier. (396 threads)
[2026-02-05T19:46:46.927+0000][321.534s][info ][safepoint   ] Safepoint "Cleanup", Time since last: 1000345001 ns, Reaching safepoint: 249710 ns, Cleanup: 11001 ns, At safepoint: 5000 ns, Total: 265711 ns
[2026-02-05T19:46:48.928+0000][323.535s][debug][safepoint   ] Safepoint synchronization initiated using futex wait barrier. (396 threads)
[2026-02-05T19:46:48.928+0000][323.535s][info ][safepoint   ] Safepoint "Cleanup", Time since last: 2000387308 ns, Reaching safepoint: 387613 ns, Cleanup: 13501 ns, At safepoint: 7500 ns, Total: 408614 ns
[2026-02-05T19:46:52.350+0000][326.957s][debug][safepoint   ] Safepoint synchronization initiated using futex wait barrier. (396 threads)
[2026-02-05T19:46:52.351+0000][326.958s][info ][gc,start    ] GC(83) Pause Young (Normal) (G1 Evacuation Pause)
[2026-02-05T19:46:52.351+0000][326.958s][info ][gc,task     ] GC(83) Using 10 workers of 10 for evacuation
[2026-02-05T19:46:52.356+0000][326.963s][info ][gc,phases   ] GC(83)   Pre Evacuate Collection Set: 0.4ms
[2026-02-05T19:46:52.356+0000][326.963s][info ][gc,phases   ] GC(83)   Merge Heap Roots: 0.2ms
[2026-02-05T19:46:52.356+0000][326.963s][info ][gc,phases   ] GC(83)   Evacuate Collection Set: 2.1ms
[2026-02-05T19:46:52.356+0000][326.963s][info ][gc,phases   ] GC(83)   Post Evacuate Collection Set: 1.7ms
[2026-02-05T19:46:52.356+0000][326.963s][info ][gc,phases   ] GC(83)   Other: 0.9ms
[2026-02-05T19:46:52.357+0000][326.964s][info ][gc,heap     ] GC(83) Eden regions: 107->0(108)
[2026-02-05T19:46:52.357+0000][326.964s][info ][gc,heap     ] GC(83) Survivor regions: 2->2(14)
[2026-02-05T19:46:52.357+0000][326.964s][info ][gc,heap     ] GC(83) Old regions: 87->87
[2026-02-05T19:46:52.357+0000][326.964s][info ][gc,heap     ] GC(83) Archive regions: 2->2
[2026-02-05T19:46:52.357+0000][326.964s][info ][gc,heap     ] GC(83) Humongous regions: 0->0
[2026-02-05T19:46:52.357+0000][326.964s][info ][gc,metaspace] GC(83) Metaspace: 196795K(199360K)->196795K(199360K) NonClass: 172850K(174144K)->172850K(174144K) Class: 23945K(25216K)->23945K(25216K)
[2026-02-05T19:46:52.357+0000][326.964s][info ][gc          ] GC(83) Pause Young (Normal) (G1 Evacuation Pause) 391M->177M(448M) 6.707ms
[2026-02-05T19:46:52.358+0000][326.965s][info ][gc,cpu      ] GC(83) User=0.02s Sys=0.01s Real=0.01s
[2026-02-05T19:46:52.358+0000][326.965s][info ][safepoint   ] Safepoint "G1CollectForAllocation", Time since last: 3421922186 ns, Reaching safepoint: 644224 ns, Cleanup: 4400 ns, At safepoint: 7429367 ns, Total: 8077991 ns
[2026-02-05T19:46:53.358+0000][327.965s][debug][safepoint   ] Safepoint synchronization initiated using futex wait barrier. (396 threads)
[2026-02-05T19:46:53.359+0000][327.966s][info ][safepoint   ] Safepoint "Cleanup", Time since last: 1000438386 ns, Reaching safepoint: 278210 ns, Cleanup: 12500 ns, At safepoint: 4500 ns, Total: 295210 ns
